Jan  4 16:51:50 LabSZ sshd[3095]: pam_unix(sshd:auth): authentication failure; logname= uid=0 euid=0 tty=ssh ruser= rhost=218.4.104.194 
Jan  4 16:51:51 LabSZ sshd[3097]: pam_unix(sshd:auth): authentication failure; logname= uid=0 euid=0 tty=ssh ruser= rhost=59.63.188.30  user=root
Jan  4 16:51:52 LabSZ sshd[3095]: Failed password for invalid user web from 218.4.104.194 port 16129 ssh2
Jan  4 16:51:52 LabSZ sshd[3095]: Received disconnect from 218.4.104.194: 11: Bye Bye [preauth]
Jan  4 16:51:53 LabSZ sshd[3099]: Invalid user apache from 218.4.104.194
Jan  4 16:51:53 LabSZ sshd[3099]: input_userauth_request: invalid user apache [preauth]
Jan  4 16:51:53 LabSZ sshd[3099]: pam_unix(sshd:auth): check pass; user unknown
Jan  4 16:51:53 LabSZ sshd[3099]: pam_unix(sshd:auth): authentication failure; logname= uid=0 euid=0 tty=ssh ruser= rhost=218.4.104.194 
Jan  4 16:51:53 LabSZ sshd[3097]: Failed password for root from 59.63.188.30 port 20862 ssh2
Jan  4 16:51:55 LabSZ sshd[3099]: Failed password for invalid user apache from 218.4.104.194 port 16469 ssh2
Jan  4 16:51:55 LabSZ sshd[3099]: Received disconnect from 218.4.104.194: 11: Bye Bye [preauth]
Jan  4 16:51:55 LabSZ sshd[3101]: Invalid user pgsql from 218.4.104.194
Jan  4 16:51:55 LabSZ sshd[3101]: input_userauth_request: invalid user pgsql [preauth]
Jan  4 16:51:55 LabSZ sshd[3101]: pam_unix(sshd:auth): check pass; user unknown
Jan  4 16:51:55 LabSZ sshd[3101]: pam_unix(sshd:auth): authentication failure; logname= uid=0 euid=0 tty=ssh ruser= rhost=218.4.104.194 
Jan  4 16:51:57 LabSZ sshd[3089]: message repeated 5 times: [ Failed password for root from 59.63.188.30 port 11583 ssh2]
Jan  4 16:51:57 LabSZ sshd[3089]: Disconnecting: Too many authentication failures for root [preauth]
Jan  4 16:51:57 LabSZ sshd[3089]: PAM 5 more authentication failures; logname= uid=0 euid=0 tty=ssh ruser= rhost=59.63.188.30  user=root
Jan  4 16:51:57 LabSZ sshd[3089]: PAM service(sshd) ignoring max retries; 6 > 3
Jan  4 16:51:58 LabSZ sshd[3101]: Failed password for invalid user pgsql from 218.4.104.194 port 16851 ssh2
Jan  4 16:51:58 LabSZ sshd[3101]: Received disconnect from 218.4.104.194: 11: Bye Bye [preauth]
Jan  4 16:51:58 LabSZ sshd[3103]: pam_unix(sshd:auth): authentication failure; logname= uid=0 euid=0 tty=ssh ruser= rhost=218.4.104.194  user=mysql
Jan  4 16:51:58 LabSZ sshd[3105]: pam_unix(sshd:auth): authentication failure; logname= uid=0 euid=0 tty=ssh ruser= rhost=59.63.188.30  user=root
Jan  4 16:52:00 LabSZ sshd[3103]: Failed password for mysql from 218.4.104.194 port 17305 ssh2
Jan  4 16:52:00 LabSZ sshd[3103]: Received disconnect from 218.4.104.194: 11: Bye Bye [preauth]
Jan  4 16:52:00 LabSZ sshd[3107]: Invalid user info from 218.4.104.194
Jan  4 16:52:00 LabSZ sshd[3107]: input_userauth_request: invalid user info [preauth]
Jan  4 16:52:00 LabSZ sshd[3107]: pam_unix(sshd:auth): check pass; user unknown
Jan  4 16:52:00 LabSZ sshd[3107]: pam_unix(sshd:auth): authentication failure; logname= uid=0 euid=0 tty=ssh ruser= rhost=218.4.104.194 
Jan  4 16:52:00 LabSZ sshd[3105]: Failed password for root from 59.63.188.30 port 28527 ssh2
Jan  4 16:52:02 LabSZ sshd[3107]: Failed password for invalid user info from 218.4.104.194 port 17639 ssh2
Jan  4 16:52:02 LabSZ sshd[3107]: Received disconnect from 218.4.104.194: 11: Bye Bye [preauth]
Jan  4 16:52:02 LabSZ sshd[3109]: Invalid user tony from 218.4.104.194
Jan  4 16:52:02 LabSZ sshd[3109]: input_userauth_request: invalid user tony [preauth]
Jan  4 16:52:02 LabSZ sshd[3109]: pam_unix(sshd:auth): check pass; user unknown
Jan  4 16:52:02 LabSZ sshd[3109]: pam_unix(sshd:auth): authentication failure; logname= uid=0 euid=0 tty=ssh ruser= rhost=218.4.104.194 
Jan  4 16:52:04 LabSZ sshd[3109]: Failed password for invalid user tony from 218.4.104.194 port 17973 ssh2
Jan  4 16:52:04 LabSZ sshd[3109]: Received disconnect from 218.4.104.194: 11: Bye Bye [preauth]
Jan  4 16:52:04 LabSZ sshd[3097]: message repeated 5 times: [ Failed password for root from 59.63.188.30 port 20862 ssh2]
Jan  4 16:52:04 LabSZ sshd[3097]: Disconnecting: Too many authentication failures for root [preauth]
Jan  4 16:52:04 LabSZ sshd[3097]: PAM 5 more authentication failures; logname= uid=0 euid=0 tty=ssh ruser= rhost=59.63.188.30  user=root
Jan  4 16:52:04 LabSZ sshd[3097]: PAM service(sshd) ignoring max retries; 6 > 3
Jan  4 16:52:05 LabSZ sshd[3111]: Invalid user core from 218.4.104.194
Jan  4 16:52:05 LabSZ sshd[3111]: input_userauth_request: invalid user core [preauth]
Jan  4 16:52:05 LabSZ sshd[3111]: pam_unix(sshd:auth): check pass; user unknown
Jan  4 16:52:05 LabSZ sshd[3111]: pam_unix(sshd:auth): authentication failure; logname= uid=0 euid=0 tty=ssh ruser= rhost=218.4.104.194 
Jan  4 16:52:06 LabSZ sshd[3113]: pam_unix(sshd:auth): authentication failure; logname= uid=0 euid=0 tty=ssh ruser= rhost=59.63.188.30  user=root
Jan  4 16:52:07 LabSZ sshd[3111]: Failed password for invalid user core from 218.4.104.194 port 18299 ssh2
Jan  4 16:52:07 LabSZ sshd[3111]: Received disconnect from 218.4.104.194: 11: Bye Bye [preauth]
Jan  4 16:52:07 LabSZ sshd[3115]: Invalid user newsletter from 218.4.104.194
Jan  4 16:52:07 LabSZ sshd[3115]: input_userauth_request: invalid user newsletter [preauth]
Jan  4 16:52:07 LabSZ sshd[3115]: pam_unix(sshd:auth): check pass; user unknown
Jan  4 16:52:07 LabSZ sshd[3115]: pam_unix(sshd:auth): authentication failure; logname= uid=0 euid=0 tty=ssh ruser= rhost=218.4.104.194 
Jan  4 16:52:08 LabSZ sshd[3113]: Failed password for root from 59.63.188.30 port 38406 ssh2
Jan  4 16:52:09 LabSZ sshd[3115]: Failed password for invalid user newsletter from 218.4.104.194 port 18619 ssh2
Jan  4 16:52:09 LabSZ sshd[3115]: Received disconnect from 218.4.104.194: 11: Bye Bye [preauth]
Jan  4 16:52:09 LabSZ sshd[3117]: Invalid user named from 218.4.104.194
Jan  4 16:52:09 LabSZ sshd[3117]: input_userauth_request: invalid user named [preauth]
Jan  4 16:52:09 LabSZ sshd[3117]: pam_unix(sshd:auth): check pass; user unknown
Jan  4 16:52:09 LabSZ sshd[3117]: pam_unix(sshd:auth): authentication failure; logname= uid=0 euid=0 tty=ssh ruser= rhost=218.4.104.194 
Jan  4 16:52:12 LabSZ sshd[3117]: Failed password for invalid user named from 218.4.104.194 port 18975 ssh2
Jan  4 16:52:12 LabSZ sshd[3117]: Received disconnect from 218.4.104.194: 11: Bye Bye [preauth]
Jan  4 16:52:12 LabSZ sshd[3105]: message repeated 5 times: [ Failed password for root from 59.63.188.30 port 28527 ssh2]
Jan  4 16:52:12 LabSZ sshd[3105]: Disconnecting: Too many authentication failures for root [preauth]
Jan  4 16:52:12 LabSZ sshd[3105]: PAM 5 more authentication failures; logname= uid=0 euid=0 tty=ssh ruser= rhost=59.63.188.30  user=root
Jan  4 16:52:12 LabSZ sshd[3105]: PAM service(sshd) ignoring max retries; 6 > 3
Jan  4 16:52:12 LabSZ sshd[3119]: Invalid user visitor from 218.4.104.194
Jan  4 16:52:12 LabSZ sshd[3119]: input_userauth_request: invalid user visitor [preauth]
Jan  4 16:52:12 LabSZ sshd[3119]: pam_unix(sshd:auth): check pass; user unknown
Jan  4 16:52:12 LabSZ sshd[3119]: pam_unix(sshd:auth): authentication failure; logname= uid=0 euid=0 tty=ssh ruser= rhost=218.4.104.194 
Jan  4 16:52:13 LabSZ sshd[3121]: pam_unix(sshd:auth): authentication failure; logname= uid=0 euid=0 tty=ssh ruser= rhost=59.63.188.30  user=root
Jan  4 16:52:14 LabSZ sshd[3119]: Failed password for invalid user visitor from 218.4.104.194 port 19309 ssh2
Jan  4 16:52:14 LabSZ sshd[3119]: Received disconnect from 218.4.104.194: 11: Bye Bye [preauth]
Jan  4 16:52:14 LabSZ sshd[3123]: Invalid user ftpuser from 218.4.104.194
Jan  4 16:52:14 LabSZ sshd[3123]: input_userauth_request: invalid user ftpuser [preauth]
Jan  4 16:52:14 LabSZ sshd[3123]: pam_unix(sshd:auth): check pass; user unknown
Jan  4 16:52:14 LabSZ sshd[3123]: pam_unix(sshd:auth): authentication failure; logname= uid=0 euid=0 tty=ssh ruser= rhost=218.4.104.194 
Jan  4 16:52:16 LabSZ sshd[3121]: Failed password for root from 59.63.188.30 port 46380 ssh2
Jan  4 16:52:16 LabSZ sshd[3123]: Failed password for invalid user ftpuser from 218.4.104.194 port 19631 ssh2
Jan  4 16:52:16 LabSZ sshd[3123]: Received disconnect from 218.4.104.194: 11: Bye Bye [preauth]
Jan  4 16:52:16 LabSZ sshd[3125]: Invalid user username from 218.4.104.194
Jan  4 16:52:16 LabSZ sshd[3125]: input_userauth_request: invalid user username [preauth]
Jan  4 16:52:16 LabSZ sshd[3125]: pam_unix(sshd:auth): check pass; user unknown
Jan  4 16:52:16 LabSZ sshd[3125]: pam_unix(sshd:auth): authentication failure; logname= uid=0 euid=0 tty=ssh ruser= rhost=218.4.104.194 
Jan  4 16:52:18 LabSZ sshd[3125]: Failed password for invalid user username from 218.4.104.194 port 19925 ssh2
Jan  4 16:52:18 LabSZ sshd[3125]: Received disconnect from 218.4.104.194: 11: Bye Bye [preauth]
Jan  4 16:52:19 LabSZ sshd[3127]: Invalid user administrator from 218.4.104.194
Jan  4 16:52:19 LabSZ sshd[3127]: input_userauth_request: invalid user administrator [preauth]
Jan  4 16:52:19 LabSZ sshd[3127]: pam_unix(sshd:auth): check pass; user unknown
Jan  4 16:52:19 LabSZ sshd[3127]: pam_unix(sshd:auth): authentication failure; logname= uid=0 euid=0 tty=ssh ruser= rhost=218.4.104.194 
Jan  4 16:52:21 LabSZ sshd[3127]: Failed password for invalid user administrator from 218.4.104.194 port 20207 ssh2
Jan  4 16:52:21 LabSZ sshd[3113]: message repeated 5 times: [ Failed password for root from 59.63.188.30 port 38406 ssh2]
Jan  4 16:52:21 LabSZ sshd[3113]: Disconnecting: Too many authentication failures for root [preauth]
Jan  4 16:52:21 LabSZ sshd[3113]: PAM 5 more authentication failures; logname= uid=0 euid=0 tty=ssh ruser= rhost=59.63.188.30  user=root
Jan  4 16:52:21 LabSZ sshd[3113]: PAM service(sshd) ignoring max retries; 6 > 3
Jan  4 16:52:21 LabSZ sshd[3127]: Received disconnect from 218.4.104.194: 11: Bye Bye [preauth]
Jan  4 16:52:21 LabSZ sshd[3129]: Invalid user library from 218.4.104.194
Jan  4 16:52:21 LabSZ sshd[3129]: input_userauth_request: invalid user library [preauth]
Jan  4 16:52:21 LabSZ sshd[3129]: pam_unix(sshd:auth): check pass; user unknown
Jan  4 16:52:21 LabSZ sshd[3129]: pam_unix(sshd:auth): authentication failure; logname= uid=0 euid=0 tty=ssh ruser= rhost=218.4.104.194 
