Dec 10 12:23:47 LabSZ sshd[30778]: pam_unix(sshd:auth): authentication failure; logname= uid=0 euid=0 tty=ssh ruser= rhost=183.62.140.253  user=root
Dec 10 12:23:48 LabSZ sshd[30772]: Failed password for invalid user  0101 from 5.188.10.182 port 48170 ssh2
Dec 10 12:23:49 LabSZ sshd[30772]: Connection closed by 5.188.10.182 [preauth]
Dec 10 12:23:49 LabSZ sshd[30778]: Failed password for root from 183.62.140.253 port 34044 ssh2
Dec 10 12:23:49 LabSZ sshd[30778]: Received disconnect from 183.62.140.253: 11: Bye Bye [preauth]
Dec 10 12:23:49 LabSZ sshd[30781]: pam_unix(sshd:auth): authentication failure; logname= uid=0 euid=0 tty=ssh ruser= rhost=183.62.140.253  user=root
Dec 10 12:23:51 LabSZ sshd[30781]: Failed password for root from 183.62.140.253 port 34334 ssh2
Dec 10 12:23:51 LabSZ sshd[30781]: Received disconnect from 183.62.140.253: 11: Bye Bye [preauth]
Dec 10 12:23:51 LabSZ sshd[30784]: pam_unix(sshd:auth): authentication failure; logname= uid=0 euid=0 tty=ssh ruser= rhost=183.62.140.253  user=root
Dec 10 12:23:53 LabSZ sshd[30780]: Invalid user 0 from 5.188.10.182
Dec 10 12:23:53 LabSZ sshd[30780]: input_userauth_request: invalid user 0 [preauth]
Dec 10 12:23:53 LabSZ sshd[30780]: Failed none for invalid user 0 from 5.188.10.182 port 34374 ssh2
Dec 10 12:23:53 LabSZ sshd[30784]: Failed password for root from 183.62.140.253 port 34672 ssh2
Dec 10 12:23:53 LabSZ sshd[30784]: Received disconnect from 183.62.140.253: 11: Bye Bye [preauth]
Dec 10 12:23:53 LabSZ sshd[30787]: pam_unix(sshd:auth): authentication failure; logname= uid=0 euid=0 tty=ssh ruser= rhost=183.62.140.253  user=root
Dec 10 12:23:54 LabSZ sshd[30780]: pam_unix(sshd:auth): check pass; user unknown
Dec 10 12:23:54 LabSZ sshd[30780]: pam_unix(sshd:auth): authentication failure; logname= uid=0 euid=0 tty=ssh ruser= rhost=5.188.10.182 
Dec 10 12:23:55 LabSZ sshd[30787]: Failed password for root from 183.62.140.253 port 35085 ssh2
Dec 10 12:23:55 LabSZ sshd[30787]: Received disconnect from 183.62.140.253: 11: Bye Bye [preauth]
Dec 10 12:23:56 LabSZ sshd[30789]: pam_unix(sshd:auth): authentication failure; logname= uid=0 euid=0 tty=ssh ruser= rhost=183.62.140.253  user=root
Dec 10 12:23:56 LabSZ sshd[30780]: Failed password for invalid user 0 from 5.188.10.182 port 34374 ssh2
Dec 10 12:23:57 LabSZ sshd[30780]: Connection closed by 5.188.10.182 [preauth]
Dec 10 12:23:57 LabSZ sshd[30789]: Failed password for root from 183.62.140.253 port 35496 ssh2
Dec 10 12:23:57 LabSZ sshd[30789]: Received disconnect from 183.62.140.253: 11: Bye Bye [preauth]
Dec 10 12:23:57 LabSZ sshd[30791]: pam_unix(sshd:auth): authentication failure; logname= uid=0 euid=0 tty=ssh ruser= rhost=183.62.140.253  user=root
Dec 10 12:24:00 LabSZ sshd[30791]: Failed password for root from 183.62.140.253 port 35823 ssh2
Dec 10 12:24:00 LabSZ sshd[30791]: Received disconnect from 183.62.140.253: 11: Bye Bye [preauth]
Dec 10 12:24:00 LabSZ sshd[30796]: pam_unix(sshd:auth): authentication failure; logname= uid=0 euid=0 tty=ssh ruser= rhost=183.62.140.253  user=root
Dec 10 12:24:01 LabSZ sshd[30793]: Invalid user 1234 from 5.188.10.182
Dec 10 12:24:01 LabSZ sshd[30793]: input_userauth_request: invalid user 1234 [preauth]
Dec 10 12:24:01 LabSZ sshd[30793]: pam_unix(sshd:auth): check pass; user unknown
Dec 10 12:24:01 LabSZ sshd[30793]: pam_unix(sshd:auth): authentication failure; logname= uid=0 euid=0 tty=ssh ruser= rhost=5.188.10.182 
Dec 10 12:24:02 LabSZ sshd[30796]: Failed password for root from 183.62.140.253 port 36245 ssh2
Dec 10 12:24:02 LabSZ sshd[30796]: Received disconnect from 183.62.140.253: 11: Bye Bye [preauth]
Dec 10 12:24:02 LabSZ sshd[30798]: pam_unix(sshd:auth): authentication failure; logname= uid=0 euid=0 tty=ssh ruser= rhost=183.62.140.253  user=root
Dec 10 12:24:04 LabSZ sshd[30793]: Failed password for invalid user 1234 from 5.188.10.182 port 34304 ssh2
Dec 10 12:24:05 LabSZ sshd[30798]: Failed password for root from 183.62.140.253 port 36691 ssh2
Dec 10 12:24:05 LabSZ sshd[30798]: Received disconnect from 183.62.140.253: 11: Bye Bye [preauth]
Dec 10 12:24:05 LabSZ sshd[30800]: pam_unix(sshd:auth): authentication failure; logname= uid=0 euid=0 tty=ssh ruser= rhost=183.62.140.253  user=root
Dec 10 12:24:05 LabSZ sshd[30793]: Connection closed by 5.188.10.182 [preauth]
Dec 10 12:24:07 LabSZ sshd[30800]: Failed password for root from 183.62.140.253 port 37127 ssh2
Dec 10 12:24:07 LabSZ sshd[30800]: Received disconnect from 183.62.140.253: 11: Bye Bye [preauth]
Dec 10 12:24:07 LabSZ sshd[30803]: pam_unix(sshd:auth): authentication failure; logname= uid=0 euid=0 tty=ssh ruser= rhost=183.62.140.253  user=root
Dec 10 12:24:09 LabSZ sshd[30803]: Failed password for root from 183.62.140.253 port 37538 ssh2
Dec 10 12:24:09 LabSZ sshd[30803]: Received disconnect from 183.62.140.253: 11: Bye Bye [preauth]
Dec 10 12:24:09 LabSZ sshd[30806]: pam_unix(sshd:auth): authentication failure; logname= uid=0 euid=0 tty=ssh ruser= rhost=183.62.140.253  user=root
Dec 10 12:24:10 LabSZ sshd[30802]: Invalid user admin from 5.188.10.182
Dec 10 12:24:10 LabSZ sshd[30802]: input_userauth_request: invalid user admin [preauth]
Dec 10 12:24:10 LabSZ sshd[30802]: Failed none for invalid user admin from 5.188.10.182 port 49392 ssh2
Dec 10 12:24:10 LabSZ sshd[30802]: Connection closed by 5.188.10.182 [preauth]
Dec 10 12:24:11 LabSZ sshd[30806]: Failed password for root from 183.62.140.253 port 37848 ssh2
Dec 10 12:24:11 LabSZ sshd[30806]: Received disconnect from 183.62.140.253: 11: Bye Bye [preauth]
Dec 10 12:24:11 LabSZ sshd[30809]: pam_unix(sshd:auth): authentication failure; logname= uid=0 euid=0 tty=ssh ruser= rhost=183.62.140.253  user=root
Dec 10 12:24:13 LabSZ sshd[30809]: Failed password for root from 183.62.140.253 port 38271 ssh2
Dec 10 12:24:13 LabSZ sshd[30809]: Received disconnect from 183.62.140.253: 11: Bye Bye [preauth]
Dec 10 12:24:13 LabSZ sshd[30812]: pam_unix(sshd:auth): authentication failure; logname= uid=0 euid=0 tty=ssh ruser= rhost=183.62.140.253  user=root
Dec 10 12:24:15 LabSZ sshd[30808]: Invalid user admin from 5.188.10.182
Dec 10 12:24:15 LabSZ sshd[30808]: input_userauth_request: invalid user admin [preauth]
Dec 10 12:24:15 LabSZ sshd[30808]: pam_unix(sshd:auth): check pass; user unknown
Dec 10 12:24:15 LabSZ sshd[30808]: pam_unix(sshd:auth): authentication failure; logname= uid=0 euid=0 tty=ssh ruser= rhost=5.188.10.182 
Dec 10 12:24:15 LabSZ sshd[30812]: Failed password for root from 183.62.140.253 port 38630 ssh2
Dec 10 12:24:15 LabSZ sshd[30812]: Received disconnect from 183.62.140.253: 11: Bye Bye [preauth]
Dec 10 12:24:15 LabSZ sshd[30815]: pam_unix(sshd:auth): authentication failure; logname= uid=0 euid=0 tty=ssh ruser= rhost=183.62.140.253  user=root
Dec 10 12:24:17 LabSZ sshd[30808]: Failed password for invalid user admin from 5.188.10.182 port 39924 ssh2
Dec 10 12:24:18 LabSZ sshd[30815]: Failed password for root from 183.62.140.253 port 39063 ssh2
Dec 10 12:24:18 LabSZ sshd[30815]: Received disconnect from 183.62.140.253: 11: Bye Bye [preauth]
Dec 10 12:24:18 LabSZ sshd[30818]: pam_unix(sshd:auth): authentication failure; logname= uid=0 euid=0 tty=ssh ruser= rhost=183.62.140.253  user=root
Dec 10 12:24:18 LabSZ sshd[30808]: pam_unix(sshd:auth): check pass; user unknown
Dec 10 12:24:20 LabSZ sshd[30818]: Failed password for root from 183.62.140.253 port 39453 ssh2
Dec 10 12:24:20 LabSZ sshd[30818]: Received disconnect from 183.62.140.253: 11: Bye Bye [preauth]
Dec 10 12:24:20 LabSZ sshd[30820]: pam_unix(sshd:auth): authentication failure; logname= uid=0 euid=0 tty=ssh ruser= rhost=183.62.140.253  user=root
Dec 10 12:24:20 LabSZ sshd[30808]: Failed password for invalid user admin from 5.188.10.182 port 39924 ssh2
Dec 10 12:24:21 LabSZ sshd[30808]: pam_unix(sshd:auth): check pass; user unknown
Dec 10 12:24:22 LabSZ sshd[30820]: Failed password for root from 183.62.140.253 port 39807 ssh2
Dec 10 12:24:22 LabSZ sshd[30820]: Received disconnect from 183.62.140.253: 11: Bye Bye [preauth]
Dec 10 12:24:22 LabSZ sshd[30822]: pam_unix(sshd:auth): authentication failure; logname= uid=0 euid=0 tty=ssh ruser= rhost=183.62.140.253  user=root
Dec 10 12:24:23 LabSZ sshd[30808]: Failed password for invalid user admin from 5.188.10.182 port 39924 ssh2
Dec 10 12:24:23 LabSZ sshd[30808]: pam_unix(sshd:auth): check pass; user unknown
Dec 10 12:24:24 LabSZ sshd[30822]: Failed password for root from 183.62.140.253 port 40210 ssh2
Dec 10 12:24:24 LabSZ sshd[30822]: Received disconnect from 183.62.140.253: 11: Bye Bye [preauth]
Dec 10 12:24:24 LabSZ sshd[30825]: pam_unix(sshd:auth): authentication failure; logname= uid=0 euid=0 tty=ssh ruser= rhost=183.62.140.253  user=root
Dec 10 12:24:25 LabSZ sshd[30808]: Failed password for invalid user admin from 5.188.10.182 port 39924 ssh2
Dec 10 12:24:26 LabSZ sshd[30825]: Failed password for root from 183.62.140.253 port 40501 ssh2
Dec 10 12:24:26 LabSZ sshd[30825]: Received disconnect from 183.62.140.253: 11: Bye Bye [preauth]
Dec 10 12:24:26 LabSZ sshd[30827]: pam_unix(sshd:auth): authentication failure; logname= uid=0 euid=0 tty=ssh ruser= rhost=183.62.140.253  user=root
Dec 10 12:24:26 LabSZ sshd[30808]: pam_unix(sshd:auth): check pass; user unknown
Dec 10 12:24:28 LabSZ sshd[30827]: Failed password for root from 183.62.140.253 port 40968 ssh2
Dec 10 12:24:28 LabSZ sshd[30827]: Received disconnect from 183.62.140.253: 11: Bye Bye [preauth]
Dec 10 12:24:28 LabSZ sshd[30829]: pam_unix(sshd:auth): authentication failure; logname= uid=0 euid=0 tty=ssh ruser= rhost=183.62.140.253  user=root
Dec 10 12:24:28 LabSZ sshd[30808]: Failed password for invalid user admin from 5.188.10.182 port 39924 ssh2
Dec 10 12:24:29 LabSZ sshd[30808]: Connection closed by 5.188.10.182 [preauth]
Dec 10 12:24:29 LabSZ sshd[30808]: PAM 4 more authentication failures; logname= uid=0 euid=0 tty=ssh ruser= rhost=5.188.10.182 
Dec 10 12:24:29 LabSZ sshd[30808]: PAM service(sshd) ignoring max retries; 5 > 3
Dec 10 12:24:30 LabSZ sshd[30829]: Failed password for root from 183.62.140.253 port 41345 ssh2
Dec 10 12:24:30 LabSZ sshd[30829]: Received disconnect from 183.62.140.253: 11: Bye Bye [preauth]
Dec 10 12:24:30 LabSZ sshd[30832]: pam_unix(sshd:auth): authentication failure; logname= uid=0 euid=0 tty=ssh ruser= rhost=183.62.140.253  user=root
Dec 10 12:24:32 LabSZ sshd[30832]: Failed password for root from 183.62.140.253 port 41697 ssh2
Dec 10 12:24:32 LabSZ sshd[30832]: Received disconnect from 183.62.140.253: 11: Bye Bye [preauth]
Dec 10 12:24:32 LabSZ sshd[30835]: pam_unix(sshd:auth): authentication failure; logname= uid=0 euid=0 tty=ssh ruser= rhost=183.62.140.253  user=root
Dec 10 12:24:34 LabSZ sshd[30831]: Invalid user admin from 5.188.10.182
