Jan  2 05:29:48 LabSZ sshd[25042]: PAM service(sshd) ignoring max retries; 6 > 3
Jan  2 05:29:49 LabSZ sshd[25048]: reverse mapping checking getaddrinfo for 30.30.65.218.broad.xy.jx.dynamic.163data.com.cn [218.65.30.30] failed - POSSIBLE BREAK-IN ATTEMPT!
Jan  2 05:29:49 LabSZ sshd[25048]: pam_unix(sshd:auth): authentication failure; logname= uid=0 euid=0 tty=ssh ruser= rhost=218.65.30.30  user=root
Jan  2 05:29:50 LabSZ sshd[25044]: message repeated 5 times: [ Failed password for root from 182.100.67.120 port 33456 ssh2]
Jan  2 05:29:50 LabSZ sshd[25044]: Disconnecting: Too many authentication failures for root [preauth]
Jan  2 05:29:50 LabSZ sshd[25044]: PAM 5 more authentication failures; logname= uid=0 euid=0 tty=ssh ruser= rhost=182.100.67.120  user=root
Jan  2 05:29:50 LabSZ sshd[25044]: PAM service(sshd) ignoring max retries; 6 > 3
Jan  2 05:29:51 LabSZ sshd[25048]: Failed password for root from 218.65.30.30 port 38430 ssh2
Jan  2 05:29:51 LabSZ sshd[25050]: pam_unix(sshd:auth): authentication failure; logname= uid=0 euid=0 tty=ssh ruser= rhost=182.100.67.120  user=root
Jan  2 05:29:51 LabSZ sshd[25046]: message repeated 5 times: [ Failed password for root from 58.242.83.25 port 34286 ssh2]
Jan  2 05:29:51 LabSZ sshd[25046]: Disconnecting: Too many authentication failures for root [preauth]
Jan  2 05:29:51 LabSZ sshd[25046]: PAM 5 more authentication failures; logname= uid=0 euid=0 tty=ssh ruser= rhost=58.242.83.25  user=root
Jan  2 05:29:51 LabSZ sshd[25046]: PAM service(sshd) ignoring max retries; 6 > 3
Jan  2 05:29:53 LabSZ sshd[25052]: pam_unix(sshd:auth): authentication failure; logname= uid=0 euid=0 tty=ssh ruser= rhost=58.242.83.25  user=root
Jan  2 05:29:53 LabSZ sshd[25050]: Failed password for root from 182.100.67.120 port 6388 ssh2
Jan  2 05:29:55 LabSZ sshd[25052]: Failed password for root from 58.242.83.25 port 56268 ssh2
Jan  2 05:30:05 LabSZ sshd[25048]: message repeated 5 times: [ Failed password for root from 218.65.30.30 port 38430 ssh2]
Jan  2 05:30:05 LabSZ sshd[25048]: Disconnecting: Too many authentication failures for root [preauth]
Jan  2 05:30:05 LabSZ sshd[25048]: PAM 5 more authentication failures; logname= uid=0 euid=0 tty=ssh ruser= rhost=218.65.30.30  user=root
Jan  2 05:30:05 LabSZ sshd[25048]: PAM service(sshd) ignoring max retries; 6 > 3
Jan  2 05:30:06 LabSZ sshd[25050]: message repeated 5 times: [ Failed password for root from 182.100.67.120 port 6388 ssh2]
Jan  2 05:30:06 LabSZ sshd[25050]: Disconnecting: Too many authentication failures for root [preauth]
Jan  2 05:30:06 LabSZ sshd[25050]: PAM 5 more authentication failures; logname= uid=0 euid=0 tty=ssh ruser= rhost=182.100.67.120  user=root
Jan  2 05:30:06 LabSZ sshd[25050]: PAM service(sshd) ignoring max retries; 6 > 3
Jan  2 05:30:07 LabSZ sshd[25054]: pam_unix(sshd:auth): authentication failure; logname= uid=0 euid=0 tty=ssh ruser= rhost=182.100.67.120  user=root
Jan  2 05:30:08 LabSZ sshd[25052]: message repeated 5 times: [ Failed password for root from 58.242.83.25 port 56268 ssh2]
Jan  2 05:30:08 LabSZ sshd[25052]: Disconnecting: Too many authentication failures for root [preauth]
Jan  2 05:30:08 LabSZ sshd[25052]: PAM 5 more authentication failures; logname= uid=0 euid=0 tty=ssh ruser= rhost=58.242.83.25  user=root
Jan  2 05:30:08 LabSZ sshd[25052]: PAM service(sshd) ignoring max retries; 6 > 3
Jan  2 05:30:09 LabSZ sshd[25054]: Failed password for root from 182.100.67.120 port 43406 ssh2
Jan  2 05:30:09 LabSZ sshd[25056]: reverse mapping checking getaddrinfo for 30.30.65.218.broad.xy.jx.dynamic.163data.com.cn [218.65.30.30] failed - POSSIBLE BREAK-IN ATTEMPT!
Jan  2 05:30:09 LabSZ sshd[25056]: pam_unix(sshd:auth): authentication failure; logname= uid=0 euid=0 tty=ssh ruser= rhost=218.65.30.30  user=root
Jan  2 05:30:10 LabSZ sshd[25058]: pam_unix(sshd:auth): authentication failure; logname= uid=0 euid=0 tty=ssh ruser= rhost=58.242.83.25  user=root
Jan  2 05:30:12 LabSZ sshd[25056]: Failed password for root from 218.65.30.30 port 12724 ssh2
Jan  2 05:30:12 LabSZ sshd[25058]: Failed password for root from 58.242.83.25 port 13359 ssh2
Jan  2 05:30:22 LabSZ sshd[25054]: message repeated 5 times: [ Failed password for root from 182.100.67.120 port 43406 ssh2]
Jan  2 05:30:22 LabSZ sshd[25054]: Disconnecting: Too many authentication failures for root [preauth]
Jan  2 05:30:22 LabSZ sshd[25054]: PAM 5 more authentication failures; logname= uid=0 euid=0 tty=ssh ruser= rhost=182.100.67.120  user=root
Jan  2 05:30:22 LabSZ sshd[25054]: PAM service(sshd) ignoring max retries; 6 > 3
Jan  2 05:30:23 LabSZ sshd[25060]: pam_unix(sshd:auth): authentication failure; logname= uid=0 euid=0 tty=ssh ruser= rhost=182.100.67.120  user=root
Jan  2 05:30:25 LabSZ sshd[25058]: message repeated 5 times: [ Failed password for root from 58.242.83.25 port 13359 ssh2]
Jan  2 05:30:25 LabSZ sshd[25058]: Disconnecting: Too many authentication failures for root [preauth]
Jan  2 05:30:25 LabSZ sshd[25058]: PAM 5 more authentication failures; logname= uid=0 euid=0 tty=ssh ruser= rhost=58.242.83.25  user=root
Jan  2 05:30:25 LabSZ sshd[25058]: PAM service(sshd) ignoring max retries; 6 > 3
Jan  2 05:30:25 LabSZ sshd[25056]: message repeated 5 times: [ Failed password for root from 218.65.30.30 port 12724 ssh2]
Jan  2 05:30:25 LabSZ sshd[25056]: Disconnecting: Too many authentication failures for root [preauth]
Jan  2 05:30:25 LabSZ sshd[25056]: PAM 5 more authentication failures; logname= uid=0 euid=0 tty=ssh ruser= rhost=218.65.30.30  user=root
Jan  2 05:30:25 LabSZ sshd[25056]: PAM service(sshd) ignoring max retries; 6 > 3
Jan  2 05:30:25 LabSZ sshd[25060]: Failed password for root from 182.100.67.120 port 15614 ssh2
Jan  2 05:30:26 LabSZ sshd[25062]: pam_unix(sshd:auth): authentication failure; logname= uid=0 euid=0 tty=ssh ruser= rhost=58.242.83.25  user=root
Jan  2 05:30:26 LabSZ sshd[25064]: reverse mapping checking getaddrinfo for 30.30.65.218.broad.xy.jx.dynamic.163data.com.cn [218.65.30.30] failed - POSSIBLE BREAK-IN ATTEMPT!
Jan  2 05:30:26 LabSZ sshd[25064]: pam_unix(sshd:auth): authentication failure; logname= uid=0 euid=0 tty=ssh ruser= rhost=218.65.30.30  user=root
Jan  2 05:30:29 LabSZ sshd[25062]: Failed password for root from 58.242.83.25 port 35548 ssh2
Jan  2 05:30:29 LabSZ sshd[25064]: Failed password for root from 218.65.30.30 port 60210 ssh2
Jan  2 05:30:37 LabSZ sshd[25060]: message repeated 5 times: [ Failed password for root from 182.100.67.120 port 15614 ssh2]
Jan  2 05:30:37 LabSZ sshd[25060]: Disconnecting: Too many authentication failures for root [preauth]
Jan  2 05:30:37 LabSZ sshd[25060]: PAM 5 more authentication failures; logname= uid=0 euid=0 tty=ssh ruser= rhost=182.100.67.120  user=root
Jan  2 05:30:37 LabSZ sshd[25060]: PAM service(sshd) ignoring max retries; 6 > 3
Jan  2 05:30:40 LabSZ sshd[25066]: pam_unix(sshd:auth): authentication failure; logname= uid=0 euid=0 tty=ssh ruser= rhost=182.100.67.120  user=root
Jan  2 05:30:41 LabSZ sshd[25062]: message repeated 5 times: [ Failed password for root from 58.242.83.25 port 35548 ssh2]
Jan  2 05:30:41 LabSZ sshd[25062]: Disconnecting: Too many authentication failures for root [preauth]
Jan  2 05:30:41 LabSZ sshd[25062]: PAM 5 more authentication failures; logname= uid=0 euid=0 tty=ssh ruser= rhost=58.242.83.25  user=root
Jan  2 05:30:41 LabSZ sshd[25062]: PAM service(sshd) ignoring max retries; 6 > 3
Jan  2 05:30:41 LabSZ sshd[25064]: message repeated 5 times: [ Failed password for root from 218.65.30.30 port 60210 ssh2]
Jan  2 05:30:41 LabSZ sshd[25064]: Disconnecting: Too many authentication failures for root [preauth]
Jan  2 05:30:41 LabSZ sshd[25064]: PAM 5 more authentication failures; logname= uid=0 euid=0 tty=ssh ruser= rhost=218.65.30.30  user=root
Jan  2 05:30:41 LabSZ sshd[25064]: PAM service(sshd) ignoring max retries; 6 > 3
Jan  2 05:30:42 LabSZ sshd[25068]: pam_unix(sshd:auth): authentication failure; logname= uid=0 euid=0 tty=ssh ruser= rhost=58.242.83.25  user=root
Jan  2 05:30:42 LabSZ sshd[25066]: Failed password for root from 182.100.67.120 port 49222 ssh2
Jan  2 05:30:42 LabSZ sshd[25070]: reverse mapping checking getaddrinfo for 30.30.65.218.broad.xy.jx.dynamic.163data.com.cn [218.65.30.30] failed - POSSIBLE BREAK-IN ATTEMPT!
Jan  2 05:30:42 LabSZ sshd[25070]: pam_unix(sshd:auth): authentication failure; logname= uid=0 euid=0 tty=ssh ruser= rhost=218.65.30.30  user=root
Jan  2 05:30:44 LabSZ sshd[25068]: Failed password for root from 58.242.83.25 port 56981 ssh2
Jan  2 05:30:44 LabSZ sshd[25070]: Failed password for root from 218.65.30.30 port 33202 ssh2
Jan  2 05:30:55 LabSZ sshd[25066]: message repeated 5 times: [ Failed password for root from 182.100.67.120 port 49222 ssh2]
Jan  2 05:30:55 LabSZ sshd[25066]: Disconnecting: Too many authentication failures for root [preauth]
Jan  2 05:30:55 LabSZ sshd[25066]: PAM 5 more authentication failures; logname= uid=0 euid=0 tty=ssh ruser= rhost=182.100.67.120  user=root
Jan  2 05:30:55 LabSZ sshd[25066]: PAM service(sshd) ignoring max retries; 6 > 3
Jan  2 05:30:57 LabSZ sshd[25074]: pam_unix(sshd:auth): authentication failure; logname= uid=0 euid=0 tty=ssh ruser= rhost=182.100.67.120  user=root
Jan  2 05:30:58 LabSZ sshd[25068]: message repeated 5 times: [ Failed password for root from 58.242.83.25 port 56981 ssh2]
Jan  2 05:30:58 LabSZ sshd[25068]: Disconnecting: Too many authentication failures for root [preauth]
Jan  2 05:30:58 LabSZ sshd[25068]: PAM 5 more authentication failures; logname= uid=0 euid=0 tty=ssh ruser= rhost=58.242.83.25  user=root
Jan  2 05:30:58 LabSZ sshd[25068]: PAM service(sshd) ignoring max retries; 6 > 3
Jan  2 05:30:58 LabSZ sshd[25072]: reverse mapping checking getaddrinfo for 14.142.122.26.static-kolkata.vsnl.net.in [14.142.122.26] failed - POSSIBLE BREAK-IN ATTEMPT!
Jan  2 05:30:58 LabSZ sshd[25072]: Invalid user test from 14.142.122.26
Jan  2 05:30:58 LabSZ sshd[25072]: input_userauth_request: invalid user test [preauth]
Jan  2 05:30:58 LabSZ sshd[25072]: pam_unix(sshd:auth): check pass; user unknown
Jan  2 05:30:58 LabSZ sshd[25072]: pam_unix(sshd:auth): authentication failure; logname= uid=0 euid=0 tty=ssh ruser= rhost=14.142.122.26 
Jan  2 05:30:58 LabSZ sshd[25070]: message repeated 5 times: [ Failed password for root from 218.65.30.30 port 33202 ssh2]
Jan  2 05:30:58 LabSZ sshd[25070]: Disconnecting: Too many authentication failures for root [preauth]
Jan  2 05:30:58 LabSZ sshd[25070]: PAM 5 more authentication failures; logname= uid=0 euid=0 tty=ssh ruser= rhost=218.65.30.30  user=root
Jan  2 05:30:58 LabSZ sshd[25070]: PAM service(sshd) ignoring max retries; 6 > 3
Jan  2 05:30:59 LabSZ sshd[25076]: pam_unix(sshd:auth): authentication failure; logname= uid=0 euid=0 tty=ssh ruser= rhost=58.242.83.25  user=root
Jan  2 05:30:59 LabSZ sshd[25078]: reverse mapping checking getaddrinfo for 30.30.65.218.broad.xy.jx.dynamic.163data.com.cn [218.65.30.30] failed - POSSIBLE BREAK-IN ATTEMPT!
Jan  2 05:30:59 LabSZ sshd[25078]: pam_unix(sshd:auth): authentication failure; logname= uid=0 euid=0 tty=ssh ruser= rhost=218.65.30.30  user=root
Jan  2 05:30:59 LabSZ sshd[25074]: Failed password for root from 182.100.67.120 port 25048 ssh2
Jan  2 05:31:00 LabSZ sshd[25072]: Failed password for invalid user test from 14.142.122.26 port 38448 ssh2
Jan  2 05:31:01 LabSZ sshd[25072]: Received disconnect from 14.142.122.26: 11: Bye Bye [preauth]
Jan  2 05:31:02 LabSZ sshd[25076]: Failed password for root from 58.242.83.25 port 14499 ssh2
Jan  2 05:31:02 LabSZ sshd[25078]: Failed password for root from 218.65.30.30 port 8272 ssh2
Jan  2 05:31:12 LabSZ sshd[25074]: message repeated 5 times: [ Failed password for root from 182.100.67.120 port 25048 ssh2]
