Jan  4 04:40:53 LabSZ sshd[17647]: message repeated 5 times: [ Failed password for root from 59.63.188.30 port 59579 ssh2]
Jan  4 04:40:53 LabSZ sshd[17647]: Disconnecting: Too many authentication failures for root [preauth]
Jan  4 04:40:53 LabSZ sshd[17647]: PAM 5 more authentication failures; logname= uid=0 euid=0 tty=ssh ruser= rhost=59.63.188.30  user=root
Jan  4 04:40:53 LabSZ sshd[17647]: PAM service(sshd) ignoring max retries; 6 > 3
Jan  4 04:40:53 LabSZ sshd[17654]: Failed password for invalid user admin from 193.201.224.232 port 37637 ssh2
Jan  4 04:40:53 LabSZ sshd[17654]: pam_unix(sshd:auth): check pass; user unknown
Jan  4 04:40:54 LabSZ sshd[17663]: Failed password for invalid user operator from 181.214.87.4 port 36685 ssh2
Jan  4 04:40:54 LabSZ sshd[17665]: pam_unix(sshd:auth): authentication failure; logname= uid=0 euid=0 tty=ssh ruser= rhost=59.63.188.30  user=root
Jan  4 04:40:54 LabSZ sshd[17663]: Connection closed by 181.214.87.4 [preauth]
Jan  4 04:40:55 LabSZ sshd[17654]: Failed password for invalid user admin from 193.201.224.232 port 37637 ssh2
Jan  4 04:40:55 LabSZ sshd[17654]: pam_unix(sshd:auth): check pass; user unknown
Jan  4 04:40:56 LabSZ sshd[17665]: Failed password for root from 59.63.188.30 port 17000 ssh2
Jan  4 04:40:57 LabSZ sshd[17652]: Failed password for root from 182.100.67.52 port 29408 ssh2
Jan  4 04:40:57 LabSZ sshd[17652]: Received disconnect from 182.100.67.52: 11:  [preauth]
Jan  4 04:40:57 LabSZ sshd[17652]: PAM 1 more authentication failure; logname= uid=0 euid=0 tty=ssh ruser= rhost=182.100.67.52  user=root
Jan  4 04:40:57 LabSZ sshd[17667]: Invalid user osmc from 181.214.87.4
Jan  4 04:40:57 LabSZ sshd[17667]: input_userauth_request: invalid user osmc [preauth]
Jan  4 04:40:57 LabSZ sshd[17667]: pam_unix(sshd:auth): check pass; user unknown
Jan  4 04:40:57 LabSZ sshd[17667]: pam_unix(sshd:auth): authentication failure; logname= uid=0 euid=0 tty=ssh ruser= rhost=181.214.87.4 
Jan  4 04:40:58 LabSZ sshd[17654]: Failed password for invalid user admin from 193.201.224.232 port 37637 ssh2
Jan  4 04:40:58 LabSZ sshd[17654]: pam_unix(sshd:auth): check pass; user unknown
Jan  4 04:40:58 LabSZ sshd[17669]: pam_unix(sshd:auth): authentication failure; logname= uid=0 euid=0 tty=ssh ruser= rhost=182.100.67.52  user=root
Jan  4 04:40:59 LabSZ sshd[17667]: Failed password for invalid user osmc from 181.214.87.4 port 56123 ssh2
Jan  4 04:41:00 LabSZ sshd[17667]: Connection closed by 181.214.87.4 [preauth]
Jan  4 04:41:00 LabSZ sshd[17654]: Failed password for invalid user admin from 193.201.224.232 port 37637 ssh2
Jan  4 04:41:00 LabSZ sshd[17654]: Disconnecting: Too many authentication failures for admin [preauth]
Jan  4 04:41:00 LabSZ sshd[17654]: PAM 5 more authentication failures; logname= uid=0 euid=0 tty=ssh ruser= rhost=193.201.224.232 
Jan  4 04:41:00 LabSZ sshd[17654]: PAM service(sshd) ignoring max retries; 6 > 3
Jan  4 04:41:00 LabSZ sshd[17669]: Failed password for root from 182.100.67.52 port 65454 ssh2
Jan  4 04:41:01 LabSZ sshd[17657]: message repeated 5 times: [ Failed password for root from 218.87.109.156 port 1818 ssh2]
Jan  4 04:41:01 LabSZ sshd[17657]: Disconnecting: Too many authentication failures for root [preauth]
Jan  4 04:41:01 LabSZ sshd[17657]: PAM 5 more authentication failures; logname= uid=0 euid=0 tty=ssh ruser= rhost=218.87.109.156  user=root
Jan  4 04:41:01 LabSZ sshd[17657]: PAM service(sshd) ignoring max retries; 6 > 3
Jan  4 04:41:02 LabSZ sshd[17673]: Invalid user admin from 193.201.224.232
Jan  4 04:41:02 LabSZ sshd[17673]: input_userauth_request: invalid user admin [preauth]
Jan  4 04:41:02 LabSZ sshd[17673]: pam_unix(sshd:auth): check pass; user unknown
Jan  4 04:41:02 LabSZ sshd[17673]: pam_unix(sshd:auth): authentication failure; logname= uid=0 euid=0 tty=ssh ruser= rhost=193.201.224.232 
Jan  4 04:41:02 LabSZ sshd[17671]: pam_unix(sshd:auth): authentication failure; logname= uid=0 euid=0 tty=ssh ruser= rhost=181.214.87.4  user=root
Jan  4 04:41:02 LabSZ sshd[17675]: pam_unix(sshd:auth): authentication failure; logname= uid=0 euid=0 tty=ssh ruser= rhost=218.87.109.156  user=root
Jan  4 04:41:03 LabSZ sshd[17660]: message repeated 5 times: [ Failed password for root from 59.63.188.30 port 9195 ssh2]
Jan  4 04:41:03 LabSZ sshd[17660]: Disconnecting: Too many authentication failures for root [preauth]
Jan  4 04:41:03 LabSZ sshd[17660]: PAM 5 more authentication failures; logname= uid=0 euid=0 tty=ssh ruser= rhost=59.63.188.30  user=root
Jan  4 04:41:03 LabSZ sshd[17660]: PAM service(sshd) ignoring max retries; 6 > 3
Jan  4 04:41:04 LabSZ sshd[17677]: pam_unix(sshd:auth): authentication failure; logname= uid=0 euid=0 tty=ssh ruser= rhost=59.63.188.30  user=root
Jan  4 04:41:05 LabSZ sshd[17673]: Failed password for invalid user admin from 193.201.224.232 port 2652 ssh2
Jan  4 04:41:05 LabSZ sshd[17671]: Failed password for root from 181.214.87.4 port 39564 ssh2
Jan  4 04:41:05 LabSZ sshd[17673]: pam_unix(sshd:auth): check pass; user unknown
Jan  4 04:41:05 LabSZ sshd[17675]: Failed password for root from 218.87.109.156 port 37278 ssh2
Jan  4 04:41:06 LabSZ sshd[17677]: Failed password for root from 59.63.188.30 port 29754 ssh2
Jan  4 04:41:06 LabSZ sshd[17673]: Failed password for invalid user admin from 193.201.224.232 port 2652 ssh2
Jan  4 04:41:07 LabSZ sshd[17673]: pam_unix(sshd:auth): check pass; user unknown
Jan  4 04:41:07 LabSZ sshd[17671]: Failed password for root from 181.214.87.4 port 39564 ssh2
Jan  4 04:41:07 LabSZ sshd[17671]: Connection closed by 181.214.87.4 [preauth]
Jan  4 04:41:07 LabSZ sshd[17671]: PAM 1 more authentication failure; logname= uid=0 euid=0 tty=ssh ruser= rhost=181.214.87.4  user=root
Jan  4 04:41:09 LabSZ sshd[17679]: Connection closed by 181.214.87.4 [preauth]
Jan  4 04:41:09 LabSZ sshd[17673]: Failed password for invalid user admin from 193.201.224.232 port 2652 ssh2
Jan  4 04:41:10 LabSZ sshd[17673]: pam_unix(sshd:auth): check pass; user unknown
Jan  4 04:41:10 LabSZ sshd[17665]: message repeated 5 times: [ Failed password for root from 59.63.188.30 port 17000 ssh2]
Jan  4 04:41:10 LabSZ sshd[17665]: Disconnecting: Too many authentication failures for root [preauth]
Jan  4 04:41:10 LabSZ sshd[17665]: PAM 5 more authentication failures; logname= uid=0 euid=0 tty=ssh ruser= rhost=59.63.188.30  user=root
Jan  4 04:41:10 LabSZ sshd[17665]: PAM service(sshd) ignoring max retries; 6 > 3
Jan  4 04:41:10 LabSZ sshd[17681]: Invalid user support from 181.214.87.4
Jan  4 04:41:10 LabSZ sshd[17681]: input_userauth_request: invalid user support [preauth]
Jan  4 04:41:10 LabSZ sshd[17681]: pam_unix(sshd:auth): check pass; user unknown
Jan  4 04:41:10 LabSZ sshd[17681]: pam_unix(sshd:auth): authentication failure; logname= uid=0 euid=0 tty=ssh ruser= rhost=181.214.87.4 
Jan  4 04:41:11 LabSZ sshd[17683]: pam_unix(sshd:auth): authentication failure; logname= uid=0 euid=0 tty=ssh ruser= rhost=59.63.188.30  user=root
Jan  4 04:41:11 LabSZ sshd[17673]: Failed password for invalid user admin from 193.201.224.232 port 2652 ssh2
Jan  4 04:41:12 LabSZ sshd[17673]: pam_unix(sshd:auth): check pass; user unknown
Jan  4 04:41:12 LabSZ sshd[17681]: Failed password for invalid user support from 181.214.87.4 port 55292 ssh2
Jan  4 04:41:13 LabSZ sshd[17681]: Connection closed by 181.214.87.4 [preauth]
Jan  4 04:41:13 LabSZ sshd[17669]: message repeated 5 times: [ Failed password for root from 182.100.67.52 port 65454 ssh2]
Jan  4 04:41:13 LabSZ sshd[17669]: Disconnecting: Too many authentication failures for root [preauth]
Jan  4 04:41:13 LabSZ sshd[17669]: PAM 5 more authentication failures; logname= uid=0 euid=0 tty=ssh ruser= rhost=182.100.67.52  user=root
Jan  4 04:41:13 LabSZ sshd[17669]: PAM service(sshd) ignoring max retries; 6 > 3
Jan  4 04:41:13 LabSZ sshd[17683]: Failed password for root from 59.63.188.30 port 39336 ssh2
Jan  4 04:41:14 LabSZ sshd[17673]: Failed password for invalid user admin from 193.201.224.232 port 2652 ssh2
Jan  4 04:41:14 LabSZ sshd[17673]: pam_unix(sshd:auth): check pass; user unknown
Jan  4 04:41:14 LabSZ sshd[17685]: Invalid user telecomadmin from 181.214.87.4
Jan  4 04:41:14 LabSZ sshd[17685]: input_userauth_request: invalid user telecomadmin [preauth]
Jan  4 04:41:14 LabSZ sshd[17685]: pam_unix(sshd:auth): check pass; user unknown
Jan  4 04:41:14 LabSZ sshd[17685]: pam_unix(sshd:auth): authentication failure; logname= uid=0 euid=0 tty=ssh ruser= rhost=181.214.87.4 
Jan  4 04:41:17 LabSZ sshd[17673]: Failed password for invalid user admin from 193.201.224.232 port 2652 ssh2
Jan  4 04:41:17 LabSZ sshd[17673]: Disconnecting: Too many authentication failures for admin [preauth]
Jan  4 04:41:17 LabSZ sshd[17673]: PAM 5 more authentication failures; logname= uid=0 euid=0 tty=ssh ruser= rhost=193.201.224.232 
Jan  4 04:41:17 LabSZ sshd[17673]: PAM service(sshd) ignoring max retries; 6 > 3
Jan  4 04:41:17 LabSZ sshd[17687]: pam_unix(sshd:auth): authentication failure; logname= uid=0 euid=0 tty=ssh ruser= rhost=182.100.67.52  user=root
Jan  4 04:41:17 LabSZ sshd[17685]: Failed password for invalid user telecomadmin from 181.214.87.4 port 43190 ssh2
Jan  4 04:41:17 LabSZ sshd[17685]: Connection closed by 181.214.87.4 [preauth]
Jan  4 04:41:18 LabSZ sshd[17675]: message repeated 5 times: [ Failed password for root from 218.87.109.156 port 37278 ssh2]
Jan  4 04:41:18 LabSZ sshd[17675]: Disconnecting: Too many authentication failures for root [preauth]
Jan  4 04:41:18 LabSZ sshd[17675]: PAM 5 more authentication failures; logname= uid=0 euid=0 tty=ssh ruser= rhost=218.87.109.156  user=root
Jan  4 04:41:18 LabSZ sshd[17675]: PAM service(sshd) ignoring max retries; 6 > 3
Jan  4 04:41:19 LabSZ sshd[17689]: Invalid user admin from 193.201.224.232
Jan  4 04:41:19 LabSZ sshd[17689]: input_userauth_request: invalid user admin [preauth]
Jan  4 04:41:19 LabSZ sshd[17687]: Failed password for root from 182.100.67.52 port 38054 ssh2
Jan  4 04:41:19 LabSZ sshd[17677]: message repeated 5 times: [ Failed password for root from 59.63.188.30 port 29754 ssh2]
Jan  4 04:41:19 LabSZ sshd[17677]: Disconnecting: Too many authentication failures for root [preauth]
Jan  4 04:41:19 LabSZ sshd[17677]: PAM 5 more authentication failures; logname= uid=0 euid=0 tty=ssh ruser= rhost=59.63.188.30  user=root
Jan  4 04:41:19 LabSZ sshd[17677]: PAM service(sshd) ignoring max retries; 6 > 3
Jan  4 04:41:19 LabSZ sshd[17689]: pam_unix(sshd:auth): check pass; user unknown
