Jan  5 07:16:01 LabSZ sshd[15581]: PAM 5 more authentication failures; logname= uid=0 euid=0 tty=ssh ruser= rhost=59.63.188.30  user=root
Jan  5 07:16:01 LabSZ sshd[15581]: PAM service(sshd) ignoring max retries; 6 > 3
Jan  5 07:16:03 LabSZ sshd[15585]: pam_unix(sshd:auth): authentication failure; logname= uid=0 euid=0 tty=ssh ruser= rhost=59.63.188.30  user=root
Jan  5 07:16:03 LabSZ sshd[15583]: Failed password for root from 182.100.67.52 port 28950 ssh2
Jan  5 07:16:04 LabSZ sshd[15585]: Failed password for root from 59.63.188.30 port 32761 ssh2
Jan  5 07:16:16 LabSZ sshd[15583]: message repeated 5 times: [ Failed password for root from 182.100.67.52 port 28950 ssh2]
Jan  5 07:16:16 LabSZ sshd[15583]: Disconnecting: Too many authentication failures for root [preauth]
Jan  5 07:16:16 LabSZ sshd[15583]: PAM 5 more authentication failures; logname= uid=0 euid=0 tty=ssh ruser= rhost=182.100.67.52  user=root
Jan  5 07:16:16 LabSZ sshd[15583]: PAM service(sshd) ignoring max retries; 6 > 3
Jan  5 07:16:17 LabSZ sshd[15585]: message repeated 5 times: [ Failed password for root from 59.63.188.30 port 32761 ssh2]
Jan  5 07:16:17 LabSZ sshd[15585]: Disconnecting: Too many authentication failures for root [preauth]
Jan  5 07:16:17 LabSZ sshd[15585]: PAM 5 more authentication failures; logname= uid=0 euid=0 tty=ssh ruser= rhost=59.63.188.30  user=root
Jan  5 07:16:17 LabSZ sshd[15585]: PAM service(sshd) ignoring max retries; 6 > 3
Jan  5 07:16:18 LabSZ sshd[15587]: pam_unix(sshd:auth): authentication failure; logname= uid=0 euid=0 tty=ssh ruser= rhost=59.63.188.30  user=root
Jan  5 07:16:20 LabSZ sshd[15587]: Failed password for root from 59.63.188.30 port 52961 ssh2
Jan  5 07:16:27 LabSZ sshd[15591]: pam_unix(sshd:auth): authentication failure; logname= uid=0 euid=0 tty=ssh ruser= rhost=182.100.67.52  user=root
Jan  5 07:16:28 LabSZ sshd[15589]: Invalid user admin from 103.99.0.122
Jan  5 07:16:28 LabSZ sshd[15589]: input_userauth_request: invalid user admin [preauth]
Jan  5 07:16:28 LabSZ sshd[15589]: pam_unix(sshd:auth): check pass; user unknown
Jan  5 07:16:28 LabSZ sshd[15589]: pam_unix(sshd:auth): authentication failure; logname= uid=0 euid=0 tty=ssh ruser= rhost=103.99.0.122 
Jan  5 07:16:29 LabSZ sshd[15591]: Failed password for root from 182.100.67.52 port 9702 ssh2
Jan  5 07:16:30 LabSZ sshd[15589]: Failed password for invalid user admin from 103.99.0.122 port 57738 ssh2
Jan  5 07:16:31 LabSZ sshd[15589]: error: Received disconnect from 103.99.0.122: 14: No more user authentication methods available. [preauth]
Jan  5 07:16:32 LabSZ sshd[15593]: Invalid user support from 103.99.0.122
Jan  5 07:16:32 LabSZ sshd[15593]: input_userauth_request: invalid user support [preauth]
Jan  5 07:16:32 LabSZ sshd[15593]: pam_unix(sshd:auth): check pass; user unknown
Jan  5 07:16:32 LabSZ sshd[15593]: pam_unix(sshd:auth): authentication failure; logname= uid=0 euid=0 tty=ssh ruser= rhost=103.99.0.122 
Jan  5 07:16:33 LabSZ sshd[15587]: message repeated 5 times: [ Failed password for root from 59.63.188.30 port 52961 ssh2]
Jan  5 07:16:33 LabSZ sshd[15587]: Disconnecting: Too many authentication failures for root [preauth]
Jan  5 07:16:33 LabSZ sshd[15587]: PAM 5 more authentication failures; logname= uid=0 euid=0 tty=ssh ruser= rhost=59.63.188.30  user=root
Jan  5 07:16:33 LabSZ sshd[15587]: PAM service(sshd) ignoring max retries; 6 > 3
Jan  5 07:16:35 LabSZ sshd[15593]: Failed password for invalid user support from 103.99.0.122 port 58674 ssh2
Jan  5 07:16:35 LabSZ sshd[15593]: error: Received disconnect from 103.99.0.122: 14: No more user authentication methods available. [preauth]
Jan  5 07:16:37 LabSZ sshd[15597]: Invalid user user from 103.99.0.122
Jan  5 07:16:37 LabSZ sshd[15597]: input_userauth_request: invalid user user [preauth]
Jan  5 07:16:37 LabSZ sshd[15597]: pam_unix(sshd:auth): check pass; user unknown
Jan  5 07:16:37 LabSZ sshd[15597]: pam_unix(sshd:auth): authentication failure; logname= uid=0 euid=0 tty=ssh ruser= rhost=103.99.0.122 
Jan  5 07:16:39 LabSZ sshd[15595]: pam_unix(sshd:auth): authentication failure; logname= uid=0 euid=0 tty=ssh ruser= rhost=59.63.188.30  user=root
Jan  5 07:16:40 LabSZ sshd[15597]: Failed password for invalid user user from 103.99.0.122 port 59646 ssh2
Jan  5 07:16:41 LabSZ sshd[15595]: Failed password for root from 59.63.188.30 port 4328 ssh2
Jan  5 07:16:42 LabSZ sshd[15591]: message repeated 5 times: [ Failed password for root from 182.100.67.52 port 9702 ssh2]
Jan  5 07:16:42 LabSZ sshd[15591]: Disconnecting: Too many authentication failures for root [preauth]
Jan  5 07:16:42 LabSZ sshd[15591]: PAM 5 more authentication failures; logname= uid=0 euid=0 tty=ssh ruser= rhost=182.100.67.52  user=root
Jan  5 07:16:42 LabSZ sshd[15591]: PAM service(sshd) ignoring max retries; 6 > 3
Jan  5 07:16:42 LabSZ sshd[15597]: error: Received disconnect from 103.99.0.122: 14: No more user authentication methods available. [preauth]
Jan  5 07:16:44 LabSZ sshd[15599]: pam_unix(sshd:auth): authentication failure; logname= uid=0 euid=0 tty=ssh ruser= rhost=103.99.0.122  user=root
Jan  5 07:16:46 LabSZ sshd[15599]: Failed password for root from 103.99.0.122 port 61101 ssh2
Jan  5 07:16:47 LabSZ sshd[15599]: error: Received disconnect from 103.99.0.122: 14: No more user authentication methods available. [preauth]
Jan  5 07:16:49 LabSZ sshd[15601]: Invalid user 1234 from 103.99.0.122
Jan  5 07:16:49 LabSZ sshd[15601]: input_userauth_request: invalid user 1234 [preauth]
Jan  5 07:16:49 LabSZ sshd[15601]: pam_unix(sshd:auth): check pass; user unknown
Jan  5 07:16:49 LabSZ sshd[15601]: pam_unix(sshd:auth): authentication failure; logname= uid=0 euid=0 tty=ssh ruser= rhost=103.99.0.122 
Jan  5 07:16:51 LabSZ sshd[15601]: Failed password for invalid user 1234 from 103.99.0.122 port 62047 ssh2
Jan  5 07:16:51 LabSZ sshd[15601]: error: Received disconnect from 103.99.0.122: 14: No more user authentication methods available. [preauth]
Jan  5 07:16:53 LabSZ sshd[15605]: pam_unix(sshd:auth): authentication failure; logname= uid=0 euid=0 tty=ssh ruser= rhost=182.100.67.52  user=root
Jan  5 07:16:54 LabSZ sshd[15603]: pam_unix(sshd:auth): authentication failure; logname= uid=0 euid=0 tty=ssh ruser= rhost=103.99.0.122  user=root
Jan  5 07:16:55 LabSZ sshd[15595]: message repeated 5 times: [ Failed password for root from 59.63.188.30 port 4328 ssh2]
Jan  5 07:16:55 LabSZ sshd[15595]: Disconnecting: Too many authentication failures for root [preauth]
Jan  5 07:16:55 LabSZ sshd[15595]: PAM 5 more authentication failures; logname= uid=0 euid=0 tty=ssh ruser= rhost=59.63.188.30  user=root
Jan  5 07:16:55 LabSZ sshd[15595]: PAM service(sshd) ignoring max retries; 6 > 3
Jan  5 07:16:55 LabSZ sshd[15605]: Failed password for root from 182.100.67.52 port 51184 ssh2
Jan  5 07:16:55 LabSZ sshd[15603]: Failed password for root from 103.99.0.122 port 62945 ssh2
Jan  5 07:16:56 LabSZ sshd[15607]: pam_unix(sshd:auth): authentication failure; logname= uid=0 euid=0 tty=ssh ruser= rhost=59.63.188.30  user=root
Jan  5 07:16:56 LabSZ sshd[15603]: error: Received disconnect from 103.99.0.122: 14: No more user authentication methods available. [preauth]
Jan  5 07:16:58 LabSZ sshd[15607]: Failed password for root from 59.63.188.30 port 22099 ssh2
Jan  5 07:17:00 LabSZ sshd[15609]: Invalid user anonymous from 103.99.0.122
Jan  5 07:17:00 LabSZ sshd[15609]: input_userauth_request: invalid user anonymous [preauth]
Jan  5 07:17:00 LabSZ sshd[15609]: pam_unix(sshd:auth): check pass; user unknown
Jan  5 07:17:00 LabSZ sshd[15609]: pam_unix(sshd:auth): authentication failure; logname= uid=0 euid=0 tty=ssh ruser= rhost=103.99.0.122 
Jan  5 07:17:02 LabSZ sshd[15609]: Failed password for invalid user anonymous from 103.99.0.122 port 64029 ssh2
Jan  5 07:17:02 LabSZ sshd[15609]: error: Received disconnect from 103.99.0.122: 14: No more user authentication methods available. [preauth]
Jan  5 07:17:03 LabSZ sshd[15614]: Invalid user admin from 103.99.0.122
Jan  5 07:17:03 LabSZ sshd[15614]: input_userauth_request: invalid user admin [preauth]
Jan  5 07:17:03 LabSZ sshd[15614]: pam_unix(sshd:auth): check pass; user unknown
Jan  5 07:17:03 LabSZ sshd[15614]: pam_unix(sshd:auth): authentication failure; logname= uid=0 euid=0 tty=ssh ruser= rhost=103.99.0.122 
Jan  5 07:17:05 LabSZ sshd[15614]: Failed password for invalid user admin from 103.99.0.122 port 65434 ssh2
Jan  5 07:17:05 LabSZ sshd[15614]: error: Received disconnect from 103.99.0.122: 14: No more user authentication methods available. [preauth]
Jan  5 07:17:07 LabSZ sshd[15616]: Invalid user ubnt from 103.99.0.122
Jan  5 07:17:07 LabSZ sshd[15616]: input_userauth_request: invalid user ubnt [preauth]
Jan  5 07:17:07 LabSZ sshd[15616]: pam_unix(sshd:auth): check pass; user unknown
Jan  5 07:17:07 LabSZ sshd[15616]: pam_unix(sshd:auth): authentication failure; logname= uid=0 euid=0 tty=ssh ruser= rhost=103.99.0.122 
Jan  5 07:17:08 LabSZ sshd[15605]: message repeated 5 times: [ Failed password for root from 182.100.67.52 port 51184 ssh2]
Jan  5 07:17:08 LabSZ sshd[15605]: Disconnecting: Too many authentication failures for root [preauth]
Jan  5 07:17:08 LabSZ sshd[15605]: PAM 5 more authentication failures; logname= uid=0 euid=0 tty=ssh ruser= rhost=182.100.67.52  user=root
Jan  5 07:17:08 LabSZ sshd[15605]: PAM service(sshd) ignoring max retries; 6 > 3
Jan  5 07:17:09 LabSZ sshd[15618]: pam_unix(sshd:auth): authentication failure; logname= uid=0 euid=0 tty=ssh ruser= rhost=182.100.67.52  user=root
Jan  5 07:17:09 LabSZ sshd[15616]: Failed password for invalid user ubnt from 103.99.0.122 port 49780 ssh2
Jan  5 07:17:10 LabSZ sshd[15616]: error: Received disconnect from 103.99.0.122: 14: No more user authentication methods available. [preauth]
Jan  5 07:17:10 LabSZ sshd[15618]: Failed password for root from 182.100.67.52 port 10552 ssh2
Jan  5 07:17:12 LabSZ sshd[15620]: pam_unix(sshd:auth): authentication failure; logname= uid=0 euid=0 tty=ssh ruser= rhost=103.99.0.122  user=uucp
Jan  5 07:17:14 LabSZ sshd[15620]: Failed password for uucp from 103.99.0.122 port 51065 ssh2
Jan  5 07:17:15 LabSZ sshd[15620]: error: Received disconnect from 103.99.0.122: 14: No more user authentication methods available. [preauth]
Jan  5 07:17:15 LabSZ sshd[15607]: message repeated 5 times: [ Failed password for root from 59.63.188.30 port 22099 ssh2]
Jan  5 07:17:15 LabSZ sshd[15607]: Disconnecting: Too many authentication failures for root [preauth]
Jan  5 07:17:15 LabSZ sshd[15607]: PAM 5 more authentication failures; logname= uid=0 euid=0 tty=ssh ruser= rhost=59.63.188.30  user=root
Jan  5 07:17:15 LabSZ sshd[15607]: PAM service(sshd) ignoring max retries; 6 > 3
Jan  5 07:17:16 LabSZ sshd[15622]: pam_unix(sshd:auth): authentication failure; logname= uid=0 euid=0 tty=ssh ruser= rhost=103.99.0.122  user=sshd
Jan  5 07:17:16 LabSZ sshd[15624]: pam_unix(sshd:auth): authentication failure; logname= uid=0 euid=0 tty=ssh ruser= rhost=59.63.188.30  user=root
Jan  5 07:17:18 LabSZ sshd[15622]: Failed password for sshd from 103.99.0.122 port 52088 ssh2
Jan  5 07:17:18 LabSZ sshd[15624]: Failed password for root from 59.63.188.30 port 44043 ssh2
