Jan  4 04:04:28 LabSZ sshd[16304]: Invalid user admin from 183.196.29.120
Jan  4 04:04:28 LabSZ sshd[16304]: input_userauth_request: invalid user admin [preauth]
Jan  4 04:04:28 LabSZ sshd[16304]: pam_unix(sshd:auth): check pass; user unknown
Jan  4 04:04:28 LabSZ sshd[16304]: pam_unix(sshd:auth): authentication failure; logname= uid=0 euid=0 tty=ssh ruser= rhost=183.196.29.120 
Jan  4 04:04:29 LabSZ sshd[16302]: Failed password for root from 182.100.67.52 port 45330 ssh2
Jan  4 04:04:30 LabSZ sshd[16304]: Failed password for invalid user admin from 183.196.29.120 port 41324 ssh2
Jan  4 04:04:30 LabSZ sshd[16304]: Received disconnect from 183.196.29.120: 11: Bye Bye [preauth]
Jan  4 04:04:31 LabSZ sshd[16306]: Invalid user user from 183.196.29.120
Jan  4 04:04:31 LabSZ sshd[16306]: input_userauth_request: invalid user user [preauth]
Jan  4 04:04:31 LabSZ sshd[16306]: pam_unix(sshd:auth): check pass; user unknown
Jan  4 04:04:31 LabSZ sshd[16306]: pam_unix(sshd:auth): authentication failure; logname= uid=0 euid=0 tty=ssh ruser= rhost=183.196.29.120 
Jan  4 04:04:32 LabSZ sshd[16290]: message repeated 5 times: [ Failed password for root from 218.87.109.156 port 23930 ssh2]
Jan  4 04:04:32 LabSZ sshd[16290]: Disconnecting: Too many authentication failures for root [preauth]
Jan  4 04:04:32 LabSZ sshd[16290]: PAM 5 more authentication failures; logname= uid=0 euid=0 tty=ssh ruser= rhost=218.87.109.156  user=root
Jan  4 04:04:32 LabSZ sshd[16290]: PAM service(sshd) ignoring max retries; 6 > 3
Jan  4 04:04:33 LabSZ sshd[16306]: Failed password for invalid user user from 183.196.29.120 port 41434 ssh2
Jan  4 04:04:33 LabSZ sshd[16306]: Received disconnect from 183.196.29.120: 11: Bye Bye [preauth]
Jan  4 04:04:34 LabSZ sshd[16309]: pam_unix(sshd:auth): authentication failure; logname= uid=0 euid=0 tty=ssh ruser= rhost=218.87.109.156  user=root
Jan  4 04:04:34 LabSZ sshd[16294]: message repeated 5 times: [ Failed password for root from 59.63.188.30 port 22452 ssh2]
Jan  4 04:04:34 LabSZ sshd[16294]: Disconnecting: Too many authentication failures for root [preauth]
Jan  4 04:04:34 LabSZ sshd[16294]: PAM 5 more authentication failures; logname= uid=0 euid=0 tty=ssh ruser= rhost=59.63.188.30  user=root
Jan  4 04:04:34 LabSZ sshd[16294]: PAM service(sshd) ignoring max retries; 6 > 3
Jan  4 04:04:34 LabSZ sshd[16308]: pam_unix(sshd:auth): authentication failure; logname= uid=0 euid=0 tty=ssh ruser= rhost=183.196.29.120  user=root
Jan  4 04:04:35 LabSZ sshd[16309]: Failed password for root from 218.87.109.156 port 62218 ssh2
Jan  4 04:04:35 LabSZ sshd[16296]: message repeated 5 times: [ Failed password for root from 59.63.188.30 port 23356 ssh2]
Jan  4 04:04:35 LabSZ sshd[16296]: Disconnecting: Too many authentication failures for root [preauth]
Jan  4 04:04:35 LabSZ sshd[16296]: PAM 5 more authentication failures; logname= uid=0 euid=0 tty=ssh ruser= rhost=59.63.188.30  user=root
Jan  4 04:04:35 LabSZ sshd[16296]: PAM service(sshd) ignoring max retries; 6 > 3
Jan  4 04:04:36 LabSZ sshd[16312]: pam_unix(sshd:auth): authentication failure; logname= uid=0 euid=0 tty=ssh ruser= rhost=59.63.188.30  user=root
Jan  4 04:04:36 LabSZ sshd[16308]: Failed password for root from 183.196.29.120 port 41534 ssh2
Jan  4 04:04:36 LabSZ sshd[16308]: Received disconnect from 183.196.29.120: 11: Bye Bye [preauth]
Jan  4 04:04:36 LabSZ sshd[16316]: pam_unix(sshd:auth): authentication failure; logname= uid=0 euid=0 tty=ssh ruser= rhost=59.63.188.30  user=root
Jan  4 04:04:38 LabSZ sshd[16312]: Failed password for root from 59.63.188.30 port 44086 ssh2
Jan  4 04:04:38 LabSZ sshd[16316]: Failed password for root from 59.63.188.30 port 45001 ssh2
Jan  4 04:04:42 LabSZ sshd[16314]: pam_unix(sshd:auth): authentication failure; logname= uid=0 euid=0 tty=ssh ruser= rhost=183.196.29.120  user=root
Jan  4 04:04:43 LabSZ sshd[16302]: message repeated 5 times: [ Failed password for root from 182.100.67.52 port 45330 ssh2]
Jan  4 04:04:43 LabSZ sshd[16302]: Disconnecting: Too many authentication failures for root [preauth]
Jan  4 04:04:43 LabSZ sshd[16302]: PAM 5 more authentication failures; logname= uid=0 euid=0 tty=ssh ruser= rhost=182.100.67.52  user=root
Jan  4 04:04:43 LabSZ sshd[16302]: PAM service(sshd) ignoring max retries; 6 > 3
Jan  4 04:04:44 LabSZ sshd[16314]: Failed password for root from 183.196.29.120 port 41631 ssh2
Jan  4 04:04:44 LabSZ sshd[16314]: Received disconnect from 183.196.29.120: 11: Bye Bye [preauth]
Jan  4 04:04:44 LabSZ sshd[16319]: pam_unix(sshd:auth): authentication failure; logname= uid=0 euid=0 tty=ssh ruser= rhost=182.100.67.52  user=root
Jan  4 04:04:46 LabSZ sshd[16319]: Failed password for root from 182.100.67.52 port 22160 ssh2
Jan  4 04:04:47 LabSZ sshd[16318]: Invalid user pi from 183.196.29.120
Jan  4 04:04:47 LabSZ sshd[16318]: input_userauth_request: invalid user pi [preauth]
Jan  4 04:04:47 LabSZ sshd[16318]: pam_unix(sshd:auth): check pass; user unknown
Jan  4 04:04:47 LabSZ sshd[16318]: pam_unix(sshd:auth): authentication failure; logname= uid=0 euid=0 tty=ssh ruser= rhost=183.196.29.120 
Jan  4 04:04:47 LabSZ sshd[16309]: message repeated 5 times: [ Failed password for root from 218.87.109.156 port 62218 ssh2]
Jan  4 04:04:47 LabSZ sshd[16309]: Disconnecting: Too many authentication failures for root [preauth]
Jan  4 04:04:47 LabSZ sshd[16309]: PAM 5 more authentication failures; logname= uid=0 euid=0 tty=ssh ruser= rhost=218.87.109.156  user=root
Jan  4 04:04:47 LabSZ sshd[16309]: PAM service(sshd) ignoring max retries; 6 > 3
Jan  4 04:04:48 LabSZ sshd[16322]: pam_unix(sshd:auth): authentication failure; logname= uid=0 euid=0 tty=ssh ruser= rhost=218.87.109.156  user=root
Jan  4 04:04:49 LabSZ sshd[16318]: Failed password for invalid user pi from 183.196.29.120 port 41890 ssh2
Jan  4 04:04:49 LabSZ sshd[16318]: Received disconnect from 183.196.29.120: 11: Bye Bye [preauth]
Jan  4 04:04:50 LabSZ sshd[16316]: message repeated 5 times: [ Failed password for root from 59.63.188.30 port 45001 ssh2]
Jan  4 04:04:50 LabSZ sshd[16316]: Disconnecting: Too many authentication failures for root [preauth]
Jan  4 04:04:50 LabSZ sshd[16316]: PAM 5 more authentication failures; logname= uid=0 euid=0 tty=ssh ruser= rhost=59.63.188.30  user=root
Jan  4 04:04:50 LabSZ sshd[16316]: PAM service(sshd) ignoring max retries; 6 > 3
Jan  4 04:04:50 LabSZ sshd[16324]: Invalid user pi from 183.196.29.120
Jan  4 04:04:50 LabSZ sshd[16324]: input_userauth_request: invalid user pi [preauth]
Jan  4 04:04:50 LabSZ sshd[16312]: message repeated 5 times: [ Failed password for root from 59.63.188.30 port 44086 ssh2]
Jan  4 04:04:50 LabSZ sshd[16312]: Disconnecting: Too many authentication failures for root [preauth]
Jan  4 04:04:50 LabSZ sshd[16312]: PAM 5 more authentication failures; logname= uid=0 euid=0 tty=ssh ruser= rhost=59.63.188.30  user=root
Jan  4 04:04:50 LabSZ sshd[16312]: PAM service(sshd) ignoring max retries; 6 > 3
Jan  4 04:04:50 LabSZ sshd[16324]: pam_unix(sshd:auth): check pass; user unknown
Jan  4 04:04:50 LabSZ sshd[16324]: pam_unix(sshd:auth): authentication failure; logname= uid=0 euid=0 tty=ssh ruser= rhost=183.196.29.120 
Jan  4 04:04:50 LabSZ sshd[16322]: Failed password for root from 218.87.109.156 port 31230 ssh2
Jan  4 04:04:51 LabSZ sshd[16326]: pam_unix(sshd:auth): authentication failure; logname= uid=0 euid=0 tty=ssh ruser= rhost=59.63.188.30  user=root
Jan  4 04:04:51 LabSZ sshd[16328]: pam_unix(sshd:auth): authentication failure; logname= uid=0 euid=0 tty=ssh ruser= rhost=59.63.188.30  user=root
Jan  4 04:04:53 LabSZ sshd[16324]: Failed password for invalid user pi from 183.196.29.120 port 42038 ssh2
Jan  4 04:04:53 LabSZ sshd[16324]: Received disconnect from 183.196.29.120: 11: Bye Bye [preauth]
Jan  4 04:04:54 LabSZ sshd[16326]: Failed password for root from 59.63.188.30 port 65212 ssh2
Jan  4 04:04:54 LabSZ sshd[16328]: Failed password for root from 59.63.188.30 port 65266 ssh2
Jan  4 04:04:54 LabSZ sshd[16330]: Invalid user baikal from 183.196.29.120
Jan  4 04:04:54 LabSZ sshd[16330]: input_userauth_request: invalid user baikal [preauth]
Jan  4 04:04:54 LabSZ sshd[16330]: pam_unix(sshd:auth): check pass; user unknown
Jan  4 04:04:54 LabSZ sshd[16330]: pam_unix(sshd:auth): authentication failure; logname= uid=0 euid=0 tty=ssh ruser= rhost=183.196.29.120 
Jan  4 04:04:56 LabSZ sshd[16330]: Failed password for invalid user baikal from 183.196.29.120 port 42177 ssh2
Jan  4 04:04:56 LabSZ sshd[16330]: Received disconnect from 183.196.29.120: 11: Bye Bye [preauth]
Jan  4 04:04:57 LabSZ sshd[16332]: Invalid user ethos from 183.196.29.120
Jan  4 04:04:57 LabSZ sshd[16332]: input_userauth_request: invalid user ethos [preauth]
Jan  4 04:04:57 LabSZ sshd[16332]: pam_unix(sshd:auth): check pass; user unknown
Jan  4 04:04:57 LabSZ sshd[16332]: pam_unix(sshd:auth): authentication failure; logname= uid=0 euid=0 tty=ssh ruser= rhost=183.196.29.120 
Jan  4 04:04:59 LabSZ sshd[16319]: message repeated 5 times: [ Failed password for root from 182.100.67.52 port 22160 ssh2]
Jan  4 04:04:59 LabSZ sshd[16319]: Disconnecting: Too many authentication failures for root [preauth]
Jan  4 04:04:59 LabSZ sshd[16319]: PAM 5 more authentication failures; logname= uid=0 euid=0 tty=ssh ruser= rhost=182.100.67.52  user=root
Jan  4 04:04:59 LabSZ sshd[16319]: PAM service(sshd) ignoring max retries; 6 > 3
Jan  4 04:04:59 LabSZ sshd[16332]: Failed password for invalid user ethos from 183.196.29.120 port 42269 ssh2
Jan  4 04:04:59 LabSZ sshd[16332]: Received disconnect from 183.196.29.120: 11: Bye Bye [preauth]
Jan  4 04:05:00 LabSZ sshd[16336]: pam_unix(sshd:auth): authentication failure; logname= uid=0 euid=0 tty=ssh ruser= rhost=182.100.67.52  user=root
Jan  4 04:05:00 LabSZ sshd[16334]: Invalid user xbmc from 183.196.29.120
Jan  4 04:05:00 LabSZ sshd[16334]: input_userauth_request: invalid user xbmc [preauth]
Jan  4 04:05:00 LabSZ sshd[16334]: pam_unix(sshd:auth): check pass; user unknown
Jan  4 04:05:00 LabSZ sshd[16334]: pam_unix(sshd:auth): authentication failure; logname= uid=0 euid=0 tty=ssh ruser= rhost=183.196.29.120 
Jan  4 04:05:01 LabSZ sshd[16336]: Failed password for root from 182.100.67.52 port 58182 ssh2
Jan  4 04:05:02 LabSZ sshd[16322]: message repeated 5 times: [ Failed password for root from 218.87.109.156 port 31230 ssh2]
Jan  4 04:05:02 LabSZ sshd[16322]: Disconnecting: Too many authentication failures for root [preauth]
Jan  4 04:05:02 LabSZ sshd[16322]: PAM 5 more authentication failures; logname= uid=0 euid=0 tty=ssh ruser= rhost=218.87.109.156  user=root
Jan  4 04:05:02 LabSZ sshd[16322]: PAM service(sshd) ignoring max retries; 6 > 3
Jan  4 04:05:02 LabSZ sshd[16334]: Failed password for invalid user xbmc from 183.196.29.120 port 42372 ssh2
