Jan  3 18:14:40 LabSZ sshd[5462]: Failed password for invalid user admin from 103.99.0.122 port 50502 ssh2
Jan  3 18:14:40 LabSZ sshd[5462]: error: Received disconnect from 103.99.0.122: 14: No more user authentication methods available. [preauth]
Jan  3 18:14:41 LabSZ sshd[5456]: message repeated 5 times: [ Failed password for root from 59.63.188.30 port 3049 ssh2]
Jan  3 18:14:41 LabSZ sshd[5456]: Disconnecting: Too many authentication failures for root [preauth]
Jan  3 18:14:41 LabSZ sshd[5456]: PAM 5 more authentication failures; logname= uid=0 euid=0 tty=ssh ruser= rhost=59.63.188.30  user=root
Jan  3 18:14:41 LabSZ sshd[5456]: PAM service(sshd) ignoring max retries; 6 > 3
Jan  3 18:14:42 LabSZ sshd[5464]: Invalid user ubnt from 103.99.0.122
Jan  3 18:14:42 LabSZ sshd[5464]: input_userauth_request: invalid user ubnt [preauth]
Jan  3 18:14:42 LabSZ sshd[5464]: pam_unix(sshd:auth): check pass; user unknown
Jan  3 18:14:42 LabSZ sshd[5464]: pam_unix(sshd:auth): authentication failure; logname= uid=0 euid=0 tty=ssh ruser= rhost=103.99.0.122 
Jan  3 18:14:43 LabSZ sshd[5466]: pam_unix(sshd:auth): authentication failure; logname= uid=0 euid=0 tty=ssh ruser= rhost=59.63.188.30  user=root
Jan  3 18:14:44 LabSZ sshd[5464]: Failed password for invalid user ubnt from 103.99.0.122 port 51114 ssh2
Jan  3 18:14:45 LabSZ sshd[5466]: Failed password for root from 59.63.188.30 port 19255 ssh2
Jan  3 18:14:45 LabSZ sshd[5464]: error: Received disconnect from 103.99.0.122: 14: No more user authentication methods available. [preauth]
Jan  3 18:14:45 LabSZ sshd[5468]: pam_unix(sshd:auth): authentication failure; logname= uid=0 euid=0 tty=ssh ruser= rhost=103.99.0.122  user=uucp
Jan  3 18:14:46 LabSZ sshd[5460]: message repeated 5 times: [ Failed password for root from 218.87.109.156 port 54598 ssh2]
Jan  3 18:14:46 LabSZ sshd[5460]: Disconnecting: Too many authentication failures for root [preauth]
Jan  3 18:14:46 LabSZ sshd[5460]: PAM 5 more authentication failures; logname= uid=0 euid=0 tty=ssh ruser= rhost=218.87.109.156  user=root
Jan  3 18:14:46 LabSZ sshd[5460]: PAM service(sshd) ignoring max retries; 6 > 3
Jan  3 18:14:47 LabSZ sshd[5468]: Failed password for uucp from 103.99.0.122 port 51583 ssh2
Jan  3 18:14:48 LabSZ sshd[5468]: error: Received disconnect from 103.99.0.122: 14: No more user authentication methods available. [preauth]
Jan  3 18:14:50 LabSZ sshd[5472]: pam_unix(sshd:auth): authentication failure; logname= uid=0 euid=0 tty=ssh ruser= rhost=103.99.0.122  user=sshd
Jan  3 18:14:52 LabSZ sshd[5472]: Failed password for sshd from 103.99.0.122 port 51925 ssh2
Jan  3 18:14:53 LabSZ sshd[5472]: error: Received disconnect from 103.99.0.122: 14: No more user authentication methods available. [preauth]
Jan  3 18:14:55 LabSZ sshd[5474]: Invalid user admin from 103.99.0.122
Jan  3 18:14:55 LabSZ sshd[5474]: input_userauth_request: invalid user admin [preauth]
Jan  3 18:14:55 LabSZ sshd[5474]: pam_unix(sshd:auth): check pass; user unknown
Jan  3 18:14:55 LabSZ sshd[5474]: pam_unix(sshd:auth): authentication failure; logname= uid=0 euid=0 tty=ssh ruser= rhost=103.99.0.122 
Jan  3 18:14:55 LabSZ sshd[5470]: pam_unix(sshd:auth): authentication failure; logname= uid=0 euid=0 tty=ssh ruser= rhost=218.87.109.156  user=root
Jan  3 18:14:56 LabSZ sshd[5466]: message repeated 5 times: [ Failed password for root from 59.63.188.30 port 19255 ssh2]
Jan  3 18:14:56 LabSZ sshd[5466]: Disconnecting: Too many authentication failures for root [preauth]
Jan  3 18:14:56 LabSZ sshd[5466]: PAM 5 more authentication failures; logname= uid=0 euid=0 tty=ssh ruser= rhost=59.63.188.30  user=root
Jan  3 18:14:56 LabSZ sshd[5466]: PAM service(sshd) ignoring max retries; 6 > 3
Jan  3 18:14:57 LabSZ sshd[5474]: Failed password for invalid user admin from 103.99.0.122 port 52513 ssh2
Jan  3 18:14:57 LabSZ sshd[5476]: pam_unix(sshd:auth): authentication failure; logname= uid=0 euid=0 tty=ssh ruser= rhost=59.63.188.30  user=root
Jan  3 18:14:57 LabSZ sshd[5474]: error: Received disconnect from 103.99.0.122: 14: No more user authentication methods available. [preauth]
Jan  3 18:14:57 LabSZ sshd[5470]: Failed password for root from 218.87.109.156 port 30742 ssh2
Jan  3 18:14:59 LabSZ sshd[5476]: Failed password for root from 59.63.188.30 port 35884 ssh2
Jan  3 18:14:59 LabSZ sshd[5478]: Invalid user cisco from 103.99.0.122
Jan  3 18:14:59 LabSZ sshd[5478]: input_userauth_request: invalid user cisco [preauth]
Jan  3 18:14:59 LabSZ sshd[5478]: pam_unix(sshd:auth): check pass; user unknown
Jan  3 18:14:59 LabSZ sshd[5478]: pam_unix(sshd:auth): authentication failure; logname= uid=0 euid=0 tty=ssh ruser= rhost=103.99.0.122 
Jan  3 18:15:01 LabSZ sshd[5478]: Failed password for invalid user cisco from 103.99.0.122 port 52961 ssh2
Jan  3 18:15:01 LabSZ sshd[5478]: error: Received disconnect from 103.99.0.122: 14: No more user authentication methods available. [preauth]
Jan  3 18:15:02 LabSZ sshd[5480]: Invalid user test from 103.99.0.122
Jan  3 18:15:02 LabSZ sshd[5480]: input_userauth_request: invalid user test [preauth]
Jan  3 18:15:02 LabSZ sshd[5480]: pam_unix(sshd:auth): check pass; user unknown
Jan  3 18:15:02 LabSZ sshd[5480]: pam_unix(sshd:auth): authentication failure; logname= uid=0 euid=0 tty=ssh ruser= rhost=103.99.0.122 
Jan  3 18:15:04 LabSZ sshd[5480]: Failed password for invalid user test from 103.99.0.122 port 53326 ssh2
Jan  3 18:15:05 LabSZ sshd[5480]: error: Received disconnect from 103.99.0.122: 14: No more user authentication methods available. [preauth]
Jan  3 18:15:06 LabSZ sshd[5482]: Invalid user guest from 103.99.0.122
Jan  3 18:15:06 LabSZ sshd[5482]: input_userauth_request: invalid user guest [preauth]
Jan  3 18:15:06 LabSZ sshd[5482]: pam_unix(sshd:auth): check pass; user unknown
Jan  3 18:15:06 LabSZ sshd[5482]: pam_unix(sshd:auth): authentication failure; logname= uid=0 euid=0 tty=ssh ruser= rhost=103.99.0.122 
Jan  3 18:15:08 LabSZ sshd[5482]: Failed password for invalid user guest from 103.99.0.122 port 53755 ssh2
Jan  3 18:15:09 LabSZ sshd[5482]: error: Received disconnect from 103.99.0.122: 14: No more user authentication methods available. [preauth]
Jan  3 18:15:10 LabSZ sshd[5470]: message repeated 5 times: [ Failed password for root from 218.87.109.156 port 30742 ssh2]
Jan  3 18:15:10 LabSZ sshd[5470]: Disconnecting: Too many authentication failures for root [preauth]
Jan  3 18:15:10 LabSZ sshd[5470]: PAM 5 more authentication failures; logname= uid=0 euid=0 tty=ssh ruser= rhost=218.87.109.156  user=root
Jan  3 18:15:10 LabSZ sshd[5470]: PAM service(sshd) ignoring max retries; 6 > 3
Jan  3 18:15:11 LabSZ sshd[5476]: message repeated 5 times: [ Failed password for root from 59.63.188.30 port 35884 ssh2]
Jan  3 18:15:11 LabSZ sshd[5476]: Disconnecting: Too many authentication failures for root [preauth]
Jan  3 18:15:11 LabSZ sshd[5476]: PAM 5 more authentication failures; logname= uid=0 euid=0 tty=ssh ruser= rhost=59.63.188.30  user=root
Jan  3 18:15:11 LabSZ sshd[5476]: PAM service(sshd) ignoring max retries; 6 > 3
Jan  3 18:15:11 LabSZ sshd[5484]: Invalid user user from 103.99.0.122
Jan  3 18:15:11 LabSZ sshd[5484]: input_userauth_request: invalid user user [preauth]
Jan  3 18:15:11 LabSZ sshd[5484]: pam_unix(sshd:auth): check pass; user unknown
Jan  3 18:15:11 LabSZ sshd[5484]: pam_unix(sshd:auth): authentication failure; logname= uid=0 euid=0 tty=ssh ruser= rhost=103.99.0.122 
Jan  3 18:15:12 LabSZ sshd[5486]: pam_unix(sshd:auth): authentication failure; logname= uid=0 euid=0 tty=ssh ruser= rhost=59.63.188.30  user=root
Jan  3 18:15:12 LabSZ sshd[5484]: Failed password for invalid user user from 103.99.0.122 port 54279 ssh2
Jan  3 18:15:13 LabSZ sshd[5484]: error: Received disconnect from 103.99.0.122: 14: No more user authentication methods available. [preauth]
Jan  3 18:15:14 LabSZ sshd[5486]: Failed password for root from 59.63.188.30 port 52492 ssh2
Jan  3 18:15:15 LabSZ sshd[5490]: pam_unix(sshd:auth): authentication failure; logname= uid=0 euid=0 tty=ssh ruser= rhost=218.87.109.156  user=root
Jan  3 18:15:15 LabSZ sshd[5488]: Invalid user operator from 103.99.0.122
Jan  3 18:15:15 LabSZ sshd[5488]: input_userauth_request: invalid user operator [preauth]
Jan  3 18:15:15 LabSZ sshd[5488]: pam_unix(sshd:auth): check pass; user unknown
Jan  3 18:15:15 LabSZ sshd[5488]: pam_unix(sshd:auth): authentication failure; logname= uid=0 euid=0 tty=ssh ruser= rhost=103.99.0.122 
Jan  3 18:15:16 LabSZ sshd[5490]: Failed password for root from 218.87.109.156 port 24436 ssh2
Jan  3 18:15:17 LabSZ sshd[5488]: Failed password for invalid user operator from 103.99.0.122 port 54678 ssh2
Jan  3 18:15:17 LabSZ sshd[5488]: error: Received disconnect from 103.99.0.122: 14: No more user authentication methods available. [preauth]
Jan  3 18:15:20 LabSZ sshd[5492]: Invalid user admin from 103.99.0.122
Jan  3 18:15:20 LabSZ sshd[5492]: input_userauth_request: invalid user admin [preauth]
Jan  3 18:15:20 LabSZ sshd[5492]: pam_unix(sshd:auth): check pass; user unknown
Jan  3 18:15:20 LabSZ sshd[5492]: pam_unix(sshd:auth): authentication failure; logname= uid=0 euid=0 tty=ssh ruser= rhost=103.99.0.122 
Jan  3 18:15:22 LabSZ sshd[5492]: Failed password for invalid user admin from 103.99.0.122 port 55055 ssh2
Jan  3 18:15:23 LabSZ sshd[5492]: error: Received disconnect from 103.99.0.122: 14: No more user authentication methods available. [preauth]
Jan  3 18:15:26 LabSZ sshd[5486]: message repeated 5 times: [ Failed password for root from 59.63.188.30 port 52492 ssh2]
Jan  3 18:15:26 LabSZ sshd[5486]: Disconnecting: Too many authentication failures for root [preauth]
Jan  3 18:15:26 LabSZ sshd[5486]: PAM 5 more authentication failures; logname= uid=0 euid=0 tty=ssh ruser= rhost=59.63.188.30  user=root
Jan  3 18:15:26 LabSZ sshd[5486]: PAM service(sshd) ignoring max retries; 6 > 3
Jan  3 18:15:27 LabSZ sshd[5494]: pam_unix(sshd:auth): authentication failure; logname= uid=0 euid=0 tty=ssh ruser= rhost=103.99.0.122  user=root
Jan  3 18:15:27 LabSZ sshd[5496]: pam_unix(sshd:auth): authentication failure; logname= uid=0 euid=0 tty=ssh ruser= rhost=59.63.188.30  user=root
Jan  3 18:15:29 LabSZ sshd[5494]: Failed password for root from 103.99.0.122 port 55690 ssh2
Jan  3 18:15:29 LabSZ sshd[5494]: error: Received disconnect from 103.99.0.122: 14: No more user authentication methods available. [preauth]
Jan  3 18:15:29 LabSZ sshd[5496]: Failed password for root from 59.63.188.30 port 6165 ssh2
Jan  3 18:15:30 LabSZ sshd[5490]: message repeated 5 times: [ Failed password for root from 218.87.109.156 port 24436 ssh2]
Jan  3 18:15:30 LabSZ sshd[5490]: Disconnecting: Too many authentication failures for root [preauth]
Jan  3 18:15:30 LabSZ sshd[5490]: PAM 5 more authentication failures; logname= uid=0 euid=0 tty=ssh ruser= rhost=218.87.109.156  user=root
Jan  3 18:15:30 LabSZ sshd[5490]: PAM service(sshd) ignoring max retries; 6 > 3
Jan  3 18:15:31 LabSZ sshd[5498]: Invalid user admin from 103.99.0.122
