Jan  4 11:29:56 LabSZ sshd[29490]: pam_unix(sshd:auth): authentication failure; logname= uid=0 euid=0 tty=ssh ruser= rhost=59.63.188.30  user=root
Jan  4 11:29:56 LabSZ sshd[29474]: message repeated 5 times: [ Failed password for root from 59.63.188.30 port 33199 ssh2]
Jan  4 11:29:56 LabSZ sshd[29474]: Disconnecting: Too many authentication failures for root [preauth]
Jan  4 11:29:56 LabSZ sshd[29474]: PAM 5 more authentication failures; logname= uid=0 euid=0 tty=ssh ruser= rhost=59.63.188.30  user=root
Jan  4 11:29:56 LabSZ sshd[29474]: PAM service(sshd) ignoring max retries; 6 > 3
Jan  4 11:29:57 LabSZ sshd[29492]: pam_unix(sshd:auth): authentication failure; logname= uid=0 euid=0 tty=ssh ruser= rhost=59.63.188.30  user=root
Jan  4 11:29:58 LabSZ sshd[29488]: Invalid user ubuntu from 94.167.233.38
Jan  4 11:29:58 LabSZ sshd[29488]: input_userauth_request: invalid user ubuntu [preauth]
Jan  4 11:29:58 LabSZ sshd[29488]: pam_unix(sshd:auth): check pass; user unknown
Jan  4 11:29:58 LabSZ sshd[29488]: pam_unix(sshd:auth): authentication failure; logname= uid=0 euid=0 tty=ssh ruser= rhost=94.167.233.38 
Jan  4 11:29:59 LabSZ sshd[29490]: Failed password for root from 59.63.188.30 port 55059 ssh2
Jan  4 11:30:00 LabSZ sshd[29492]: Failed password for root from 59.63.188.30 port 56491 ssh2
Jan  4 11:30:01 LabSZ sshd[29488]: Failed password for invalid user ubuntu from 94.167.233.38 port 52873 ssh2
Jan  4 11:30:01 LabSZ sshd[29488]: Received disconnect from 94.167.233.38: 11: Bye Bye [preauth]
Jan  4 11:30:04 LabSZ sshd[29494]: Invalid user alarm from 94.167.233.38
Jan  4 11:30:04 LabSZ sshd[29494]: input_userauth_request: invalid user alarm [preauth]
Jan  4 11:30:04 LabSZ sshd[29494]: pam_unix(sshd:auth): check pass; user unknown
Jan  4 11:30:04 LabSZ sshd[29494]: pam_unix(sshd:auth): authentication failure; logname= uid=0 euid=0 tty=ssh ruser= rhost=94.167.233.38 
Jan  4 11:30:07 LabSZ sshd[29494]: Failed password for invalid user alarm from 94.167.233.38 port 53040 ssh2
Jan  4 11:30:07 LabSZ sshd[29494]: Received disconnect from 94.167.233.38: 11: Bye Bye [preauth]
Jan  4 11:30:08 LabSZ sshd[29486]: message repeated 5 times: [ Failed password for root from 182.100.67.52 port 21466 ssh2]
Jan  4 11:30:08 LabSZ sshd[29486]: Disconnecting: Too many authentication failures for root [preauth]
Jan  4 11:30:08 LabSZ sshd[29486]: PAM 5 more authentication failures; logname= uid=0 euid=0 tty=ssh ruser= rhost=182.100.67.52  user=root
Jan  4 11:30:08 LabSZ sshd[29486]: PAM service(sshd) ignoring max retries; 6 > 3
Jan  4 11:30:08 LabSZ sshd[29482]: message repeated 5 times: [ Failed password for root from 218.87.109.156 port 4540 ssh2]
Jan  4 11:30:08 LabSZ sshd[29482]: Disconnecting: Too many authentication failures for root [preauth]
Jan  4 11:30:08 LabSZ sshd[29482]: PAM 5 more authentication failures; logname= uid=0 euid=0 tty=ssh ruser= rhost=218.87.109.156  user=root
Jan  4 11:30:08 LabSZ sshd[29482]: PAM service(sshd) ignoring max retries; 6 > 3
Jan  4 11:30:09 LabSZ sshd[29498]: pam_unix(sshd:auth): authentication failure; logname= uid=0 euid=0 tty=ssh ruser= rhost=182.100.67.52  user=root
Jan  4 11:30:10 LabSZ sshd[29496]: Invalid user guest from 94.167.233.38
Jan  4 11:30:10 LabSZ sshd[29496]: input_userauth_request: invalid user guest [preauth]
Jan  4 11:30:10 LabSZ sshd[29496]: pam_unix(sshd:auth): check pass; user unknown
Jan  4 11:30:10 LabSZ sshd[29496]: pam_unix(sshd:auth): authentication failure; logname= uid=0 euid=0 tty=ssh ruser= rhost=94.167.233.38 
Jan  4 11:30:11 LabSZ sshd[29490]: message repeated 5 times: [ Failed password for root from 59.63.188.30 port 55059 ssh2]
Jan  4 11:30:11 LabSZ sshd[29490]: Disconnecting: Too many authentication failures for root [preauth]
Jan  4 11:30:11 LabSZ sshd[29490]: PAM 5 more authentication failures; logname= uid=0 euid=0 tty=ssh ruser= rhost=59.63.188.30  user=root
Jan  4 11:30:11 LabSZ sshd[29490]: PAM service(sshd) ignoring max retries; 6 > 3
Jan  4 11:30:11 LabSZ sshd[29498]: Failed password for root from 182.100.67.52 port 57046 ssh2
Jan  4 11:30:11 LabSZ sshd[29500]: pam_unix(sshd:auth): authentication failure; logname= uid=0 euid=0 tty=ssh ruser= rhost=218.87.109.156  user=root
Jan  4 11:30:12 LabSZ sshd[29502]: pam_unix(sshd:auth): authentication failure; logname= uid=0 euid=0 tty=ssh ruser= rhost=59.63.188.30  user=root
Jan  4 11:30:12 LabSZ sshd[29492]: message repeated 5 times: [ Failed password for root from 59.63.188.30 port 56491 ssh2]
Jan  4 11:30:12 LabSZ sshd[29492]: Disconnecting: Too many authentication failures for root [preauth]
Jan  4 11:30:12 LabSZ sshd[29492]: PAM 5 more authentication failures; logname= uid=0 euid=0 tty=ssh ruser= rhost=59.63.188.30  user=root
Jan  4 11:30:12 LabSZ sshd[29492]: PAM service(sshd) ignoring max retries; 6 > 3
Jan  4 11:30:12 LabSZ sshd[29500]: Failed password for root from 218.87.109.156 port 48658 ssh2
Jan  4 11:30:12 LabSZ sshd[29496]: Failed password for invalid user guest from 94.167.233.38 port 53204 ssh2
Jan  4 11:30:13 LabSZ sshd[29496]: Received disconnect from 94.167.233.38: 11: Bye Bye [preauth]
Jan  4 11:30:13 LabSZ sshd[29505]: pam_unix(sshd:auth): authentication failure; logname= uid=0 euid=0 tty=ssh ruser= rhost=59.63.188.30  user=root
Jan  4 11:30:13 LabSZ sshd[29502]: Failed password for root from 59.63.188.30 port 8472 ssh2
Jan  4 11:30:15 LabSZ sshd[29505]: Failed password for root from 59.63.188.30 port 10492 ssh2
Jan  4 11:30:15 LabSZ sshd[29504]: Invalid user test from 94.167.233.38
Jan  4 11:30:15 LabSZ sshd[29504]: input_userauth_request: invalid user test [preauth]
Jan  4 11:30:16 LabSZ sshd[29504]: pam_unix(sshd:auth): check pass; user unknown
Jan  4 11:30:16 LabSZ sshd[29504]: pam_unix(sshd:auth): authentication failure; logname= uid=0 euid=0 tty=ssh ruser= rhost=94.167.233.38 
Jan  4 11:30:18 LabSZ sshd[29504]: Failed password for invalid user test from 94.167.233.38 port 53377 ssh2
Jan  4 11:30:19 LabSZ sshd[29504]: Received disconnect from 94.167.233.38: 11: Bye Bye [preauth]
Jan  4 11:30:21 LabSZ sshd[29508]: Invalid user cirros from 94.167.233.38
Jan  4 11:30:21 LabSZ sshd[29508]: input_userauth_request: invalid user cirros [preauth]
Jan  4 11:30:21 LabSZ sshd[29508]: pam_unix(sshd:auth): check pass; user unknown
Jan  4 11:30:21 LabSZ sshd[29508]: pam_unix(sshd:auth): authentication failure; logname= uid=0 euid=0 tty=ssh ruser= rhost=94.167.233.38 
Jan  4 11:30:23 LabSZ sshd[29498]: message repeated 5 times: [ Failed password for root from 182.100.67.52 port 57046 ssh2]
Jan  4 11:30:23 LabSZ sshd[29498]: Disconnecting: Too many authentication failures for root [preauth]
Jan  4 11:30:23 LabSZ sshd[29498]: PAM 5 more authentication failures; logname= uid=0 euid=0 tty=ssh ruser= rhost=182.100.67.52  user=root
Jan  4 11:30:23 LabSZ sshd[29498]: PAM service(sshd) ignoring max retries; 6 > 3
Jan  4 11:30:24 LabSZ sshd[29508]: Failed password for invalid user cirros from 94.167.233.38 port 53534 ssh2
Jan  4 11:30:24 LabSZ sshd[29508]: Received disconnect from 94.167.233.38: 11: Bye Bye [preauth]
Jan  4 11:30:24 LabSZ sshd[29510]: pam_unix(sshd:auth): authentication failure; logname= uid=0 euid=0 tty=ssh ruser= rhost=182.100.67.52  user=root
Jan  4 11:30:25 LabSZ sshd[29500]: message repeated 5 times: [ Failed password for root from 218.87.109.156 port 48658 ssh2]
Jan  4 11:30:25 LabSZ sshd[29500]: Disconnecting: Too many authentication failures for root [preauth]
Jan  4 11:30:25 LabSZ sshd[29500]: PAM 5 more authentication failures; logname= uid=0 euid=0 tty=ssh ruser= rhost=218.87.109.156  user=root
Jan  4 11:30:25 LabSZ sshd[29500]: PAM service(sshd) ignoring max retries; 6 > 3
Jan  4 11:30:26 LabSZ sshd[29510]: Failed password for root from 182.100.67.52 port 24290 ssh2
Jan  4 11:30:26 LabSZ sshd[29502]: message repeated 5 times: [ Failed password for root from 59.63.188.30 port 8472 ssh2]
Jan  4 11:30:26 LabSZ sshd[29502]: Disconnecting: Too many authentication failures for root [preauth]
Jan  4 11:30:26 LabSZ sshd[29502]: PAM 5 more authentication failures; logname= uid=0 euid=0 tty=ssh ruser= rhost=59.63.188.30  user=root
Jan  4 11:30:26 LabSZ sshd[29502]: PAM service(sshd) ignoring max retries; 6 > 3
Jan  4 11:30:27 LabSZ sshd[29512]: Invalid user cirros from 94.167.233.38
Jan  4 11:30:27 LabSZ sshd[29512]: input_userauth_request: invalid user cirros [preauth]
Jan  4 11:30:27 LabSZ sshd[29505]: message repeated 5 times: [ Failed password for root from 59.63.188.30 port 10492 ssh2]
Jan  4 11:30:27 LabSZ sshd[29505]: Disconnecting: Too many authentication failures for root [preauth]
Jan  4 11:30:27 LabSZ sshd[29505]: PAM 5 more authentication failures; logname= uid=0 euid=0 tty=ssh ruser= rhost=59.63.188.30  user=root
Jan  4 11:30:27 LabSZ sshd[29505]: PAM service(sshd) ignoring max retries; 6 > 3
Jan  4 11:30:27 LabSZ sshd[29512]: pam_unix(sshd:auth): check pass; user unknown
Jan  4 11:30:27 LabSZ sshd[29512]: pam_unix(sshd:auth): authentication failure; logname= uid=0 euid=0 tty=ssh ruser= rhost=94.167.233.38 
Jan  4 11:30:27 LabSZ sshd[29516]: pam_unix(sshd:auth): authentication failure; logname= uid=0 euid=0 tty=ssh ruser= rhost=59.63.188.30  user=root
Jan  4 11:30:28 LabSZ sshd[29518]: pam_unix(sshd:auth): authentication failure; logname= uid=0 euid=0 tty=ssh ruser= rhost=59.63.188.30  user=root
Jan  4 11:30:29 LabSZ sshd[29512]: Failed password for invalid user cirros from 94.167.233.38 port 53693 ssh2
Jan  4 11:30:30 LabSZ sshd[29512]: Received disconnect from 94.167.233.38: 11: Bye Bye [preauth]
Jan  4 11:30:30 LabSZ sshd[29516]: Failed password for root from 59.63.188.30 port 26470 ssh2
Jan  4 11:30:31 LabSZ sshd[29518]: Failed password for root from 59.63.188.30 port 27138 ssh2
Jan  4 11:30:32 LabSZ sshd[29520]: Invalid user ethos from 94.167.233.38
Jan  4 11:30:32 LabSZ sshd[29520]: input_userauth_request: invalid user ethos [preauth]
Jan  4 11:30:33 LabSZ sshd[29520]: pam_unix(sshd:auth): check pass; user unknown
Jan  4 11:30:33 LabSZ sshd[29520]: pam_unix(sshd:auth): authentication failure; logname= uid=0 euid=0 tty=ssh ruser= rhost=94.167.233.38 
Jan  4 11:30:34 LabSZ sshd[29514]: pam_unix(sshd:auth): authentication failure; logname= uid=0 euid=0 tty=ssh ruser= rhost=218.87.109.156  user=root
Jan  4 11:30:35 LabSZ sshd[29520]: Failed password for invalid user ethos from 94.167.233.38 port 53850 ssh2
Jan  4 11:30:35 LabSZ sshd[29520]: Received disconnect from 94.167.233.38: 11: Bye Bye [preauth]
Jan  4 11:30:36 LabSZ sshd[29514]: Failed password for root from 218.87.109.156 port 19968 ssh2
Jan  4 11:30:39 LabSZ sshd[29510]: message repeated 5 times: [ Failed password for root from 182.100.67.52 port 24290 ssh2]
Jan  4 11:30:39 LabSZ sshd[29510]: Disconnecting: Too many authentication failures for root [preauth]
