Jan  4 13:55:53 LabSZ sshd[32350]: Disconnecting: Too many authentication failures for root [preauth]
Jan  4 13:55:53 LabSZ sshd[32350]: PAM 5 more authentication failures; logname= uid=0 euid=0 tty=ssh ruser= rhost=59.63.188.30  user=root
Jan  4 13:55:53 LabSZ sshd[32350]: PAM service(sshd) ignoring max retries; 6 > 3
Jan  4 13:55:54 LabSZ sshd[32354]: pam_unix(sshd:auth): authentication failure; logname= uid=0 euid=0 tty=ssh ruser= rhost=59.63.188.30  user=root
Jan  4 13:55:57 LabSZ sshd[32354]: Failed password for root from 59.63.188.30 port 19662 ssh2
Jan  4 13:56:00 LabSZ sshd[32352]: message repeated 5 times: [ Failed password for root from 59.63.188.30 port 8115 ssh2]
Jan  4 13:56:00 LabSZ sshd[32352]: Disconnecting: Too many authentication failures for root [preauth]
Jan  4 13:56:00 LabSZ sshd[32352]: PAM 5 more authentication failures; logname= uid=0 euid=0 tty=ssh ruser= rhost=59.63.188.30  user=root
Jan  4 13:56:00 LabSZ sshd[32352]: PAM service(sshd) ignoring max retries; 6 > 3
Jan  4 13:56:06 LabSZ sshd[32356]: pam_unix(sshd:auth): authentication failure; logname= uid=0 euid=0 tty=ssh ruser= rhost=59.63.188.30  user=root
Jan  4 13:56:09 LabSZ sshd[32356]: Failed password for root from 59.63.188.30 port 26750 ssh2
Jan  4 13:56:11 LabSZ sshd[32354]: message repeated 5 times: [ Failed password for root from 59.63.188.30 port 19662 ssh2]
Jan  4 13:56:11 LabSZ sshd[32354]: Disconnecting: Too many authentication failures for root [preauth]
Jan  4 13:56:11 LabSZ sshd[32354]: PAM 5 more authentication failures; logname= uid=0 euid=0 tty=ssh ruser= rhost=59.63.188.30  user=root
Jan  4 13:56:11 LabSZ sshd[32354]: PAM service(sshd) ignoring max retries; 6 > 3
Jan  4 13:56:12 LabSZ sshd[32358]: pam_unix(sshd:auth): authentication failure; logname= uid=0 euid=0 tty=ssh ruser= rhost=59.63.188.30  user=root
Jan  4 13:56:14 LabSZ sshd[32358]: Failed password for root from 59.63.188.30 port 38370 ssh2
Jan  4 13:56:21 LabSZ sshd[32356]: message repeated 5 times: [ Failed password for root from 59.63.188.30 port 26750 ssh2]
Jan  4 13:56:21 LabSZ sshd[32356]: Disconnecting: Too many authentication failures for root [preauth]
Jan  4 13:56:21 LabSZ sshd[32356]: PAM 5 more authentication failures; logname= uid=0 euid=0 tty=ssh ruser= rhost=59.63.188.30  user=root
Jan  4 13:56:21 LabSZ sshd[32356]: PAM service(sshd) ignoring max retries; 6 > 3
Jan  4 13:56:22 LabSZ sshd[32360]: pam_unix(sshd:auth): authentication failure; logname= uid=0 euid=0 tty=ssh ruser= rhost=59.63.188.30  user=root
Jan  4 13:56:25 LabSZ sshd[32360]: Failed password for root from 59.63.188.30 port 50913 ssh2
Jan  4 13:56:26 LabSZ sshd[32358]: message repeated 5 times: [ Failed password for root from 59.63.188.30 port 38370 ssh2]
Jan  4 13:56:26 LabSZ sshd[32358]: Disconnecting: Too many authentication failures for root [preauth]
Jan  4 13:56:26 LabSZ sshd[32358]: PAM 5 more authentication failures; logname= uid=0 euid=0 tty=ssh ruser= rhost=59.63.188.30  user=root
Jan  4 13:56:26 LabSZ sshd[32358]: PAM service(sshd) ignoring max retries; 6 > 3
Jan  4 13:56:27 LabSZ sshd[32362]: pam_unix(sshd:auth): authentication failure; logname= uid=0 euid=0 tty=ssh ruser= rhost=59.63.188.30  user=root
Jan  4 13:56:29 LabSZ sshd[32362]: Failed password for root from 59.63.188.30 port 56850 ssh2
Jan  4 13:56:38 LabSZ sshd[32360]: message repeated 5 times: [ Failed password for root from 59.63.188.30 port 50913 ssh2]
Jan  4 13:56:38 LabSZ sshd[32360]: Disconnecting: Too many authentication failures for root [preauth]
Jan  4 13:56:38 LabSZ sshd[32360]: PAM 5 more authentication failures; logname= uid=0 euid=0 tty=ssh ruser= rhost=59.63.188.30  user=root
Jan  4 13:56:38 LabSZ sshd[32360]: PAM service(sshd) ignoring max retries; 6 > 3
Jan  4 13:56:39 LabSZ sshd[32364]: pam_unix(sshd:auth): authentication failure; logname= uid=0 euid=0 tty=ssh ruser= rhost=59.63.188.30  user=root
Jan  4 13:56:41 LabSZ sshd[32364]: Failed password for root from 59.63.188.30 port 6028 ssh2
Jan  4 13:56:42 LabSZ sshd[32362]: message repeated 5 times: [ Failed password for root from 59.63.188.30 port 56850 ssh2]
Jan  4 13:56:42 LabSZ sshd[32362]: Disconnecting: Too many authentication failures for root [preauth]
Jan  4 13:56:42 LabSZ sshd[32362]: PAM 5 more authentication failures; logname= uid=0 euid=0 tty=ssh ruser= rhost=59.63.188.30  user=root
Jan  4 13:56:42 LabSZ sshd[32362]: PAM service(sshd) ignoring max retries; 6 > 3
Jan  4 13:56:44 LabSZ sshd[32366]: pam_unix(sshd:auth): authentication failure; logname= uid=0 euid=0 tty=ssh ruser= rhost=59.63.188.30  user=root
Jan  4 13:56:45 LabSZ sshd[32366]: Failed password for root from 59.63.188.30 port 10303 ssh2
Jan  4 13:56:53 LabSZ sshd[32364]: message repeated 5 times: [ Failed password for root from 59.63.188.30 port 6028 ssh2]
Jan  4 13:56:53 LabSZ sshd[32364]: Disconnecting: Too many authentication failures for root [preauth]
Jan  4 13:56:53 LabSZ sshd[32364]: PAM 5 more authentication failures; logname= uid=0 euid=0 tty=ssh ruser= rhost=59.63.188.30  user=root
Jan  4 13:56:53 LabSZ sshd[32364]: PAM service(sshd) ignoring max retries; 6 > 3
Jan  4 13:56:54 LabSZ sshd[32368]: pam_unix(sshd:auth): authentication failure; logname= uid=0 euid=0 tty=ssh ruser= rhost=59.63.188.30  user=root
Jan  4 13:56:57 LabSZ sshd[32368]: Failed password for root from 59.63.188.30 port 22911 ssh2
Jan  4 13:56:58 LabSZ sshd[32366]: message repeated 5 times: [ Failed password for root from 59.63.188.30 port 10303 ssh2]
Jan  4 13:56:58 LabSZ sshd[32366]: Disconnecting: Too many authentication failures for root [preauth]
Jan  4 13:56:58 LabSZ sshd[32366]: PAM 5 more authentication failures; logname= uid=0 euid=0 tty=ssh ruser= rhost=59.63.188.30  user=root
Jan  4 13:56:58 LabSZ sshd[32366]: PAM service(sshd) ignoring max retries; 6 > 3
Jan  4 13:56:59 LabSZ sshd[32370]: pam_unix(sshd:auth): authentication failure; logname= uid=0 euid=0 tty=ssh ruser= rhost=59.63.188.30  user=root
Jan  4 13:57:01 LabSZ sshd[32370]: Failed password for root from 59.63.188.30 port 29010 ssh2
Jan  4 13:57:09 LabSZ sshd[32368]: message repeated 5 times: [ Failed password for root from 59.63.188.30 port 22911 ssh2]
Jan  4 13:57:09 LabSZ sshd[32368]: Disconnecting: Too many authentication failures for root [preauth]
Jan  4 13:57:09 LabSZ sshd[32368]: PAM 5 more authentication failures; logname= uid=0 euid=0 tty=ssh ruser= rhost=59.63.188.30  user=root
Jan  4 13:57:09 LabSZ sshd[32368]: PAM service(sshd) ignoring max retries; 6 > 3
Jan  4 13:57:10 LabSZ sshd[32372]: pam_unix(sshd:auth): authentication failure; logname= uid=0 euid=0 tty=ssh ruser= rhost=59.63.188.30  user=root
Jan  4 13:57:12 LabSZ sshd[32372]: Failed password for root from 59.63.188.30 port 41324 ssh2
Jan  4 13:57:13 LabSZ sshd[32370]: message repeated 5 times: [ Failed password for root from 59.63.188.30 port 29010 ssh2]
Jan  4 13:57:13 LabSZ sshd[32370]: Disconnecting: Too many authentication failures for root [preauth]
Jan  4 13:57:13 LabSZ sshd[32370]: PAM 5 more authentication failures; logname= uid=0 euid=0 tty=ssh ruser= rhost=59.63.188.30  user=root
Jan  4 13:57:13 LabSZ sshd[32370]: PAM service(sshd) ignoring max retries; 6 > 3
Jan  4 13:57:14 LabSZ sshd[32374]: pam_unix(sshd:auth): authentication failure; logname= uid=0 euid=0 tty=ssh ruser= rhost=59.63.188.30  user=root
Jan  4 13:57:15 LabSZ sshd[32374]: Failed password for root from 59.63.188.30 port 45956 ssh2
Jan  4 13:57:25 LabSZ sshd[32376]: Invalid user  0101 from 5.188.10.180
Jan  4 13:57:25 LabSZ sshd[32376]: input_userauth_request: invalid user  0101 [preauth]
Jan  4 13:57:25 LabSZ sshd[32376]: pam_unix(sshd:auth): check pass; user unknown
Jan  4 13:57:25 LabSZ sshd[32376]: pam_unix(sshd:auth): authentication failure; logname= uid=0 euid=0 tty=ssh ruser= rhost=5.188.10.180 
Jan  4 13:57:25 LabSZ sshd[32372]: message repeated 5 times: [ Failed password for root from 59.63.188.30 port 41324 ssh2]
Jan  4 13:57:25 LabSZ sshd[32372]: Disconnecting: Too many authentication failures for root [preauth]
Jan  4 13:57:25 LabSZ sshd[32372]: PAM 5 more authentication failures; logname= uid=0 euid=0 tty=ssh ruser= rhost=59.63.188.30  user=root
Jan  4 13:57:25 LabSZ sshd[32372]: PAM service(sshd) ignoring max retries; 6 > 3
Jan  4 13:57:26 LabSZ sshd[32378]: pam_unix(sshd:auth): authentication failure; logname= uid=0 euid=0 tty=ssh ruser= rhost=59.63.188.30  user=root
Jan  4 13:57:26 LabSZ sshd[32376]: Failed password for invalid user  0101 from 5.188.10.180 port 34707 ssh2
Jan  4 13:57:27 LabSZ sshd[32378]: Failed password for root from 59.63.188.30 port 60046 ssh2
Jan  4 13:57:28 LabSZ sshd[32374]: message repeated 5 times: [ Failed password for root from 59.63.188.30 port 45956 ssh2]
Jan  4 13:57:28 LabSZ sshd[32374]: Disconnecting: Too many authentication failures for root [preauth]
Jan  4 13:57:28 LabSZ sshd[32374]: PAM 5 more authentication failures; logname= uid=0 euid=0 tty=ssh ruser= rhost=59.63.188.30  user=root
Jan  4 13:57:28 LabSZ sshd[32374]: PAM service(sshd) ignoring max retries; 6 > 3
Jan  4 13:57:29 LabSZ sshd[32380]: pam_unix(sshd:auth): authentication failure; logname= uid=0 euid=0 tty=ssh ruser= rhost=59.63.188.30  user=root
Jan  4 13:57:29 LabSZ sshd[32376]: Connection closed by 5.188.10.180 [preauth]
Jan  4 13:57:31 LabSZ sshd[32380]: Failed password for root from 59.63.188.30 port 63484 ssh2
Jan  4 13:57:34 LabSZ sshd[32382]: Invalid user 0 from 5.188.10.180
Jan  4 13:57:34 LabSZ sshd[32382]: input_userauth_request: invalid user 0 [preauth]
Jan  4 13:57:34 LabSZ sshd[32382]: Failed none for invalid user 0 from 5.188.10.180 port 59149 ssh2
Jan  4 13:57:35 LabSZ sshd[32382]: pam_unix(sshd:auth): check pass; user unknown
Jan  4 13:57:35 LabSZ sshd[32382]: pam_unix(sshd:auth): authentication failure; logname= uid=0 euid=0 tty=ssh ruser= rhost=5.188.10.180 
Jan  4 13:57:38 LabSZ sshd[32382]: Failed password for invalid user 0 from 5.188.10.180 port 59149 ssh2
Jan  4 13:57:39 LabSZ sshd[32378]: message repeated 5 times: [ Failed password for root from 59.63.188.30 port 60046 ssh2]
Jan  4 13:57:39 LabSZ sshd[32378]: Disconnecting: Too many authentication failures for root [preauth]
Jan  4 13:57:39 LabSZ sshd[32378]: PAM 5 more authentication failures; logname= uid=0 euid=0 tty=ssh ruser= rhost=59.63.188.30  user=root
Jan  4 13:57:39 LabSZ sshd[32378]: PAM service(sshd) ignoring max retries; 6 > 3
Jan  4 13:57:40 LabSZ sshd[32384]: pam_unix(sshd:auth): authentication failure; logname= uid=0 euid=0 tty=ssh ruser= rhost=59.63.188.30  user=root
Jan  4 13:57:41 LabSZ sshd[32382]: Connection closed by 5.188.10.180 [preauth]
Jan  4 13:57:43 LabSZ sshd[32380]: message repeated 5 times: [ Failed password for root from 59.63.188.30 port 63484 ssh2]
Jan  4 13:57:43 LabSZ sshd[32380]: Disconnecting: Too many authentication failures for root [preauth]
Jan  4 13:57:43 LabSZ sshd[32380]: PAM 5 more authentication failures; logname= uid=0 euid=0 tty=ssh ruser= rhost=59.63.188.30  user=root
Jan  4 13:57:43 LabSZ sshd[32380]: PAM service(sshd) ignoring max retries; 6 > 3
Jan  4 13:57:43 LabSZ sshd[32384]: Failed password for root from 59.63.188.30 port 12883 ssh2
