Jan  3 12:23:50 LabSZ sshd[430]: pam_unix(sshd:auth): authentication failure; logname= uid=0 euid=0 tty=ssh ruser= rhost=119.7.221.129 
Jan  3 12:23:52 LabSZ sshd[430]: Failed password for invalid user tmc from 119.7.221.129 port 37112 ssh2
Jan  3 12:23:52 LabSZ sshd[430]: Received disconnect from 119.7.221.129: 11: Bye Bye [preauth]
Jan  3 12:23:52 LabSZ sshd[432]: Invalid user upgrade from 119.7.221.129
Jan  3 12:23:52 LabSZ sshd[432]: input_userauth_request: invalid user upgrade [preauth]
Jan  3 12:23:52 LabSZ sshd[432]: pam_unix(sshd:auth): check pass; user unknown
Jan  3 12:23:52 LabSZ sshd[432]: pam_unix(sshd:auth): authentication failure; logname= uid=0 euid=0 tty=ssh ruser= rhost=119.7.221.129 
Jan  3 12:23:54 LabSZ sshd[432]: Failed password for invalid user upgrade from 119.7.221.129 port 38394 ssh2
Jan  3 12:23:54 LabSZ sshd[432]: Received disconnect from 119.7.221.129: 11: Bye Bye [preauth]
Jan  3 12:23:55 LabSZ sshd[434]: Invalid user tvms from 119.7.221.129
Jan  3 12:23:55 LabSZ sshd[434]: input_userauth_request: invalid user tvms [preauth]
Jan  3 12:23:55 LabSZ sshd[434]: pam_unix(sshd:auth): check pass; user unknown
Jan  3 12:23:55 LabSZ sshd[434]: pam_unix(sshd:auth): authentication failure; logname= uid=0 euid=0 tty=ssh ruser= rhost=119.7.221.129 
Jan  3 12:23:55 LabSZ sshd[426]: reverse mapping checking getaddrinfo for . [183.192.189.131] failed - POSSIBLE BREAK-IN ATTEMPT!
Jan  3 12:23:55 LabSZ sshd[426]: pam_unix(sshd:auth): authentication failure; logname= uid=0 euid=0 tty=ssh ruser= rhost=183.192.189.131  user=root
Jan  3 12:23:57 LabSZ sshd[434]: Failed password for invalid user tvms from 119.7.221.129 port 39989 ssh2
Jan  3 12:23:57 LabSZ sshd[434]: Received disconnect from 119.7.221.129: 11: Bye Bye [preauth]
Jan  3 12:23:57 LabSZ sshd[420]: message repeated 5 times: [ Failed password for root from 59.63.188.30 port 54252 ssh2]
Jan  3 12:23:57 LabSZ sshd[420]: Disconnecting: Too many authentication failures for root [preauth]
Jan  3 12:23:57 LabSZ sshd[420]: PAM 5 more authentication failures; logname= uid=0 euid=0 tty=ssh ruser= rhost=59.63.188.30  user=root
Jan  3 12:23:57 LabSZ sshd[420]: PAM service(sshd) ignoring max retries; 6 > 3
Jan  3 12:23:57 LabSZ sshd[436]: Invalid user upgrade from 119.7.221.129
Jan  3 12:23:57 LabSZ sshd[436]: input_userauth_request: invalid user upgrade [preauth]
Jan  3 12:23:57 LabSZ sshd[436]: pam_unix(sshd:auth): check pass; user unknown
Jan  3 12:23:57 LabSZ sshd[436]: pam_unix(sshd:auth): authentication failure; logname= uid=0 euid=0 tty=ssh ruser= rhost=119.7.221.129 
Jan  3 12:23:57 LabSZ sshd[426]: Failed password for root from 183.192.189.131 port 22580 ssh2
Jan  3 12:23:57 LabSZ sshd[426]: Connection closed by 183.192.189.131 [preauth]
Jan  3 12:23:57 LabSZ sshd[438]: reverse mapping checking getaddrinfo for . [183.192.189.131] failed - POSSIBLE BREAK-IN ATTEMPT!
Jan  3 12:23:57 LabSZ sshd[438]: pam_unix(sshd:auth): authentication failure; logname= uid=0 euid=0 tty=ssh ruser= rhost=183.192.189.131  user=root
Jan  3 12:23:58 LabSZ sshd[440]: pam_unix(sshd:auth): authentication failure; logname= uid=0 euid=0 tty=ssh ruser= rhost=59.63.188.30  user=root
Jan  3 12:23:59 LabSZ sshd[436]: Failed password for invalid user upgrade from 119.7.221.129 port 41242 ssh2
Jan  3 12:23:59 LabSZ sshd[436]: Received disconnect from 119.7.221.129: 11: Bye Bye [preauth]
Jan  3 12:23:59 LabSZ sshd[442]: Invalid user userslb from 119.7.221.129
Jan  3 12:23:59 LabSZ sshd[442]: input_userauth_request: invalid user userslb [preauth]
Jan  3 12:23:59 LabSZ sshd[442]: pam_unix(sshd:auth): check pass; user unknown
Jan  3 12:23:59 LabSZ sshd[442]: pam_unix(sshd:auth): authentication failure; logname= uid=0 euid=0 tty=ssh ruser= rhost=119.7.221.129 
Jan  3 12:23:59 LabSZ sshd[438]: Failed password for root from 183.192.189.131 port 22581 ssh2
Jan  3 12:23:59 LabSZ sshd[438]: Connection closed by 183.192.189.131 [preauth]
Jan  3 12:24:00 LabSZ sshd[444]: reverse mapping checking getaddrinfo for . [183.192.189.131] failed - POSSIBLE BREAK-IN ATTEMPT!
Jan  3 12:24:00 LabSZ sshd[444]: pam_unix(sshd:auth): authentication failure; logname= uid=0 euid=0 tty=ssh ruser= rhost=183.192.189.131  user=root
Jan  3 12:24:00 LabSZ sshd[440]: Failed password for root from 59.63.188.30 port 6897 ssh2
Jan  3 12:24:02 LabSZ sshd[442]: Failed password for invalid user userslb from 119.7.221.129 port 42646 ssh2
Jan  3 12:24:02 LabSZ sshd[442]: Received disconnect from 119.7.221.129: 11: Bye Bye [preauth]
Jan  3 12:24:02 LabSZ sshd[444]: Failed password for root from 183.192.189.131 port 22582 ssh2
Jan  3 12:24:02 LabSZ sshd[444]: Connection closed by 183.192.189.131 [preauth]
Jan  3 12:24:02 LabSZ sshd[448]: reverse mapping checking getaddrinfo for . [183.192.189.131] failed - POSSIBLE BREAK-IN ATTEMPT!
Jan  3 12:24:02 LabSZ sshd[448]: pam_unix(sshd:auth): authentication failure; logname= uid=0 euid=0 tty=ssh ruser= rhost=183.192.189.131  user=root
Jan  3 12:24:03 LabSZ sshd[446]: pam_unix(sshd:auth): authentication failure; logname= uid=0 euid=0 tty=ssh ruser= rhost=119.7.221.129  user=root
Jan  3 12:24:04 LabSZ sshd[448]: Failed password for root from 183.192.189.131 port 22583 ssh2
Jan  3 12:24:04 LabSZ sshd[448]: Connection closed by 183.192.189.131 [preauth]
Jan  3 12:24:04 LabSZ sshd[450]: reverse mapping checking getaddrinfo for . [183.192.189.131] failed - POSSIBLE BREAK-IN ATTEMPT!
Jan  3 12:24:04 LabSZ sshd[450]: pam_unix(sshd:auth): authentication failure; logname= uid=0 euid=0 tty=ssh ruser= rhost=183.192.189.131  user=root
Jan  3 12:24:05 LabSZ sshd[446]: Failed password for root from 119.7.221.129 port 44383 ssh2
Jan  3 12:24:05 LabSZ sshd[446]: Received disconnect from 119.7.221.129: 11: Bye Bye [preauth]
Jan  3 12:24:06 LabSZ sshd[450]: Failed password for root from 183.192.189.131 port 22584 ssh2
Jan  3 12:24:06 LabSZ sshd[450]: Connection closed by 183.192.189.131 [preauth]
Jan  3 12:24:06 LabSZ sshd[452]: Invalid user oracle from 119.7.221.129
Jan  3 12:24:06 LabSZ sshd[452]: input_userauth_request: invalid user oracle [preauth]
Jan  3 12:24:06 LabSZ sshd[452]: pam_unix(sshd:auth): check pass; user unknown
Jan  3 12:24:06 LabSZ sshd[452]: pam_unix(sshd:auth): authentication failure; logname= uid=0 euid=0 tty=ssh ruser= rhost=119.7.221.129 
Jan  3 12:24:06 LabSZ sshd[454]: reverse mapping checking getaddrinfo for . [183.192.189.131] failed - POSSIBLE BREAK-IN ATTEMPT!
Jan  3 12:24:06 LabSZ sshd[454]: pam_unix(sshd:auth): authentication failure; logname= uid=0 euid=0 tty=ssh ruser= rhost=183.192.189.131  user=root
Jan  3 12:24:08 LabSZ sshd[452]: Failed password for invalid user oracle from 119.7.221.129 port 45715 ssh2
Jan  3 12:24:08 LabSZ sshd[452]: Received disconnect from 119.7.221.129: 11: Bye Bye [preauth]
Jan  3 12:24:08 LabSZ sshd[454]: Failed password for root from 183.192.189.131 port 22585 ssh2
Jan  3 12:24:08 LabSZ sshd[454]: Connection closed by 183.192.189.131 [preauth]
Jan  3 12:24:08 LabSZ sshd[456]: Invalid user devdata from 119.7.221.129
Jan  3 12:24:08 LabSZ sshd[456]: input_userauth_request: invalid user devdata [preauth]
Jan  3 12:24:08 LabSZ sshd[456]: pam_unix(sshd:auth): check pass; user unknown
Jan  3 12:24:08 LabSZ sshd[456]: pam_unix(sshd:auth): authentication failure; logname= uid=0 euid=0 tty=ssh ruser= rhost=119.7.221.129 
Jan  3 12:24:08 LabSZ sshd[458]: reverse mapping checking getaddrinfo for . [183.192.189.131] failed - POSSIBLE BREAK-IN ATTEMPT!
Jan  3 12:24:08 LabSZ sshd[458]: pam_unix(sshd:auth): authentication failure; logname= uid=0 euid=0 tty=ssh ruser= rhost=183.192.189.131  user=root
Jan  3 12:24:10 LabSZ sshd[456]: Failed password for invalid user devdata from 119.7.221.129 port 47185 ssh2
Jan  3 12:24:10 LabSZ sshd[456]: Received disconnect from 119.7.221.129: 11: Bye Bye [preauth]
Jan  3 12:24:10 LabSZ sshd[458]: Failed password for root from 183.192.189.131 port 22586 ssh2
Jan  3 12:24:10 LabSZ sshd[458]: Connection closed by 183.192.189.131 [preauth]
Jan  3 12:24:11 LabSZ sshd[462]: reverse mapping checking getaddrinfo for . [183.192.189.131] failed - POSSIBLE BREAK-IN ATTEMPT!
Jan  3 12:24:11 LabSZ sshd[462]: pam_unix(sshd:auth): authentication failure; logname= uid=0 euid=0 tty=ssh ruser= rhost=183.192.189.131  user=root
Jan  3 12:24:11 LabSZ sshd[460]: Invalid user imapuser from 119.7.221.129
Jan  3 12:24:11 LabSZ sshd[460]: input_userauth_request: invalid user imapuser [preauth]
Jan  3 12:24:11 LabSZ sshd[460]: pam_unix(sshd:auth): check pass; user unknown
Jan  3 12:24:11 LabSZ sshd[460]: pam_unix(sshd:auth): authentication failure; logname= uid=0 euid=0 tty=ssh ruser= rhost=119.7.221.129 
Jan  3 12:24:12 LabSZ sshd[440]: message repeated 5 times: [ Failed password for root from 59.63.188.30 port 6897 ssh2]
Jan  3 12:24:12 LabSZ sshd[440]: Disconnecting: Too many authentication failures for root [preauth]
Jan  3 12:24:12 LabSZ sshd[440]: PAM 5 more authentication failures; logname= uid=0 euid=0 tty=ssh ruser= rhost=59.63.188.30  user=root
Jan  3 12:24:12 LabSZ sshd[440]: PAM service(sshd) ignoring max retries; 6 > 3
Jan  3 12:24:13 LabSZ sshd[462]: Failed password for root from 183.192.189.131 port 22587 ssh2
Jan  3 12:24:13 LabSZ sshd[462]: Connection closed by 183.192.189.131 [preauth]
Jan  3 12:24:13 LabSZ sshd[460]: Failed password for invalid user imapuser from 119.7.221.129 port 48774 ssh2
Jan  3 12:24:13 LabSZ sshd[460]: Received disconnect from 119.7.221.129: 11: Bye Bye [preauth]
Jan  3 12:24:13 LabSZ sshd[464]: reverse mapping checking getaddrinfo for . [183.192.189.131] failed - POSSIBLE BREAK-IN ATTEMPT!
Jan  3 12:24:14 LabSZ sshd[464]: pam_unix(sshd:auth): authentication failure; logname= uid=0 euid=0 tty=ssh ruser= rhost=183.192.189.131  user=root
Jan  3 12:24:14 LabSZ sshd[466]: Invalid user gdr from 119.7.221.129
Jan  3 12:24:14 LabSZ sshd[466]: input_userauth_request: invalid user gdr [preauth]
Jan  3 12:24:14 LabSZ sshd[466]: pam_unix(sshd:auth): check pass; user unknown
Jan  3 12:24:14 LabSZ sshd[466]: pam_unix(sshd:auth): authentication failure; logname= uid=0 euid=0 tty=ssh ruser= rhost=119.7.221.129 
Jan  3 12:24:14 LabSZ sshd[468]: pam_unix(sshd:auth): authentication failure; logname= uid=0 euid=0 tty=ssh ruser= rhost=59.63.188.30  user=root
Jan  3 12:24:15 LabSZ sshd[464]: Failed password for root from 183.192.189.131 port 22588 ssh2
Jan  3 12:24:15 LabSZ sshd[466]: Failed password for invalid user gdr from 119.7.221.129 port 50530 ssh2
Jan  3 12:24:15 LabSZ sshd[464]: Connection closed by 183.192.189.131 [preauth]
