Jan  2 06:40:48 LabSZ sshd[27030]: pam_unix(sshd:auth): check pass; user unknown
Jan  2 06:40:48 LabSZ sshd[27030]: pam_unix(sshd:auth): authentication failure; logname= uid=0 euid=0 tty=ssh ruser= rhost=181.214.87.4 
Jan  2 06:40:50 LabSZ sshd[27030]: Failed password for invalid user admin from 181.214.87.4 port 42079 ssh2
Jan  2 06:40:52 LabSZ sshd[27030]: pam_unix(sshd:auth): check pass; user unknown
Jan  2 06:40:54 LabSZ sshd[27030]: Failed password for invalid user admin from 181.214.87.4 port 42079 ssh2
Jan  2 06:40:54 LabSZ sshd[27025]: message repeated 5 times: [ Failed password for root from 58.242.83.25 port 59819 ssh2]
Jan  2 06:40:54 LabSZ sshd[27025]: Disconnecting: Too many authentication failures for root [preauth]
Jan  2 06:40:54 LabSZ sshd[27025]: PAM 5 more authentication failures; logname= uid=0 euid=0 tty=ssh ruser= rhost=58.242.83.25  user=root
Jan  2 06:40:54 LabSZ sshd[27025]: PAM service(sshd) ignoring max retries; 6 > 3
Jan  2 06:40:56 LabSZ sshd[27030]: pam_unix(sshd:auth): check pass; user unknown
Jan  2 06:40:56 LabSZ sshd[27032]: pam_unix(sshd:auth): authentication failure; logname= uid=0 euid=0 tty=ssh ruser= rhost=58.242.83.25  user=root
Jan  2 06:40:56 LabSZ sshd[27028]: message repeated 5 times: [ Failed password for root from 182.100.67.120 port 26656 ssh2]
Jan  2 06:40:56 LabSZ sshd[27028]: Disconnecting: Too many authentication failures for root [preauth]
Jan  2 06:40:56 LabSZ sshd[27028]: PAM 5 more authentication failures; logname= uid=0 euid=0 tty=ssh ruser= rhost=182.100.67.120  user=root
Jan  2 06:40:56 LabSZ sshd[27028]: PAM service(sshd) ignoring max retries; 6 > 3
Jan  2 06:40:58 LabSZ sshd[27034]: pam_unix(sshd:auth): authentication failure; logname= uid=0 euid=0 tty=ssh ruser= rhost=182.100.67.120  user=root
Jan  2 06:40:58 LabSZ sshd[27030]: Failed password for invalid user admin from 181.214.87.4 port 42079 ssh2
Jan  2 06:40:58 LabSZ sshd[27032]: Failed password for root from 58.242.83.25 port 16224 ssh2
Jan  2 06:40:58 LabSZ sshd[27030]: pam_unix(sshd:auth): check pass; user unknown
Jan  2 06:41:00 LabSZ sshd[27034]: Failed password for root from 182.100.67.120 port 65242 ssh2
Jan  2 06:41:00 LabSZ sshd[27030]: Failed password for invalid user admin from 181.214.87.4 port 42079 ssh2
Jan  2 06:41:03 LabSZ sshd[27030]: pam_unix(sshd:auth): check pass; user unknown
Jan  2 06:41:04 LabSZ sshd[27030]: Failed password for invalid user admin from 181.214.87.4 port 42079 ssh2
Jan  2 06:41:05 LabSZ sshd[27030]: Connection closed by 181.214.87.4 [preauth]
Jan  2 06:41:05 LabSZ sshd[27030]: PAM 4 more authentication failures; logname= uid=0 euid=0 tty=ssh ruser= rhost=181.214.87.4 
Jan  2 06:41:05 LabSZ sshd[27030]: PAM service(sshd) ignoring max retries; 5 > 3
Jan  2 06:41:11 LabSZ sshd[27032]: message repeated 5 times: [ Failed password for root from 58.242.83.25 port 16224 ssh2]
Jan  2 06:41:11 LabSZ sshd[27032]: Disconnecting: Too many authentication failures for root [preauth]
Jan  2 06:41:11 LabSZ sshd[27032]: PAM 5 more authentication failures; logname= uid=0 euid=0 tty=ssh ruser= rhost=58.242.83.25  user=root
Jan  2 06:41:11 LabSZ sshd[27032]: PAM service(sshd) ignoring max retries; 6 > 3
Jan  2 06:41:12 LabSZ sshd[27037]: pam_unix(sshd:auth): authentication failure; logname= uid=0 euid=0 tty=ssh ruser= rhost=58.242.83.25  user=root
Jan  2 06:41:13 LabSZ sshd[27034]: message repeated 5 times: [ Failed password for root from 182.100.67.120 port 65242 ssh2]
Jan  2 06:41:13 LabSZ sshd[27034]: Disconnecting: Too many authentication failures for root [preauth]
Jan  2 06:41:13 LabSZ sshd[27034]: PAM 5 more authentication failures; logname= uid=0 euid=0 tty=ssh ruser= rhost=182.100.67.120  user=root
Jan  2 06:41:13 LabSZ sshd[27034]: PAM service(sshd) ignoring max retries; 6 > 3
Jan  2 06:41:13 LabSZ sshd[27036]: Did not receive identification string from 181.214.87.4
Jan  2 06:41:14 LabSZ sshd[27039]: pam_unix(sshd:auth): authentication failure; logname= uid=0 euid=0 tty=ssh ruser= rhost=182.100.67.120  user=root
Jan  2 06:41:15 LabSZ sshd[27037]: Failed password for root from 58.242.83.25 port 37944 ssh2
Jan  2 06:41:15 LabSZ sshd[27039]: Failed password for root from 182.100.67.120 port 37224 ssh2
Jan  2 06:41:27 LabSZ sshd[27037]: message repeated 5 times: [ Failed password for root from 58.242.83.25 port 37944 ssh2]
Jan  2 06:41:27 LabSZ sshd[27037]: Disconnecting: Too many authentication failures for root [preauth]
Jan  2 06:41:27 LabSZ sshd[27037]: PAM 5 more authentication failures; logname= uid=0 euid=0 tty=ssh ruser= rhost=58.242.83.25  user=root
Jan  2 06:41:27 LabSZ sshd[27037]: PAM service(sshd) ignoring max retries; 6 > 3
Jan  2 06:41:28 LabSZ sshd[27039]: message repeated 5 times: [ Failed password for root from 182.100.67.120 port 37224 ssh2]
Jan  2 06:41:28 LabSZ sshd[27039]: Disconnecting: Too many authentication failures for root [preauth]
Jan  2 06:41:28 LabSZ sshd[27039]: PAM 5 more authentication failures; logname= uid=0 euid=0 tty=ssh ruser= rhost=182.100.67.120  user=root
Jan  2 06:41:28 LabSZ sshd[27039]: PAM service(sshd) ignoring max retries; 6 > 3
Jan  2 06:41:28 LabSZ sshd[27041]: pam_unix(sshd:auth): authentication failure; logname= uid=0 euid=0 tty=ssh ruser= rhost=58.242.83.25  user=root
Jan  2 06:41:29 LabSZ sshd[27043]: pam_unix(sshd:auth): authentication failure; logname= uid=0 euid=0 tty=ssh ruser= rhost=182.100.67.120  user=root
Jan  2 06:41:30 LabSZ sshd[27041]: Failed password for root from 58.242.83.25 port 59113 ssh2
Jan  2 06:41:31 LabSZ sshd[27043]: Failed password for root from 182.100.67.120 port 7804 ssh2
Jan  2 06:41:41 LabSZ sshd[27041]: message repeated 5 times: [ Failed password for root from 58.242.83.25 port 59113 ssh2]
Jan  2 06:41:41 LabSZ sshd[27041]: Disconnecting: Too many authentication failures for root [preauth]
Jan  2 06:41:41 LabSZ sshd[27041]: PAM 5 more authentication failures; logname= uid=0 euid=0 tty=ssh ruser= rhost=58.242.83.25  user=root
Jan  2 06:41:41 LabSZ sshd[27041]: PAM service(sshd) ignoring max retries; 6 > 3
Jan  2 06:41:43 LabSZ sshd[27045]: pam_unix(sshd:auth): authentication failure; logname= uid=0 euid=0 tty=ssh ruser= rhost=58.242.83.25  user=root
Jan  2 06:41:43 LabSZ sshd[27043]: message repeated 5 times: [ Failed password for root from 182.100.67.120 port 7804 ssh2]
Jan  2 06:41:43 LabSZ sshd[27043]: Disconnecting: Too many authentication failures for root [preauth]
Jan  2 06:41:43 LabSZ sshd[27043]: PAM 5 more authentication failures; logname= uid=0 euid=0 tty=ssh ruser= rhost=182.100.67.120  user=root
Jan  2 06:41:43 LabSZ sshd[27043]: PAM service(sshd) ignoring max retries; 6 > 3
Jan  2 06:41:45 LabSZ sshd[27047]: pam_unix(sshd:auth): authentication failure; logname= uid=0 euid=0 tty=ssh ruser= rhost=182.100.67.120  user=root
Jan  2 06:41:45 LabSZ sshd[27045]: Failed password for root from 58.242.83.25 port 14807 ssh2
Jan  2 06:41:47 LabSZ sshd[27047]: Failed password for root from 182.100.67.120 port 43436 ssh2
Jan  2 06:41:58 LabSZ sshd[27045]: message repeated 5 times: [ Failed password for root from 58.242.83.25 port 14807 ssh2]
Jan  2 06:41:58 LabSZ sshd[27045]: Disconnecting: Too many authentication failures for root [preauth]
Jan  2 06:41:58 LabSZ sshd[27045]: PAM 5 more authentication failures; logname= uid=0 euid=0 tty=ssh ruser= rhost=58.242.83.25  user=root
Jan  2 06:41:58 LabSZ sshd[27045]: PAM service(sshd) ignoring max retries; 6 > 3
Jan  2 06:41:59 LabSZ sshd[27047]: message repeated 5 times: [ Failed password for root from 182.100.67.120 port 43436 ssh2]
Jan  2 06:41:59 LabSZ sshd[27047]: Disconnecting: Too many authentication failures for root [preauth]
Jan  2 06:41:59 LabSZ sshd[27047]: PAM 5 more authentication failures; logname= uid=0 euid=0 tty=ssh ruser= rhost=182.100.67.120  user=root
Jan  2 06:41:59 LabSZ sshd[27047]: PAM service(sshd) ignoring max retries; 6 > 3
Jan  2 06:41:59 LabSZ sshd[27049]: pam_unix(sshd:auth): authentication failure; logname= uid=0 euid=0 tty=ssh ruser= rhost=58.242.83.25  user=root
Jan  2 06:42:00 LabSZ sshd[27051]: pam_unix(sshd:auth): authentication failure; logname= uid=0 euid=0 tty=ssh ruser= rhost=182.100.67.120  user=root
Jan  2 06:42:01 LabSZ sshd[27049]: Failed password for root from 58.242.83.25 port 36843 ssh2
Jan  2 06:42:02 LabSZ sshd[27051]: Failed password for root from 182.100.67.120 port 13994 ssh2
Jan  2 06:42:14 LabSZ sshd[27049]: message repeated 5 times: [ Failed password for root from 58.242.83.25 port 36843 ssh2]
Jan  2 06:42:14 LabSZ sshd[27049]: Disconnecting: Too many authentication failures for root [preauth]
Jan  2 06:42:14 LabSZ sshd[27049]: PAM 5 more authentication failures; logname= uid=0 euid=0 tty=ssh ruser= rhost=58.242.83.25  user=root
Jan  2 06:42:14 LabSZ sshd[27049]: PAM service(sshd) ignoring max retries; 6 > 3
Jan  2 06:42:15 LabSZ sshd[27051]: message repeated 5 times: [ Failed password for root from 182.100.67.120 port 13994 ssh2]
Jan  2 06:42:15 LabSZ sshd[27051]: Disconnecting: Too many authentication failures for root [preauth]
Jan  2 06:42:15 LabSZ sshd[27051]: PAM 5 more authentication failures; logname= uid=0 euid=0 tty=ssh ruser= rhost=182.100.67.120  user=root
Jan  2 06:42:15 LabSZ sshd[27051]: PAM service(sshd) ignoring max retries; 6 > 3
Jan  2 06:42:15 LabSZ sshd[27097]: pam_unix(sshd:auth): authentication failure; logname= uid=0 euid=0 tty=ssh ruser= rhost=58.242.83.25  user=root
Jan  2 06:42:16 LabSZ sshd[27116]: pam_unix(sshd:auth): authentication failure; logname= uid=0 euid=0 tty=ssh ruser= rhost=182.100.67.120  user=root
Jan  2 06:42:17 LabSZ sshd[27097]: Failed password for root from 58.242.83.25 port 58526 ssh2
Jan  2 06:42:18 LabSZ sshd[27116]: Failed password for root from 182.100.67.120 port 51642 ssh2
Jan  2 06:42:28 LabSZ sshd[27097]: message repeated 5 times: [ Failed password for root from 58.242.83.25 port 58526 ssh2]
Jan  2 06:42:28 LabSZ sshd[27097]: Disconnecting: Too many authentication failures for root [preauth]
Jan  2 06:42:28 LabSZ sshd[27097]: PAM 5 more authentication failures; logname= uid=0 euid=0 tty=ssh ruser= rhost=58.242.83.25  user=root
Jan  2 06:42:28 LabSZ sshd[27097]: PAM service(sshd) ignoring max retries; 6 > 3
Jan  2 06:42:30 LabSZ sshd[27124]: pam_unix(sshd:auth): authentication failure; logname= uid=0 euid=0 tty=ssh ruser= rhost=58.242.83.25  user=root
Jan  2 06:42:31 LabSZ sshd[27116]: message repeated 5 times: [ Failed password for root from 182.100.67.120 port 51642 ssh2]
Jan  2 06:42:31 LabSZ sshd[27116]: Disconnecting: Too many authentication failures for root [preauth]
Jan  2 06:42:31 LabSZ sshd[27116]: PAM 5 more authentication failures; logname= uid=0 euid=0 tty=ssh ruser= rhost=182.100.67.120  user=root
Jan  2 06:42:31 LabSZ sshd[27116]: PAM service(sshd) ignoring max retries; 6 > 3
Jan  2 06:42:32 LabSZ sshd[27124]: Failed password for root from 58.242.83.25 port 13770 ssh2
Jan  2 06:42:34 LabSZ sshd[27126]: pam_unix(sshd:auth): authentication failure; logname= uid=0 euid=0 tty=ssh ruser= rhost=182.100.67.120  user=root
Jan  2 06:42:35 LabSZ sshd[27126]: Failed password for root from 182.100.67.120 port 24598 ssh2
Jan  2 06:42:45 LabSZ sshd[27124]: message repeated 5 times: [ Failed password for root from 58.242.83.25 port 13770 ssh2]
