Jan  4 01:58:13 LabSZ sshd[12981]: PAM 5 more authentication failures; logname= uid=0 euid=0 tty=ssh ruser= rhost=218.87.109.156  user=root
Jan  4 01:58:13 LabSZ sshd[12981]: PAM service(sshd) ignoring max retries; 6 > 3
Jan  4 01:58:14 LabSZ sshd[12985]: Failed password for invalid user admin from 181.214.87.4 port 48682 ssh2
Jan  4 01:58:14 LabSZ sshd[12983]: message repeated 5 times: [ Failed password for root from 59.63.188.30 port 6072 ssh2]
Jan  4 01:58:14 LabSZ sshd[12983]: Disconnecting: Too many authentication failures for root [preauth]
Jan  4 01:58:14 LabSZ sshd[12983]: PAM 5 more authentication failures; logname= uid=0 euid=0 tty=ssh ruser= rhost=59.63.188.30  user=root
Jan  4 01:58:14 LabSZ sshd[12983]: PAM service(sshd) ignoring max retries; 6 > 3
Jan  4 01:58:14 LabSZ sshd[12989]: pam_unix(sshd:auth): authentication failure; logname= uid=0 euid=0 tty=ssh ruser= rhost=218.87.109.156  user=root
Jan  4 01:58:15 LabSZ sshd[12991]: pam_unix(sshd:auth): authentication failure; logname= uid=0 euid=0 tty=ssh ruser= rhost=59.63.188.30  user=root
Jan  4 01:58:16 LabSZ sshd[12989]: Failed password for root from 218.87.109.156 port 25504 ssh2
Jan  4 01:58:16 LabSZ sshd[12985]: pam_unix(sshd:auth): check pass; user unknown
Jan  4 01:58:17 LabSZ sshd[12991]: Failed password for root from 59.63.188.30 port 24811 ssh2
Jan  4 01:58:18 LabSZ sshd[12985]: Failed password for invalid user admin from 181.214.87.4 port 48682 ssh2
Jan  4 01:58:19 LabSZ sshd[12986]: message repeated 5 times: [ Failed password for root from 59.63.188.30 port 9403 ssh2]
Jan  4 01:58:19 LabSZ sshd[12986]: Disconnecting: Too many authentication failures for root [preauth]
Jan  4 01:58:19 LabSZ sshd[12986]: PAM 5 more authentication failures; logname= uid=0 euid=0 tty=ssh ruser= rhost=59.63.188.30  user=root
Jan  4 01:58:19 LabSZ sshd[12986]: PAM service(sshd) ignoring max retries; 6 > 3
Jan  4 01:58:20 LabSZ sshd[12993]: pam_unix(sshd:auth): authentication failure; logname= uid=0 euid=0 tty=ssh ruser= rhost=59.63.188.30  user=root
Jan  4 01:58:20 LabSZ sshd[12985]: pam_unix(sshd:auth): check pass; user unknown
Jan  4 01:58:22 LabSZ sshd[12993]: Failed password for root from 59.63.188.30 port 30450 ssh2
Jan  4 01:58:22 LabSZ sshd[12985]: Failed password for invalid user admin from 181.214.87.4 port 48682 ssh2
Jan  4 01:58:25 LabSZ sshd[12985]: pam_unix(sshd:auth): check pass; user unknown
Jan  4 01:58:26 LabSZ sshd[12985]: Failed password for invalid user admin from 181.214.87.4 port 48682 ssh2
Jan  4 01:58:28 LabSZ sshd[12985]: pam_unix(sshd:auth): check pass; user unknown
Jan  4 01:58:28 LabSZ sshd[12989]: message repeated 5 times: [ Failed password for root from 218.87.109.156 port 25504 ssh2]
Jan  4 01:58:28 LabSZ sshd[12989]: Disconnecting: Too many authentication failures for root [preauth]
Jan  4 01:58:28 LabSZ sshd[12989]: PAM 5 more authentication failures; logname= uid=0 euid=0 tty=ssh ruser= rhost=218.87.109.156  user=root
Jan  4 01:58:28 LabSZ sshd[12989]: PAM service(sshd) ignoring max retries; 6 > 3
Jan  4 01:58:29 LabSZ sshd[12991]: message repeated 5 times: [ Failed password for root from 59.63.188.30 port 24811 ssh2]
Jan  4 01:58:29 LabSZ sshd[12991]: Disconnecting: Too many authentication failures for root [preauth]
Jan  4 01:58:29 LabSZ sshd[12991]: PAM 5 more authentication failures; logname= uid=0 euid=0 tty=ssh ruser= rhost=59.63.188.30  user=root
Jan  4 01:58:29 LabSZ sshd[12991]: PAM service(sshd) ignoring max retries; 6 > 3
Jan  4 01:58:30 LabSZ sshd[12995]: pam_unix(sshd:auth): authentication failure; logname= uid=0 euid=0 tty=ssh ruser= rhost=218.87.109.156  user=root
Jan  4 01:58:31 LabSZ sshd[12997]: pam_unix(sshd:auth): authentication failure; logname= uid=0 euid=0 tty=ssh ruser= rhost=59.63.188.30  user=root
Jan  4 01:58:31 LabSZ sshd[12985]: Failed password for invalid user admin from 181.214.87.4 port 48682 ssh2
Jan  4 01:58:32 LabSZ sshd[12985]: Connection closed by 181.214.87.4 [preauth]
Jan  4 01:58:32 LabSZ sshd[12985]: PAM 4 more authentication failures; logname= uid=0 euid=0 tty=ssh ruser= rhost=181.214.87.4 
Jan  4 01:58:32 LabSZ sshd[12985]: PAM service(sshd) ignoring max retries; 5 > 3
Jan  4 01:58:32 LabSZ sshd[12995]: Failed password for root from 218.87.109.156 port 2118 ssh2
Jan  4 01:58:33 LabSZ sshd[12997]: Failed password for root from 59.63.188.30 port 44800 ssh2
Jan  4 01:58:34 LabSZ sshd[12993]: message repeated 5 times: [ Failed password for root from 59.63.188.30 port 30450 ssh2]
Jan  4 01:58:34 LabSZ sshd[12993]: Disconnecting: Too many authentication failures for root [preauth]
Jan  4 01:58:34 LabSZ sshd[12993]: PAM 5 more authentication failures; logname= uid=0 euid=0 tty=ssh ruser= rhost=59.63.188.30  user=root
Jan  4 01:58:34 LabSZ sshd[12993]: PAM service(sshd) ignoring max retries; 6 > 3
Jan  4 01:58:35 LabSZ sshd[13000]: pam_unix(sshd:auth): authentication failure; logname= uid=0 euid=0 tty=ssh ruser= rhost=59.63.188.30  user=root
Jan  4 01:58:37 LabSZ sshd[13000]: Failed password for root from 59.63.188.30 port 50846 ssh2
Jan  4 01:58:42 LabSZ sshd[12999]: Invalid user admin from 181.214.87.4
Jan  4 01:58:42 LabSZ sshd[12999]: input_userauth_request: invalid user admin [preauth]
Jan  4 01:58:42 LabSZ sshd[12999]: pam_unix(sshd:auth): check pass; user unknown
Jan  4 01:58:42 LabSZ sshd[12999]: pam_unix(sshd:auth): authentication failure; logname= uid=0 euid=0 tty=ssh ruser= rhost=181.214.87.4 
Jan  4 01:58:44 LabSZ sshd[12995]: message repeated 5 times: [ Failed password for root from 218.87.109.156 port 2118 ssh2]
Jan  4 01:58:44 LabSZ sshd[12995]: Disconnecting: Too many authentication failures for root [preauth]
Jan  4 01:58:44 LabSZ sshd[12995]: PAM 5 more authentication failures; logname= uid=0 euid=0 tty=ssh ruser= rhost=218.87.109.156  user=root
Jan  4 01:58:44 LabSZ sshd[12995]: PAM service(sshd) ignoring max retries; 6 > 3
Jan  4 01:58:44 LabSZ sshd[12999]: Failed password for invalid user admin from 181.214.87.4 port 41092 ssh2
Jan  4 01:58:45 LabSZ sshd[12999]: Connection closed by 181.214.87.4 [preauth]
Jan  4 01:58:45 LabSZ sshd[13003]: pam_unix(sshd:auth): authentication failure; logname= uid=0 euid=0 tty=ssh ruser= rhost=218.87.109.156  user=root
Jan  4 01:58:45 LabSZ sshd[12997]: message repeated 5 times: [ Failed password for root from 59.63.188.30 port 44800 ssh2]
Jan  4 01:58:45 LabSZ sshd[12997]: Disconnecting: Too many authentication failures for root [preauth]
Jan  4 01:58:45 LabSZ sshd[12997]: PAM 5 more authentication failures; logname= uid=0 euid=0 tty=ssh ruser= rhost=59.63.188.30  user=root
Jan  4 01:58:45 LabSZ sshd[12997]: PAM service(sshd) ignoring max retries; 6 > 3
Jan  4 01:58:47 LabSZ sshd[13006]: pam_unix(sshd:auth): authentication failure; logname= uid=0 euid=0 tty=ssh ruser= rhost=59.63.188.30  user=root
Jan  4 01:58:47 LabSZ sshd[13003]: Failed password for root from 218.87.109.156 port 39818 ssh2
Jan  4 01:58:49 LabSZ sshd[13006]: Failed password for root from 59.63.188.30 port 1578 ssh2
Jan  4 01:58:50 LabSZ sshd[13000]: message repeated 5 times: [ Failed password for root from 59.63.188.30 port 50846 ssh2]
Jan  4 01:58:50 LabSZ sshd[13000]: Disconnecting: Too many authentication failures for root [preauth]
Jan  4 01:58:50 LabSZ sshd[13000]: PAM 5 more authentication failures; logname= uid=0 euid=0 tty=ssh ruser= rhost=59.63.188.30  user=root
Jan  4 01:58:50 LabSZ sshd[13000]: PAM service(sshd) ignoring max retries; 6 > 3
Jan  4 01:58:51 LabSZ sshd[13009]: pam_unix(sshd:auth): authentication failure; logname= uid=0 euid=0 tty=ssh ruser= rhost=59.63.188.30  user=root
Jan  4 01:58:51 LabSZ sshd[13005]: Invalid user default from 181.214.87.4
Jan  4 01:58:51 LabSZ sshd[13005]: input_userauth_request: invalid user default [preauth]
Jan  4 01:58:51 LabSZ sshd[13005]: pam_unix(sshd:auth): check pass; user unknown
Jan  4 01:58:51 LabSZ sshd[13005]: pam_unix(sshd:auth): authentication failure; logname= uid=0 euid=0 tty=ssh ruser= rhost=181.214.87.4 
Jan  4 01:58:53 LabSZ sshd[13009]: Failed password for root from 59.63.188.30 port 7584 ssh2
Jan  4 01:58:54 LabSZ sshd[13005]: Failed password for invalid user default from 181.214.87.4 port 57939 ssh2
Jan  4 01:58:55 LabSZ sshd[13005]: pam_unix(sshd:auth): check pass; user unknown
Jan  4 01:58:57 LabSZ sshd[13005]: Failed password for invalid user default from 181.214.87.4 port 57939 ssh2
Jan  4 01:58:58 LabSZ sshd[13005]: Connection closed by 181.214.87.4 [preauth]
Jan  4 01:58:58 LabSZ sshd[13005]: PAM 1 more authentication failure; logname= uid=0 euid=0 tty=ssh ruser= rhost=181.214.87.4 
Jan  4 01:58:58 LabSZ sshd[13003]: message repeated 5 times: [ Failed password for root from 218.87.109.156 port 39818 ssh2]
Jan  4 01:58:58 LabSZ sshd[13003]: Disconnecting: Too many authentication failures for root [preauth]
Jan  4 01:58:58 LabSZ sshd[13003]: PAM 5 more authentication failures; logname= uid=0 euid=0 tty=ssh ruser= rhost=218.87.109.156  user=root
Jan  4 01:58:58 LabSZ sshd[13003]: PAM service(sshd) ignoring max retries; 6 > 3
Jan  4 01:59:01 LabSZ sshd[13006]: message repeated 5 times: [ Failed password for root from 59.63.188.30 port 1578 ssh2]
Jan  4 01:59:01 LabSZ sshd[13006]: Disconnecting: Too many authentication failures for root [preauth]
Jan  4 01:59:01 LabSZ sshd[13006]: PAM 5 more authentication failures; logname= uid=0 euid=0 tty=ssh ruser= rhost=59.63.188.30  user=root
Jan  4 01:59:01 LabSZ sshd[13006]: PAM service(sshd) ignoring max retries; 6 > 3
Jan  4 01:59:02 LabSZ sshd[13014]: pam_unix(sshd:auth): authentication failure; logname= uid=0 euid=0 tty=ssh ruser= rhost=59.63.188.30  user=root
Jan  4 01:59:04 LabSZ sshd[13014]: Failed password for root from 59.63.188.30 port 22479 ssh2
Jan  4 01:59:04 LabSZ sshd[13012]: pam_unix(sshd:auth): authentication failure; logname= uid=0 euid=0 tty=ssh ruser= rhost=218.87.109.156  user=root
Jan  4 01:59:06 LabSZ sshd[13009]: message repeated 5 times: [ Failed password for root from 59.63.188.30 port 7584 ssh2]
Jan  4 01:59:06 LabSZ sshd[13009]: Disconnecting: Too many authentication failures for root [preauth]
Jan  4 01:59:06 LabSZ sshd[13009]: PAM 5 more authentication failures; logname= uid=0 euid=0 tty=ssh ruser= rhost=59.63.188.30  user=root
Jan  4 01:59:06 LabSZ sshd[13009]: PAM service(sshd) ignoring max retries; 6 > 3
Jan  4 01:59:06 LabSZ sshd[13012]: Failed password for root from 218.87.109.156 port 14842 ssh2
Jan  4 01:59:07 LabSZ sshd[13017]: pam_unix(sshd:auth): authentication failure; logname= uid=0 euid=0 tty=ssh ruser= rhost=59.63.188.30  user=root
Jan  4 01:59:07 LabSZ sshd[13011]: pam_unix(sshd:auth): authentication failure; logname= uid=0 euid=0 tty=ssh ruser= rhost=181.214.87.4  user=ftp
Jan  4 01:59:08 LabSZ sshd[13017]: Failed password for root from 59.63.188.30 port 28754 ssh2
Jan  4 01:59:09 LabSZ sshd[13011]: Failed password for ftp from 181.214.87.4 port 48822 ssh2
Jan  4 01:59:10 LabSZ sshd[13011]: Connection closed by 181.214.87.4 [preauth]
