Jan  4 04:12:45 LabSZ sshd[16616]: pam_unix(sshd:auth): authentication failure; logname= uid=0 euid=0 tty=ssh ruser= rhost=59.63.188.30  user=root
Jan  4 04:12:45 LabSZ sshd[16618]: pam_unix(sshd:auth): authentication failure; logname= uid=0 euid=0 tty=ssh ruser= rhost=182.100.67.52  user=root
Jan  4 04:12:46 LabSZ sshd[16616]: Failed password for root from 59.63.188.30 port 46082 ssh2
Jan  4 04:12:47 LabSZ sshd[16618]: Failed password for root from 182.100.67.52 port 4388 ssh2
Jan  4 04:12:54 LabSZ sshd[16612]: message repeated 5 times: [ Failed password for root from 218.87.109.156 port 19878 ssh2]
Jan  4 04:12:54 LabSZ sshd[16612]: Disconnecting: Too many authentication failures for root [preauth]
Jan  4 04:12:54 LabSZ sshd[16612]: PAM 5 more authentication failures; logname= uid=0 euid=0 tty=ssh ruser= rhost=218.87.109.156  user=root
Jan  4 04:12:54 LabSZ sshd[16612]: PAM service(sshd) ignoring max retries; 6 > 3
Jan  4 04:12:55 LabSZ sshd[16620]: pam_unix(sshd:auth): authentication failure; logname= uid=0 euid=0 tty=ssh ruser= rhost=218.87.109.156  user=root
Jan  4 04:12:56 LabSZ sshd[16614]: message repeated 5 times: [ Failed password for root from 59.63.188.30 port 41543 ssh2]
Jan  4 04:12:56 LabSZ sshd[16614]: Disconnecting: Too many authentication failures for root [preauth]
Jan  4 04:12:56 LabSZ sshd[16614]: PAM 5 more authentication failures; logname= uid=0 euid=0 tty=ssh ruser= rhost=59.63.188.30  user=root
Jan  4 04:12:56 LabSZ sshd[16614]: PAM service(sshd) ignoring max retries; 6 > 3
Jan  4 04:12:57 LabSZ sshd[16620]: Failed password for root from 218.87.109.156 port 60688 ssh2
Jan  4 04:12:57 LabSZ sshd[16622]: pam_unix(sshd:auth): authentication failure; logname= uid=0 euid=0 tty=ssh ruser= rhost=59.63.188.30  user=root
Jan  4 04:12:58 LabSZ sshd[16616]: message repeated 5 times: [ Failed password for root from 59.63.188.30 port 46082 ssh2]
Jan  4 04:12:58 LabSZ sshd[16616]: Disconnecting: Too many authentication failures for root [preauth]
Jan  4 04:12:58 LabSZ sshd[16616]: PAM 5 more authentication failures; logname= uid=0 euid=0 tty=ssh ruser= rhost=59.63.188.30  user=root
Jan  4 04:12:58 LabSZ sshd[16616]: PAM service(sshd) ignoring max retries; 6 > 3
Jan  4 04:12:58 LabSZ sshd[16618]: message repeated 5 times: [ Failed password for root from 182.100.67.52 port 4388 ssh2]
Jan  4 04:12:58 LabSZ sshd[16618]: Disconnecting: Too many authentication failures for root [preauth]
Jan  4 04:12:58 LabSZ sshd[16618]: PAM 5 more authentication failures; logname= uid=0 euid=0 tty=ssh ruser= rhost=182.100.67.52  user=root
Jan  4 04:12:58 LabSZ sshd[16618]: PAM service(sshd) ignoring max retries; 6 > 3
Jan  4 04:12:58 LabSZ sshd[16622]: Failed password for root from 59.63.188.30 port 62086 ssh2
Jan  4 04:12:59 LabSZ sshd[16624]: pam_unix(sshd:auth): authentication failure; logname= uid=0 euid=0 tty=ssh ruser= rhost=59.63.188.30  user=root
Jan  4 04:13:01 LabSZ sshd[16624]: Failed password for root from 59.63.188.30 port 1720 ssh2
Jan  4 04:13:02 LabSZ sshd[16626]: pam_unix(sshd:auth): authentication failure; logname= uid=0 euid=0 tty=ssh ruser= rhost=182.100.67.52  user=root
Jan  4 04:13:04 LabSZ sshd[16626]: Failed password for root from 182.100.67.52 port 38286 ssh2
Jan  4 04:13:08 LabSZ sshd[16620]: message repeated 5 times: [ Failed password for root from 218.87.109.156 port 60688 ssh2]
Jan  4 04:13:08 LabSZ sshd[16620]: Disconnecting: Too many authentication failures for root [preauth]
Jan  4 04:13:08 LabSZ sshd[16620]: PAM 5 more authentication failures; logname= uid=0 euid=0 tty=ssh ruser= rhost=218.87.109.156  user=root
Jan  4 04:13:08 LabSZ sshd[16620]: PAM service(sshd) ignoring max retries; 6 > 3
Jan  4 04:13:10 LabSZ sshd[16628]: reverse mapping checking getaddrinfo for 179-147-52-119.user.vivozap.com.br [179.147.52.119] failed - POSSIBLE BREAK-IN ATTEMPT!
Jan  4 04:13:10 LabSZ sshd[16630]: pam_unix(sshd:auth): authentication failure; logname= uid=0 euid=0 tty=ssh ruser= rhost=218.87.109.156  user=root
Jan  4 04:13:10 LabSZ sshd[16622]: message repeated 5 times: [ Failed password for root from 59.63.188.30 port 62086 ssh2]
Jan  4 04:13:10 LabSZ sshd[16622]: Disconnecting: Too many authentication failures for root [preauth]
Jan  4 04:13:10 LabSZ sshd[16622]: PAM 5 more authentication failures; logname= uid=0 euid=0 tty=ssh ruser= rhost=59.63.188.30  user=root
Jan  4 04:13:10 LabSZ sshd[16622]: PAM service(sshd) ignoring max retries; 6 > 3
Jan  4 04:13:10 LabSZ sshd[16628]: pam_unix(sshd:auth): authentication failure; logname= uid=0 euid=0 tty=ssh ruser= rhost=179.147.52.119  user=root
Jan  4 04:13:11 LabSZ sshd[16632]: pam_unix(sshd:auth): authentication failure; logname= uid=0 euid=0 tty=ssh ruser= rhost=59.63.188.30  user=root
Jan  4 04:13:11 LabSZ sshd[16630]: Failed password for root from 218.87.109.156 port 31348 ssh2
Jan  4 04:13:12 LabSZ sshd[16628]: Failed password for root from 179.147.52.119 port 54161 ssh2
Jan  4 04:13:12 LabSZ sshd[16628]: Received disconnect from 179.147.52.119: 11: Bye Bye [preauth]
Jan  4 04:13:13 LabSZ sshd[16624]: message repeated 5 times: [ Failed password for root from 59.63.188.30 port 1720 ssh2]
Jan  4 04:13:13 LabSZ sshd[16624]: Disconnecting: Too many authentication failures for root [preauth]
Jan  4 04:13:13 LabSZ sshd[16624]: PAM 5 more authentication failures; logname= uid=0 euid=0 tty=ssh ruser= rhost=59.63.188.30  user=root
Jan  4 04:13:13 LabSZ sshd[16624]: PAM service(sshd) ignoring max retries; 6 > 3
Jan  4 04:13:13 LabSZ sshd[16632]: Failed password for root from 59.63.188.30 port 16644 ssh2
Jan  4 04:13:15 LabSZ sshd[16636]: pam_unix(sshd:auth): authentication failure; logname= uid=0 euid=0 tty=ssh ruser= rhost=59.63.188.30  user=root
Jan  4 04:13:16 LabSZ sshd[16634]: reverse mapping checking getaddrinfo for 179-147-52-119.user.vivozap.com.br [179.147.52.119] failed - POSSIBLE BREAK-IN ATTEMPT!
Jan  4 04:13:16 LabSZ sshd[16634]: pam_unix(sshd:auth): authentication failure; logname= uid=0 euid=0 tty=ssh ruser= rhost=179.147.52.119  user=root
Jan  4 04:13:16 LabSZ sshd[16626]: message repeated 5 times: [ Failed password for root from 182.100.67.52 port 38286 ssh2]
Jan  4 04:13:16 LabSZ sshd[16626]: Disconnecting: Too many authentication failures for root [preauth]
Jan  4 04:13:16 LabSZ sshd[16626]: PAM 5 more authentication failures; logname= uid=0 euid=0 tty=ssh ruser= rhost=182.100.67.52  user=root
Jan  4 04:13:16 LabSZ sshd[16626]: PAM service(sshd) ignoring max retries; 6 > 3
Jan  4 04:13:17 LabSZ sshd[16636]: Failed password for root from 59.63.188.30 port 21226 ssh2
Jan  4 04:13:17 LabSZ sshd[16638]: pam_unix(sshd:auth): authentication failure; logname= uid=0 euid=0 tty=ssh ruser= rhost=182.100.67.52  user=root
Jan  4 04:13:18 LabSZ sshd[16634]: Failed password for root from 179.147.52.119 port 54162 ssh2
Jan  4 04:13:18 LabSZ sshd[16634]: Received disconnect from 179.147.52.119: 11: Bye Bye [preauth]
Jan  4 04:13:19 LabSZ sshd[16638]: Failed password for root from 182.100.67.52 port 13786 ssh2
Jan  4 04:13:23 LabSZ sshd[16640]: reverse mapping checking getaddrinfo for 179-147-52-119.user.vivozap.com.br [179.147.52.119] failed - POSSIBLE BREAK-IN ATTEMPT!
Jan  4 04:13:23 LabSZ sshd[16640]: Invalid user ubnt from 179.147.52.119
Jan  4 04:13:23 LabSZ sshd[16640]: input_userauth_request: invalid user ubnt [preauth]
Jan  4 04:13:23 LabSZ sshd[16640]: pam_unix(sshd:auth): check pass; user unknown
Jan  4 04:13:23 LabSZ sshd[16640]: pam_unix(sshd:auth): authentication failure; logname= uid=0 euid=0 tty=ssh ruser= rhost=179.147.52.119 
Jan  4 04:13:23 LabSZ sshd[16630]: message repeated 5 times: [ Failed password for root from 218.87.109.156 port 31348 ssh2]
Jan  4 04:13:23 LabSZ sshd[16630]: Disconnecting: Too many authentication failures for root [preauth]
Jan  4 04:13:23 LabSZ sshd[16630]: PAM 5 more authentication failures; logname= uid=0 euid=0 tty=ssh ruser= rhost=218.87.109.156  user=root
Jan  4 04:13:23 LabSZ sshd[16630]: PAM service(sshd) ignoring max retries; 6 > 3
Jan  4 04:13:25 LabSZ sshd[16642]: pam_unix(sshd:auth): authentication failure; logname= uid=0 euid=0 tty=ssh ruser= rhost=218.87.109.156  user=root
Jan  4 04:13:25 LabSZ sshd[16640]: Failed password for invalid user ubnt from 179.147.52.119 port 54163 ssh2
Jan  4 04:13:26 LabSZ sshd[16640]: Received disconnect from 179.147.52.119: 11: Bye Bye [preauth]
Jan  4 04:13:26 LabSZ sshd[16632]: message repeated 5 times: [ Failed password for root from 59.63.188.30 port 16644 ssh2]
Jan  4 04:13:26 LabSZ sshd[16632]: Disconnecting: Too many authentication failures for root [preauth]
Jan  4 04:13:26 LabSZ sshd[16632]: PAM 5 more authentication failures; logname= uid=0 euid=0 tty=ssh ruser= rhost=59.63.188.30  user=root
Jan  4 04:13:26 LabSZ sshd[16632]: PAM service(sshd) ignoring max retries; 6 > 3
Jan  4 04:13:26 LabSZ sshd[16642]: Failed password for root from 218.87.109.156 port 1882 ssh2
Jan  4 04:13:27 LabSZ sshd[16646]: pam_unix(sshd:auth): authentication failure; logname= uid=0 euid=0 tty=ssh ruser= rhost=59.63.188.30  user=root
Jan  4 04:13:28 LabSZ sshd[16636]: message repeated 5 times: [ Failed password for root from 59.63.188.30 port 21226 ssh2]
Jan  4 04:13:28 LabSZ sshd[16636]: Disconnecting: Too many authentication failures for root [preauth]
Jan  4 04:13:28 LabSZ sshd[16636]: PAM 5 more authentication failures; logname= uid=0 euid=0 tty=ssh ruser= rhost=59.63.188.30  user=root
Jan  4 04:13:28 LabSZ sshd[16636]: PAM service(sshd) ignoring max retries; 6 > 3
Jan  4 04:13:29 LabSZ sshd[16646]: Failed password for root from 59.63.188.30 port 37855 ssh2
Jan  4 04:13:29 LabSZ sshd[16644]: reverse mapping checking getaddrinfo for 179-147-52-119.user.vivozap.com.br [179.147.52.119] failed - POSSIBLE BREAK-IN ATTEMPT!
Jan  4 04:13:29 LabSZ sshd[16644]: pam_unix(sshd:auth): authentication failure; logname= uid=0 euid=0 tty=ssh ruser= rhost=179.147.52.119  user=root
Jan  4 04:13:30 LabSZ sshd[16648]: pam_unix(sshd:auth): authentication failure; logname= uid=0 euid=0 tty=ssh ruser= rhost=59.63.188.30  user=root
Jan  4 04:13:31 LabSZ sshd[16638]: message repeated 5 times: [ Failed password for root from 182.100.67.52 port 13786 ssh2]
Jan  4 04:13:31 LabSZ sshd[16638]: Disconnecting: Too many authentication failures for root [preauth]
Jan  4 04:13:31 LabSZ sshd[16638]: PAM 5 more authentication failures; logname= uid=0 euid=0 tty=ssh ruser= rhost=182.100.67.52  user=root
Jan  4 04:13:31 LabSZ sshd[16638]: PAM service(sshd) ignoring max retries; 6 > 3
Jan  4 04:13:31 LabSZ sshd[16644]: Failed password for root from 179.147.52.119 port 54164 ssh2
Jan  4 04:13:31 LabSZ sshd[16648]: Failed password for root from 59.63.188.30 port 41527 ssh2
Jan  4 04:13:32 LabSZ sshd[16644]: Received disconnect from 179.147.52.119: 11: Bye Bye [preauth]
Jan  4 04:13:34 LabSZ sshd[16652]: pam_unix(sshd:auth): authentication failure; logname= uid=0 euid=0 tty=ssh ruser= rhost=182.100.67.52  user=root
Jan  4 04:13:35 LabSZ sshd[16650]: reverse mapping checking getaddrinfo for 179-147-52-119.user.vivozap.com.br [179.147.52.119] failed - POSSIBLE BREAK-IN ATTEMPT!
Jan  4 04:13:35 LabSZ sshd[16650]: pam_unix(sshd:auth): authentication failure; logname= uid=0 euid=0 tty=ssh ruser= rhost=179.147.52.119  user=root
Jan  4 04:13:36 LabSZ sshd[16652]: Failed password for root from 182.100.67.52 port 46980 ssh2
Jan  4 04:13:37 LabSZ sshd[16650]: Failed password for root from 179.147.52.119 port 54165 ssh2
Jan  4 04:13:38 LabSZ sshd[16650]: Received disconnect from 179.147.52.119: 11: Bye Bye [preauth]
Jan  4 04:13:38 LabSZ sshd[16642]: message repeated 5 times: [ Failed password for root from 218.87.109.156 port 1882 ssh2]
