Dec 17 05:16:59 LabSZ sshd[25127]: error: Received disconnect from 103.99.0.122: 14: No more user authentication methods available. [preauth]
Dec 17 05:17:00 LabSZ sshd[25129]: Failed password for root from 183.129.154.138 port 47632 ssh2
Dec 17 05:17:00 LabSZ sshd[25129]: Connection closed by 183.129.154.138 [preauth]
Dec 17 05:17:00 LabSZ sshd[25133]: pam_unix(sshd:auth): authentication failure; logname= uid=0 euid=0 tty=ssh ruser= rhost=183.129.154.138  user=root
Dec 17 05:17:02 LabSZ sshd[25131]: Invalid user ubnt from 103.99.0.122
Dec 17 05:17:02 LabSZ sshd[25131]: input_userauth_request: invalid user ubnt [preauth]
Dec 17 05:17:02 LabSZ sshd[25131]: pam_unix(sshd:auth): check pass; user unknown
Dec 17 05:17:02 LabSZ sshd[25131]: pam_unix(sshd:auth): authentication failure; logname= uid=0 euid=0 tty=ssh ruser= rhost=103.99.0.122 
Dec 17 05:17:02 LabSZ sshd[25133]: Failed password for root from 183.129.154.138 port 47878 ssh2
Dec 17 05:17:02 LabSZ sshd[25133]: Connection closed by 183.129.154.138 [preauth]
Dec 17 05:17:02 LabSZ sshd[25138]: pam_unix(sshd:auth): authentication failure; logname= uid=0 euid=0 tty=ssh ruser= rhost=183.129.154.138  user=root
Dec 17 05:17:04 LabSZ sshd[25131]: Failed password for invalid user ubnt from 103.99.0.122 port 50501 ssh2
Dec 17 05:17:05 LabSZ sshd[25131]: error: Received disconnect from 103.99.0.122: 14: No more user authentication methods available. [preauth]
Dec 17 05:17:05 LabSZ sshd[25138]: Failed password for root from 183.129.154.138 port 48114 ssh2
Dec 17 05:17:05 LabSZ sshd[25138]: Connection closed by 183.129.154.138 [preauth]
Dec 17 05:17:05 LabSZ sshd[25142]: pam_unix(sshd:auth): authentication failure; logname= uid=0 euid=0 tty=ssh ruser= rhost=183.129.154.138  user=root
Dec 17 05:17:06 LabSZ sshd[25140]: pam_unix(sshd:auth): authentication failure; logname= uid=0 euid=0 tty=ssh ruser= rhost=103.99.0.122  user=uucp
Dec 17 05:17:07 LabSZ sshd[25142]: Failed password for root from 183.129.154.138 port 48404 ssh2
Dec 17 05:17:07 LabSZ sshd[25142]: Connection closed by 183.129.154.138 [preauth]
Dec 17 05:17:07 LabSZ sshd[25144]: pam_unix(sshd:auth): authentication failure; logname= uid=0 euid=0 tty=ssh ruser= rhost=183.129.154.138  user=root
Dec 17 05:17:08 LabSZ sshd[25140]: Failed password for uucp from 103.99.0.122 port 52464 ssh2
Dec 17 05:17:08 LabSZ sshd[25140]: error: Received disconnect from 103.99.0.122: 14: No more user authentication methods available. [preauth]
Dec 17 05:17:09 LabSZ sshd[25146]: pam_unix(sshd:auth): authentication failure; logname= uid=0 euid=0 tty=ssh ruser= rhost=103.99.0.122  user=sshd
Dec 17 05:17:09 LabSZ sshd[25144]: Failed password for root from 183.129.154.138 port 48622 ssh2
Dec 17 05:17:09 LabSZ sshd[25144]: Connection closed by 183.129.154.138 [preauth]
Dec 17 05:17:10 LabSZ sshd[25148]: pam_unix(sshd:auth): authentication failure; logname= uid=0 euid=0 tty=ssh ruser= rhost=183.129.154.138  user=root
Dec 17 05:17:11 LabSZ sshd[25146]: Failed password for sshd from 103.99.0.122 port 53824 ssh2
Dec 17 05:17:11 LabSZ sshd[25148]: Failed password for root from 183.129.154.138 port 17486 ssh2
Dec 17 05:17:12 LabSZ sshd[25148]: Connection closed by 183.129.154.138 [preauth]
Dec 17 05:17:12 LabSZ sshd[25146]: error: Received disconnect from 103.99.0.122: 14: No more user authentication methods available. [preauth]
Dec 17 05:17:12 LabSZ sshd[25150]: pam_unix(sshd:auth): authentication failure; logname= uid=0 euid=0 tty=ssh ruser= rhost=183.129.154.138  user=root
Dec 17 05:17:13 LabSZ sshd[25152]: Invalid user admin from 103.99.0.122
Dec 17 05:17:13 LabSZ sshd[25152]: input_userauth_request: invalid user admin [preauth]
Dec 17 05:17:13 LabSZ sshd[25152]: pam_unix(sshd:auth): check pass; user unknown
Dec 17 05:17:13 LabSZ sshd[25152]: pam_unix(sshd:auth): authentication failure; logname= uid=0 euid=0 tty=ssh ruser= rhost=103.99.0.122 
Dec 17 05:17:13 LabSZ sshd[25154]: Invalid user openos from 115.71.16.143
Dec 17 05:17:13 LabSZ sshd[25154]: input_userauth_request: invalid user openos [preauth]
Dec 17 05:17:13 LabSZ sshd[25154]: pam_unix(sshd:auth): check pass; user unknown
Dec 17 05:17:13 LabSZ sshd[25154]: pam_unix(sshd:auth): authentication failure; logname= uid=0 euid=0 tty=ssh ruser= rhost=115.71.16.143 
Dec 17 05:17:13 LabSZ sshd[25150]: Failed password for root from 183.129.154.138 port 49074 ssh2
Dec 17 05:17:13 LabSZ sshd[25150]: Connection closed by 183.129.154.138 [preauth]
Dec 17 05:17:14 LabSZ sshd[25156]: pam_unix(sshd:auth): authentication failure; logname= uid=0 euid=0 tty=ssh ruser= rhost=183.129.154.138  user=root
Dec 17 05:17:14 LabSZ sshd[25152]: Failed password for invalid user admin from 103.99.0.122 port 55215 ssh2
Dec 17 05:17:14 LabSZ sshd[25154]: Failed password for invalid user openos from 115.71.16.143 port 55258 ssh2
Dec 17 05:17:14 LabSZ sshd[25154]: Received disconnect from 115.71.16.143: 11: Bye Bye [preauth]
Dec 17 05:17:15 LabSZ sshd[25152]: error: Received disconnect from 103.99.0.122: 14: No more user authentication methods available. [preauth]
Dec 17 05:17:16 LabSZ sshd[25156]: Failed password for root from 183.129.154.138 port 49288 ssh2
Dec 17 05:17:16 LabSZ sshd[25156]: Connection closed by 183.129.154.138 [preauth]
Dec 17 05:17:16 LabSZ sshd[25160]: pam_unix(sshd:auth): authentication failure; logname= uid=0 euid=0 tty=ssh ruser= rhost=183.129.154.138  user=root
Dec 17 05:17:17 LabSZ sshd[25158]: Invalid user cisco from 103.99.0.122
Dec 17 05:17:17 LabSZ sshd[25158]: input_userauth_request: invalid user cisco [preauth]
Dec 17 05:17:17 LabSZ sshd[25158]: pam_unix(sshd:auth): check pass; user unknown
Dec 17 05:17:17 LabSZ sshd[25158]: pam_unix(sshd:auth): authentication failure; logname= uid=0 euid=0 tty=ssh ruser= rhost=103.99.0.122 
Dec 17 05:17:19 LabSZ sshd[25160]: Failed password for root from 183.129.154.138 port 49540 ssh2
Dec 17 05:17:19 LabSZ sshd[25160]: Connection closed by 183.129.154.138 [preauth]
Dec 17 05:17:19 LabSZ sshd[25162]: pam_unix(sshd:auth): authentication failure; logname= uid=0 euid=0 tty=ssh ruser= rhost=183.129.154.138  user=root
Dec 17 05:17:19 LabSZ sshd[25158]: Failed password for invalid user cisco from 103.99.0.122 port 56288 ssh2
Dec 17 05:17:19 LabSZ sshd[25158]: error: Received disconnect from 103.99.0.122: 14: No more user authentication methods available. [preauth]
Dec 17 05:17:21 LabSZ sshd[25162]: Failed password for root from 183.129.154.138 port 49770 ssh2
Dec 17 05:17:21 LabSZ sshd[25162]: Connection closed by 183.129.154.138 [preauth]
Dec 17 05:17:21 LabSZ sshd[25166]: pam_unix(sshd:auth): authentication failure; logname= uid=0 euid=0 tty=ssh ruser= rhost=183.129.154.138  user=root
Dec 17 05:17:22 LabSZ sshd[25164]: Invalid user test from 103.99.0.122
Dec 17 05:17:22 LabSZ sshd[25164]: input_userauth_request: invalid user test [preauth]
Dec 17 05:17:22 LabSZ sshd[25164]: pam_unix(sshd:auth): check pass; user unknown
Dec 17 05:17:22 LabSZ sshd[25164]: pam_unix(sshd:auth): authentication failure; logname= uid=0 euid=0 tty=ssh ruser= rhost=103.99.0.122 
Dec 17 05:17:23 LabSZ sshd[25166]: Failed password for root from 183.129.154.138 port 49988 ssh2
Dec 17 05:17:23 LabSZ sshd[25166]: Connection closed by 183.129.154.138 [preauth]
Dec 17 05:17:23 LabSZ sshd[25168]: pam_unix(sshd:auth): authentication failure; logname= uid=0 euid=0 tty=ssh ruser= rhost=183.129.154.138  user=root
Dec 17 05:17:24 LabSZ sshd[25164]: Failed password for invalid user test from 103.99.0.122 port 58161 ssh2
Dec 17 05:17:25 LabSZ sshd[25164]: error: Received disconnect from 103.99.0.122: 14: No more user authentication methods available. [preauth]
Dec 17 05:17:25 LabSZ sshd[25168]: Failed password for root from 183.129.154.138 port 50178 ssh2
Dec 17 05:17:25 LabSZ sshd[25168]: Connection closed by 183.129.154.138 [preauth]
Dec 17 05:17:25 LabSZ sshd[25170]: Invalid user guest from 103.99.0.122
Dec 17 05:17:25 LabSZ sshd[25170]: input_userauth_request: invalid user guest [preauth]
Dec 17 05:17:25 LabSZ sshd[25170]: pam_unix(sshd:auth): check pass; user unknown
Dec 17 05:17:25 LabSZ sshd[25170]: pam_unix(sshd:auth): authentication failure; logname= uid=0 euid=0 tty=ssh ruser= rhost=103.99.0.122 
Dec 17 05:17:26 LabSZ sshd[25172]: pam_unix(sshd:auth): authentication failure; logname= uid=0 euid=0 tty=ssh ruser= rhost=183.129.154.138  user=root
Dec 17 05:17:27 LabSZ sshd[25170]: Failed password for invalid user guest from 103.99.0.122 port 59910 ssh2
Dec 17 05:17:27 LabSZ sshd[25170]: error: Received disconnect from 103.99.0.122: 14: No more user authentication methods available. [preauth]
Dec 17 05:17:28 LabSZ sshd[25172]: Failed password for root from 183.129.154.138 port 50460 ssh2
Dec 17 05:17:28 LabSZ sshd[25172]: Connection closed by 183.129.154.138 [preauth]
Dec 17 05:17:28 LabSZ sshd[25176]: pam_unix(sshd:auth): authentication failure; logname= uid=0 euid=0 tty=ssh ruser= rhost=183.129.154.138  user=root
Dec 17 05:17:29 LabSZ sshd[25174]: Invalid user user from 103.99.0.122
Dec 17 05:17:29 LabSZ sshd[25174]: input_userauth_request: invalid user user [preauth]
Dec 17 05:17:29 LabSZ sshd[25174]: pam_unix(sshd:auth): check pass; user unknown
Dec 17 05:17:29 LabSZ sshd[25174]: pam_unix(sshd:auth): authentication failure; logname= uid=0 euid=0 tty=ssh ruser= rhost=103.99.0.122 
Dec 17 05:17:30 LabSZ sshd[25176]: Failed password for root from 183.129.154.138 port 24868 ssh2
Dec 17 05:17:30 LabSZ sshd[25176]: Connection closed by 183.129.154.138 [preauth]
Dec 17 05:17:31 LabSZ sshd[25178]: pam_unix(sshd:auth): authentication failure; logname= uid=0 euid=0 tty=ssh ruser= rhost=183.129.154.138  user=root
Dec 17 05:17:31 LabSZ sshd[25174]: Failed password for invalid user user from 103.99.0.122 port 60827 ssh2
Dec 17 05:17:32 LabSZ sshd[25174]: error: Received disconnect from 103.99.0.122: 14: No more user authentication methods available. [preauth]
Dec 17 05:17:33 LabSZ sshd[25178]: Failed password for root from 183.129.154.138 port 51030 ssh2
Dec 17 05:17:33 LabSZ sshd[25178]: Connection closed by 183.129.154.138 [preauth]
Dec 17 05:17:33 LabSZ sshd[25182]: pam_unix(sshd:auth): authentication failure; logname= uid=0 euid=0 tty=ssh ruser= rhost=183.129.154.138  user=root
Dec 17 05:17:34 LabSZ sshd[25180]: Invalid user operator from 103.99.0.122
Dec 17 05:17:34 LabSZ sshd[25180]: input_userauth_request: invalid user operator [preauth]
Dec 17 05:17:34 LabSZ sshd[25180]: pam_unix(sshd:auth): check pass; user unknown
Dec 17 05:17:34 LabSZ sshd[25180]: pam_unix(sshd:auth): authentication failure; logname= uid=0 euid=0 tty=ssh ruser= rhost=103.99.0.122 
Dec 17 05:17:35 LabSZ sshd[25182]: Failed password for root from 183.129.154.138 port 51262 ssh2
Dec 17 05:17:35 LabSZ sshd[25182]: Connection closed by 183.129.154.138 [preauth]
