Jan  4 07:02:49 LabSZ sshd[21843]: pam_unix(sshd:auth): authentication failure; logname= uid=0 euid=0 tty=ssh ruser= rhost=182.100.67.52  user=root
Jan  4 07:02:51 LabSZ sshd[21843]: Failed password for root from 182.100.67.52 port 59202 ssh2
Jan  4 07:02:53 LabSZ sshd[21839]: message repeated 5 times: [ Failed password for root from 59.63.188.30 port 34888 ssh2]
Jan  4 07:02:53 LabSZ sshd[21839]: Disconnecting: Too many authentication failures for root [preauth]
Jan  4 07:02:53 LabSZ sshd[21839]: PAM 5 more authentication failures; logname= uid=0 euid=0 tty=ssh ruser= rhost=59.63.188.30  user=root
Jan  4 07:02:53 LabSZ sshd[21839]: PAM service(sshd) ignoring max retries; 6 > 3
Jan  4 07:02:54 LabSZ sshd[21837]: message repeated 5 times: [ Failed password for root from 218.87.109.156 port 33362 ssh2]
Jan  4 07:02:54 LabSZ sshd[21837]: Disconnecting: Too many authentication failures for root [preauth]
Jan  4 07:02:54 LabSZ sshd[21837]: PAM 5 more authentication failures; logname= uid=0 euid=0 tty=ssh ruser= rhost=218.87.109.156  user=root
Jan  4 07:02:54 LabSZ sshd[21837]: PAM service(sshd) ignoring max retries; 6 > 3
Jan  4 07:02:55 LabSZ sshd[21841]: pam_unix(sshd:auth): authentication failure; logname= uid=0 euid=0 tty=ssh ruser= rhost=59.63.188.30  user=root
Jan  4 07:02:55 LabSZ sshd[21845]: pam_unix(sshd:auth): authentication failure; logname= uid=0 euid=0 tty=ssh ruser= rhost=59.63.188.30  user=root
Jan  4 07:02:56 LabSZ sshd[21847]: pam_unix(sshd:auth): authentication failure; logname= uid=0 euid=0 tty=ssh ruser= rhost=218.87.109.156  user=root
Jan  4 07:02:57 LabSZ sshd[21841]: Failed password for root from 59.63.188.30 port 41024 ssh2
Jan  4 07:02:57 LabSZ sshd[21845]: Failed password for root from 59.63.188.30 port 55918 ssh2
Jan  4 07:02:58 LabSZ sshd[21847]: Failed password for root from 218.87.109.156 port 8378 ssh2
Jan  4 07:03:03 LabSZ sshd[21843]: message repeated 5 times: [ Failed password for root from 182.100.67.52 port 59202 ssh2]
Jan  4 07:03:03 LabSZ sshd[21843]: Disconnecting: Too many authentication failures for root [preauth]
Jan  4 07:03:03 LabSZ sshd[21843]: PAM 5 more authentication failures; logname= uid=0 euid=0 tty=ssh ruser= rhost=182.100.67.52  user=root
Jan  4 07:03:03 LabSZ sshd[21843]: PAM service(sshd) ignoring max retries; 6 > 3
Jan  4 07:03:05 LabSZ sshd[21849]: pam_unix(sshd:auth): authentication failure; logname= uid=0 euid=0 tty=ssh ruser= rhost=182.100.67.52  user=root
Jan  4 07:03:07 LabSZ sshd[21849]: Failed password for root from 182.100.67.52 port 29430 ssh2
Jan  4 07:03:09 LabSZ sshd[21841]: message repeated 5 times: [ Failed password for root from 59.63.188.30 port 41024 ssh2]
Jan  4 07:03:09 LabSZ sshd[21841]: Disconnecting: Too many authentication failures for root [preauth]
Jan  4 07:03:09 LabSZ sshd[21841]: PAM 5 more authentication failures; logname= uid=0 euid=0 tty=ssh ruser= rhost=59.63.188.30  user=root
Jan  4 07:03:09 LabSZ sshd[21841]: PAM service(sshd) ignoring max retries; 6 > 3
Jan  4 07:03:09 LabSZ sshd[21845]: message repeated 5 times: [ Failed password for root from 59.63.188.30 port 55918 ssh2]
Jan  4 07:03:09 LabSZ sshd[21845]: Disconnecting: Too many authentication failures for root [preauth]
Jan  4 07:03:09 LabSZ sshd[21845]: PAM 5 more authentication failures; logname= uid=0 euid=0 tty=ssh ruser= rhost=59.63.188.30  user=root
Jan  4 07:03:09 LabSZ sshd[21845]: PAM service(sshd) ignoring max retries; 6 > 3
Jan  4 07:03:10 LabSZ sshd[21851]: pam_unix(sshd:auth): authentication failure; logname= uid=0 euid=0 tty=ssh ruser= rhost=59.63.188.30  user=root
Jan  4 07:03:10 LabSZ sshd[21853]: pam_unix(sshd:auth): authentication failure; logname= uid=0 euid=0 tty=ssh ruser= rhost=59.63.188.30  user=root
Jan  4 07:03:11 LabSZ sshd[21847]: message repeated 5 times: [ Failed password for root from 218.87.109.156 port 8378 ssh2]
Jan  4 07:03:11 LabSZ sshd[21847]: Disconnecting: Too many authentication failures for root [preauth]
Jan  4 07:03:11 LabSZ sshd[21847]: PAM 5 more authentication failures; logname= uid=0 euid=0 tty=ssh ruser= rhost=218.87.109.156  user=root
Jan  4 07:03:11 LabSZ sshd[21847]: PAM service(sshd) ignoring max retries; 6 > 3
Jan  4 07:03:12 LabSZ sshd[21851]: Failed password for root from 59.63.188.30 port 62089 ssh2
Jan  4 07:03:12 LabSZ sshd[21853]: Failed password for root from 59.63.188.30 port 62147 ssh2
Jan  4 07:03:13 LabSZ sshd[21855]: pam_unix(sshd:auth): authentication failure; logname= uid=0 euid=0 tty=ssh ruser= rhost=218.87.109.156  user=root
Jan  4 07:03:15 LabSZ sshd[21855]: Failed password for root from 218.87.109.156 port 44402 ssh2
Jan  4 07:03:19 LabSZ sshd[21849]: message repeated 5 times: [ Failed password for root from 182.100.67.52 port 29430 ssh2]
Jan  4 07:03:19 LabSZ sshd[21849]: Disconnecting: Too many authentication failures for root [preauth]
Jan  4 07:03:19 LabSZ sshd[21849]: PAM 5 more authentication failures; logname= uid=0 euid=0 tty=ssh ruser= rhost=182.100.67.52  user=root
Jan  4 07:03:19 LabSZ sshd[21849]: PAM service(sshd) ignoring max retries; 6 > 3
Jan  4 07:03:24 LabSZ sshd[21859]: Did not receive identification string from 213.163.173.15
Jan  4 07:03:25 LabSZ sshd[21857]: pam_unix(sshd:auth): authentication failure; logname= uid=0 euid=0 tty=ssh ruser= rhost=182.100.67.52  user=root
Jan  4 07:03:27 LabSZ sshd[21855]: message repeated 5 times: [ Failed password for root from 218.87.109.156 port 44402 ssh2]
Jan  4 07:03:27 LabSZ sshd[21855]: Disconnecting: Too many authentication failures for root [preauth]
Jan  4 07:03:27 LabSZ sshd[21855]: PAM 5 more authentication failures; logname= uid=0 euid=0 tty=ssh ruser= rhost=218.87.109.156  user=root
Jan  4 07:03:27 LabSZ sshd[21855]: PAM service(sshd) ignoring max retries; 6 > 3
Jan  4 07:03:28 LabSZ sshd[21857]: Failed password for root from 182.100.67.52 port 61762 ssh2
Jan  4 07:03:28 LabSZ sshd[21860]: pam_unix(sshd:auth): authentication failure; logname= uid=0 euid=0 tty=ssh ruser= rhost=218.87.109.156  user=root
Jan  4 07:03:29 LabSZ sshd[21851]: message repeated 5 times: [ Failed password for root from 59.63.188.30 port 62089 ssh2]
Jan  4 07:03:29 LabSZ sshd[21851]: Disconnecting: Too many authentication failures for root [preauth]
Jan  4 07:03:29 LabSZ sshd[21851]: PAM 5 more authentication failures; logname= uid=0 euid=0 tty=ssh ruser= rhost=59.63.188.30  user=root
Jan  4 07:03:29 LabSZ sshd[21851]: PAM service(sshd) ignoring max retries; 6 > 3
Jan  4 07:03:29 LabSZ sshd[21853]: message repeated 5 times: [ Failed password for root from 59.63.188.30 port 62147 ssh2]
Jan  4 07:03:29 LabSZ sshd[21853]: Disconnecting: Too many authentication failures for root [preauth]
Jan  4 07:03:29 LabSZ sshd[21853]: PAM 5 more authentication failures; logname= uid=0 euid=0 tty=ssh ruser= rhost=59.63.188.30  user=root
Jan  4 07:03:29 LabSZ sshd[21853]: PAM service(sshd) ignoring max retries; 6 > 3
Jan  4 07:03:30 LabSZ sshd[21862]: pam_unix(sshd:auth): authentication failure; logname= uid=0 euid=0 tty=ssh ruser= rhost=59.63.188.30  user=root
Jan  4 07:03:30 LabSZ sshd[21864]: pam_unix(sshd:auth): authentication failure; logname= uid=0 euid=0 tty=ssh ruser= rhost=59.63.188.30  user=root
Jan  4 07:03:31 LabSZ sshd[21860]: Failed password for root from 218.87.109.156 port 13616 ssh2
Jan  4 07:03:32 LabSZ sshd[21862]: Failed password for root from 59.63.188.30 port 20044 ssh2
Jan  4 07:03:32 LabSZ sshd[21864]: Failed password for root from 59.63.188.30 port 20084 ssh2
Jan  4 07:03:42 LabSZ sshd[21857]: message repeated 5 times: [ Failed password for root from 182.100.67.52 port 61762 ssh2]
Jan  4 07:03:42 LabSZ sshd[21857]: Disconnecting: Too many authentication failures for root [preauth]
Jan  4 07:03:42 LabSZ sshd[21857]: PAM 5 more authentication failures; logname= uid=0 euid=0 tty=ssh ruser= rhost=182.100.67.52  user=root
Jan  4 07:03:42 LabSZ sshd[21857]: PAM service(sshd) ignoring max retries; 6 > 3
Jan  4 07:03:42 LabSZ sshd[21866]: reverse mapping checking getaddrinfo for 179-86-122-189.user.vivozap.com.br [179.86.122.189] failed - POSSIBLE BREAK-IN ATTEMPT!
Jan  4 07:03:43 LabSZ sshd[21866]: pam_unix(sshd:auth): authentication failure; logname= uid=0 euid=0 tty=ssh ruser= rhost=179.86.122.189  user=root
Jan  4 07:03:43 LabSZ sshd[21868]: pam_unix(sshd:auth): authentication failure; logname= uid=0 euid=0 tty=ssh ruser= rhost=182.100.67.52  user=root
Jan  4 07:03:44 LabSZ sshd[21860]: message repeated 5 times: [ Failed password for root from 218.87.109.156 port 13616 ssh2]
Jan  4 07:03:44 LabSZ sshd[21860]: Disconnecting: Too many authentication failures for root [preauth]
Jan  4 07:03:44 LabSZ sshd[21860]: PAM 5 more authentication failures; logname= uid=0 euid=0 tty=ssh ruser= rhost=218.87.109.156  user=root
Jan  4 07:03:44 LabSZ sshd[21860]: PAM service(sshd) ignoring max retries; 6 > 3
Jan  4 07:03:44 LabSZ sshd[21862]: message repeated 5 times: [ Failed password for root from 59.63.188.30 port 20044 ssh2]
Jan  4 07:03:44 LabSZ sshd[21862]: Disconnecting: Too many authentication failures for root [preauth]
Jan  4 07:03:44 LabSZ sshd[21862]: PAM 5 more authentication failures; logname= uid=0 euid=0 tty=ssh ruser= rhost=59.63.188.30  user=root
Jan  4 07:03:44 LabSZ sshd[21862]: PAM service(sshd) ignoring max retries; 6 > 3
Jan  4 07:03:45 LabSZ sshd[21866]: Failed password for root from 179.86.122.189 port 31484 ssh2
Jan  4 07:03:45 LabSZ sshd[21868]: Failed password for root from 182.100.67.52 port 46928 ssh2
Jan  4 07:03:46 LabSZ sshd[21872]: pam_unix(sshd:auth): authentication failure; logname= uid=0 euid=0 tty=ssh ruser= rhost=59.63.188.30  user=root
Jan  4 07:03:47 LabSZ sshd[21870]: pam_unix(sshd:auth): authentication failure; logname= uid=0 euid=0 tty=ssh ruser= rhost=218.87.109.156  user=root
Jan  4 07:03:47 LabSZ sshd[21872]: Failed password for root from 59.63.188.30 port 40647 ssh2
Jan  4 07:03:48 LabSZ sshd[21866]: Received disconnect from 179.86.122.189: 11: Bye Bye [preauth]
Jan  4 07:03:48 LabSZ sshd[21870]: Failed password for root from 218.87.109.156 port 48528 ssh2
Jan  4 07:03:51 LabSZ sshd[21864]: message repeated 5 times: [ Failed password for root from 59.63.188.30 port 20084 ssh2]
Jan  4 07:03:51 LabSZ sshd[21864]: Disconnecting: Too many authentication failures for root [preauth]
Jan  4 07:03:51 LabSZ sshd[21864]: PAM 5 more authentication failures; logname= uid=0 euid=0 tty=ssh ruser= rhost=59.63.188.30  user=root
Jan  4 07:03:51 LabSZ sshd[21864]: PAM service(sshd) ignoring max retries; 6 > 3
Jan  4 07:03:52 LabSZ sshd[21876]: pam_unix(sshd:auth): authentication failure; logname= uid=0 euid=0 tty=ssh ruser= rhost=59.63.188.30  user=root
Jan  4 07:03:52 LabSZ sshd[21874]: reverse mapping checking getaddrinfo for 179-86-122-189.user.vivozap.com.br [179.86.122.189] failed - POSSIBLE BREAK-IN ATTEMPT!
Jan  4 07:03:53 LabSZ sshd[21874]: pam_unix(sshd:auth): authentication failure; logname= uid=0 euid=0 tty=ssh ruser= rhost=179.86.122.189  user=root
Jan  4 07:03:54 LabSZ sshd[21876]: Failed password for root from 59.63.188.30 port 42726 ssh2
Jan  4 07:03:55 LabSZ sshd[21874]: Failed password for root from 179.86.122.189 port 31485 ssh2
Jan  4 07:03:56 LabSZ sshd[21874]: Connection closed by 179.86.122.189 [preauth]
Jan  4 07:03:57 LabSZ sshd[21868]: message repeated 5 times: [ Failed password for root from 182.100.67.52 port 46928 ssh2]
Jan  4 07:03:57 LabSZ sshd[21868]: Disconnecting: Too many authentication failures for root [preauth]
Jan  4 07:03:57 LabSZ sshd[21868]: PAM 5 more authentication failures; logname= uid=0 euid=0 tty=ssh ruser= rhost=182.100.67.52  user=root
