Jan  5 03:41:32 LabSZ sshd[11655]: Failed password for root from 115.238.230.180 port 50070 ssh2
Jan  5 03:41:32 LabSZ sshd[11655]: Received disconnect from 115.238.230.180: 11: Bye Bye [preauth]
Jan  5 03:41:32 LabSZ sshd[11657]: pam_unix(sshd:auth): authentication failure; logname= uid=0 euid=0 tty=ssh ruser= rhost=115.238.230.180  user=root
Jan  5 03:41:34 LabSZ sshd[11657]: Failed password for root from 115.238.230.180 port 51527 ssh2
Jan  5 03:41:34 LabSZ sshd[11657]: Received disconnect from 115.238.230.180: 11: Bye Bye [preauth]
Jan  5 03:41:35 LabSZ sshd[11659]: pam_unix(sshd:auth): authentication failure; logname= uid=0 euid=0 tty=ssh ruser= rhost=115.238.230.180  user=root
Jan  5 03:41:37 LabSZ sshd[11659]: Failed password for root from 115.238.230.180 port 52959 ssh2
Jan  5 03:41:37 LabSZ sshd[11659]: Received disconnect from 115.238.230.180: 11: Bye Bye [preauth]
Jan  5 03:41:37 LabSZ sshd[11661]: pam_unix(sshd:auth): authentication failure; logname= uid=0 euid=0 tty=ssh ruser= rhost=115.238.230.180  user=root
Jan  5 03:41:39 LabSZ sshd[11661]: Failed password for root from 115.238.230.180 port 54275 ssh2
Jan  5 03:41:39 LabSZ sshd[11661]: Received disconnect from 115.238.230.180: 11: Bye Bye [preauth]
Jan  5 03:41:39 LabSZ sshd[11663]: pam_unix(sshd:auth): authentication failure; logname= uid=0 euid=0 tty=ssh ruser= rhost=115.238.230.180  user=root
Jan  5 03:41:41 LabSZ sshd[11663]: Failed password for root from 115.238.230.180 port 55568 ssh2
Jan  5 03:41:42 LabSZ sshd[11663]: Received disconnect from 115.238.230.180: 11: Bye Bye [preauth]
Jan  5 03:41:42 LabSZ sshd[11651]: message repeated 5 times: [ Failed password for root from 59.63.188.30 port 54583 ssh2]
Jan  5 03:41:42 LabSZ sshd[11651]: Disconnecting: Too many authentication failures for root [preauth]
Jan  5 03:41:42 LabSZ sshd[11651]: PAM 5 more authentication failures; logname= uid=0 euid=0 tty=ssh ruser= rhost=59.63.188.30  user=root
Jan  5 03:41:42 LabSZ sshd[11651]: PAM service(sshd) ignoring max retries; 6 > 3
Jan  5 03:41:42 LabSZ sshd[11665]: pam_unix(sshd:auth): authentication failure; logname= uid=0 euid=0 tty=ssh ruser= rhost=115.238.230.180  user=root
Jan  5 03:41:43 LabSZ sshd[11667]: pam_unix(sshd:auth): authentication failure; logname= uid=0 euid=0 tty=ssh ruser= rhost=59.63.188.30  user=root
Jan  5 03:41:44 LabSZ sshd[11665]: Failed password for root from 115.238.230.180 port 57126 ssh2
Jan  5 03:41:44 LabSZ sshd[11665]: Received disconnect from 115.238.230.180: 11: Bye Bye [preauth]
Jan  5 03:41:44 LabSZ sshd[11669]: pam_unix(sshd:auth): authentication failure; logname= uid=0 euid=0 tty=ssh ruser= rhost=115.238.230.180  user=root
Jan  5 03:41:45 LabSZ sshd[11667]: Failed password for root from 59.63.188.30 port 61755 ssh2
Jan  5 03:41:46 LabSZ sshd[11669]: Failed password for root from 115.238.230.180 port 58548 ssh2
Jan  5 03:41:46 LabSZ sshd[11669]: Received disconnect from 115.238.230.180: 11: Bye Bye [preauth]
Jan  5 03:41:47 LabSZ sshd[11671]: pam_unix(sshd:auth): authentication failure; logname= uid=0 euid=0 tty=ssh ruser= rhost=115.238.230.180  user=root
Jan  5 03:41:49 LabSZ sshd[11671]: Failed password for root from 115.238.230.180 port 59961 ssh2
Jan  5 03:41:49 LabSZ sshd[11671]: Received disconnect from 115.238.230.180: 11: Bye Bye [preauth]
Jan  5 03:41:49 LabSZ sshd[11673]: pam_unix(sshd:auth): authentication failure; logname= uid=0 euid=0 tty=ssh ruser= rhost=115.238.230.180  user=root
Jan  5 03:41:51 LabSZ sshd[11673]: Failed password for root from 115.238.230.180 port 33170 ssh2
Jan  5 03:41:51 LabSZ sshd[11673]: Received disconnect from 115.238.230.180: 11: Bye Bye [preauth]
Jan  5 03:41:51 LabSZ sshd[11675]: pam_unix(sshd:auth): authentication failure; logname= uid=0 euid=0 tty=ssh ruser= rhost=115.238.230.180  user=root
Jan  5 03:41:54 LabSZ sshd[11675]: Failed password for root from 115.238.230.180 port 34438 ssh2
Jan  5 03:41:54 LabSZ sshd[11675]: Received disconnect from 115.238.230.180: 11: Bye Bye [preauth]
Jan  5 03:41:54 LabSZ sshd[11677]: pam_unix(sshd:auth): authentication failure; logname= uid=0 euid=0 tty=ssh ruser= rhost=115.238.230.180  user=root
Jan  5 03:41:56 LabSZ sshd[11677]: Failed password for root from 115.238.230.180 port 35990 ssh2
Jan  5 03:41:57 LabSZ sshd[11677]: Received disconnect from 115.238.230.180: 11: Bye Bye [preauth]
Jan  5 03:41:57 LabSZ sshd[11679]: pam_unix(sshd:auth): authentication failure; logname= uid=0 euid=0 tty=ssh ruser= rhost=115.238.230.180  user=root
Jan  5 03:41:59 LabSZ sshd[11679]: Failed password for root from 115.238.230.180 port 36837 ssh2
Jan  5 03:41:59 LabSZ sshd[11679]: Received disconnect from 115.238.230.180: 11: Bye Bye [preauth]
Jan  5 03:42:00 LabSZ sshd[11681]: pam_unix(sshd:auth): authentication failure; logname= uid=0 euid=0 tty=ssh ruser= rhost=115.238.230.180  user=root
Jan  5 03:42:02 LabSZ sshd[11667]: message repeated 5 times: [ Failed password for root from 59.63.188.30 port 61755 ssh2]
Jan  5 03:42:02 LabSZ sshd[11667]: Disconnecting: Too many authentication failures for root [preauth]
Jan  5 03:42:02 LabSZ sshd[11667]: PAM 5 more authentication failures; logname= uid=0 euid=0 tty=ssh ruser= rhost=59.63.188.30  user=root
Jan  5 03:42:02 LabSZ sshd[11667]: PAM service(sshd) ignoring max retries; 6 > 3
Jan  5 03:42:03 LabSZ sshd[11681]: Failed password for root from 115.238.230.180 port 37751 ssh2
Jan  5 03:42:03 LabSZ sshd[11681]: Received disconnect from 115.238.230.180: 11: Bye Bye [preauth]
Jan  5 03:42:03 LabSZ sshd[11683]: pam_unix(sshd:auth): authentication failure; logname= uid=0 euid=0 tty=ssh ruser= rhost=115.238.230.180  user=root
Jan  5 03:42:04 LabSZ sshd[11685]: pam_unix(sshd:auth): authentication failure; logname= uid=0 euid=0 tty=ssh ruser= rhost=59.63.188.30  user=root
Jan  5 03:42:05 LabSZ sshd[11683]: Failed password for root from 115.238.230.180 port 39809 ssh2
Jan  5 03:42:05 LabSZ sshd[11683]: Received disconnect from 115.238.230.180: 11: Bye Bye [preauth]
Jan  5 03:42:06 LabSZ sshd[11685]: Failed password for root from 59.63.188.30 port 18569 ssh2
Jan  5 03:42:06 LabSZ sshd[11687]: Invalid user java from 115.238.230.180
Jan  5 03:42:06 LabSZ sshd[11687]: input_userauth_request: invalid user java [preauth]
Jan  5 03:42:06 LabSZ sshd[11687]: pam_unix(sshd:auth): check pass; user unknown
Jan  5 03:42:06 LabSZ sshd[11687]: pam_unix(sshd:auth): authentication failure; logname= uid=0 euid=0 tty=ssh ruser= rhost=115.238.230.180 
Jan  5 03:42:08 LabSZ sshd[11687]: Failed password for invalid user java from 115.238.230.180 port 41320 ssh2
Jan  5 03:42:08 LabSZ sshd[11687]: Received disconnect from 115.238.230.180: 11: Bye Bye [preauth]
Jan  5 03:42:09 LabSZ sshd[11689]: pam_unix(sshd:auth): authentication failure; logname= uid=0 euid=0 tty=ssh ruser= rhost=115.238.230.180  user=root
Jan  5 03:42:11 LabSZ sshd[11689]: Failed password for root from 115.238.230.180 port 42855 ssh2
Jan  5 03:42:11 LabSZ sshd[11689]: Received disconnect from 115.238.230.180: 11: Bye Bye [preauth]
Jan  5 03:42:12 LabSZ sshd[11691]: pam_unix(sshd:auth): authentication failure; logname= uid=0 euid=0 tty=ssh ruser= rhost=115.238.230.180  user=root
Jan  5 03:42:14 LabSZ sshd[11691]: Failed password for root from 115.238.230.180 port 44467 ssh2
Jan  5 03:42:15 LabSZ sshd[11691]: Received disconnect from 115.238.230.180: 11: Bye Bye [preauth]
Jan  5 03:42:16 LabSZ sshd[11693]: pam_unix(sshd:auth): authentication failure; logname= uid=0 euid=0 tty=ssh ruser= rhost=115.238.230.180  user=root
Jan  5 03:42:18 LabSZ sshd[11693]: Failed password for root from 115.238.230.180 port 46187 ssh2
Jan  5 03:42:18 LabSZ sshd[11693]: Received disconnect from 115.238.230.180: 11: Bye Bye [preauth]
Jan  5 03:42:19 LabSZ sshd[11695]: pam_unix(sshd:auth): authentication failure; logname= uid=0 euid=0 tty=ssh ruser= rhost=115.238.230.180  user=root
Jan  5 03:42:19 LabSZ sshd[11685]: message repeated 5 times: [ Failed password for root from 59.63.188.30 port 18569 ssh2]
Jan  5 03:42:19 LabSZ sshd[11685]: Disconnecting: Too many authentication failures for root [preauth]
Jan  5 03:42:19 LabSZ sshd[11685]: PAM 5 more authentication failures; logname= uid=0 euid=0 tty=ssh ruser= rhost=59.63.188.30  user=root
Jan  5 03:42:19 LabSZ sshd[11685]: PAM service(sshd) ignoring max retries; 6 > 3
Jan  5 03:42:20 LabSZ sshd[11697]: pam_unix(sshd:auth): authentication failure; logname= uid=0 euid=0 tty=ssh ruser= rhost=59.63.188.30  user=root
Jan  5 03:42:21 LabSZ sshd[11695]: Failed password for root from 115.238.230.180 port 47976 ssh2
Jan  5 03:42:21 LabSZ sshd[11695]: Received disconnect from 115.238.230.180: 11: Bye Bye [preauth]
Jan  5 03:42:21 LabSZ sshd[11699]: pam_unix(sshd:auth): authentication failure; logname= uid=0 euid=0 tty=ssh ruser= rhost=115.238.230.180  user=root
Jan  5 03:42:22 LabSZ sshd[11697]: Failed password for root from 59.63.188.30 port 39420 ssh2
Jan  5 03:42:23 LabSZ sshd[11699]: Failed password for root from 115.238.230.180 port 49577 ssh2
Jan  5 03:42:24 LabSZ sshd[11699]: Received disconnect from 115.238.230.180: 11: Bye Bye [preauth]
Jan  5 03:42:24 LabSZ sshd[11701]: pam_unix(sshd:auth): authentication failure; logname= uid=0 euid=0 tty=ssh ruser= rhost=115.238.230.180  user=root
Jan  5 03:42:27 LabSZ sshd[11701]: Failed password for root from 115.238.230.180 port 51068 ssh2
Jan  5 03:42:27 LabSZ sshd[11701]: Received disconnect from 115.238.230.180: 11: Bye Bye [preauth]
Jan  5 03:42:27 LabSZ sshd[11703]: pam_unix(sshd:auth): authentication failure; logname= uid=0 euid=0 tty=ssh ruser= rhost=115.238.230.180  user=root
Jan  5 03:42:29 LabSZ sshd[11703]: Failed password for root from 115.238.230.180 port 52784 ssh2
Jan  5 03:42:29 LabSZ sshd[11703]: Received disconnect from 115.238.230.180: 11: Bye Bye [preauth]
Jan  5 03:42:30 LabSZ sshd[11706]: pam_unix(sshd:auth): authentication failure; logname= uid=0 euid=0 tty=ssh ruser= rhost=115.238.230.180  user=root
Jan  5 03:42:32 LabSZ sshd[11706]: Failed password for root from 115.238.230.180 port 54084 ssh2
Jan  5 03:42:33 LabSZ sshd[11706]: Received disconnect from 115.238.230.180: 11: Bye Bye [preauth]
Jan  5 03:42:34 LabSZ sshd[11708]: pam_unix(sshd:auth): authentication failure; logname= uid=0 euid=0 tty=ssh ruser= rhost=115.238.230.180  user=root
Jan  5 03:42:36 LabSZ sshd[11697]: message repeated 5 times: [ Failed password for root from 59.63.188.30 port 39420 ssh2]
Jan  5 03:42:36 LabSZ sshd[11697]: Disconnecting: Too many authentication failures for root [preauth]
Jan  5 03:42:36 LabSZ sshd[11697]: PAM 5 more authentication failures; logname= uid=0 euid=0 tty=ssh ruser= rhost=59.63.188.30  user=root
Jan  5 03:42:36 LabSZ sshd[11697]: PAM service(sshd) ignoring max retries; 6 > 3
Jan  5 03:42:36 LabSZ sshd[11708]: Failed password for root from 115.238.230.180 port 56102 ssh2
Jan  5 03:42:36 LabSZ sshd[11708]: Received disconnect from 115.238.230.180: 11: Bye Bye [preauth]
Jan  5 03:42:37 LabSZ sshd[11712]: pam_unix(sshd:auth): authentication failure; logname= uid=0 euid=0 tty=ssh ruser= rhost=59.63.188.30  user=root
Jan  5 03:42:37 LabSZ sshd[11710]: pam_unix(sshd:auth): authentication failure; logname= uid=0 euid=0 tty=ssh ruser= rhost=115.238.230.180  user=root
Jan  5 03:42:39 LabSZ sshd[11712]: Failed password for root from 59.63.188.30 port 60183 ssh2
Jan  5 03:42:39 LabSZ sshd[11710]: Failed password for root from 115.238.230.180 port 57933 ssh2
