Dec 17 09:40:25 LabSZ sshd[31464]: pam_unix(sshd:auth): authentication failure; logname= uid=0 euid=0 tty=ssh ruser= rhost=183.129.170.130  user=root
Dec 17 09:40:27 LabSZ sshd[31466]: Invalid user ***** from 103.207.39.38
Dec 17 09:40:27 LabSZ sshd[31466]: input_userauth_request: invalid user ***** [preauth]
Dec 17 09:40:27 LabSZ sshd[31464]: Failed password for root from 183.129.170.130 port 47139 ssh2
Dec 17 09:40:27 LabSZ sshd[31464]: Connection closed by 183.129.170.130 [preauth]
Dec 17 09:40:27 LabSZ sshd[31466]: pam_unix(sshd:auth): check pass; user unknown
Dec 17 09:40:27 LabSZ sshd[31466]: pam_unix(sshd:auth): authentication failure; logname= uid=0 euid=0 tty=ssh ruser= rhost=103.207.39.38 
Dec 17 09:40:27 LabSZ sshd[31468]: pam_unix(sshd:auth): authentication failure; logname= uid=0 euid=0 tty=ssh ruser= rhost=183.129.170.130  user=root
Dec 17 09:40:30 LabSZ sshd[31466]: Failed password for invalid user ***** from 103.207.39.38 port 55106 ssh2
Dec 17 09:40:30 LabSZ sshd[31466]: Received disconnect from 103.207.39.38: 11: Closed due to user request. [preauth]
Dec 17 09:40:30 LabSZ sshd[31468]: Failed password for root from 183.129.170.130 port 47218 ssh2
Dec 17 09:40:30 LabSZ sshd[31468]: Connection closed by 183.129.170.130 [preauth]
Dec 17 09:40:30 LabSZ sshd[31472]: pam_unix(sshd:auth): authentication failure; logname= uid=0 euid=0 tty=ssh ruser= rhost=183.129.170.130  user=root
Dec 17 09:40:30 LabSZ sshd[31470]: pam_unix(sshd:auth): authentication failure; logname= uid=0 euid=0 tty=ssh ruser= rhost=103.207.39.38  user=root
Dec 17 09:40:32 LabSZ sshd[31472]: Failed password for root from 183.129.170.130 port 47332 ssh2
Dec 17 09:40:32 LabSZ sshd[31472]: Connection closed by 183.129.170.130 [preauth]
Dec 17 09:40:32 LabSZ sshd[31470]: Failed password for root from 103.207.39.38 port 56470 ssh2
Dec 17 09:40:32 LabSZ sshd[31470]: Received disconnect from 103.207.39.38: 11: Closed due to user request. [preauth]
Dec 17 09:40:32 LabSZ sshd[31474]: pam_unix(sshd:auth): authentication failure; logname= uid=0 euid=0 tty=ssh ruser= rhost=183.129.170.130  user=root
Dec 17 09:40:33 LabSZ sshd[31476]: Invalid user vyatta from 103.207.39.38
Dec 17 09:40:33 LabSZ sshd[31476]: input_userauth_request: invalid user vyatta [preauth]
Dec 17 09:40:33 LabSZ sshd[31476]: pam_unix(sshd:auth): check pass; user unknown
Dec 17 09:40:33 LabSZ sshd[31476]: pam_unix(sshd:auth): authentication failure; logname= uid=0 euid=0 tty=ssh ruser= rhost=103.207.39.38 
Dec 17 09:40:34 LabSZ sshd[31474]: Failed password for root from 183.129.170.130 port 47422 ssh2
Dec 17 09:40:35 LabSZ sshd[31474]: Connection closed by 183.129.170.130 [preauth]
Dec 17 09:40:35 LabSZ sshd[31478]: pam_unix(sshd:auth): authentication failure; logname= uid=0 euid=0 tty=ssh ruser= rhost=183.129.170.130  user=root
Dec 17 09:40:36 LabSZ sshd[31476]: Failed password for invalid user vyatta from 103.207.39.38 port 57914 ssh2
Dec 17 09:40:36 LabSZ sshd[31476]: Received disconnect from 103.207.39.38: 11: Closed due to user request. [preauth]
Dec 17 09:40:37 LabSZ sshd[31478]: Failed password for root from 183.129.170.130 port 47525 ssh2
Dec 17 09:40:37 LabSZ sshd[31478]: Connection closed by 183.129.170.130 [preauth]
Dec 17 09:40:37 LabSZ sshd[31480]: Invalid user pi from 103.207.39.38
Dec 17 09:40:37 LabSZ sshd[31480]: input_userauth_request: invalid user pi [preauth]
Dec 17 09:40:37 LabSZ sshd[31482]: pam_unix(sshd:auth): authentication failure; logname= uid=0 euid=0 tty=ssh ruser= rhost=183.129.170.130  user=root
Dec 17 09:40:37 LabSZ sshd[31480]: pam_unix(sshd:auth): check pass; user unknown
Dec 17 09:40:37 LabSZ sshd[31480]: pam_unix(sshd:auth): authentication failure; logname= uid=0 euid=0 tty=ssh ruser= rhost=103.207.39.38 
Dec 17 09:40:39 LabSZ sshd[31482]: Failed password for root from 183.129.170.130 port 47614 ssh2
Dec 17 09:40:39 LabSZ sshd[31482]: Connection closed by 183.129.170.130 [preauth]
Dec 17 09:40:39 LabSZ sshd[31484]: pam_unix(sshd:auth): authentication failure; logname= uid=0 euid=0 tty=ssh ruser= rhost=183.129.170.130  user=root
Dec 17 09:40:39 LabSZ sshd[31480]: Failed password for invalid user pi from 103.207.39.38 port 59611 ssh2
Dec 17 09:40:39 LabSZ sshd[31480]: Received disconnect from 103.207.39.38: 11: Closed due to user request. [preauth]
Dec 17 09:40:40 LabSZ sshd[31486]: Invalid user admin from 103.207.39.38
Dec 17 09:40:40 LabSZ sshd[31486]: input_userauth_request: invalid user admin [preauth]
Dec 17 09:40:40 LabSZ sshd[31486]: pam_unix(sshd:auth): check pass; user unknown
Dec 17 09:40:40 LabSZ sshd[31486]: pam_unix(sshd:auth): authentication failure; logname= uid=0 euid=0 tty=ssh ruser= rhost=103.207.39.38 
Dec 17 09:40:41 LabSZ sshd[31484]: Failed password for root from 183.129.170.130 port 47700 ssh2
Dec 17 09:40:41 LabSZ sshd[31484]: Connection closed by 183.129.170.130 [preauth]
Dec 17 09:40:41 LabSZ sshd[31488]: pam_unix(sshd:auth): authentication failure; logname= uid=0 euid=0 tty=ssh ruser= rhost=183.129.170.130  user=root
Dec 17 09:40:42 LabSZ sshd[31486]: Failed password for invalid user admin from 103.207.39.38 port 60818 ssh2
Dec 17 09:40:42 LabSZ sshd[31486]: Received disconnect from 103.207.39.38: 11: Closed due to user request. [preauth]
Dec 17 09:40:43 LabSZ sshd[31488]: Failed password for root from 183.129.170.130 port 47791 ssh2
Dec 17 09:40:43 LabSZ sshd[31488]: Connection closed by 183.129.170.130 [preauth]
Dec 17 09:40:44 LabSZ sshd[31492]: pam_unix(sshd:auth): authentication failure; logname= uid=0 euid=0 tty=ssh ruser= rhost=183.129.170.130  user=root
Dec 17 09:40:45 LabSZ sshd[31490]: Invalid user administrator from 103.207.39.38
Dec 17 09:40:45 LabSZ sshd[31490]: input_userauth_request: invalid user administrator [preauth]
Dec 17 09:40:45 LabSZ sshd[31490]: pam_unix(sshd:auth): check pass; user unknown
Dec 17 09:40:45 LabSZ sshd[31490]: pam_unix(sshd:auth): authentication failure; logname= uid=0 euid=0 tty=ssh ruser= rhost=103.207.39.38 
Dec 17 09:40:46 LabSZ sshd[31492]: Failed password for root from 183.129.170.130 port 47891 ssh2
Dec 17 09:40:46 LabSZ sshd[31492]: Connection closed by 183.129.170.130 [preauth]
Dec 17 09:40:46 LabSZ sshd[31494]: pam_unix(sshd:auth): authentication failure; logname= uid=0 euid=0 tty=ssh ruser= rhost=183.129.170.130  user=root
Dec 17 09:40:47 LabSZ sshd[31490]: Failed password for invalid user administrator from 103.207.39.38 port 61688 ssh2
Dec 17 09:40:48 LabSZ sshd[31490]: Received disconnect from 103.207.39.38: 11: Closed due to user request. [preauth]
Dec 17 09:40:49 LabSZ sshd[31494]: Failed password for root from 183.129.170.130 port 48000 ssh2
Dec 17 09:40:49 LabSZ sshd[31494]: Connection closed by 183.129.170.130 [preauth]
Dec 17 09:40:49 LabSZ sshd[31496]: pam_unix(sshd:auth): authentication failure; logname= uid=0 euid=0 tty=ssh ruser= rhost=183.129.170.130  user=root
Dec 17 09:40:51 LabSZ sshd[31496]: Failed password for root from 183.129.170.130 port 48118 ssh2
Dec 17 09:40:51 LabSZ sshd[31496]: Connection closed by 183.129.170.130 [preauth]
Dec 17 09:40:52 LabSZ sshd[31500]: pam_unix(sshd:auth): authentication failure; logname= uid=0 euid=0 tty=ssh ruser= rhost=183.129.170.130  user=root
Dec 17 09:40:53 LabSZ sshd[31498]: Invalid user administrator from 103.207.39.38
Dec 17 09:40:53 LabSZ sshd[31498]: input_userauth_request: invalid user administrator [preauth]
Dec 17 09:40:53 LabSZ sshd[31498]: pam_unix(sshd:auth): check pass; user unknown
Dec 17 09:40:53 LabSZ sshd[31498]: pam_unix(sshd:auth): authentication failure; logname= uid=0 euid=0 tty=ssh ruser= rhost=103.207.39.38 
Dec 17 09:40:54 LabSZ sshd[31500]: Failed password for root from 183.129.170.130 port 48229 ssh2
Dec 17 09:40:54 LabSZ sshd[31500]: Connection closed by 183.129.170.130 [preauth]
Dec 17 09:40:54 LabSZ sshd[31502]: pam_unix(sshd:auth): authentication failure; logname= uid=0 euid=0 tty=ssh ruser= rhost=183.129.170.130  user=root
Dec 17 09:40:55 LabSZ sshd[31498]: Failed password for invalid user administrator from 103.207.39.38 port 63338 ssh2
Dec 17 09:40:55 LabSZ sshd[31498]: Received disconnect from 103.207.39.38: 11: Closed due to user request. [preauth]
Dec 17 09:40:56 LabSZ sshd[31502]: Failed password for root from 183.129.170.130 port 48322 ssh2
Dec 17 09:40:56 LabSZ sshd[31502]: Connection closed by 183.129.170.130 [preauth]
Dec 17 09:40:56 LabSZ sshd[31504]: pam_unix(sshd:auth): authentication failure; logname= uid=0 euid=0 tty=ssh ruser= rhost=183.129.170.130  user=root
Dec 17 09:40:57 LabSZ sshd[31506]: Invalid user apache from 103.207.39.38
Dec 17 09:40:57 LabSZ sshd[31506]: input_userauth_request: invalid user apache [preauth]
Dec 17 09:40:58 LabSZ sshd[31506]: pam_unix(sshd:auth): check pass; user unknown
Dec 17 09:40:58 LabSZ sshd[31506]: pam_unix(sshd:auth): authentication failure; logname= uid=0 euid=0 tty=ssh ruser= rhost=103.207.39.38 
Dec 17 09:40:58 LabSZ sshd[31504]: Failed password for root from 183.129.170.130 port 48422 ssh2
Dec 17 09:40:58 LabSZ sshd[31504]: Connection closed by 183.129.170.130 [preauth]
Dec 17 09:40:59 LabSZ sshd[31508]: pam_unix(sshd:auth): authentication failure; logname= uid=0 euid=0 tty=ssh ruser= rhost=183.129.170.130  user=root
Dec 17 09:41:01 LabSZ sshd[31508]: Failed password for root from 183.129.170.130 port 48515 ssh2
Dec 17 09:41:01 LabSZ sshd[31506]: Failed password for invalid user apache from 103.207.39.38 port 51399 ssh2
Dec 17 09:41:01 LabSZ sshd[31508]: Connection closed by 183.129.170.130 [preauth]
Dec 17 09:41:01 LabSZ sshd[31510]: pam_unix(sshd:auth): authentication failure; logname= uid=0 euid=0 tty=ssh ruser= rhost=183.129.170.130  user=root
Dec 17 09:41:01 LabSZ sshd[31506]: Received disconnect from 103.207.39.38: 11: Closed due to user request. [preauth]
Dec 17 09:41:03 LabSZ sshd[31510]: Failed password for root from 183.129.170.130 port 48606 ssh2
Dec 17 09:41:03 LabSZ sshd[31510]: Connection closed by 183.129.170.130 [preauth]
Dec 17 09:41:03 LabSZ sshd[31512]: pam_unix(sshd:auth): authentication failure; logname= uid=0 euid=0 tty=ssh ruser= rhost=183.129.170.130  user=root
Dec 17 09:41:04 LabSZ sshd[31514]: Invalid user boss from 103.207.39.38
Dec 17 09:41:04 LabSZ sshd[31514]: input_userauth_request: invalid user boss [preauth]
Dec 17 09:41:05 LabSZ sshd[31512]: Failed password for root from 183.129.170.130 port 48708 ssh2
Dec 17 09:41:05 LabSZ sshd[31512]: Connection closed by 183.129.170.130 [preauth]
Dec 17 09:41:05 LabSZ sshd[31516]: pam_unix(sshd:auth): authentication failure; logname= uid=0 euid=0 tty=ssh ruser= rhost=183.129.170.130  user=root
Dec 17 09:41:08 LabSZ sshd[31516]: Failed password for root from 183.129.170.130 port 48802 ssh2
