Jan  2 16:13:13 LabSZ sshd[8168]: pam_unix(sshd:auth): check pass; user unknown
Jan  2 16:13:13 LabSZ sshd[8168]: pam_unix(sshd:auth): authentication failure; logname= uid=0 euid=0 tty=ssh ruser= rhost=190.196.234.141 
Jan  2 16:13:13 LabSZ sshd[8163]: message repeated 5 times: [ Failed password for root from 58.242.83.25 port 52303 ssh2]
Jan  2 16:13:13 LabSZ sshd[8163]: Disconnecting: Too many authentication failures for root [preauth]
Jan  2 16:13:13 LabSZ sshd[8163]: PAM 5 more authentication failures; logname= uid=0 euid=0 tty=ssh ruser= rhost=58.242.83.25  user=root
Jan  2 16:13:13 LabSZ sshd[8163]: PAM service(sshd) ignoring max retries; 6 > 3
Jan  2 16:13:14 LabSZ sshd[8170]: pam_unix(sshd:auth): authentication failure; logname= uid=0 euid=0 tty=ssh ruser= rhost=58.242.83.25  user=root
Jan  2 16:13:15 LabSZ sshd[8168]: Failed password for invalid user admin from 190.196.234.141 port 25185 ssh2
Jan  2 16:13:15 LabSZ sshd[8168]: Received disconnect from 190.196.234.141: 11: Bye Bye [preauth]
Jan  2 16:13:16 LabSZ sshd[8170]: Failed password for root from 58.242.83.25 port 7418 ssh2
Jan  2 16:13:19 LabSZ sshd[8172]: Invalid user user from 190.196.234.141
Jan  2 16:13:19 LabSZ sshd[8172]: input_userauth_request: invalid user user [preauth]
Jan  2 16:13:19 LabSZ sshd[8172]: pam_unix(sshd:auth): check pass; user unknown
Jan  2 16:13:19 LabSZ sshd[8172]: pam_unix(sshd:auth): authentication failure; logname= uid=0 euid=0 tty=ssh ruser= rhost=190.196.234.141 
Jan  2 16:13:21 LabSZ sshd[8172]: Failed password for invalid user user from 190.196.234.141 port 28833 ssh2
Jan  2 16:13:21 LabSZ sshd[8172]: Received disconnect from 190.196.234.141: 11: Bye Bye [preauth]
Jan  2 16:13:25 LabSZ sshd[8174]: pam_unix(sshd:auth): authentication failure; logname= uid=0 euid=0 tty=ssh ruser= rhost=190.196.234.141  user=root
Jan  2 16:13:27 LabSZ sshd[8174]: Failed password for root from 190.196.234.141 port 34497 ssh2
Jan  2 16:13:27 LabSZ sshd[8174]: Received disconnect from 190.196.234.141: 11: Bye Bye [preauth]
Jan  2 16:13:29 LabSZ sshd[8170]: message repeated 5 times: [ Failed password for root from 58.242.83.25 port 7418 ssh2]
Jan  2 16:13:29 LabSZ sshd[8170]: Disconnecting: Too many authentication failures for root [preauth]
Jan  2 16:13:29 LabSZ sshd[8170]: PAM 5 more authentication failures; logname= uid=0 euid=0 tty=ssh ruser= rhost=58.242.83.25  user=root
Jan  2 16:13:29 LabSZ sshd[8170]: PAM service(sshd) ignoring max retries; 6 > 3
Jan  2 16:13:30 LabSZ sshd[8178]: pam_unix(sshd:auth): authentication failure; logname= uid=0 euid=0 tty=ssh ruser= rhost=58.242.83.25  user=root
Jan  2 16:13:31 LabSZ sshd[8176]: pam_unix(sshd:auth): authentication failure; logname= uid=0 euid=0 tty=ssh ruser= rhost=190.196.234.141  user=root
Jan  2 16:13:33 LabSZ sshd[8178]: Failed password for root from 58.242.83.25 port 28248 ssh2
Jan  2 16:13:33 LabSZ sshd[8176]: Failed password for root from 190.196.234.141 port 38593 ssh2
Jan  2 16:13:33 LabSZ sshd[8176]: Received disconnect from 190.196.234.141: 11: Bye Bye [preauth]
Jan  2 16:13:37 LabSZ sshd[8180]: pam_unix(sshd:auth): authentication failure; logname= uid=0 euid=0 tty=ssh ruser= rhost=190.196.234.141  user=root
Jan  2 16:13:39 LabSZ sshd[8180]: Failed password for root from 190.196.234.141 port 43393 ssh2
Jan  2 16:13:39 LabSZ sshd[8180]: Received disconnect from 190.196.234.141: 11: Bye Bye [preauth]
Jan  2 16:13:43 LabSZ sshd[8182]: pam_unix(sshd:auth): authentication failure; logname= uid=0 euid=0 tty=ssh ruser= rhost=190.196.234.141  user=root
Jan  2 16:13:45 LabSZ sshd[8182]: Failed password for root from 190.196.234.141 port 48897 ssh2
Jan  2 16:13:45 LabSZ sshd[8182]: Received disconnect from 190.196.234.141: 11: Bye Bye [preauth]
Jan  2 16:13:46 LabSZ sshd[8178]: message repeated 5 times: [ Failed password for root from 58.242.83.25 port 28248 ssh2]
Jan  2 16:13:46 LabSZ sshd[8178]: Disconnecting: Too many authentication failures for root [preauth]
Jan  2 16:13:46 LabSZ sshd[8178]: PAM 5 more authentication failures; logname= uid=0 euid=0 tty=ssh ruser= rhost=58.242.83.25  user=root
Jan  2 16:13:46 LabSZ sshd[8178]: PAM service(sshd) ignoring max retries; 6 > 3
Jan  2 16:13:48 LabSZ sshd[8186]: pam_unix(sshd:auth): authentication failure; logname= uid=0 euid=0 tty=ssh ruser= rhost=58.242.83.25  user=root
Jan  2 16:13:49 LabSZ sshd[8184]: pam_unix(sshd:auth): authentication failure; logname= uid=0 euid=0 tty=ssh ruser= rhost=190.196.234.141  user=root
Jan  2 16:13:50 LabSZ sshd[8186]: Failed password for root from 58.242.83.25 port 50680 ssh2
Jan  2 16:13:50 LabSZ sshd[8184]: Failed password for root from 190.196.234.141 port 52769 ssh2
Jan  2 16:13:51 LabSZ sshd[8184]: Received disconnect from 190.196.234.141: 11: Bye Bye [preauth]
Jan  2 16:13:54 LabSZ sshd[8188]: Invalid user pi from 190.196.234.141
Jan  2 16:13:54 LabSZ sshd[8188]: input_userauth_request: invalid user pi [preauth]
Jan  2 16:13:54 LabSZ sshd[8188]: pam_unix(sshd:auth): check pass; user unknown
Jan  2 16:13:54 LabSZ sshd[8188]: pam_unix(sshd:auth): authentication failure; logname= uid=0 euid=0 tty=ssh ruser= rhost=190.196.234.141 
Jan  2 16:13:57 LabSZ sshd[8188]: Failed password for invalid user pi from 190.196.234.141 port 58145 ssh2
Jan  2 16:13:57 LabSZ sshd[8188]: Received disconnect from 190.196.234.141: 11: Bye Bye [preauth]
Jan  2 16:14:01 LabSZ sshd[8190]: Invalid user pi from 190.196.234.141
Jan  2 16:14:01 LabSZ sshd[8190]: input_userauth_request: invalid user pi [preauth]
Jan  2 16:14:02 LabSZ sshd[8190]: pam_unix(sshd:auth): check pass; user unknown
Jan  2 16:14:02 LabSZ sshd[8190]: pam_unix(sshd:auth): authentication failure; logname= uid=0 euid=0 tty=ssh ruser= rhost=190.196.234.141 
Jan  2 16:14:02 LabSZ sshd[8186]: message repeated 5 times: [ Failed password for root from 58.242.83.25 port 50680 ssh2]
Jan  2 16:14:02 LabSZ sshd[8186]: Disconnecting: Too many authentication failures for root [preauth]
Jan  2 16:14:02 LabSZ sshd[8186]: PAM 5 more authentication failures; logname= uid=0 euid=0 tty=ssh ruser= rhost=58.242.83.25  user=root
Jan  2 16:14:02 LabSZ sshd[8186]: PAM service(sshd) ignoring max retries; 6 > 3
Jan  2 16:14:03 LabSZ sshd[8190]: Failed password for invalid user pi from 190.196.234.141 port 62753 ssh2
Jan  2 16:14:03 LabSZ sshd[8190]: Received disconnect from 190.196.234.141: 11: Bye Bye [preauth]
Jan  2 16:14:04 LabSZ sshd[8192]: pam_unix(sshd:auth): authentication failure; logname= uid=0 euid=0 tty=ssh ruser= rhost=58.242.83.25  user=root
Jan  2 16:14:06 LabSZ sshd[8192]: Failed password for root from 58.242.83.25 port 7050 ssh2
Jan  2 16:14:07 LabSZ sshd[8194]: Invalid user xbmc from 190.196.234.141
Jan  2 16:14:07 LabSZ sshd[8194]: input_userauth_request: invalid user xbmc [preauth]
Jan  2 16:14:07 LabSZ sshd[8194]: pam_unix(sshd:auth): check pass; user unknown
Jan  2 16:14:07 LabSZ sshd[8194]: pam_unix(sshd:auth): authentication failure; logname= uid=0 euid=0 tty=ssh ruser= rhost=190.196.234.141 
Jan  2 16:14:09 LabSZ sshd[8194]: Failed password for invalid user xbmc from 190.196.234.141 port 4833 ssh2
Jan  2 16:14:10 LabSZ sshd[8194]: Received disconnect from 190.196.234.141: 11: Bye Bye [preauth]
Jan  2 16:14:13 LabSZ sshd[8196]: Invalid user volumio from 190.196.234.141
Jan  2 16:14:13 LabSZ sshd[8196]: input_userauth_request: invalid user volumio [preauth]
Jan  2 16:14:13 LabSZ sshd[8196]: pam_unix(sshd:auth): check pass; user unknown
Jan  2 16:14:13 LabSZ sshd[8196]: pam_unix(sshd:auth): authentication failure; logname= uid=0 euid=0 tty=ssh ruser= rhost=190.196.234.141 
Jan  2 16:14:15 LabSZ sshd[8196]: Failed password for invalid user volumio from 190.196.234.141 port 10593 ssh2
Jan  2 16:14:15 LabSZ sshd[8196]: Received disconnect from 190.196.234.141: 11: Bye Bye [preauth]
Jan  2 16:14:18 LabSZ sshd[8198]: pam_unix(sshd:auth): authentication failure; logname= uid=0 euid=0 tty=ssh ruser= rhost=61.187.54.9  user=curi
Jan  2 16:14:18 LabSZ sshd[8200]: Invalid user oracle from 190.196.234.141
Jan  2 16:14:18 LabSZ sshd[8200]: input_userauth_request: invalid user oracle [preauth]
Jan  2 16:14:19 LabSZ sshd[8200]: pam_unix(sshd:auth): check pass; user unknown
Jan  2 16:14:19 LabSZ sshd[8200]: pam_unix(sshd:auth): authentication failure; logname= uid=0 euid=0 tty=ssh ruser= rhost=190.196.234.141 
Jan  2 16:14:20 LabSZ sshd[8192]: message repeated 5 times: [ Failed password for root from 58.242.83.25 port 7050 ssh2]
Jan  2 16:14:20 LabSZ sshd[8192]: Disconnecting: Too many authentication failures for root [preauth]
Jan  2 16:14:20 LabSZ sshd[8192]: PAM 5 more authentication failures; logname= uid=0 euid=0 tty=ssh ruser= rhost=58.242.83.25  user=root
Jan  2 16:14:20 LabSZ sshd[8192]: PAM service(sshd) ignoring max retries; 6 > 3
Jan  2 16:14:20 LabSZ sshd[8198]: Failed password for curi from 61.187.54.9 port 15988 ssh2
Jan  2 16:14:21 LabSZ sshd[8200]: Failed password for invalid user oracle from 190.196.234.141 port 14081 ssh2
Jan  2 16:14:21 LabSZ sshd[8202]: pam_unix(sshd:auth): authentication failure; logname= uid=0 euid=0 tty=ssh ruser= rhost=58.242.83.25  user=root
Jan  2 16:14:21 LabSZ sshd[8200]: Received disconnect from 190.196.234.141: 11: Bye Bye [preauth]
Jan  2 16:14:23 LabSZ sshd[8202]: Failed password for root from 58.242.83.25 port 29321 ssh2
Jan  2 16:14:24 LabSZ sshd[8204]: Invalid user nagios from 190.196.234.141
Jan  2 16:14:24 LabSZ sshd[8204]: input_userauth_request: invalid user nagios [preauth]
Jan  2 16:14:25 LabSZ sshd[8204]: pam_unix(sshd:auth): check pass; user unknown
Jan  2 16:14:25 LabSZ sshd[8204]: pam_unix(sshd:auth): authentication failure; logname= uid=0 euid=0 tty=ssh ruser= rhost=190.196.234.141 
Jan  2 16:14:25 LabSZ sshd[8198]: Accepted password for curi from 61.187.54.9 port 15988 ssh2
Jan  2 16:14:25 LabSZ sshd[8198]: pam_unix(sshd:session): session opened for user curi by (uid=0)
Jan  2 16:14:25 LabSZ sshd[8223]: Accepted password for curi from 61.187.54.9 port 17206 ssh2
Jan  2 16:14:25 LabSZ sshd[8223]: pam_unix(sshd:session): session opened for user curi by (uid=0)
Jan  2 16:14:26 LabSZ sshd[8204]: Failed password for invalid user nagios from 190.196.234.141 port 19937 ssh2
Jan  2 16:14:27 LabSZ sshd[8204]: Received disconnect from 190.196.234.141: 11: Bye Bye [preauth]
Jan  2 16:14:28 LabSZ sshd[8198]: pam_unix(sshd:session): session closed for user curi
Jan  2 16:14:29 LabSZ sshd[8223]: pam_unix(sshd:session): session closed for user curi
Jan  2 16:14:30 LabSZ sshd[8370]: Invalid user vagrant from 190.196.234.141
