Dec 30 04:42:00 LabSZ sshd[6392]: Received disconnect from 139.219.191.138: 11: Bye Bye [preauth]
Dec 30 04:42:01 LabSZ sshd[6395]: pam_unix(sshd:auth): authentication failure; logname= uid=0 euid=0 tty=ssh ruser= rhost=139.219.191.138  user=root
Dec 30 04:42:02 LabSZ sshd[6395]: Failed password for root from 139.219.191.138 port 53454 ssh2
Dec 30 04:42:02 LabSZ sshd[6395]: Received disconnect from 139.219.191.138: 11: Bye Bye [preauth]
Dec 30 04:42:02 LabSZ sshd[6397]: pam_unix(sshd:auth): authentication failure; logname= uid=0 euid=0 tty=ssh ruser= rhost=139.219.191.138  user=root
Dec 30 04:42:04 LabSZ sshd[6397]: Failed password for root from 139.219.191.138 port 54890 ssh2
Dec 30 04:42:04 LabSZ sshd[6397]: Received disconnect from 139.219.191.138: 11: Bye Bye [preauth]
Dec 30 04:42:04 LabSZ sshd[6399]: pam_unix(sshd:auth): authentication failure; logname= uid=0 euid=0 tty=ssh ruser= rhost=139.219.191.138  user=root
Dec 30 04:42:07 LabSZ sshd[6399]: Failed password for root from 139.219.191.138 port 56852 ssh2
Dec 30 04:42:07 LabSZ sshd[6399]: Received disconnect from 139.219.191.138: 11: Bye Bye [preauth]
Dec 30 04:42:07 LabSZ sshd[6401]: pam_unix(sshd:auth): authentication failure; logname= uid=0 euid=0 tty=ssh ruser= rhost=139.219.191.138  user=root
Dec 30 04:42:09 LabSZ sshd[6401]: Failed password for root from 139.219.191.138 port 58910 ssh2
Dec 30 04:42:09 LabSZ sshd[6401]: Received disconnect from 139.219.191.138: 11: Bye Bye [preauth]
Dec 30 04:42:09 LabSZ sshd[6403]: pam_unix(sshd:auth): authentication failure; logname= uid=0 euid=0 tty=ssh ruser= rhost=139.219.191.138  user=root
Dec 30 04:42:11 LabSZ sshd[6403]: Failed password for root from 139.219.191.138 port 60980 ssh2
Dec 30 04:42:11 LabSZ sshd[6403]: Received disconnect from 139.219.191.138: 11: Bye Bye [preauth]
Dec 30 04:42:12 LabSZ sshd[6405]: pam_unix(sshd:auth): authentication failure; logname= uid=0 euid=0 tty=ssh ruser= rhost=139.219.191.138  user=root
Dec 30 04:42:13 LabSZ sshd[6405]: Failed password for root from 139.219.191.138 port 34808 ssh2
Dec 30 04:42:13 LabSZ sshd[6405]: Received disconnect from 139.219.191.138: 11: Bye Bye [preauth]
Dec 30 04:42:14 LabSZ sshd[6408]: pam_unix(sshd:auth): authentication failure; logname= uid=0 euid=0 tty=ssh ruser= rhost=139.219.191.138  user=root
Dec 30 04:42:16 LabSZ sshd[6408]: Failed password for root from 139.219.191.138 port 36744 ssh2
Dec 30 04:42:16 LabSZ sshd[6408]: Received disconnect from 139.219.191.138: 11: Bye Bye [preauth]
Dec 30 04:42:16 LabSZ sshd[6410]: pam_unix(sshd:auth): authentication failure; logname= uid=0 euid=0 tty=ssh ruser= rhost=139.219.191.138  user=root
Dec 30 04:42:19 LabSZ sshd[6410]: Failed password for root from 139.219.191.138 port 39012 ssh2
Dec 30 04:42:19 LabSZ sshd[6410]: Received disconnect from 139.219.191.138: 11: Bye Bye [preauth]
Dec 30 04:42:19 LabSZ sshd[6394]: Invalid user admin from 185.222.209.151
Dec 30 04:42:19 LabSZ sshd[6394]: input_userauth_request: invalid user admin [preauth]
Dec 30 04:42:19 LabSZ sshd[6394]: pam_unix(sshd:auth): check pass; user unknown
Dec 30 04:42:19 LabSZ sshd[6394]: pam_unix(sshd:auth): authentication failure; logname= uid=0 euid=0 tty=ssh ruser= rhost=185.222.209.151 
Dec 30 04:42:19 LabSZ sshd[6412]: pam_unix(sshd:auth): authentication failure; logname= uid=0 euid=0 tty=ssh ruser= rhost=139.219.191.138  user=root
Dec 30 04:42:20 LabSZ sshd[6394]: Failed password for invalid user admin from 185.222.209.151 port 41287 ssh2
Dec 30 04:42:20 LabSZ sshd[6412]: Failed password for root from 139.219.191.138 port 41414 ssh2
Dec 30 04:42:21 LabSZ sshd[6412]: Received disconnect from 139.219.191.138: 11: Bye Bye [preauth]
Dec 30 04:42:21 LabSZ sshd[6414]: pam_unix(sshd:auth): authentication failure; logname= uid=0 euid=0 tty=ssh ruser= rhost=139.219.191.138  user=root
Dec 30 04:42:23 LabSZ sshd[6414]: Failed password for root from 139.219.191.138 port 43060 ssh2
Dec 30 04:42:23 LabSZ sshd[6414]: Received disconnect from 139.219.191.138: 11: Bye Bye [preauth]
Dec 30 04:42:23 LabSZ sshd[6416]: pam_unix(sshd:auth): authentication failure; logname= uid=0 euid=0 tty=ssh ruser= rhost=139.219.191.138  user=root
Dec 30 04:42:24 LabSZ sshd[6394]: pam_unix(sshd:auth): check pass; user unknown
Dec 30 04:42:25 LabSZ sshd[6416]: Failed password for root from 139.219.191.138 port 45140 ssh2
Dec 30 04:42:25 LabSZ sshd[6416]: Received disconnect from 139.219.191.138: 11: Bye Bye [preauth]
Dec 30 04:42:26 LabSZ sshd[6418]: pam_unix(sshd:auth): authentication failure; logname= uid=0 euid=0 tty=ssh ruser= rhost=139.219.191.138  user=root
Dec 30 04:42:26 LabSZ sshd[6394]: Failed password for invalid user admin from 185.222.209.151 port 41287 ssh2
Dec 30 04:42:28 LabSZ sshd[6418]: Failed password for root from 139.219.191.138 port 47174 ssh2
Dec 30 04:42:28 LabSZ sshd[6418]: Received disconnect from 139.219.191.138: 11: Bye Bye [preauth]
Dec 30 04:42:28 LabSZ sshd[6420]: pam_unix(sshd:auth): authentication failure; logname= uid=0 euid=0 tty=ssh ruser= rhost=139.219.191.138  user=root
Dec 30 04:42:31 LabSZ sshd[6420]: Failed password for root from 139.219.191.138 port 49494 ssh2
Dec 30 04:42:31 LabSZ sshd[6420]: Received disconnect from 139.219.191.138: 11: Bye Bye [preauth]
Dec 30 04:42:31 LabSZ sshd[6394]: pam_unix(sshd:auth): check pass; user unknown
Dec 30 04:42:31 LabSZ sshd[6422]: pam_unix(sshd:auth): authentication failure; logname= uid=0 euid=0 tty=ssh ruser= rhost=139.219.191.138  user=root
Dec 30 04:42:32 LabSZ sshd[6394]: Failed password for invalid user admin from 185.222.209.151 port 41287 ssh2
Dec 30 04:42:32 LabSZ sshd[6422]: Failed password for root from 139.219.191.138 port 51814 ssh2
Dec 30 04:42:32 LabSZ sshd[6422]: Received disconnect from 139.219.191.138: 11: Bye Bye [preauth]
Dec 30 04:42:33 LabSZ sshd[6424]: pam_unix(sshd:auth): authentication failure; logname= uid=0 euid=0 tty=ssh ruser= rhost=139.219.191.138  user=root
Dec 30 04:42:35 LabSZ sshd[6424]: Failed password for root from 139.219.191.138 port 53358 ssh2
Dec 30 04:42:35 LabSZ sshd[6424]: Received disconnect from 139.219.191.138: 11: Bye Bye [preauth]
Dec 30 04:42:35 LabSZ sshd[6426]: pam_unix(sshd:auth): authentication failure; logname= uid=0 euid=0 tty=ssh ruser= rhost=139.219.191.138  user=root
Dec 30 04:42:38 LabSZ sshd[6426]: Failed password for root from 139.219.191.138 port 55546 ssh2
Dec 30 04:42:38 LabSZ sshd[6426]: Received disconnect from 139.219.191.138: 11: Bye Bye [preauth]
Dec 30 04:42:38 LabSZ sshd[6428]: pam_unix(sshd:auth): authentication failure; logname= uid=0 euid=0 tty=ssh ruser= rhost=139.219.191.138  user=root
Dec 30 04:42:40 LabSZ sshd[6428]: Failed password for root from 139.219.191.138 port 57870 ssh2
Dec 30 04:42:40 LabSZ sshd[6428]: Received disconnect from 139.219.191.138: 11: Bye Bye [preauth]
Dec 30 04:42:40 LabSZ sshd[6430]: pam_unix(sshd:auth): authentication failure; logname= uid=0 euid=0 tty=ssh ruser= rhost=139.219.191.138  user=root
Dec 30 04:42:42 LabSZ sshd[6430]: Failed password for root from 139.219.191.138 port 59862 ssh2
Dec 30 04:42:42 LabSZ sshd[6430]: Received disconnect from 139.219.191.138: 11: Bye Bye [preauth]
Dec 30 04:42:43 LabSZ sshd[6394]: pam_unix(sshd:auth): check pass; user unknown
Dec 30 04:42:43 LabSZ sshd[6432]: pam_unix(sshd:auth): authentication failure; logname= uid=0 euid=0 tty=ssh ruser= rhost=139.219.191.138  user=root
Dec 30 04:42:44 LabSZ sshd[6394]: Failed password for invalid user admin from 185.222.209.151 port 41287 ssh2
Dec 30 04:42:44 LabSZ sshd[6432]: Failed password for root from 139.219.191.138 port 33936 ssh2
Dec 30 04:42:44 LabSZ sshd[6432]: Received disconnect from 139.219.191.138: 11: Bye Bye [preauth]
Dec 30 04:42:45 LabSZ sshd[6434]: pam_unix(sshd:auth): authentication failure; logname= uid=0 euid=0 tty=ssh ruser= rhost=139.219.191.138  user=root
Dec 30 04:42:47 LabSZ sshd[6434]: Failed password for root from 139.219.191.138 port 35374 ssh2
Dec 30 04:42:47 LabSZ sshd[6434]: Received disconnect from 139.219.191.138: 11: Bye Bye [preauth]
Dec 30 04:42:47 LabSZ sshd[6436]: pam_unix(sshd:auth): authentication failure; logname= uid=0 euid=0 tty=ssh ruser= rhost=139.219.191.138  user=root
Dec 30 04:42:50 LabSZ sshd[6436]: Failed password for root from 139.219.191.138 port 37578 ssh2
Dec 30 04:42:50 LabSZ sshd[6436]: Received disconnect from 139.219.191.138: 11: Bye Bye [preauth]
Dec 30 04:42:50 LabSZ sshd[6438]: pam_unix(sshd:auth): authentication failure; logname= uid=0 euid=0 tty=ssh ruser= rhost=139.219.191.138  user=root
Dec 30 04:42:52 LabSZ sshd[6438]: Failed password for root from 139.219.191.138 port 40142 ssh2
Dec 30 04:42:52 LabSZ sshd[6438]: Received disconnect from 139.219.191.138: 11: Bye Bye [preauth]
Dec 30 04:42:52 LabSZ sshd[6440]: pam_unix(sshd:auth): authentication failure; logname= uid=0 euid=0 tty=ssh ruser= rhost=139.219.191.138  user=root
Dec 30 04:42:53 LabSZ sshd[6394]: pam_unix(sshd:auth): check pass; user unknown
Dec 30 04:42:54 LabSZ sshd[6440]: Failed password for root from 139.219.191.138 port 42064 ssh2
Dec 30 04:42:54 LabSZ sshd[6440]: Received disconnect from 139.219.191.138: 11: Bye Bye [preauth]
Dec 30 04:42:55 LabSZ sshd[6442]: pam_unix(sshd:auth): authentication failure; logname= uid=0 euid=0 tty=ssh ruser= rhost=139.219.191.138  user=root
Dec 30 04:42:56 LabSZ sshd[6394]: Failed password for invalid user admin from 185.222.209.151 port 41287 ssh2
Dec 30 04:42:56 LabSZ sshd[6442]: Failed password for root from 139.219.191.138 port 44334 ssh2
Dec 30 04:42:56 LabSZ sshd[6442]: Received disconnect from 139.219.191.138: 11: Bye Bye [preauth]
Dec 30 04:42:57 LabSZ sshd[6444]: pam_unix(sshd:auth): authentication failure; logname= uid=0 euid=0 tty=ssh ruser= rhost=139.219.191.138  user=root
Dec 30 04:42:58 LabSZ sshd[6444]: Failed password for root from 139.219.191.138 port 45798 ssh2
Dec 30 04:42:58 LabSZ sshd[6444]: Received disconnect from 139.219.191.138: 11: Bye Bye [preauth]
Dec 30 04:42:59 LabSZ sshd[6446]: pam_unix(sshd:auth): authentication failure; logname= uid=0 euid=0 tty=ssh ruser= rhost=139.219.191.138  user=root
Dec 30 04:43:01 LabSZ sshd[6446]: Failed password for root from 139.219.191.138 port 47712 ssh2
Dec 30 04:43:01 LabSZ sshd[6446]: Received disconnect from 139.219.191.138: 11: Bye Bye [preauth]
Dec 30 04:43:02 LabSZ sshd[6448]: pam_unix(sshd:auth): authentication failure; logname= uid=0 euid=0 tty=ssh ruser= rhost=139.219.191.138  user=root
Dec 30 04:43:03 LabSZ sshd[6394]: Connection closed by 185.222.209.151 [preauth]
Dec 30 04:43:03 LabSZ sshd[6394]: PAM 4 more authentication failures; logname= uid=0 euid=0 tty=ssh ruser= rhost=185.222.209.151 
Dec 30 04:43:03 LabSZ sshd[6394]: PAM service(sshd) ignoring max retries; 5 > 3
Dec 30 04:43:03 LabSZ sshd[6448]: Failed password for root from 139.219.191.138 port 50264 ssh2
Dec 30 04:43:03 LabSZ sshd[6448]: Received disconnect from 139.219.191.138: 11: Bye Bye [preauth]
Dec 30 04:43:04 LabSZ sshd[6451]: pam_unix(sshd:auth): authentication failure; logname= uid=0 euid=0 tty=ssh ruser= rhost=139.219.191.138  user=root
Dec 30 04:43:06 LabSZ sshd[6451]: Failed password for root from 139.219.191.138 port 52102 ssh2
