Jan  3 07:32:06 LabSZ sshd[17941]: Connection closed by 183.192.189.131 [preauth]
Jan  3 07:32:07 LabSZ sshd[17947]: pam_unix(sshd:auth): authentication failure; logname= uid=0 euid=0 tty=ssh ruser= rhost=183.63.110.206  user=root
Jan  3 07:32:09 LabSZ sshd[17947]: Failed password for root from 183.63.110.206 port 36671 ssh2
Jan  3 07:32:10 LabSZ sshd[17947]: Connection closed by 183.63.110.206 [preauth]
Jan  3 07:32:11 LabSZ sshd[17951]: pam_unix(sshd:auth): authentication failure; logname= uid=0 euid=0 tty=ssh ruser= rhost=183.63.110.206  user=root
Jan  3 07:32:13 LabSZ sshd[17951]: Failed password for root from 183.63.110.206 port 36783 ssh2
Jan  3 07:32:13 LabSZ sshd[17951]: Connection closed by 183.63.110.206 [preauth]
Jan  3 07:32:14 LabSZ sshd[17953]: pam_unix(sshd:auth): authentication failure; logname= uid=0 euid=0 tty=ssh ruser= rhost=183.63.110.206  user=root
Jan  3 07:32:15 LabSZ sshd[17953]: Failed password for root from 183.63.110.206 port 36912 ssh2
Jan  3 07:32:16 LabSZ sshd[17949]: reverse mapping checking getaddrinfo for . [183.192.189.131] failed - POSSIBLE BREAK-IN ATTEMPT!
Jan  3 07:32:16 LabSZ sshd[17949]: pam_unix(sshd:auth): authentication failure; logname= uid=0 euid=0 tty=ssh ruser= rhost=183.192.189.131  user=root
Jan  3 07:32:18 LabSZ sshd[17953]: Connection closed by 183.63.110.206 [preauth]
Jan  3 07:32:18 LabSZ sshd[17949]: Failed password for root from 183.192.189.131 port 15042 ssh2
Jan  3 07:32:18 LabSZ sshd[17949]: Connection closed by 183.192.189.131 [preauth]
Jan  3 07:32:18 LabSZ sshd[17955]: pam_unix(sshd:auth): authentication failure; logname= uid=0 euid=0 tty=ssh ruser= rhost=183.63.110.206  user=root
Jan  3 07:32:18 LabSZ sshd[17957]: reverse mapping checking getaddrinfo for . [183.192.189.131] failed - POSSIBLE BREAK-IN ATTEMPT!
Jan  3 07:32:18 LabSZ sshd[17957]: pam_unix(sshd:auth): authentication failure; logname= uid=0 euid=0 tty=ssh ruser= rhost=183.192.189.131  user=root
Jan  3 07:32:20 LabSZ sshd[17955]: Failed password for root from 183.63.110.206 port 37044 ssh2
Jan  3 07:32:20 LabSZ sshd[17957]: Failed password for root from 183.192.189.131 port 15043 ssh2
Jan  3 07:32:20 LabSZ sshd[17957]: Connection closed by 183.192.189.131 [preauth]
Jan  3 07:32:20 LabSZ sshd[17955]: Connection closed by 183.63.110.206 [preauth]
Jan  3 07:32:21 LabSZ sshd[17960]: reverse mapping checking getaddrinfo for . [183.192.189.131] failed - POSSIBLE BREAK-IN ATTEMPT!
Jan  3 07:32:21 LabSZ sshd[17960]: pam_unix(sshd:auth): authentication failure; logname= uid=0 euid=0 tty=ssh ruser= rhost=183.192.189.131  user=root
Jan  3 07:32:22 LabSZ sshd[17959]: pam_unix(sshd:auth): authentication failure; logname= uid=0 euid=0 tty=ssh ruser= rhost=183.63.110.206  user=root
Jan  3 07:32:22 LabSZ sshd[17960]: Failed password for root from 183.192.189.131 port 15044 ssh2
Jan  3 07:32:23 LabSZ sshd[17960]: Connection closed by 183.192.189.131 [preauth]
Jan  3 07:32:23 LabSZ sshd[17963]: reverse mapping checking getaddrinfo for . [183.192.189.131] failed - POSSIBLE BREAK-IN ATTEMPT!
Jan  3 07:32:23 LabSZ sshd[17963]: pam_unix(sshd:auth): authentication failure; logname= uid=0 euid=0 tty=ssh ruser= rhost=183.192.189.131  user=root
Jan  3 07:32:24 LabSZ sshd[17959]: Failed password for root from 183.63.110.206 port 37130 ssh2
Jan  3 07:32:24 LabSZ sshd[17963]: Failed password for root from 183.192.189.131 port 15045 ssh2
Jan  3 07:32:24 LabSZ sshd[17963]: Connection closed by 183.192.189.131 [preauth]
Jan  3 07:32:25 LabSZ sshd[17965]: reverse mapping checking getaddrinfo for . [183.192.189.131] failed - POSSIBLE BREAK-IN ATTEMPT!
Jan  3 07:32:25 LabSZ sshd[17965]: pam_unix(sshd:auth): authentication failure; logname= uid=0 euid=0 tty=ssh ruser= rhost=183.192.189.131  user=root
Jan  3 07:32:25 LabSZ sshd[17959]: Connection closed by 183.63.110.206 [preauth]
Jan  3 07:32:26 LabSZ sshd[17967]: pam_unix(sshd:auth): authentication failure; logname= uid=0 euid=0 tty=ssh ruser= rhost=183.63.110.206  user=root
Jan  3 07:32:27 LabSZ sshd[17965]: Failed password for root from 183.192.189.131 port 15046 ssh2
Jan  3 07:32:27 LabSZ sshd[17965]: Connection closed by 183.192.189.131 [preauth]
Jan  3 07:32:27 LabSZ sshd[17969]: reverse mapping checking getaddrinfo for . [183.192.189.131] failed - POSSIBLE BREAK-IN ATTEMPT!
Jan  3 07:32:27 LabSZ sshd[17969]: pam_unix(sshd:auth): authentication failure; logname= uid=0 euid=0 tty=ssh ruser= rhost=183.192.189.131  user=root
Jan  3 07:32:28 LabSZ sshd[17967]: Failed password for root from 183.63.110.206 port 37268 ssh2
Jan  3 07:32:29 LabSZ sshd[17967]: Connection closed by 183.63.110.206 [preauth]
Jan  3 07:32:29 LabSZ sshd[17969]: Failed password for root from 183.192.189.131 port 15047 ssh2
Jan  3 07:32:29 LabSZ sshd[17969]: Connection closed by 183.192.189.131 [preauth]
Jan  3 07:32:29 LabSZ sshd[17973]: reverse mapping checking getaddrinfo for . [183.192.189.131] failed - POSSIBLE BREAK-IN ATTEMPT!
Jan  3 07:32:29 LabSZ sshd[17973]: pam_unix(sshd:auth): authentication failure; logname= uid=0 euid=0 tty=ssh ruser= rhost=183.192.189.131  user=root
Jan  3 07:32:30 LabSZ sshd[17971]: pam_unix(sshd:auth): authentication failure; logname= uid=0 euid=0 tty=ssh ruser= rhost=183.63.110.206  user=root
Jan  3 07:32:30 LabSZ sshd[17975]: Invalid user admin from 121.131.32.127
Jan  3 07:32:30 LabSZ sshd[17975]: input_userauth_request: invalid user admin [preauth]
Jan  3 07:32:30 LabSZ sshd[17975]: pam_unix(sshd:auth): check pass; user unknown
Jan  3 07:32:30 LabSZ sshd[17975]: pam_unix(sshd:auth): authentication failure; logname= uid=0 euid=0 tty=ssh ruser= rhost=121.131.32.127 
Jan  3 07:32:31 LabSZ sshd[17973]: Failed password for root from 183.192.189.131 port 15048 ssh2
Jan  3 07:32:31 LabSZ sshd[17973]: Connection closed by 183.192.189.131 [preauth]
Jan  3 07:32:31 LabSZ sshd[17971]: Failed password for root from 183.63.110.206 port 37379 ssh2
Jan  3 07:32:32 LabSZ sshd[17971]: Connection closed by 183.63.110.206 [preauth]
Jan  3 07:32:32 LabSZ sshd[17975]: Failed password for invalid user admin from 121.131.32.127 port 32864 ssh2
Jan  3 07:32:32 LabSZ sshd[17975]: pam_unix(sshd:auth): check pass; user unknown
Jan  3 07:32:33 LabSZ sshd[17979]: pam_unix(sshd:auth): authentication failure; logname= uid=0 euid=0 tty=ssh ruser= rhost=183.63.110.206  user=root
Jan  3 07:32:34 LabSZ sshd[17975]: Failed password for invalid user admin from 121.131.32.127 port 32864 ssh2
Jan  3 07:32:34 LabSZ sshd[17975]: pam_unix(sshd:auth): check pass; user unknown
Jan  3 07:32:35 LabSZ sshd[17979]: Failed password for root from 183.63.110.206 port 37483 ssh2
Jan  3 07:32:36 LabSZ sshd[17979]: Connection closed by 183.63.110.206 [preauth]
Jan  3 07:32:36 LabSZ sshd[17975]: Failed password for invalid user admin from 121.131.32.127 port 32864 ssh2
Jan  3 07:32:37 LabSZ sshd[17975]: pam_unix(sshd:auth): check pass; user unknown
Jan  3 07:32:37 LabSZ sshd[17981]: pam_unix(sshd:auth): authentication failure; logname= uid=0 euid=0 tty=ssh ruser= rhost=183.63.110.206  user=root
Jan  3 07:32:38 LabSZ sshd[17975]: Failed password for invalid user admin from 121.131.32.127 port 32864 ssh2
Jan  3 07:32:38 LabSZ sshd[17975]: pam_unix(sshd:auth): check pass; user unknown
Jan  3 07:32:39 LabSZ sshd[17981]: Failed password for root from 183.63.110.206 port 37598 ssh2
Jan  3 07:32:39 LabSZ sshd[17981]: Connection closed by 183.63.110.206 [preauth]
Jan  3 07:32:40 LabSZ sshd[17983]: pam_unix(sshd:auth): authentication failure; logname= uid=0 euid=0 tty=ssh ruser= rhost=183.63.110.206  user=root
Jan  3 07:32:40 LabSZ sshd[17975]: Failed password for invalid user admin from 121.131.32.127 port 32864 ssh2
Jan  3 07:32:40 LabSZ sshd[17975]: pam_unix(sshd:auth): check pass; user unknown
Jan  3 07:32:41 LabSZ sshd[17977]: reverse mapping checking getaddrinfo for . [183.192.189.131] failed - POSSIBLE BREAK-IN ATTEMPT!
Jan  3 07:32:41 LabSZ sshd[17977]: pam_unix(sshd:auth): authentication failure; logname= uid=0 euid=0 tty=ssh ruser= rhost=183.192.189.131  user=root
Jan  3 07:32:42 LabSZ sshd[17983]: Failed password for root from 183.63.110.206 port 37705 ssh2
Jan  3 07:32:42 LabSZ sshd[17975]: Failed password for invalid user admin from 121.131.32.127 port 32864 ssh2
Jan  3 07:32:42 LabSZ sshd[17975]: Disconnecting: Too many authentication failures for admin [preauth]
Jan  3 07:32:42 LabSZ sshd[17975]: PAM 5 more authentication failures; logname= uid=0 euid=0 tty=ssh ruser= rhost=121.131.32.127 
Jan  3 07:32:42 LabSZ sshd[17975]: PAM service(sshd) ignoring max retries; 6 > 3
Jan  3 07:32:42 LabSZ sshd[17983]: Connection closed by 183.63.110.206 [preauth]
Jan  3 07:32:43 LabSZ sshd[17977]: Failed password for root from 183.192.189.131 port 15049 ssh2
Jan  3 07:32:43 LabSZ sshd[17977]: Connection closed by 183.192.189.131 [preauth]
Jan  3 07:32:43 LabSZ sshd[17987]: reverse mapping checking getaddrinfo for . [183.192.189.131] failed - POSSIBLE BREAK-IN ATTEMPT!
Jan  3 07:32:43 LabSZ sshd[17987]: pam_unix(sshd:auth): authentication failure; logname= uid=0 euid=0 tty=ssh ruser= rhost=183.192.189.131  user=root
Jan  3 07:32:44 LabSZ sshd[17985]: pam_unix(sshd:auth): authentication failure; logname= uid=0 euid=0 tty=ssh ruser= rhost=183.63.110.206  user=root
Jan  3 07:32:45 LabSZ sshd[17987]: Failed password for root from 183.192.189.131 port 15050 ssh2
Jan  3 07:32:45 LabSZ sshd[17987]: Connection closed by 183.192.189.131 [preauth]
Jan  3 07:32:45 LabSZ sshd[17989]: reverse mapping checking getaddrinfo for . [183.192.189.131] failed - POSSIBLE BREAK-IN ATTEMPT!
Jan  3 07:32:45 LabSZ sshd[17989]: pam_unix(sshd:auth): authentication failure; logname= uid=0 euid=0 tty=ssh ruser= rhost=183.192.189.131  user=root
Jan  3 07:32:46 LabSZ sshd[17985]: Failed password for root from 183.63.110.206 port 37797 ssh2
Jan  3 07:32:46 LabSZ sshd[17985]: Connection closed by 183.63.110.206 [preauth]
Jan  3 07:32:48 LabSZ sshd[17989]: Failed password for root from 183.192.189.131 port 15051 ssh2
Jan  3 07:32:48 LabSZ sshd[17991]: pam_unix(sshd:auth): authentication failure; logname= uid=0 euid=0 tty=ssh ruser= rhost=183.63.110.206  user=root
Jan  3 07:32:48 LabSZ sshd[17989]: Connection closed by 183.192.189.131 [preauth]
Jan  3 07:32:48 LabSZ sshd[17993]: reverse mapping checking getaddrinfo for . [183.192.189.131] failed - POSSIBLE BREAK-IN ATTEMPT!
Jan  3 07:32:48 LabSZ sshd[17993]: pam_unix(sshd:auth): authentication failure; logname= uid=0 euid=0 tty=ssh ruser= rhost=183.192.189.131  user=root
Jan  3 07:32:50 LabSZ sshd[17991]: Failed password for root from 183.63.110.206 port 37915 ssh2
Jan  3 07:32:50 LabSZ sshd[17993]: Failed password for root from 183.192.189.131 port 15052 ssh2
Jan  3 07:32:50 LabSZ sshd[17991]: Connection closed by 183.63.110.206 [preauth]
Jan  3 07:32:50 LabSZ sshd[17993]: Connection closed by 183.192.189.131 [preauth]
Jan  3 07:32:50 LabSZ sshd[17996]: reverse mapping checking getaddrinfo for . [183.192.189.131] failed - POSSIBLE BREAK-IN ATTEMPT!
