Jan  3 22:08:59 LabSZ sshd[9139]: Failed password for root from 59.63.188.30 port 61065 ssh2
Jan  3 22:09:09 LabSZ sshd[9137]: message repeated 5 times: [ Failed password for root from 218.87.109.156 port 43314 ssh2]
Jan  3 22:09:09 LabSZ sshd[9137]: Disconnecting: Too many authentication failures for root [preauth]
Jan  3 22:09:09 LabSZ sshd[9137]: PAM 5 more authentication failures; logname= uid=0 euid=0 tty=ssh ruser= rhost=218.87.109.156  user=root
Jan  3 22:09:09 LabSZ sshd[9137]: PAM service(sshd) ignoring max retries; 6 > 3
Jan  3 22:09:11 LabSZ sshd[9139]: message repeated 5 times: [ Failed password for root from 59.63.188.30 port 61065 ssh2]
Jan  3 22:09:11 LabSZ sshd[9139]: Disconnecting: Too many authentication failures for root [preauth]
Jan  3 22:09:11 LabSZ sshd[9139]: PAM 5 more authentication failures; logname= uid=0 euid=0 tty=ssh ruser= rhost=59.63.188.30  user=root
Jan  3 22:09:11 LabSZ sshd[9139]: PAM service(sshd) ignoring max retries; 6 > 3
Jan  3 22:09:12 LabSZ sshd[9157]: pam_unix(sshd:auth): authentication failure; logname= uid=0 euid=0 tty=ssh ruser= rhost=59.63.188.30  user=root
Jan  3 22:09:13 LabSZ sshd[9157]: Failed password for root from 59.63.188.30 port 14228 ssh2
Jan  3 22:09:15 LabSZ sshd[9155]: pam_unix(sshd:auth): authentication failure; logname= uid=0 euid=0 tty=ssh ruser= rhost=218.87.109.156  user=root
Jan  3 22:09:17 LabSZ sshd[9155]: Failed password for root from 218.87.109.156 port 47260 ssh2
Jan  3 22:09:25 LabSZ sshd[9157]: message repeated 5 times: [ Failed password for root from 59.63.188.30 port 14228 ssh2]
Jan  3 22:09:25 LabSZ sshd[9157]: Disconnecting: Too many authentication failures for root [preauth]
Jan  3 22:09:25 LabSZ sshd[9157]: PAM 5 more authentication failures; logname= uid=0 euid=0 tty=ssh ruser= rhost=59.63.188.30  user=root
Jan  3 22:09:25 LabSZ sshd[9157]: PAM service(sshd) ignoring max retries; 6 > 3
Jan  3 22:09:26 LabSZ sshd[9159]: pam_unix(sshd:auth): authentication failure; logname= uid=0 euid=0 tty=ssh ruser= rhost=59.63.188.30  user=root
Jan  3 22:09:28 LabSZ sshd[9159]: Failed password for root from 59.63.188.30 port 31696 ssh2
Jan  3 22:09:29 LabSZ sshd[9155]: message repeated 5 times: [ Failed password for root from 218.87.109.156 port 47260 ssh2]
Jan  3 22:09:29 LabSZ sshd[9155]: Disconnecting: Too many authentication failures for root [preauth]
Jan  3 22:09:29 LabSZ sshd[9155]: PAM 5 more authentication failures; logname= uid=0 euid=0 tty=ssh ruser= rhost=218.87.109.156  user=root
Jan  3 22:09:29 LabSZ sshd[9155]: PAM service(sshd) ignoring max retries; 6 > 3
Jan  3 22:09:35 LabSZ sshd[9161]: pam_unix(sshd:auth): authentication failure; logname= uid=0 euid=0 tty=ssh ruser= rhost=218.87.109.156  user=root
Jan  3 22:09:37 LabSZ sshd[9161]: Failed password for root from 218.87.109.156 port 36692 ssh2
Jan  3 22:09:39 LabSZ sshd[9159]: message repeated 5 times: [ Failed password for root from 59.63.188.30 port 31696 ssh2]
Jan  3 22:09:39 LabSZ sshd[9159]: Disconnecting: Too many authentication failures for root [preauth]
Jan  3 22:09:39 LabSZ sshd[9159]: PAM 5 more authentication failures; logname= uid=0 euid=0 tty=ssh ruser= rhost=59.63.188.30  user=root
Jan  3 22:09:39 LabSZ sshd[9159]: PAM service(sshd) ignoring max retries; 6 > 3
Jan  3 22:09:40 LabSZ sshd[9163]: pam_unix(sshd:auth): authentication failure; logname= uid=0 euid=0 tty=ssh ruser= rhost=59.63.188.30  user=root
Jan  3 22:09:42 LabSZ sshd[9163]: Failed password for root from 59.63.188.30 port 49298 ssh2
Jan  3 22:09:50 LabSZ sshd[9161]: message repeated 5 times: [ Failed password for root from 218.87.109.156 port 36692 ssh2]
Jan  3 22:09:50 LabSZ sshd[9161]: Disconnecting: Too many authentication failures for root [preauth]
Jan  3 22:09:50 LabSZ sshd[9161]: PAM 5 more authentication failures; logname= uid=0 euid=0 tty=ssh ruser= rhost=218.87.109.156  user=root
Jan  3 22:09:50 LabSZ sshd[9161]: PAM service(sshd) ignoring max retries; 6 > 3
Jan  3 22:09:54 LabSZ sshd[9163]: message repeated 5 times: [ Failed password for root from 59.63.188.30 port 49298 ssh2]
Jan  3 22:09:54 LabSZ sshd[9163]: Disconnecting: Too many authentication failures for root [preauth]
Jan  3 22:09:54 LabSZ sshd[9163]: PAM 5 more authentication failures; logname= uid=0 euid=0 tty=ssh ruser= rhost=59.63.188.30  user=root
Jan  3 22:09:54 LabSZ sshd[9163]: PAM service(sshd) ignoring max retries; 6 > 3
Jan  3 22:09:56 LabSZ sshd[9167]: pam_unix(sshd:auth): authentication failure; logname= uid=0 euid=0 tty=ssh ruser= rhost=59.63.188.30  user=root
Jan  3 22:09:57 LabSZ sshd[9167]: Failed password for root from 59.63.188.30 port 3114 ssh2
Jan  3 22:10:01 LabSZ sshd[9165]: pam_unix(sshd:auth): authentication failure; logname= uid=0 euid=0 tty=ssh ruser= rhost=218.87.109.156  user=root
Jan  3 22:10:03 LabSZ sshd[9165]: Failed password for root from 218.87.109.156 port 27822 ssh2
Jan  3 22:10:09 LabSZ sshd[9167]: message repeated 5 times: [ Failed password for root from 59.63.188.30 port 3114 ssh2]
Jan  3 22:10:09 LabSZ sshd[9167]: Disconnecting: Too many authentication failures for root [preauth]
Jan  3 22:10:09 LabSZ sshd[9167]: PAM 5 more authentication failures; logname= uid=0 euid=0 tty=ssh ruser= rhost=59.63.188.30  user=root
Jan  3 22:10:09 LabSZ sshd[9167]: PAM service(sshd) ignoring max retries; 6 > 3
Jan  3 22:10:10 LabSZ sshd[9169]: pam_unix(sshd:auth): authentication failure; logname= uid=0 euid=0 tty=ssh ruser= rhost=59.63.188.30  user=root
Jan  3 22:10:12 LabSZ sshd[9169]: Failed password for root from 59.63.188.30 port 21116 ssh2
Jan  3 22:10:14 LabSZ sshd[9165]: message repeated 5 times: [ Failed password for root from 218.87.109.156 port 27822 ssh2]
Jan  3 22:10:14 LabSZ sshd[9165]: Disconnecting: Too many authentication failures for root [preauth]
Jan  3 22:10:14 LabSZ sshd[9165]: PAM 5 more authentication failures; logname= uid=0 euid=0 tty=ssh ruser= rhost=218.87.109.156  user=root
Jan  3 22:10:14 LabSZ sshd[9165]: PAM service(sshd) ignoring max retries; 6 > 3
Jan  3 22:10:24 LabSZ sshd[9169]: message repeated 5 times: [ Failed password for root from 59.63.188.30 port 21116 ssh2]
Jan  3 22:10:24 LabSZ sshd[9169]: Disconnecting: Too many authentication failures for root [preauth]
Jan  3 22:10:24 LabSZ sshd[9169]: PAM 5 more authentication failures; logname= uid=0 euid=0 tty=ssh ruser= rhost=59.63.188.30  user=root
Jan  3 22:10:24 LabSZ sshd[9169]: PAM service(sshd) ignoring max retries; 6 > 3
Jan  3 22:10:25 LabSZ sshd[9173]: pam_unix(sshd:auth): authentication failure; logname= uid=0 euid=0 tty=ssh ruser= rhost=59.63.188.30  user=root
Jan  3 22:10:26 LabSZ sshd[9171]: pam_unix(sshd:auth): authentication failure; logname= uid=0 euid=0 tty=ssh ruser= rhost=218.87.109.156  user=root
Jan  3 22:10:26 LabSZ sshd[9173]: Failed password for root from 59.63.188.30 port 38856 ssh2
Jan  3 22:10:28 LabSZ sshd[9171]: Failed password for root from 218.87.109.156 port 25568 ssh2
Jan  3 22:10:38 LabSZ sshd[9173]: message repeated 5 times: [ Failed password for root from 59.63.188.30 port 38856 ssh2]
Jan  3 22:10:38 LabSZ sshd[9173]: Disconnecting: Too many authentication failures for root [preauth]
Jan  3 22:10:38 LabSZ sshd[9173]: PAM 5 more authentication failures; logname= uid=0 euid=0 tty=ssh ruser= rhost=59.63.188.30  user=root
Jan  3 22:10:38 LabSZ sshd[9173]: PAM service(sshd) ignoring max retries; 6 > 3
Jan  3 22:10:40 LabSZ sshd[9175]: pam_unix(sshd:auth): authentication failure; logname= uid=0 euid=0 tty=ssh ruser= rhost=59.63.188.30  user=root
Jan  3 22:10:42 LabSZ sshd[9175]: Failed password for root from 59.63.188.30 port 56545 ssh2
Jan  3 22:10:42 LabSZ sshd[9171]: message repeated 5 times: [ Failed password for root from 218.87.109.156 port 25568 ssh2]
Jan  3 22:10:42 LabSZ sshd[9171]: Disconnecting: Too many authentication failures for root [preauth]
Jan  3 22:10:42 LabSZ sshd[9171]: PAM 5 more authentication failures; logname= uid=0 euid=0 tty=ssh ruser= rhost=218.87.109.156  user=root
Jan  3 22:10:42 LabSZ sshd[9171]: PAM service(sshd) ignoring max retries; 6 > 3
Jan  3 22:10:47 LabSZ sshd[9177]: pam_unix(sshd:auth): authentication failure; logname= uid=0 euid=0 tty=ssh ruser= rhost=218.87.109.156  user=root
Jan  3 22:10:49 LabSZ sshd[9177]: Failed password for root from 218.87.109.156 port 33306 ssh2
Jan  3 22:10:54 LabSZ sshd[9179]: Invalid user user from 60.172.229.172
Jan  3 22:10:54 LabSZ sshd[9179]: input_userauth_request: invalid user user [preauth]
Jan  3 22:10:54 LabSZ sshd[9179]: pam_unix(sshd:auth): check pass; user unknown
Jan  3 22:10:54 LabSZ sshd[9179]: pam_unix(sshd:auth): authentication failure; logname= uid=0 euid=0 tty=ssh ruser= rhost=60.172.229.172 
Jan  3 22:10:55 LabSZ sshd[9175]: message repeated 5 times: [ Failed password for root from 59.63.188.30 port 56545 ssh2]
Jan  3 22:10:55 LabSZ sshd[9175]: Disconnecting: Too many authentication failures for root [preauth]
Jan  3 22:10:55 LabSZ sshd[9175]: PAM 5 more authentication failures; logname= uid=0 euid=0 tty=ssh ruser= rhost=59.63.188.30  user=root
Jan  3 22:10:55 LabSZ sshd[9175]: PAM service(sshd) ignoring max retries; 6 > 3
Jan  3 22:10:56 LabSZ sshd[9179]: Failed password for invalid user user from 60.172.229.172 port 37343 ssh2
Jan  3 22:10:56 LabSZ sshd[9179]: pam_unix(sshd:auth): check pass; user unknown
Jan  3 22:10:56 LabSZ sshd[9181]: pam_unix(sshd:auth): authentication failure; logname= uid=0 euid=0 tty=ssh ruser= rhost=59.63.188.30  user=root
Jan  3 22:10:58 LabSZ sshd[9179]: Failed password for invalid user user from 60.172.229.172 port 37343 ssh2
Jan  3 22:10:58 LabSZ sshd[9181]: Failed password for root from 59.63.188.30 port 11215 ssh2
Jan  3 22:10:58 LabSZ sshd[9179]: pam_unix(sshd:auth): check pass; user unknown
Jan  3 22:11:00 LabSZ sshd[9179]: Failed password for invalid user user from 60.172.229.172 port 37343 ssh2
Jan  3 22:11:00 LabSZ sshd[9179]: pam_unix(sshd:auth): check pass; user unknown
Jan  3 22:11:02 LabSZ sshd[9179]: Failed password for invalid user user from 60.172.229.172 port 37343 ssh2
Jan  3 22:11:02 LabSZ sshd[9179]: pam_unix(sshd:auth): check pass; user unknown
Jan  3 22:11:03 LabSZ sshd[9177]: message repeated 5 times: [ Failed password for root from 218.87.109.156 port 33306 ssh2]
Jan  3 22:11:03 LabSZ sshd[9177]: Disconnecting: Too many authentication failures for root [preauth]
Jan  3 22:11:03 LabSZ sshd[9177]: PAM 5 more authentication failures; logname= uid=0 euid=0 tty=ssh ruser= rhost=218.87.109.156  user=root
Jan  3 22:11:03 LabSZ sshd[9177]: PAM service(sshd) ignoring max retries; 6 > 3
Jan  3 22:11:04 LabSZ sshd[9179]: Failed password for invalid user user from 60.172.229.172 port 37343 ssh2
Jan  3 22:11:04 LabSZ sshd[9179]: pam_unix(sshd:auth): check pass; user unknown
Jan  3 22:11:06 LabSZ sshd[9179]: Failed password for invalid user user from 60.172.229.172 port 37343 ssh2
Jan  3 22:11:06 LabSZ sshd[9179]: Disconnecting: Too many authentication failures for user [preauth]
Jan  3 22:11:06 LabSZ sshd[9179]: PAM 5 more authentication failures; logname= uid=0 euid=0 tty=ssh ruser= rhost=60.172.229.172 
