Jan  5 04:39:25 LabSZ sshd[13812]: PAM 5 more authentication failures; logname= uid=0 euid=0 tty=ssh ruser= rhost=59.63.188.30  user=root
Jan  5 04:39:25 LabSZ sshd[13812]: PAM service(sshd) ignoring max retries; 6 > 3
Jan  5 04:39:28 LabSZ sshd[13814]: message repeated 5 times: [ Failed password for root from 218.65.30.122 port 14540 ssh2]
Jan  5 04:39:28 LabSZ sshd[13814]: Disconnecting: Too many authentication failures for root [preauth]
Jan  5 04:39:28 LabSZ sshd[13814]: PAM 5 more authentication failures; logname= uid=0 euid=0 tty=ssh ruser= rhost=218.65.30.122  user=root
Jan  5 04:39:28 LabSZ sshd[13814]: PAM service(sshd) ignoring max retries; 6 > 3
Jan  5 04:39:29 LabSZ sshd[13816]: pam_unix(sshd:auth): authentication failure; logname= uid=0 euid=0 tty=ssh ruser= rhost=220-252-47-212.rev.cloud.scaleway.com  user=root
Jan  5 04:39:29 LabSZ sshd[13820]: reverse mapping checking getaddrinfo for 122.30.65.218.broad.xy.jx.dynamic.163data.com.cn [218.65.30.122] failed - POSSIBLE BREAK-IN ATTEMPT!
Jan  5 04:39:29 LabSZ sshd[13820]: pam_unix(sshd:auth): authentication failure; logname= uid=0 euid=0 tty=ssh ruser= rhost=218.65.30.122  user=root
Jan  5 04:39:31 LabSZ sshd[13820]: Failed password for root from 218.65.30.122 port 26354 ssh2
Jan  5 04:39:32 LabSZ sshd[13817]: pam_unix(sshd:auth): authentication failure; logname= uid=0 euid=0 tty=ssh ruser= rhost=59.63.188.30  user=root
Jan  5 04:39:34 LabSZ sshd[13817]: Failed password for root from 59.63.188.30 port 27238 ssh2
Jan  5 04:39:36 LabSZ sshd[13816]: Failed password for root from 212.47.252.220 port 45994 ssh2
Jan  5 04:39:36 LabSZ sshd[13816]: Connection closed by 212.47.252.220 [preauth]
Jan  5 04:39:46 LabSZ sshd[13820]: message repeated 5 times: [ Failed password for root from 218.65.30.122 port 26354 ssh2]
Jan  5 04:39:46 LabSZ sshd[13820]: Disconnecting: Too many authentication failures for root [preauth]
Jan  5 04:39:46 LabSZ sshd[13820]: PAM 5 more authentication failures; logname= uid=0 euid=0 tty=ssh ruser= rhost=218.65.30.122  user=root
Jan  5 04:39:46 LabSZ sshd[13820]: PAM service(sshd) ignoring max retries; 6 > 3
Jan  5 04:39:47 LabSZ sshd[13822]: reverse mapping checking getaddrinfo for 122.30.65.218.broad.xy.jx.dynamic.163data.com.cn [218.65.30.122] failed - POSSIBLE BREAK-IN ATTEMPT!
Jan  5 04:39:47 LabSZ sshd[13822]: pam_unix(sshd:auth): authentication failure; logname= uid=0 euid=0 tty=ssh ruser= rhost=218.65.30.122  user=root
Jan  5 04:39:47 LabSZ sshd[13817]: message repeated 5 times: [ Failed password for root from 59.63.188.30 port 27238 ssh2]
Jan  5 04:39:47 LabSZ sshd[13817]: Disconnecting: Too many authentication failures for root [preauth]
Jan  5 04:39:47 LabSZ sshd[13817]: PAM 5 more authentication failures; logname= uid=0 euid=0 tty=ssh ruser= rhost=59.63.188.30  user=root
Jan  5 04:39:47 LabSZ sshd[13817]: PAM service(sshd) ignoring max retries; 6 > 3
Jan  5 04:39:50 LabSZ sshd[13822]: Failed password for root from 218.65.30.122 port 38048 ssh2
Jan  5 04:39:55 LabSZ sshd[13824]: pam_unix(sshd:auth): authentication failure; logname= uid=0 euid=0 tty=ssh ruser= rhost=59.63.188.30  user=root
Jan  5 04:39:57 LabSZ sshd[13824]: Failed password for root from 59.63.188.30 port 43705 ssh2
Jan  5 04:40:03 LabSZ sshd[13822]: message repeated 5 times: [ Failed password for root from 218.65.30.122 port 38048 ssh2]
Jan  5 04:40:03 LabSZ sshd[13822]: Disconnecting: Too many authentication failures for root [preauth]
Jan  5 04:40:03 LabSZ sshd[13822]: PAM 5 more authentication failures; logname= uid=0 euid=0 tty=ssh ruser= rhost=218.65.30.122  user=root
Jan  5 04:40:03 LabSZ sshd[13822]: PAM service(sshd) ignoring max retries; 6 > 3
Jan  5 04:40:05 LabSZ sshd[13826]: reverse mapping checking getaddrinfo for 122.30.65.218.broad.xy.jx.dynamic.163data.com.cn [218.65.30.122] failed - POSSIBLE BREAK-IN ATTEMPT!
Jan  5 04:40:05 LabSZ sshd[13826]: pam_unix(sshd:auth): authentication failure; logname= uid=0 euid=0 tty=ssh ruser= rhost=218.65.30.122  user=root
Jan  5 04:40:07 LabSZ sshd[13826]: Failed password for root from 218.65.30.122 port 50082 ssh2
Jan  5 04:40:11 LabSZ sshd[13824]: message repeated 5 times: [ Failed password for root from 59.63.188.30 port 43705 ssh2]
Jan  5 04:40:11 LabSZ sshd[13824]: Disconnecting: Too many authentication failures for root [preauth]
Jan  5 04:40:11 LabSZ sshd[13824]: PAM 5 more authentication failures; logname= uid=0 euid=0 tty=ssh ruser= rhost=59.63.188.30  user=root
Jan  5 04:40:11 LabSZ sshd[13824]: PAM service(sshd) ignoring max retries; 6 > 3
Jan  5 04:40:12 LabSZ sshd[13828]: pam_unix(sshd:auth): authentication failure; logname= uid=0 euid=0 tty=ssh ruser= rhost=59.63.188.30  user=root
Jan  5 04:40:14 LabSZ sshd[13828]: Failed password for root from 59.63.188.30 port 2330 ssh2
Jan  5 04:40:20 LabSZ sshd[13826]: message repeated 5 times: [ Failed password for root from 218.65.30.122 port 50082 ssh2]
Jan  5 04:40:20 LabSZ sshd[13826]: Disconnecting: Too many authentication failures for root [preauth]
Jan  5 04:40:20 LabSZ sshd[13826]: PAM 5 more authentication failures; logname= uid=0 euid=0 tty=ssh ruser= rhost=218.65.30.122  user=root
Jan  5 04:40:20 LabSZ sshd[13826]: PAM service(sshd) ignoring max retries; 6 > 3
Jan  5 04:40:21 LabSZ sshd[13830]: reverse mapping checking getaddrinfo for 122.30.65.218.broad.xy.jx.dynamic.163data.com.cn [218.65.30.122] failed - POSSIBLE BREAK-IN ATTEMPT!
Jan  5 04:40:21 LabSZ sshd[13830]: pam_unix(sshd:auth): authentication failure; logname= uid=0 euid=0 tty=ssh ruser= rhost=218.65.30.122  user=root
Jan  5 04:40:23 LabSZ sshd[13830]: Failed password for root from 218.65.30.122 port 60732 ssh2
Jan  5 04:40:31 LabSZ sshd[13828]: message repeated 5 times: [ Failed password for root from 59.63.188.30 port 2330 ssh2]
Jan  5 04:40:31 LabSZ sshd[13828]: Disconnecting: Too many authentication failures for root [preauth]
Jan  5 04:40:31 LabSZ sshd[13828]: PAM 5 more authentication failures; logname= uid=0 euid=0 tty=ssh ruser= rhost=59.63.188.30  user=root
Jan  5 04:40:31 LabSZ sshd[13828]: PAM service(sshd) ignoring max retries; 6 > 3
Jan  5 04:40:32 LabSZ sshd[13832]: pam_unix(sshd:auth): authentication failure; logname= uid=0 euid=0 tty=ssh ruser= rhost=59.63.188.30  user=root
Jan  5 04:40:35 LabSZ sshd[13832]: Failed password for root from 59.63.188.30 port 22457 ssh2
Jan  5 04:40:36 LabSZ sshd[13830]: message repeated 5 times: [ Failed password for root from 218.65.30.122 port 60732 ssh2]
Jan  5 04:40:36 LabSZ sshd[13830]: Disconnecting: Too many authentication failures for root [preauth]
Jan  5 04:40:36 LabSZ sshd[13830]: PAM 5 more authentication failures; logname= uid=0 euid=0 tty=ssh ruser= rhost=218.65.30.122  user=root
Jan  5 04:40:36 LabSZ sshd[13830]: PAM service(sshd) ignoring max retries; 6 > 3
Jan  5 04:40:37 LabSZ sshd[13834]: reverse mapping checking getaddrinfo for 122.30.65.218.broad.xy.jx.dynamic.163data.com.cn [218.65.30.122] failed - POSSIBLE BREAK-IN ATTEMPT!
Jan  5 04:40:37 LabSZ sshd[13834]: pam_unix(sshd:auth): authentication failure; logname= uid=0 euid=0 tty=ssh ruser= rhost=218.65.30.122  user=root
Jan  5 04:40:38 LabSZ sshd[13834]: Failed password for root from 218.65.30.122 port 7080 ssh2
Jan  5 04:40:49 LabSZ sshd[13832]: message repeated 5 times: [ Failed password for root from 59.63.188.30 port 22457 ssh2]
Jan  5 04:40:49 LabSZ sshd[13832]: Disconnecting: Too many authentication failures for root [preauth]
Jan  5 04:40:49 LabSZ sshd[13832]: PAM 5 more authentication failures; logname= uid=0 euid=0 tty=ssh ruser= rhost=59.63.188.30  user=root
Jan  5 04:40:49 LabSZ sshd[13832]: PAM service(sshd) ignoring max retries; 6 > 3
Jan  5 04:40:50 LabSZ sshd[13836]: pam_unix(sshd:auth): authentication failure; logname= uid=0 euid=0 tty=ssh ruser= rhost=59.63.188.30  user=root
Jan  5 04:40:51 LabSZ sshd[13834]: message repeated 5 times: [ Failed password for root from 218.65.30.122 port 7080 ssh2]
Jan  5 04:40:51 LabSZ sshd[13834]: Disconnecting: Too many authentication failures for root [preauth]
Jan  5 04:40:51 LabSZ sshd[13834]: PAM 5 more authentication failures; logname= uid=0 euid=0 tty=ssh ruser= rhost=218.65.30.122  user=root
Jan  5 04:40:51 LabSZ sshd[13834]: PAM service(sshd) ignoring max retries; 6 > 3
Jan  5 04:40:51 LabSZ sshd[13836]: Failed password for root from 59.63.188.30 port 45087 ssh2
Jan  5 04:40:52 LabSZ sshd[13840]: reverse mapping checking getaddrinfo for 122.30.65.218.broad.xy.jx.dynamic.163data.com.cn [218.65.30.122] failed - POSSIBLE BREAK-IN ATTEMPT!
Jan  5 04:40:53 LabSZ sshd[13840]: pam_unix(sshd:auth): authentication failure; logname= uid=0 euid=0 tty=ssh ruser= rhost=218.65.30.122  user=root
Jan  5 04:40:55 LabSZ sshd[13840]: Failed password for root from 218.65.30.122 port 17314 ssh2
Jan  5 04:40:56 LabSZ sshd[13838]: pam_unix(sshd:auth): authentication failure; logname= uid=0 euid=0 tty=ssh ruser= rhost=139.59.87.138  user=root
Jan  5 04:40:58 LabSZ sshd[13838]: Failed password for root from 139.59.87.138 port 45358 ssh2
Jan  5 04:40:59 LabSZ sshd[13838]: Received disconnect from 139.59.87.138: 11: Bye Bye [preauth]
Jan  5 04:41:02 LabSZ sshd[13842]: pam_unix(sshd:auth): authentication failure; logname= uid=0 euid=0 tty=ssh ruser= rhost=139.59.87.138  user=root
Jan  5 04:41:04 LabSZ sshd[13842]: Failed password for root from 139.59.87.138 port 38292 ssh2
Jan  5 04:41:05 LabSZ sshd[13842]: Received disconnect from 139.59.87.138: 11: Bye Bye [preauth]
Jan  5 04:41:05 LabSZ sshd[13836]: message repeated 5 times: [ Failed password for root from 59.63.188.30 port 45087 ssh2]
Jan  5 04:41:05 LabSZ sshd[13836]: Disconnecting: Too many authentication failures for root [preauth]
Jan  5 04:41:05 LabSZ sshd[13836]: PAM 5 more authentication failures; logname= uid=0 euid=0 tty=ssh ruser= rhost=59.63.188.30  user=root
Jan  5 04:41:05 LabSZ sshd[13836]: PAM service(sshd) ignoring max retries; 6 > 3
Jan  5 04:41:07 LabSZ sshd[13846]: pam_unix(sshd:auth): authentication failure; logname= uid=0 euid=0 tty=ssh ruser= rhost=59.63.188.30  user=root
Jan  5 04:41:08 LabSZ sshd[13840]: message repeated 5 times: [ Failed password for root from 218.65.30.122 port 17314 ssh2]
Jan  5 04:41:08 LabSZ sshd[13840]: Disconnecting: Too many authentication failures for root [preauth]
Jan  5 04:41:08 LabSZ sshd[13840]: PAM 5 more authentication failures; logname= uid=0 euid=0 tty=ssh ruser= rhost=218.65.30.122  user=root
Jan  5 04:41:08 LabSZ sshd[13840]: PAM service(sshd) ignoring max retries; 6 > 3
Jan  5 04:41:09 LabSZ sshd[13844]: pam_unix(sshd:auth): authentication failure; logname= uid=0 euid=0 tty=ssh ruser= rhost=139.59.87.138  user=root
Jan  5 04:41:09 LabSZ sshd[13846]: Failed password for root from 59.63.188.30 port 1536 ssh2
Jan  5 04:41:09 LabSZ sshd[13848]: reverse mapping checking getaddrinfo for 122.30.65.218.broad.xy.jx.dynamic.163data.com.cn [218.65.30.122] failed - POSSIBLE BREAK-IN ATTEMPT!
Jan  5 04:41:09 LabSZ sshd[13848]: pam_unix(sshd:auth): authentication failure; logname= uid=0 euid=0 tty=ssh ruser= rhost=218.65.30.122  user=root
Jan  5 04:41:11 LabSZ sshd[13844]: Failed password for root from 139.59.87.138 port 53404 ssh2
Jan  5 04:41:11 LabSZ sshd[13844]: Received disconnect from 139.59.87.138: 11: Bye Bye [preauth]
Jan  5 04:41:11 LabSZ sshd[13848]: Failed password for root from 218.65.30.122 port 28016 ssh2
Jan  5 04:41:15 LabSZ sshd[13850]: Invalid user usuario from 139.59.87.138
Jan  5 04:41:15 LabSZ sshd[13850]: input_userauth_request: invalid user usuario [preauth]
Jan  5 04:41:15 LabSZ sshd[13850]: pam_unix(sshd:auth): check pass; user unknown
Jan  5 04:41:15 LabSZ sshd[13850]: pam_unix(sshd:auth): authentication failure; logname= uid=0 euid=0 tty=ssh ruser= rhost=139.59.87.138 
Jan  5 04:41:17 LabSZ sshd[13850]: Failed password for invalid user usuario from 139.59.87.138 port 40832 ssh2
