Jan  1 20:18:25 LabSZ sshd[13148]: Failed password for invalid user  0101 from 5.188.10.182 port 43013 ssh2
Jan  1 20:18:26 LabSZ sshd[13148]: Connection closed by 5.188.10.182 [preauth]
Jan  1 20:18:30 LabSZ sshd[13152]: Invalid user 0 from 5.188.10.182
Jan  1 20:18:30 LabSZ sshd[13152]: input_userauth_request: invalid user 0 [preauth]
Jan  1 20:18:30 LabSZ sshd[13152]: Failed none for invalid user 0 from 5.188.10.182 port 50424 ssh2
Jan  1 20:18:31 LabSZ sshd[13152]: pam_unix(sshd:auth): check pass; user unknown
Jan  1 20:18:31 LabSZ sshd[13152]: pam_unix(sshd:auth): authentication failure; logname= uid=0 euid=0 tty=ssh ruser= rhost=5.188.10.182 
Jan  1 20:18:33 LabSZ sshd[13152]: Failed password for invalid user 0 from 5.188.10.182 port 50424 ssh2
Jan  1 20:18:34 LabSZ sshd[13146]: message repeated 5 times: [ Failed password for root from 58.242.83.25 port 37755 ssh2]
Jan  1 20:18:34 LabSZ sshd[13146]: Disconnecting: Too many authentication failures for root [preauth]
Jan  1 20:18:34 LabSZ sshd[13146]: PAM 5 more authentication failures; logname= uid=0 euid=0 tty=ssh ruser= rhost=58.242.83.25  user=root
Jan  1 20:18:34 LabSZ sshd[13146]: PAM service(sshd) ignoring max retries; 6 > 3
Jan  1 20:18:35 LabSZ sshd[13154]: pam_unix(sshd:auth): authentication failure; logname= uid=0 euid=0 tty=ssh ruser= rhost=58.242.83.25  user=root
Jan  1 20:18:36 LabSZ sshd[13152]: Connection closed by 5.188.10.182 [preauth]
Jan  1 20:18:36 LabSZ sshd[13150]: message repeated 5 times: [ Failed password for root from 218.65.30.30 port 24036 ssh2]
Jan  1 20:18:36 LabSZ sshd[13150]: Disconnecting: Too many authentication failures for root [preauth]
Jan  1 20:18:36 LabSZ sshd[13150]: PAM 5 more authentication failures; logname= uid=0 euid=0 tty=ssh ruser= rhost=218.65.30.30  user=root
Jan  1 20:18:36 LabSZ sshd[13150]: PAM service(sshd) ignoring max retries; 6 > 3
Jan  1 20:18:37 LabSZ sshd[13154]: Failed password for root from 58.242.83.25 port 59098 ssh2
Jan  1 20:18:37 LabSZ sshd[13158]: reverse mapping checking getaddrinfo for 30.30.65.218.broad.xy.jx.dynamic.163data.com.cn [218.65.30.30] failed - POSSIBLE BREAK-IN ATTEMPT!
Jan  1 20:18:37 LabSZ sshd[13158]: pam_unix(sshd:auth): authentication failure; logname= uid=0 euid=0 tty=ssh ruser= rhost=218.65.30.30  user=root
Jan  1 20:18:39 LabSZ sshd[13156]: Invalid user 1234 from 5.188.10.182
Jan  1 20:18:39 LabSZ sshd[13156]: input_userauth_request: invalid user 1234 [preauth]
Jan  1 20:18:39 LabSZ sshd[13156]: pam_unix(sshd:auth): check pass; user unknown
Jan  1 20:18:39 LabSZ sshd[13156]: pam_unix(sshd:auth): authentication failure; logname= uid=0 euid=0 tty=ssh ruser= rhost=5.188.10.182 
Jan  1 20:18:39 LabSZ sshd[13158]: Failed password for root from 218.65.30.30 port 59634 ssh2
Jan  1 20:18:42 LabSZ sshd[13156]: Failed password for invalid user 1234 from 5.188.10.182 port 45009 ssh2
Jan  1 20:18:43 LabSZ sshd[13156]: Connection closed by 5.188.10.182 [preauth]
Jan  1 20:18:45 LabSZ sshd[13160]: Invalid user admin from 5.188.10.182
Jan  1 20:18:45 LabSZ sshd[13160]: input_userauth_request: invalid user admin [preauth]
Jan  1 20:18:45 LabSZ sshd[13160]: Failed none for invalid user admin from 5.188.10.182 port 37157 ssh2
Jan  1 20:18:46 LabSZ sshd[13160]: Connection closed by 5.188.10.182 [preauth]
Jan  1 20:18:50 LabSZ sshd[13154]: message repeated 5 times: [ Failed password for root from 58.242.83.25 port 59098 ssh2]
Jan  1 20:18:50 LabSZ sshd[13154]: Disconnecting: Too many authentication failures for root [preauth]
Jan  1 20:18:50 LabSZ sshd[13154]: PAM 5 more authentication failures; logname= uid=0 euid=0 tty=ssh ruser= rhost=58.242.83.25  user=root
Jan  1 20:18:50 LabSZ sshd[13154]: PAM service(sshd) ignoring max retries; 6 > 3
Jan  1 20:18:51 LabSZ sshd[13162]: Invalid user admin from 5.188.10.182
Jan  1 20:18:51 LabSZ sshd[13162]: input_userauth_request: invalid user admin [preauth]
Jan  1 20:18:51 LabSZ sshd[13162]: pam_unix(sshd:auth): check pass; user unknown
Jan  1 20:18:51 LabSZ sshd[13162]: pam_unix(sshd:auth): authentication failure; logname= uid=0 euid=0 tty=ssh ruser= rhost=5.188.10.182 
Jan  1 20:18:51 LabSZ sshd[13164]: pam_unix(sshd:auth): authentication failure; logname= uid=0 euid=0 tty=ssh ruser= rhost=58.242.83.25  user=root
Jan  1 20:18:52 LabSZ sshd[13158]: message repeated 5 times: [ Failed password for root from 218.65.30.30 port 59634 ssh2]
Jan  1 20:18:52 LabSZ sshd[13158]: Disconnecting: Too many authentication failures for root [preauth]
Jan  1 20:18:52 LabSZ sshd[13158]: PAM 5 more authentication failures; logname= uid=0 euid=0 tty=ssh ruser= rhost=218.65.30.30  user=root
Jan  1 20:18:52 LabSZ sshd[13158]: PAM service(sshd) ignoring max retries; 6 > 3
Jan  1 20:18:53 LabSZ sshd[13166]: reverse mapping checking getaddrinfo for 30.30.65.218.broad.xy.jx.dynamic.163data.com.cn [218.65.30.30] failed - POSSIBLE BREAK-IN ATTEMPT!
Jan  1 20:18:53 LabSZ sshd[13166]: pam_unix(sshd:auth): authentication failure; logname= uid=0 euid=0 tty=ssh ruser= rhost=218.65.30.30  user=root
Jan  1 20:18:54 LabSZ sshd[13162]: Failed password for invalid user admin from 5.188.10.182 port 45660 ssh2
Jan  1 20:18:54 LabSZ sshd[13164]: Failed password for root from 58.242.83.25 port 15694 ssh2
Jan  1 20:18:55 LabSZ sshd[13166]: Failed password for root from 218.65.30.30 port 32200 ssh2
Jan  1 20:18:56 LabSZ sshd[13162]: pam_unix(sshd:auth): check pass; user unknown
Jan  1 20:18:57 LabSZ sshd[13162]: Failed password for invalid user admin from 5.188.10.182 port 45660 ssh2
Jan  1 20:18:58 LabSZ sshd[13162]: pam_unix(sshd:auth): check pass; user unknown
Jan  1 20:18:59 LabSZ sshd[13162]: Failed password for invalid user admin from 5.188.10.182 port 45660 ssh2
Jan  1 20:18:59 LabSZ sshd[13162]: pam_unix(sshd:auth): check pass; user unknown
Jan  1 20:19:01 LabSZ sshd[13162]: Failed password for invalid user admin from 5.188.10.182 port 45660 ssh2
Jan  1 20:19:02 LabSZ sshd[13162]: pam_unix(sshd:auth): check pass; user unknown
Jan  1 20:19:03 LabSZ sshd[13168]: reverse mapping checking getaddrinfo for host229-140-211-80.serverdedicati.aruba.it [80.211.140.229] failed - POSSIBLE BREAK-IN ATTEMPT!
Jan  1 20:19:03 LabSZ sshd[13168]: Invalid user admin from 80.211.140.229
Jan  1 20:19:03 LabSZ sshd[13168]: input_userauth_request: invalid user admin [preauth]
Jan  1 20:19:03 LabSZ sshd[13168]: pam_unix(sshd:auth): check pass; user unknown
Jan  1 20:19:03 LabSZ sshd[13168]: pam_unix(sshd:auth): authentication failure; logname= uid=0 euid=0 tty=ssh ruser= rhost=80.211.140.229 
Jan  1 20:19:04 LabSZ sshd[13162]: Failed password for invalid user admin from 5.188.10.182 port 45660 ssh2
Jan  1 20:19:05 LabSZ sshd[13168]: Failed password for invalid user admin from 80.211.140.229 port 35154 ssh2
Jan  1 20:19:05 LabSZ sshd[13168]: Received disconnect from 80.211.140.229: 11: Bye Bye [preauth]
Jan  1 20:19:06 LabSZ sshd[13164]: message repeated 5 times: [ Failed password for root from 58.242.83.25 port 15694 ssh2]
Jan  1 20:19:06 LabSZ sshd[13164]: Disconnecting: Too many authentication failures for root [preauth]
Jan  1 20:19:06 LabSZ sshd[13164]: PAM 5 more authentication failures; logname= uid=0 euid=0 tty=ssh ruser= rhost=58.242.83.25  user=root
Jan  1 20:19:06 LabSZ sshd[13164]: PAM service(sshd) ignoring max retries; 6 > 3
Jan  1 20:19:06 LabSZ sshd[13162]: Connection closed by 5.188.10.182 [preauth]
Jan  1 20:19:06 LabSZ sshd[13162]: PAM 4 more authentication failures; logname= uid=0 euid=0 tty=ssh ruser= rhost=5.188.10.182 
Jan  1 20:19:06 LabSZ sshd[13162]: PAM service(sshd) ignoring max retries; 5 > 3
Jan  1 20:19:06 LabSZ sshd[13166]: message repeated 5 times: [ Failed password for root from 218.65.30.30 port 32200 ssh2]
Jan  1 20:19:06 LabSZ sshd[13166]: Disconnecting: Too many authentication failures for root [preauth]
Jan  1 20:19:06 LabSZ sshd[13166]: PAM 5 more authentication failures; logname= uid=0 euid=0 tty=ssh ruser= rhost=218.65.30.30  user=root
Jan  1 20:19:06 LabSZ sshd[13166]: PAM service(sshd) ignoring max retries; 6 > 3
Jan  1 20:19:07 LabSZ sshd[13173]: pam_unix(sshd:auth): authentication failure; logname= uid=0 euid=0 tty=ssh ruser= rhost=58.242.83.25  user=root
Jan  1 20:19:07 LabSZ sshd[13175]: reverse mapping checking getaddrinfo for 30.30.65.218.broad.xy.jx.dynamic.163data.com.cn [218.65.30.30] failed - POSSIBLE BREAK-IN ATTEMPT!
Jan  1 20:19:07 LabSZ sshd[13175]: pam_unix(sshd:auth): authentication failure; logname= uid=0 euid=0 tty=ssh ruser= rhost=218.65.30.30  user=root
Jan  1 20:19:08 LabSZ sshd[13170]: reverse mapping checking getaddrinfo for host229-140-211-80.serverdedicati.aruba.it [80.211.140.229] failed - POSSIBLE BREAK-IN ATTEMPT!
Jan  1 20:19:08 LabSZ sshd[13170]: pam_unix(sshd:auth): authentication failure; logname= uid=0 euid=0 tty=ssh ruser= rhost=80.211.140.229  user=root
Jan  1 20:19:09 LabSZ sshd[13170]: Failed password for root from 80.211.140.229 port 40426 ssh2
Jan  1 20:19:09 LabSZ sshd[13173]: Failed password for root from 58.242.83.25 port 36450 ssh2
Jan  1 20:19:10 LabSZ sshd[13170]: Received disconnect from 80.211.140.229: 11: Bye Bye [preauth]
Jan  1 20:19:10 LabSZ sshd[13175]: Failed password for root from 218.65.30.30 port 1250 ssh2
Jan  1 20:19:12 LabSZ sshd[13172]: Invalid user admin from 5.188.10.182
Jan  1 20:19:12 LabSZ sshd[13172]: input_userauth_request: invalid user admin [preauth]
Jan  1 20:19:12 LabSZ sshd[13172]: pam_unix(sshd:auth): check pass; user unknown
Jan  1 20:19:12 LabSZ sshd[13172]: pam_unix(sshd:auth): authentication failure; logname= uid=0 euid=0 tty=ssh ruser= rhost=5.188.10.182 
Jan  1 20:19:12 LabSZ sshd[13178]: reverse mapping checking getaddrinfo for host229-140-211-80.serverdedicati.aruba.it [80.211.140.229] failed - POSSIBLE BREAK-IN ATTEMPT!
Jan  1 20:19:12 LabSZ sshd[13178]: pam_unix(sshd:auth): authentication failure; logname= uid=0 euid=0 tty=ssh ruser= rhost=80.211.140.229  user=root
Jan  1 20:19:14 LabSZ sshd[13172]: Failed password for invalid user admin from 5.188.10.182 port 46540 ssh2
Jan  1 20:19:14 LabSZ sshd[13178]: Failed password for root from 80.211.140.229 port 33228 ssh2
Jan  1 20:19:14 LabSZ sshd[13178]: Received disconnect from 80.211.140.229: 11: Bye Bye [preauth]
Jan  1 20:19:15 LabSZ sshd[13172]: pam_unix(sshd:auth): check pass; user unknown
Jan  1 20:19:17 LabSZ sshd[13180]: reverse mapping checking getaddrinfo for host229-140-211-80.serverdedicati.aruba.it [80.211.140.229] failed - POSSIBLE BREAK-IN ATTEMPT!
Jan  1 20:19:17 LabSZ sshd[13180]: pam_unix(sshd:auth): authentication failure; logname= uid=0 euid=0 tty=ssh ruser= rhost=80.211.140.229  user=root
Jan  1 20:19:17 LabSZ sshd[13172]: Failed password for invalid user admin from 5.188.10.182 port 46540 ssh2
Jan  1 20:19:17 LabSZ sshd[13172]: pam_unix(sshd:auth): check pass; user unknown
Jan  1 20:19:18 LabSZ sshd[13180]: Failed password for root from 80.211.140.229 port 53314 ssh2
