Jan  1 20:19:19 LabSZ sshd[13180]: Received disconnect from 80.211.140.229: 11: Bye Bye [preauth]
Jan  1 20:19:19 LabSZ sshd[13172]: Failed password for invalid user admin from 5.188.10.182 port 46540 ssh2
Jan  1 20:19:19 LabSZ sshd[13172]: pam_unix(sshd:auth): check pass; user unknown
Jan  1 20:19:21 LabSZ sshd[13175]: message repeated 5 times: [ Failed password for root from 218.65.30.30 port 1250 ssh2]
Jan  1 20:19:21 LabSZ sshd[13175]: Disconnecting: Too many authentication failures for root [preauth]
Jan  1 20:19:21 LabSZ sshd[13175]: PAM 5 more authentication failures; logname= uid=0 euid=0 tty=ssh ruser= rhost=218.65.30.30  user=root
Jan  1 20:19:21 LabSZ sshd[13175]: PAM service(sshd) ignoring max retries; 6 > 3
Jan  1 20:19:21 LabSZ sshd[13173]: message repeated 5 times: [ Failed password for root from 58.242.83.25 port 36450 ssh2]
Jan  1 20:19:21 LabSZ sshd[13173]: Disconnecting: Too many authentication failures for root [preauth]
Jan  1 20:19:21 LabSZ sshd[13173]: PAM 5 more authentication failures; logname= uid=0 euid=0 tty=ssh ruser= rhost=58.242.83.25  user=root
Jan  1 20:19:21 LabSZ sshd[13173]: PAM service(sshd) ignoring max retries; 6 > 3
Jan  1 20:19:21 LabSZ sshd[13172]: Failed password for invalid user admin from 5.188.10.182 port 46540 ssh2
Jan  1 20:19:22 LabSZ sshd[13184]: pam_unix(sshd:auth): authentication failure; logname= uid=0 euid=0 tty=ssh ruser= rhost=58.242.83.25  user=root
Jan  1 20:19:23 LabSZ sshd[13182]: reverse mapping checking getaddrinfo for host229-140-211-80.serverdedicati.aruba.it [80.211.140.229] failed - POSSIBLE BREAK-IN ATTEMPT!
Jan  1 20:19:23 LabSZ sshd[13182]: pam_unix(sshd:auth): authentication failure; logname= uid=0 euid=0 tty=ssh ruser= rhost=80.211.140.229  user=root
Jan  1 20:19:23 LabSZ sshd[13186]: reverse mapping checking getaddrinfo for 30.30.65.218.broad.xy.jx.dynamic.163data.com.cn [218.65.30.30] failed - POSSIBLE BREAK-IN ATTEMPT!
Jan  1 20:19:23 LabSZ sshd[13186]: pam_unix(sshd:auth): authentication failure; logname= uid=0 euid=0 tty=ssh ruser= rhost=218.65.30.30  user=root
Jan  1 20:19:23 LabSZ sshd[13172]: pam_unix(sshd:auth): check pass; user unknown
Jan  1 20:19:24 LabSZ sshd[13184]: Failed password for root from 58.242.83.25 port 56621 ssh2
Jan  1 20:19:24 LabSZ sshd[13182]: Failed password for root from 80.211.140.229 port 48180 ssh2
Jan  1 20:19:24 LabSZ sshd[13186]: Failed password for root from 218.65.30.30 port 35120 ssh2
Jan  1 20:19:25 LabSZ sshd[13172]: Failed password for invalid user admin from 5.188.10.182 port 46540 ssh2
Jan  1 20:19:25 LabSZ sshd[13182]: Received disconnect from 80.211.140.229: 11: Bye Bye [preauth]
Jan  1 20:19:26 LabSZ sshd[13172]: Connection closed by 5.188.10.182 [preauth]
Jan  1 20:19:26 LabSZ sshd[13172]: PAM 4 more authentication failures; logname= uid=0 euid=0 tty=ssh ruser= rhost=5.188.10.182 
Jan  1 20:19:26 LabSZ sshd[13172]: PAM service(sshd) ignoring max retries; 5 > 3
Jan  1 20:19:27 LabSZ sshd[13188]: reverse mapping checking getaddrinfo for host229-140-211-80.serverdedicati.aruba.it [80.211.140.229] failed - POSSIBLE BREAK-IN ATTEMPT!
Jan  1 20:19:27 LabSZ sshd[13188]: pam_unix(sshd:auth): authentication failure; logname= uid=0 euid=0 tty=ssh ruser= rhost=80.211.140.229  user=root
Jan  1 20:19:29 LabSZ sshd[13188]: Failed password for root from 80.211.140.229 port 51798 ssh2
Jan  1 20:19:29 LabSZ sshd[13188]: Received disconnect from 80.211.140.229: 11: Bye Bye [preauth]
Jan  1 20:19:32 LabSZ sshd[13191]: reverse mapping checking getaddrinfo for host229-140-211-80.serverdedicati.aruba.it [80.211.140.229] failed - POSSIBLE BREAK-IN ATTEMPT!
Jan  1 20:19:32 LabSZ sshd[13191]: pam_unix(sshd:auth): authentication failure; logname= uid=0 euid=0 tty=ssh ruser= rhost=80.211.140.229  user=root
Jan  1 20:19:33 LabSZ sshd[13191]: Failed password for root from 80.211.140.229 port 42634 ssh2
Jan  1 20:19:33 LabSZ sshd[13191]: Received disconnect from 80.211.140.229: 11: Bye Bye [preauth]
Jan  1 20:19:35 LabSZ sshd[13190]: Did not receive identification string from 5.188.10.182
Jan  1 20:19:37 LabSZ sshd[13184]: message repeated 5 times: [ Failed password for root from 58.242.83.25 port 56621 ssh2]
Jan  1 20:19:37 LabSZ sshd[13184]: Disconnecting: Too many authentication failures for root [preauth]
Jan  1 20:19:37 LabSZ sshd[13184]: PAM 5 more authentication failures; logname= uid=0 euid=0 tty=ssh ruser= rhost=58.242.83.25  user=root
Jan  1 20:19:37 LabSZ sshd[13184]: PAM service(sshd) ignoring max retries; 6 > 3
Jan  1 20:19:38 LabSZ sshd[13186]: message repeated 5 times: [ Failed password for root from 218.65.30.30 port 35120 ssh2]
Jan  1 20:19:38 LabSZ sshd[13186]: Disconnecting: Too many authentication failures for root [preauth]
Jan  1 20:19:38 LabSZ sshd[13186]: PAM 5 more authentication failures; logname= uid=0 euid=0 tty=ssh ruser= rhost=218.65.30.30  user=root
Jan  1 20:19:38 LabSZ sshd[13186]: PAM service(sshd) ignoring max retries; 6 > 3
Jan  1 20:19:39 LabSZ sshd[13195]: pam_unix(sshd:auth): authentication failure; logname= uid=0 euid=0 tty=ssh ruser= rhost=58.242.83.25  user=root
Jan  1 20:19:39 LabSZ sshd[13197]: reverse mapping checking getaddrinfo for 30.30.65.218.broad.xy.jx.dynamic.163data.com.cn [218.65.30.30] failed - POSSIBLE BREAK-IN ATTEMPT!
Jan  1 20:19:39 LabSZ sshd[13197]: pam_unix(sshd:auth): authentication failure; logname= uid=0 euid=0 tty=ssh ruser= rhost=218.65.30.30  user=root
Jan  1 20:19:39 LabSZ sshd[13193]: reverse mapping checking getaddrinfo for host229-140-211-80.serverdedicati.aruba.it [80.211.140.229] failed - POSSIBLE BREAK-IN ATTEMPT!
Jan  1 20:19:39 LabSZ sshd[13193]: pam_unix(sshd:auth): authentication failure; logname= uid=0 euid=0 tty=ssh ruser= rhost=80.211.140.229  user=root
Jan  1 20:19:40 LabSZ sshd[13195]: Failed password for root from 58.242.83.25 port 13992 ssh2
Jan  1 20:19:41 LabSZ sshd[13197]: Failed password for root from 218.65.30.30 port 9944 ssh2
Jan  1 20:19:41 LabSZ sshd[13193]: Failed password for root from 80.211.140.229 port 60724 ssh2
Jan  1 20:19:41 LabSZ sshd[13193]: Received disconnect from 80.211.140.229: 11: Bye Bye [preauth]
Jan  1 20:19:45 LabSZ sshd[13199]: reverse mapping checking getaddrinfo for host229-140-211-80.serverdedicati.aruba.it [80.211.140.229] failed - POSSIBLE BREAK-IN ATTEMPT!
Jan  1 20:19:45 LabSZ sshd[13199]: pam_unix(sshd:auth): authentication failure; logname= uid=0 euid=0 tty=ssh ruser= rhost=80.211.140.229  user=root
Jan  1 20:19:47 LabSZ sshd[13199]: Failed password for root from 80.211.140.229 port 43000 ssh2
Jan  1 20:19:47 LabSZ sshd[13199]: Received disconnect from 80.211.140.229: 11: Bye Bye [preauth]
Jan  1 20:19:50 LabSZ sshd[13201]: reverse mapping checking getaddrinfo for host229-140-211-80.serverdedicati.aruba.it [80.211.140.229] failed - POSSIBLE BREAK-IN ATTEMPT!
Jan  1 20:19:50 LabSZ sshd[13201]: pam_unix(sshd:auth): authentication failure; logname= uid=0 euid=0 tty=ssh ruser= rhost=80.211.140.229  user=root
Jan  1 20:19:51 LabSZ sshd[13201]: Failed password for root from 80.211.140.229 port 46120 ssh2
Jan  1 20:19:52 LabSZ sshd[13201]: Received disconnect from 80.211.140.229: 11: Bye Bye [preauth]
Jan  1 20:19:52 LabSZ sshd[13197]: message repeated 5 times: [ Failed password for root from 218.65.30.30 port 9944 ssh2]
Jan  1 20:19:52 LabSZ sshd[13197]: Disconnecting: Too many authentication failures for root [preauth]
Jan  1 20:19:52 LabSZ sshd[13197]: PAM 5 more authentication failures; logname= uid=0 euid=0 tty=ssh ruser= rhost=218.65.30.30  user=root
Jan  1 20:19:52 LabSZ sshd[13197]: PAM service(sshd) ignoring max retries; 6 > 3
Jan  1 20:19:52 LabSZ sshd[13195]: message repeated 5 times: [ Failed password for root from 58.242.83.25 port 13992 ssh2]
Jan  1 20:19:52 LabSZ sshd[13195]: Disconnecting: Too many authentication failures for root [preauth]
Jan  1 20:19:52 LabSZ sshd[13195]: PAM 5 more authentication failures; logname= uid=0 euid=0 tty=ssh ruser= rhost=58.242.83.25  user=root
Jan  1 20:19:52 LabSZ sshd[13195]: PAM service(sshd) ignoring max retries; 6 > 3
Jan  1 20:19:53 LabSZ sshd[13205]: reverse mapping checking getaddrinfo for 30.30.65.218.broad.xy.jx.dynamic.163data.com.cn [218.65.30.30] failed - POSSIBLE BREAK-IN ATTEMPT!
Jan  1 20:19:53 LabSZ sshd[13205]: pam_unix(sshd:auth): authentication failure; logname= uid=0 euid=0 tty=ssh ruser= rhost=218.65.30.30  user=root
Jan  1 20:19:53 LabSZ sshd[13207]: pam_unix(sshd:auth): authentication failure; logname= uid=0 euid=0 tty=ssh ruser= rhost=58.242.83.25  user=root
Jan  1 20:19:55 LabSZ sshd[13205]: Failed password for root from 218.65.30.30 port 43168 ssh2
Jan  1 20:19:55 LabSZ sshd[13203]: reverse mapping checking getaddrinfo for host229-140-211-80.serverdedicati.aruba.it [80.211.140.229] failed - POSSIBLE BREAK-IN ATTEMPT!
Jan  1 20:19:55 LabSZ sshd[13203]: pam_unix(sshd:auth): authentication failure; logname= uid=0 euid=0 tty=ssh ruser= rhost=80.211.140.229  user=root
Jan  1 20:19:55 LabSZ sshd[13207]: Failed password for root from 58.242.83.25 port 33245 ssh2
Jan  1 20:19:57 LabSZ sshd[13203]: Failed password for root from 80.211.140.229 port 40908 ssh2
Jan  1 20:19:57 LabSZ sshd[13203]: Received disconnect from 80.211.140.229: 11: Bye Bye [preauth]
Jan  1 20:20:01 LabSZ sshd[13209]: reverse mapping checking getaddrinfo for host229-140-211-80.serverdedicati.aruba.it [80.211.140.229] failed - POSSIBLE BREAK-IN ATTEMPT!
Jan  1 20:20:01 LabSZ sshd[13209]: pam_unix(sshd:auth): authentication failure; logname= uid=0 euid=0 tty=ssh ruser= rhost=80.211.140.229  user=root
Jan  1 20:20:03 LabSZ sshd[13209]: Failed password for root from 80.211.140.229 port 40494 ssh2
Jan  1 20:20:03 LabSZ sshd[13209]: Received disconnect from 80.211.140.229: 11: Bye Bye [preauth]
Jan  1 20:20:06 LabSZ sshd[13211]: reverse mapping checking getaddrinfo for host229-140-211-80.serverdedicati.aruba.it [80.211.140.229] failed - POSSIBLE BREAK-IN ATTEMPT!
Jan  1 20:20:06 LabSZ sshd[13211]: pam_unix(sshd:auth): authentication failure; logname= uid=0 euid=0 tty=ssh ruser= rhost=80.211.140.229  user=root
Jan  1 20:20:07 LabSZ sshd[13205]: message repeated 5 times: [ Failed password for root from 218.65.30.30 port 43168 ssh2]
Jan  1 20:20:07 LabSZ sshd[13205]: Disconnecting: Too many authentication failures for root [preauth]
Jan  1 20:20:07 LabSZ sshd[13205]: PAM 5 more authentication failures; logname= uid=0 euid=0 tty=ssh ruser= rhost=218.65.30.30  user=root
Jan  1 20:20:07 LabSZ sshd[13205]: PAM service(sshd) ignoring max retries; 6 > 3
Jan  1 20:20:08 LabSZ sshd[13207]: message repeated 5 times: [ Failed password for root from 58.242.83.25 port 33245 ssh2]
Jan  1 20:20:08 LabSZ sshd[13207]: Disconnecting: Too many authentication failures for root [preauth]
Jan  1 20:20:08 LabSZ sshd[13207]: PAM 5 more authentication failures; logname= uid=0 euid=0 tty=ssh ruser= rhost=58.242.83.25  user=root
Jan  1 20:20:08 LabSZ sshd[13207]: PAM service(sshd) ignoring max retries; 6 > 3
Jan  1 20:20:08 LabSZ sshd[13211]: Failed password for root from 80.211.140.229 port 41780 ssh2
Jan  1 20:20:09 LabSZ sshd[13213]: reverse mapping checking getaddrinfo for 30.30.65.218.broad.xy.jx.dynamic.163data.com.cn [218.65.30.30] failed - POSSIBLE BREAK-IN ATTEMPT!
Jan  1 20:20:09 LabSZ sshd[13213]: pam_unix(sshd:auth): authentication failure; logname= uid=0 euid=0 tty=ssh ruser= rhost=218.65.30.30  user=root
Jan  1 20:20:09 LabSZ sshd[13211]: Received disconnect from 80.211.140.229: 11: Bye Bye [preauth]
Jan  1 20:20:09 LabSZ sshd[13216]: pam_unix(sshd:auth): authentication failure; logname= uid=0 euid=0 tty=ssh ruser= rhost=58.242.83.25  user=root
Jan  1 20:20:11 LabSZ sshd[13213]: Failed password for root from 218.65.30.30 port 13848 ssh2
Jan  1 20:20:11 LabSZ sshd[13216]: Failed password for root from 58.242.83.25 port 53693 ssh2
Jan  1 20:20:13 LabSZ sshd[13215]: reverse mapping checking getaddrinfo for host229-140-211-80.serverdedicati.aruba.it [80.211.140.229] failed - POSSIBLE BREAK-IN ATTEMPT!
Jan  1 20:20:13 LabSZ sshd[13215]: Invalid user admin from 80.211.140.229
