Jan  5 07:28:30 LabSZ sshd[15885]: Failed password for root from 182.100.67.52 port 36956 ssh2
Jan  5 07:28:33 LabSZ sshd[15883]: message repeated 5 times: [ Failed password for root from 59.63.188.30 port 47493 ssh2]
Jan  5 07:28:33 LabSZ sshd[15883]: Disconnecting: Too many authentication failures for root [preauth]
Jan  5 07:28:33 LabSZ sshd[15883]: PAM 5 more authentication failures; logname= uid=0 euid=0 tty=ssh ruser= rhost=59.63.188.30  user=root
Jan  5 07:28:33 LabSZ sshd[15883]: PAM service(sshd) ignoring max retries; 6 > 3
Jan  5 07:28:34 LabSZ sshd[15880]: Did not receive identification string from 185.222.209.151
Jan  5 07:28:35 LabSZ sshd[15887]: pam_unix(sshd:auth): authentication failure; logname= uid=0 euid=0 tty=ssh ruser= rhost=59.63.188.30  user=root
Jan  5 07:28:37 LabSZ sshd[15887]: Failed password for root from 59.63.188.30 port 54629 ssh2
Jan  5 07:28:42 LabSZ sshd[15885]: message repeated 5 times: [ Failed password for root from 182.100.67.52 port 36956 ssh2]
Jan  5 07:28:42 LabSZ sshd[15885]: Disconnecting: Too many authentication failures for root [preauth]
Jan  5 07:28:42 LabSZ sshd[15885]: PAM 5 more authentication failures; logname= uid=0 euid=0 tty=ssh ruser= rhost=182.100.67.52  user=root
Jan  5 07:28:42 LabSZ sshd[15885]: PAM service(sshd) ignoring max retries; 6 > 3
Jan  5 07:28:44 LabSZ sshd[15889]: pam_unix(sshd:auth): authentication failure; logname= uid=0 euid=0 tty=ssh ruser= rhost=182.100.67.52  user=root
Jan  5 07:28:46 LabSZ sshd[15889]: Failed password for root from 182.100.67.52 port 57206 ssh2
Jan  5 07:28:54 LabSZ sshd[15887]: message repeated 5 times: [ Failed password for root from 59.63.188.30 port 54629 ssh2]
Jan  5 07:28:54 LabSZ sshd[15887]: Disconnecting: Too many authentication failures for root [preauth]
Jan  5 07:28:54 LabSZ sshd[15887]: PAM 5 more authentication failures; logname= uid=0 euid=0 tty=ssh ruser= rhost=59.63.188.30  user=root
Jan  5 07:28:54 LabSZ sshd[15887]: PAM service(sshd) ignoring max retries; 6 > 3
Jan  5 07:28:55 LabSZ sshd[15891]: pam_unix(sshd:auth): authentication failure; logname= uid=0 euid=0 tty=ssh ruser= rhost=59.63.188.30  user=root
Jan  5 07:28:57 LabSZ sshd[15891]: Failed password for root from 59.63.188.30 port 12367 ssh2
Jan  5 07:28:58 LabSZ sshd[15889]: message repeated 5 times: [ Failed password for root from 182.100.67.52 port 57206 ssh2]
Jan  5 07:28:58 LabSZ sshd[15889]: Disconnecting: Too many authentication failures for root [preauth]
Jan  5 07:28:58 LabSZ sshd[15889]: PAM 5 more authentication failures; logname= uid=0 euid=0 tty=ssh ruser= rhost=182.100.67.52  user=root
Jan  5 07:28:58 LabSZ sshd[15889]: PAM service(sshd) ignoring max retries; 6 > 3
Jan  5 07:29:00 LabSZ sshd[15893]: pam_unix(sshd:auth): authentication failure; logname= uid=0 euid=0 tty=ssh ruser= rhost=182.100.67.52  user=root
Jan  5 07:29:02 LabSZ sshd[15893]: Failed password for root from 182.100.67.52 port 11396 ssh2
Jan  5 07:29:10 LabSZ sshd[15891]: message repeated 5 times: [ Failed password for root from 59.63.188.30 port 12367 ssh2]
Jan  5 07:29:10 LabSZ sshd[15891]: Disconnecting: Too many authentication failures for root [preauth]
Jan  5 07:29:10 LabSZ sshd[15891]: PAM 5 more authentication failures; logname= uid=0 euid=0 tty=ssh ruser= rhost=59.63.188.30  user=root
Jan  5 07:29:10 LabSZ sshd[15891]: PAM service(sshd) ignoring max retries; 6 > 3
Jan  5 07:29:11 LabSZ sshd[15895]: pam_unix(sshd:auth): authentication failure; logname= uid=0 euid=0 tty=ssh ruser= rhost=59.63.188.30  user=root
Jan  5 07:29:13 LabSZ sshd[15895]: Failed password for root from 59.63.188.30 port 33286 ssh2
Jan  5 07:29:14 LabSZ sshd[15893]: message repeated 5 times: [ Failed password for root from 182.100.67.52 port 11396 ssh2]
Jan  5 07:29:14 LabSZ sshd[15893]: Disconnecting: Too many authentication failures for root [preauth]
Jan  5 07:29:14 LabSZ sshd[15893]: PAM 5 more authentication failures; logname= uid=0 euid=0 tty=ssh ruser= rhost=182.100.67.52  user=root
Jan  5 07:29:14 LabSZ sshd[15893]: PAM service(sshd) ignoring max retries; 6 > 3
Jan  5 07:29:16 LabSZ sshd[15897]: pam_unix(sshd:auth): authentication failure; logname= uid=0 euid=0 tty=ssh ruser= rhost=182.100.67.52  user=root
Jan  5 07:29:17 LabSZ sshd[15897]: Failed password for root from 182.100.67.52 port 29454 ssh2
Jan  5 07:29:26 LabSZ sshd[15895]: message repeated 5 times: [ Failed password for root from 59.63.188.30 port 33286 ssh2]
Jan  5 07:29:26 LabSZ sshd[15895]: Disconnecting: Too many authentication failures for root [preauth]
Jan  5 07:29:26 LabSZ sshd[15895]: PAM 5 more authentication failures; logname= uid=0 euid=0 tty=ssh ruser= rhost=59.63.188.30  user=root
Jan  5 07:29:26 LabSZ sshd[15895]: PAM service(sshd) ignoring max retries; 6 > 3
Jan  5 07:29:28 LabSZ sshd[15899]: pam_unix(sshd:auth): authentication failure; logname= uid=0 euid=0 tty=ssh ruser= rhost=59.63.188.30  user=root
Jan  5 07:29:30 LabSZ sshd[15899]: Failed password for root from 59.63.188.30 port 54290 ssh2
Jan  5 07:29:30 LabSZ sshd[15897]: message repeated 5 times: [ Failed password for root from 182.100.67.52 port 29454 ssh2]
Jan  5 07:29:30 LabSZ sshd[15897]: Disconnecting: Too many authentication failures for root [preauth]
Jan  5 07:29:30 LabSZ sshd[15897]: PAM 5 more authentication failures; logname= uid=0 euid=0 tty=ssh ruser= rhost=182.100.67.52  user=root
Jan  5 07:29:30 LabSZ sshd[15897]: PAM service(sshd) ignoring max retries; 6 > 3
Jan  5 07:29:31 LabSZ sshd[15901]: pam_unix(sshd:auth): authentication failure; logname= uid=0 euid=0 tty=ssh ruser= rhost=182.100.67.52  user=root
Jan  5 07:29:33 LabSZ sshd[15901]: Failed password for root from 182.100.67.52 port 46308 ssh2
Jan  5 07:29:42 LabSZ sshd[15899]: message repeated 5 times: [ Failed password for root from 59.63.188.30 port 54290 ssh2]
Jan  5 07:29:42 LabSZ sshd[15899]: Disconnecting: Too many authentication failures for root [preauth]
Jan  5 07:29:42 LabSZ sshd[15899]: PAM 5 more authentication failures; logname= uid=0 euid=0 tty=ssh ruser= rhost=59.63.188.30  user=root
Jan  5 07:29:42 LabSZ sshd[15899]: PAM service(sshd) ignoring max retries; 6 > 3
Jan  5 07:29:43 LabSZ sshd[15903]: pam_unix(sshd:auth): authentication failure; logname= uid=0 euid=0 tty=ssh ruser= rhost=59.63.188.30  user=root
Jan  5 07:29:45 LabSZ sshd[15903]: Failed password for root from 59.63.188.30 port 61568 ssh2
Jan  5 07:29:46 LabSZ sshd[15901]: message repeated 5 times: [ Failed password for root from 182.100.67.52 port 46308 ssh2]
Jan  5 07:29:46 LabSZ sshd[15901]: Disconnecting: Too many authentication failures for root [preauth]
Jan  5 07:29:46 LabSZ sshd[15901]: PAM 5 more authentication failures; logname= uid=0 euid=0 tty=ssh ruser= rhost=182.100.67.52  user=root
Jan  5 07:29:46 LabSZ sshd[15901]: PAM service(sshd) ignoring max retries; 6 > 3
Jan  5 07:29:48 LabSZ sshd[15905]: pam_unix(sshd:auth): authentication failure; logname= uid=0 euid=0 tty=ssh ruser= rhost=182.100.67.52  user=root
Jan  5 07:29:50 LabSZ sshd[15905]: Failed password for root from 182.100.67.52 port 64154 ssh2
Jan  5 07:29:58 LabSZ sshd[15907]: Invalid user service from 14.221.237.251
Jan  5 07:29:58 LabSZ sshd[15907]: input_userauth_request: invalid user service [preauth]
Jan  5 07:29:58 LabSZ sshd[15907]: pam_unix(sshd:auth): check pass; user unknown
Jan  5 07:29:58 LabSZ sshd[15907]: pam_unix(sshd:auth): authentication failure; logname= uid=0 euid=0 tty=ssh ruser= rhost=14.221.237.251 
Jan  5 07:29:58 LabSZ sshd[15903]: message repeated 5 times: [ Failed password for root from 59.63.188.30 port 61568 ssh2]
Jan  5 07:29:58 LabSZ sshd[15903]: Disconnecting: Too many authentication failures for root [preauth]
Jan  5 07:29:58 LabSZ sshd[15903]: PAM 5 more authentication failures; logname= uid=0 euid=0 tty=ssh ruser= rhost=59.63.188.30  user=root
Jan  5 07:29:58 LabSZ sshd[15903]: PAM service(sshd) ignoring max retries; 6 > 3
Jan  5 07:30:00 LabSZ sshd[15909]: pam_unix(sshd:auth): authentication failure; logname= uid=0 euid=0 tty=ssh ruser= rhost=59.63.188.30  user=root
Jan  5 07:30:00 LabSZ sshd[15907]: Failed password for invalid user service from 14.221.237.251 port 16040 ssh2
Jan  5 07:30:00 LabSZ sshd[15907]: pam_unix(sshd:auth): check pass; user unknown
Jan  5 07:30:02 LabSZ sshd[15909]: Failed password for root from 59.63.188.30 port 17614 ssh2
Jan  5 07:30:02 LabSZ sshd[15907]: Failed password for invalid user service from 14.221.237.251 port 16040 ssh2
Jan  5 07:30:02 LabSZ sshd[15907]: pam_unix(sshd:auth): check pass; user unknown
Jan  5 07:30:03 LabSZ sshd[15905]: message repeated 5 times: [ Failed password for root from 182.100.67.52 port 64154 ssh2]
Jan  5 07:30:03 LabSZ sshd[15905]: Disconnecting: Too many authentication failures for root [preauth]
Jan  5 07:30:03 LabSZ sshd[15905]: PAM 5 more authentication failures; logname= uid=0 euid=0 tty=ssh ruser= rhost=182.100.67.52  user=root
Jan  5 07:30:03 LabSZ sshd[15905]: PAM service(sshd) ignoring max retries; 6 > 3
Jan  5 07:30:05 LabSZ sshd[15907]: Failed password for invalid user service from 14.221.237.251 port 16040 ssh2
Jan  5 07:30:05 LabSZ sshd[15907]: pam_unix(sshd:auth): check pass; user unknown
Jan  5 07:30:05 LabSZ sshd[15911]: pam_unix(sshd:auth): authentication failure; logname= uid=0 euid=0 tty=ssh ruser= rhost=182.100.67.52  user=root
Jan  5 07:30:07 LabSZ sshd[15907]: Failed password for invalid user service from 14.221.237.251 port 16040 ssh2
Jan  5 07:30:07 LabSZ sshd[15907]: pam_unix(sshd:auth): check pass; user unknown
Jan  5 07:30:07 LabSZ sshd[15911]: Failed password for root from 182.100.67.52 port 16398 ssh2
Jan  5 07:30:09 LabSZ sshd[15907]: Failed password for invalid user service from 14.221.237.251 port 16040 ssh2
Jan  5 07:30:09 LabSZ sshd[15907]: pam_unix(sshd:auth): check pass; user unknown
Jan  5 07:30:11 LabSZ sshd[15907]: Failed password for invalid user service from 14.221.237.251 port 16040 ssh2
Jan  5 07:30:11 LabSZ sshd[15907]: Disconnecting: Too many authentication failures for service [preauth]
Jan  5 07:30:11 LabSZ sshd[15907]: PAM 5 more authentication failures; logname= uid=0 euid=0 tty=ssh ruser= rhost=14.221.237.251 
Jan  5 07:30:11 LabSZ sshd[15907]: PAM service(sshd) ignoring max retries; 6 > 3
Jan  5 07:30:15 LabSZ sshd[15909]: message repeated 5 times: [ Failed password for root from 59.63.188.30 port 17614 ssh2]
Jan  5 07:30:15 LabSZ sshd[15909]: Disconnecting: Too many authentication failures for root [preauth]
Jan  5 07:30:15 LabSZ sshd[15909]: PAM 5 more authentication failures; logname= uid=0 euid=0 tty=ssh ruser= rhost=59.63.188.30  user=root
Jan  5 07:30:15 LabSZ sshd[15909]: PAM service(sshd) ignoring max retries; 6 > 3
Jan  5 07:30:16 LabSZ sshd[15913]: pam_unix(sshd:auth): authentication failure; logname= uid=0 euid=0 tty=ssh ruser= rhost=59.63.188.30  user=root
Jan  5 07:30:18 LabSZ sshd[15913]: Failed password for root from 59.63.188.30 port 38155 ssh2
Jan  5 07:30:19 LabSZ sshd[15911]: message repeated 5 times: [ Failed password for root from 182.100.67.52 port 16398 ssh2]
Jan  5 07:30:19 LabSZ sshd[15911]: Disconnecting: Too many authentication failures for root [preauth]
