Jan  4 17:40:58 LabSZ sshd[4169]: Failed password for root from 59.63.188.30 port 52134 ssh2
Jan  4 17:41:08 LabSZ sshd[4167]: message repeated 5 times: [ Failed password for root from 59.63.188.30 port 51785 ssh2]
Jan  4 17:41:08 LabSZ sshd[4167]: Disconnecting: Too many authentication failures for root [preauth]
Jan  4 17:41:08 LabSZ sshd[4167]: PAM 5 more authentication failures; logname= uid=0 euid=0 tty=ssh ruser= rhost=59.63.188.30  user=root
Jan  4 17:41:08 LabSZ sshd[4167]: PAM service(sshd) ignoring max retries; 6 > 3
Jan  4 17:41:09 LabSZ sshd[4169]: message repeated 5 times: [ Failed password for root from 59.63.188.30 port 52134 ssh2]
Jan  4 17:41:09 LabSZ sshd[4169]: Disconnecting: Too many authentication failures for root [preauth]
Jan  4 17:41:09 LabSZ sshd[4169]: PAM 5 more authentication failures; logname= uid=0 euid=0 tty=ssh ruser= rhost=59.63.188.30  user=root
Jan  4 17:41:09 LabSZ sshd[4169]: PAM service(sshd) ignoring max retries; 6 > 3
Jan  4 17:41:10 LabSZ sshd[4173]: pam_unix(sshd:auth): authentication failure; logname= uid=0 euid=0 tty=ssh ruser= rhost=59.63.188.30  user=root
Jan  4 17:41:10 LabSZ sshd[4171]: Invalid user  0101 from 5.188.10.182
Jan  4 17:41:10 LabSZ sshd[4171]: input_userauth_request: invalid user  0101 [preauth]
Jan  4 17:41:10 LabSZ sshd[4171]: pam_unix(sshd:auth): check pass; user unknown
Jan  4 17:41:10 LabSZ sshd[4171]: pam_unix(sshd:auth): authentication failure; logname= uid=0 euid=0 tty=ssh ruser= rhost=5.188.10.182 
Jan  4 17:41:10 LabSZ sshd[4175]: pam_unix(sshd:auth): authentication failure; logname= uid=0 euid=0 tty=ssh ruser= rhost=59.63.188.30  user=root
Jan  4 17:41:12 LabSZ sshd[4173]: Failed password for root from 59.63.188.30 port 5513 ssh2
Jan  4 17:41:12 LabSZ sshd[4171]: Failed password for invalid user  0101 from 5.188.10.182 port 35701 ssh2
Jan  4 17:41:12 LabSZ sshd[4175]: Failed password for root from 59.63.188.30 port 5608 ssh2
Jan  4 17:41:13 LabSZ sshd[4171]: Connection closed by 5.188.10.182 [preauth]
Jan  4 17:41:16 LabSZ sshd[4177]: Invalid user 0 from 5.188.10.182
Jan  4 17:41:16 LabSZ sshd[4177]: input_userauth_request: invalid user 0 [preauth]
Jan  4 17:41:16 LabSZ sshd[4177]: Failed none for invalid user 0 from 5.188.10.182 port 34002 ssh2
Jan  4 17:41:17 LabSZ sshd[4177]: pam_unix(sshd:auth): check pass; user unknown
Jan  4 17:41:17 LabSZ sshd[4177]: pam_unix(sshd:auth): authentication failure; logname= uid=0 euid=0 tty=ssh ruser= rhost=5.188.10.182 
Jan  4 17:41:18 LabSZ sshd[4177]: Failed password for invalid user 0 from 5.188.10.182 port 34002 ssh2
Jan  4 17:41:20 LabSZ sshd[4177]: Connection closed by 5.188.10.182 [preauth]
Jan  4 17:41:23 LabSZ sshd[4175]: message repeated 5 times: [ Failed password for root from 59.63.188.30 port 5608 ssh2]
Jan  4 17:41:23 LabSZ sshd[4175]: Disconnecting: Too many authentication failures for root [preauth]
Jan  4 17:41:23 LabSZ sshd[4175]: PAM 5 more authentication failures; logname= uid=0 euid=0 tty=ssh ruser= rhost=59.63.188.30  user=root
Jan  4 17:41:23 LabSZ sshd[4175]: PAM service(sshd) ignoring max retries; 6 > 3
Jan  4 17:41:23 LabSZ sshd[4173]: message repeated 5 times: [ Failed password for root from 59.63.188.30 port 5513 ssh2]
Jan  4 17:41:23 LabSZ sshd[4173]: Disconnecting: Too many authentication failures for root [preauth]
Jan  4 17:41:23 LabSZ sshd[4173]: PAM 5 more authentication failures; logname= uid=0 euid=0 tty=ssh ruser= rhost=59.63.188.30  user=root
Jan  4 17:41:23 LabSZ sshd[4173]: PAM service(sshd) ignoring max retries; 6 > 3
Jan  4 17:41:24 LabSZ sshd[4181]: pam_unix(sshd:auth): authentication failure; logname= uid=0 euid=0 tty=ssh ruser= rhost=59.63.188.30  user=root
Jan  4 17:41:25 LabSZ sshd[4183]: pam_unix(sshd:auth): authentication failure; logname= uid=0 euid=0 tty=ssh ruser= rhost=59.63.188.30  user=root
Jan  4 17:41:26 LabSZ sshd[4181]: Failed password for root from 59.63.188.30 port 23401 ssh2
Jan  4 17:41:26 LabSZ sshd[4179]: Invalid user 1234 from 5.188.10.182
Jan  4 17:41:26 LabSZ sshd[4179]: input_userauth_request: invalid user 1234 [preauth]
Jan  4 17:41:26 LabSZ sshd[4179]: pam_unix(sshd:auth): check pass; user unknown
Jan  4 17:41:26 LabSZ sshd[4179]: pam_unix(sshd:auth): authentication failure; logname= uid=0 euid=0 tty=ssh ruser= rhost=5.188.10.182 
Jan  4 17:41:27 LabSZ sshd[4183]: Failed password for root from 59.63.188.30 port 23501 ssh2
Jan  4 17:41:28 LabSZ sshd[4179]: Failed password for invalid user 1234 from 5.188.10.182 port 55093 ssh2
Jan  4 17:41:29 LabSZ sshd[4179]: Connection closed by 5.188.10.182 [preauth]
Jan  4 17:41:35 LabSZ sshd[4185]: Invalid user admin from 5.188.10.182
Jan  4 17:41:35 LabSZ sshd[4185]: input_userauth_request: invalid user admin [preauth]
Jan  4 17:41:35 LabSZ sshd[4185]: Failed none for invalid user admin from 5.188.10.182 port 40585 ssh2
Jan  4 17:41:36 LabSZ sshd[4185]: Connection closed by 5.188.10.182 [preauth]
Jan  4 17:41:38 LabSZ sshd[4181]: message repeated 5 times: [ Failed password for root from 59.63.188.30 port 23401 ssh2]
Jan  4 17:41:38 LabSZ sshd[4181]: Disconnecting: Too many authentication failures for root [preauth]
Jan  4 17:41:38 LabSZ sshd[4181]: PAM 5 more authentication failures; logname= uid=0 euid=0 tty=ssh ruser= rhost=59.63.188.30  user=root
Jan  4 17:41:38 LabSZ sshd[4181]: PAM service(sshd) ignoring max retries; 6 > 3
Jan  4 17:41:39 LabSZ sshd[4183]: message repeated 5 times: [ Failed password for root from 59.63.188.30 port 23501 ssh2]
Jan  4 17:41:39 LabSZ sshd[4183]: Disconnecting: Too many authentication failures for root [preauth]
Jan  4 17:41:39 LabSZ sshd[4183]: PAM 5 more authentication failures; logname= uid=0 euid=0 tty=ssh ruser= rhost=59.63.188.30  user=root
Jan  4 17:41:39 LabSZ sshd[4183]: PAM service(sshd) ignoring max retries; 6 > 3
Jan  4 17:41:39 LabSZ sshd[4188]: pam_unix(sshd:auth): authentication failure; logname= uid=0 euid=0 tty=ssh ruser= rhost=59.63.188.30  user=root
Jan  4 17:41:40 LabSZ sshd[4190]: pam_unix(sshd:auth): authentication failure; logname= uid=0 euid=0 tty=ssh ruser= rhost=59.63.188.30  user=root
Jan  4 17:41:41 LabSZ sshd[4188]: Failed password for root from 59.63.188.30 port 41724 ssh2
Jan  4 17:41:42 LabSZ sshd[4190]: Failed password for root from 59.63.188.30 port 43231 ssh2
Jan  4 17:41:47 LabSZ sshd[4187]: Invalid user admin from 5.188.10.182
Jan  4 17:41:47 LabSZ sshd[4187]: input_userauth_request: invalid user admin [preauth]
Jan  4 17:41:48 LabSZ sshd[4187]: pam_unix(sshd:auth): check pass; user unknown
Jan  4 17:41:48 LabSZ sshd[4187]: pam_unix(sshd:auth): authentication failure; logname= uid=0 euid=0 tty=ssh ruser= rhost=5.188.10.182 
Jan  4 17:41:49 LabSZ sshd[4187]: Failed password for invalid user admin from 5.188.10.182 port 37407 ssh2
Jan  4 17:41:50 LabSZ sshd[4187]: pam_unix(sshd:auth): check pass; user unknown
Jan  4 17:41:52 LabSZ sshd[4187]: Failed password for invalid user admin from 5.188.10.182 port 37407 ssh2
Jan  4 17:41:53 LabSZ sshd[4188]: message repeated 5 times: [ Failed password for root from 59.63.188.30 port 41724 ssh2]
Jan  4 17:41:53 LabSZ sshd[4188]: Disconnecting: Too many authentication failures for root [preauth]
Jan  4 17:41:53 LabSZ sshd[4188]: PAM 5 more authentication failures; logname= uid=0 euid=0 tty=ssh ruser= rhost=59.63.188.30  user=root
Jan  4 17:41:53 LabSZ sshd[4188]: PAM service(sshd) ignoring max retries; 6 > 3
Jan  4 17:41:53 LabSZ sshd[4190]: message repeated 5 times: [ Failed password for root from 59.63.188.30 port 43231 ssh2]
Jan  4 17:41:53 LabSZ sshd[4190]: Disconnecting: Too many authentication failures for root [preauth]
Jan  4 17:41:53 LabSZ sshd[4190]: PAM 5 more authentication failures; logname= uid=0 euid=0 tty=ssh ruser= rhost=59.63.188.30  user=root
Jan  4 17:41:53 LabSZ sshd[4190]: PAM service(sshd) ignoring max retries; 6 > 3
Jan  4 17:41:54 LabSZ sshd[4193]: pam_unix(sshd:auth): authentication failure; logname= uid=0 euid=0 tty=ssh ruser= rhost=59.63.188.30  user=root
Jan  4 17:41:54 LabSZ sshd[4187]: pam_unix(sshd:auth): check pass; user unknown
Jan  4 17:41:55 LabSZ sshd[4195]: pam_unix(sshd:auth): authentication failure; logname= uid=0 euid=0 tty=ssh ruser= rhost=59.63.188.30  user=root
Jan  4 17:41:56 LabSZ sshd[4193]: Failed password for root from 59.63.188.30 port 59781 ssh2
Jan  4 17:41:56 LabSZ sshd[4187]: Failed password for invalid user admin from 5.188.10.182 port 37407 ssh2
Jan  4 17:41:57 LabSZ sshd[4187]: pam_unix(sshd:auth): check pass; user unknown
Jan  4 17:41:57 LabSZ sshd[4195]: Failed password for root from 59.63.188.30 port 60939 ssh2
Jan  4 17:41:58 LabSZ sshd[4187]: Failed password for invalid user admin from 5.188.10.182 port 37407 ssh2
Jan  4 17:41:59 LabSZ sshd[4187]: pam_unix(sshd:auth): check pass; user unknown
Jan  4 17:42:01 LabSZ sshd[4187]: Failed password for invalid user admin from 5.188.10.182 port 37407 ssh2
Jan  4 17:42:02 LabSZ sshd[4187]: Connection closed by 5.188.10.182 [preauth]
Jan  4 17:42:02 LabSZ sshd[4187]: PAM 4 more authentication failures; logname= uid=0 euid=0 tty=ssh ruser= rhost=5.188.10.182 
Jan  4 17:42:02 LabSZ sshd[4187]: PAM service(sshd) ignoring max retries; 5 > 3
Jan  4 17:42:07 LabSZ sshd[4193]: message repeated 5 times: [ Failed password for root from 59.63.188.30 port 59781 ssh2]
Jan  4 17:42:07 LabSZ sshd[4193]: Disconnecting: Too many authentication failures for root [preauth]
Jan  4 17:42:07 LabSZ sshd[4193]: PAM 5 more authentication failures; logname= uid=0 euid=0 tty=ssh ruser= rhost=59.63.188.30  user=root
Jan  4 17:42:07 LabSZ sshd[4193]: PAM service(sshd) ignoring max retries; 6 > 3
Jan  4 17:42:09 LabSZ sshd[4198]: pam_unix(sshd:auth): authentication failure; logname= uid=0 euid=0 tty=ssh ruser= rhost=59.63.188.30  user=root
Jan  4 17:42:10 LabSZ sshd[4195]: message repeated 5 times: [ Failed password for root from 59.63.188.30 port 60939 ssh2]
Jan  4 17:42:10 LabSZ sshd[4195]: Disconnecting: Too many authentication failures for root [preauth]
Jan  4 17:42:10 LabSZ sshd[4195]: PAM 5 more authentication failures; logname= uid=0 euid=0 tty=ssh ruser= rhost=59.63.188.30  user=root
Jan  4 17:42:10 LabSZ sshd[4195]: PAM service(sshd) ignoring max retries; 6 > 3
Jan  4 17:42:11 LabSZ sshd[4198]: Failed password for root from 59.63.188.30 port 13320 ssh2
Jan  4 17:42:14 LabSZ sshd[4197]: Invalid user admin from 5.188.10.182
Jan  4 17:42:14 LabSZ sshd[4197]: input_userauth_request: invalid user admin [preauth]
