Jan  4 00:50:05 LabSZ sshd[11571]: PAM 5 more authentication failures; logname= uid=0 euid=0 tty=ssh ruser= rhost=218.87.109.156  user=root
Jan  4 00:50:05 LabSZ sshd[11571]: PAM service(sshd) ignoring max retries; 6 > 3
Jan  4 00:50:07 LabSZ sshd[11575]: pam_unix(sshd:auth): authentication failure; logname= uid=0 euid=0 tty=ssh ruser= rhost=218.87.109.156  user=root
Jan  4 00:50:07 LabSZ sshd[11573]: message repeated 5 times: [ Failed password for root from 59.63.188.30 port 10180 ssh2]
Jan  4 00:50:07 LabSZ sshd[11573]: Disconnecting: Too many authentication failures for root [preauth]
Jan  4 00:50:07 LabSZ sshd[11573]: PAM 5 more authentication failures; logname= uid=0 euid=0 tty=ssh ruser= rhost=59.63.188.30  user=root
Jan  4 00:50:07 LabSZ sshd[11573]: PAM service(sshd) ignoring max retries; 6 > 3
Jan  4 00:50:08 LabSZ sshd[11575]: Failed password for root from 218.87.109.156 port 65418 ssh2
Jan  4 00:50:09 LabSZ sshd[11577]: pam_unix(sshd:auth): authentication failure; logname= uid=0 euid=0 tty=ssh ruser= rhost=59.63.188.30  user=root
Jan  4 00:50:11 LabSZ sshd[11577]: Failed password for root from 59.63.188.30 port 28228 ssh2
Jan  4 00:50:21 LabSZ sshd[11575]: message repeated 5 times: [ Failed password for root from 218.87.109.156 port 65418 ssh2]
Jan  4 00:50:21 LabSZ sshd[11575]: Disconnecting: Too many authentication failures for root [preauth]
Jan  4 00:50:21 LabSZ sshd[11575]: PAM 5 more authentication failures; logname= uid=0 euid=0 tty=ssh ruser= rhost=218.87.109.156  user=root
Jan  4 00:50:21 LabSZ sshd[11575]: PAM service(sshd) ignoring max retries; 6 > 3
Jan  4 00:50:22 LabSZ sshd[11579]: pam_unix(sshd:auth): authentication failure; logname= uid=0 euid=0 tty=ssh ruser= rhost=218.87.109.156  user=root
Jan  4 00:50:23 LabSZ sshd[11577]: message repeated 5 times: [ Failed password for root from 59.63.188.30 port 28228 ssh2]
Jan  4 00:50:23 LabSZ sshd[11577]: Disconnecting: Too many authentication failures for root [preauth]
Jan  4 00:50:23 LabSZ sshd[11577]: PAM 5 more authentication failures; logname= uid=0 euid=0 tty=ssh ruser= rhost=59.63.188.30  user=root
Jan  4 00:50:23 LabSZ sshd[11577]: PAM service(sshd) ignoring max retries; 6 > 3
Jan  4 00:50:24 LabSZ sshd[11581]: pam_unix(sshd:auth): authentication failure; logname= uid=0 euid=0 tty=ssh ruser= rhost=59.63.188.30  user=root
Jan  4 00:50:24 LabSZ sshd[11579]: Failed password for root from 218.87.109.156 port 38688 ssh2
Jan  4 00:50:27 LabSZ sshd[11581]: Failed password for root from 59.63.188.30 port 46398 ssh2
Jan  4 00:50:36 LabSZ sshd[11579]: message repeated 5 times: [ Failed password for root from 218.87.109.156 port 38688 ssh2]
Jan  4 00:50:36 LabSZ sshd[11579]: Disconnecting: Too many authentication failures for root [preauth]
Jan  4 00:50:36 LabSZ sshd[11579]: PAM 5 more authentication failures; logname= uid=0 euid=0 tty=ssh ruser= rhost=218.87.109.156  user=root
Jan  4 00:50:36 LabSZ sshd[11579]: PAM service(sshd) ignoring max retries; 6 > 3
Jan  4 00:50:38 LabSZ sshd[11583]: pam_unix(sshd:auth): authentication failure; logname= uid=0 euid=0 tty=ssh ruser= rhost=218.87.109.156  user=root
Jan  4 00:50:39 LabSZ sshd[11581]: message repeated 5 times: [ Failed password for root from 59.63.188.30 port 46398 ssh2]
Jan  4 00:50:39 LabSZ sshd[11581]: Disconnecting: Too many authentication failures for root [preauth]
Jan  4 00:50:39 LabSZ sshd[11581]: PAM 5 more authentication failures; logname= uid=0 euid=0 tty=ssh ruser= rhost=59.63.188.30  user=root
Jan  4 00:50:39 LabSZ sshd[11581]: PAM service(sshd) ignoring max retries; 6 > 3
Jan  4 00:50:40 LabSZ sshd[11583]: Failed password for root from 218.87.109.156 port 10960 ssh2
Jan  4 00:50:40 LabSZ sshd[11585]: pam_unix(sshd:auth): authentication failure; logname= uid=0 euid=0 tty=ssh ruser= rhost=59.63.188.30  user=root
Jan  4 00:50:42 LabSZ sshd[11585]: Failed password for root from 59.63.188.30 port 64162 ssh2
Jan  4 00:50:52 LabSZ sshd[11583]: message repeated 5 times: [ Failed password for root from 218.87.109.156 port 10960 ssh2]
Jan  4 00:50:52 LabSZ sshd[11583]: Disconnecting: Too many authentication failures for root [preauth]
Jan  4 00:50:52 LabSZ sshd[11583]: PAM 5 more authentication failures; logname= uid=0 euid=0 tty=ssh ruser= rhost=218.87.109.156  user=root
Jan  4 00:50:52 LabSZ sshd[11583]: PAM service(sshd) ignoring max retries; 6 > 3
Jan  4 00:50:54 LabSZ sshd[11587]: pam_unix(sshd:auth): authentication failure; logname= uid=0 euid=0 tty=ssh ruser= rhost=218.87.109.156  user=root
Jan  4 00:50:56 LabSZ sshd[11585]: message repeated 5 times: [ Failed password for root from 59.63.188.30 port 64162 ssh2]
Jan  4 00:50:56 LabSZ sshd[11585]: Disconnecting: Too many authentication failures for root [preauth]
Jan  4 00:50:56 LabSZ sshd[11585]: PAM 5 more authentication failures; logname= uid=0 euid=0 tty=ssh ruser= rhost=59.63.188.30  user=root
Jan  4 00:50:56 LabSZ sshd[11585]: PAM service(sshd) ignoring max retries; 6 > 3
Jan  4 00:50:56 LabSZ sshd[11587]: Failed password for root from 218.87.109.156 port 48776 ssh2
Jan  4 00:50:57 LabSZ sshd[11589]: pam_unix(sshd:auth): authentication failure; logname= uid=0 euid=0 tty=ssh ruser= rhost=59.63.188.30  user=root
Jan  4 00:50:59 LabSZ sshd[11589]: Failed password for root from 59.63.188.30 port 19041 ssh2
Jan  4 00:51:00 LabSZ sshd[11591]: Did not receive identification string from 103.207.36.21
Jan  4 00:51:04 LabSZ sshd[11592]: Invalid user support from 103.207.36.21
Jan  4 00:51:04 LabSZ sshd[11592]: input_userauth_request: invalid user support [preauth]
Jan  4 00:51:04 LabSZ sshd[11592]: pam_unix(sshd:auth): check pass; user unknown
Jan  4 00:51:04 LabSZ sshd[11592]: pam_unix(sshd:auth): authentication failure; logname= uid=0 euid=0 tty=ssh ruser= rhost=103.207.36.21 
Jan  4 00:51:07 LabSZ sshd[11592]: Failed password for invalid user support from 103.207.36.21 port 52349 ssh2
Jan  4 00:51:07 LabSZ sshd[11592]: error: Received disconnect from 103.207.36.21: 3: com.jcraft.jsch.JSchException: Auth fail [preauth]
Jan  4 00:51:09 LabSZ sshd[11587]: message repeated 5 times: [ Failed password for root from 218.87.109.156 port 48776 ssh2]
Jan  4 00:51:09 LabSZ sshd[11587]: Disconnecting: Too many authentication failures for root [preauth]
Jan  4 00:51:09 LabSZ sshd[11587]: PAM 5 more authentication failures; logname= uid=0 euid=0 tty=ssh ruser= rhost=218.87.109.156  user=root
Jan  4 00:51:09 LabSZ sshd[11587]: PAM service(sshd) ignoring max retries; 6 > 3
Jan  4 00:51:11 LabSZ sshd[11594]: pam_unix(sshd:auth): authentication failure; logname= uid=0 euid=0 tty=ssh ruser= rhost=218.87.109.156  user=root
Jan  4 00:51:12 LabSZ sshd[11589]: message repeated 5 times: [ Failed password for root from 59.63.188.30 port 19041 ssh2]
Jan  4 00:51:12 LabSZ sshd[11589]: Disconnecting: Too many authentication failures for root [preauth]
Jan  4 00:51:12 LabSZ sshd[11589]: PAM 5 more authentication failures; logname= uid=0 euid=0 tty=ssh ruser= rhost=59.63.188.30  user=root
Jan  4 00:51:12 LabSZ sshd[11589]: PAM service(sshd) ignoring max retries; 6 > 3
Jan  4 00:51:13 LabSZ sshd[11594]: Failed password for root from 218.87.109.156 port 24408 ssh2
Jan  4 00:51:13 LabSZ sshd[11596]: pam_unix(sshd:auth): authentication failure; logname= uid=0 euid=0 tty=ssh ruser= rhost=59.63.188.30  user=root
Jan  4 00:51:15 LabSZ sshd[11596]: Failed password for root from 59.63.188.30 port 37523 ssh2
Jan  4 00:51:26 LabSZ sshd[11594]: message repeated 5 times: [ Failed password for root from 218.87.109.156 port 24408 ssh2]
Jan  4 00:51:26 LabSZ sshd[11594]: Disconnecting: Too many authentication failures for root [preauth]
Jan  4 00:51:26 LabSZ sshd[11594]: PAM 5 more authentication failures; logname= uid=0 euid=0 tty=ssh ruser= rhost=218.87.109.156  user=root
Jan  4 00:51:26 LabSZ sshd[11594]: PAM service(sshd) ignoring max retries; 6 > 3
Jan  4 00:51:27 LabSZ sshd[11598]: pam_unix(sshd:auth): authentication failure; logname= uid=0 euid=0 tty=ssh ruser= rhost=218.87.109.156  user=root
Jan  4 00:51:28 LabSZ sshd[11596]: message repeated 5 times: [ Failed password for root from 59.63.188.30 port 37523 ssh2]
Jan  4 00:51:28 LabSZ sshd[11596]: Disconnecting: Too many authentication failures for root [preauth]
Jan  4 00:51:28 LabSZ sshd[11596]: PAM 5 more authentication failures; logname= uid=0 euid=0 tty=ssh ruser= rhost=59.63.188.30  user=root
Jan  4 00:51:28 LabSZ sshd[11596]: PAM service(sshd) ignoring max retries; 6 > 3
Jan  4 00:51:29 LabSZ sshd[11598]: Failed password for root from 218.87.109.156 port 62506 ssh2
Jan  4 00:51:29 LabSZ sshd[11600]: pam_unix(sshd:auth): authentication failure; logname= uid=0 euid=0 tty=ssh ruser= rhost=59.63.188.30  user=root
Jan  4 00:51:31 LabSZ sshd[11600]: Failed password for root from 59.63.188.30 port 55314 ssh2
Jan  4 00:51:43 LabSZ sshd[11598]: message repeated 5 times: [ Failed password for root from 218.87.109.156 port 62506 ssh2]
Jan  4 00:51:43 LabSZ sshd[11598]: Disconnecting: Too many authentication failures for root [preauth]
Jan  4 00:51:43 LabSZ sshd[11598]: PAM 5 more authentication failures; logname= uid=0 euid=0 tty=ssh ruser= rhost=218.87.109.156  user=root
Jan  4 00:51:43 LabSZ sshd[11598]: PAM service(sshd) ignoring max retries; 6 > 3
Jan  4 00:51:44 LabSZ sshd[11600]: message repeated 5 times: [ Failed password for root from 59.63.188.30 port 55314 ssh2]
Jan  4 00:51:44 LabSZ sshd[11600]: Disconnecting: Too many authentication failures for root [preauth]
Jan  4 00:51:44 LabSZ sshd[11600]: PAM 5 more authentication failures; logname= uid=0 euid=0 tty=ssh ruser= rhost=59.63.188.30  user=root
Jan  4 00:51:44 LabSZ sshd[11600]: PAM service(sshd) ignoring max retries; 6 > 3
Jan  4 00:51:44 LabSZ sshd[11602]: pam_unix(sshd:auth): authentication failure; logname= uid=0 euid=0 tty=ssh ruser= rhost=218.87.109.156  user=root
Jan  4 00:51:46 LabSZ sshd[11604]: pam_unix(sshd:auth): authentication failure; logname= uid=0 euid=0 tty=ssh ruser= rhost=59.63.188.30  user=root
Jan  4 00:51:46 LabSZ sshd[11602]: Failed password for root from 218.87.109.156 port 39424 ssh2
Jan  4 00:51:48 LabSZ sshd[11604]: Failed password for root from 59.63.188.30 port 8944 ssh2
Jan  4 00:51:59 LabSZ sshd[11602]: message repeated 5 times: [ Failed password for root from 218.87.109.156 port 39424 ssh2]
Jan  4 00:51:59 LabSZ sshd[11602]: Disconnecting: Too many authentication failures for root [preauth]
Jan  4 00:51:59 LabSZ sshd[11602]: PAM 5 more authentication failures; logname= uid=0 euid=0 tty=ssh ruser= rhost=218.87.109.156  user=root
Jan  4 00:51:59 LabSZ sshd[11602]: PAM service(sshd) ignoring max retries; 6 > 3
Jan  4 00:52:00 LabSZ sshd[11606]: pam_unix(sshd:auth): authentication failure; logname= uid=0 euid=0 tty=ssh ruser= rhost=218.87.109.156  user=root
Jan  4 00:52:02 LabSZ sshd[11604]: message repeated 5 times: [ Failed password for root from 59.63.188.30 port 8944 ssh2]
Jan  4 00:52:02 LabSZ sshd[11604]: Disconnecting: Too many authentication failures for root [preauth]
Jan  4 00:52:02 LabSZ sshd[11604]: PAM 5 more authentication failures; logname= uid=0 euid=0 tty=ssh ruser= rhost=59.63.188.30  user=root
Jan  4 00:52:02 LabSZ sshd[11604]: PAM service(sshd) ignoring max retries; 6 > 3
Jan  4 00:52:03 LabSZ sshd[11606]: Failed password for root from 218.87.109.156 port 12102 ssh2
Jan  4 00:52:04 LabSZ sshd[11608]: pam_unix(sshd:auth): authentication failure; logname= uid=0 euid=0 tty=ssh ruser= rhost=59.63.188.30  user=root
