Jan  4 18:19:04 LabSZ sshd[4784]: PAM service(sshd) ignoring max retries; 6 > 3
Jan  4 18:19:05 LabSZ sshd[4788]: pam_unix(sshd:auth): authentication failure; logname= uid=0 euid=0 tty=ssh ruser= rhost=59.63.188.30  user=root
Jan  4 18:19:05 LabSZ sshd[4773]: pam_unix(sshd:auth): check pass; user unknown
Jan  4 18:19:07 LabSZ sshd[4788]: Failed password for root from 59.63.188.30 port 3012 ssh2
Jan  4 18:19:07 LabSZ sshd[4773]: Failed password for invalid user admin from 185.222.209.151 port 48494 ssh2
Jan  4 18:19:12 LabSZ sshd[4786]: message repeated 5 times: [ Failed password for root from 59.63.188.30 port 57844 ssh2]
Jan  4 18:19:12 LabSZ sshd[4786]: Disconnecting: Too many authentication failures for root [preauth]
Jan  4 18:19:12 LabSZ sshd[4786]: PAM 5 more authentication failures; logname= uid=0 euid=0 tty=ssh ruser= rhost=59.63.188.30  user=root
Jan  4 18:19:12 LabSZ sshd[4786]: PAM service(sshd) ignoring max retries; 6 > 3
Jan  4 18:19:14 LabSZ sshd[4790]: pam_unix(sshd:auth): authentication failure; logname= uid=0 euid=0 tty=ssh ruser= rhost=59.63.188.30  user=root
Jan  4 18:19:16 LabSZ sshd[4790]: Failed password for root from 59.63.188.30 port 12859 ssh2
Jan  4 18:19:18 LabSZ sshd[4788]: message repeated 5 times: [ Failed password for root from 59.63.188.30 port 3012 ssh2]
Jan  4 18:19:18 LabSZ sshd[4788]: Disconnecting: Too many authentication failures for root [preauth]
Jan  4 18:19:18 LabSZ sshd[4773]: pam_unix(sshd:auth): check pass; user unknown
Jan  4 18:19:18 LabSZ sshd[4788]: PAM 5 more authentication failures; logname= uid=0 euid=0 tty=ssh ruser= rhost=59.63.188.30  user=root
Jan  4 18:19:18 LabSZ sshd[4788]: PAM service(sshd) ignoring max retries; 6 > 3
Jan  4 18:19:19 LabSZ sshd[4792]: pam_unix(sshd:auth): authentication failure; logname= uid=0 euid=0 tty=ssh ruser= rhost=59.63.188.30  user=root
Jan  4 18:19:20 LabSZ sshd[4773]: Failed password for invalid user admin from 185.222.209.151 port 48494 ssh2
Jan  4 18:19:21 LabSZ sshd[4792]: Failed password for root from 59.63.188.30 port 19262 ssh2
Jan  4 18:19:27 LabSZ sshd[4790]: message repeated 5 times: [ Failed password for root from 59.63.188.30 port 12859 ssh2]
Jan  4 18:19:27 LabSZ sshd[4790]: Disconnecting: Too many authentication failures for root [preauth]
Jan  4 18:19:27 LabSZ sshd[4790]: PAM 5 more authentication failures; logname= uid=0 euid=0 tty=ssh ruser= rhost=59.63.188.30  user=root
Jan  4 18:19:27 LabSZ sshd[4790]: PAM service(sshd) ignoring max retries; 6 > 3
Jan  4 18:19:28 LabSZ sshd[4794]: pam_unix(sshd:auth): authentication failure; logname= uid=0 euid=0 tty=ssh ruser= rhost=59.63.188.30  user=root
Jan  4 18:19:29 LabSZ sshd[4773]: Connection closed by 185.222.209.151 [preauth]
Jan  4 18:19:29 LabSZ sshd[4773]: PAM 4 more authentication failures; logname= uid=0 euid=0 tty=ssh ruser= rhost=185.222.209.151 
Jan  4 18:19:29 LabSZ sshd[4773]: PAM service(sshd) ignoring max retries; 5 > 3
Jan  4 18:19:30 LabSZ sshd[4794]: Failed password for root from 59.63.188.30 port 30243 ssh2
Jan  4 18:19:32 LabSZ sshd[4792]: message repeated 5 times: [ Failed password for root from 59.63.188.30 port 19262 ssh2]
Jan  4 18:19:32 LabSZ sshd[4792]: Disconnecting: Too many authentication failures for root [preauth]
Jan  4 18:19:32 LabSZ sshd[4792]: PAM 5 more authentication failures; logname= uid=0 euid=0 tty=ssh ruser= rhost=59.63.188.30  user=root
Jan  4 18:19:32 LabSZ sshd[4792]: PAM service(sshd) ignoring max retries; 6 > 3
Jan  4 18:19:33 LabSZ sshd[4797]: pam_unix(sshd:auth): authentication failure; logname= uid=0 euid=0 tty=ssh ruser= rhost=59.63.188.30  user=root
Jan  4 18:19:34 LabSZ sshd[4797]: Failed password for root from 59.63.188.30 port 36107 ssh2
Jan  4 18:19:42 LabSZ sshd[4794]: message repeated 5 times: [ Failed password for root from 59.63.188.30 port 30243 ssh2]
Jan  4 18:19:42 LabSZ sshd[4794]: Disconnecting: Too many authentication failures for root [preauth]
Jan  4 18:19:42 LabSZ sshd[4794]: PAM 5 more authentication failures; logname= uid=0 euid=0 tty=ssh ruser= rhost=59.63.188.30  user=root
Jan  4 18:19:42 LabSZ sshd[4794]: PAM service(sshd) ignoring max retries; 6 > 3
Jan  4 18:19:43 LabSZ sshd[4799]: pam_unix(sshd:auth): authentication failure; logname= uid=0 euid=0 tty=ssh ruser= rhost=59.63.188.30  user=root
Jan  4 18:19:45 LabSZ sshd[4799]: Failed password for root from 59.63.188.30 port 48102 ssh2
Jan  4 18:19:47 LabSZ sshd[4797]: message repeated 5 times: [ Failed password for root from 59.63.188.30 port 36107 ssh2]
Jan  4 18:19:47 LabSZ sshd[4797]: Disconnecting: Too many authentication failures for root [preauth]
Jan  4 18:19:47 LabSZ sshd[4797]: PAM 5 more authentication failures; logname= uid=0 euid=0 tty=ssh ruser= rhost=59.63.188.30  user=root
Jan  4 18:19:47 LabSZ sshd[4797]: PAM service(sshd) ignoring max retries; 6 > 3
Jan  4 18:19:48 LabSZ sshd[4801]: pam_unix(sshd:auth): authentication failure; logname= uid=0 euid=0 tty=ssh ruser= rhost=59.63.188.30  user=root
Jan  4 18:19:50 LabSZ sshd[4801]: Failed password for root from 59.63.188.30 port 53896 ssh2
Jan  4 18:19:58 LabSZ sshd[4799]: message repeated 5 times: [ Failed password for root from 59.63.188.30 port 48102 ssh2]
Jan  4 18:19:58 LabSZ sshd[4799]: Disconnecting: Too many authentication failures for root [preauth]
Jan  4 18:19:58 LabSZ sshd[4799]: PAM 5 more authentication failures; logname= uid=0 euid=0 tty=ssh ruser= rhost=59.63.188.30  user=root
Jan  4 18:19:58 LabSZ sshd[4799]: PAM service(sshd) ignoring max retries; 6 > 3
Jan  4 18:19:59 LabSZ sshd[4804]: pam_unix(sshd:auth): authentication failure; logname= uid=0 euid=0 tty=ssh ruser= rhost=59.63.188.30  user=root
Jan  4 18:20:01 LabSZ sshd[4804]: Failed password for root from 59.63.188.30 port 2715 ssh2
Jan  4 18:20:02 LabSZ sshd[4801]: message repeated 5 times: [ Failed password for root from 59.63.188.30 port 53896 ssh2]
Jan  4 18:20:02 LabSZ sshd[4801]: Disconnecting: Too many authentication failures for root [preauth]
Jan  4 18:20:02 LabSZ sshd[4801]: PAM 5 more authentication failures; logname= uid=0 euid=0 tty=ssh ruser= rhost=59.63.188.30  user=root
Jan  4 18:20:02 LabSZ sshd[4801]: PAM service(sshd) ignoring max retries; 6 > 3
Jan  4 18:20:03 LabSZ sshd[4806]: pam_unix(sshd:auth): authentication failure; logname= uid=0 euid=0 tty=ssh ruser= rhost=59.63.188.30  user=root
Jan  4 18:20:04 LabSZ sshd[4806]: Failed password for root from 59.63.188.30 port 7440 ssh2
Jan  4 18:20:09 LabSZ sshd[4796]: Invalid user admin from 185.222.209.151
Jan  4 18:20:09 LabSZ sshd[4796]: input_userauth_request: invalid user admin [preauth]
Jan  4 18:20:09 LabSZ sshd[4796]: pam_unix(sshd:auth): check pass; user unknown
Jan  4 18:20:09 LabSZ sshd[4796]: pam_unix(sshd:auth): authentication failure; logname= uid=0 euid=0 tty=ssh ruser= rhost=185.222.209.151 
Jan  4 18:20:11 LabSZ sshd[4796]: Failed password for invalid user admin from 185.222.209.151 port 52573 ssh2
Jan  4 18:20:12 LabSZ sshd[4804]: message repeated 5 times: [ Failed password for root from 59.63.188.30 port 2715 ssh2]
Jan  4 18:20:12 LabSZ sshd[4804]: Disconnecting: Too many authentication failures for root [preauth]
Jan  4 18:20:12 LabSZ sshd[4804]: PAM 5 more authentication failures; logname= uid=0 euid=0 tty=ssh ruser= rhost=59.63.188.30  user=root
Jan  4 18:20:12 LabSZ sshd[4804]: PAM service(sshd) ignoring max retries; 6 > 3
Jan  4 18:20:14 LabSZ sshd[4808]: pam_unix(sshd:auth): authentication failure; logname= uid=0 euid=0 tty=ssh ruser= rhost=59.63.188.30  user=root
Jan  4 18:20:16 LabSZ sshd[4808]: Failed password for root from 59.63.188.30 port 20669 ssh2
Jan  4 18:20:17 LabSZ sshd[4806]: message repeated 5 times: [ Failed password for root from 59.63.188.30 port 7440 ssh2]
Jan  4 18:20:17 LabSZ sshd[4806]: Disconnecting: Too many authentication failures for root [preauth]
Jan  4 18:20:17 LabSZ sshd[4806]: PAM 5 more authentication failures; logname= uid=0 euid=0 tty=ssh ruser= rhost=59.63.188.30  user=root
Jan  4 18:20:17 LabSZ sshd[4806]: PAM service(sshd) ignoring max retries; 6 > 3
Jan  4 18:20:17 LabSZ sshd[4796]: pam_unix(sshd:auth): check pass; user unknown
Jan  4 18:20:18 LabSZ sshd[4810]: pam_unix(sshd:auth): authentication failure; logname= uid=0 euid=0 tty=ssh ruser= rhost=59.63.188.30  user=root
Jan  4 18:20:19 LabSZ sshd[4796]: Failed password for invalid user admin from 185.222.209.151 port 52573 ssh2
Jan  4 18:20:20 LabSZ sshd[4810]: Failed password for root from 59.63.188.30 port 24852 ssh2
Jan  4 18:20:25 LabSZ sshd[4796]: pam_unix(sshd:auth): check pass; user unknown
Jan  4 18:20:27 LabSZ sshd[4796]: Failed password for invalid user admin from 185.222.209.151 port 52573 ssh2
Jan  4 18:20:29 LabSZ sshd[4808]: message repeated 5 times: [ Failed password for root from 59.63.188.30 port 20669 ssh2]
Jan  4 18:20:29 LabSZ sshd[4808]: Disconnecting: Too many authentication failures for root [preauth]
Jan  4 18:20:29 LabSZ sshd[4808]: PAM 5 more authentication failures; logname= uid=0 euid=0 tty=ssh ruser= rhost=59.63.188.30  user=root
Jan  4 18:20:29 LabSZ sshd[4808]: PAM service(sshd) ignoring max retries; 6 > 3
Jan  4 18:20:30 LabSZ sshd[4812]: pam_unix(sshd:auth): authentication failure; logname= uid=0 euid=0 tty=ssh ruser= rhost=59.63.188.30  user=root
Jan  4 18:20:32 LabSZ sshd[4812]: Failed password for root from 59.63.188.30 port 39731 ssh2
Jan  4 18:20:32 LabSZ sshd[4810]: message repeated 5 times: [ Failed password for root from 59.63.188.30 port 24852 ssh2]
Jan  4 18:20:32 LabSZ sshd[4810]: Disconnecting: Too many authentication failures for root [preauth]
Jan  4 18:20:32 LabSZ sshd[4810]: PAM 5 more authentication failures; logname= uid=0 euid=0 tty=ssh ruser= rhost=59.63.188.30  user=root
Jan  4 18:20:32 LabSZ sshd[4810]: PAM service(sshd) ignoring max retries; 6 > 3
Jan  4 18:20:33 LabSZ sshd[4796]: pam_unix(sshd:auth): check pass; user unknown
Jan  4 18:20:34 LabSZ sshd[4814]: pam_unix(sshd:auth): authentication failure; logname= uid=0 euid=0 tty=ssh ruser= rhost=59.63.188.30  user=root
Jan  4 18:20:35 LabSZ sshd[4796]: Failed password for invalid user admin from 185.222.209.151 port 52573 ssh2
Jan  4 18:20:35 LabSZ sshd[4814]: Failed password for root from 59.63.188.30 port 43704 ssh2
Jan  4 18:20:41 LabSZ sshd[4796]: pam_unix(sshd:auth): check pass; user unknown
Jan  4 18:20:43 LabSZ sshd[4796]: Failed password for invalid user admin from 185.222.209.151 port 52573 ssh2
Jan  4 18:20:45 LabSZ sshd[4812]: message repeated 5 times: [ Failed password for root from 59.63.188.30 port 39731 ssh2]
Jan  4 18:20:45 LabSZ sshd[4812]: Disconnecting: Too many authentication failures for root [preauth]
Jan  4 18:20:45 LabSZ sshd[4812]: PAM 5 more authentication failures; logname= uid=0 euid=0 tty=ssh ruser= rhost=59.63.188.30  user=root
Jan  4 18:20:45 LabSZ sshd[4812]: PAM service(sshd) ignoring max retries; 6 > 3
Jan  4 18:20:46 LabSZ sshd[4816]: pam_unix(sshd:auth): authentication failure; logname= uid=0 euid=0 tty=ssh ruser= rhost=59.63.188.30  user=root
