Dec 17 09:39:47 LabSZ sshd[31411]: Failed password for root from 183.129.170.130 port 45395 ssh2
Dec 17 09:39:47 LabSZ sshd[31411]: Connection closed by 183.129.170.130 [preauth]
Dec 17 09:39:47 LabSZ sshd[31415]: pam_unix(sshd:auth): authentication failure; logname= uid=0 euid=0 tty=ssh ruser= rhost=183.129.170.130  user=root
Dec 17 09:39:48 LabSZ sshd[31413]: Failed password for invalid user PlcmSpIp from 103.207.39.38 port 52323 ssh2
Dec 17 09:39:48 LabSZ sshd[31413]: Received disconnect from 103.207.39.38: 11: Closed due to user request. [preauth]
Dec 17 09:39:49 LabSZ sshd[31415]: Failed password for root from 183.129.170.130 port 45490 ssh2
Dec 17 09:39:49 LabSZ sshd[31415]: Connection closed by 183.129.170.130 [preauth]
Dec 17 09:39:49 LabSZ sshd[31419]: pam_unix(sshd:auth): authentication failure; logname= uid=0 euid=0 tty=ssh ruser= rhost=183.129.170.130  user=root
Dec 17 09:39:49 LabSZ sshd[31417]: Invalid user default from 103.207.39.38
Dec 17 09:39:49 LabSZ sshd[31417]: input_userauth_request: invalid user default [preauth]
Dec 17 09:39:49 LabSZ sshd[31417]: pam_unix(sshd:auth): check pass; user unknown
Dec 17 09:39:49 LabSZ sshd[31417]: pam_unix(sshd:auth): authentication failure; logname= uid=0 euid=0 tty=ssh ruser= rhost=103.207.39.38 
Dec 17 09:39:51 LabSZ sshd[31419]: Failed password for root from 183.129.170.130 port 45593 ssh2
Dec 17 09:39:51 LabSZ sshd[31419]: Connection closed by 183.129.170.130 [preauth]
Dec 17 09:39:51 LabSZ sshd[31421]: pam_unix(sshd:auth): authentication failure; logname= uid=0 euid=0 tty=ssh ruser= rhost=183.129.170.130  user=root
Dec 17 09:39:51 LabSZ sshd[31417]: Failed password for invalid user default from 103.207.39.38 port 53500 ssh2
Dec 17 09:39:51 LabSZ sshd[31417]: Received disconnect from 103.207.39.38: 11: Closed due to user request. [preauth]
Dec 17 09:39:54 LabSZ sshd[31421]: Failed password for root from 183.129.170.130 port 45697 ssh2
Dec 17 09:39:54 LabSZ sshd[31421]: Connection closed by 183.129.170.130 [preauth]
Dec 17 09:39:54 LabSZ sshd[31425]: pam_unix(sshd:auth): authentication failure; logname= uid=0 euid=0 tty=ssh ruser= rhost=183.129.170.130  user=root
Dec 17 09:39:55 LabSZ sshd[31423]: Invalid user www from 103.207.39.38
Dec 17 09:39:55 LabSZ sshd[31423]: input_userauth_request: invalid user www [preauth]
Dec 17 09:39:55 LabSZ sshd[31423]: pam_unix(sshd:auth): check pass; user unknown
Dec 17 09:39:55 LabSZ sshd[31423]: pam_unix(sshd:auth): authentication failure; logname= uid=0 euid=0 tty=ssh ruser= rhost=103.207.39.38 
Dec 17 09:39:56 LabSZ sshd[31425]: Failed password for root from 183.129.170.130 port 45806 ssh2
Dec 17 09:39:56 LabSZ sshd[31425]: Connection closed by 183.129.170.130 [preauth]
Dec 17 09:39:56 LabSZ sshd[31427]: pam_unix(sshd:auth): authentication failure; logname= uid=0 euid=0 tty=ssh ruser= rhost=183.129.170.130  user=root
Dec 17 09:39:57 LabSZ sshd[31423]: Failed password for invalid user www from 103.207.39.38 port 55919 ssh2
Dec 17 09:39:57 LabSZ sshd[31423]: Received disconnect from 103.207.39.38: 11: Closed due to user request. [preauth]
Dec 17 09:39:58 LabSZ sshd[31429]: Invalid user test from 103.207.39.38
Dec 17 09:39:58 LabSZ sshd[31429]: input_userauth_request: invalid user test [preauth]
Dec 17 09:39:58 LabSZ sshd[31429]: pam_unix(sshd:auth): check pass; user unknown
Dec 17 09:39:58 LabSZ sshd[31429]: pam_unix(sshd:auth): authentication failure; logname= uid=0 euid=0 tty=ssh ruser= rhost=103.207.39.38 
Dec 17 09:39:59 LabSZ sshd[31427]: Failed password for root from 183.129.170.130 port 45913 ssh2
Dec 17 09:39:59 LabSZ sshd[31427]: Connection closed by 183.129.170.130 [preauth]
Dec 17 09:39:59 LabSZ sshd[31431]: pam_unix(sshd:auth): authentication failure; logname= uid=0 euid=0 tty=ssh ruser= rhost=183.129.170.130  user=root
Dec 17 09:40:00 LabSZ sshd[31429]: Failed password for invalid user test from 103.207.39.38 port 57464 ssh2
Dec 17 09:40:01 LabSZ sshd[31429]: Received disconnect from 103.207.39.38: 11: Closed due to user request. [preauth]
Dec 17 09:40:01 LabSZ sshd[31431]: Failed password for root from 183.129.170.130 port 46012 ssh2
Dec 17 09:40:01 LabSZ sshd[31431]: Connection closed by 183.129.170.130 [preauth]
Dec 17 09:40:01 LabSZ sshd[31433]: Invalid user ftpuser from 103.207.39.38
Dec 17 09:40:01 LabSZ sshd[31433]: input_userauth_request: invalid user ftpuser [preauth]
Dec 17 09:40:01 LabSZ sshd[31433]: pam_unix(sshd:auth): check pass; user unknown
Dec 17 09:40:01 LabSZ sshd[31433]: pam_unix(sshd:auth): authentication failure; logname= uid=0 euid=0 tty=ssh ruser= rhost=103.207.39.38 
Dec 17 09:40:01 LabSZ sshd[31435]: pam_unix(sshd:auth): authentication failure; logname= uid=0 euid=0 tty=ssh ruser= rhost=183.129.170.130  user=root
Dec 17 09:40:03 LabSZ sshd[31433]: Failed password for invalid user ftpuser from 103.207.39.38 port 59082 ssh2
Dec 17 09:40:03 LabSZ sshd[31433]: Received disconnect from 103.207.39.38: 11: Closed due to user request. [preauth]
Dec 17 09:40:03 LabSZ sshd[31435]: Failed password for root from 183.129.170.130 port 46122 ssh2
Dec 17 09:40:03 LabSZ sshd[31435]: Connection closed by 183.129.170.130 [preauth]
Dec 17 09:40:03 LabSZ sshd[31437]: pam_unix(sshd:auth): authentication failure; logname= uid=0 euid=0 tty=ssh ruser= rhost=183.129.170.130  user=root
Dec 17 09:40:05 LabSZ sshd[31439]: Invalid user adam from 103.207.39.38
Dec 17 09:40:05 LabSZ sshd[31439]: input_userauth_request: invalid user adam [preauth]
Dec 17 09:40:06 LabSZ sshd[31437]: Failed password for root from 183.129.170.130 port 46218 ssh2
Dec 17 09:40:06 LabSZ sshd[31437]: Connection closed by 183.129.170.130 [preauth]
Dec 17 09:40:06 LabSZ sshd[31441]: pam_unix(sshd:auth): authentication failure; logname= uid=0 euid=0 tty=ssh ruser= rhost=183.129.170.130  user=root
Dec 17 09:40:07 LabSZ sshd[31439]: pam_unix(sshd:auth): check pass; user unknown
Dec 17 09:40:07 LabSZ sshd[31439]: pam_unix(sshd:auth): authentication failure; logname= uid=0 euid=0 tty=ssh ruser= rhost=103.207.39.38 
Dec 17 09:40:08 LabSZ sshd[31441]: Failed password for root from 183.129.170.130 port 46326 ssh2
Dec 17 09:40:08 LabSZ sshd[31441]: Connection closed by 183.129.170.130 [preauth]
Dec 17 09:40:09 LabSZ sshd[31443]: pam_unix(sshd:auth): authentication failure; logname= uid=0 euid=0 tty=ssh ruser= rhost=183.129.170.130  user=root
Dec 17 09:40:09 LabSZ sshd[31439]: Failed password for invalid user adam from 103.207.39.38 port 60327 ssh2
Dec 17 09:40:09 LabSZ sshd[31439]: Received disconnect from 103.207.39.38: 11: Closed due to user request. [preauth]
Dec 17 09:40:10 LabSZ sshd[31443]: Failed password for root from 183.129.170.130 port 46426 ssh2
Dec 17 09:40:10 LabSZ sshd[31443]: Connection closed by 183.129.170.130 [preauth]
Dec 17 09:40:11 LabSZ sshd[31445]: Invalid user webmaster from 103.207.39.38
Dec 17 09:40:11 LabSZ sshd[31445]: input_userauth_request: invalid user webmaster [preauth]
Dec 17 09:40:11 LabSZ sshd[31447]: pam_unix(sshd:auth): authentication failure; logname= uid=0 euid=0 tty=ssh ruser= rhost=183.129.170.130  user=root
Dec 17 09:40:11 LabSZ sshd[31445]: pam_unix(sshd:auth): check pass; user unknown
Dec 17 09:40:11 LabSZ sshd[31445]: pam_unix(sshd:auth): authentication failure; logname= uid=0 euid=0 tty=ssh ruser= rhost=103.207.39.38 
Dec 17 09:40:13 LabSZ sshd[31447]: Failed password for root from 183.129.170.130 port 46519 ssh2
Dec 17 09:40:13 LabSZ sshd[31447]: Connection closed by 183.129.170.130 [preauth]
Dec 17 09:40:13 LabSZ sshd[31445]: Failed password for invalid user webmaster from 103.207.39.38 port 62750 ssh2
Dec 17 09:40:13 LabSZ sshd[31445]: Received disconnect from 103.207.39.38: 11: Closed due to user request. [preauth]
Dec 17 09:40:13 LabSZ sshd[31449]: pam_unix(sshd:auth): authentication failure; logname= uid=0 euid=0 tty=ssh ruser= rhost=183.129.170.130  user=root
Dec 17 09:40:15 LabSZ sshd[31449]: Failed password for root from 183.129.170.130 port 46630 ssh2
Dec 17 09:40:15 LabSZ sshd[31449]: Connection closed by 183.129.170.130 [preauth]
Dec 17 09:40:15 LabSZ sshd[31453]: pam_unix(sshd:auth): authentication failure; logname= uid=0 euid=0 tty=ssh ruser= rhost=183.129.170.130  user=root
Dec 17 09:40:18 LabSZ sshd[31453]: Failed password for root from 183.129.170.130 port 46713 ssh2
Dec 17 09:40:18 LabSZ sshd[31453]: Connection closed by 183.129.170.130 [preauth]
Dec 17 09:40:18 LabSZ sshd[31455]: pam_unix(sshd:auth): authentication failure; logname= uid=0 euid=0 tty=ssh ruser= rhost=183.129.170.130  user=root
Dec 17 09:40:19 LabSZ sshd[31451]: Invalid user demo from 103.207.39.38
Dec 17 09:40:19 LabSZ sshd[31451]: input_userauth_request: invalid user demo [preauth]
Dec 17 09:40:19 LabSZ sshd[31451]: pam_unix(sshd:auth): check pass; user unknown
Dec 17 09:40:19 LabSZ sshd[31451]: pam_unix(sshd:auth): authentication failure; logname= uid=0 euid=0 tty=ssh ruser= rhost=103.207.39.38 
Dec 17 09:40:20 LabSZ sshd[31455]: Failed password for root from 183.129.170.130 port 46817 ssh2
Dec 17 09:40:20 LabSZ sshd[31455]: Connection closed by 183.129.170.130 [preauth]
Dec 17 09:40:20 LabSZ sshd[31457]: pam_unix(sshd:auth): authentication failure; logname= uid=0 euid=0 tty=ssh ruser= rhost=183.129.170.130  user=root
Dec 17 09:40:21 LabSZ sshd[31451]: Failed password for invalid user demo from 103.207.39.38 port 64715 ssh2
Dec 17 09:40:21 LabSZ sshd[31451]: Received disconnect from 103.207.39.38: 11: Closed due to user request. [preauth]
Dec 17 09:40:22 LabSZ sshd[31459]: Invalid user test from 103.207.39.38
Dec 17 09:40:22 LabSZ sshd[31459]: input_userauth_request: invalid user test [preauth]
Dec 17 09:40:22 LabSZ sshd[31459]: pam_unix(sshd:auth): check pass; user unknown
Dec 17 09:40:22 LabSZ sshd[31459]: pam_unix(sshd:auth): authentication failure; logname= uid=0 euid=0 tty=ssh ruser= rhost=103.207.39.38 
Dec 17 09:40:22 LabSZ sshd[31457]: Failed password for root from 183.129.170.130 port 46917 ssh2
Dec 17 09:40:22 LabSZ sshd[31457]: Connection closed by 183.129.170.130 [preauth]
Dec 17 09:40:22 LabSZ sshd[31461]: pam_unix(sshd:auth): authentication failure; logname= uid=0 euid=0 tty=ssh ruser= rhost=183.129.170.130  user=root
Dec 17 09:40:24 LabSZ sshd[31459]: Failed password for invalid user test from 103.207.39.38 port 54630 ssh2
Dec 17 09:40:25 LabSZ sshd[31459]: Received disconnect from 103.207.39.38: 11: Closed due to user request. [preauth]
Dec 17 09:40:25 LabSZ sshd[31461]: Failed password for root from 183.129.170.130 port 47003 ssh2
Dec 17 09:40:25 LabSZ sshd[31461]: Connection closed by 183.129.170.130 [preauth]
