Jan  4 16:10:15 LabSZ sshd[2414]: pam_unix(sshd:auth): authentication failure; logname= uid=0 euid=0 tty=ssh ruser= rhost=218.65.30.123  user=root
Jan  4 16:10:17 LabSZ sshd[2414]: Failed password for root from 218.65.30.123 port 21162 ssh2
Jan  4 16:10:25 LabSZ sshd[2412]: message repeated 5 times: [ Failed password for root from 59.63.188.30 port 24849 ssh2]
Jan  4 16:10:25 LabSZ sshd[2412]: Disconnecting: Too many authentication failures for root [preauth]
Jan  4 16:10:25 LabSZ sshd[2412]: PAM 5 more authentication failures; logname= uid=0 euid=0 tty=ssh ruser= rhost=59.63.188.30  user=root
Jan  4 16:10:25 LabSZ sshd[2412]: PAM service(sshd) ignoring max retries; 6 > 3
Jan  4 16:10:27 LabSZ sshd[2418]: pam_unix(sshd:auth): authentication failure; logname= uid=0 euid=0 tty=ssh ruser= rhost=59.63.188.30  user=root
Jan  4 16:10:29 LabSZ sshd[2418]: Failed password for root from 59.63.188.30 port 44448 ssh2
Jan  4 16:10:30 LabSZ sshd[2414]: message repeated 5 times: [ Failed password for root from 218.65.30.123 port 21162 ssh2]
Jan  4 16:10:30 LabSZ sshd[2414]: Disconnecting: Too many authentication failures for root [preauth]
Jan  4 16:10:30 LabSZ sshd[2414]: PAM 5 more authentication failures; logname= uid=0 euid=0 tty=ssh ruser= rhost=218.65.30.123  user=root
Jan  4 16:10:30 LabSZ sshd[2414]: PAM service(sshd) ignoring max retries; 6 > 3
Jan  4 16:10:31 LabSZ sshd[2420]: reverse mapping checking getaddrinfo for 123.30.65.218.broad.xy.jx.dynamic.163data.com.cn [218.65.30.123] failed - POSSIBLE BREAK-IN ATTEMPT!
Jan  4 16:10:31 LabSZ sshd[2420]: pam_unix(sshd:auth): authentication failure; logname= uid=0 euid=0 tty=ssh ruser= rhost=218.65.30.123  user=root
Jan  4 16:10:34 LabSZ sshd[2420]: Failed password for root from 218.65.30.123 port 36684 ssh2
Jan  4 16:10:41 LabSZ sshd[2418]: message repeated 5 times: [ Failed password for root from 59.63.188.30 port 44448 ssh2]
Jan  4 16:10:41 LabSZ sshd[2418]: Disconnecting: Too many authentication failures for root [preauth]
Jan  4 16:10:41 LabSZ sshd[2418]: PAM 5 more authentication failures; logname= uid=0 euid=0 tty=ssh ruser= rhost=59.63.188.30  user=root
Jan  4 16:10:41 LabSZ sshd[2418]: PAM service(sshd) ignoring max retries; 6 > 3
Jan  4 16:10:43 LabSZ sshd[2422]: pam_unix(sshd:auth): authentication failure; logname= uid=0 euid=0 tty=ssh ruser= rhost=59.63.188.30  user=root
Jan  4 16:10:46 LabSZ sshd[2422]: Failed password for root from 59.63.188.30 port 64780 ssh2
Jan  4 16:10:46 LabSZ sshd[2420]: message repeated 5 times: [ Failed password for root from 218.65.30.123 port 36684 ssh2]
Jan  4 16:10:46 LabSZ sshd[2420]: Disconnecting: Too many authentication failures for root [preauth]
Jan  4 16:10:46 LabSZ sshd[2420]: PAM 5 more authentication failures; logname= uid=0 euid=0 tty=ssh ruser= rhost=218.65.30.123  user=root
Jan  4 16:10:46 LabSZ sshd[2420]: PAM service(sshd) ignoring max retries; 6 > 3
Jan  4 16:10:57 LabSZ sshd[2424]: reverse mapping checking getaddrinfo for 123.30.65.218.broad.xy.jx.dynamic.163data.com.cn [218.65.30.123] failed - POSSIBLE BREAK-IN ATTEMPT!
Jan  4 16:10:57 LabSZ sshd[2422]: message repeated 5 times: [ Failed password for root from 59.63.188.30 port 64780 ssh2]
Jan  4 16:10:57 LabSZ sshd[2422]: Disconnecting: Too many authentication failures for root [preauth]
Jan  4 16:10:57 LabSZ sshd[2422]: PAM 5 more authentication failures; logname= uid=0 euid=0 tty=ssh ruser= rhost=59.63.188.30  user=root
Jan  4 16:10:57 LabSZ sshd[2422]: PAM service(sshd) ignoring max retries; 6 > 3
Jan  4 16:10:57 LabSZ sshd[2424]: pam_unix(sshd:auth): authentication failure; logname= uid=0 euid=0 tty=ssh ruser= rhost=218.65.30.123  user=root
Jan  4 16:10:59 LabSZ sshd[2424]: Failed password for root from 218.65.30.123 port 61088 ssh2
Jan  4 16:10:59 LabSZ sshd[2426]: pam_unix(sshd:auth): authentication failure; logname= uid=0 euid=0 tty=ssh ruser= rhost=59.63.188.30  user=root
Jan  4 16:11:01 LabSZ sshd[2426]: Failed password for root from 59.63.188.30 port 19657 ssh2
Jan  4 16:11:11 LabSZ sshd[2424]: message repeated 5 times: [ Failed password for root from 218.65.30.123 port 61088 ssh2]
Jan  4 16:11:11 LabSZ sshd[2424]: Disconnecting: Too many authentication failures for root [preauth]
Jan  4 16:11:11 LabSZ sshd[2424]: PAM 5 more authentication failures; logname= uid=0 euid=0 tty=ssh ruser= rhost=218.65.30.123  user=root
Jan  4 16:11:11 LabSZ sshd[2424]: PAM service(sshd) ignoring max retries; 6 > 3
Jan  4 16:11:12 LabSZ sshd[2428]: reverse mapping checking getaddrinfo for 123.30.65.218.broad.xy.jx.dynamic.163data.com.cn [218.65.30.123] failed - POSSIBLE BREAK-IN ATTEMPT!
Jan  4 16:11:12 LabSZ sshd[2428]: pam_unix(sshd:auth): authentication failure; logname= uid=0 euid=0 tty=ssh ruser= rhost=218.65.30.123  user=root
Jan  4 16:11:13 LabSZ sshd[2426]: message repeated 5 times: [ Failed password for root from 59.63.188.30 port 19657 ssh2]
Jan  4 16:11:13 LabSZ sshd[2426]: Disconnecting: Too many authentication failures for root [preauth]
Jan  4 16:11:13 LabSZ sshd[2426]: PAM 5 more authentication failures; logname= uid=0 euid=0 tty=ssh ruser= rhost=59.63.188.30  user=root
Jan  4 16:11:13 LabSZ sshd[2426]: PAM service(sshd) ignoring max retries; 6 > 3
Jan  4 16:11:14 LabSZ sshd[2430]: pam_unix(sshd:auth): authentication failure; logname= uid=0 euid=0 tty=ssh ruser= rhost=59.63.188.30  user=root
Jan  4 16:11:14 LabSZ sshd[2428]: Failed password for root from 218.65.30.123 port 14918 ssh2
Jan  4 16:11:14 LabSZ sshd[2416]: Invalid user testa from 192.99.1.171
Jan  4 16:11:14 LabSZ sshd[2416]: input_userauth_request: invalid user testa [preauth]
Jan  4 16:11:15 LabSZ sshd[2416]: pam_unix(sshd:auth): check pass; user unknown
Jan  4 16:11:15 LabSZ sshd[2416]: pam_unix(sshd:auth): authentication failure; logname= uid=0 euid=0 tty=ssh ruser= rhost=ns502983.ip-192-99-1.net 
Jan  4 16:11:16 LabSZ sshd[2430]: Failed password for root from 59.63.188.30 port 36511 ssh2
Jan  4 16:11:22 LabSZ sshd[2416]: Failed password for invalid user testa from 192.99.1.171 port 5200 ssh2
Jan  4 16:11:23 LabSZ sshd[2416]: Received disconnect from 192.99.1.171: 11: Session closed [preauth]
Jan  4 16:11:26 LabSZ sshd[2428]: message repeated 5 times: [ Failed password for root from 218.65.30.123 port 14918 ssh2]
Jan  4 16:11:26 LabSZ sshd[2428]: Disconnecting: Too many authentication failures for root [preauth]
Jan  4 16:11:26 LabSZ sshd[2428]: PAM 5 more authentication failures; logname= uid=0 euid=0 tty=ssh ruser= rhost=218.65.30.123  user=root
Jan  4 16:11:26 LabSZ sshd[2428]: PAM service(sshd) ignoring max retries; 6 > 3
Jan  4 16:11:28 LabSZ sshd[2432]: reverse mapping checking getaddrinfo for 123.30.65.218.broad.xy.jx.dynamic.163data.com.cn [218.65.30.123] failed - POSSIBLE BREAK-IN ATTEMPT!
Jan  4 16:11:28 LabSZ sshd[2432]: pam_unix(sshd:auth): authentication failure; logname= uid=0 euid=0 tty=ssh ruser= rhost=218.65.30.123  user=root
Jan  4 16:11:29 LabSZ sshd[2430]: message repeated 5 times: [ Failed password for root from 59.63.188.30 port 36511 ssh2]
Jan  4 16:11:29 LabSZ sshd[2430]: Disconnecting: Too many authentication failures for root [preauth]
Jan  4 16:11:29 LabSZ sshd[2430]: PAM 5 more authentication failures; logname= uid=0 euid=0 tty=ssh ruser= rhost=59.63.188.30  user=root
Jan  4 16:11:29 LabSZ sshd[2430]: PAM service(sshd) ignoring max retries; 6 > 3
Jan  4 16:11:30 LabSZ sshd[2432]: Failed password for root from 218.65.30.123 port 37894 ssh2
Jan  4 16:11:30 LabSZ sshd[2434]: pam_unix(sshd:auth): authentication failure; logname= uid=0 euid=0 tty=ssh ruser= rhost=59.63.188.30  user=root
Jan  4 16:11:32 LabSZ sshd[2434]: Failed password for root from 59.63.188.30 port 56504 ssh2
Jan  4 16:11:42 LabSZ sshd[2432]: message repeated 5 times: [ Failed password for root from 218.65.30.123 port 37894 ssh2]
Jan  4 16:11:42 LabSZ sshd[2432]: Disconnecting: Too many authentication failures for root [preauth]
Jan  4 16:11:42 LabSZ sshd[2432]: PAM 5 more authentication failures; logname= uid=0 euid=0 tty=ssh ruser= rhost=218.65.30.123  user=root
Jan  4 16:11:42 LabSZ sshd[2432]: PAM service(sshd) ignoring max retries; 6 > 3
Jan  4 16:11:43 LabSZ sshd[2436]: reverse mapping checking getaddrinfo for 123.30.65.218.broad.xy.jx.dynamic.163data.com.cn [218.65.30.123] failed - POSSIBLE BREAK-IN ATTEMPT!
Jan  4 16:11:43 LabSZ sshd[2436]: pam_unix(sshd:auth): authentication failure; logname= uid=0 euid=0 tty=ssh ruser= rhost=218.65.30.123  user=root
Jan  4 16:11:44 LabSZ sshd[2434]: message repeated 5 times: [ Failed password for root from 59.63.188.30 port 56504 ssh2]
Jan  4 16:11:44 LabSZ sshd[2434]: Disconnecting: Too many authentication failures for root [preauth]
Jan  4 16:11:44 LabSZ sshd[2434]: PAM 5 more authentication failures; logname= uid=0 euid=0 tty=ssh ruser= rhost=59.63.188.30  user=root
Jan  4 16:11:44 LabSZ sshd[2434]: PAM service(sshd) ignoring max retries; 6 > 3
Jan  4 16:11:45 LabSZ sshd[2436]: Failed password for root from 218.65.30.123 port 54492 ssh2
Jan  4 16:11:45 LabSZ sshd[2438]: pam_unix(sshd:auth): authentication failure; logname= uid=0 euid=0 tty=ssh ruser= rhost=59.63.188.30  user=root
Jan  4 16:11:47 LabSZ sshd[2438]: Failed password for root from 59.63.188.30 port 10910 ssh2
Jan  4 16:11:56 LabSZ sshd[2436]: message repeated 5 times: [ Failed password for root from 218.65.30.123 port 54492 ssh2]
Jan  4 16:11:56 LabSZ sshd[2436]: Disconnecting: Too many authentication failures for root [preauth]
Jan  4 16:11:56 LabSZ sshd[2436]: PAM 5 more authentication failures; logname= uid=0 euid=0 tty=ssh ruser= rhost=218.65.30.123  user=root
Jan  4 16:11:56 LabSZ sshd[2436]: PAM service(sshd) ignoring max retries; 6 > 3
Jan  4 16:11:58 LabSZ sshd[2440]: reverse mapping checking getaddrinfo for 123.30.65.218.broad.xy.jx.dynamic.163data.com.cn [218.65.30.123] failed - POSSIBLE BREAK-IN ATTEMPT!
Jan  4 16:11:58 LabSZ sshd[2440]: pam_unix(sshd:auth): authentication failure; logname= uid=0 euid=0 tty=ssh ruser= rhost=218.65.30.123  user=root
Jan  4 16:11:59 LabSZ sshd[2440]: Failed password for root from 218.65.30.123 port 5968 ssh2
Jan  4 16:12:01 LabSZ sshd[2438]: message repeated 5 times: [ Failed password for root from 59.63.188.30 port 10910 ssh2]
Jan  4 16:12:01 LabSZ sshd[2438]: Disconnecting: Too many authentication failures for root [preauth]
Jan  4 16:12:01 LabSZ sshd[2438]: PAM 5 more authentication failures; logname= uid=0 euid=0 tty=ssh ruser= rhost=59.63.188.30  user=root
Jan  4 16:12:01 LabSZ sshd[2438]: PAM service(sshd) ignoring max retries; 6 > 3
Jan  4 16:12:02 LabSZ sshd[2442]: pam_unix(sshd:auth): authentication failure; logname= uid=0 euid=0 tty=ssh ruser= rhost=59.63.188.30  user=root
Jan  4 16:12:03 LabSZ sshd[2442]: Failed password for root from 59.63.188.30 port 31386 ssh2
Jan  4 16:12:11 LabSZ sshd[2440]: message repeated 5 times: [ Failed password for root from 218.65.30.123 port 5968 ssh2]
Jan  4 16:12:11 LabSZ sshd[2440]: Disconnecting: Too many authentication failures for root [preauth]
Jan  4 16:12:11 LabSZ sshd[2440]: PAM 5 more authentication failures; logname= uid=0 euid=0 tty=ssh ruser= rhost=218.65.30.123  user=root
Jan  4 16:12:11 LabSZ sshd[2440]: PAM service(sshd) ignoring max retries; 6 > 3
Jan  4 16:12:12 LabSZ sshd[2444]: reverse mapping checking getaddrinfo for 123.30.65.218.broad.xy.jx.dynamic.163data.com.cn [218.65.30.123] failed - POSSIBLE BREAK-IN ATTEMPT!
Jan  4 16:12:12 LabSZ sshd[2444]: pam_unix(sshd:auth): authentication failure; logname= uid=0 euid=0 tty=ssh ruser= rhost=218.65.30.123  user=root
Jan  4 16:12:14 LabSZ sshd[2444]: Failed password for root from 218.65.30.123 port 20020 ssh2
Jan  4 16:12:17 LabSZ sshd[2442]: message repeated 5 times: [ Failed password for root from 59.63.188.30 port 31386 ssh2]
