Jan  2 03:35:17 LabSZ sshd[22379]: pam_unix(sshd:auth): authentication failure; logname= uid=0 euid=0 tty=ssh ruser= rhost=58.242.83.25  user=root
Jan  2 03:35:19 LabSZ sshd[22377]: Failed password for invalid user admin from 5.188.10.156 port 50578 ssh2
Jan  2 03:35:20 LabSZ sshd[22379]: Failed password for root from 58.242.83.25 port 28978 ssh2
Jan  2 03:35:20 LabSZ sshd[22377]: pam_unix(sshd:auth): check pass; user unknown
Jan  2 03:35:22 LabSZ sshd[22371]: message repeated 5 times: [ Failed password for root from 182.100.67.120 port 19776 ssh2]
Jan  2 03:35:22 LabSZ sshd[22371]: Disconnecting: Too many authentication failures for root [preauth]
Jan  2 03:35:22 LabSZ sshd[22371]: PAM 5 more authentication failures; logname= uid=0 euid=0 tty=ssh ruser= rhost=182.100.67.120  user=root
Jan  2 03:35:22 LabSZ sshd[22371]: PAM service(sshd) ignoring max retries; 6 > 3
Jan  2 03:35:23 LabSZ sshd[22377]: Failed password for invalid user admin from 5.188.10.156 port 50578 ssh2
Jan  2 03:35:23 LabSZ sshd[22381]: Invalid user  0101 from 5.188.10.180
Jan  2 03:35:23 LabSZ sshd[22381]: input_userauth_request: invalid user  0101 [preauth]
Jan  2 03:35:23 LabSZ sshd[22381]: pam_unix(sshd:auth): check pass; user unknown
Jan  2 03:35:23 LabSZ sshd[22381]: pam_unix(sshd:auth): authentication failure; logname= uid=0 euid=0 tty=ssh ruser= rhost=5.188.10.180 
Jan  2 03:35:23 LabSZ sshd[22377]: pam_unix(sshd:auth): check pass; user unknown
Jan  2 03:35:24 LabSZ sshd[22383]: pam_unix(sshd:auth): authentication failure; logname= uid=0 euid=0 tty=ssh ruser= rhost=182.100.67.120  user=root
Jan  2 03:35:26 LabSZ sshd[22383]: Failed password for root from 182.100.67.120 port 59938 ssh2
Jan  2 03:35:26 LabSZ sshd[22375]: message repeated 5 times: [ Failed password for root from 218.65.30.30 port 40900 ssh2]
Jan  2 03:35:26 LabSZ sshd[22375]: Disconnecting: Too many authentication failures for root [preauth]
Jan  2 03:35:26 LabSZ sshd[22375]: PAM 5 more authentication failures; logname= uid=0 euid=0 tty=ssh ruser= rhost=218.65.30.30  user=root
Jan  2 03:35:26 LabSZ sshd[22375]: PAM service(sshd) ignoring max retries; 6 > 3
Jan  2 03:35:26 LabSZ sshd[22381]: Failed password for invalid user  0101 from 5.188.10.180 port 57972 ssh2
Jan  2 03:35:26 LabSZ sshd[22377]: Failed password for invalid user admin from 5.188.10.156 port 50578 ssh2
Jan  2 03:35:27 LabSZ sshd[22377]: pam_unix(sshd:auth): check pass; user unknown
Jan  2 03:35:27 LabSZ sshd[22385]: reverse mapping checking getaddrinfo for 30.30.65.218.broad.xy.jx.dynamic.163data.com.cn [218.65.30.30] failed - POSSIBLE BREAK-IN ATTEMPT!
Jan  2 03:35:27 LabSZ sshd[22385]: pam_unix(sshd:auth): authentication failure; logname= uid=0 euid=0 tty=ssh ruser= rhost=218.65.30.30  user=root
Jan  2 03:35:28 LabSZ sshd[22381]: Connection closed by 5.188.10.180 [preauth]
Jan  2 03:35:29 LabSZ sshd[22377]: Failed password for invalid user admin from 5.188.10.156 port 50578 ssh2
Jan  2 03:35:29 LabSZ sshd[22377]: pam_unix(sshd:auth): check pass; user unknown
Jan  2 03:35:29 LabSZ sshd[22385]: Failed password for root from 218.65.30.30 port 18938 ssh2
Jan  2 03:35:32 LabSZ sshd[22377]: Failed password for invalid user admin from 5.188.10.156 port 50578 ssh2
Jan  2 03:35:33 LabSZ sshd[22377]: Connection closed by 5.188.10.156 [preauth]
Jan  2 03:35:33 LabSZ sshd[22377]: PAM 4 more authentication failures; logname= uid=0 euid=0 tty=ssh ruser= rhost=5.188.10.156 
Jan  2 03:35:33 LabSZ sshd[22377]: PAM service(sshd) ignoring max retries; 5 > 3
Jan  2 03:35:34 LabSZ sshd[22379]: message repeated 5 times: [ Failed password for root from 58.242.83.25 port 28978 ssh2]
Jan  2 03:35:34 LabSZ sshd[22379]: Disconnecting: Too many authentication failures for root [preauth]
Jan  2 03:35:34 LabSZ sshd[22379]: PAM 5 more authentication failures; logname= uid=0 euid=0 tty=ssh ruser= rhost=58.242.83.25  user=root
Jan  2 03:35:34 LabSZ sshd[22379]: PAM service(sshd) ignoring max retries; 6 > 3
Jan  2 03:35:35 LabSZ sshd[22389]: Invalid user admin from 5.188.10.156
Jan  2 03:35:35 LabSZ sshd[22389]: input_userauth_request: invalid user admin [preauth]
Jan  2 03:35:35 LabSZ sshd[22389]: pam_unix(sshd:auth): check pass; user unknown
Jan  2 03:35:35 LabSZ sshd[22389]: pam_unix(sshd:auth): authentication failure; logname= uid=0 euid=0 tty=ssh ruser= rhost=5.188.10.156 
Jan  2 03:35:36 LabSZ sshd[22391]: pam_unix(sshd:auth): authentication failure; logname= uid=0 euid=0 tty=ssh ruser= rhost=58.242.83.25  user=root
Jan  2 03:35:38 LabSZ sshd[22391]: Failed password for root from 58.242.83.25 port 53562 ssh2
Jan  2 03:35:38 LabSZ sshd[22389]: Failed password for invalid user admin from 5.188.10.156 port 35032 ssh2
Jan  2 03:35:38 LabSZ sshd[22389]: pam_unix(sshd:auth): check pass; user unknown
Jan  2 03:35:38 LabSZ sshd[22383]: message repeated 5 times: [ Failed password for root from 182.100.67.120 port 59938 ssh2]
Jan  2 03:35:38 LabSZ sshd[22383]: Disconnecting: Too many authentication failures for root [preauth]
Jan  2 03:35:38 LabSZ sshd[22383]: PAM 5 more authentication failures; logname= uid=0 euid=0 tty=ssh ruser= rhost=182.100.67.120  user=root
Jan  2 03:35:38 LabSZ sshd[22383]: PAM service(sshd) ignoring max retries; 6 > 3
Jan  2 03:35:39 LabSZ sshd[22387]: Invalid user 0 from 5.188.10.180
Jan  2 03:35:39 LabSZ sshd[22387]: input_userauth_request: invalid user 0 [preauth]
Jan  2 03:35:39 LabSZ sshd[22387]: Failed none for invalid user 0 from 5.188.10.180 port 34274 ssh2
Jan  2 03:35:40 LabSZ sshd[22393]: pam_unix(sshd:auth): authentication failure; logname= uid=0 euid=0 tty=ssh ruser= rhost=182.100.67.120  user=root
Jan  2 03:35:40 LabSZ sshd[22389]: Failed password for invalid user admin from 5.188.10.156 port 35032 ssh2
Jan  2 03:35:40 LabSZ sshd[22389]: pam_unix(sshd:auth): check pass; user unknown
Jan  2 03:35:42 LabSZ sshd[22387]: pam_unix(sshd:auth): check pass; user unknown
Jan  2 03:35:42 LabSZ sshd[22387]: pam_unix(sshd:auth): authentication failure; logname= uid=0 euid=0 tty=ssh ruser= rhost=5.188.10.180 
Jan  2 03:35:42 LabSZ sshd[22393]: Failed password for root from 182.100.67.120 port 30576 ssh2
Jan  2 03:35:43 LabSZ sshd[22389]: Failed password for invalid user admin from 5.188.10.156 port 35032 ssh2
Jan  2 03:35:43 LabSZ sshd[22385]: message repeated 5 times: [ Failed password for root from 218.65.30.30 port 18938 ssh2]
Jan  2 03:35:43 LabSZ sshd[22385]: Disconnecting: Too many authentication failures for root [preauth]
Jan  2 03:35:43 LabSZ sshd[22385]: PAM 5 more authentication failures; logname= uid=0 euid=0 tty=ssh ruser= rhost=218.65.30.30  user=root
Jan  2 03:35:43 LabSZ sshd[22385]: PAM service(sshd) ignoring max retries; 6 > 3
Jan  2 03:35:43 LabSZ sshd[22389]: pam_unix(sshd:auth): check pass; user unknown
Jan  2 03:35:43 LabSZ sshd[22387]: Failed password for invalid user 0 from 5.188.10.180 port 34274 ssh2
Jan  2 03:35:44 LabSZ sshd[22395]: reverse mapping checking getaddrinfo for 30.30.65.218.broad.xy.jx.dynamic.163data.com.cn [218.65.30.30] failed - POSSIBLE BREAK-IN ATTEMPT!
Jan  2 03:35:44 LabSZ sshd[22395]: pam_unix(sshd:auth): authentication failure; logname= uid=0 euid=0 tty=ssh ruser= rhost=218.65.30.30  user=root
Jan  2 03:35:45 LabSZ sshd[22389]: Failed password for invalid user admin from 5.188.10.156 port 35032 ssh2
Jan  2 03:35:46 LabSZ sshd[22389]: pam_unix(sshd:auth): check pass; user unknown
Jan  2 03:35:46 LabSZ sshd[22395]: Failed password for root from 218.65.30.30 port 57876 ssh2
Jan  2 03:35:47 LabSZ sshd[22387]: Connection closed by 5.188.10.180 [preauth]
Jan  2 03:35:48 LabSZ sshd[22389]: Failed password for invalid user admin from 5.188.10.156 port 35032 ssh2
Jan  2 03:35:49 LabSZ sshd[22389]: Connection closed by 5.188.10.156 [preauth]
Jan  2 03:35:49 LabSZ sshd[22389]: PAM 4 more authentication failures; logname= uid=0 euid=0 tty=ssh ruser= rhost=5.188.10.156 
Jan  2 03:35:49 LabSZ sshd[22389]: PAM service(sshd) ignoring max retries; 5 > 3
Jan  2 03:35:51 LabSZ sshd[22391]: message repeated 5 times: [ Failed password for root from 58.242.83.25 port 53562 ssh2]
Jan  2 03:35:51 LabSZ sshd[22391]: Disconnecting: Too many authentication failures for root [preauth]
Jan  2 03:35:51 LabSZ sshd[22391]: PAM 5 more authentication failures; logname= uid=0 euid=0 tty=ssh ruser= rhost=58.242.83.25  user=root
Jan  2 03:35:51 LabSZ sshd[22391]: PAM service(sshd) ignoring max retries; 6 > 3
Jan  2 03:35:52 LabSZ sshd[22398]: Invalid user admin from 5.188.10.156
Jan  2 03:35:52 LabSZ sshd[22401]: pam_unix(sshd:auth): authentication failure; logname= uid=0 euid=0 tty=ssh ruser= rhost=58.242.83.25  user=root
Jan  2 03:35:52 LabSZ sshd[22398]: input_userauth_request: invalid user admin [preauth]
Jan  2 03:35:52 LabSZ sshd[22398]: pam_unix(sshd:auth): check pass; user unknown
Jan  2 03:35:52 LabSZ sshd[22398]: pam_unix(sshd:auth): authentication failure; logname= uid=0 euid=0 tty=ssh ruser= rhost=5.188.10.156 
Jan  2 03:35:54 LabSZ sshd[22401]: Failed password for root from 58.242.83.25 port 10103 ssh2
Jan  2 03:35:54 LabSZ sshd[22398]: Failed password for invalid user admin from 5.188.10.156 port 34411 ssh2
Jan  2 03:35:54 LabSZ sshd[22397]: Invalid user 1234 from 5.188.10.180
Jan  2 03:35:54 LabSZ sshd[22397]: input_userauth_request: invalid user 1234 [preauth]
Jan  2 03:35:54 LabSZ sshd[22397]: pam_unix(sshd:auth): check pass; user unknown
Jan  2 03:35:54 LabSZ sshd[22397]: pam_unix(sshd:auth): authentication failure; logname= uid=0 euid=0 tty=ssh ruser= rhost=5.188.10.180 
Jan  2 03:35:55 LabSZ sshd[22398]: Connection closed by 5.188.10.156 [preauth]
Jan  2 03:35:56 LabSZ sshd[22397]: Failed password for invalid user 1234 from 5.188.10.180 port 46986 ssh2
Jan  2 03:35:56 LabSZ sshd[22393]: message repeated 5 times: [ Failed password for root from 182.100.67.120 port 30576 ssh2]
Jan  2 03:35:56 LabSZ sshd[22393]: Disconnecting: Too many authentication failures for root [preauth]
Jan  2 03:35:56 LabSZ sshd[22393]: PAM 5 more authentication failures; logname= uid=0 euid=0 tty=ssh ruser= rhost=182.100.67.120  user=root
Jan  2 03:35:56 LabSZ sshd[22393]: PAM service(sshd) ignoring max retries; 6 > 3
Jan  2 03:35:57 LabSZ sshd[22403]: Invalid user default from 5.188.10.156
Jan  2 03:35:57 LabSZ sshd[22403]: input_userauth_request: invalid user default [preauth]
Jan  2 03:35:57 LabSZ sshd[22403]: pam_unix(sshd:auth): check pass; user unknown
Jan  2 03:35:57 LabSZ sshd[22403]: pam_unix(sshd:auth): authentication failure; logname= uid=0 euid=0 tty=ssh ruser= rhost=5.188.10.156 
