Jan  2 04:51:35 LabSZ sshd[24107]: message repeated 5 times: [ Failed password for root from 218.65.30.30 port 8554 ssh2]
Jan  2 04:51:35 LabSZ sshd[24107]: Disconnecting: Too many authentication failures for root [preauth]
Jan  2 04:51:35 LabSZ sshd[24107]: PAM 5 more authentication failures; logname= uid=0 euid=0 tty=ssh ruser= rhost=218.65.30.30  user=root
Jan  2 04:51:35 LabSZ sshd[24107]: PAM service(sshd) ignoring max retries; 6 > 3
Jan  2 04:51:37 LabSZ sshd[24113]: reverse mapping checking getaddrinfo for 30.30.65.218.broad.xy.jx.dynamic.163data.com.cn [218.65.30.30] failed - POSSIBLE BREAK-IN ATTEMPT!
Jan  2 04:51:37 LabSZ sshd[24113]: pam_unix(sshd:auth): authentication failure; logname= uid=0 euid=0 tty=ssh ruser= rhost=218.65.30.30  user=root
Jan  2 04:51:39 LabSZ sshd[24113]: Failed password for root from 218.65.30.30 port 47582 ssh2
Jan  2 04:51:41 LabSZ sshd[24109]: message repeated 5 times: [ Failed password for root from 58.242.83.25 port 20674 ssh2]
Jan  2 04:51:41 LabSZ sshd[24109]: Disconnecting: Too many authentication failures for root [preauth]
Jan  2 04:51:41 LabSZ sshd[24109]: PAM 5 more authentication failures; logname= uid=0 euid=0 tty=ssh ruser= rhost=58.242.83.25  user=root
Jan  2 04:51:41 LabSZ sshd[24109]: PAM service(sshd) ignoring max retries; 6 > 3
Jan  2 04:51:42 LabSZ sshd[24115]: pam_unix(sshd:auth): authentication failure; logname= uid=0 euid=0 tty=ssh ruser= rhost=58.242.83.25  user=root
Jan  2 04:51:44 LabSZ sshd[24111]: message repeated 5 times: [ Failed password for root from 182.100.67.120 port 5880 ssh2]
Jan  2 04:51:44 LabSZ sshd[24111]: Disconnecting: Too many authentication failures for root [preauth]
Jan  2 04:51:44 LabSZ sshd[24111]: PAM 5 more authentication failures; logname= uid=0 euid=0 tty=ssh ruser= rhost=182.100.67.120  user=root
Jan  2 04:51:44 LabSZ sshd[24111]: PAM service(sshd) ignoring max retries; 6 > 3
Jan  2 04:51:44 LabSZ sshd[24115]: Failed password for root from 58.242.83.25 port 42606 ssh2
Jan  2 04:51:45 LabSZ sshd[24117]: pam_unix(sshd:auth): authentication failure; logname= uid=0 euid=0 tty=ssh ruser= rhost=182.100.67.120  user=root
Jan  2 04:51:47 LabSZ sshd[24117]: Failed password for root from 182.100.67.120 port 45698 ssh2
Jan  2 04:51:53 LabSZ sshd[24113]: message repeated 5 times: [ Failed password for root from 218.65.30.30 port 47582 ssh2]
Jan  2 04:51:53 LabSZ sshd[24113]: Disconnecting: Too many authentication failures for root [preauth]
Jan  2 04:51:53 LabSZ sshd[24113]: PAM 5 more authentication failures; logname= uid=0 euid=0 tty=ssh ruser= rhost=218.65.30.30  user=root
Jan  2 04:51:53 LabSZ sshd[24113]: PAM service(sshd) ignoring max retries; 6 > 3
Jan  2 04:51:54 LabSZ sshd[24119]: reverse mapping checking getaddrinfo for 30.30.65.218.broad.xy.jx.dynamic.163data.com.cn [218.65.30.30] failed - POSSIBLE BREAK-IN ATTEMPT!
Jan  2 04:51:54 LabSZ sshd[24119]: pam_unix(sshd:auth): authentication failure; logname= uid=0 euid=0 tty=ssh ruser= rhost=218.65.30.30  user=root
Jan  2 04:51:55 LabSZ sshd[24119]: Failed password for root from 218.65.30.30 port 21994 ssh2
Jan  2 04:51:58 LabSZ sshd[24115]: message repeated 5 times: [ Failed password for root from 58.242.83.25 port 42606 ssh2]
Jan  2 04:51:58 LabSZ sshd[24115]: Disconnecting: Too many authentication failures for root [preauth]
Jan  2 04:51:58 LabSZ sshd[24115]: PAM 5 more authentication failures; logname= uid=0 euid=0 tty=ssh ruser= rhost=58.242.83.25  user=root
Jan  2 04:51:58 LabSZ sshd[24115]: PAM service(sshd) ignoring max retries; 6 > 3
Jan  2 04:51:59 LabSZ sshd[24121]: pam_unix(sshd:auth): authentication failure; logname= uid=0 euid=0 tty=ssh ruser= rhost=58.242.83.25  user=root
Jan  2 04:52:01 LabSZ sshd[24117]: message repeated 5 times: [ Failed password for root from 182.100.67.120 port 45698 ssh2]
Jan  2 04:52:01 LabSZ sshd[24117]: Disconnecting: Too many authentication failures for root [preauth]
Jan  2 04:52:01 LabSZ sshd[24117]: PAM 5 more authentication failures; logname= uid=0 euid=0 tty=ssh ruser= rhost=182.100.67.120  user=root
Jan  2 04:52:01 LabSZ sshd[24117]: PAM service(sshd) ignoring max retries; 6 > 3
Jan  2 04:52:01 LabSZ sshd[24121]: Failed password for root from 58.242.83.25 port 65103 ssh2
Jan  2 04:52:03 LabSZ sshd[24123]: pam_unix(sshd:auth): authentication failure; logname= uid=0 euid=0 tty=ssh ruser= rhost=182.100.67.120  user=root
Jan  2 04:52:05 LabSZ sshd[24123]: Failed password for root from 182.100.67.120 port 20334 ssh2
Jan  2 04:52:10 LabSZ sshd[24119]: message repeated 5 times: [ Failed password for root from 218.65.30.30 port 21994 ssh2]
Jan  2 04:52:10 LabSZ sshd[24119]: Disconnecting: Too many authentication failures for root [preauth]
Jan  2 04:52:10 LabSZ sshd[24119]: PAM 5 more authentication failures; logname= uid=0 euid=0 tty=ssh ruser= rhost=218.65.30.30  user=root
Jan  2 04:52:10 LabSZ sshd[24119]: PAM service(sshd) ignoring max retries; 6 > 3
Jan  2 04:52:11 LabSZ sshd[24125]: reverse mapping checking getaddrinfo for 30.30.65.218.broad.xy.jx.dynamic.163data.com.cn [218.65.30.30] failed - POSSIBLE BREAK-IN ATTEMPT!
Jan  2 04:52:11 LabSZ sshd[24125]: pam_unix(sshd:auth): authentication failure; logname= uid=0 euid=0 tty=ssh ruser= rhost=218.65.30.30  user=root
Jan  2 04:52:13 LabSZ sshd[24125]: Failed password for root from 218.65.30.30 port 61592 ssh2
Jan  2 04:52:15 LabSZ sshd[24121]: message repeated 5 times: [ Failed password for root from 58.242.83.25 port 65103 ssh2]
Jan  2 04:52:15 LabSZ sshd[24121]: Disconnecting: Too many authentication failures for root [preauth]
Jan  2 04:52:15 LabSZ sshd[24121]: PAM 5 more authentication failures; logname= uid=0 euid=0 tty=ssh ruser= rhost=58.242.83.25  user=root
Jan  2 04:52:15 LabSZ sshd[24121]: PAM service(sshd) ignoring max retries; 6 > 3
Jan  2 04:52:17 LabSZ sshd[24127]: pam_unix(sshd:auth): authentication failure; logname= uid=0 euid=0 tty=ssh ruser= rhost=58.242.83.25  user=root
Jan  2 04:52:18 LabSZ sshd[24123]: message repeated 5 times: [ Failed password for root from 182.100.67.120 port 20334 ssh2]
Jan  2 04:52:18 LabSZ sshd[24123]: Disconnecting: Too many authentication failures for root [preauth]
Jan  2 04:52:18 LabSZ sshd[24123]: PAM 5 more authentication failures; logname= uid=0 euid=0 tty=ssh ruser= rhost=182.100.67.120  user=root
Jan  2 04:52:18 LabSZ sshd[24123]: PAM service(sshd) ignoring max retries; 6 > 3
Jan  2 04:52:19 LabSZ sshd[24127]: Failed password for root from 58.242.83.25 port 23490 ssh2
Jan  2 04:52:20 LabSZ sshd[24129]: pam_unix(sshd:auth): authentication failure; logname= uid=0 euid=0 tty=ssh ruser= rhost=182.100.67.120  user=root
Jan  2 04:52:22 LabSZ sshd[24129]: Failed password for root from 182.100.67.120 port 58554 ssh2
Jan  2 04:52:27 LabSZ sshd[24125]: message repeated 5 times: [ Failed password for root from 218.65.30.30 port 61592 ssh2]
Jan  2 04:52:27 LabSZ sshd[24125]: Disconnecting: Too many authentication failures for root [preauth]
Jan  2 04:52:27 LabSZ sshd[24125]: PAM 5 more authentication failures; logname= uid=0 euid=0 tty=ssh ruser= rhost=218.65.30.30  user=root
Jan  2 04:52:27 LabSZ sshd[24125]: PAM service(sshd) ignoring max retries; 6 > 3
Jan  2 04:52:28 LabSZ sshd[24131]: reverse mapping checking getaddrinfo for 30.30.65.218.broad.xy.jx.dynamic.163data.com.cn [218.65.30.30] failed - POSSIBLE BREAK-IN ATTEMPT!
Jan  2 04:52:28 LabSZ sshd[24131]: pam_unix(sshd:auth): authentication failure; logname= uid=0 euid=0 tty=ssh ruser= rhost=218.65.30.30  user=root
Jan  2 04:52:30 LabSZ sshd[24131]: Failed password for root from 218.65.30.30 port 36216 ssh2
Jan  2 04:52:32 LabSZ sshd[24127]: message repeated 5 times: [ Failed password for root from 58.242.83.25 port 23490 ssh2]
Jan  2 04:52:32 LabSZ sshd[24127]: Disconnecting: Too many authentication failures for root [preauth]
Jan  2 04:52:32 LabSZ sshd[24127]: PAM 5 more authentication failures; logname= uid=0 euid=0 tty=ssh ruser= rhost=58.242.83.25  user=root
Jan  2 04:52:32 LabSZ sshd[24127]: PAM service(sshd) ignoring max retries; 6 > 3
Jan  2 04:52:34 LabSZ sshd[24133]: pam_unix(sshd:auth): authentication failure; logname= uid=0 euid=0 tty=ssh ruser= rhost=58.242.83.25  user=root
Jan  2 04:52:36 LabSZ sshd[24133]: Failed password for root from 58.242.83.25 port 45939 ssh2
Jan  2 04:52:37 LabSZ sshd[24129]: message repeated 5 times: [ Failed password for root from 182.100.67.120 port 58554 ssh2]
Jan  2 04:52:37 LabSZ sshd[24129]: Disconnecting: Too many authentication failures for root [preauth]
Jan  2 04:52:37 LabSZ sshd[24129]: PAM 5 more authentication failures; logname= uid=0 euid=0 tty=ssh ruser= rhost=182.100.67.120  user=root
Jan  2 04:52:37 LabSZ sshd[24129]: PAM service(sshd) ignoring max retries; 6 > 3
Jan  2 04:52:45 LabSZ sshd[24131]: message repeated 5 times: [ Failed password for root from 218.65.30.30 port 36216 ssh2]
Jan  2 04:52:45 LabSZ sshd[24131]: Disconnecting: Too many authentication failures for root [preauth]
Jan  2 04:52:45 LabSZ sshd[24131]: PAM 5 more authentication failures; logname= uid=0 euid=0 tty=ssh ruser= rhost=218.65.30.30  user=root
Jan  2 04:52:45 LabSZ sshd[24131]: PAM service(sshd) ignoring max retries; 6 > 3
Jan  2 04:52:45 LabSZ sshd[24135]: pam_unix(sshd:auth): authentication failure; logname= uid=0 euid=0 tty=ssh ruser= rhost=182.100.67.120  user=root
Jan  2 04:52:46 LabSZ sshd[24137]: reverse mapping checking getaddrinfo for 30.30.65.218.broad.xy.jx.dynamic.163data.com.cn [218.65.30.30] failed - POSSIBLE BREAK-IN ATTEMPT!
Jan  2 04:52:46 LabSZ sshd[24137]: pam_unix(sshd:auth): authentication failure; logname= uid=0 euid=0 tty=ssh ruser= rhost=218.65.30.30  user=root
Jan  2 04:52:48 LabSZ sshd[24135]: Failed password for root from 182.100.67.120 port 34328 ssh2
Jan  2 04:52:48 LabSZ sshd[24137]: Failed password for root from 218.65.30.30 port 13724 ssh2
Jan  2 04:52:50 LabSZ sshd[24133]: message repeated 5 times: [ Failed password for root from 58.242.83.25 port 45939 ssh2]
Jan  2 04:52:50 LabSZ sshd[24133]: Disconnecting: Too many authentication failures for root [preauth]
Jan  2 04:52:50 LabSZ sshd[24133]: PAM 5 more authentication failures; logname= uid=0 euid=0 tty=ssh ruser= rhost=58.242.83.25  user=root
Jan  2 04:52:50 LabSZ sshd[24133]: PAM service(sshd) ignoring max retries; 6 > 3
Jan  2 04:52:51 LabSZ sshd[24139]: pam_unix(sshd:auth): authentication failure; logname= uid=0 euid=0 tty=ssh ruser= rhost=58.242.83.25  user=root
Jan  2 04:52:53 LabSZ sshd[24139]: Failed password for root from 58.242.83.25 port 4231 ssh2
Jan  2 04:53:01 LabSZ sshd[24141]: reverse mapping checking getaddrinfo for 14.142.122.26.static-kolkata.vsnl.net.in [14.142.122.26] failed - POSSIBLE BREAK-IN ATTEMPT!
Jan  2 04:53:01 LabSZ sshd[24141]: Invalid user admin from 14.142.122.26
Jan  2 04:53:01 LabSZ sshd[24141]: input_userauth_request: invalid user admin [preauth]
Jan  2 04:53:01 LabSZ sshd[24141]: pam_unix(sshd:auth): check pass; user unknown
Jan  2 04:53:01 LabSZ sshd[24141]: pam_unix(sshd:auth): authentication failure; logname= uid=0 euid=0 tty=ssh ruser= rhost=14.142.122.26 
Jan  2 04:53:01 LabSZ sshd[24137]: message repeated 5 times: [ Failed password for root from 218.65.30.30 port 13724 ssh2]
Jan  2 04:53:01 LabSZ sshd[24137]: Disconnecting: Too many authentication failures for root [preauth]
Jan  2 04:53:01 LabSZ sshd[24137]: PAM 5 more authentication failures; logname= uid=0 euid=0 tty=ssh ruser= rhost=218.65.30.30  user=root
Jan  2 04:53:01 LabSZ sshd[24137]: PAM service(sshd) ignoring max retries; 6 > 3
Jan  2 04:53:03 LabSZ sshd[24141]: Failed password for invalid user admin from 14.142.122.26 port 59028 ssh2
Jan  2 04:53:03 LabSZ sshd[24143]: reverse mapping checking getaddrinfo for 30.30.65.218.broad.xy.jx.dynamic.163data.com.cn [218.65.30.30] failed - POSSIBLE BREAK-IN ATTEMPT!
