Dec 19 08:03:35 LabSZ sshd[10013]: pam_unix(sshd:auth): check pass; user unknown
Dec 19 08:03:35 LabSZ sshd[10013]: pam_unix(sshd:auth): authentication failure; logname= uid=0 euid=0 tty=ssh ruser= rhost=aup83-1-78-195-178-119.fbx.proxad.net 
Dec 19 08:03:42 LabSZ sshd[10013]: Failed password for invalid user pi from 78.195.178.119 port 34724 ssh2
Dec 19 08:03:42 LabSZ sshd[10011]: Failed password for invalid user pi from 78.195.178.119 port 34720 ssh2
Dec 19 08:03:42 LabSZ sshd[10013]: Connection closed by 78.195.178.119 [preauth]
Dec 19 08:03:42 LabSZ sshd[10011]: Connection closed by 78.195.178.119 [preauth]
Dec 19 08:03:54 LabSZ sshd[10015]: Invalid user gaog from 183.136.178.26
Dec 19 08:03:54 LabSZ sshd[10016]: Invalid user tangy from 183.136.178.30
Dec 19 08:03:54 LabSZ sshd[10015]: input_userauth_request: invalid user gaog [preauth]
Dec 19 08:03:54 LabSZ sshd[10016]: input_userauth_request: invalid user tangy [preauth]
Dec 19 08:03:54 LabSZ sshd[10015]: pam_unix(sshd:auth): check pass; user unknown
Dec 19 08:03:54 LabSZ sshd[10016]: pam_unix(sshd:auth): check pass; user unknown
Dec 19 08:03:54 LabSZ sshd[10015]: pam_unix(sshd:auth): authentication failure; logname= uid=0 euid=0 tty=ssh ruser= rhost=183.136.178.26 
Dec 19 08:03:54 LabSZ sshd[10016]: pam_unix(sshd:auth): authentication failure; logname= uid=0 euid=0 tty=ssh ruser= rhost=183.136.178.30 
Dec 19 08:03:56 LabSZ sshd[10015]: Failed password for invalid user gaog from 183.136.178.26 port 56489 ssh2
Dec 19 08:03:56 LabSZ sshd[10016]: Failed password for invalid user tangy from 183.136.178.30 port 57461 ssh2
Dec 19 08:03:56 LabSZ sshd[10016]: Received disconnect from 183.136.178.30: 11: Bye Bye [preauth]
Dec 19 08:03:56 LabSZ sshd[10015]: Received disconnect from 183.136.178.26: 11: Bye Bye [preauth]
Dec 19 08:04:00 LabSZ sshd[10019]: Invalid user wanf from 122.224.69.34
Dec 19 08:04:00 LabSZ sshd[10019]: input_userauth_request: invalid user wanf [preauth]
Dec 19 08:04:00 LabSZ sshd[10019]: pam_unix(sshd:auth): check pass; user unknown
Dec 19 08:04:00 LabSZ sshd[10019]: pam_unix(sshd:auth): authentication failure; logname= uid=0 euid=0 tty=ssh ruser= rhost=122.224.69.34 
Dec 19 08:04:00 LabSZ sshd[10020]: Address 122.224.73.38 maps to mail.junlike.com, but this does not map back to the address - POSSIBLE BREAK-IN ATTEMPT!
Dec 19 08:04:00 LabSZ sshd[10020]: Invalid user fengx from 122.224.73.38
Dec 19 08:04:00 LabSZ sshd[10020]: input_userauth_request: invalid user fengx [preauth]
Dec 19 08:04:00 LabSZ sshd[10020]: pam_unix(sshd:auth): check pass; user unknown
Dec 19 08:04:00 LabSZ sshd[10020]: pam_unix(sshd:auth): authentication failure; logname= uid=0 euid=0 tty=ssh ruser= rhost=122.224.73.38 
Dec 19 08:04:02 LabSZ sshd[10019]: Failed password for invalid user wanf from 122.224.69.34 port 59472 ssh2
Dec 19 08:04:02 LabSZ sshd[10020]: Failed password for invalid user fengx from 122.224.73.38 port 33377 ssh2
Dec 19 08:04:02 LabSZ sshd[10019]: Received disconnect from 122.224.69.34: 11: Bye Bye [preauth]
Dec 19 08:04:02 LabSZ sshd[10020]: Received disconnect from 122.224.73.38: 11: Bye Bye [preauth]
Dec 19 08:06:57 LabSZ sshd[10025]: Invalid user songf from 60.191.229.146
Dec 19 08:06:57 LabSZ sshd[10025]: input_userauth_request: invalid user songf [preauth]
Dec 19 08:06:57 LabSZ sshd[10025]: pam_unix(sshd:auth): check pass; user unknown
Dec 19 08:06:57 LabSZ sshd[10025]: pam_unix(sshd:auth): authentication failure; logname= uid=0 euid=0 tty=ssh ruser= rhost=60.191.229.146 
Dec 19 08:06:57 LabSZ sshd[10024]: Invalid user yit from 220.189.210.211
Dec 19 08:06:57 LabSZ sshd[10024]: input_userauth_request: invalid user yit [preauth]
Dec 19 08:06:57 LabSZ sshd[10024]: pam_unix(sshd:auth): check pass; user unknown
Dec 19 08:06:57 LabSZ sshd[10024]: pam_unix(sshd:auth): authentication failure; logname= uid=0 euid=0 tty=ssh ruser= rhost=220.189.210.211 
Dec 19 08:06:57 LabSZ sshd[10028]: Invalid user duj from 220.191.194.42
Dec 19 08:06:57 LabSZ sshd[10028]: input_userauth_request: invalid user duj [preauth]
Dec 19 08:06:57 LabSZ sshd[10028]: pam_unix(sshd:auth): check pass; user unknown
Dec 19 08:06:57 LabSZ sshd[10028]: pam_unix(sshd:auth): authentication failure; logname= uid=0 euid=0 tty=ssh ruser= rhost=220.191.194.42 
Dec 19 08:06:59 LabSZ sshd[10025]: Failed password for invalid user songf from 60.191.229.146 port 44481 ssh2
Dec 19 08:06:59 LabSZ sshd[10024]: Failed password for invalid user yit from 220.189.210.211 port 50787 ssh2
Dec 19 08:06:59 LabSZ sshd[10025]: Received disconnect from 60.191.229.146: 11: Bye Bye [preauth]
Dec 19 08:06:59 LabSZ sshd[10024]: Received disconnect from 220.189.210.211: 11: Bye Bye [preauth]
Dec 19 08:06:59 LabSZ sshd[10028]: Failed password for invalid user duj from 220.191.194.42 port 56901 ssh2
Dec 19 08:06:59 LabSZ sshd[10028]: Received disconnect from 220.191.194.42: 11: Bye Bye [preauth]
Dec 19 08:10:42 LabSZ sshd[10044]: Invalid user a from 125.65.165.70
Dec 19 08:10:42 LabSZ sshd[10044]: input_userauth_request: invalid user a [preauth]
Dec 19 08:10:42 LabSZ sshd[10044]: pam_unix(sshd:auth): check pass; user unknown
Dec 19 08:10:42 LabSZ sshd[10044]: pam_unix(sshd:auth): authentication failure; logname= uid=0 euid=0 tty=ssh ruser= rhost=125.65.165.70 
Dec 19 08:10:44 LabSZ sshd[10044]: Failed password for invalid user a from 125.65.165.70 port 54414 ssh2
Dec 19 08:10:44 LabSZ sshd[10044]: Received disconnect from 125.65.165.70: 11: Bye Bye [preauth]
Dec 19 08:10:45 LabSZ sshd[10046]: pam_unix(sshd:auth): authentication failure; logname= uid=0 euid=0 tty=ssh ruser= rhost=125.65.165.70  user=root
Dec 19 08:10:46 LabSZ sshd[10046]: Failed password for root from 125.65.165.70 port 58422 ssh2
Dec 19 08:10:46 LabSZ sshd[10046]: Received disconnect from 125.65.165.70: 11: Bye Bye [preauth]
Dec 19 08:10:47 LabSZ sshd[10048]: Invalid user oracle from 125.65.165.70
Dec 19 08:10:47 LabSZ sshd[10048]: input_userauth_request: invalid user oracle [preauth]
Dec 19 08:10:47 LabSZ sshd[10048]: pam_unix(sshd:auth): check pass; user unknown
Dec 19 08:10:47 LabSZ sshd[10048]: pam_unix(sshd:auth): authentication failure; logname= uid=0 euid=0 tty=ssh ruser= rhost=125.65.165.70 
Dec 19 08:10:48 LabSZ sshd[10048]: Failed password for invalid user oracle from 125.65.165.70 port 33254 ssh2
Dec 19 08:10:48 LabSZ sshd[10048]: Received disconnect from 125.65.165.70: 11: Bye Bye [preauth]
Dec 19 08:10:49 LabSZ sshd[10050]: Invalid user nagios from 125.65.165.70
Dec 19 08:10:49 LabSZ sshd[10050]: input_userauth_request: invalid user nagios [preauth]
Dec 19 08:10:49 LabSZ sshd[10050]: pam_unix(sshd:auth): check pass; user unknown
Dec 19 08:10:49 LabSZ sshd[10050]: pam_unix(sshd:auth): authentication failure; logname= uid=0 euid=0 tty=ssh ruser= rhost=125.65.165.70 
Dec 19 08:10:50 LabSZ sshd[10050]: Failed password for invalid user nagios from 125.65.165.70 port 36318 ssh2
Dec 19 08:10:50 LabSZ sshd[10050]: Received disconnect from 125.65.165.70: 11: Bye Bye [preauth]
Dec 19 08:10:51 LabSZ sshd[10052]: Invalid user postgres from 125.65.165.70
Dec 19 08:10:51 LabSZ sshd[10052]: input_userauth_request: invalid user postgres [preauth]
Dec 19 08:10:51 LabSZ sshd[10052]: pam_unix(sshd:auth): check pass; user unknown
Dec 19 08:10:51 LabSZ sshd[10052]: pam_unix(sshd:auth): authentication failure; logname= uid=0 euid=0 tty=ssh ruser= rhost=125.65.165.70 
Dec 19 08:10:53 LabSZ sshd[10052]: Failed password for invalid user postgres from 125.65.165.70 port 39922 ssh2
Dec 19 08:10:53 LabSZ sshd[10052]: Received disconnect from 125.65.165.70: 11: Bye Bye [preauth]
Dec 19 08:10:53 LabSZ sshd[10054]: Invalid user postgres from 125.65.165.70
Dec 19 08:10:53 LabSZ sshd[10054]: input_userauth_request: invalid user postgres [preauth]
Dec 19 08:10:53 LabSZ sshd[10054]: pam_unix(sshd:auth): check pass; user unknown
Dec 19 08:10:53 LabSZ sshd[10054]: pam_unix(sshd:auth): authentication failure; logname= uid=0 euid=0 tty=ssh ruser= rhost=125.65.165.70 
Dec 19 08:10:55 LabSZ sshd[10054]: Failed password for invalid user postgres from 125.65.165.70 port 43858 ssh2
Dec 19 08:10:55 LabSZ sshd[10054]: Received disconnect from 125.65.165.70: 11: Bye Bye [preauth]
Dec 19 08:10:55 LabSZ sshd[10056]: Invalid user vnc from 125.65.165.70
Dec 19 08:10:55 LabSZ sshd[10056]: input_userauth_request: invalid user vnc [preauth]
Dec 19 08:10:55 LabSZ sshd[10056]: pam_unix(sshd:auth): check pass; user unknown
Dec 19 08:10:55 LabSZ sshd[10056]: pam_unix(sshd:auth): authentication failure; logname= uid=0 euid=0 tty=ssh ruser= rhost=125.65.165.70 
Dec 19 08:10:57 LabSZ sshd[10058]: Invalid user yuangr from 115.71.16.143
Dec 19 08:10:57 LabSZ sshd[10058]: input_userauth_request: invalid user yuangr [preauth]
Dec 19 08:10:57 LabSZ sshd[10058]: pam_unix(sshd:auth): check pass; user unknown
Dec 19 08:10:57 LabSZ sshd[10058]: pam_unix(sshd:auth): authentication failure; logname= uid=0 euid=0 tty=ssh ruser= rhost=115.71.16.143 
Dec 19 08:10:58 LabSZ sshd[10056]: Failed password for invalid user vnc from 125.65.165.70 port 47350 ssh2
Dec 19 08:10:58 LabSZ sshd[10056]: Received disconnect from 125.65.165.70: 11: Bye Bye [preauth]
Dec 19 08:10:58 LabSZ sshd[10058]: Failed password for invalid user yuangr from 115.71.16.143 port 36220 ssh2
Dec 19 08:10:58 LabSZ sshd[10058]: Received disconnect from 115.71.16.143: 11: Bye Bye [preauth]
Dec 19 08:10:58 LabSZ sshd[10060]: pam_unix(sshd:auth): authentication failure; logname= uid=0 euid=0 tty=ssh ruser= rhost=125.65.165.70  user=git
Dec 19 08:11:00 LabSZ sshd[10060]: Failed password for git from 125.65.165.70 port 52058 ssh2
Dec 19 08:11:00 LabSZ sshd[10060]: Received disconnect from 125.65.165.70: 11: Bye Bye [preauth]
Dec 19 08:11:01 LabSZ sshd[10062]: Invalid user nagios from 125.65.165.70
Dec 19 08:11:01 LabSZ sshd[10062]: input_userauth_request: invalid user nagios [preauth]
Dec 19 08:11:01 LabSZ sshd[10062]: pam_unix(sshd:auth): check pass; user unknown
