Dec 30 10:41:53 LabSZ sshd[25431]: Received disconnect from 139.219.191.138: 11: Bye Bye [preauth]
Dec 30 10:41:54 LabSZ sshd[25433]: pam_unix(sshd:auth): authentication failure; logname= uid=0 euid=0 tty=ssh ruser= rhost=139.219.191.138  user=root
Dec 30 10:41:56 LabSZ sshd[25433]: Failed password for root from 139.219.191.138 port 50958 ssh2
Dec 30 10:41:56 LabSZ sshd[25433]: Received disconnect from 139.219.191.138: 11: Bye Bye [preauth]
Dec 30 10:41:57 LabSZ sshd[25435]: pam_unix(sshd:auth): authentication failure; logname= uid=0 euid=0 tty=ssh ruser= rhost=139.219.191.138  user=root
Dec 30 10:41:59 LabSZ sshd[25435]: Failed password for root from 139.219.191.138 port 53584 ssh2
Dec 30 10:41:59 LabSZ sshd[25435]: Received disconnect from 139.219.191.138: 11: Bye Bye [preauth]
Dec 30 10:41:59 LabSZ sshd[25439]: pam_unix(sshd:auth): authentication failure; logname= uid=0 euid=0 tty=ssh ruser= rhost=139.219.191.138  user=root
Dec 30 10:42:01 LabSZ sshd[25437]: Invalid user admin from 82.127.165.147
Dec 30 10:42:01 LabSZ sshd[25437]: input_userauth_request: invalid user admin [preauth]
Dec 30 10:42:01 LabSZ sshd[25437]: pam_unix(sshd:auth): check pass; user unknown
Dec 30 10:42:01 LabSZ sshd[25437]: pam_unix(sshd:auth): authentication failure; logname= uid=0 euid=0 tty=ssh ruser= rhost=lmontsouris-657-1-127-147.w82-127.abo.wanadoo.fr 
Dec 30 10:42:01 LabSZ sshd[25439]: Failed password for root from 139.219.191.138 port 56338 ssh2
Dec 30 10:42:01 LabSZ sshd[25439]: Received disconnect from 139.219.191.138: 11: Bye Bye [preauth]
Dec 30 10:42:02 LabSZ sshd[25441]: pam_unix(sshd:auth): authentication failure; logname= uid=0 euid=0 tty=ssh ruser= rhost=139.219.191.138  user=root
Dec 30 10:42:03 LabSZ sshd[25441]: Failed password for root from 139.219.191.138 port 58322 ssh2
Dec 30 10:42:03 LabSZ sshd[25441]: Received disconnect from 139.219.191.138: 11: Bye Bye [preauth]
Dec 30 10:42:04 LabSZ sshd[25443]: pam_unix(sshd:auth): authentication failure; logname= uid=0 euid=0 tty=ssh ruser= rhost=139.219.191.138  user=root
Dec 30 10:42:05 LabSZ sshd[25443]: Failed password for root from 139.219.191.138 port 60246 ssh2
Dec 30 10:42:05 LabSZ sshd[25443]: Received disconnect from 139.219.191.138: 11: Bye Bye [preauth]
Dec 30 10:42:06 LabSZ sshd[25445]: pam_unix(sshd:auth): authentication failure; logname= uid=0 euid=0 tty=ssh ruser= rhost=139.219.191.138  user=root
Dec 30 10:42:08 LabSZ sshd[25437]: Failed password for invalid user admin from 82.127.165.147 port 50745 ssh2
Dec 30 10:42:08 LabSZ sshd[25445]: Failed password for root from 139.219.191.138 port 33896 ssh2
Dec 30 10:42:08 LabSZ sshd[25445]: Received disconnect from 139.219.191.138: 11: Bye Bye [preauth]
Dec 30 10:42:08 LabSZ sshd[25437]: pam_unix(sshd:auth): check pass; user unknown
Dec 30 10:42:08 LabSZ sshd[25447]: pam_unix(sshd:auth): authentication failure; logname= uid=0 euid=0 tty=ssh ruser= rhost=139.219.191.138  user=root
Dec 30 10:42:11 LabSZ sshd[25447]: Failed password for root from 139.219.191.138 port 36446 ssh2
Dec 30 10:42:11 LabSZ sshd[25447]: Received disconnect from 139.219.191.138: 11: Bye Bye [preauth]
Dec 30 10:42:11 LabSZ sshd[25437]: Failed password for invalid user admin from 82.127.165.147 port 50745 ssh2
Dec 30 10:42:11 LabSZ sshd[25449]: pam_unix(sshd:auth): authentication failure; logname= uid=0 euid=0 tty=ssh ruser= rhost=139.219.191.138  user=root
Dec 30 10:42:12 LabSZ sshd[25437]: pam_unix(sshd:auth): check pass; user unknown
Dec 30 10:42:13 LabSZ sshd[25449]: Failed password for root from 139.219.191.138 port 39284 ssh2
Dec 30 10:42:13 LabSZ sshd[25449]: Received disconnect from 139.219.191.138: 11: Bye Bye [preauth]
Dec 30 10:42:13 LabSZ sshd[25451]: pam_unix(sshd:auth): authentication failure; logname= uid=0 euid=0 tty=ssh ruser= rhost=139.219.191.138  user=root
Dec 30 10:42:14 LabSZ sshd[25437]: Failed password for invalid user admin from 82.127.165.147 port 50745 ssh2
Dec 30 10:42:14 LabSZ sshd[25437]: pam_unix(sshd:auth): check pass; user unknown
Dec 30 10:42:15 LabSZ sshd[25451]: Failed password for root from 139.219.191.138 port 41002 ssh2
Dec 30 10:42:15 LabSZ sshd[25451]: Received disconnect from 139.219.191.138: 11: Bye Bye [preauth]
Dec 30 10:42:16 LabSZ sshd[25453]: pam_unix(sshd:auth): authentication failure; logname= uid=0 euid=0 tty=ssh ruser= rhost=139.219.191.138  user=root
Dec 30 10:42:16 LabSZ sshd[25437]: Failed password for invalid user admin from 82.127.165.147 port 50745 ssh2
Dec 30 10:42:16 LabSZ sshd[25437]: pam_unix(sshd:auth): check pass; user unknown
Dec 30 10:42:17 LabSZ sshd[25453]: Failed password for root from 139.219.191.138 port 43142 ssh2
Dec 30 10:42:17 LabSZ sshd[25453]: Received disconnect from 139.219.191.138: 11: Bye Bye [preauth]
Dec 30 10:42:18 LabSZ sshd[25455]: pam_unix(sshd:auth): authentication failure; logname= uid=0 euid=0 tty=ssh ruser= rhost=139.219.191.138  user=root
Dec 30 10:42:18 LabSZ sshd[25437]: Failed password for invalid user admin from 82.127.165.147 port 50745 ssh2
Dec 30 10:42:19 LabSZ sshd[25437]: pam_unix(sshd:auth): check pass; user unknown
Dec 30 10:42:20 LabSZ sshd[25455]: Failed password for root from 139.219.191.138 port 44888 ssh2
Dec 30 10:42:20 LabSZ sshd[25455]: Received disconnect from 139.219.191.138: 11: Bye Bye [preauth]
Dec 30 10:42:20 LabSZ sshd[25457]: pam_unix(sshd:auth): authentication failure; logname= uid=0 euid=0 tty=ssh ruser= rhost=139.219.191.138  user=root
Dec 30 10:42:21 LabSZ sshd[25437]: Failed password for invalid user admin from 82.127.165.147 port 50745 ssh2
Dec 30 10:42:21 LabSZ sshd[25437]: Disconnecting: Too many authentication failures for admin [preauth]
Dec 30 10:42:21 LabSZ sshd[25437]: PAM 5 more authentication failures; logname= uid=0 euid=0 tty=ssh ruser= rhost=lmontsouris-657-1-127-147.w82-127.abo.wanadoo.fr 
Dec 30 10:42:21 LabSZ sshd[25437]: PAM service(sshd) ignoring max retries; 6 > 3
Dec 30 10:42:23 LabSZ sshd[25457]: Failed password for root from 139.219.191.138 port 47316 ssh2
Dec 30 10:42:23 LabSZ sshd[25457]: Received disconnect from 139.219.191.138: 11: Bye Bye [preauth]
Dec 30 10:42:23 LabSZ sshd[25459]: pam_unix(sshd:auth): authentication failure; logname= uid=0 euid=0 tty=ssh ruser= rhost=139.219.191.138  user=root
Dec 30 10:42:24 LabSZ sshd[25459]: Failed password for root from 139.219.191.138 port 50144 ssh2
Dec 30 10:42:24 LabSZ sshd[25459]: Received disconnect from 139.219.191.138: 11: Bye Bye [preauth]
Dec 30 10:42:25 LabSZ sshd[25461]: pam_unix(sshd:auth): authentication failure; logname= uid=0 euid=0 tty=ssh ruser= rhost=139.219.191.138  user=root
Dec 30 10:42:27 LabSZ sshd[25461]: Failed password for root from 139.219.191.138 port 51728 ssh2
Dec 30 10:42:27 LabSZ sshd[25461]: Received disconnect from 139.219.191.138: 11: Bye Bye [preauth]
Dec 30 10:42:27 LabSZ sshd[25463]: pam_unix(sshd:auth): authentication failure; logname= uid=0 euid=0 tty=ssh ruser= rhost=139.219.191.138  user=root
Dec 30 10:42:29 LabSZ sshd[25463]: Failed password for root from 139.219.191.138 port 53830 ssh2
Dec 30 10:42:29 LabSZ sshd[25463]: Received disconnect from 139.219.191.138: 11: Bye Bye [preauth]
Dec 30 10:42:29 LabSZ sshd[25465]: pam_unix(sshd:auth): authentication failure; logname= uid=0 euid=0 tty=ssh ruser= rhost=139.219.191.138  user=root
Dec 30 10:42:31 LabSZ sshd[25465]: Failed password for root from 139.219.191.138 port 56052 ssh2
Dec 30 10:42:31 LabSZ sshd[25465]: Received disconnect from 139.219.191.138: 11: Bye Bye [preauth]
Dec 30 10:42:31 LabSZ sshd[25467]: pam_unix(sshd:auth): authentication failure; logname= uid=0 euid=0 tty=ssh ruser= rhost=139.219.191.138  user=root
Dec 30 10:42:34 LabSZ sshd[25467]: Failed password for root from 139.219.191.138 port 58004 ssh2
Dec 30 10:42:34 LabSZ sshd[25467]: Received disconnect from 139.219.191.138: 11: Bye Bye [preauth]
Dec 30 10:42:34 LabSZ sshd[25469]: pam_unix(sshd:auth): authentication failure; logname= uid=0 euid=0 tty=ssh ruser= rhost=139.219.191.138  user=root
Dec 30 10:42:36 LabSZ sshd[25469]: Failed password for root from 139.219.191.138 port 60572 ssh2
Dec 30 10:42:36 LabSZ sshd[25469]: Received disconnect from 139.219.191.138: 11: Bye Bye [preauth]
Dec 30 10:42:36 LabSZ sshd[25471]: pam_unix(sshd:auth): authentication failure; logname= uid=0 euid=0 tty=ssh ruser= rhost=139.219.191.138  user=root
Dec 30 10:42:38 LabSZ sshd[25471]: Failed password for root from 139.219.191.138 port 34522 ssh2
Dec 30 10:42:38 LabSZ sshd[25471]: Received disconnect from 139.219.191.138: 11: Bye Bye [preauth]
Dec 30 10:42:38 LabSZ sshd[25473]: pam_unix(sshd:auth): authentication failure; logname= uid=0 euid=0 tty=ssh ruser= rhost=139.219.191.138  user=root
Dec 30 10:42:40 LabSZ sshd[25473]: Failed password for root from 139.219.191.138 port 36468 ssh2
Dec 30 10:42:40 LabSZ sshd[25473]: Received disconnect from 139.219.191.138: 11: Bye Bye [preauth]
Dec 30 10:42:41 LabSZ sshd[25475]: pam_unix(sshd:auth): authentication failure; logname= uid=0 euid=0 tty=ssh ruser= rhost=139.219.191.138  user=root
Dec 30 10:42:43 LabSZ sshd[25475]: Failed password for root from 139.219.191.138 port 38324 ssh2
Dec 30 10:42:43 LabSZ sshd[25475]: Received disconnect from 139.219.191.138: 11: Bye Bye [preauth]
Dec 30 10:42:43 LabSZ sshd[25477]: pam_unix(sshd:auth): authentication failure; logname= uid=0 euid=0 tty=ssh ruser= rhost=139.219.191.138  user=root
Dec 30 10:42:45 LabSZ sshd[25477]: Failed password for root from 139.219.191.138 port 40900 ssh2
Dec 30 10:42:45 LabSZ sshd[25477]: Received disconnect from 139.219.191.138: 11: Bye Bye [preauth]
Dec 30 10:42:46 LabSZ sshd[25479]: pam_unix(sshd:auth): authentication failure; logname= uid=0 euid=0 tty=ssh ruser= rhost=139.219.191.138  user=root
Dec 30 10:42:48 LabSZ sshd[25479]: Failed password for root from 139.219.191.138 port 43454 ssh2
Dec 30 10:42:48 LabSZ sshd[25479]: Received disconnect from 139.219.191.138: 11: Bye Bye [preauth]
Dec 30 10:42:48 LabSZ sshd[25481]: pam_unix(sshd:auth): authentication failure; logname= uid=0 euid=0 tty=ssh ruser= rhost=139.219.191.138  user=root
Dec 30 10:42:50 LabSZ sshd[25481]: Failed password for root from 139.219.191.138 port 45528 ssh2
Dec 30 10:42:50 LabSZ sshd[25481]: Received disconnect from 139.219.191.138: 11: Bye Bye [preauth]
Dec 30 10:42:50 LabSZ sshd[25483]: pam_unix(sshd:auth): authentication failure; logname= uid=0 euid=0 tty=ssh ruser= rhost=139.219.191.138  user=root
Dec 30 10:42:52 LabSZ sshd[25483]: Failed password for root from 139.219.191.138 port 47378 ssh2
Dec 30 10:42:52 LabSZ sshd[25483]: Received disconnect from 139.219.191.138: 11: Bye Bye [preauth]
Dec 30 10:42:53 LabSZ sshd[25485]: pam_unix(sshd:auth): authentication failure; logname= uid=0 euid=0 tty=ssh ruser= rhost=139.219.191.138  user=root
Dec 30 10:42:55 LabSZ sshd[25485]: Failed password for root from 139.219.191.138 port 49718 ssh2
Dec 30 10:42:55 LabSZ sshd[25485]: Received disconnect from 139.219.191.138: 11: Bye Bye [preauth]
Dec 30 10:42:55 LabSZ sshd[25487]: pam_unix(sshd:auth): authentication failure; logname= uid=0 euid=0 tty=ssh ruser= rhost=139.219.191.138  user=root
Dec 30 10:42:58 LabSZ sshd[25487]: Failed password for root from 139.219.191.138 port 52450 ssh2
Dec 30 10:42:58 LabSZ sshd[25487]: Received disconnect from 139.219.191.138: 11: Bye Bye [preauth]
