Jan  2 06:46:06 LabSZ sshd[27263]: Did not receive identification string from 195.154.37.122
Jan  2 06:46:07 LabSZ sshd[27261]: Failed password for root from 218.65.30.30 port 56392 ssh2
Jan  2 06:46:08 LabSZ sshd[27264]: reverse mapping checking getaddrinfo for 195-154-37-122.rev.poneytelecom.eu [195.154.37.122] failed - POSSIBLE BREAK-IN ATTEMPT!
Jan  2 06:46:08 LabSZ sshd[27264]: Invalid user support from 195.154.37.122
Jan  2 06:46:08 LabSZ sshd[27264]: input_userauth_request: invalid user support [preauth]
Jan  2 06:46:08 LabSZ sshd[27264]: pam_unix(sshd:auth): check pass; user unknown
Jan  2 06:46:08 LabSZ sshd[27264]: pam_unix(sshd:auth): authentication failure; logname= uid=0 euid=0 tty=ssh ruser= rhost=195.154.37.122 
Jan  2 06:46:10 LabSZ sshd[27264]: Failed password for invalid user support from 195.154.37.122 port 58155 ssh2
Jan  2 06:46:10 LabSZ sshd[27264]: error: Received disconnect from 195.154.37.122: 3: com.jcraft.jsch.JSchException: Auth fail [preauth]
Jan  2 06:46:12 LabSZ sshd[27266]: reverse mapping checking getaddrinfo for 195-154-37-122.rev.poneytelecom.eu [195.154.37.122] failed - POSSIBLE BREAK-IN ATTEMPT!
Jan  2 06:46:12 LabSZ sshd[27266]: pam_unix(sshd:auth): authentication failure; logname= uid=0 euid=0 tty=ssh ruser= rhost=195.154.37.122  user=uucp
Jan  2 06:46:13 LabSZ sshd[27257]: message repeated 5 times: [ Failed password for root from 58.242.83.25 port 29872 ssh2]
Jan  2 06:46:13 LabSZ sshd[27257]: Disconnecting: Too many authentication failures for root [preauth]
Jan  2 06:46:13 LabSZ sshd[27257]: PAM 5 more authentication failures; logname= uid=0 euid=0 tty=ssh ruser= rhost=58.242.83.25  user=root
Jan  2 06:46:13 LabSZ sshd[27257]: PAM service(sshd) ignoring max retries; 6 > 3
Jan  2 06:46:14 LabSZ sshd[27268]: pam_unix(sshd:auth): authentication failure; logname= uid=0 euid=0 tty=ssh ruser= rhost=58.242.83.25  user=root
Jan  2 06:46:15 LabSZ sshd[27266]: Failed password for uucp from 195.154.37.122 port 59922 ssh2
Jan  2 06:46:15 LabSZ sshd[27266]: error: Received disconnect from 195.154.37.122: 3: com.jcraft.jsch.JSchException: Auth fail [preauth]
Jan  2 06:46:16 LabSZ sshd[27268]: Failed password for root from 58.242.83.25 port 51600 ssh2
Jan  2 06:46:18 LabSZ sshd[27259]: message repeated 5 times: [ Failed password for root from 182.100.67.120 port 50432 ssh2]
Jan  2 06:46:18 LabSZ sshd[27259]: Disconnecting: Too many authentication failures for root [preauth]
Jan  2 06:46:18 LabSZ sshd[27259]: PAM 5 more authentication failures; logname= uid=0 euid=0 tty=ssh ruser= rhost=182.100.67.120  user=root
Jan  2 06:46:18 LabSZ sshd[27259]: PAM service(sshd) ignoring max retries; 6 > 3
Jan  2 06:46:20 LabSZ sshd[27270]: pam_unix(sshd:auth): authentication failure; logname= uid=0 euid=0 tty=ssh ruser= rhost=182.100.67.120  user=root
Jan  2 06:46:21 LabSZ sshd[27270]: Failed password for root from 182.100.67.120 port 22896 ssh2
Jan  2 06:46:22 LabSZ sshd[27261]: message repeated 5 times: [ Failed password for root from 218.65.30.30 port 56392 ssh2]
Jan  2 06:46:22 LabSZ sshd[27261]: Disconnecting: Too many authentication failures for root [preauth]
Jan  2 06:46:22 LabSZ sshd[27261]: PAM 5 more authentication failures; logname= uid=0 euid=0 tty=ssh ruser= rhost=218.65.30.30  user=root
Jan  2 06:46:22 LabSZ sshd[27261]: PAM service(sshd) ignoring max retries; 6 > 3
Jan  2 06:46:23 LabSZ sshd[27272]: reverse mapping checking getaddrinfo for 30.30.65.218.broad.xy.jx.dynamic.163data.com.cn [218.65.30.30] failed - POSSIBLE BREAK-IN ATTEMPT!
Jan  2 06:46:23 LabSZ sshd[27272]: pam_unix(sshd:auth): authentication failure; logname= uid=0 euid=0 tty=ssh ruser= rhost=218.65.30.30  user=root
Jan  2 06:46:26 LabSZ sshd[27272]: Failed password for root from 218.65.30.30 port 32656 ssh2
Jan  2 06:46:30 LabSZ sshd[27268]: message repeated 5 times: [ Failed password for root from 58.242.83.25 port 51600 ssh2]
Jan  2 06:46:30 LabSZ sshd[27268]: Disconnecting: Too many authentication failures for root [preauth]
Jan  2 06:46:30 LabSZ sshd[27268]: PAM 5 more authentication failures; logname= uid=0 euid=0 tty=ssh ruser= rhost=58.242.83.25  user=root
Jan  2 06:46:30 LabSZ sshd[27268]: PAM service(sshd) ignoring max retries; 6 > 3
Jan  2 06:46:32 LabSZ sshd[27274]: pam_unix(sshd:auth): authentication failure; logname= uid=0 euid=0 tty=ssh ruser= rhost=58.242.83.25  user=root
Jan  2 06:46:34 LabSZ sshd[27274]: Failed password for root from 58.242.83.25 port 9461 ssh2
Jan  2 06:46:35 LabSZ sshd[27270]: message repeated 5 times: [ Failed password for root from 182.100.67.120 port 22896 ssh2]
Jan  2 06:46:35 LabSZ sshd[27270]: Disconnecting: Too many authentication failures for root [preauth]
Jan  2 06:46:35 LabSZ sshd[27270]: PAM 5 more authentication failures; logname= uid=0 euid=0 tty=ssh ruser= rhost=182.100.67.120  user=root
Jan  2 06:46:35 LabSZ sshd[27270]: PAM service(sshd) ignoring max retries; 6 > 3
Jan  2 06:46:36 LabSZ sshd[27276]: pam_unix(sshd:auth): authentication failure; logname= uid=0 euid=0 tty=ssh ruser= rhost=182.100.67.120  user=root
Jan  2 06:46:38 LabSZ sshd[27276]: Failed password for root from 182.100.67.120 port 59132 ssh2
Jan  2 06:46:39 LabSZ sshd[27272]: message repeated 5 times: [ Failed password for root from 218.65.30.30 port 32656 ssh2]
Jan  2 06:46:39 LabSZ sshd[27272]: Disconnecting: Too many authentication failures for root [preauth]
Jan  2 06:46:39 LabSZ sshd[27272]: PAM 5 more authentication failures; logname= uid=0 euid=0 tty=ssh ruser= rhost=218.65.30.30  user=root
Jan  2 06:46:39 LabSZ sshd[27272]: PAM service(sshd) ignoring max retries; 6 > 3
Jan  2 06:46:41 LabSZ sshd[27278]: reverse mapping checking getaddrinfo for 30.30.65.218.broad.xy.jx.dynamic.163data.com.cn [218.65.30.30] failed - POSSIBLE BREAK-IN ATTEMPT!
Jan  2 06:46:41 LabSZ sshd[27278]: pam_unix(sshd:auth): authentication failure; logname= uid=0 euid=0 tty=ssh ruser= rhost=218.65.30.30  user=root
Jan  2 06:46:43 LabSZ sshd[27278]: Failed password for root from 218.65.30.30 port 9798 ssh2
Jan  2 06:46:47 LabSZ sshd[27274]: message repeated 5 times: [ Failed password for root from 58.242.83.25 port 9461 ssh2]
Jan  2 06:46:47 LabSZ sshd[27274]: Disconnecting: Too many authentication failures for root [preauth]
Jan  2 06:46:47 LabSZ sshd[27274]: PAM 5 more authentication failures; logname= uid=0 euid=0 tty=ssh ruser= rhost=58.242.83.25  user=root
Jan  2 06:46:47 LabSZ sshd[27274]: PAM service(sshd) ignoring max retries; 6 > 3
Jan  2 06:46:49 LabSZ sshd[27280]: pam_unix(sshd:auth): authentication failure; logname= uid=0 euid=0 tty=ssh ruser= rhost=58.242.83.25  user=root
Jan  2 06:46:50 LabSZ sshd[27276]: message repeated 5 times: [ Failed password for root from 182.100.67.120 port 59132 ssh2]
Jan  2 06:46:50 LabSZ sshd[27276]: Disconnecting: Too many authentication failures for root [preauth]
Jan  2 06:46:50 LabSZ sshd[27276]: PAM 5 more authentication failures; logname= uid=0 euid=0 tty=ssh ruser= rhost=182.100.67.120  user=root
Jan  2 06:46:50 LabSZ sshd[27276]: PAM service(sshd) ignoring max retries; 6 > 3
Jan  2 06:46:51 LabSZ sshd[27280]: Failed password for root from 58.242.83.25 port 31832 ssh2
Jan  2 06:46:52 LabSZ sshd[27282]: pam_unix(sshd:auth): authentication failure; logname= uid=0 euid=0 tty=ssh ruser= rhost=182.100.67.120  user=root
Jan  2 06:46:54 LabSZ sshd[27282]: Failed password for root from 182.100.67.120 port 31126 ssh2
Jan  2 06:46:55 LabSZ sshd[27278]: message repeated 5 times: [ Failed password for root from 218.65.30.30 port 9798 ssh2]
Jan  2 06:46:55 LabSZ sshd[27278]: Disconnecting: Too many authentication failures for root [preauth]
Jan  2 06:46:55 LabSZ sshd[27278]: PAM 5 more authentication failures; logname= uid=0 euid=0 tty=ssh ruser= rhost=218.65.30.30  user=root
Jan  2 06:46:55 LabSZ sshd[27278]: PAM service(sshd) ignoring max retries; 6 > 3
Jan  2 06:46:57 LabSZ sshd[27284]: reverse mapping checking getaddrinfo for 30.30.65.218.broad.xy.jx.dynamic.163data.com.cn [218.65.30.30] failed - POSSIBLE BREAK-IN ATTEMPT!
Jan  2 06:46:57 LabSZ sshd[27284]: pam_unix(sshd:auth): authentication failure; logname= uid=0 euid=0 tty=ssh ruser= rhost=218.65.30.30  user=root
Jan  2 06:46:59 LabSZ sshd[27284]: Failed password for root from 218.65.30.30 port 46048 ssh2
Jan  2 06:47:03 LabSZ sshd[27280]: message repeated 5 times: [ Failed password for root from 58.242.83.25 port 31832 ssh2]
Jan  2 06:47:03 LabSZ sshd[27280]: Disconnecting: Too many authentication failures for root [preauth]
Jan  2 06:47:03 LabSZ sshd[27280]: PAM 5 more authentication failures; logname= uid=0 euid=0 tty=ssh ruser= rhost=58.242.83.25  user=root
Jan  2 06:47:03 LabSZ sshd[27280]: PAM service(sshd) ignoring max retries; 6 > 3
Jan  2 06:47:05 LabSZ sshd[27286]: pam_unix(sshd:auth): authentication failure; logname= uid=0 euid=0 tty=ssh ruser= rhost=58.242.83.25  user=root
Jan  2 06:47:06 LabSZ sshd[27282]: message repeated 5 times: [ Failed password for root from 182.100.67.120 port 31126 ssh2]
Jan  2 06:47:06 LabSZ sshd[27282]: Disconnecting: Too many authentication failures for root [preauth]
Jan  2 06:47:06 LabSZ sshd[27282]: PAM 5 more authentication failures; logname= uid=0 euid=0 tty=ssh ruser= rhost=182.100.67.120  user=root
Jan  2 06:47:06 LabSZ sshd[27282]: PAM service(sshd) ignoring max retries; 6 > 3
Jan  2 06:47:07 LabSZ sshd[27286]: Failed password for root from 58.242.83.25 port 53562 ssh2
Jan  2 06:47:08 LabSZ sshd[27288]: pam_unix(sshd:auth): authentication failure; logname= uid=0 euid=0 tty=ssh ruser= rhost=182.100.67.120  user=root
Jan  2 06:47:09 LabSZ sshd[27288]: Failed password for root from 182.100.67.120 port 2438 ssh2
Jan  2 06:47:11 LabSZ sshd[27284]: message repeated 5 times: [ Failed password for root from 218.65.30.30 port 46048 ssh2]
Jan  2 06:47:11 LabSZ sshd[27284]: Disconnecting: Too many authentication failures for root [preauth]
Jan  2 06:47:11 LabSZ sshd[27284]: PAM 5 more authentication failures; logname= uid=0 euid=0 tty=ssh ruser= rhost=218.65.30.30  user=root
Jan  2 06:47:11 LabSZ sshd[27284]: PAM service(sshd) ignoring max retries; 6 > 3
Jan  2 06:47:13 LabSZ sshd[27290]: reverse mapping checking getaddrinfo for 30.30.65.218.broad.xy.jx.dynamic.163data.com.cn [218.65.30.30] failed - POSSIBLE BREAK-IN ATTEMPT!
Jan  2 06:47:13 LabSZ sshd[27290]: pam_unix(sshd:auth): authentication failure; logname= uid=0 euid=0 tty=ssh ruser= rhost=218.65.30.30  user=root
Jan  2 06:47:15 LabSZ sshd[27290]: Failed password for root from 218.65.30.30 port 17288 ssh2
Jan  2 06:47:20 LabSZ sshd[27286]: message repeated 5 times: [ Failed password for root from 58.242.83.25 port 53562 ssh2]
Jan  2 06:47:20 LabSZ sshd[27286]: Disconnecting: Too many authentication failures for root [preauth]
Jan  2 06:47:20 LabSZ sshd[27286]: PAM 5 more authentication failures; logname= uid=0 euid=0 tty=ssh ruser= rhost=58.242.83.25  user=root
Jan  2 06:47:20 LabSZ sshd[27286]: PAM service(sshd) ignoring max retries; 6 > 3
Jan  2 06:47:21 LabSZ sshd[27292]: pam_unix(sshd:auth): authentication failure; logname= uid=0 euid=0 tty=ssh ruser= rhost=58.242.83.25  user=root
Jan  2 06:47:22 LabSZ sshd[27288]: message repeated 5 times: [ Failed password for root from 182.100.67.120 port 2438 ssh2]
Jan  2 06:47:22 LabSZ sshd[27288]: Disconnecting: Too many authentication failures for root [preauth]
Jan  2 06:47:22 LabSZ sshd[27288]: PAM 5 more authentication failures; logname= uid=0 euid=0 tty=ssh ruser= rhost=182.100.67.120  user=root
Jan  2 06:47:22 LabSZ sshd[27288]: PAM service(sshd) ignoring max retries; 6 > 3
Jan  2 06:47:23 LabSZ sshd[27292]: Failed password for root from 58.242.83.25 port 10768 ssh2
Jan  2 06:47:24 LabSZ sshd[27294]: pam_unix(sshd:auth): authentication failure; logname= uid=0 euid=0 tty=ssh ruser= rhost=182.100.67.120  user=root
