Jan  4 18:20:48 LabSZ sshd[4814]: message repeated 5 times: [ Failed password for root from 59.63.188.30 port 43704 ssh2]
Jan  4 18:20:48 LabSZ sshd[4814]: Disconnecting: Too many authentication failures for root [preauth]
Jan  4 18:20:48 LabSZ sshd[4814]: PAM 5 more authentication failures; logname= uid=0 euid=0 tty=ssh ruser= rhost=59.63.188.30  user=root
Jan  4 18:20:48 LabSZ sshd[4814]: PAM service(sshd) ignoring max retries; 6 > 3
Jan  4 18:20:48 LabSZ sshd[4816]: Failed password for root from 59.63.188.30 port 59031 ssh2
Jan  4 18:20:49 LabSZ sshd[4818]: pam_unix(sshd:auth): authentication failure; logname= uid=0 euid=0 tty=ssh ruser= rhost=59.63.188.30  user=root
Jan  4 18:20:51 LabSZ sshd[4818]: Failed password for root from 59.63.188.30 port 61478 ssh2
Jan  4 18:20:52 LabSZ sshd[4796]: Connection closed by 185.222.209.151 [preauth]
Jan  4 18:20:52 LabSZ sshd[4796]: PAM 4 more authentication failures; logname= uid=0 euid=0 tty=ssh ruser= rhost=185.222.209.151 
Jan  4 18:20:52 LabSZ sshd[4796]: PAM service(sshd) ignoring max retries; 5 > 3
Jan  4 18:20:59 LabSZ sshd[4816]: message repeated 5 times: [ Failed password for root from 59.63.188.30 port 59031 ssh2]
Jan  4 18:20:59 LabSZ sshd[4816]: Disconnecting: Too many authentication failures for root [preauth]
Jan  4 18:20:59 LabSZ sshd[4816]: PAM 5 more authentication failures; logname= uid=0 euid=0 tty=ssh ruser= rhost=59.63.188.30  user=root
Jan  4 18:20:59 LabSZ sshd[4816]: PAM service(sshd) ignoring max retries; 6 > 3
Jan  4 18:21:01 LabSZ sshd[4821]: pam_unix(sshd:auth): authentication failure; logname= uid=0 euid=0 tty=ssh ruser= rhost=59.63.188.30  user=root
Jan  4 18:21:03 LabSZ sshd[4821]: Failed password for root from 59.63.188.30 port 11538 ssh2
Jan  4 18:21:04 LabSZ sshd[4818]: message repeated 5 times: [ Failed password for root from 59.63.188.30 port 61478 ssh2]
Jan  4 18:21:04 LabSZ sshd[4818]: Disconnecting: Too many authentication failures for root [preauth]
Jan  4 18:21:04 LabSZ sshd[4818]: PAM 5 more authentication failures; logname= uid=0 euid=0 tty=ssh ruser= rhost=59.63.188.30  user=root
Jan  4 18:21:04 LabSZ sshd[4818]: PAM service(sshd) ignoring max retries; 6 > 3
Jan  4 18:21:05 LabSZ sshd[4823]: pam_unix(sshd:auth): authentication failure; logname= uid=0 euid=0 tty=ssh ruser= rhost=59.63.188.30  user=root
Jan  4 18:21:07 LabSZ sshd[4823]: Failed password for root from 59.63.188.30 port 16483 ssh2
Jan  4 18:21:16 LabSZ sshd[4821]: message repeated 5 times: [ Failed password for root from 59.63.188.30 port 11538 ssh2]
Jan  4 18:21:16 LabSZ sshd[4821]: Disconnecting: Too many authentication failures for root [preauth]
Jan  4 18:21:16 LabSZ sshd[4821]: PAM 5 more authentication failures; logname= uid=0 euid=0 tty=ssh ruser= rhost=59.63.188.30  user=root
Jan  4 18:21:16 LabSZ sshd[4821]: PAM service(sshd) ignoring max retries; 6 > 3
Jan  4 18:21:17 LabSZ sshd[4826]: pam_unix(sshd:auth): authentication failure; logname= uid=0 euid=0 tty=ssh ruser= rhost=59.63.188.30  user=root
Jan  4 18:21:19 LabSZ sshd[4826]: Failed password for root from 59.63.188.30 port 31069 ssh2
Jan  4 18:21:20 LabSZ sshd[4823]: message repeated 5 times: [ Failed password for root from 59.63.188.30 port 16483 ssh2]
Jan  4 18:21:20 LabSZ sshd[4823]: Disconnecting: Too many authentication failures for root [preauth]
Jan  4 18:21:20 LabSZ sshd[4823]: PAM 5 more authentication failures; logname= uid=0 euid=0 tty=ssh ruser= rhost=59.63.188.30  user=root
Jan  4 18:21:20 LabSZ sshd[4823]: PAM service(sshd) ignoring max retries; 6 > 3
Jan  4 18:21:22 LabSZ sshd[4828]: pam_unix(sshd:auth): authentication failure; logname= uid=0 euid=0 tty=ssh ruser= rhost=59.63.188.30  user=root
Jan  4 18:21:24 LabSZ sshd[4828]: Failed password for root from 59.63.188.30 port 35461 ssh2
Jan  4 18:21:33 LabSZ sshd[4826]: message repeated 5 times: [ Failed password for root from 59.63.188.30 port 31069 ssh2]
Jan  4 18:21:33 LabSZ sshd[4826]: Disconnecting: Too many authentication failures for root [preauth]
Jan  4 18:21:33 LabSZ sshd[4826]: PAM 5 more authentication failures; logname= uid=0 euid=0 tty=ssh ruser= rhost=59.63.188.30  user=root
Jan  4 18:21:33 LabSZ sshd[4826]: PAM service(sshd) ignoring max retries; 6 > 3
Jan  4 18:21:34 LabSZ sshd[4830]: pam_unix(sshd:auth): authentication failure; logname= uid=0 euid=0 tty=ssh ruser= rhost=59.63.188.30  user=root
Jan  4 18:21:36 LabSZ sshd[4830]: Failed password for root from 59.63.188.30 port 50392 ssh2
Jan  4 18:21:37 LabSZ sshd[4828]: message repeated 5 times: [ Failed password for root from 59.63.188.30 port 35461 ssh2]
Jan  4 18:21:37 LabSZ sshd[4828]: Disconnecting: Too many authentication failures for root [preauth]
Jan  4 18:21:37 LabSZ sshd[4828]: PAM 5 more authentication failures; logname= uid=0 euid=0 tty=ssh ruser= rhost=59.63.188.30  user=root
Jan  4 18:21:37 LabSZ sshd[4828]: PAM service(sshd) ignoring max retries; 6 > 3
Jan  4 18:21:38 LabSZ sshd[4832]: pam_unix(sshd:auth): authentication failure; logname= uid=0 euid=0 tty=ssh ruser= rhost=59.63.188.30  user=root
Jan  4 18:21:39 LabSZ sshd[4820]: Invalid user admin from 185.222.209.151
Jan  4 18:21:39 LabSZ sshd[4820]: input_userauth_request: invalid user admin [preauth]
Jan  4 18:21:39 LabSZ sshd[4820]: pam_unix(sshd:auth): check pass; user unknown
Jan  4 18:21:39 LabSZ sshd[4820]: pam_unix(sshd:auth): authentication failure; logname= uid=0 euid=0 tty=ssh ruser= rhost=185.222.209.151 
Jan  4 18:21:40 LabSZ sshd[4832]: Failed password for root from 59.63.188.30 port 54496 ssh2
Jan  4 18:21:41 LabSZ sshd[4820]: Failed password for invalid user admin from 185.222.209.151 port 39744 ssh2
Jan  4 18:21:49 LabSZ sshd[4830]: message repeated 5 times: [ Failed password for root from 59.63.188.30 port 50392 ssh2]
Jan  4 18:21:49 LabSZ sshd[4830]: Disconnecting: Too many authentication failures for root [preauth]
Jan  4 18:21:49 LabSZ sshd[4830]: PAM 5 more authentication failures; logname= uid=0 euid=0 tty=ssh ruser= rhost=59.63.188.30  user=root
Jan  4 18:21:49 LabSZ sshd[4830]: PAM service(sshd) ignoring max retries; 6 > 3
Jan  4 18:21:50 LabSZ sshd[4820]: pam_unix(sshd:auth): check pass; user unknown
Jan  4 18:21:50 LabSZ sshd[4834]: pam_unix(sshd:auth): authentication failure; logname= uid=0 euid=0 tty=ssh ruser= rhost=59.63.188.30  user=root
Jan  4 18:21:52 LabSZ sshd[4820]: Failed password for invalid user admin from 185.222.209.151 port 39744 ssh2
Jan  4 18:21:52 LabSZ sshd[4834]: Failed password for root from 59.63.188.30 port 4720 ssh2
Jan  4 18:21:53 LabSZ sshd[4832]: message repeated 5 times: [ Failed password for root from 59.63.188.30 port 54496 ssh2]
Jan  4 18:21:53 LabSZ sshd[4832]: Disconnecting: Too many authentication failures for root [preauth]
Jan  4 18:21:53 LabSZ sshd[4832]: PAM 5 more authentication failures; logname= uid=0 euid=0 tty=ssh ruser= rhost=59.63.188.30  user=root
Jan  4 18:21:53 LabSZ sshd[4832]: PAM service(sshd) ignoring max retries; 6 > 3
Jan  4 18:21:54 LabSZ sshd[4836]: pam_unix(sshd:auth): authentication failure; logname= uid=0 euid=0 tty=ssh ruser= rhost=59.63.188.30  user=root
Jan  4 18:21:56 LabSZ sshd[4836]: Failed password for root from 59.63.188.30 port 9126 ssh2
Jan  4 18:21:59 LabSZ sshd[4820]: Connection closed by 185.222.209.151 [preauth]
Jan  4 18:21:59 LabSZ sshd[4820]: PAM 1 more authentication failure; logname= uid=0 euid=0 tty=ssh ruser= rhost=185.222.209.151 
Jan  4 18:22:06 LabSZ sshd[4834]: message repeated 5 times: [ Failed password for root from 59.63.188.30 port 4720 ssh2]
Jan  4 18:22:06 LabSZ sshd[4834]: Disconnecting: Too many authentication failures for root [preauth]
Jan  4 18:22:06 LabSZ sshd[4834]: PAM 5 more authentication failures; logname= uid=0 euid=0 tty=ssh ruser= rhost=59.63.188.30  user=root
Jan  4 18:22:06 LabSZ sshd[4834]: PAM service(sshd) ignoring max retries; 6 > 3
Jan  4 18:22:07 LabSZ sshd[4839]: pam_unix(sshd:auth): authentication failure; logname= uid=0 euid=0 tty=ssh ruser= rhost=59.63.188.30  user=root
Jan  4 18:22:09 LabSZ sshd[4839]: Failed password for root from 59.63.188.30 port 23810 ssh2
Jan  4 18:22:09 LabSZ sshd[4836]: message repeated 5 times: [ Failed password for root from 59.63.188.30 port 9126 ssh2]
Jan  4 18:22:09 LabSZ sshd[4836]: Disconnecting: Too many authentication failures for root [preauth]
Jan  4 18:22:09 LabSZ sshd[4836]: PAM 5 more authentication failures; logname= uid=0 euid=0 tty=ssh ruser= rhost=59.63.188.30  user=root
Jan  4 18:22:09 LabSZ sshd[4836]: PAM service(sshd) ignoring max retries; 6 > 3
Jan  4 18:22:11 LabSZ sshd[4842]: pam_unix(sshd:auth): authentication failure; logname= uid=0 euid=0 tty=ssh ruser= rhost=59.63.188.30  user=root
Jan  4 18:22:13 LabSZ sshd[4842]: Failed password for root from 59.63.188.30 port 27896 ssh2
Jan  4 18:22:23 LabSZ sshd[4839]: message repeated 5 times: [ Failed password for root from 59.63.188.30 port 23810 ssh2]
Jan  4 18:22:23 LabSZ sshd[4839]: Disconnecting: Too many authentication failures for root [preauth]
Jan  4 18:22:23 LabSZ sshd[4839]: PAM 5 more authentication failures; logname= uid=0 euid=0 tty=ssh ruser= rhost=59.63.188.30  user=root
Jan  4 18:22:23 LabSZ sshd[4839]: PAM service(sshd) ignoring max retries; 6 > 3
Jan  4 18:22:24 LabSZ sshd[4844]: pam_unix(sshd:auth): authentication failure; logname= uid=0 euid=0 tty=ssh ruser= rhost=59.63.188.30  user=root
Jan  4 18:22:25 LabSZ sshd[4842]: message repeated 5 times: [ Failed password for root from 59.63.188.30 port 27896 ssh2]
Jan  4 18:22:25 LabSZ sshd[4842]: Disconnecting: Too many authentication failures for root [preauth]
Jan  4 18:22:25 LabSZ sshd[4842]: PAM 5 more authentication failures; logname= uid=0 euid=0 tty=ssh ruser= rhost=59.63.188.30  user=root
Jan  4 18:22:25 LabSZ sshd[4842]: PAM service(sshd) ignoring max retries; 6 > 3
Jan  4 18:22:26 LabSZ sshd[4844]: Failed password for root from 59.63.188.30 port 43397 ssh2
Jan  4 18:22:27 LabSZ sshd[4846]: pam_unix(sshd:auth): authentication failure; logname= uid=0 euid=0 tty=ssh ruser= rhost=59.63.188.30  user=root
Jan  4 18:22:28 LabSZ sshd[4846]: Failed password for root from 59.63.188.30 port 46425 ssh2
Jan  4 18:22:38 LabSZ sshd[4838]: Invalid user api from 185.222.209.151
Jan  4 18:22:38 LabSZ sshd[4838]: input_userauth_request: invalid user api [preauth]
Jan  4 18:22:38 LabSZ sshd[4838]: pam_unix(sshd:auth): check pass; user unknown
Jan  4 18:22:38 LabSZ sshd[4838]: pam_unix(sshd:auth): authentication failure; logname= uid=0 euid=0 tty=ssh ruser= rhost=185.222.209.151 
Jan  4 18:22:39 LabSZ sshd[4844]: message repeated 5 times: [ Failed password for root from 59.63.188.30 port 43397 ssh2]
Jan  4 18:22:39 LabSZ sshd[4844]: Disconnecting: Too many authentication failures for root [preauth]
Jan  4 18:22:39 LabSZ sshd[4844]: PAM 5 more authentication failures; logname= uid=0 euid=0 tty=ssh ruser= rhost=59.63.188.30  user=root
Jan  4 18:22:39 LabSZ sshd[4844]: PAM service(sshd) ignoring max retries; 6 > 3
Jan  4 18:22:41 LabSZ sshd[4848]: pam_unix(sshd:auth): authentication failure; logname= uid=0 euid=0 tty=ssh ruser= rhost=59.63.188.30  user=root
