Jan  4 04:15:13 LabSZ sshd[16718]: PAM 5 more authentication failures; logname= uid=0 euid=0 tty=ssh ruser= rhost=182.100.67.52  user=root
Jan  4 04:15:13 LabSZ sshd[16718]: PAM service(sshd) ignoring max retries; 6 > 3
Jan  4 04:15:14 LabSZ sshd[16722]: message repeated 5 times: [ Failed password for root from 59.63.188.30 port 32562 ssh2]
Jan  4 04:15:14 LabSZ sshd[16722]: Disconnecting: Too many authentication failures for root [preauth]
Jan  4 04:15:14 LabSZ sshd[16722]: PAM 5 more authentication failures; logname= uid=0 euid=0 tty=ssh ruser= rhost=59.63.188.30  user=root
Jan  4 04:15:14 LabSZ sshd[16722]: PAM service(sshd) ignoring max retries; 6 > 3
Jan  4 04:15:14 LabSZ sshd[16730]: Failed password for root from 179.147.52.119 port 54180 ssh2
Jan  4 04:15:15 LabSZ sshd[16730]: Received disconnect from 179.147.52.119: 11: Bye Bye [preauth]
Jan  4 04:15:15 LabSZ sshd[16724]: message repeated 5 times: [ Failed password for root from 59.63.188.30 port 33678 ssh2]
Jan  4 04:15:15 LabSZ sshd[16724]: Disconnecting: Too many authentication failures for root [preauth]
Jan  4 04:15:15 LabSZ sshd[16724]: PAM 5 more authentication failures; logname= uid=0 euid=0 tty=ssh ruser= rhost=59.63.188.30  user=root
Jan  4 04:15:15 LabSZ sshd[16724]: PAM service(sshd) ignoring max retries; 6 > 3
Jan  4 04:15:15 LabSZ sshd[16732]: pam_unix(sshd:auth): authentication failure; logname= uid=0 euid=0 tty=ssh ruser= rhost=182.100.67.52  user=root
Jan  4 04:15:15 LabSZ sshd[16735]: pam_unix(sshd:auth): authentication failure; logname= uid=0 euid=0 tty=ssh ruser= rhost=59.63.188.30  user=root
Jan  4 04:15:16 LabSZ sshd[16738]: pam_unix(sshd:auth): authentication failure; logname= uid=0 euid=0 tty=ssh ruser= rhost=59.63.188.30  user=root
Jan  4 04:15:17 LabSZ sshd[16732]: Failed password for root from 182.100.67.52 port 18334 ssh2
Jan  4 04:15:17 LabSZ sshd[16735]: Failed password for root from 59.63.188.30 port 53590 ssh2
Jan  4 04:15:18 LabSZ sshd[16734]: reverse mapping checking getaddrinfo for 179-147-52-119.user.vivozap.com.br [179.147.52.119] failed - POSSIBLE BREAK-IN ATTEMPT!
Jan  4 04:15:18 LabSZ sshd[16738]: Failed password for root from 59.63.188.30 port 54479 ssh2
Jan  4 04:15:18 LabSZ sshd[16734]: pam_unix(sshd:auth): authentication failure; logname= uid=0 euid=0 tty=ssh ruser= rhost=179.147.52.119  user=root
Jan  4 04:15:20 LabSZ sshd[16734]: Failed password for root from 179.147.52.119 port 54161 ssh2
Jan  4 04:15:20 LabSZ sshd[16727]: message repeated 5 times: [ Failed password for root from 218.87.109.156 port 38060 ssh2]
Jan  4 04:15:20 LabSZ sshd[16727]: Disconnecting: Too many authentication failures for root [preauth]
Jan  4 04:15:20 LabSZ sshd[16727]: PAM 5 more authentication failures; logname= uid=0 euid=0 tty=ssh ruser= rhost=218.87.109.156  user=root
Jan  4 04:15:20 LabSZ sshd[16727]: PAM service(sshd) ignoring max retries; 6 > 3
Jan  4 04:15:21 LabSZ sshd[16734]: Received disconnect from 179.147.52.119: 11: Bye Bye [preauth]
Jan  4 04:15:22 LabSZ sshd[16741]: pam_unix(sshd:auth): authentication failure; logname= uid=0 euid=0 tty=ssh ruser= rhost=218.87.109.156  user=root
Jan  4 04:15:24 LabSZ sshd[16740]: reverse mapping checking getaddrinfo for 179-147-52-119.user.vivozap.com.br [179.147.52.119] failed - POSSIBLE BREAK-IN ATTEMPT!
Jan  4 04:15:24 LabSZ sshd[16741]: Failed password for root from 218.87.109.156 port 14742 ssh2
Jan  4 04:15:24 LabSZ sshd[16740]: pam_unix(sshd:auth): authentication failure; logname= uid=0 euid=0 tty=ssh ruser= rhost=179.147.52.119  user=root
Jan  4 04:15:27 LabSZ sshd[16740]: Failed password for root from 179.147.52.119 port 54162 ssh2
Jan  4 04:15:27 LabSZ sshd[16740]: Received disconnect from 179.147.52.119: 11: Bye Bye [preauth]
Jan  4 04:15:27 LabSZ sshd[16744]: Did not receive identification string from 195.154.37.122
Jan  4 04:15:29 LabSZ sshd[16732]: message repeated 5 times: [ Failed password for root from 182.100.67.52 port 18334 ssh2]
Jan  4 04:15:29 LabSZ sshd[16732]: Disconnecting: Too many authentication failures for root [preauth]
Jan  4 04:15:29 LabSZ sshd[16732]: PAM 5 more authentication failures; logname= uid=0 euid=0 tty=ssh ruser= rhost=182.100.67.52  user=root
Jan  4 04:15:29 LabSZ sshd[16732]: PAM service(sshd) ignoring max retries; 6 > 3
Jan  4 04:15:30 LabSZ sshd[16745]: reverse mapping checking getaddrinfo for 179-147-52-119.user.vivozap.com.br [179.147.52.119] failed - POSSIBLE BREAK-IN ATTEMPT!
Jan  4 04:15:30 LabSZ sshd[16745]: pam_unix(sshd:auth): authentication failure; logname= uid=0 euid=0 tty=ssh ruser= rhost=179.147.52.119  user=root
Jan  4 04:15:31 LabSZ sshd[16735]: message repeated 5 times: [ Failed password for root from 59.63.188.30 port 53590 ssh2]
Jan  4 04:15:31 LabSZ sshd[16735]: Disconnecting: Too many authentication failures for root [preauth]
Jan  4 04:15:31 LabSZ sshd[16735]: PAM 5 more authentication failures; logname= uid=0 euid=0 tty=ssh ruser= rhost=59.63.188.30  user=root
Jan  4 04:15:31 LabSZ sshd[16735]: PAM service(sshd) ignoring max retries; 6 > 3
Jan  4 04:15:31 LabSZ sshd[16747]: reverse mapping checking getaddrinfo for 195-154-37-122.rev.poneytelecom.eu [195.154.37.122] failed - POSSIBLE BREAK-IN ATTEMPT!
Jan  4 04:15:31 LabSZ sshd[16747]: Invalid user support from 195.154.37.122
Jan  4 04:15:31 LabSZ sshd[16747]: input_userauth_request: invalid user support [preauth]
Jan  4 04:15:31 LabSZ sshd[16738]: message repeated 5 times: [ Failed password for root from 59.63.188.30 port 54479 ssh2]
Jan  4 04:15:31 LabSZ sshd[16738]: Disconnecting: Too many authentication failures for root [preauth]
Jan  4 04:15:31 LabSZ sshd[16738]: PAM 5 more authentication failures; logname= uid=0 euid=0 tty=ssh ruser= rhost=59.63.188.30  user=root
Jan  4 04:15:31 LabSZ sshd[16738]: PAM service(sshd) ignoring max retries; 6 > 3
Jan  4 04:15:32 LabSZ sshd[16749]: pam_unix(sshd:auth): authentication failure; logname= uid=0 euid=0 tty=ssh ruser= rhost=59.63.188.30  user=root
Jan  4 04:15:33 LabSZ sshd[16751]: pam_unix(sshd:auth): authentication failure; logname= uid=0 euid=0 tty=ssh ruser= rhost=59.63.188.30  user=root
Jan  4 04:15:33 LabSZ sshd[16745]: Failed password for root from 179.147.52.119 port 54163 ssh2
Jan  4 04:15:33 LabSZ sshd[16745]: Received disconnect from 179.147.52.119: 11: Bye Bye [preauth]
Jan  4 04:15:34 LabSZ sshd[16747]: pam_unix(sshd:auth): check pass; user unknown
Jan  4 04:15:34 LabSZ sshd[16747]: pam_unix(sshd:auth): authentication failure; logname= uid=0 euid=0 tty=ssh ruser= rhost=195.154.37.122 
Jan  4 04:15:34 LabSZ sshd[16749]: Failed password for root from 59.63.188.30 port 10923 ssh2
Jan  4 04:15:35 LabSZ sshd[16751]: Failed password for root from 59.63.188.30 port 11530 ssh2
Jan  4 04:15:35 LabSZ sshd[16747]: Failed password for invalid user support from 195.154.37.122 port 59560 ssh2
Jan  4 04:15:36 LabSZ sshd[16747]: error: Received disconnect from 195.154.37.122: 3: com.jcraft.jsch.JSchException: Auth fail [preauth]
Jan  4 04:15:36 LabSZ sshd[16753]: reverse mapping checking getaddrinfo for 179-147-52-119.user.vivozap.com.br [179.147.52.119] failed - POSSIBLE BREAK-IN ATTEMPT!
Jan  4 04:15:36 LabSZ sshd[16741]: message repeated 5 times: [ Failed password for root from 218.87.109.156 port 14742 ssh2]
Jan  4 04:15:36 LabSZ sshd[16741]: Disconnecting: Too many authentication failures for root [preauth]
Jan  4 04:15:36 LabSZ sshd[16741]: PAM 5 more authentication failures; logname= uid=0 euid=0 tty=ssh ruser= rhost=218.87.109.156  user=root
Jan  4 04:15:36 LabSZ sshd[16741]: PAM service(sshd) ignoring max retries; 6 > 3
Jan  4 04:15:37 LabSZ sshd[16753]: pam_unix(sshd:auth): authentication failure; logname= uid=0 euid=0 tty=ssh ruser= rhost=179.147.52.119  user=root
Jan  4 04:15:38 LabSZ sshd[16757]: pam_unix(sshd:auth): authentication failure; logname= uid=0 euid=0 tty=ssh ruser= rhost=218.87.109.156  user=root
Jan  4 04:15:38 LabSZ sshd[16753]: Failed password for root from 179.147.52.119 port 54164 ssh2
Jan  4 04:15:39 LabSZ sshd[16755]: reverse mapping checking getaddrinfo for 195-154-37-122.rev.poneytelecom.eu [195.154.37.122] failed - POSSIBLE BREAK-IN ATTEMPT!
Jan  4 04:15:39 LabSZ sshd[16755]: pam_unix(sshd:auth): authentication failure; logname= uid=0 euid=0 tty=ssh ruser= rhost=195.154.37.122  user=uucp
Jan  4 04:15:39 LabSZ sshd[16753]: Received disconnect from 179.147.52.119: 11: Bye Bye [preauth]
Jan  4 04:15:40 LabSZ sshd[16757]: Failed password for root from 218.87.109.156 port 50218 ssh2
Jan  4 04:15:41 LabSZ sshd[16755]: Failed password for uucp from 195.154.37.122 port 62864 ssh2
Jan  4 04:15:41 LabSZ sshd[16755]: error: Received disconnect from 195.154.37.122: 3: com.jcraft.jsch.JSchException: Auth fail [preauth]
Jan  4 04:15:42 LabSZ sshd[16759]: reverse mapping checking getaddrinfo for 179-147-52-119.user.vivozap.com.br [179.147.52.119] failed - POSSIBLE BREAK-IN ATTEMPT!
Jan  4 04:15:42 LabSZ sshd[16759]: pam_unix(sshd:auth): authentication failure; logname= uid=0 euid=0 tty=ssh ruser= rhost=179.147.52.119  user=root
Jan  4 04:15:45 LabSZ sshd[16759]: Failed password for root from 179.147.52.119 port 54165 ssh2
Jan  4 04:15:45 LabSZ sshd[16759]: Received disconnect from 179.147.52.119: 11: Bye Bye [preauth]
Jan  4 04:15:47 LabSZ sshd[16749]: message repeated 5 times: [ Failed password for root from 59.63.188.30 port 10923 ssh2]
Jan  4 04:15:47 LabSZ sshd[16749]: Disconnecting: Too many authentication failures for root [preauth]
Jan  4 04:15:47 LabSZ sshd[16749]: PAM 5 more authentication failures; logname= uid=0 euid=0 tty=ssh ruser= rhost=59.63.188.30  user=root
Jan  4 04:15:47 LabSZ sshd[16749]: PAM service(sshd) ignoring max retries; 6 > 3
Jan  4 04:15:48 LabSZ sshd[16763]: pam_unix(sshd:auth): authentication failure; logname= uid=0 euid=0 tty=ssh ruser= rhost=59.63.188.30  user=root
Jan  4 04:15:48 LabSZ sshd[16751]: message repeated 5 times: [ Failed password for root from 59.63.188.30 port 11530 ssh2]
Jan  4 04:15:48 LabSZ sshd[16751]: Disconnecting: Too many authentication failures for root [preauth]
Jan  4 04:15:48 LabSZ sshd[16751]: PAM 5 more authentication failures; logname= uid=0 euid=0 tty=ssh ruser= rhost=59.63.188.30  user=root
Jan  4 04:15:48 LabSZ sshd[16751]: PAM service(sshd) ignoring max retries; 6 > 3
Jan  4 04:15:48 LabSZ sshd[16761]: reverse mapping checking getaddrinfo for 179-147-52-119.user.vivozap.com.br [179.147.52.119] failed - POSSIBLE BREAK-IN ATTEMPT!
Jan  4 04:15:48 LabSZ sshd[16761]: pam_unix(sshd:auth): authentication failure; logname= uid=0 euid=0 tty=ssh ruser= rhost=179.147.52.119  user=root
Jan  4 04:15:49 LabSZ sshd[16765]: pam_unix(sshd:auth): authentication failure; logname= uid=0 euid=0 tty=ssh ruser= rhost=59.63.188.30  user=root
Jan  4 04:15:50 LabSZ sshd[16763]: Failed password for root from 59.63.188.30 port 31342 ssh2
Jan  4 04:15:51 LabSZ sshd[16761]: Failed password for root from 179.147.52.119 port 54166 ssh2
Jan  4 04:15:51 LabSZ sshd[16761]: Received disconnect from 179.147.52.119: 11: Bye Bye [preauth]
Jan  4 04:15:51 LabSZ sshd[16765]: Failed password for root from 59.63.188.30 port 33451 ssh2
Jan  4 04:15:52 LabSZ sshd[16757]: message repeated 5 times: [ Failed password for root from 218.87.109.156 port 50218 ssh2]
Jan  4 04:15:52 LabSZ sshd[16757]: Disconnecting: Too many authentication failures for root [preauth]
Jan  4 04:15:52 LabSZ sshd[16757]: PAM 5 more authentication failures; logname= uid=0 euid=0 tty=ssh ruser= rhost=218.87.109.156  user=root
Jan  4 04:15:52 LabSZ sshd[16757]: PAM service(sshd) ignoring max retries; 6 > 3
Jan  4 04:15:53 LabSZ sshd[16769]: pam_unix(sshd:auth): authentication failure; logname= uid=0 euid=0 tty=ssh ruser= rhost=218.87.109.156  user=root
Jan  4 04:15:54 LabSZ sshd[16767]: reverse mapping checking getaddrinfo for 179-147-52-119.user.vivozap.com.br [179.147.52.119] failed - POSSIBLE BREAK-IN ATTEMPT!
