Jan  6 15:15:16 LabSZ sshd[24477]: input_userauth_request: invalid user  0101 [preauth]
Jan  6 15:15:16 LabSZ sshd[24477]: pam_unix(sshd:auth): check pass; user unknown
Jan  6 15:15:16 LabSZ sshd[24477]: pam_unix(sshd:auth): authentication failure; logname= uid=0 euid=0 tty=ssh ruser= rhost=5.188.10.180 
Jan  6 15:15:18 LabSZ sshd[24477]: Failed password for invalid user  0101 from 5.188.10.180 port 48610 ssh2
Jan  6 15:15:18 LabSZ sshd[24477]: Connection closed by 5.188.10.180 [preauth]
Jan  6 15:15:21 LabSZ sshd[24479]: pam_unix(sshd:auth): authentication failure; logname= uid=0 euid=0 tty=ssh ruser= rhost=185.165.29.69  user=root
Jan  6 15:15:21 LabSZ sshd[24481]: Invalid user 0 from 5.188.10.180
Jan  6 15:15:21 LabSZ sshd[24481]: input_userauth_request: invalid user 0 [preauth]
Jan  6 15:15:21 LabSZ sshd[24481]: Failed none for invalid user 0 from 5.188.10.180 port 37041 ssh2
Jan  6 15:15:22 LabSZ sshd[24481]: pam_unix(sshd:auth): check pass; user unknown
Jan  6 15:15:22 LabSZ sshd[24481]: pam_unix(sshd:auth): authentication failure; logname= uid=0 euid=0 tty=ssh ruser= rhost=5.188.10.180 
Jan  6 15:15:23 LabSZ sshd[24479]: Failed password for root from 185.165.29.69 port 43144 ssh2
Jan  6 15:15:24 LabSZ sshd[24479]: Received disconnect from 185.165.29.69: 11: Bye Bye [preauth]
Jan  6 15:15:24 LabSZ sshd[24481]: Failed password for invalid user 0 from 5.188.10.180 port 37041 ssh2
Jan  6 15:15:25 LabSZ sshd[24481]: Connection closed by 5.188.10.180 [preauth]
Jan  6 15:15:39 LabSZ sshd[24483]: Invalid user 1234 from 5.188.10.180
Jan  6 15:15:39 LabSZ sshd[24483]: input_userauth_request: invalid user 1234 [preauth]
Jan  6 15:15:39 LabSZ sshd[24483]: pam_unix(sshd:auth): check pass; user unknown
Jan  6 15:15:39 LabSZ sshd[24483]: pam_unix(sshd:auth): authentication failure; logname= uid=0 euid=0 tty=ssh ruser= rhost=5.188.10.180 
Jan  6 15:15:41 LabSZ sshd[24483]: Failed password for invalid user 1234 from 5.188.10.180 port 36839 ssh2
Jan  6 15:15:45 LabSZ sshd[24483]: Connection closed by 5.188.10.180 [preauth]
Jan  6 15:16:07 LabSZ sshd[24485]: Invalid user admin from 5.188.10.180
Jan  6 15:16:07 LabSZ sshd[24485]: input_userauth_request: invalid user admin [preauth]
Jan  6 15:16:07 LabSZ sshd[24485]: Failed none for invalid user admin from 5.188.10.180 port 33473 ssh2
Jan  6 15:16:09 LabSZ sshd[24485]: Connection closed by 5.188.10.180 [preauth]
Jan  6 15:16:20 LabSZ sshd[24489]: pam_unix(sshd:auth): authentication failure; logname= uid=0 euid=0 tty=ssh ruser= rhost=60.2.12.12  user=root
Jan  6 15:16:21 LabSZ sshd[24487]: Invalid user admin from 5.188.10.180
Jan  6 15:16:21 LabSZ sshd[24487]: input_userauth_request: invalid user admin [preauth]
Jan  6 15:16:21 LabSZ sshd[24487]: pam_unix(sshd:auth): check pass; user unknown
Jan  6 15:16:21 LabSZ sshd[24487]: pam_unix(sshd:auth): authentication failure; logname= uid=0 euid=0 tty=ssh ruser= rhost=5.188.10.180 
Jan  6 15:16:22 LabSZ sshd[24489]: Failed password for root from 60.2.12.12 port 37162 ssh2
Jan  6 15:16:22 LabSZ sshd[24489]: Received disconnect from 60.2.12.12: 11: Bye Bye [preauth]
Jan  6 15:16:23 LabSZ sshd[24491]: pam_unix(sshd:auth): authentication failure; logname= uid=0 euid=0 tty=ssh ruser= rhost=60.2.12.12  user=root
Jan  6 15:16:23 LabSZ sshd[24487]: Failed password for invalid user admin from 5.188.10.180 port 51921 ssh2
Jan  6 15:16:25 LabSZ sshd[24491]: Failed password for root from 60.2.12.12 port 41329 ssh2
Jan  6 15:16:25 LabSZ sshd[24491]: Received disconnect from 60.2.12.12: 11: Bye Bye [preauth]
Jan  6 15:16:25 LabSZ sshd[24493]: pam_unix(sshd:auth): authentication failure; logname= uid=0 euid=0 tty=ssh ruser= rhost=60.2.12.12  user=root
Jan  6 15:16:28 LabSZ sshd[24487]: pam_unix(sshd:auth): check pass; user unknown
Jan  6 15:16:28 LabSZ sshd[24493]: Failed password for root from 60.2.12.12 port 45372 ssh2
Jan  6 15:16:28 LabSZ sshd[24493]: Received disconnect from 60.2.12.12: 11: Bye Bye [preauth]
Jan  6 15:16:28 LabSZ sshd[24495]: pam_unix(sshd:auth): authentication failure; logname= uid=0 euid=0 tty=ssh ruser= rhost=60.2.12.12  user=root
Jan  6 15:16:29 LabSZ sshd[24487]: Failed password for invalid user admin from 5.188.10.180 port 51921 ssh2
Jan  6 15:16:30 LabSZ sshd[24495]: Failed password for root from 60.2.12.12 port 48616 ssh2
Jan  6 15:16:30 LabSZ sshd[24495]: Received disconnect from 60.2.12.12: 11: Bye Bye [preauth]
Jan  6 15:16:30 LabSZ sshd[24487]: pam_unix(sshd:auth): check pass; user unknown
Jan  6 15:16:32 LabSZ sshd[24487]: Failed password for invalid user admin from 5.188.10.180 port 51921 ssh2
Jan  6 15:16:33 LabSZ sshd[24497]: pam_unix(sshd:auth): authentication failure; logname= uid=0 euid=0 tty=ssh ruser= rhost=60.2.12.12  user=root
Jan  6 15:16:34 LabSZ sshd[24487]: pam_unix(sshd:auth): check pass; user unknown
Jan  6 15:16:35 LabSZ sshd[24497]: Failed password for root from 60.2.12.12 port 51099 ssh2
Jan  6 15:16:35 LabSZ sshd[24497]: Received disconnect from 60.2.12.12: 11: Bye Bye [preauth]
Jan  6 15:16:35 LabSZ sshd[24499]: pam_unix(sshd:auth): authentication failure; logname= uid=0 euid=0 tty=ssh ruser= rhost=60.2.12.12  user=root
Jan  6 15:16:37 LabSZ sshd[24487]: Failed password for invalid user admin from 5.188.10.180 port 51921 ssh2
Jan  6 15:16:37 LabSZ sshd[24499]: Failed password for root from 60.2.12.12 port 57341 ssh2
Jan  6 15:16:37 LabSZ sshd[24499]: Received disconnect from 60.2.12.12: 11: Bye Bye [preauth]
Jan  6 15:16:38 LabSZ sshd[24501]: pam_unix(sshd:auth): authentication failure; logname= uid=0 euid=0 tty=ssh ruser= rhost=60.2.12.12  user=root
Jan  6 15:16:40 LabSZ sshd[24501]: Failed password for root from 60.2.12.12 port 61219 ssh2
Jan  6 15:16:40 LabSZ sshd[24501]: Received disconnect from 60.2.12.12: 11: Bye Bye [preauth]
Jan  6 15:16:40 LabSZ sshd[24503]: pam_unix(sshd:auth): authentication failure; logname= uid=0 euid=0 tty=ssh ruser= rhost=60.2.12.12  user=root
Jan  6 15:16:42 LabSZ sshd[24503]: Failed password for root from 60.2.12.12 port 64570 ssh2
Jan  6 15:16:42 LabSZ sshd[24503]: Received disconnect from 60.2.12.12: 11: Bye Bye [preauth]
Jan  6 15:16:42 LabSZ sshd[24505]: pam_unix(sshd:auth): authentication failure; logname= uid=0 euid=0 tty=ssh ruser= rhost=60.2.12.12  user=root
Jan  6 15:16:44 LabSZ sshd[24505]: Failed password for root from 60.2.12.12 port 10848 ssh2
Jan  6 15:16:44 LabSZ sshd[24505]: Received disconnect from 60.2.12.12: 11: Bye Bye [preauth]
Jan  6 15:16:44 LabSZ sshd[24507]: pam_unix(sshd:auth): authentication failure; logname= uid=0 euid=0 tty=ssh ruser= rhost=60.2.12.12  user=root
Jan  6 15:16:46 LabSZ sshd[24509]: pam_unix(sshd:auth): authentication failure; logname= uid=0 euid=0 tty=ssh ruser= rhost=60.2.12.12  user=root
Jan  6 15:16:47 LabSZ sshd[24507]: Failed password for root from 60.2.12.12 port 14162 ssh2
Jan  6 15:16:47 LabSZ sshd[24507]: Received disconnect from 60.2.12.12: 11: Bye Bye [preauth]
Jan  6 15:16:48 LabSZ sshd[24487]: pam_unix(sshd:auth): check pass; user unknown
Jan  6 15:16:49 LabSZ sshd[24509]: Failed password for root from 60.2.12.12 port 14923 ssh2
Jan  6 15:16:49 LabSZ sshd[24509]: Received disconnect from 60.2.12.12: 11: Bye Bye [preauth]
Jan  6 15:16:49 LabSZ sshd[24513]: pam_unix(sshd:auth): authentication failure; logname= uid=0 euid=0 tty=ssh ruser= rhost=60.2.12.12  user=root
Jan  6 15:16:50 LabSZ sshd[24487]: Failed password for invalid user admin from 5.188.10.180 port 51921 ssh2
Jan  6 15:16:51 LabSZ sshd[24513]: Failed password for root from 60.2.12.12 port 20696 ssh2
Jan  6 15:16:52 LabSZ sshd[24513]: Received disconnect from 60.2.12.12: 11: Bye Bye [preauth]
Jan  6 15:16:52 LabSZ sshd[24515]: pam_unix(sshd:auth): authentication failure; logname= uid=0 euid=0 tty=ssh ruser= rhost=60.2.12.12  user=root
Jan  6 15:16:53 LabSZ sshd[24511]: pam_unix(sshd:auth): authentication failure; logname= uid=0 euid=0 tty=ssh ruser= rhost=60.2.12.12  user=root
Jan  6 15:16:53 LabSZ sshd[24515]: Failed password for root from 60.2.12.12 port 24561 ssh2
Jan  6 15:16:53 LabSZ sshd[24515]: Received disconnect from 60.2.12.12: 11: Bye Bye [preauth]
Jan  6 15:16:55 LabSZ sshd[24511]: Failed password for root from 60.2.12.12 port 17805 ssh2
Jan  6 15:16:55 LabSZ sshd[24511]: Received disconnect from 60.2.12.12: 11: Bye Bye [preauth]
Jan  6 15:16:56 LabSZ sshd[24519]: pam_unix(sshd:auth): authentication failure; logname= uid=0 euid=0 tty=ssh ruser= rhost=60.2.12.12  user=root
Jan  6 15:16:56 LabSZ sshd[24487]: Connection closed by 5.188.10.180 [preauth]
Jan  6 15:16:56 LabSZ sshd[24487]: PAM 4 more authentication failures; logname= uid=0 euid=0 tty=ssh ruser= rhost=5.188.10.180 
Jan  6 15:16:56 LabSZ sshd[24487]: PAM service(sshd) ignoring max retries; 5 > 3
Jan  6 15:16:58 LabSZ sshd[24519]: Failed password for root from 60.2.12.12 port 29828 ssh2
Jan  6 15:16:58 LabSZ sshd[24519]: Received disconnect from 60.2.12.12: 11: Bye Bye [preauth]
Jan  6 15:16:58 LabSZ sshd[24522]: pam_unix(sshd:auth): authentication failure; logname= uid=0 euid=0 tty=ssh ruser= rhost=60.2.12.12  user=root
Jan  6 15:16:59 LabSZ sshd[24517]: pam_unix(sshd:auth): authentication failure; logname= uid=0 euid=0 tty=ssh ruser= rhost=60.2.12.12  user=root
Jan  6 15:17:00 LabSZ sshd[24522]: Failed password for root from 60.2.12.12 port 34000 ssh2
Jan  6 15:17:00 LabSZ sshd[24522]: Received disconnect from 60.2.12.12: 11: Bye Bye [preauth]
Jan  6 15:17:01 LabSZ sshd[24517]: Failed password for root from 60.2.12.12 port 27271 ssh2
Jan  6 15:17:01 LabSZ sshd[24517]: Received disconnect from 60.2.12.12: 11: Bye Bye [preauth]
Jan  6 15:17:01 LabSZ sshd[24524]: pam_unix(sshd:auth): authentication failure; logname= uid=0 euid=0 tty=ssh ruser= rhost=60.2.12.12  user=root
Jan  6 15:17:01 LabSZ sshd[24526]: pam_unix(sshd:auth): authentication failure; logname= uid=0 euid=0 tty=ssh ruser= rhost=60.2.12.12  user=root
Jan  6 15:17:03 LabSZ sshd[24524]: Failed password for root from 60.2.12.12 port 37948 ssh2
Jan  6 15:17:03 LabSZ sshd[24524]: Received disconnect from 60.2.12.12: 11: Bye Bye [preauth]
Jan  6 15:17:03 LabSZ sshd[24526]: Failed password for root from 60.2.12.12 port 38442 ssh2
Jan  6 15:17:03 LabSZ sshd[24526]: Received disconnect from 60.2.12.12: 11: Bye Bye [preauth]
Jan  6 15:17:03 LabSZ sshd[24531]: pam_unix(sshd:auth): authentication failure; logname= uid=0 euid=0 tty=ssh ruser= rhost=60.2.12.12  user=root
Jan  6 15:17:04 LabSZ sshd[24533]: pam_unix(sshd:auth): authentication failure; logname= uid=0 euid=0 tty=ssh ruser= rhost=60.2.12.12  user=root
