Jan  3 20:10:14 LabSZ sshd[7371]: Disconnecting: Too many authentication failures for root [preauth]
Jan  3 20:10:14 LabSZ sshd[7371]: PAM 5 more authentication failures; logname= uid=0 euid=0 tty=ssh ruser= rhost=218.87.109.156  user=root
Jan  3 20:10:14 LabSZ sshd[7371]: PAM service(sshd) ignoring max retries; 6 > 3
Jan  3 20:10:16 LabSZ sshd[7373]: message repeated 5 times: [ Failed password for root from 59.63.188.30 port 23630 ssh2]
Jan  3 20:10:16 LabSZ sshd[7373]: Disconnecting: Too many authentication failures for root [preauth]
Jan  3 20:10:16 LabSZ sshd[7373]: PAM 5 more authentication failures; logname= uid=0 euid=0 tty=ssh ruser= rhost=59.63.188.30  user=root
Jan  3 20:10:16 LabSZ sshd[7373]: PAM service(sshd) ignoring max retries; 6 > 3
Jan  3 20:10:17 LabSZ sshd[7377]: pam_unix(sshd:auth): authentication failure; logname= uid=0 euid=0 tty=ssh ruser= rhost=59.63.188.30  user=root
Jan  3 20:10:19 LabSZ sshd[7377]: Failed password for root from 59.63.188.30 port 41353 ssh2
Jan  3 20:10:20 LabSZ sshd[7375]: pam_unix(sshd:auth): authentication failure; logname= uid=0 euid=0 tty=ssh ruser= rhost=218.87.109.156  user=root
Jan  3 20:10:22 LabSZ sshd[7375]: Failed password for root from 218.87.109.156 port 17376 ssh2
Jan  3 20:10:30 LabSZ sshd[7377]: message repeated 5 times: [ Failed password for root from 59.63.188.30 port 41353 ssh2]
Jan  3 20:10:30 LabSZ sshd[7377]: Disconnecting: Too many authentication failures for root [preauth]
Jan  3 20:10:30 LabSZ sshd[7377]: PAM 5 more authentication failures; logname= uid=0 euid=0 tty=ssh ruser= rhost=59.63.188.30  user=root
Jan  3 20:10:30 LabSZ sshd[7377]: PAM service(sshd) ignoring max retries; 6 > 3
Jan  3 20:10:31 LabSZ sshd[7379]: pam_unix(sshd:auth): authentication failure; logname= uid=0 euid=0 tty=ssh ruser= rhost=59.63.188.30  user=root
Jan  3 20:10:33 LabSZ sshd[7379]: Failed password for root from 59.63.188.30 port 58069 ssh2
Jan  3 20:10:34 LabSZ sshd[7375]: message repeated 5 times: [ Failed password for root from 218.87.109.156 port 17376 ssh2]
Jan  3 20:10:34 LabSZ sshd[7375]: Disconnecting: Too many authentication failures for root [preauth]
Jan  3 20:10:34 LabSZ sshd[7375]: PAM 5 more authentication failures; logname= uid=0 euid=0 tty=ssh ruser= rhost=218.87.109.156  user=root
Jan  3 20:10:34 LabSZ sshd[7375]: PAM service(sshd) ignoring max retries; 6 > 3
Jan  3 20:10:39 LabSZ sshd[7381]: pam_unix(sshd:auth): authentication failure; logname= uid=0 euid=0 tty=ssh ruser= rhost=218.87.109.156  user=root
Jan  3 20:10:41 LabSZ sshd[7381]: Failed password for root from 218.87.109.156 port 6320 ssh2
Jan  3 20:10:44 LabSZ sshd[7379]: message repeated 5 times: [ Failed password for root from 59.63.188.30 port 58069 ssh2]
Jan  3 20:10:44 LabSZ sshd[7379]: Disconnecting: Too many authentication failures for root [preauth]
Jan  3 20:10:44 LabSZ sshd[7379]: PAM 5 more authentication failures; logname= uid=0 euid=0 tty=ssh ruser= rhost=59.63.188.30  user=root
Jan  3 20:10:44 LabSZ sshd[7379]: PAM service(sshd) ignoring max retries; 6 > 3
Jan  3 20:10:46 LabSZ sshd[7383]: pam_unix(sshd:auth): authentication failure; logname= uid=0 euid=0 tty=ssh ruser= rhost=59.63.188.30  user=root
Jan  3 20:10:48 LabSZ sshd[7383]: Failed password for root from 59.63.188.30 port 11267 ssh2
Jan  3 20:10:54 LabSZ sshd[7381]: message repeated 5 times: [ Failed password for root from 218.87.109.156 port 6320 ssh2]
Jan  3 20:10:54 LabSZ sshd[7381]: Disconnecting: Too many authentication failures for root [preauth]
Jan  3 20:10:54 LabSZ sshd[7381]: PAM 5 more authentication failures; logname= uid=0 euid=0 tty=ssh ruser= rhost=218.87.109.156  user=root
Jan  3 20:10:54 LabSZ sshd[7381]: PAM service(sshd) ignoring max retries; 6 > 3
Jan  3 20:11:00 LabSZ sshd[7385]: pam_unix(sshd:auth): authentication failure; logname= uid=0 euid=0 tty=ssh ruser= rhost=218.87.109.156  user=root
Jan  3 20:11:01 LabSZ sshd[7383]: message repeated 5 times: [ Failed password for root from 59.63.188.30 port 11267 ssh2]
Jan  3 20:11:01 LabSZ sshd[7383]: Disconnecting: Too many authentication failures for root [preauth]
Jan  3 20:11:01 LabSZ sshd[7383]: PAM 5 more authentication failures; logname= uid=0 euid=0 tty=ssh ruser= rhost=59.63.188.30  user=root
Jan  3 20:11:01 LabSZ sshd[7383]: PAM service(sshd) ignoring max retries; 6 > 3
Jan  3 20:11:02 LabSZ sshd[7385]: Failed password for root from 218.87.109.156 port 56570 ssh2
Jan  3 20:11:02 LabSZ sshd[7387]: pam_unix(sshd:auth): authentication failure; logname= uid=0 euid=0 tty=ssh ruser= rhost=59.63.188.30  user=root
Jan  3 20:11:04 LabSZ sshd[7387]: Failed password for root from 59.63.188.30 port 31685 ssh2
Jan  3 20:11:15 LabSZ sshd[7385]: message repeated 5 times: [ Failed password for root from 218.87.109.156 port 56570 ssh2]
Jan  3 20:11:15 LabSZ sshd[7385]: Disconnecting: Too many authentication failures for root [preauth]
Jan  3 20:11:15 LabSZ sshd[7385]: PAM 5 more authentication failures; logname= uid=0 euid=0 tty=ssh ruser= rhost=218.87.109.156  user=root
Jan  3 20:11:15 LabSZ sshd[7385]: PAM service(sshd) ignoring max retries; 6 > 3
Jan  3 20:11:16 LabSZ sshd[7389]: Invalid user  0101 from 5.188.10.180
Jan  3 20:11:16 LabSZ sshd[7389]: input_userauth_request: invalid user  0101 [preauth]
Jan  3 20:11:16 LabSZ sshd[7389]: pam_unix(sshd:auth): check pass; user unknown
Jan  3 20:11:16 LabSZ sshd[7389]: pam_unix(sshd:auth): authentication failure; logname= uid=0 euid=0 tty=ssh ruser= rhost=5.188.10.180 
Jan  3 20:11:17 LabSZ sshd[7387]: message repeated 5 times: [ Failed password for root from 59.63.188.30 port 31685 ssh2]
Jan  3 20:11:17 LabSZ sshd[7387]: Disconnecting: Too many authentication failures for root [preauth]
Jan  3 20:11:17 LabSZ sshd[7387]: PAM 5 more authentication failures; logname= uid=0 euid=0 tty=ssh ruser= rhost=59.63.188.30  user=root
Jan  3 20:11:17 LabSZ sshd[7387]: PAM service(sshd) ignoring max retries; 6 > 3
Jan  3 20:11:18 LabSZ sshd[7389]: Failed password for invalid user  0101 from 5.188.10.180 port 34103 ssh2
Jan  3 20:11:19 LabSZ sshd[7393]: pam_unix(sshd:auth): authentication failure; logname= uid=0 euid=0 tty=ssh ruser= rhost=59.63.188.30  user=root
Jan  3 20:11:20 LabSZ sshd[7393]: Failed password for root from 59.63.188.30 port 51803 ssh2
Jan  3 20:11:20 LabSZ sshd[7389]: Connection closed by 5.188.10.180 [preauth]
Jan  3 20:11:26 LabSZ sshd[7391]: pam_unix(sshd:auth): authentication failure; logname= uid=0 euid=0 tty=ssh ruser= rhost=218.87.109.156  user=root
Jan  3 20:11:28 LabSZ sshd[7391]: Failed password for root from 218.87.109.156 port 46006 ssh2
Jan  3 20:11:33 LabSZ sshd[7395]: Invalid user 0 from 5.188.10.180
Jan  3 20:11:33 LabSZ sshd[7395]: input_userauth_request: invalid user 0 [preauth]
Jan  3 20:11:33 LabSZ sshd[7395]: Failed none for invalid user 0 from 5.188.10.180 port 37935 ssh2
Jan  3 20:11:33 LabSZ sshd[7393]: message repeated 5 times: [ Failed password for root from 59.63.188.30 port 51803 ssh2]
Jan  3 20:11:33 LabSZ sshd[7393]: Disconnecting: Too many authentication failures for root [preauth]
Jan  3 20:11:33 LabSZ sshd[7393]: PAM 5 more authentication failures; logname= uid=0 euid=0 tty=ssh ruser= rhost=59.63.188.30  user=root
Jan  3 20:11:33 LabSZ sshd[7393]: PAM service(sshd) ignoring max retries; 6 > 3
Jan  3 20:11:34 LabSZ sshd[7397]: pam_unix(sshd:auth): authentication failure; logname= uid=0 euid=0 tty=ssh ruser= rhost=59.63.188.30  user=root
Jan  3 20:11:36 LabSZ sshd[7397]: Failed password for root from 59.63.188.30 port 6289 ssh2
Jan  3 20:11:39 LabSZ sshd[7395]: pam_unix(sshd:auth): check pass; user unknown
Jan  3 20:11:39 LabSZ sshd[7395]: pam_unix(sshd:auth): authentication failure; logname= uid=0 euid=0 tty=ssh ruser= rhost=5.188.10.180 
Jan  3 20:11:40 LabSZ sshd[7395]: Failed password for invalid user 0 from 5.188.10.180 port 37935 ssh2
Jan  3 20:11:41 LabSZ sshd[7391]: message repeated 5 times: [ Failed password for root from 218.87.109.156 port 46006 ssh2]
Jan  3 20:11:41 LabSZ sshd[7391]: Disconnecting: Too many authentication failures for root [preauth]
Jan  3 20:11:41 LabSZ sshd[7391]: PAM 5 more authentication failures; logname= uid=0 euid=0 tty=ssh ruser= rhost=218.87.109.156  user=root
Jan  3 20:11:41 LabSZ sshd[7391]: PAM service(sshd) ignoring max retries; 6 > 3
Jan  3 20:11:42 LabSZ sshd[7395]: Connection closed by 5.188.10.180 [preauth]
Jan  3 20:11:45 LabSZ sshd[7399]: pam_unix(sshd:auth): authentication failure; logname= uid=0 euid=0 tty=ssh ruser= rhost=218.87.109.156  user=root
Jan  3 20:11:47 LabSZ sshd[7399]: Failed password for root from 218.87.109.156 port 47310 ssh2
Jan  3 20:11:48 LabSZ sshd[7397]: message repeated 5 times: [ Failed password for root from 59.63.188.30 port 6289 ssh2]
Jan  3 20:11:48 LabSZ sshd[7397]: Disconnecting: Too many authentication failures for root [preauth]
Jan  3 20:11:48 LabSZ sshd[7397]: PAM 5 more authentication failures; logname= uid=0 euid=0 tty=ssh ruser= rhost=59.63.188.30  user=root
Jan  3 20:11:48 LabSZ sshd[7397]: PAM service(sshd) ignoring max retries; 6 > 3
Jan  3 20:11:50 LabSZ sshd[7402]: pam_unix(sshd:auth): authentication failure; logname= uid=0 euid=0 tty=ssh ruser= rhost=59.63.188.30  user=root
Jan  3 20:11:50 LabSZ sshd[7400]: Did not receive identification string from 5.188.10.180
Jan  3 20:11:51 LabSZ sshd[7402]: Failed password for root from 59.63.188.30 port 24615 ssh2
Jan  3 20:12:00 LabSZ sshd[7399]: message repeated 5 times: [ Failed password for root from 218.87.109.156 port 47310 ssh2]
Jan  3 20:12:00 LabSZ sshd[7399]: Disconnecting: Too many authentication failures for root [preauth]
Jan  3 20:12:00 LabSZ sshd[7399]: PAM 5 more authentication failures; logname= uid=0 euid=0 tty=ssh ruser= rhost=218.87.109.156  user=root
Jan  3 20:12:00 LabSZ sshd[7399]: PAM service(sshd) ignoring max retries; 6 > 3
Jan  3 20:12:03 LabSZ sshd[7404]: pam_unix(sshd:auth): authentication failure; logname= uid=0 euid=0 tty=ssh ruser= rhost=218.87.109.156  user=root
Jan  3 20:12:04 LabSZ sshd[7402]: message repeated 5 times: [ Failed password for root from 59.63.188.30 port 24615 ssh2]
Jan  3 20:12:04 LabSZ sshd[7402]: Disconnecting: Too many authentication failures for root [preauth]
Jan  3 20:12:04 LabSZ sshd[7402]: PAM 5 more authentication failures; logname= uid=0 euid=0 tty=ssh ruser= rhost=59.63.188.30  user=root
Jan  3 20:12:04 LabSZ sshd[7402]: PAM service(sshd) ignoring max retries; 6 > 3
Jan  3 20:12:05 LabSZ sshd[7404]: Failed password for root from 218.87.109.156 port 30672 ssh2
Jan  3 20:12:06 LabSZ sshd[7406]: pam_unix(sshd:auth): authentication failure; logname= uid=0 euid=0 tty=ssh ruser= rhost=59.63.188.30  user=root
Jan  3 20:12:08 LabSZ sshd[7406]: Failed password for root from 59.63.188.30 port 42258 ssh2
Jan  3 20:12:19 LabSZ sshd[7404]: message repeated 5 times: [ Failed password for root from 218.87.109.156 port 30672 ssh2]
Jan  3 20:12:19 LabSZ sshd[7404]: Disconnecting: Too many authentication failures for root [preauth]
Jan  3 20:12:19 LabSZ sshd[7404]: PAM 5 more authentication failures; logname= uid=0 euid=0 tty=ssh ruser= rhost=218.87.109.156  user=root
