Jan  3 16:28:29 LabSZ sshd[4015]: message repeated 5 times: [ Failed password for root from 218.87.109.156 port 24362 ssh2]
Jan  3 16:28:29 LabSZ sshd[4015]: Disconnecting: Too many authentication failures for root [preauth]
Jan  3 16:28:29 LabSZ sshd[4015]: PAM 5 more authentication failures; logname= uid=0 euid=0 tty=ssh ruser= rhost=218.87.109.156  user=root
Jan  3 16:28:29 LabSZ sshd[4015]: PAM service(sshd) ignoring max retries; 6 > 3
Jan  3 16:28:32 LabSZ sshd[4017]: message repeated 5 times: [ Failed password for root from 59.63.188.30 port 6806 ssh2]
Jan  3 16:28:32 LabSZ sshd[4017]: Disconnecting: Too many authentication failures for root [preauth]
Jan  3 16:28:32 LabSZ sshd[4017]: PAM 5 more authentication failures; logname= uid=0 euid=0 tty=ssh ruser= rhost=59.63.188.30  user=root
Jan  3 16:28:32 LabSZ sshd[4017]: PAM service(sshd) ignoring max retries; 6 > 3
Jan  3 16:28:34 LabSZ sshd[4023]: pam_unix(sshd:auth): authentication failure; logname= uid=0 euid=0 tty=ssh ruser= rhost=59.63.188.30  user=root
Jan  3 16:28:34 LabSZ sshd[4020]: pam_unix(sshd:auth): authentication failure; logname= uid=0 euid=0 tty=ssh ruser= rhost=218.87.109.156  user=root
Jan  3 16:28:35 LabSZ sshd[4023]: Failed password for root from 59.63.188.30 port 24632 ssh2
Jan  3 16:28:36 LabSZ sshd[4020]: Failed password for root from 218.87.109.156 port 64088 ssh2
Jan  3 16:28:37 LabSZ sshd[4025]: Did not receive identification string from 103.207.36.21
Jan  3 16:28:43 LabSZ sshd[4019]: Invalid user admin from 5.188.10.156
Jan  3 16:28:43 LabSZ sshd[4019]: input_userauth_request: invalid user admin [preauth]
Jan  3 16:28:43 LabSZ sshd[4019]: pam_unix(sshd:auth): check pass; user unknown
Jan  3 16:28:43 LabSZ sshd[4019]: pam_unix(sshd:auth): authentication failure; logname= uid=0 euid=0 tty=ssh ruser= rhost=5.188.10.156 
Jan  3 16:28:43 LabSZ sshd[4026]: Invalid user support from 103.207.36.21
Jan  3 16:28:43 LabSZ sshd[4026]: input_userauth_request: invalid user support [preauth]
Jan  3 16:28:43 LabSZ sshd[4026]: pam_unix(sshd:auth): check pass; user unknown
Jan  3 16:28:43 LabSZ sshd[4026]: pam_unix(sshd:auth): authentication failure; logname= uid=0 euid=0 tty=ssh ruser= rhost=103.207.36.21 
Jan  3 16:28:45 LabSZ sshd[4019]: Failed password for invalid user admin from 5.188.10.156 port 33588 ssh2
Jan  3 16:28:45 LabSZ sshd[4026]: Failed password for invalid user support from 103.207.36.21 port 60443 ssh2
Jan  3 16:28:45 LabSZ sshd[4026]: error: Received disconnect from 103.207.36.21: 3: com.jcraft.jsch.JSchException: Auth fail [preauth]
Jan  3 16:28:46 LabSZ sshd[4019]: pam_unix(sshd:auth): check pass; user unknown
Jan  3 16:28:47 LabSZ sshd[4023]: message repeated 5 times: [ Failed password for root from 59.63.188.30 port 24632 ssh2]
Jan  3 16:28:47 LabSZ sshd[4023]: Disconnecting: Too many authentication failures for root [preauth]
Jan  3 16:28:47 LabSZ sshd[4023]: PAM 5 more authentication failures; logname= uid=0 euid=0 tty=ssh ruser= rhost=59.63.188.30  user=root
Jan  3 16:28:47 LabSZ sshd[4023]: PAM service(sshd) ignoring max retries; 6 > 3
Jan  3 16:28:48 LabSZ sshd[4019]: Failed password for invalid user admin from 5.188.10.156 port 33588 ssh2
Jan  3 16:28:49 LabSZ sshd[4028]: pam_unix(sshd:auth): authentication failure; logname= uid=0 euid=0 tty=ssh ruser= rhost=59.63.188.30  user=root
Jan  3 16:28:49 LabSZ sshd[4019]: pam_unix(sshd:auth): check pass; user unknown
Jan  3 16:28:49 LabSZ sshd[4020]: message repeated 5 times: [ Failed password for root from 218.87.109.156 port 64088 ssh2]
Jan  3 16:28:49 LabSZ sshd[4020]: Disconnecting: Too many authentication failures for root [preauth]
Jan  3 16:28:49 LabSZ sshd[4020]: PAM 5 more authentication failures; logname= uid=0 euid=0 tty=ssh ruser= rhost=218.87.109.156  user=root
Jan  3 16:28:49 LabSZ sshd[4020]: PAM service(sshd) ignoring max retries; 6 > 3
Jan  3 16:28:50 LabSZ sshd[4028]: Failed password for root from 59.63.188.30 port 41295 ssh2
Jan  3 16:28:51 LabSZ sshd[4019]: Failed password for invalid user admin from 5.188.10.156 port 33588 ssh2
Jan  3 16:28:52 LabSZ sshd[4019]: pam_unix(sshd:auth): check pass; user unknown
Jan  3 16:28:54 LabSZ sshd[4019]: Failed password for invalid user admin from 5.188.10.156 port 33588 ssh2
Jan  3 16:28:54 LabSZ sshd[4019]: pam_unix(sshd:auth): check pass; user unknown
Jan  3 16:28:55 LabSZ sshd[4030]: pam_unix(sshd:auth): authentication failure; logname= uid=0 euid=0 tty=ssh ruser= rhost=218.87.109.156  user=root
Jan  3 16:28:57 LabSZ sshd[4019]: Failed password for invalid user admin from 5.188.10.156 port 33588 ssh2
Jan  3 16:28:57 LabSZ sshd[4030]: Failed password for root from 218.87.109.156 port 46808 ssh2
Jan  3 16:28:58 LabSZ sshd[4019]: Connection closed by 5.188.10.156 [preauth]
Jan  3 16:28:58 LabSZ sshd[4019]: PAM 4 more authentication failures; logname= uid=0 euid=0 tty=ssh ruser= rhost=5.188.10.156 
Jan  3 16:28:58 LabSZ sshd[4019]: PAM service(sshd) ignoring max retries; 5 > 3
Jan  3 16:29:04 LabSZ sshd[4028]: message repeated 5 times: [ Failed password for root from 59.63.188.30 port 41295 ssh2]
Jan  3 16:29:04 LabSZ sshd[4028]: Disconnecting: Too many authentication failures for root [preauth]
Jan  3 16:29:04 LabSZ sshd[4028]: PAM 5 more authentication failures; logname= uid=0 euid=0 tty=ssh ruser= rhost=59.63.188.30  user=root
Jan  3 16:29:04 LabSZ sshd[4028]: PAM service(sshd) ignoring max retries; 6 > 3
Jan  3 16:29:05 LabSZ sshd[4033]: pam_unix(sshd:auth): authentication failure; logname= uid=0 euid=0 tty=ssh ruser= rhost=59.63.188.30  user=root
Jan  3 16:29:06 LabSZ sshd[4032]: Did not receive identification string from 5.188.10.156
Jan  3 16:29:07 LabSZ sshd[4033]: Failed password for root from 59.63.188.30 port 60080 ssh2
Jan  3 16:29:11 LabSZ sshd[4030]: message repeated 5 times: [ Failed password for root from 218.87.109.156 port 46808 ssh2]
Jan  3 16:29:11 LabSZ sshd[4030]: Disconnecting: Too many authentication failures for root [preauth]
Jan  3 16:29:11 LabSZ sshd[4030]: PAM 5 more authentication failures; logname= uid=0 euid=0 tty=ssh ruser= rhost=218.87.109.156  user=root
Jan  3 16:29:11 LabSZ sshd[4030]: PAM service(sshd) ignoring max retries; 6 > 3
Jan  3 16:29:15 LabSZ sshd[4035]: pam_unix(sshd:auth): authentication failure; logname= uid=0 euid=0 tty=ssh ruser= rhost=218.87.109.156  user=root
Jan  3 16:29:18 LabSZ sshd[4035]: Failed password for root from 218.87.109.156 port 30928 ssh2
Jan  3 16:29:21 LabSZ sshd[4033]: message repeated 5 times: [ Failed password for root from 59.63.188.30 port 60080 ssh2]
Jan  3 16:29:21 LabSZ sshd[4033]: Disconnecting: Too many authentication failures for root [preauth]
Jan  3 16:29:21 LabSZ sshd[4033]: PAM 5 more authentication failures; logname= uid=0 euid=0 tty=ssh ruser= rhost=59.63.188.30  user=root
Jan  3 16:29:21 LabSZ sshd[4033]: PAM service(sshd) ignoring max retries; 6 > 3
Jan  3 16:29:22 LabSZ sshd[4037]: pam_unix(sshd:auth): authentication failure; logname= uid=0 euid=0 tty=ssh ruser= rhost=59.63.188.30  user=root
Jan  3 16:29:24 LabSZ sshd[4037]: Failed password for root from 59.63.188.30 port 13366 ssh2
Jan  3 16:29:32 LabSZ sshd[4035]: message repeated 5 times: [ Failed password for root from 218.87.109.156 port 30928 ssh2]
Jan  3 16:29:32 LabSZ sshd[4035]: Disconnecting: Too many authentication failures for root [preauth]
Jan  3 16:29:32 LabSZ sshd[4035]: PAM 5 more authentication failures; logname= uid=0 euid=0 tty=ssh ruser= rhost=218.87.109.156  user=root
Jan  3 16:29:32 LabSZ sshd[4035]: PAM service(sshd) ignoring max retries; 6 > 3
Jan  3 16:29:35 LabSZ sshd[4039]: pam_unix(sshd:auth): authentication failure; logname= uid=0 euid=0 tty=ssh ruser= rhost=218.87.109.156  user=root
Jan  3 16:29:37 LabSZ sshd[4037]: message repeated 5 times: [ Failed password for root from 59.63.188.30 port 13366 ssh2]
Jan  3 16:29:37 LabSZ sshd[4037]: Disconnecting: Too many authentication failures for root [preauth]
Jan  3 16:29:37 LabSZ sshd[4037]: PAM 5 more authentication failures; logname= uid=0 euid=0 tty=ssh ruser= rhost=59.63.188.30  user=root
Jan  3 16:29:37 LabSZ sshd[4037]: PAM service(sshd) ignoring max retries; 6 > 3
Jan  3 16:29:37 LabSZ sshd[4039]: Failed password for root from 218.87.109.156 port 14342 ssh2
Jan  3 16:29:38 LabSZ sshd[4041]: pam_unix(sshd:auth): authentication failure; logname= uid=0 euid=0 tty=ssh ruser= rhost=59.63.188.30  user=root
Jan  3 16:29:40 LabSZ sshd[4041]: Failed password for root from 59.63.188.30 port 31064 ssh2
Jan  3 16:29:50 LabSZ sshd[4039]: message repeated 5 times: [ Failed password for root from 218.87.109.156 port 14342 ssh2]
Jan  3 16:29:50 LabSZ sshd[4039]: Disconnecting: Too many authentication failures for root [preauth]
Jan  3 16:29:50 LabSZ sshd[4039]: PAM 5 more authentication failures; logname= uid=0 euid=0 tty=ssh ruser= rhost=218.87.109.156  user=root
Jan  3 16:29:50 LabSZ sshd[4039]: PAM service(sshd) ignoring max retries; 6 > 3
Jan  3 16:29:53 LabSZ sshd[4041]: message repeated 5 times: [ Failed password for root from 59.63.188.30 port 31064 ssh2]
Jan  3 16:29:53 LabSZ sshd[4041]: Disconnecting: Too many authentication failures for root [preauth]
Jan  3 16:29:53 LabSZ sshd[4041]: PAM 5 more authentication failures; logname= uid=0 euid=0 tty=ssh ruser= rhost=59.63.188.30  user=root
Jan  3 16:29:53 LabSZ sshd[4041]: PAM service(sshd) ignoring max retries; 6 > 3
Jan  3 16:29:54 LabSZ sshd[4045]: pam_unix(sshd:auth): authentication failure; logname= uid=0 euid=0 tty=ssh ruser= rhost=59.63.188.30  user=root
Jan  3 16:29:56 LabSZ sshd[4045]: Failed password for root from 59.63.188.30 port 48849 ssh2
Jan  3 16:29:57 LabSZ sshd[4043]: pam_unix(sshd:auth): authentication failure; logname= uid=0 euid=0 tty=ssh ruser= rhost=218.87.109.156  user=root
Jan  3 16:29:59 LabSZ sshd[4043]: Failed password for root from 218.87.109.156 port 56436 ssh2
Jan  3 16:30:09 LabSZ sshd[4045]: message repeated 5 times: [ Failed password for root from 59.63.188.30 port 48849 ssh2]
Jan  3 16:30:09 LabSZ sshd[4045]: Disconnecting: Too many authentication failures for root [preauth]
Jan  3 16:30:09 LabSZ sshd[4045]: PAM 5 more authentication failures; logname= uid=0 euid=0 tty=ssh ruser= rhost=59.63.188.30  user=root
Jan  3 16:30:09 LabSZ sshd[4045]: PAM service(sshd) ignoring max retries; 6 > 3
Jan  3 16:30:11 LabSZ sshd[4047]: pam_unix(sshd:auth): authentication failure; logname= uid=0 euid=0 tty=ssh ruser= rhost=59.63.188.30  user=root
Jan  3 16:30:11 LabSZ sshd[4043]: message repeated 5 times: [ Failed password for root from 218.87.109.156 port 56436 ssh2]
Jan  3 16:30:11 LabSZ sshd[4043]: Disconnecting: Too many authentication failures for root [preauth]
Jan  3 16:30:11 LabSZ sshd[4043]: PAM 5 more authentication failures; logname= uid=0 euid=0 tty=ssh ruser= rhost=218.87.109.156  user=root
Jan  3 16:30:11 LabSZ sshd[4043]: PAM service(sshd) ignoring max retries; 6 > 3
Jan  3 16:30:12 LabSZ sshd[4047]: Failed password for root from 59.63.188.30 port 1949 ssh2
