Jan  2 09:09:21 LabSZ sshd[31055]: reverse mapping checking getaddrinfo for 30.30.65.218.broad.xy.jx.dynamic.163data.com.cn [218.65.30.30] failed - POSSIBLE BREAK-IN ATTEMPT!
Jan  2 09:09:21 LabSZ sshd[31055]: pam_unix(sshd:auth): authentication failure; logname= uid=0 euid=0 tty=ssh ruser= rhost=218.65.30.30  user=root
Jan  2 09:09:22 LabSZ sshd[31057]: pam_unix(sshd:auth): authentication failure; logname= uid=0 euid=0 tty=ssh ruser= rhost=139.219.239.13  user=bin
Jan  2 09:09:23 LabSZ sshd[31055]: Failed password for root from 218.65.30.30 port 18846 ssh2
Jan  2 09:09:23 LabSZ sshd[31041]: message repeated 5 times: [ Failed password for root from 58.242.83.25 port 59399 ssh2]
Jan  2 09:09:23 LabSZ sshd[31041]: Disconnecting: Too many authentication failures for root [preauth]
Jan  2 09:09:23 LabSZ sshd[31041]: PAM 5 more authentication failures; logname= uid=0 euid=0 tty=ssh ruser= rhost=58.242.83.25  user=root
Jan  2 09:09:23 LabSZ sshd[31041]: PAM service(sshd) ignoring max retries; 6 > 3
Jan  2 09:09:24 LabSZ sshd[31057]: Failed password for bin from 139.219.239.13 port 1137 ssh2
Jan  2 09:09:24 LabSZ sshd[31057]: Received disconnect from 139.219.239.13: 11: Bye Bye [preauth]
Jan  2 09:09:24 LabSZ sshd[31043]: message repeated 5 times: [ Failed password for root from 182.100.67.120 port 58214 ssh2]
Jan  2 09:09:24 LabSZ sshd[31043]: Disconnecting: Too many authentication failures for root [preauth]
Jan  2 09:09:24 LabSZ sshd[31043]: PAM 5 more authentication failures; logname= uid=0 euid=0 tty=ssh ruser= rhost=182.100.67.120  user=root
Jan  2 09:09:24 LabSZ sshd[31043]: PAM service(sshd) ignoring max retries; 6 > 3
Jan  2 09:09:24 LabSZ sshd[31059]: pam_unix(sshd:auth): authentication failure; logname= uid=0 euid=0 tty=ssh ruser= rhost=139.219.239.13  user=bin
Jan  2 09:09:25 LabSZ sshd[31061]: pam_unix(sshd:auth): authentication failure; logname= uid=0 euid=0 tty=ssh ruser= rhost=58.242.83.25  user=root
Jan  2 09:09:25 LabSZ sshd[31063]: pam_unix(sshd:auth): authentication failure; logname= uid=0 euid=0 tty=ssh ruser= rhost=182.100.67.120  user=root
Jan  2 09:09:26 LabSZ sshd[31061]: Failed password for root from 58.242.83.25 port 14600 ssh2
Jan  2 09:09:26 LabSZ sshd[31059]: Failed password for bin from 139.219.239.13 port 1160 ssh2
Jan  2 09:09:26 LabSZ sshd[31059]: Received disconnect from 139.219.239.13: 11: Bye Bye [preauth]
Jan  2 09:09:26 LabSZ sshd[31063]: Failed password for root from 182.100.67.120 port 29036 ssh2
Jan  2 09:09:26 LabSZ sshd[31065]: pam_unix(sshd:auth): authentication failure; logname= uid=0 euid=0 tty=ssh ruser= rhost=139.219.239.13  user=bin
Jan  2 09:09:28 LabSZ sshd[31065]: Failed password for bin from 139.219.239.13 port 1161 ssh2
Jan  2 09:09:28 LabSZ sshd[31065]: Received disconnect from 139.219.239.13: 11: Bye Bye [preauth]
Jan  2 09:09:29 LabSZ sshd[31067]: Invalid user db2inst1 from 139.219.239.13
Jan  2 09:09:29 LabSZ sshd[31067]: input_userauth_request: invalid user db2inst1 [preauth]
Jan  2 09:09:29 LabSZ sshd[31067]: pam_unix(sshd:auth): check pass; user unknown
Jan  2 09:09:29 LabSZ sshd[31067]: pam_unix(sshd:auth): authentication failure; logname= uid=0 euid=0 tty=ssh ruser= rhost=139.219.239.13 
Jan  2 09:09:31 LabSZ sshd[31067]: Failed password for invalid user db2inst1 from 139.219.239.13 port 1162 ssh2
Jan  2 09:09:31 LabSZ sshd[31067]: Received disconnect from 139.219.239.13: 11: Bye Bye [preauth]
Jan  2 09:09:31 LabSZ sshd[31069]: Invalid user ssh from 139.219.239.13
Jan  2 09:09:31 LabSZ sshd[31069]: input_userauth_request: invalid user ssh [preauth]
Jan  2 09:09:31 LabSZ sshd[31069]: pam_unix(sshd:auth): check pass; user unknown
Jan  2 09:09:31 LabSZ sshd[31069]: pam_unix(sshd:auth): authentication failure; logname= uid=0 euid=0 tty=ssh ruser= rhost=139.219.239.13 
Jan  2 09:09:33 LabSZ sshd[31069]: Failed password for invalid user ssh from 139.219.239.13 port 1163 ssh2
Jan  2 09:09:33 LabSZ sshd[31069]: Received disconnect from 139.219.239.13: 11: Bye Bye [preauth]
Jan  2 09:09:33 LabSZ sshd[31071]: Invalid user mp3 from 139.219.239.13
Jan  2 09:09:33 LabSZ sshd[31071]: input_userauth_request: invalid user mp3 [preauth]
Jan  2 09:09:33 LabSZ sshd[31071]: pam_unix(sshd:auth): check pass; user unknown
Jan  2 09:09:33 LabSZ sshd[31071]: pam_unix(sshd:auth): authentication failure; logname= uid=0 euid=0 tty=ssh ruser= rhost=139.219.239.13 
Jan  2 09:09:35 LabSZ sshd[31055]: message repeated 5 times: [ Failed password for root from 218.65.30.30 port 18846 ssh2]
Jan  2 09:09:35 LabSZ sshd[31055]: Disconnecting: Too many authentication failures for root [preauth]
Jan  2 09:09:35 LabSZ sshd[31055]: PAM 5 more authentication failures; logname= uid=0 euid=0 tty=ssh ruser= rhost=218.65.30.30  user=root
Jan  2 09:09:35 LabSZ sshd[31055]: PAM service(sshd) ignoring max retries; 6 > 3
Jan  2 09:09:35 LabSZ sshd[31071]: Failed password for invalid user mp3 from 139.219.239.13 port 1164 ssh2
Jan  2 09:09:35 LabSZ sshd[31071]: Received disconnect from 139.219.239.13: 11: Bye Bye [preauth]
Jan  2 09:09:35 LabSZ sshd[31073]: Invalid user oracle from 139.219.239.13
Jan  2 09:09:35 LabSZ sshd[31073]: input_userauth_request: invalid user oracle [preauth]
Jan  2 09:09:35 LabSZ sshd[31073]: pam_unix(sshd:auth): check pass; user unknown
Jan  2 09:09:35 LabSZ sshd[31073]: pam_unix(sshd:auth): authentication failure; logname= uid=0 euid=0 tty=ssh ruser= rhost=139.219.239.13 
Jan  2 09:09:36 LabSZ sshd[31075]: reverse mapping checking getaddrinfo for 30.30.65.218.broad.xy.jx.dynamic.163data.com.cn [218.65.30.30] failed - POSSIBLE BREAK-IN ATTEMPT!
Jan  2 09:09:36 LabSZ sshd[31075]: pam_unix(sshd:auth): authentication failure; logname= uid=0 euid=0 tty=ssh ruser= rhost=218.65.30.30  user=root
Jan  2 09:09:37 LabSZ sshd[31073]: Failed password for invalid user oracle from 139.219.239.13 port 1165 ssh2
Jan  2 09:09:37 LabSZ sshd[31073]: Received disconnect from 139.219.239.13: 11: Bye Bye [preauth]
Jan  2 09:09:38 LabSZ sshd[31077]: Invalid user nagios from 139.219.239.13
Jan  2 09:09:38 LabSZ sshd[31077]: input_userauth_request: invalid user nagios [preauth]
Jan  2 09:09:38 LabSZ sshd[31077]: pam_unix(sshd:auth): check pass; user unknown
Jan  2 09:09:38 LabSZ sshd[31077]: pam_unix(sshd:auth): authentication failure; logname= uid=0 euid=0 tty=ssh ruser= rhost=139.219.239.13 
Jan  2 09:09:38 LabSZ sshd[31061]: message repeated 5 times: [ Failed password for root from 58.242.83.25 port 14600 ssh2]
Jan  2 09:09:38 LabSZ sshd[31061]: Disconnecting: Too many authentication failures for root [preauth]
Jan  2 09:09:38 LabSZ sshd[31061]: PAM 5 more authentication failures; logname= uid=0 euid=0 tty=ssh ruser= rhost=58.242.83.25  user=root
Jan  2 09:09:38 LabSZ sshd[31061]: PAM service(sshd) ignoring max retries; 6 > 3
Jan  2 09:09:39 LabSZ sshd[31075]: Failed password for root from 218.65.30.30 port 52678 ssh2
Jan  2 09:09:39 LabSZ sshd[31063]: message repeated 5 times: [ Failed password for root from 182.100.67.120 port 29036 ssh2]
Jan  2 09:09:39 LabSZ sshd[31063]: Disconnecting: Too many authentication failures for root [preauth]
Jan  2 09:09:39 LabSZ sshd[31063]: PAM 5 more authentication failures; logname= uid=0 euid=0 tty=ssh ruser= rhost=182.100.67.120  user=root
Jan  2 09:09:39 LabSZ sshd[31063]: PAM service(sshd) ignoring max retries; 6 > 3
Jan  2 09:09:39 LabSZ sshd[31077]: Failed password for invalid user nagios from 139.219.239.13 port 1167 ssh2
Jan  2 09:09:39 LabSZ sshd[31077]: Received disconnect from 139.219.239.13: 11: Bye Bye [preauth]
Jan  2 09:09:40 LabSZ sshd[31079]: Invalid user vmail from 139.219.239.13
Jan  2 09:09:40 LabSZ sshd[31079]: input_userauth_request: invalid user vmail [preauth]
Jan  2 09:09:40 LabSZ sshd[31079]: pam_unix(sshd:auth): check pass; user unknown
Jan  2 09:09:40 LabSZ sshd[31079]: pam_unix(sshd:auth): authentication failure; logname= uid=0 euid=0 tty=ssh ruser= rhost=139.219.239.13 
Jan  2 09:09:40 LabSZ sshd[31081]: pam_unix(sshd:auth): authentication failure; logname= uid=0 euid=0 tty=ssh ruser= rhost=58.242.83.25  user=root
Jan  2 09:09:40 LabSZ sshd[31083]: pam_unix(sshd:auth): authentication failure; logname= uid=0 euid=0 tty=ssh ruser= rhost=182.100.67.120  user=root
Jan  2 09:09:41 LabSZ sshd[31079]: Failed password for invalid user vmail from 139.219.239.13 port 1176 ssh2
Jan  2 09:09:41 LabSZ sshd[31079]: Received disconnect from 139.219.239.13: 11: Bye Bye [preauth]
Jan  2 09:09:41 LabSZ sshd[31081]: Failed password for root from 58.242.83.25 port 34659 ssh2
Jan  2 09:09:42 LabSZ sshd[31085]: pam_unix(sshd:auth): authentication failure; logname= uid=0 euid=0 tty=ssh ruser= rhost=139.219.239.13  user=root
Jan  2 09:09:42 LabSZ sshd[31083]: Failed password for root from 182.100.67.120 port 62406 ssh2
Jan  2 09:09:44 LabSZ sshd[31085]: Failed password for root from 139.219.239.13 port 21145 ssh2
Jan  2 09:09:44 LabSZ sshd[31085]: Received disconnect from 139.219.239.13: 11: Bye Bye [preauth]
Jan  2 09:09:44 LabSZ sshd[31087]: pam_unix(sshd:auth): authentication failure; logname= uid=0 euid=0 tty=ssh ruser= rhost=139.219.239.13  user=root
Jan  2 09:09:46 LabSZ sshd[31087]: Failed password for root from 139.219.239.13 port 20808 ssh2
Jan  2 09:09:46 LabSZ sshd[31087]: Received disconnect from 139.219.239.13: 11: Bye Bye [preauth]
Jan  2 09:09:46 LabSZ sshd[31089]: pam_unix(sshd:auth): authentication failure; logname= uid=0 euid=0 tty=ssh ruser= rhost=139.219.239.13  user=root
Jan  2 09:09:48 LabSZ sshd[31089]: Failed password for root from 139.219.239.13 port 20809 ssh2
Jan  2 09:09:48 LabSZ sshd[31089]: Received disconnect from 139.219.239.13: 11: Bye Bye [preauth]
Jan  2 09:09:48 LabSZ sshd[31091]: pam_unix(sshd:auth): authentication failure; logname= uid=0 euid=0 tty=ssh ruser= rhost=139.219.239.13  user=root
Jan  2 09:09:50 LabSZ sshd[31075]: message repeated 5 times: [ Failed password for root from 218.65.30.30 port 52678 ssh2]
Jan  2 09:09:50 LabSZ sshd[31075]: Disconnecting: Too many authentication failures for root [preauth]
Jan  2 09:09:50 LabSZ sshd[31075]: PAM 5 more authentication failures; logname= uid=0 euid=0 tty=ssh ruser= rhost=218.65.30.30  user=root
Jan  2 09:09:50 LabSZ sshd[31075]: PAM service(sshd) ignoring max retries; 6 > 3
Jan  2 09:09:51 LabSZ sshd[31091]: Failed password for root from 139.219.239.13 port 21576 ssh2
Jan  2 09:09:51 LabSZ sshd[31091]: Received disconnect from 139.219.239.13: 11: Bye Bye [preauth]
Jan  2 09:09:51 LabSZ sshd[31093]: pam_unix(sshd:auth): authentication failure; logname= uid=0 euid=0 tty=ssh ruser= rhost=139.219.239.13  user=root
Jan  2 09:09:51 LabSZ sshd[31095]: reverse mapping checking getaddrinfo for 30.30.65.218.broad.xy.jx.dynamic.163data.com.cn [218.65.30.30] failed - POSSIBLE BREAK-IN ATTEMPT!
Jan  2 09:09:51 LabSZ sshd[31095]: pam_unix(sshd:auth): authentication failure; logname= uid=0 euid=0 tty=ssh ruser= rhost=218.65.30.30  user=root
Jan  2 09:09:52 LabSZ sshd[31093]: Failed password for root from 139.219.239.13 port 21580 ssh2
Jan  2 09:09:52 LabSZ sshd[31093]: Received disconnect from 139.219.239.13: 11: Bye Bye [preauth]
