Dec 12 08:35:50 LabSZ sshd[25451]: Failed none for invalid user 0 from 5.188.10.182 port 34852 ssh2
Dec 12 08:35:51 LabSZ sshd[25455]: Failed password for root from 183.57.42.19 port 25567 ssh2
Dec 12 08:35:51 LabSZ sshd[25455]: Connection closed by 183.57.42.19 [preauth]
Dec 12 08:35:52 LabSZ sshd[25457]: pam_unix(sshd:auth): authentication failure; logname= uid=0 euid=0 tty=ssh ruser= rhost=183.57.42.19  user=root
Dec 12 08:35:52 LabSZ sshd[25451]: pam_unix(sshd:auth): check pass; user unknown
Dec 12 08:35:52 LabSZ sshd[25451]: pam_unix(sshd:auth): authentication failure; logname= uid=0 euid=0 tty=ssh ruser= rhost=5.188.10.182 
Dec 12 08:35:54 LabSZ sshd[25457]: Failed password for root from 183.57.42.19 port 48913 ssh2
Dec 12 08:35:54 LabSZ sshd[25451]: Failed password for invalid user 0 from 5.188.10.182 port 34852 ssh2
Dec 12 08:35:54 LabSZ sshd[25457]: Connection closed by 183.57.42.19 [preauth]
Dec 12 08:35:54 LabSZ sshd[25459]: pam_unix(sshd:auth): authentication failure; logname= uid=0 euid=0 tty=ssh ruser= rhost=183.57.42.19  user=root
Dec 12 08:35:54 LabSZ sshd[25451]: Connection closed by 5.188.10.182 [preauth]
Dec 12 08:35:56 LabSZ sshd[25459]: Failed password for root from 183.57.42.19 port 30350 ssh2
Dec 12 08:35:56 LabSZ sshd[25459]: Connection closed by 183.57.42.19 [preauth]
Dec 12 08:35:56 LabSZ sshd[25463]: pam_unix(sshd:auth): authentication failure; logname= uid=0 euid=0 tty=ssh ruser= rhost=183.57.42.19  user=root
Dec 12 08:35:58 LabSZ sshd[25461]: Invalid user 1234 from 5.188.10.182
Dec 12 08:35:58 LabSZ sshd[25461]: input_userauth_request: invalid user 1234 [preauth]
Dec 12 08:35:58 LabSZ sshd[25461]: pam_unix(sshd:auth): check pass; user unknown
Dec 12 08:35:58 LabSZ sshd[25461]: pam_unix(sshd:auth): authentication failure; logname= uid=0 euid=0 tty=ssh ruser= rhost=5.188.10.182 
Dec 12 08:35:59 LabSZ sshd[25463]: Failed password for root from 183.57.42.19 port 51082 ssh2
Dec 12 08:35:59 LabSZ sshd[25463]: Connection closed by 183.57.42.19 [preauth]
Dec 12 08:35:59 LabSZ sshd[25465]: pam_unix(sshd:auth): authentication failure; logname= uid=0 euid=0 tty=ssh ruser= rhost=183.57.42.19  user=root
Dec 12 08:36:00 LabSZ sshd[25461]: Failed password for invalid user 1234 from 5.188.10.182 port 38463 ssh2
Dec 12 08:36:00 LabSZ sshd[25461]: Connection closed by 5.188.10.182 [preauth]
Dec 12 08:36:01 LabSZ sshd[25465]: Failed password for root from 183.57.42.19 port 1653 ssh2
Dec 12 08:36:01 LabSZ sshd[25465]: Connection closed by 183.57.42.19 [preauth]
Dec 12 08:36:01 LabSZ sshd[25468]: pam_unix(sshd:auth): authentication failure; logname= uid=0 euid=0 tty=ssh ruser= rhost=183.57.42.19  user=root
Dec 12 08:36:04 LabSZ sshd[25468]: Failed password for root from 183.57.42.19 port 56907 ssh2
Dec 12 08:36:04 LabSZ sshd[25468]: Connection closed by 183.57.42.19 [preauth]
Dec 12 08:36:04 LabSZ sshd[25467]: Invalid user admin from 5.188.10.182
Dec 12 08:36:04 LabSZ sshd[25467]: input_userauth_request: invalid user admin [preauth]
Dec 12 08:36:04 LabSZ sshd[25467]: Failed none for invalid user admin from 5.188.10.182 port 57833 ssh2
Dec 12 08:36:04 LabSZ sshd[25471]: pam_unix(sshd:auth): authentication failure; logname= uid=0 euid=0 tty=ssh ruser= rhost=183.57.42.19  user=root
Dec 12 08:36:05 LabSZ sshd[25467]: Connection closed by 5.188.10.182 [preauth]
Dec 12 08:36:06 LabSZ sshd[25471]: Failed password for root from 183.57.42.19 port 35394 ssh2
Dec 12 08:36:06 LabSZ sshd[25471]: Connection closed by 183.57.42.19 [preauth]
Dec 12 08:36:07 LabSZ sshd[25474]: pam_unix(sshd:auth): authentication failure; logname= uid=0 euid=0 tty=ssh ruser= rhost=183.57.42.19  user=root
Dec 12 08:36:08 LabSZ sshd[25474]: Failed password for root from 183.57.42.19 port 13460 ssh2
Dec 12 08:36:08 LabSZ sshd[25474]: Connection closed by 183.57.42.19 [preauth]
Dec 12 08:36:09 LabSZ sshd[25477]: pam_unix(sshd:auth): authentication failure; logname= uid=0 euid=0 tty=ssh ruser= rhost=183.57.42.19  user=root
Dec 12 08:36:10 LabSZ sshd[25477]: Failed password for root from 183.57.42.19 port 63791 ssh2
Dec 12 08:36:10 LabSZ sshd[25477]: Connection closed by 183.57.42.19 [preauth]
Dec 12 08:36:10 LabSZ sshd[25473]: Invalid user admin from 5.188.10.182
Dec 12 08:36:10 LabSZ sshd[25473]: input_userauth_request: invalid user admin [preauth]
Dec 12 08:36:10 LabSZ sshd[25473]: pam_unix(sshd:auth): check pass; user unknown
Dec 12 08:36:10 LabSZ sshd[25473]: pam_unix(sshd:auth): authentication failure; logname= uid=0 euid=0 tty=ssh ruser= rhost=5.188.10.182 
Dec 12 08:36:10 LabSZ sshd[25479]: pam_unix(sshd:auth): authentication failure; logname= uid=0 euid=0 tty=ssh ruser= rhost=183.57.42.19  user=root
Dec 12 08:36:11 LabSZ sshd[25473]: Failed password for invalid user admin from 5.188.10.182 port 58012 ssh2
Dec 12 08:36:12 LabSZ sshd[25479]: Failed password for root from 183.57.42.19 port 30481 ssh2
Dec 12 08:36:12 LabSZ sshd[25479]: Connection closed by 183.57.42.19 [preauth]
Dec 12 08:36:12 LabSZ sshd[25481]: pam_unix(sshd:auth): authentication failure; logname= uid=0 euid=0 tty=ssh ruser= rhost=183.57.42.19  user=root
Dec 12 08:36:13 LabSZ sshd[25473]: pam_unix(sshd:auth): check pass; user unknown
Dec 12 08:36:14 LabSZ sshd[25481]: Failed password for root from 183.57.42.19 port 33713 ssh2
Dec 12 08:36:14 LabSZ sshd[25481]: Connection closed by 183.57.42.19 [preauth]
Dec 12 08:36:15 LabSZ sshd[25483]: pam_unix(sshd:auth): authentication failure; logname= uid=0 euid=0 tty=ssh ruser= rhost=183.57.42.19  user=root
Dec 12 08:36:16 LabSZ sshd[25473]: Failed password for invalid user admin from 5.188.10.182 port 58012 ssh2
Dec 12 08:36:16 LabSZ sshd[25473]: pam_unix(sshd:auth): check pass; user unknown
Dec 12 08:36:17 LabSZ sshd[25483]: Failed password for root from 183.57.42.19 port 50171 ssh2
Dec 12 08:36:17 LabSZ sshd[25483]: Connection closed by 183.57.42.19 [preauth]
Dec 12 08:36:17 LabSZ sshd[25485]: pam_unix(sshd:auth): authentication failure; logname= uid=0 euid=0 tty=ssh ruser= rhost=183.57.42.19  user=root
Dec 12 08:36:18 LabSZ sshd[25473]: Failed password for invalid user admin from 5.188.10.182 port 58012 ssh2
Dec 12 08:36:18 LabSZ sshd[25485]: Failed password for root from 183.57.42.19 port 4014 ssh2
Dec 12 08:36:18 LabSZ sshd[25485]: Connection closed by 183.57.42.19 [preauth]
Dec 12 08:36:18 LabSZ sshd[25473]: pam_unix(sshd:auth): check pass; user unknown
Dec 12 08:36:19 LabSZ sshd[25487]: pam_unix(sshd:auth): authentication failure; logname= uid=0 euid=0 tty=ssh ruser= rhost=183.57.42.19  user=root
Dec 12 08:36:20 LabSZ sshd[25473]: Failed password for invalid user admin from 5.188.10.182 port 58012 ssh2
Dec 12 08:36:21 LabSZ sshd[25487]: Failed password for root from 183.57.42.19 port 59506 ssh2
Dec 12 08:36:21 LabSZ sshd[25487]: Connection closed by 183.57.42.19 [preauth]
Dec 12 08:36:21 LabSZ sshd[25489]: pam_unix(sshd:auth): authentication failure; logname= uid=0 euid=0 tty=ssh ruser= rhost=183.57.42.19  user=root
Dec 12 08:36:22 LabSZ sshd[25473]: pam_unix(sshd:auth): check pass; user unknown
Dec 12 08:36:23 LabSZ sshd[25489]: Failed password for root from 183.57.42.19 port 55532 ssh2
Dec 12 08:36:23 LabSZ sshd[25489]: Connection closed by 183.57.42.19 [preauth]
Dec 12 08:36:23 LabSZ sshd[25491]: pam_unix(sshd:auth): authentication failure; logname= uid=0 euid=0 tty=ssh ruser= rhost=183.57.42.19  user=root
Dec 12 08:36:23 LabSZ sshd[25473]: Failed password for invalid user admin from 5.188.10.182 port 58012 ssh2
Dec 12 08:36:25 LabSZ sshd[25473]: Connection closed by 5.188.10.182 [preauth]
Dec 12 08:36:25 LabSZ sshd[25473]: PAM 4 more authentication failures; logname= uid=0 euid=0 tty=ssh ruser= rhost=5.188.10.182 
Dec 12 08:36:25 LabSZ sshd[25473]: PAM service(sshd) ignoring max retries; 5 > 3
Dec 12 08:36:25 LabSZ sshd[25491]: Failed password for root from 183.57.42.19 port 5894 ssh2
Dec 12 08:36:25 LabSZ sshd[25491]: Connection closed by 183.57.42.19 [preauth]
Dec 12 08:36:25 LabSZ sshd[25494]: pam_unix(sshd:auth): authentication failure; logname= uid=0 euid=0 tty=ssh ruser= rhost=183.57.42.19  user=root
Dec 12 08:36:27 LabSZ sshd[25494]: Failed password for root from 183.57.42.19 port 62445 ssh2
Dec 12 08:36:27 LabSZ sshd[25494]: Connection closed by 183.57.42.19 [preauth]
Dec 12 08:36:27 LabSZ sshd[25496]: pam_unix(sshd:auth): authentication failure; logname= uid=0 euid=0 tty=ssh ruser= rhost=183.57.42.19  user=root
Dec 12 08:36:29 LabSZ sshd[25496]: Failed password for root from 183.57.42.19 port 21283 ssh2
Dec 12 08:36:29 LabSZ sshd[25496]: Connection closed by 183.57.42.19 [preauth]
Dec 12 08:36:29 LabSZ sshd[25498]: pam_unix(sshd:auth): authentication failure; logname= uid=0 euid=0 tty=ssh ruser= rhost=183.57.42.19  user=root
Dec 12 08:36:31 LabSZ sshd[25498]: Failed password for root from 183.57.42.19 port 57964 ssh2
Dec 12 08:36:31 LabSZ sshd[25498]: Connection closed by 183.57.42.19 [preauth]
Dec 12 08:36:31 LabSZ sshd[25501]: pam_unix(sshd:auth): authentication failure; logname= uid=0 euid=0 tty=ssh ruser= rhost=183.57.42.19  user=root
Dec 12 08:36:33 LabSZ sshd[25501]: Failed password for root from 183.57.42.19 port 31926 ssh2
Dec 12 08:36:33 LabSZ sshd[25501]: Connection closed by 183.57.42.19 [preauth]
Dec 12 08:36:33 LabSZ sshd[25503]: pam_unix(sshd:auth): authentication failure; logname= uid=0 euid=0 tty=ssh ruser= rhost=183.57.42.19  user=root
Dec 12 08:36:35 LabSZ sshd[25503]: Failed password for root from 183.57.42.19 port 45889 ssh2
Dec 12 08:36:35 LabSZ sshd[25503]: Connection closed by 183.57.42.19 [preauth]
Dec 12 08:36:35 LabSZ sshd[25505]: pam_unix(sshd:auth): authentication failure; logname= uid=0 euid=0 tty=ssh ruser= rhost=183.57.42.19  user=root
Dec 12 08:36:36 LabSZ sshd[25493]: Invalid user admin from 5.188.10.182
Dec 12 08:36:36 LabSZ sshd[25493]: input_userauth_request: invalid user admin [preauth]
Dec 12 08:36:36 LabSZ sshd[25493]: pam_unix(sshd:auth): check pass; user unknown
Dec 12 08:36:36 LabSZ sshd[25493]: pam_unix(sshd:auth): authentication failure; logname= uid=0 euid=0 tty=ssh ruser= rhost=5.188.10.182 
Dec 12 08:36:37 LabSZ sshd[25505]: Failed password for root from 183.57.42.19 port 39770 ssh2
Dec 12 08:36:37 LabSZ sshd[25505]: Connection closed by 183.57.42.19 [preauth]
