Jan  2 02:08:44 LabSZ sshd[20556]: message repeated 5 times: [ Failed password for root from 182.100.67.120 port 21958 ssh2]
Jan  2 02:08:44 LabSZ sshd[20556]: Disconnecting: Too many authentication failures for root [preauth]
Jan  2 02:08:44 LabSZ sshd[20556]: PAM 5 more authentication failures; logname= uid=0 euid=0 tty=ssh ruser= rhost=182.100.67.120  user=root
Jan  2 02:08:44 LabSZ sshd[20556]: PAM service(sshd) ignoring max retries; 6 > 3
Jan  2 02:08:45 LabSZ sshd[20558]: Failed password for root from 58.242.83.25 port 35552 ssh2
Jan  2 02:08:46 LabSZ sshd[20560]: pam_unix(sshd:auth): authentication failure; logname= uid=0 euid=0 tty=ssh ruser= rhost=182.100.67.120  user=root
Jan  2 02:08:48 LabSZ sshd[20560]: Failed password for root from 182.100.67.120 port 60316 ssh2
Jan  2 02:08:56 LabSZ sshd[20558]: message repeated 5 times: [ Failed password for root from 58.242.83.25 port 35552 ssh2]
Jan  2 02:08:56 LabSZ sshd[20558]: Disconnecting: Too many authentication failures for root [preauth]
Jan  2 02:08:56 LabSZ sshd[20558]: PAM 5 more authentication failures; logname= uid=0 euid=0 tty=ssh ruser= rhost=58.242.83.25  user=root
Jan  2 02:08:56 LabSZ sshd[20558]: PAM service(sshd) ignoring max retries; 6 > 3
Jan  2 02:08:58 LabSZ sshd[20562]: pam_unix(sshd:auth): authentication failure; logname= uid=0 euid=0 tty=ssh ruser= rhost=58.242.83.25  user=root
Jan  2 02:09:00 LabSZ sshd[20562]: Failed password for root from 58.242.83.25 port 56807 ssh2
Jan  2 02:09:01 LabSZ sshd[20560]: message repeated 5 times: [ Failed password for root from 182.100.67.120 port 60316 ssh2]
Jan  2 02:09:01 LabSZ sshd[20560]: Disconnecting: Too many authentication failures for root [preauth]
Jan  2 02:09:01 LabSZ sshd[20560]: PAM 5 more authentication failures; logname= uid=0 euid=0 tty=ssh ruser= rhost=182.100.67.120  user=root
Jan  2 02:09:01 LabSZ sshd[20560]: PAM service(sshd) ignoring max retries; 6 > 3
Jan  2 02:09:02 LabSZ sshd[20580]: pam_unix(sshd:auth): authentication failure; logname= uid=0 euid=0 tty=ssh ruser= rhost=182.100.67.120  user=root
Jan  2 02:09:02 LabSZ sshd[20564]: Invalid user admin from 103.99.0.122
Jan  2 02:09:02 LabSZ sshd[20564]: input_userauth_request: invalid user admin [preauth]
Jan  2 02:09:02 LabSZ sshd[20564]: pam_unix(sshd:auth): check pass; user unknown
Jan  2 02:09:02 LabSZ sshd[20564]: pam_unix(sshd:auth): authentication failure; logname= uid=0 euid=0 tty=ssh ruser= rhost=103.99.0.122 
Jan  2 02:09:04 LabSZ sshd[20580]: Failed password for root from 182.100.67.120 port 34516 ssh2
Jan  2 02:09:04 LabSZ sshd[20564]: Failed password for invalid user admin from 103.99.0.122 port 59923 ssh2
Jan  2 02:09:04 LabSZ sshd[20564]: error: Received disconnect from 103.99.0.122: 14: No more user authentication methods available. [preauth]
Jan  2 02:09:05 LabSZ sshd[20582]: Invalid user support from 103.99.0.122
Jan  2 02:09:05 LabSZ sshd[20582]: input_userauth_request: invalid user support [preauth]
Jan  2 02:09:05 LabSZ sshd[20582]: pam_unix(sshd:auth): check pass; user unknown
Jan  2 02:09:05 LabSZ sshd[20582]: pam_unix(sshd:auth): authentication failure; logname= uid=0 euid=0 tty=ssh ruser= rhost=103.99.0.122 
Jan  2 02:09:07 LabSZ sshd[20582]: Failed password for invalid user support from 103.99.0.122 port 60683 ssh2
Jan  2 02:09:08 LabSZ sshd[20582]: error: Received disconnect from 103.99.0.122: 14: No more user authentication methods available. [preauth]
Jan  2 02:09:09 LabSZ sshd[20584]: Invalid user user from 103.99.0.122
Jan  2 02:09:09 LabSZ sshd[20584]: input_userauth_request: invalid user user [preauth]
Jan  2 02:09:09 LabSZ sshd[20584]: pam_unix(sshd:auth): check pass; user unknown
Jan  2 02:09:09 LabSZ sshd[20584]: pam_unix(sshd:auth): authentication failure; logname= uid=0 euid=0 tty=ssh ruser= rhost=103.99.0.122 
Jan  2 02:09:11 LabSZ sshd[20584]: Failed password for invalid user user from 103.99.0.122 port 61532 ssh2
Jan  2 02:09:12 LabSZ sshd[20584]: error: Received disconnect from 103.99.0.122: 14: No more user authentication methods available. [preauth]
Jan  2 02:09:12 LabSZ sshd[20562]: message repeated 5 times: [ Failed password for root from 58.242.83.25 port 56807 ssh2]
Jan  2 02:09:12 LabSZ sshd[20562]: Disconnecting: Too many authentication failures for root [preauth]
Jan  2 02:09:12 LabSZ sshd[20562]: PAM 5 more authentication failures; logname= uid=0 euid=0 tty=ssh ruser= rhost=58.242.83.25  user=root
Jan  2 02:09:12 LabSZ sshd[20562]: PAM service(sshd) ignoring max retries; 6 > 3
Jan  2 02:09:13 LabSZ sshd[20586]: pam_unix(sshd:auth): authentication failure; logname= uid=0 euid=0 tty=ssh ruser= rhost=103.99.0.122  user=root
Jan  2 02:09:14 LabSZ sshd[20588]: pam_unix(sshd:auth): authentication failure; logname= uid=0 euid=0 tty=ssh ruser= rhost=58.242.83.25  user=root
Jan  2 02:09:14 LabSZ sshd[20586]: Failed password for root from 103.99.0.122 port 62358 ssh2
Jan  2 02:09:15 LabSZ sshd[20586]: error: Received disconnect from 103.99.0.122: 14: No more user authentication methods available. [preauth]
Jan  2 02:09:15 LabSZ sshd[20588]: Failed password for root from 58.242.83.25 port 13906 ssh2
Jan  2 02:09:16 LabSZ sshd[20580]: message repeated 5 times: [ Failed password for root from 182.100.67.120 port 34516 ssh2]
Jan  2 02:09:16 LabSZ sshd[20580]: Disconnecting: Too many authentication failures for root [preauth]
Jan  2 02:09:16 LabSZ sshd[20580]: PAM 5 more authentication failures; logname= uid=0 euid=0 tty=ssh ruser= rhost=182.100.67.120  user=root
Jan  2 02:09:16 LabSZ sshd[20580]: PAM service(sshd) ignoring max retries; 6 > 3
Jan  2 02:09:17 LabSZ sshd[20590]: Invalid user 1234 from 103.99.0.122
Jan  2 02:09:17 LabSZ sshd[20590]: input_userauth_request: invalid user 1234 [preauth]
Jan  2 02:09:17 LabSZ sshd[20590]: pam_unix(sshd:auth): check pass; user unknown
Jan  2 02:09:17 LabSZ sshd[20590]: pam_unix(sshd:auth): authentication failure; logname= uid=0 euid=0 tty=ssh ruser= rhost=103.99.0.122 
Jan  2 02:09:18 LabSZ sshd[20590]: Failed password for invalid user 1234 from 103.99.0.122 port 63058 ssh2
Jan  2 02:09:19 LabSZ sshd[20590]: error: Received disconnect from 103.99.0.122: 14: No more user authentication methods available. [preauth]
Jan  2 02:09:20 LabSZ sshd[20594]: pam_unix(sshd:auth): authentication failure; logname= uid=0 euid=0 tty=ssh ruser= rhost=103.99.0.122  user=root
Jan  2 02:09:20 LabSZ sshd[20592]: pam_unix(sshd:auth): authentication failure; logname= uid=0 euid=0 tty=ssh ruser= rhost=182.100.67.120  user=root
Jan  2 02:09:22 LabSZ sshd[20594]: Failed password for root from 103.99.0.122 port 64050 ssh2
Jan  2 02:09:22 LabSZ sshd[20592]: Failed password for root from 182.100.67.120 port 6214 ssh2
Jan  2 02:09:22 LabSZ sshd[20594]: error: Received disconnect from 103.99.0.122: 14: No more user authentication methods available. [preauth]
Jan  2 02:09:24 LabSZ sshd[20596]: Invalid user anonymous from 103.99.0.122
Jan  2 02:09:24 LabSZ sshd[20596]: input_userauth_request: invalid user anonymous [preauth]
Jan  2 02:09:24 LabSZ sshd[20596]: pam_unix(sshd:auth): check pass; user unknown
Jan  2 02:09:24 LabSZ sshd[20596]: pam_unix(sshd:auth): authentication failure; logname= uid=0 euid=0 tty=ssh ruser= rhost=103.99.0.122 
Jan  2 02:09:26 LabSZ sshd[20596]: Failed password for invalid user anonymous from 103.99.0.122 port 64926 ssh2
Jan  2 02:09:26 LabSZ sshd[20596]: error: Received disconnect from 103.99.0.122: 14: No more user authentication methods available. [preauth]
Jan  2 02:09:27 LabSZ sshd[20598]: Invalid user admin from 103.99.0.122
Jan  2 02:09:27 LabSZ sshd[20598]: input_userauth_request: invalid user admin [preauth]
Jan  2 02:09:27 LabSZ sshd[20598]: pam_unix(sshd:auth): check pass; user unknown
Jan  2 02:09:27 LabSZ sshd[20598]: pam_unix(sshd:auth): authentication failure; logname= uid=0 euid=0 tty=ssh ruser= rhost=103.99.0.122 
Jan  2 02:09:28 LabSZ sshd[20588]: message repeated 5 times: [ Failed password for root from 58.242.83.25 port 13906 ssh2]
Jan  2 02:09:28 LabSZ sshd[20588]: Disconnecting: Too many authentication failures for root [preauth]
Jan  2 02:09:28 LabSZ sshd[20588]: PAM 5 more authentication failures; logname= uid=0 euid=0 tty=ssh ruser= rhost=58.242.83.25  user=root
Jan  2 02:09:28 LabSZ sshd[20588]: PAM service(sshd) ignoring max retries; 6 > 3
Jan  2 02:09:29 LabSZ sshd[20598]: Failed password for invalid user admin from 103.99.0.122 port 49329 ssh2
Jan  2 02:09:29 LabSZ sshd[20600]: pam_unix(sshd:auth): authentication failure; logname= uid=0 euid=0 tty=ssh ruser= rhost=58.242.83.25  user=root
Jan  2 02:09:29 LabSZ sshd[20598]: error: Received disconnect from 103.99.0.122: 14: No more user authentication methods available. [preauth]
Jan  2 02:09:31 LabSZ sshd[20600]: Failed password for root from 58.242.83.25 port 34629 ssh2
Jan  2 02:09:31 LabSZ sshd[20602]: Invalid user ubnt from 103.99.0.122
Jan  2 02:09:31 LabSZ sshd[20602]: input_userauth_request: invalid user ubnt [preauth]
Jan  2 02:09:31 LabSZ sshd[20602]: pam_unix(sshd:auth): check pass; user unknown
Jan  2 02:09:31 LabSZ sshd[20602]: pam_unix(sshd:auth): authentication failure; logname= uid=0 euid=0 tty=ssh ruser= rhost=103.99.0.122 
Jan  2 02:09:34 LabSZ sshd[20602]: Failed password for invalid user ubnt from 103.99.0.122 port 50287 ssh2
Jan  2 02:09:34 LabSZ sshd[20592]: message repeated 5 times: [ Failed password for root from 182.100.67.120 port 6214 ssh2]
Jan  2 02:09:34 LabSZ sshd[20592]: Disconnecting: Too many authentication failures for root [preauth]
Jan  2 02:09:34 LabSZ sshd[20592]: PAM 5 more authentication failures; logname= uid=0 euid=0 tty=ssh ruser= rhost=182.100.67.120  user=root
Jan  2 02:09:34 LabSZ sshd[20592]: PAM service(sshd) ignoring max retries; 6 > 3
Jan  2 02:09:34 LabSZ sshd[20602]: error: Received disconnect from 103.99.0.122: 14: No more user authentication methods available. [preauth]
Jan  2 02:09:35 LabSZ sshd[20606]: pam_unix(sshd:auth): authentication failure; logname= uid=0 euid=0 tty=ssh ruser= rhost=182.100.67.120  user=root
Jan  2 02:09:36 LabSZ sshd[20604]: pam_unix(sshd:auth): authentication failure; logname= uid=0 euid=0 tty=ssh ruser= rhost=103.99.0.122  user=uucp
Jan  2 02:09:37 LabSZ sshd[20606]: Failed password for root from 182.100.67.120 port 46336 ssh2
Jan  2 02:09:38 LabSZ sshd[20604]: Failed password for uucp from 103.99.0.122 port 51469 ssh2
Jan  2 02:09:38 LabSZ sshd[20604]: error: Received disconnect from 103.99.0.122: 14: No more user authentication methods available. [preauth]
Jan  2 02:09:39 LabSZ sshd[20608]: pam_unix(sshd:auth): authentication failure; logname= uid=0 euid=0 tty=ssh ruser= rhost=103.99.0.122  user=sshd
Jan  2 02:09:41 LabSZ sshd[20608]: Failed password for sshd from 103.99.0.122 port 52356 ssh2
Jan  2 02:09:42 LabSZ sshd[20608]: error: Received disconnect from 103.99.0.122: 14: No more user authentication methods available. [preauth]
Jan  2 02:09:43 LabSZ sshd[20600]: message repeated 5 times: [ Failed password for root from 58.242.83.25 port 34629 ssh2]
Jan  2 02:09:43 LabSZ sshd[20600]: Disconnecting: Too many authentication failures for root [preauth]
Jan  2 02:09:43 LabSZ sshd[20600]: PAM 5 more authentication failures; logname= uid=0 euid=0 tty=ssh ruser= rhost=58.242.83.25  user=root
