Jan  1 21:32:57 LabSZ sshd[14791]: pam_unix(sshd:auth): authentication failure; logname= uid=0 euid=0 tty=ssh ruser= rhost=182.100.67.120  user=root
Jan  1 21:32:58 LabSZ sshd[14793]: reverse mapping checking getaddrinfo for 30.30.65.218.broad.xy.jx.dynamic.163data.com.cn [218.65.30.30] failed - POSSIBLE BREAK-IN ATTEMPT!
Jan  1 21:32:58 LabSZ sshd[14793]: pam_unix(sshd:auth): authentication failure; logname= uid=0 euid=0 tty=ssh ruser= rhost=218.65.30.30  user=root
Jan  1 21:33:00 LabSZ sshd[14791]: Failed password for root from 182.100.67.120 port 5334 ssh2
Jan  1 21:33:01 LabSZ sshd[14793]: Failed password for root from 218.65.30.30 port 57908 ssh2
Jan  1 21:33:05 LabSZ sshd[14789]: message repeated 5 times: [ Failed password for root from 58.242.83.25 port 12558 ssh2]
Jan  1 21:33:05 LabSZ sshd[14789]: Disconnecting: Too many authentication failures for root [preauth]
Jan  1 21:33:05 LabSZ sshd[14789]: PAM 5 more authentication failures; logname= uid=0 euid=0 tty=ssh ruser= rhost=58.242.83.25  user=root
Jan  1 21:33:05 LabSZ sshd[14789]: PAM service(sshd) ignoring max retries; 6 > 3
Jan  1 21:33:07 LabSZ sshd[14795]: pam_unix(sshd:auth): authentication failure; logname= uid=0 euid=0 tty=ssh ruser= rhost=58.242.83.25  user=root
Jan  1 21:33:08 LabSZ sshd[14795]: Failed password for root from 58.242.83.25 port 33292 ssh2
Jan  1 21:33:13 LabSZ sshd[14791]: message repeated 5 times: [ Failed password for root from 182.100.67.120 port 5334 ssh2]
Jan  1 21:33:13 LabSZ sshd[14791]: Disconnecting: Too many authentication failures for root [preauth]
Jan  1 21:33:13 LabSZ sshd[14791]: PAM 5 more authentication failures; logname= uid=0 euid=0 tty=ssh ruser= rhost=182.100.67.120  user=root
Jan  1 21:33:13 LabSZ sshd[14791]: PAM service(sshd) ignoring max retries; 6 > 3
Jan  1 21:33:14 LabSZ sshd[14793]: message repeated 5 times: [ Failed password for root from 218.65.30.30 port 57908 ssh2]
Jan  1 21:33:14 LabSZ sshd[14793]: Disconnecting: Too many authentication failures for root [preauth]
Jan  1 21:33:14 LabSZ sshd[14793]: PAM 5 more authentication failures; logname= uid=0 euid=0 tty=ssh ruser= rhost=218.65.30.30  user=root
Jan  1 21:33:14 LabSZ sshd[14793]: PAM service(sshd) ignoring max retries; 6 > 3
Jan  1 21:33:15 LabSZ sshd[14797]: pam_unix(sshd:auth): authentication failure; logname= uid=0 euid=0 tty=ssh ruser= rhost=182.100.67.120  user=root
Jan  1 21:33:15 LabSZ sshd[14799]: reverse mapping checking getaddrinfo for 30.30.65.218.broad.xy.jx.dynamic.163data.com.cn [218.65.30.30] failed - POSSIBLE BREAK-IN ATTEMPT!
Jan  1 21:33:16 LabSZ sshd[14799]: pam_unix(sshd:auth): authentication failure; logname= uid=0 euid=0 tty=ssh ruser= rhost=218.65.30.30  user=root
Jan  1 21:33:17 LabSZ sshd[14797]: Failed password for root from 182.100.67.120 port 44424 ssh2
Jan  1 21:33:18 LabSZ sshd[14799]: Failed password for root from 218.65.30.30 port 32246 ssh2
Jan  1 21:33:21 LabSZ sshd[14795]: message repeated 5 times: [ Failed password for root from 58.242.83.25 port 33292 ssh2]
Jan  1 21:33:21 LabSZ sshd[14795]: Disconnecting: Too many authentication failures for root [preauth]
Jan  1 21:33:21 LabSZ sshd[14795]: PAM 5 more authentication failures; logname= uid=0 euid=0 tty=ssh ruser= rhost=58.242.83.25  user=root
Jan  1 21:33:21 LabSZ sshd[14795]: PAM service(sshd) ignoring max retries; 6 > 3
Jan  1 21:33:22 LabSZ sshd[14801]: pam_unix(sshd:auth): authentication failure; logname= uid=0 euid=0 tty=ssh ruser= rhost=58.242.83.25  user=root
Jan  1 21:33:25 LabSZ sshd[14801]: Failed password for root from 58.242.83.25 port 53073 ssh2
Jan  1 21:33:30 LabSZ sshd[14797]: message repeated 5 times: [ Failed password for root from 182.100.67.120 port 44424 ssh2]
Jan  1 21:33:30 LabSZ sshd[14797]: Disconnecting: Too many authentication failures for root [preauth]
Jan  1 21:33:30 LabSZ sshd[14797]: PAM 5 more authentication failures; logname= uid=0 euid=0 tty=ssh ruser= rhost=182.100.67.120  user=root
Jan  1 21:33:30 LabSZ sshd[14797]: PAM service(sshd) ignoring max retries; 6 > 3
Jan  1 21:33:32 LabSZ sshd[14799]: message repeated 5 times: [ Failed password for root from 218.65.30.30 port 32246 ssh2]
Jan  1 21:33:32 LabSZ sshd[14799]: Disconnecting: Too many authentication failures for root [preauth]
Jan  1 21:33:32 LabSZ sshd[14799]: PAM 5 more authentication failures; logname= uid=0 euid=0 tty=ssh ruser= rhost=218.65.30.30  user=root
Jan  1 21:33:32 LabSZ sshd[14799]: PAM service(sshd) ignoring max retries; 6 > 3
Jan  1 21:33:35 LabSZ sshd[14803]: reverse mapping checking getaddrinfo for 30.30.65.218.broad.xy.jx.dynamic.163data.com.cn [218.65.30.30] failed - POSSIBLE BREAK-IN ATTEMPT!
Jan  1 21:33:35 LabSZ sshd[14803]: pam_unix(sshd:auth): authentication failure; logname= uid=0 euid=0 tty=ssh ruser= rhost=218.65.30.30  user=root
Jan  1 21:33:37 LabSZ sshd[14803]: Failed password for root from 218.65.30.30 port 7874 ssh2
Jan  1 21:33:38 LabSZ sshd[14801]: message repeated 5 times: [ Failed password for root from 58.242.83.25 port 53073 ssh2]
Jan  1 21:33:38 LabSZ sshd[14801]: Disconnecting: Too many authentication failures for root [preauth]
Jan  1 21:33:38 LabSZ sshd[14801]: PAM 5 more authentication failures; logname= uid=0 euid=0 tty=ssh ruser= rhost=58.242.83.25  user=root
Jan  1 21:33:38 LabSZ sshd[14801]: PAM service(sshd) ignoring max retries; 6 > 3
Jan  1 21:33:39 LabSZ sshd[14807]: pam_unix(sshd:auth): authentication failure; logname= uid=0 euid=0 tty=ssh ruser= rhost=58.242.83.25  user=root
Jan  1 21:33:40 LabSZ sshd[14805]: pam_unix(sshd:auth): authentication failure; logname= uid=0 euid=0 tty=ssh ruser= rhost=182.100.67.120  user=root
Jan  1 21:33:41 LabSZ sshd[14807]: Failed password for root from 58.242.83.25 port 10389 ssh2
Jan  1 21:33:42 LabSZ sshd[14805]: Failed password for root from 182.100.67.120 port 17984 ssh2
Jan  1 21:33:51 LabSZ sshd[14803]: message repeated 5 times: [ Failed password for root from 218.65.30.30 port 7874 ssh2]
Jan  1 21:33:51 LabSZ sshd[14803]: Disconnecting: Too many authentication failures for root [preauth]
Jan  1 21:33:51 LabSZ sshd[14803]: PAM 5 more authentication failures; logname= uid=0 euid=0 tty=ssh ruser= rhost=218.65.30.30  user=root
Jan  1 21:33:51 LabSZ sshd[14803]: PAM service(sshd) ignoring max retries; 6 > 3
Jan  1 21:33:53 LabSZ sshd[14809]: reverse mapping checking getaddrinfo for 30.30.65.218.broad.xy.jx.dynamic.163data.com.cn [218.65.30.30] failed - POSSIBLE BREAK-IN ATTEMPT!
Jan  1 21:33:53 LabSZ sshd[14809]: pam_unix(sshd:auth): authentication failure; logname= uid=0 euid=0 tty=ssh ruser= rhost=218.65.30.30  user=root
Jan  1 21:33:54 LabSZ sshd[14805]: message repeated 5 times: [ Failed password for root from 182.100.67.120 port 17984 ssh2]
Jan  1 21:33:54 LabSZ sshd[14805]: Disconnecting: Too many authentication failures for root [preauth]
Jan  1 21:33:54 LabSZ sshd[14805]: PAM 5 more authentication failures; logname= uid=0 euid=0 tty=ssh ruser= rhost=182.100.67.120  user=root
Jan  1 21:33:54 LabSZ sshd[14805]: PAM service(sshd) ignoring max retries; 6 > 3
Jan  1 21:33:54 LabSZ sshd[14809]: Failed password for root from 218.65.30.30 port 49738 ssh2
Jan  1 21:33:54 LabSZ sshd[14807]: message repeated 5 times: [ Failed password for root from 58.242.83.25 port 10389 ssh2]
Jan  1 21:33:54 LabSZ sshd[14807]: Disconnecting: Too many authentication failures for root [preauth]
Jan  1 21:33:54 LabSZ sshd[14807]: PAM 5 more authentication failures; logname= uid=0 euid=0 tty=ssh ruser= rhost=58.242.83.25  user=root
Jan  1 21:33:54 LabSZ sshd[14807]: PAM service(sshd) ignoring max retries; 6 > 3
Jan  1 21:33:56 LabSZ sshd[14812]: pam_unix(sshd:auth): authentication failure; logname= uid=0 euid=0 tty=ssh ruser= rhost=58.242.83.25  user=root
Jan  1 21:33:58 LabSZ sshd[14812]: Failed password for root from 58.242.83.25 port 31367 ssh2
Jan  1 21:34:02 LabSZ sshd[14811]: pam_unix(sshd:auth): authentication failure; logname= uid=0 euid=0 tty=ssh ruser= rhost=182.100.67.120  user=root
Jan  1 21:34:03 LabSZ sshd[14811]: Failed password for root from 182.100.67.120 port 6732 ssh2
Jan  1 21:34:06 LabSZ sshd[14809]: message repeated 5 times: [ Failed password for root from 218.65.30.30 port 49738 ssh2]
Jan  1 21:34:06 LabSZ sshd[14809]: Disconnecting: Too many authentication failures for root [preauth]
Jan  1 21:34:06 LabSZ sshd[14809]: PAM 5 more authentication failures; logname= uid=0 euid=0 tty=ssh ruser= rhost=218.65.30.30  user=root
Jan  1 21:34:06 LabSZ sshd[14809]: PAM service(sshd) ignoring max retries; 6 > 3
Jan  1 21:34:08 LabSZ sshd[14815]: reverse mapping checking getaddrinfo for 30.30.65.218.broad.xy.jx.dynamic.163data.com.cn [218.65.30.30] failed - POSSIBLE BREAK-IN ATTEMPT!
Jan  1 21:34:08 LabSZ sshd[14815]: pam_unix(sshd:auth): authentication failure; logname= uid=0 euid=0 tty=ssh ruser= rhost=218.65.30.30  user=root
Jan  1 21:34:10 LabSZ sshd[14815]: Failed password for root from 218.65.30.30 port 17858 ssh2
Jan  1 21:34:10 LabSZ sshd[14812]: message repeated 5 times: [ Failed password for root from 58.242.83.25 port 31367 ssh2]
Jan  1 21:34:10 LabSZ sshd[14812]: Disconnecting: Too many authentication failures for root [preauth]
Jan  1 21:34:10 LabSZ sshd[14812]: PAM 5 more authentication failures; logname= uid=0 euid=0 tty=ssh ruser= rhost=58.242.83.25  user=root
Jan  1 21:34:10 LabSZ sshd[14812]: PAM service(sshd) ignoring max retries; 6 > 3
Jan  1 21:34:12 LabSZ sshd[14817]: pam_unix(sshd:auth): authentication failure; logname= uid=0 euid=0 tty=ssh ruser= rhost=58.242.83.25  user=root
Jan  1 21:34:14 LabSZ sshd[14817]: Failed password for root from 58.242.83.25 port 52030 ssh2
Jan  1 21:34:17 LabSZ sshd[14811]: message repeated 5 times: [ Failed password for root from 182.100.67.120 port 6732 ssh2]
Jan  1 21:34:17 LabSZ sshd[14811]: Disconnecting: Too many authentication failures for root [preauth]
Jan  1 21:34:17 LabSZ sshd[14811]: PAM 5 more authentication failures; logname= uid=0 euid=0 tty=ssh ruser= rhost=182.100.67.120  user=root
Jan  1 21:34:17 LabSZ sshd[14811]: PAM service(sshd) ignoring max retries; 6 > 3
Jan  1 21:34:19 LabSZ sshd[14821]: pam_unix(sshd:auth): authentication failure; logname= uid=0 euid=0 tty=ssh ruser= rhost=182.100.67.120  user=root
Jan  1 21:34:21 LabSZ sshd[14821]: Failed password for root from 182.100.67.120 port 59050 ssh2
Jan  1 21:34:23 LabSZ sshd[14815]: message repeated 5 times: [ Failed password for root from 218.65.30.30 port 17858 ssh2]
Jan  1 21:34:23 LabSZ sshd[14815]: Disconnecting: Too many authentication failures for root [preauth]
Jan  1 21:34:23 LabSZ sshd[14815]: PAM 5 more authentication failures; logname= uid=0 euid=0 tty=ssh ruser= rhost=218.65.30.30  user=root
Jan  1 21:34:23 LabSZ sshd[14815]: PAM service(sshd) ignoring max retries; 6 > 3
Jan  1 21:34:23 LabSZ sshd[14819]: Invalid user butter from 185.165.29.157
Jan  1 21:34:23 LabSZ sshd[14819]: input_userauth_request: invalid user butter [preauth]
Jan  1 21:34:23 LabSZ sshd[14819]: pam_unix(sshd:auth): check pass; user unknown
Jan  1 21:34:23 LabSZ sshd[14819]: pam_unix(sshd:auth): authentication failure; logname= uid=0 euid=0 tty=ssh ruser= rhost=185.165.29.157 
Jan  1 21:34:24 LabSZ sshd[14823]: reverse mapping checking getaddrinfo for 30.30.65.218.broad.xy.jx.dynamic.163data.com.cn [218.65.30.30] failed - POSSIBLE BREAK-IN ATTEMPT!
Jan  1 21:34:24 LabSZ sshd[14823]: pam_unix(sshd:auth): authentication failure; logname= uid=0 euid=0 tty=ssh ruser= rhost=218.65.30.30  user=root
Jan  1 21:34:25 LabSZ sshd[14819]: Failed password for invalid user butter from 185.165.29.157 port 57848 ssh2
Jan  1 21:34:26 LabSZ sshd[14819]: Connection closed by 185.165.29.157 [preauth]
Jan  1 21:34:26 LabSZ sshd[14823]: Failed password for root from 218.65.30.30 port 55688 ssh2
