Jan  3 16:45:10 LabSZ sshd[4264]: pam_unix(sshd:auth): authentication failure; logname= uid=0 euid=0 tty=ssh ruser= rhost=59.63.188.30  user=root
Jan  3 16:45:11 LabSZ sshd[4262]: Failed password for root from 218.87.109.156 port 53236 ssh2
Jan  3 16:45:12 LabSZ sshd[4264]: Failed password for root from 59.63.188.30 port 37574 ssh2
Jan  3 16:45:23 LabSZ sshd[4264]: message repeated 5 times: [ Failed password for root from 59.63.188.30 port 37574 ssh2]
Jan  3 16:45:23 LabSZ sshd[4264]: Disconnecting: Too many authentication failures for root [preauth]
Jan  3 16:45:23 LabSZ sshd[4264]: PAM 5 more authentication failures; logname= uid=0 euid=0 tty=ssh ruser= rhost=59.63.188.30  user=root
Jan  3 16:45:23 LabSZ sshd[4264]: PAM service(sshd) ignoring max retries; 6 > 3
Jan  3 16:45:25 LabSZ sshd[4266]: pam_unix(sshd:auth): authentication failure; logname= uid=0 euid=0 tty=ssh ruser= rhost=59.63.188.30  user=root
Jan  3 16:45:26 LabSZ sshd[4262]: message repeated 5 times: [ Failed password for root from 218.87.109.156 port 53236 ssh2]
Jan  3 16:45:26 LabSZ sshd[4262]: Disconnecting: Too many authentication failures for root [preauth]
Jan  3 16:45:26 LabSZ sshd[4262]: PAM 5 more authentication failures; logname= uid=0 euid=0 tty=ssh ruser= rhost=218.87.109.156  user=root
Jan  3 16:45:26 LabSZ sshd[4262]: PAM service(sshd) ignoring max retries; 6 > 3
Jan  3 16:45:27 LabSZ sshd[4266]: Failed password for root from 59.63.188.30 port 53803 ssh2
Jan  3 16:45:37 LabSZ sshd[4268]: pam_unix(sshd:auth): authentication failure; logname= uid=0 euid=0 tty=ssh ruser= rhost=218.87.109.156  user=root
Jan  3 16:45:39 LabSZ sshd[4270]: pam_unix(sshd:auth): authentication failure; logname= uid=0 euid=0 tty=ssh ruser= rhost=220-252-47-212.rev.cloud.scaleway.com  user=root
Jan  3 16:45:39 LabSZ sshd[4268]: Failed password for root from 218.87.109.156 port 51480 ssh2
Jan  3 16:45:40 LabSZ sshd[4266]: message repeated 5 times: [ Failed password for root from 59.63.188.30 port 53803 ssh2]
Jan  3 16:45:40 LabSZ sshd[4266]: Disconnecting: Too many authentication failures for root [preauth]
Jan  3 16:45:40 LabSZ sshd[4266]: PAM 5 more authentication failures; logname= uid=0 euid=0 tty=ssh ruser= rhost=59.63.188.30  user=root
Jan  3 16:45:40 LabSZ sshd[4266]: PAM service(sshd) ignoring max retries; 6 > 3
Jan  3 16:45:41 LabSZ sshd[4272]: pam_unix(sshd:auth): authentication failure; logname= uid=0 euid=0 tty=ssh ruser= rhost=59.63.188.30  user=root
Jan  3 16:45:43 LabSZ sshd[4272]: Failed password for root from 59.63.188.30 port 7454 ssh2
Jan  3 16:45:45 LabSZ sshd[4270]: Failed password for root from 212.47.252.220 port 38296 ssh2
Jan  3 16:45:46 LabSZ sshd[4270]: Received disconnect from 212.47.252.220: 11: Bye Bye [preauth]
Jan  3 16:45:48 LabSZ sshd[4274]: pam_unix(sshd:auth): authentication failure; logname= uid=0 euid=0 tty=ssh ruser= rhost=220-252-47-212.rev.cloud.scaleway.com  user=root
Jan  3 16:45:51 LabSZ sshd[4268]: message repeated 5 times: [ Failed password for root from 218.87.109.156 port 51480 ssh2]
Jan  3 16:45:51 LabSZ sshd[4268]: Disconnecting: Too many authentication failures for root [preauth]
Jan  3 16:45:51 LabSZ sshd[4268]: PAM 5 more authentication failures; logname= uid=0 euid=0 tty=ssh ruser= rhost=218.87.109.156  user=root
Jan  3 16:45:51 LabSZ sshd[4268]: PAM service(sshd) ignoring max retries; 6 > 3
Jan  3 16:45:53 LabSZ sshd[4276]: pam_unix(sshd:auth): authentication failure; logname= uid=0 euid=0 tty=ssh ruser= rhost=218.87.109.156  user=root
Jan  3 16:45:55 LabSZ sshd[4276]: Failed password for root from 218.87.109.156 port 44396 ssh2
Jan  3 16:45:55 LabSZ sshd[4274]: Failed password for root from 212.47.252.220 port 55134 ssh2
Jan  3 16:45:55 LabSZ sshd[4274]: Received disconnect from 212.47.252.220: 11: Bye Bye [preauth]
Jan  3 16:45:56 LabSZ sshd[4272]: message repeated 5 times: [ Failed password for root from 59.63.188.30 port 7454 ssh2]
Jan  3 16:45:56 LabSZ sshd[4272]: Disconnecting: Too many authentication failures for root [preauth]
Jan  3 16:45:56 LabSZ sshd[4272]: PAM 5 more authentication failures; logname= uid=0 euid=0 tty=ssh ruser= rhost=59.63.188.30  user=root
Jan  3 16:45:56 LabSZ sshd[4272]: PAM service(sshd) ignoring max retries; 6 > 3
Jan  3 16:45:57 LabSZ sshd[4280]: pam_unix(sshd:auth): authentication failure; logname= uid=0 euid=0 tty=ssh ruser= rhost=59.63.188.30  user=root
Jan  3 16:45:58 LabSZ sshd[4278]: pam_unix(sshd:auth): authentication failure; logname= uid=0 euid=0 tty=ssh ruser= rhost=220-252-47-212.rev.cloud.scaleway.com  user=root
Jan  3 16:45:58 LabSZ sshd[4280]: Failed password for root from 59.63.188.30 port 26049 ssh2
Jan  3 16:46:05 LabSZ sshd[4278]: Failed password for root from 212.47.252.220 port 46214 ssh2
Jan  3 16:46:05 LabSZ sshd[4278]: Received disconnect from 212.47.252.220: 11: Bye Bye [preauth]
Jan  3 16:46:07 LabSZ sshd[4276]: message repeated 5 times: [ Failed password for root from 218.87.109.156 port 44396 ssh2]
Jan  3 16:46:07 LabSZ sshd[4276]: Disconnecting: Too many authentication failures for root [preauth]
Jan  3 16:46:07 LabSZ sshd[4276]: PAM 5 more authentication failures; logname= uid=0 euid=0 tty=ssh ruser= rhost=218.87.109.156  user=root
Jan  3 16:46:07 LabSZ sshd[4276]: PAM service(sshd) ignoring max retries; 6 > 3
Jan  3 16:46:09 LabSZ sshd[4282]: Invalid user admin from 212.47.252.220
Jan  3 16:46:09 LabSZ sshd[4282]: input_userauth_request: invalid user admin [preauth]
Jan  3 16:46:09 LabSZ sshd[4282]: pam_unix(sshd:auth): check pass; user unknown
Jan  3 16:46:09 LabSZ sshd[4282]: pam_unix(sshd:auth): authentication failure; logname= uid=0 euid=0 tty=ssh ruser= rhost=220-252-47-212.rev.cloud.scaleway.com 
Jan  3 16:46:11 LabSZ sshd[4280]: message repeated 5 times: [ Failed password for root from 59.63.188.30 port 26049 ssh2]
Jan  3 16:46:11 LabSZ sshd[4280]: Disconnecting: Too many authentication failures for root [preauth]
Jan  3 16:46:11 LabSZ sshd[4280]: PAM 5 more authentication failures; logname= uid=0 euid=0 tty=ssh ruser= rhost=59.63.188.30  user=root
Jan  3 16:46:11 LabSZ sshd[4280]: PAM service(sshd) ignoring max retries; 6 > 3
Jan  3 16:46:12 LabSZ sshd[4286]: pam_unix(sshd:auth): authentication failure; logname= uid=0 euid=0 tty=ssh ruser= rhost=59.63.188.30  user=root
Jan  3 16:46:14 LabSZ sshd[4286]: Failed password for root from 59.63.188.30 port 41895 ssh2
Jan  3 16:46:15 LabSZ sshd[4284]: pam_unix(sshd:auth): authentication failure; logname= uid=0 euid=0 tty=ssh ruser= rhost=218.87.109.156  user=root
Jan  3 16:46:16 LabSZ sshd[4282]: Failed password for invalid user admin from 212.47.252.220 port 38262 ssh2
Jan  3 16:46:16 LabSZ sshd[4282]: Connection closed by 212.47.252.220 [preauth]
Jan  3 16:46:16 LabSZ sshd[4284]: Failed password for root from 218.87.109.156 port 16880 ssh2
Jan  3 16:46:26 LabSZ sshd[4286]: message repeated 5 times: [ Failed password for root from 59.63.188.30 port 41895 ssh2]
Jan  3 16:46:26 LabSZ sshd[4286]: Disconnecting: Too many authentication failures for root [preauth]
Jan  3 16:46:26 LabSZ sshd[4286]: PAM 5 more authentication failures; logname= uid=0 euid=0 tty=ssh ruser= rhost=59.63.188.30  user=root
Jan  3 16:46:26 LabSZ sshd[4286]: PAM service(sshd) ignoring max retries; 6 > 3
Jan  3 16:46:28 LabSZ sshd[4288]: pam_unix(sshd:auth): authentication failure; logname= uid=0 euid=0 tty=ssh ruser= rhost=59.63.188.30  user=root
Jan  3 16:46:28 LabSZ sshd[4284]: message repeated 5 times: [ Failed password for root from 218.87.109.156 port 16880 ssh2]
Jan  3 16:46:28 LabSZ sshd[4284]: Disconnecting: Too many authentication failures for root [preauth]
Jan  3 16:46:28 LabSZ sshd[4284]: PAM 5 more authentication failures; logname= uid=0 euid=0 tty=ssh ruser= rhost=218.87.109.156  user=root
Jan  3 16:46:28 LabSZ sshd[4284]: PAM service(sshd) ignoring max retries; 6 > 3
Jan  3 16:46:30 LabSZ sshd[4288]: Failed password for root from 59.63.188.30 port 59534 ssh2
Jan  3 16:46:30 LabSZ sshd[4290]: pam_unix(sshd:auth): authentication failure; logname= uid=0 euid=0 tty=ssh ruser= rhost=218.87.109.156  user=root
Jan  3 16:46:32 LabSZ sshd[4290]: Failed password for root from 218.87.109.156 port 1610 ssh2
Jan  3 16:46:42 LabSZ sshd[4288]: message repeated 5 times: [ Failed password for root from 59.63.188.30 port 59534 ssh2]
Jan  3 16:46:42 LabSZ sshd[4288]: Disconnecting: Too many authentication failures for root [preauth]
Jan  3 16:46:42 LabSZ sshd[4288]: PAM 5 more authentication failures; logname= uid=0 euid=0 tty=ssh ruser= rhost=59.63.188.30  user=root
Jan  3 16:46:42 LabSZ sshd[4288]: PAM service(sshd) ignoring max retries; 6 > 3
Jan  3 16:46:44 LabSZ sshd[4292]: pam_unix(sshd:auth): authentication failure; logname= uid=0 euid=0 tty=ssh ruser= rhost=59.63.188.30  user=root
Jan  3 16:46:44 LabSZ sshd[4290]: message repeated 5 times: [ Failed password for root from 218.87.109.156 port 1610 ssh2]
Jan  3 16:46:44 LabSZ sshd[4290]: Disconnecting: Too many authentication failures for root [preauth]
Jan  3 16:46:44 LabSZ sshd[4290]: PAM 5 more authentication failures; logname= uid=0 euid=0 tty=ssh ruser= rhost=218.87.109.156  user=root
Jan  3 16:46:44 LabSZ sshd[4290]: PAM service(sshd) ignoring max retries; 6 > 3
Jan  3 16:46:46 LabSZ sshd[4294]: pam_unix(sshd:auth): authentication failure; logname= uid=0 euid=0 tty=ssh ruser= rhost=218.87.109.156  user=root
Jan  3 16:46:46 LabSZ sshd[4292]: Failed password for root from 59.63.188.30 port 12408 ssh2
Jan  3 16:46:47 LabSZ sshd[4294]: Failed password for root from 218.87.109.156 port 38510 ssh2
Jan  3 16:46:58 LabSZ sshd[4292]: message repeated 5 times: [ Failed password for root from 59.63.188.30 port 12408 ssh2]
Jan  3 16:46:58 LabSZ sshd[4292]: Disconnecting: Too many authentication failures for root [preauth]
Jan  3 16:46:58 LabSZ sshd[4292]: PAM 5 more authentication failures; logname= uid=0 euid=0 tty=ssh ruser= rhost=59.63.188.30  user=root
Jan  3 16:46:58 LabSZ sshd[4292]: PAM service(sshd) ignoring max retries; 6 > 3
Jan  3 16:47:00 LabSZ sshd[4296]: pam_unix(sshd:auth): authentication failure; logname= uid=0 euid=0 tty=ssh ruser= rhost=59.63.188.30  user=root
Jan  3 16:47:01 LabSZ sshd[4294]: message repeated 5 times: [ Failed password for root from 218.87.109.156 port 38510 ssh2]
Jan  3 16:47:01 LabSZ sshd[4294]: Disconnecting: Too many authentication failures for root [preauth]
Jan  3 16:47:01 LabSZ sshd[4294]: PAM 5 more authentication failures; logname= uid=0 euid=0 tty=ssh ruser= rhost=218.87.109.156  user=root
Jan  3 16:47:01 LabSZ sshd[4294]: PAM service(sshd) ignoring max retries; 6 > 3
Jan  3 16:47:01 LabSZ sshd[4296]: Failed password for root from 59.63.188.30 port 29769 ssh2
Jan  3 16:47:03 LabSZ sshd[4298]: pam_unix(sshd:auth): authentication failure; logname= uid=0 euid=0 tty=ssh ruser= rhost=218.87.109.156  user=root
Jan  3 16:47:05 LabSZ sshd[4298]: Failed password for root from 218.87.109.156 port 12232 ssh2
Jan  3 16:47:14 LabSZ sshd[4296]: message repeated 5 times: [ Failed password for root from 59.63.188.30 port 29769 ssh2]
Jan  3 16:47:14 LabSZ sshd[4296]: Disconnecting: Too many authentication failures for root [preauth]
Jan  3 16:47:14 LabSZ sshd[4296]: PAM 5 more authentication failures; logname= uid=0 euid=0 tty=ssh ruser= rhost=59.63.188.30  user=root
Jan  3 16:47:14 LabSZ sshd[4296]: PAM service(sshd) ignoring max retries; 6 > 3
