Dec 16 21:17:43 LabSZ sshd[8567]: Failed password for invalid user Bjarne from 182.23.64.18 port 34929 ssh2
Dec 16 21:17:43 LabSZ sshd[8567]: Received disconnect from 182.23.64.18: 11: Bye Bye [preauth]
Dec 16 21:17:44 LabSZ sshd[8571]: Failed password for root from 183.238.178.195 port 6816 ssh2
Dec 16 21:17:44 LabSZ sshd[8571]: Connection closed by 183.238.178.195 [preauth]
Dec 16 21:17:44 LabSZ sshd[8575]: pam_unix(sshd:auth): authentication failure; logname= uid=0 euid=0 tty=ssh ruser= rhost=183.238.178.195  user=root
Dec 16 21:17:46 LabSZ sshd[8573]: Invalid user mathml from 182.23.64.18
Dec 16 21:17:46 LabSZ sshd[8573]: input_userauth_request: invalid user mathml [preauth]
Dec 16 21:17:46 LabSZ sshd[8573]: pam_unix(sshd:auth): check pass; user unknown
Dec 16 21:17:46 LabSZ sshd[8573]: pam_unix(sshd:auth): authentication failure; logname= uid=0 euid=0 tty=ssh ruser= rhost=182.23.64.18 
Dec 16 21:17:46 LabSZ sshd[8575]: Failed password for root from 183.238.178.195 port 7509 ssh2
Dec 16 21:17:46 LabSZ sshd[8575]: Connection closed by 183.238.178.195 [preauth]
Dec 16 21:17:47 LabSZ sshd[8577]: pam_unix(sshd:auth): authentication failure; logname= uid=0 euid=0 tty=ssh ruser= rhost=183.238.178.195  user=root
Dec 16 21:17:48 LabSZ sshd[8573]: Failed password for invalid user mathml from 182.23.64.18 port 37040 ssh2
Dec 16 21:17:48 LabSZ sshd[8573]: Received disconnect from 182.23.64.18: 11: Bye Bye [preauth]
Dec 16 21:17:49 LabSZ sshd[8577]: Failed password for root from 183.238.178.195 port 8073 ssh2
Dec 16 21:17:49 LabSZ sshd[8577]: Connection closed by 183.238.178.195 [preauth]
Dec 16 21:17:49 LabSZ sshd[8581]: pam_unix(sshd:auth): authentication failure; logname= uid=0 euid=0 tty=ssh ruser= rhost=183.238.178.195  user=root
Dec 16 21:17:50 LabSZ sshd[8579]: Invalid user raniere from 182.23.64.18
Dec 16 21:17:50 LabSZ sshd[8579]: input_userauth_request: invalid user raniere [preauth]
Dec 16 21:17:50 LabSZ sshd[8579]: pam_unix(sshd:auth): check pass; user unknown
Dec 16 21:17:50 LabSZ sshd[8579]: pam_unix(sshd:auth): authentication failure; logname= uid=0 euid=0 tty=ssh ruser= rhost=182.23.64.18 
Dec 16 21:17:52 LabSZ sshd[8581]: Failed password for root from 183.238.178.195 port 8755 ssh2
Dec 16 21:17:52 LabSZ sshd[8581]: Connection closed by 183.238.178.195 [preauth]
Dec 16 21:17:52 LabSZ sshd[8583]: pam_unix(sshd:auth): authentication failure; logname= uid=0 euid=0 tty=ssh ruser= rhost=183.238.178.195  user=root
Dec 16 21:17:52 LabSZ sshd[8579]: Failed password for invalid user raniere from 182.23.64.18 port 39441 ssh2
Dec 16 21:17:53 LabSZ sshd[8579]: Received disconnect from 182.23.64.18: 11: Bye Bye [preauth]
Dec 16 21:17:53 LabSZ sshd[8583]: Failed password for root from 183.238.178.195 port 9404 ssh2
Dec 16 21:17:53 LabSZ sshd[8583]: Connection closed by 183.238.178.195 [preauth]
Dec 16 21:17:54 LabSZ sshd[8587]: pam_unix(sshd:auth): authentication failure; logname= uid=0 euid=0 tty=ssh ruser= rhost=183.238.178.195  user=root
Dec 16 21:17:54 LabSZ sshd[8585]: Invalid user chivalry from 182.23.64.18
Dec 16 21:17:54 LabSZ sshd[8585]: input_userauth_request: invalid user chivalry [preauth]
Dec 16 21:17:54 LabSZ sshd[8585]: pam_unix(sshd:auth): check pass; user unknown
Dec 16 21:17:54 LabSZ sshd[8585]: pam_unix(sshd:auth): authentication failure; logname= uid=0 euid=0 tty=ssh ruser= rhost=182.23.64.18 
Dec 16 21:17:56 LabSZ sshd[8587]: Failed password for root from 183.238.178.195 port 9922 ssh2
Dec 16 21:17:56 LabSZ sshd[8587]: Connection closed by 183.238.178.195 [preauth]
Dec 16 21:17:56 LabSZ sshd[8589]: pam_unix(sshd:auth): authentication failure; logname= uid=0 euid=0 tty=ssh ruser= rhost=183.238.178.195  user=root
Dec 16 21:17:57 LabSZ sshd[8585]: Failed password for invalid user chivalry from 182.23.64.18 port 41676 ssh2
Dec 16 21:17:57 LabSZ sshd[8585]: Received disconnect from 182.23.64.18: 11: Bye Bye [preauth]
Dec 16 21:17:58 LabSZ sshd[8589]: Failed password for root from 183.238.178.195 port 10667 ssh2
Dec 16 21:17:58 LabSZ sshd[8589]: Connection closed by 183.238.178.195 [preauth]
Dec 16 21:17:59 LabSZ sshd[8593]: pam_unix(sshd:auth): authentication failure; logname= uid=0 euid=0 tty=ssh ruser= rhost=183.238.178.195  user=root
Dec 16 21:18:00 LabSZ sshd[8591]: Invalid user david from 182.23.64.18
Dec 16 21:18:00 LabSZ sshd[8591]: input_userauth_request: invalid user david [preauth]
Dec 16 21:18:00 LabSZ sshd[8591]: pam_unix(sshd:auth): check pass; user unknown
Dec 16 21:18:00 LabSZ sshd[8591]: pam_unix(sshd:auth): authentication failure; logname= uid=0 euid=0 tty=ssh ruser= rhost=182.23.64.18 
Dec 16 21:18:01 LabSZ sshd[8593]: Failed password for root from 183.238.178.195 port 11213 ssh2
Dec 16 21:18:01 LabSZ sshd[8593]: Connection closed by 183.238.178.195 [preauth]
Dec 16 21:18:01 LabSZ sshd[8595]: pam_unix(sshd:auth): authentication failure; logname= uid=0 euid=0 tty=ssh ruser= rhost=183.238.178.195  user=root
Dec 16 21:18:02 LabSZ sshd[8591]: Failed password for invalid user david from 182.23.64.18 port 44234 ssh2
Dec 16 21:18:02 LabSZ sshd[8591]: Received disconnect from 182.23.64.18: 11: Bye Bye [preauth]
Dec 16 21:18:03 LabSZ sshd[8595]: Failed password for root from 183.238.178.195 port 11834 ssh2
Dec 16 21:18:03 LabSZ sshd[8595]: Connection closed by 183.238.178.195 [preauth]
Dec 16 21:18:03 LabSZ sshd[8599]: pam_unix(sshd:auth): authentication failure; logname= uid=0 euid=0 tty=ssh ruser= rhost=183.238.178.195  user=root
Dec 16 21:18:04 LabSZ sshd[8597]: Invalid user plus81 from 182.23.64.18
Dec 16 21:18:04 LabSZ sshd[8597]: input_userauth_request: invalid user plus81 [preauth]
Dec 16 21:18:04 LabSZ sshd[8597]: pam_unix(sshd:auth): check pass; user unknown
Dec 16 21:18:04 LabSZ sshd[8597]: pam_unix(sshd:auth): authentication failure; logname= uid=0 euid=0 tty=ssh ruser= rhost=182.23.64.18 
Dec 16 21:18:05 LabSZ sshd[8599]: Failed password for root from 183.238.178.195 port 12404 ssh2
Dec 16 21:18:05 LabSZ sshd[8599]: Connection closed by 183.238.178.195 [preauth]
Dec 16 21:18:05 LabSZ sshd[8601]: pam_unix(sshd:auth): authentication failure; logname= uid=0 euid=0 tty=ssh ruser= rhost=183.238.178.195  user=root
Dec 16 21:18:06 LabSZ sshd[8597]: Failed password for invalid user plus81 from 182.23.64.18 port 46620 ssh2
Dec 16 21:18:07 LabSZ sshd[8597]: Received disconnect from 182.23.64.18: 11: Bye Bye [preauth]
Dec 16 21:18:07 LabSZ sshd[8601]: Failed password for root from 183.238.178.195 port 12838 ssh2
Dec 16 21:18:07 LabSZ sshd[8601]: Connection closed by 183.238.178.195 [preauth]
Dec 16 21:18:07 LabSZ sshd[8603]: pam_unix(sshd:auth): authentication failure; logname= uid=0 euid=0 tty=ssh ruser= rhost=183.238.178.195  user=root
Dec 16 21:18:09 LabSZ sshd[8605]: pam_unix(sshd:auth): authentication failure; logname= uid=0 euid=0 tty=ssh ruser= rhost=182.23.64.18  user=root
Dec 16 21:18:10 LabSZ sshd[8603]: Failed password for root from 183.238.178.195 port 13319 ssh2
Dec 16 21:18:10 LabSZ sshd[8603]: Connection closed by 183.238.178.195 [preauth]
Dec 16 21:18:10 LabSZ sshd[8607]: pam_unix(sshd:auth): authentication failure; logname= uid=0 euid=0 tty=ssh ruser= rhost=183.238.178.195  user=root
Dec 16 21:18:11 LabSZ sshd[8605]: Failed password for root from 182.23.64.18 port 48854 ssh2
Dec 16 21:18:11 LabSZ sshd[8605]: Received disconnect from 182.23.64.18: 11: Bye Bye [preauth]
Dec 16 21:18:12 LabSZ sshd[8607]: Failed password for root from 183.238.178.195 port 14090 ssh2
Dec 16 21:18:12 LabSZ sshd[8607]: Connection closed by 183.238.178.195 [preauth]
Dec 16 21:18:12 LabSZ sshd[8611]: pam_unix(sshd:auth): authentication failure; logname= uid=0 euid=0 tty=ssh ruser= rhost=183.238.178.195  user=root
Dec 16 21:18:13 LabSZ sshd[8609]: Invalid user musikbot from 182.23.64.18
Dec 16 21:18:13 LabSZ sshd[8609]: input_userauth_request: invalid user musikbot [preauth]
Dec 16 21:18:13 LabSZ sshd[8609]: pam_unix(sshd:auth): check pass; user unknown
Dec 16 21:18:13 LabSZ sshd[8609]: pam_unix(sshd:auth): authentication failure; logname= uid=0 euid=0 tty=ssh ruser= rhost=182.23.64.18 
Dec 16 21:18:14 LabSZ sshd[8611]: Failed password for root from 183.238.178.195 port 14631 ssh2
Dec 16 21:18:14 LabSZ sshd[8611]: Connection closed by 183.238.178.195 [preauth]
Dec 16 21:18:14 LabSZ sshd[8613]: pam_unix(sshd:auth): authentication failure; logname= uid=0 euid=0 tty=ssh ruser= rhost=183.238.178.195  user=root
Dec 16 21:18:15 LabSZ sshd[8609]: Failed password for invalid user musikbot from 182.23.64.18 port 51117 ssh2
Dec 16 21:18:16 LabSZ sshd[8613]: Failed password for root from 183.238.178.195 port 15136 ssh2
Dec 16 21:18:16 LabSZ sshd[8613]: Connection closed by 183.238.178.195 [preauth]
Dec 16 21:18:16 LabSZ sshd[8609]: Received disconnect from 182.23.64.18: 11: Bye Bye [preauth]
Dec 16 21:18:16 LabSZ sshd[8615]: pam_unix(sshd:auth): authentication failure; logname= uid=0 euid=0 tty=ssh ruser= rhost=183.238.178.195  user=root
Dec 16 21:18:17 LabSZ sshd[8615]: Failed password for root from 183.238.178.195 port 15633 ssh2
Dec 16 21:18:17 LabSZ sshd[8615]: Connection closed by 183.238.178.195 [preauth]
Dec 16 21:18:17 LabSZ sshd[8619]: pam_unix(sshd:auth): authentication failure; logname= uid=0 euid=0 tty=ssh ruser= rhost=183.238.178.195  user=root
Dec 16 21:18:18 LabSZ sshd[8617]: Invalid user vkodapaka from 182.23.64.18
Dec 16 21:18:18 LabSZ sshd[8617]: input_userauth_request: invalid user vkodapaka [preauth]
Dec 16 21:18:18 LabSZ sshd[8617]: pam_unix(sshd:auth): check pass; user unknown
Dec 16 21:18:18 LabSZ sshd[8617]: pam_unix(sshd:auth): authentication failure; logname= uid=0 euid=0 tty=ssh ruser= rhost=182.23.64.18 
Dec 16 21:18:20 LabSZ sshd[8619]: Failed password for root from 183.238.178.195 port 16011 ssh2
Dec 16 21:18:20 LabSZ sshd[8619]: Connection closed by 183.238.178.195 [preauth]
Dec 16 21:18:20 LabSZ sshd[8621]: pam_unix(sshd:auth): authentication failure; logname= uid=0 euid=0 tty=ssh ruser= rhost=183.238.178.195  user=root
Dec 16 21:18:21 LabSZ sshd[8617]: Failed password for invalid user vkodapaka from 182.23.64.18 port 53599 ssh2
Dec 16 21:18:21 LabSZ sshd[8617]: Received disconnect from 182.23.64.18: 11: Bye Bye [preauth]
Dec 16 21:18:22 LabSZ sshd[8621]: Failed password for root from 183.238.178.195 port 16652 ssh2
Dec 16 21:18:22 LabSZ sshd[8621]: Connection closed by 183.238.178.195 [preauth]
