Dec 16 13:12:35 LabSZ sshd[25035]: pam_unix(sshd:auth): authentication failure; logname= uid=0 euid=0 tty=ssh ruser= rhost=183.63.172.52  user=root
Dec 16 13:12:36 LabSZ sshd[25035]: Failed password for root from 183.63.172.52 port 62650 ssh2
Dec 16 13:12:36 LabSZ sshd[25035]: Connection closed by 183.63.172.52 [preauth]
Dec 16 13:12:37 LabSZ sshd[25039]: pam_unix(sshd:auth): authentication failure; logname= uid=0 euid=0 tty=ssh ruser= rhost=183.63.172.52  user=root
Dec 16 13:12:39 LabSZ sshd[25037]: Invalid user  0101 from 5.188.10.156
Dec 16 13:12:39 LabSZ sshd[25037]: input_userauth_request: invalid user  0101 [preauth]
Dec 16 13:12:39 LabSZ sshd[25037]: pam_unix(sshd:auth): check pass; user unknown
Dec 16 13:12:39 LabSZ sshd[25037]: pam_unix(sshd:auth): authentication failure; logname= uid=0 euid=0 tty=ssh ruser= rhost=5.188.10.156 
Dec 16 13:12:39 LabSZ sshd[25039]: Failed password for root from 183.63.172.52 port 62769 ssh2
Dec 16 13:12:39 LabSZ sshd[25039]: Connection closed by 183.63.172.52 [preauth]
Dec 16 13:12:39 LabSZ sshd[25041]: pam_unix(sshd:auth): authentication failure; logname= uid=0 euid=0 tty=ssh ruser= rhost=183.63.172.52  user=root
Dec 16 13:12:41 LabSZ sshd[25037]: Failed password for invalid user  0101 from 5.188.10.156 port 34030 ssh2
Dec 16 13:12:41 LabSZ sshd[25041]: Failed password for root from 183.63.172.52 port 62926 ssh2
Dec 16 13:12:41 LabSZ sshd[25041]: Connection closed by 183.63.172.52 [preauth]
Dec 16 13:12:42 LabSZ sshd[25043]: pam_unix(sshd:auth): authentication failure; logname= uid=0 euid=0 tty=ssh ruser= rhost=183.63.172.52  user=root
Dec 16 13:12:44 LabSZ sshd[25043]: Failed password for root from 183.63.172.52 port 63072 ssh2
Dec 16 13:12:44 LabSZ sshd[25043]: Connection closed by 183.63.172.52 [preauth]
Dec 16 13:12:45 LabSZ sshd[25037]: Connection closed by 5.188.10.156 [preauth]
Dec 16 13:12:49 LabSZ sshd[25045]: pam_unix(sshd:auth): authentication failure; logname= uid=0 euid=0 tty=ssh ruser= rhost=183.63.172.52  user=root
Dec 16 13:12:50 LabSZ sshd[25047]: Invalid user 0 from 5.188.10.156
Dec 16 13:12:50 LabSZ sshd[25047]: input_userauth_request: invalid user 0 [preauth]
Dec 16 13:12:50 LabSZ sshd[25047]: Failed none for invalid user 0 from 5.188.10.156 port 48596 ssh2
Dec 16 13:12:51 LabSZ sshd[25045]: Failed password for root from 183.63.172.52 port 63214 ssh2
Dec 16 13:12:51 LabSZ sshd[25045]: Connection closed by 183.63.172.52 [preauth]
Dec 16 13:12:51 LabSZ sshd[25049]: pam_unix(sshd:auth): authentication failure; logname= uid=0 euid=0 tty=ssh ruser= rhost=183.63.172.52  user=root
Dec 16 13:12:53 LabSZ sshd[25047]: pam_unix(sshd:auth): check pass; user unknown
Dec 16 13:12:53 LabSZ sshd[25047]: pam_unix(sshd:auth): authentication failure; logname= uid=0 euid=0 tty=ssh ruser= rhost=5.188.10.156 
Dec 16 13:12:54 LabSZ sshd[25049]: Failed password for root from 183.63.172.52 port 63654 ssh2
Dec 16 13:12:54 LabSZ sshd[25049]: Connection closed by 183.63.172.52 [preauth]
Dec 16 13:12:54 LabSZ sshd[25051]: pam_unix(sshd:auth): authentication failure; logname= uid=0 euid=0 tty=ssh ruser= rhost=183.63.172.52  user=root
Dec 16 13:12:55 LabSZ sshd[25047]: Failed password for invalid user 0 from 5.188.10.156 port 48596 ssh2
Dec 16 13:12:55 LabSZ sshd[25051]: Failed password for root from 183.63.172.52 port 63806 ssh2
Dec 16 13:12:55 LabSZ sshd[25051]: Connection closed by 183.63.172.52 [preauth]
Dec 16 13:12:56 LabSZ sshd[25053]: pam_unix(sshd:auth): authentication failure; logname= uid=0 euid=0 tty=ssh ruser= rhost=183.63.172.52  user=root
Dec 16 13:12:58 LabSZ sshd[25053]: Failed password for root from 183.63.172.52 port 63915 ssh2
Dec 16 13:12:58 LabSZ sshd[25053]: Connection closed by 183.63.172.52 [preauth]
Dec 16 13:12:59 LabSZ sshd[25055]: pam_unix(sshd:auth): authentication failure; logname= uid=0 euid=0 tty=ssh ruser= rhost=183.63.172.52  user=root
Dec 16 13:12:59 LabSZ sshd[25047]: Connection closed by 5.188.10.156 [preauth]
Dec 16 13:13:01 LabSZ sshd[25055]: Failed password for root from 183.63.172.52 port 64078 ssh2
Dec 16 13:13:01 LabSZ sshd[25055]: Connection closed by 183.63.172.52 [preauth]
Dec 16 13:13:01 LabSZ sshd[25058]: pam_unix(sshd:auth): authentication failure; logname= uid=0 euid=0 tty=ssh ruser= rhost=183.63.172.52  user=root
Dec 16 13:13:03 LabSZ sshd[25057]: Invalid user 1234 from 5.188.10.156
Dec 16 13:13:03 LabSZ sshd[25057]: input_userauth_request: invalid user 1234 [preauth]
Dec 16 13:13:03 LabSZ sshd[25057]: pam_unix(sshd:auth): check pass; user unknown
Dec 16 13:13:03 LabSZ sshd[25057]: pam_unix(sshd:auth): authentication failure; logname= uid=0 euid=0 tty=ssh ruser= rhost=5.188.10.156 
Dec 16 13:13:03 LabSZ sshd[25058]: Failed password for root from 183.63.172.52 port 64197 ssh2
Dec 16 13:13:03 LabSZ sshd[25058]: Connection closed by 183.63.172.52 [preauth]
Dec 16 13:13:03 LabSZ sshd[25061]: pam_unix(sshd:auth): authentication failure; logname= uid=0 euid=0 tty=ssh ruser= rhost=183.63.172.52  user=root
Dec 16 13:13:05 LabSZ sshd[25057]: Failed password for invalid user 1234 from 5.188.10.156 port 56121 ssh2
Dec 16 13:13:06 LabSZ sshd[25061]: Failed password for root from 183.63.172.52 port 64333 ssh2
Dec 16 13:13:06 LabSZ sshd[25061]: Connection closed by 183.63.172.52 [preauth]
Dec 16 13:13:06 LabSZ sshd[25063]: pam_unix(sshd:auth): authentication failure; logname= uid=0 euid=0 tty=ssh ruser= rhost=183.63.172.52  user=root
Dec 16 13:13:08 LabSZ sshd[25057]: Connection closed by 5.188.10.156 [preauth]
Dec 16 13:13:08 LabSZ sshd[25063]: Failed password for root from 183.63.172.52 port 64480 ssh2
Dec 16 13:13:08 LabSZ sshd[25063]: Connection closed by 183.63.172.52 [preauth]
Dec 16 13:13:08 LabSZ sshd[25065]: pam_unix(sshd:auth): authentication failure; logname= uid=0 euid=0 tty=ssh ruser= rhost=183.63.172.52  user=root
Dec 16 13:13:11 LabSZ sshd[25065]: Failed password for root from 183.63.172.52 port 64584 ssh2
Dec 16 13:13:11 LabSZ sshd[25065]: Connection closed by 183.63.172.52 [preauth]
Dec 16 13:13:11 LabSZ sshd[25068]: pam_unix(sshd:auth): authentication failure; logname= uid=0 euid=0 tty=ssh ruser= rhost=183.63.172.52  user=root
Dec 16 13:13:12 LabSZ sshd[25067]: Invalid user admin from 5.188.10.156
Dec 16 13:13:12 LabSZ sshd[25067]: input_userauth_request: invalid user admin [preauth]
Dec 16 13:13:12 LabSZ sshd[25067]: Failed none for invalid user admin from 5.188.10.156 port 47813 ssh2
Dec 16 13:13:13 LabSZ sshd[25068]: Failed password for root from 183.63.172.52 port 64739 ssh2
Dec 16 13:13:13 LabSZ sshd[25068]: Connection closed by 183.63.172.52 [preauth]
Dec 16 13:13:13 LabSZ sshd[25071]: pam_unix(sshd:auth): authentication failure; logname= uid=0 euid=0 tty=ssh ruser= rhost=183.63.172.52  user=root
Dec 16 13:13:13 LabSZ sshd[25067]: Connection closed by 5.188.10.156 [preauth]
Dec 16 13:13:15 LabSZ sshd[25071]: Failed password for root from 183.63.172.52 port 64844 ssh2
Dec 16 13:13:15 LabSZ sshd[25071]: Connection closed by 183.63.172.52 [preauth]
Dec 16 13:13:15 LabSZ sshd[25074]: pam_unix(sshd:auth): authentication failure; logname= uid=0 euid=0 tty=ssh ruser= rhost=183.63.172.52  user=root
Dec 16 13:13:17 LabSZ sshd[25074]: Failed password for root from 183.63.172.52 port 64965 ssh2
Dec 16 13:13:17 LabSZ sshd[25074]: Connection closed by 183.63.172.52 [preauth]
Dec 16 13:13:19 LabSZ sshd[25073]: Invalid user admin from 5.188.10.156
Dec 16 13:13:19 LabSZ sshd[25073]: input_userauth_request: invalid user admin [preauth]
Dec 16 13:13:19 LabSZ sshd[25073]: pam_unix(sshd:auth): check pass; user unknown
Dec 16 13:13:19 LabSZ sshd[25073]: pam_unix(sshd:auth): authentication failure; logname= uid=0 euid=0 tty=ssh ruser= rhost=5.188.10.156 
Dec 16 13:13:22 LabSZ sshd[25073]: Failed password for invalid user admin from 5.188.10.156 port 58868 ssh2
Dec 16 13:13:23 LabSZ sshd[25077]: pam_unix(sshd:auth): authentication failure; logname= uid=0 euid=0 tty=ssh ruser= rhost=183.63.172.52  user=root
Dec 16 13:13:24 LabSZ sshd[25077]: Failed password for root from 183.63.172.52 port 65100 ssh2
Dec 16 13:13:24 LabSZ sshd[25077]: Connection closed by 183.63.172.52 [preauth]
Dec 16 13:13:24 LabSZ sshd[25079]: pam_unix(sshd:auth): authentication failure; logname= uid=0 euid=0 tty=ssh ruser= rhost=183.63.172.52  user=root
Dec 16 13:13:25 LabSZ sshd[25073]: pam_unix(sshd:auth): check pass; user unknown
Dec 16 13:13:27 LabSZ sshd[25079]: Failed password for root from 183.63.172.52 port 65529 ssh2
Dec 16 13:13:27 LabSZ sshd[25079]: Connection closed by 183.63.172.52 [preauth]
Dec 16 13:13:27 LabSZ sshd[25081]: pam_unix(sshd:auth): authentication failure; logname= uid=0 euid=0 tty=ssh ruser= rhost=183.63.172.52  user=root
Dec 16 13:13:27 LabSZ sshd[25073]: Failed password for invalid user admin from 5.188.10.156 port 58868 ssh2
Dec 16 13:13:28 LabSZ sshd[25073]: pam_unix(sshd:auth): check pass; user unknown
Dec 16 13:13:29 LabSZ sshd[25073]: Failed password for invalid user admin from 5.188.10.156 port 58868 ssh2
Dec 16 13:13:29 LabSZ sshd[25081]: Failed password for root from 183.63.172.52 port 1155 ssh2
Dec 16 13:13:29 LabSZ sshd[25081]: Connection closed by 183.63.172.52 [preauth]
Dec 16 13:13:30 LabSZ sshd[25083]: pam_unix(sshd:auth): authentication failure; logname= uid=0 euid=0 tty=ssh ruser= rhost=183.63.172.52  user=root
Dec 16 13:13:30 LabSZ sshd[25073]: pam_unix(sshd:auth): check pass; user unknown
Dec 16 13:13:32 LabSZ sshd[25083]: Failed password for root from 183.63.172.52 port 1286 ssh2
Dec 16 13:13:32 LabSZ sshd[25083]: Connection closed by 183.63.172.52 [preauth]
Dec 16 13:13:32 LabSZ sshd[25085]: pam_unix(sshd:auth): authentication failure; logname= uid=0 euid=0 tty=ssh ruser= rhost=183.63.172.52  user=root
Dec 16 13:13:32 LabSZ sshd[25073]: Failed password for invalid user admin from 5.188.10.156 port 58868 ssh2
Dec 16 13:13:33 LabSZ sshd[25073]: pam_unix(sshd:auth): check pass; user unknown
Dec 16 13:13:34 LabSZ sshd[25085]: Failed password for root from 183.63.172.52 port 1406 ssh2
Dec 16 13:13:34 LabSZ sshd[25085]: Connection closed by 183.63.172.52 [preauth]
Dec 16 13:13:34 LabSZ sshd[25087]: pam_unix(sshd:auth): authentication failure; logname= uid=0 euid=0 tty=ssh ruser= rhost=183.63.172.52  user=root
Dec 16 13:13:36 LabSZ sshd[25073]: Failed password for invalid user admin from 5.188.10.156 port 58868 ssh2
