Jan  2 08:33:29 LabSZ sshd[30197]: pam_unix(sshd:auth): authentication failure; logname= uid=0 euid=0 tty=ssh ruser= rhost=218.65.30.30  user=root
Jan  2 08:33:32 LabSZ sshd[30195]: Failed password for root from 182.100.67.120 port 39982 ssh2
Jan  2 08:33:32 LabSZ sshd[30197]: Failed password for root from 218.65.30.30 port 46282 ssh2
Jan  2 08:33:38 LabSZ sshd[30193]: message repeated 5 times: [ Failed password for root from 58.242.83.25 port 25082 ssh2]
Jan  2 08:33:38 LabSZ sshd[30193]: Disconnecting: Too many authentication failures for root [preauth]
Jan  2 08:33:38 LabSZ sshd[30193]: PAM 5 more authentication failures; logname= uid=0 euid=0 tty=ssh ruser= rhost=58.242.83.25  user=root
Jan  2 08:33:38 LabSZ sshd[30193]: PAM service(sshd) ignoring max retries; 6 > 3
Jan  2 08:33:40 LabSZ sshd[30199]: pam_unix(sshd:auth): authentication failure; logname= uid=0 euid=0 tty=ssh ruser= rhost=58.242.83.25  user=root
Jan  2 08:33:42 LabSZ sshd[30199]: Failed password for root from 58.242.83.25 port 46742 ssh2
Jan  2 08:33:45 LabSZ sshd[30197]: message repeated 5 times: [ Failed password for root from 218.65.30.30 port 46282 ssh2]
Jan  2 08:33:45 LabSZ sshd[30197]: Disconnecting: Too many authentication failures for root [preauth]
Jan  2 08:33:45 LabSZ sshd[30197]: PAM 5 more authentication failures; logname= uid=0 euid=0 tty=ssh ruser= rhost=218.65.30.30  user=root
Jan  2 08:33:45 LabSZ sshd[30197]: PAM service(sshd) ignoring max retries; 6 > 3
Jan  2 08:33:45 LabSZ sshd[30195]: message repeated 5 times: [ Failed password for root from 182.100.67.120 port 39982 ssh2]
Jan  2 08:33:45 LabSZ sshd[30195]: Disconnecting: Too many authentication failures for root [preauth]
Jan  2 08:33:45 LabSZ sshd[30195]: PAM 5 more authentication failures; logname= uid=0 euid=0 tty=ssh ruser= rhost=182.100.67.120  user=root
Jan  2 08:33:45 LabSZ sshd[30195]: PAM service(sshd) ignoring max retries; 6 > 3
Jan  2 08:33:47 LabSZ sshd[30201]: pam_unix(sshd:auth): authentication failure; logname= uid=0 euid=0 tty=ssh ruser= rhost=182.100.67.120  user=root
Jan  2 08:33:47 LabSZ sshd[30203]: reverse mapping checking getaddrinfo for 30.30.65.218.broad.xy.jx.dynamic.163data.com.cn [218.65.30.30] failed - POSSIBLE BREAK-IN ATTEMPT!
Jan  2 08:33:47 LabSZ sshd[30203]: pam_unix(sshd:auth): authentication failure; logname= uid=0 euid=0 tty=ssh ruser= rhost=218.65.30.30  user=root
Jan  2 08:33:49 LabSZ sshd[30201]: Failed password for root from 182.100.67.120 port 12958 ssh2
Jan  2 08:33:49 LabSZ sshd[30203]: Failed password for root from 218.65.30.30 port 20202 ssh2
Jan  2 08:33:56 LabSZ sshd[30199]: message repeated 5 times: [ Failed password for root from 58.242.83.25 port 46742 ssh2]
Jan  2 08:33:56 LabSZ sshd[30199]: Disconnecting: Too many authentication failures for root [preauth]
Jan  2 08:33:56 LabSZ sshd[30199]: PAM 5 more authentication failures; logname= uid=0 euid=0 tty=ssh ruser= rhost=58.242.83.25  user=root
Jan  2 08:33:56 LabSZ sshd[30199]: PAM service(sshd) ignoring max retries; 6 > 3
Jan  2 08:33:57 LabSZ sshd[30205]: pam_unix(sshd:auth): authentication failure; logname= uid=0 euid=0 tty=ssh ruser= rhost=58.242.83.25  user=root
Jan  2 08:33:59 LabSZ sshd[30205]: Failed password for root from 58.242.83.25 port 4012 ssh2
Jan  2 08:34:03 LabSZ sshd[30201]: message repeated 5 times: [ Failed password for root from 182.100.67.120 port 12958 ssh2]
Jan  2 08:34:03 LabSZ sshd[30201]: Disconnecting: Too many authentication failures for root [preauth]
Jan  2 08:34:03 LabSZ sshd[30201]: PAM 5 more authentication failures; logname= uid=0 euid=0 tty=ssh ruser= rhost=182.100.67.120  user=root
Jan  2 08:34:03 LabSZ sshd[30201]: PAM service(sshd) ignoring max retries; 6 > 3
Jan  2 08:34:04 LabSZ sshd[30203]: message repeated 5 times: [ Failed password for root from 218.65.30.30 port 20202 ssh2]
Jan  2 08:34:04 LabSZ sshd[30203]: Disconnecting: Too many authentication failures for root [preauth]
Jan  2 08:34:04 LabSZ sshd[30203]: PAM 5 more authentication failures; logname= uid=0 euid=0 tty=ssh ruser= rhost=218.65.30.30  user=root
Jan  2 08:34:04 LabSZ sshd[30203]: PAM service(sshd) ignoring max retries; 6 > 3
Jan  2 08:34:04 LabSZ sshd[30207]: reverse mapping checking getaddrinfo for 51-15-183-141.rev.poneytelecom.eu [51.15.183.141] failed - POSSIBLE BREAK-IN ATTEMPT!
Jan  2 08:34:04 LabSZ sshd[30207]: Invalid user ubnt from 51.15.183.141
Jan  2 08:34:04 LabSZ sshd[30207]: input_userauth_request: invalid user ubnt [preauth]
Jan  2 08:34:04 LabSZ sshd[30207]: pam_unix(sshd:auth): check pass; user unknown
Jan  2 08:34:04 LabSZ sshd[30207]: pam_unix(sshd:auth): authentication failure; logname= uid=0 euid=0 tty=ssh ruser= rhost=51.15.183.141 
Jan  2 08:34:04 LabSZ sshd[30209]: pam_unix(sshd:auth): authentication failure; logname= uid=0 euid=0 tty=ssh ruser= rhost=182.100.67.120  user=root
Jan  2 08:34:05 LabSZ sshd[30211]: reverse mapping checking getaddrinfo for 30.30.65.218.broad.xy.jx.dynamic.163data.com.cn [218.65.30.30] failed - POSSIBLE BREAK-IN ATTEMPT!
Jan  2 08:34:05 LabSZ sshd[30211]: pam_unix(sshd:auth): authentication failure; logname= uid=0 euid=0 tty=ssh ruser= rhost=218.65.30.30  user=root
Jan  2 08:34:06 LabSZ sshd[30207]: Failed password for invalid user ubnt from 51.15.183.141 port 65139 ssh2
Jan  2 08:34:07 LabSZ sshd[30209]: Failed password for root from 182.100.67.120 port 50818 ssh2
Jan  2 08:34:07 LabSZ sshd[30211]: Failed password for root from 218.65.30.30 port 60764 ssh2
Jan  2 08:34:08 LabSZ sshd[30207]: fatal: Read from socket failed: Connection reset by peer [preauth]
Jan  2 08:34:10 LabSZ sshd[30213]: reverse mapping checking getaddrinfo for 51-15-183-141.rev.poneytelecom.eu [51.15.183.141] failed - POSSIBLE BREAK-IN ATTEMPT!
Jan  2 08:34:10 LabSZ sshd[30213]: Invalid user user from 51.15.183.141
Jan  2 08:34:10 LabSZ sshd[30213]: input_userauth_request: invalid user user [preauth]
Jan  2 08:34:10 LabSZ sshd[30213]: pam_unix(sshd:auth): check pass; user unknown
Jan  2 08:34:10 LabSZ sshd[30213]: pam_unix(sshd:auth): authentication failure; logname= uid=0 euid=0 tty=ssh ruser= rhost=51.15.183.141 
Jan  2 08:34:12 LabSZ sshd[30213]: Failed password for invalid user user from 51.15.183.141 port 50939 ssh2
Jan  2 08:34:12 LabSZ sshd[30205]: message repeated 5 times: [ Failed password for root from 58.242.83.25 port 4012 ssh2]
Jan  2 08:34:12 LabSZ sshd[30205]: Disconnecting: Too many authentication failures for root [preauth]
Jan  2 08:34:12 LabSZ sshd[30205]: PAM 5 more authentication failures; logname= uid=0 euid=0 tty=ssh ruser= rhost=58.242.83.25  user=root
Jan  2 08:34:12 LabSZ sshd[30205]: PAM service(sshd) ignoring max retries; 6 > 3
Jan  2 08:34:13 LabSZ sshd[30213]: fatal: Read from socket failed: Connection reset by peer [preauth]
Jan  2 08:34:14 LabSZ sshd[30215]: pam_unix(sshd:auth): authentication failure; logname= uid=0 euid=0 tty=ssh ruser= rhost=58.242.83.25  user=root
Jan  2 08:34:16 LabSZ sshd[30215]: Failed password for root from 58.242.83.25 port 24578 ssh2
Jan  2 08:34:16 LabSZ sshd[30217]: reverse mapping checking getaddrinfo for 51-15-183-141.rev.poneytelecom.eu [51.15.183.141] failed - POSSIBLE BREAK-IN ATTEMPT!
Jan  2 08:34:16 LabSZ sshd[30217]: Invalid user admin from 51.15.183.141
Jan  2 08:34:16 LabSZ sshd[30217]: input_userauth_request: invalid user admin [preauth]
Jan  2 08:34:16 LabSZ sshd[30217]: pam_unix(sshd:auth): check pass; user unknown
Jan  2 08:34:16 LabSZ sshd[30217]: pam_unix(sshd:auth): authentication failure; logname= uid=0 euid=0 tty=ssh ruser= rhost=51.15.183.141 
Jan  2 08:34:19 LabSZ sshd[30217]: Failed password for invalid user admin from 51.15.183.141 port 53283 ssh2
Jan  2 08:34:19 LabSZ sshd[30217]: fatal: Read from socket failed: Connection reset by peer [preauth]
Jan  2 08:34:20 LabSZ sshd[30211]: message repeated 5 times: [ Failed password for root from 218.65.30.30 port 60764 ssh2]
Jan  2 08:34:20 LabSZ sshd[30211]: Disconnecting: Too many authentication failures for root [preauth]
Jan  2 08:34:20 LabSZ sshd[30211]: PAM 5 more authentication failures; logname= uid=0 euid=0 tty=ssh ruser= rhost=218.65.30.30  user=root
Jan  2 08:34:20 LabSZ sshd[30211]: PAM service(sshd) ignoring max retries; 6 > 3
Jan  2 08:34:22 LabSZ sshd[30221]: reverse mapping checking getaddrinfo for 30.30.65.218.broad.xy.jx.dynamic.163data.com.cn [218.65.30.30] failed - POSSIBLE BREAK-IN ATTEMPT!
Jan  2 08:34:22 LabSZ sshd[30221]: pam_unix(sshd:auth): authentication failure; logname= uid=0 euid=0 tty=ssh ruser= rhost=218.65.30.30  user=root
Jan  2 08:34:22 LabSZ sshd[30209]: message repeated 5 times: [ Failed password for root from 182.100.67.120 port 50818 ssh2]
Jan  2 08:34:22 LabSZ sshd[30209]: Disconnecting: Too many authentication failures for root [preauth]
Jan  2 08:34:22 LabSZ sshd[30209]: PAM 5 more authentication failures; logname= uid=0 euid=0 tty=ssh ruser= rhost=182.100.67.120  user=root
Jan  2 08:34:22 LabSZ sshd[30209]: PAM service(sshd) ignoring max retries; 6 > 3
Jan  2 08:34:23 LabSZ sshd[30219]: reverse mapping checking getaddrinfo for 51-15-183-141.rev.poneytelecom.eu [51.15.183.141] failed - POSSIBLE BREAK-IN ATTEMPT!
Jan  2 08:34:23 LabSZ sshd[30219]: Invalid user oper from 51.15.183.141
Jan  2 08:34:23 LabSZ sshd[30219]: input_userauth_request: invalid user oper [preauth]
Jan  2 08:34:23 LabSZ sshd[30219]: pam_unix(sshd:auth): check pass; user unknown
Jan  2 08:34:23 LabSZ sshd[30219]: pam_unix(sshd:auth): authentication failure; logname= uid=0 euid=0 tty=ssh ruser= rhost=51.15.183.141 
Jan  2 08:34:23 LabSZ sshd[30223]: pam_unix(sshd:auth): authentication failure; logname= uid=0 euid=0 tty=ssh ruser= rhost=182.100.67.120  user=root
Jan  2 08:34:24 LabSZ sshd[30221]: Failed password for root from 218.65.30.30 port 33628 ssh2
Jan  2 08:34:25 LabSZ sshd[30219]: Failed password for invalid user oper from 51.15.183.141 port 54657 ssh2
Jan  2 08:34:26 LabSZ sshd[30223]: Failed password for root from 182.100.67.120 port 27426 ssh2
Jan  2 08:34:27 LabSZ sshd[30219]: fatal: Read from socket failed: Connection reset by peer [preauth]
Jan  2 08:34:30 LabSZ sshd[30215]: message repeated 5 times: [ Failed password for root from 58.242.83.25 port 24578 ssh2]
Jan  2 08:34:30 LabSZ sshd[30215]: Disconnecting: Too many authentication failures for root [preauth]
Jan  2 08:34:30 LabSZ sshd[30215]: PAM 5 more authentication failures; logname= uid=0 euid=0 tty=ssh ruser= rhost=58.242.83.25  user=root
Jan  2 08:34:30 LabSZ sshd[30215]: PAM service(sshd) ignoring max retries; 6 > 3
Jan  2 08:34:31 LabSZ sshd[30225]: reverse mapping checking getaddrinfo for 51-15-183-141.rev.poneytelecom.eu [51.15.183.141] failed - POSSIBLE BREAK-IN ATTEMPT!
Jan  2 08:34:31 LabSZ sshd[30225]: Invalid user guest from 51.15.183.141
Jan  2 08:34:31 LabSZ sshd[30225]: input_userauth_request: invalid user guest [preauth]
Jan  2 08:34:31 LabSZ sshd[30225]: pam_unix(sshd:auth): check pass; user unknown
Jan  2 08:34:31 LabSZ sshd[30225]: pam_unix(sshd:auth): authentication failure; logname= uid=0 euid=0 tty=ssh ruser= rhost=51.15.183.141 
Jan  2 08:34:32 LabSZ sshd[30227]: pam_unix(sshd:auth): authentication failure; logname= uid=0 euid=0 tty=ssh ruser= rhost=58.242.83.25  user=root
Jan  2 08:34:34 LabSZ sshd[30227]: Failed password for root from 58.242.83.25 port 46950 ssh2
Jan  2 08:34:34 LabSZ sshd[30225]: Failed password for invalid user guest from 51.15.183.141 port 57422 ssh2
