Jan  4 04:45:38 LabSZ sshd[17823]: Failed password for invalid user admin from 193.201.224.232 port 3620 ssh2
Jan  4 04:45:38 LabSZ sshd[17823]: pam_unix(sshd:auth): check pass; user unknown
Jan  4 04:45:38 LabSZ sshd[17828]: Failed password for root from 182.100.67.52 port 31078 ssh2
Jan  4 04:45:40 LabSZ sshd[17823]: Failed password for invalid user admin from 193.201.224.232 port 3620 ssh2
Jan  4 04:45:40 LabSZ sshd[17823]: pam_unix(sshd:auth): check pass; user unknown
Jan  4 04:45:42 LabSZ sshd[17823]: Failed password for invalid user admin from 193.201.224.232 port 3620 ssh2
Jan  4 04:45:43 LabSZ sshd[17823]: pam_unix(sshd:auth): check pass; user unknown
Jan  4 04:45:44 LabSZ sshd[17821]: message repeated 5 times: [ Failed password for root from 59.63.188.30 port 53694 ssh2]
Jan  4 04:45:44 LabSZ sshd[17821]: Disconnecting: Too many authentication failures for root [preauth]
Jan  4 04:45:44 LabSZ sshd[17821]: PAM 5 more authentication failures; logname= uid=0 euid=0 tty=ssh ruser= rhost=59.63.188.30  user=root
Jan  4 04:45:44 LabSZ sshd[17821]: PAM service(sshd) ignoring max retries; 6 > 3
Jan  4 04:45:44 LabSZ sshd[17823]: Failed password for invalid user admin from 193.201.224.232 port 3620 ssh2
Jan  4 04:45:45 LabSZ sshd[17823]: pam_unix(sshd:auth): check pass; user unknown
Jan  4 04:45:45 LabSZ sshd[17830]: pam_unix(sshd:auth): authentication failure; logname= uid=0 euid=0 tty=ssh ruser= rhost=59.63.188.30  user=root
Jan  4 04:45:47 LabSZ sshd[17832]: pam_unix(sshd:auth): authentication failure; logname= uid=0 euid=0 tty=ssh ruser= rhost=218.87.109.156  user=root
Jan  4 04:45:47 LabSZ sshd[17823]: Failed password for invalid user admin from 193.201.224.232 port 3620 ssh2
Jan  4 04:45:47 LabSZ sshd[17823]: Disconnecting: Too many authentication failures for admin [preauth]
Jan  4 04:45:47 LabSZ sshd[17823]: PAM 5 more authentication failures; logname= uid=0 euid=0 tty=ssh ruser= rhost=193.201.224.232 
Jan  4 04:45:47 LabSZ sshd[17823]: PAM service(sshd) ignoring max retries; 6 > 3
Jan  4 04:45:47 LabSZ sshd[17830]: Failed password for root from 59.63.188.30 port 10542 ssh2
Jan  4 04:45:48 LabSZ sshd[17825]: message repeated 5 times: [ Failed password for root from 59.63.188.30 port 59137 ssh2]
Jan  4 04:45:48 LabSZ sshd[17825]: Disconnecting: Too many authentication failures for root [preauth]
Jan  4 04:45:48 LabSZ sshd[17825]: PAM 5 more authentication failures; logname= uid=0 euid=0 tty=ssh ruser= rhost=59.63.188.30  user=root
Jan  4 04:45:48 LabSZ sshd[17825]: PAM service(sshd) ignoring max retries; 6 > 3
Jan  4 04:45:49 LabSZ sshd[17832]: Failed password for root from 218.87.109.156 port 38294 ssh2
Jan  4 04:45:49 LabSZ sshd[17834]: Invalid user admin from 193.201.224.232
Jan  4 04:45:49 LabSZ sshd[17834]: input_userauth_request: invalid user admin [preauth]
Jan  4 04:45:49 LabSZ sshd[17836]: pam_unix(sshd:auth): authentication failure; logname= uid=0 euid=0 tty=ssh ruser= rhost=59.63.188.30  user=root
Jan  4 04:45:49 LabSZ sshd[17834]: pam_unix(sshd:auth): check pass; user unknown
Jan  4 04:45:49 LabSZ sshd[17834]: pam_unix(sshd:auth): authentication failure; logname= uid=0 euid=0 tty=ssh ruser= rhost=193.201.224.232 
Jan  4 04:45:51 LabSZ sshd[17836]: Failed password for root from 59.63.188.30 port 15350 ssh2
Jan  4 04:45:51 LabSZ sshd[17834]: Failed password for invalid user admin from 193.201.224.232 port 33681 ssh2
Jan  4 04:45:52 LabSZ sshd[17834]: pam_unix(sshd:auth): check pass; user unknown
Jan  4 04:45:52 LabSZ sshd[17828]: message repeated 5 times: [ Failed password for root from 182.100.67.52 port 31078 ssh2]
Jan  4 04:45:52 LabSZ sshd[17828]: Disconnecting: Too many authentication failures for root [preauth]
Jan  4 04:45:52 LabSZ sshd[17828]: PAM 5 more authentication failures; logname= uid=0 euid=0 tty=ssh ruser= rhost=182.100.67.52  user=root
Jan  4 04:45:52 LabSZ sshd[17828]: PAM service(sshd) ignoring max retries; 6 > 3
Jan  4 04:45:53 LabSZ sshd[17834]: Failed password for invalid user admin from 193.201.224.232 port 33681 ssh2
Jan  4 04:45:54 LabSZ sshd[17834]: pam_unix(sshd:auth): check pass; user unknown
Jan  4 04:45:54 LabSZ sshd[17838]: pam_unix(sshd:auth): authentication failure; logname= uid=0 euid=0 tty=ssh ruser= rhost=182.100.67.52  user=root
Jan  4 04:45:56 LabSZ sshd[17834]: Failed password for invalid user admin from 193.201.224.232 port 33681 ssh2
Jan  4 04:45:56 LabSZ sshd[17834]: pam_unix(sshd:auth): check pass; user unknown
Jan  4 04:45:57 LabSZ sshd[17838]: Failed password for root from 182.100.67.52 port 4466 ssh2
Jan  4 04:45:59 LabSZ sshd[17834]: Failed password for invalid user admin from 193.201.224.232 port 33681 ssh2
Jan  4 04:45:59 LabSZ sshd[17834]: pam_unix(sshd:auth): check pass; user unknown
Jan  4 04:45:59 LabSZ sshd[17830]: message repeated 5 times: [ Failed password for root from 59.63.188.30 port 10542 ssh2]
Jan  4 04:45:59 LabSZ sshd[17830]: Disconnecting: Too many authentication failures for root [preauth]
Jan  4 04:45:59 LabSZ sshd[17830]: PAM 5 more authentication failures; logname= uid=0 euid=0 tty=ssh ruser= rhost=59.63.188.30  user=root
Jan  4 04:45:59 LabSZ sshd[17830]: PAM service(sshd) ignoring max retries; 6 > 3
Jan  4 04:46:01 LabSZ sshd[17840]: pam_unix(sshd:auth): authentication failure; logname= uid=0 euid=0 tty=ssh ruser= rhost=59.63.188.30  user=root
Jan  4 04:46:01 LabSZ sshd[17834]: Failed password for invalid user admin from 193.201.224.232 port 33681 ssh2
Jan  4 04:46:01 LabSZ sshd[17834]: pam_unix(sshd:auth): check pass; user unknown
Jan  4 04:46:02 LabSZ sshd[17832]: message repeated 5 times: [ Failed password for root from 218.87.109.156 port 38294 ssh2]
Jan  4 04:46:02 LabSZ sshd[17832]: Disconnecting: Too many authentication failures for root [preauth]
Jan  4 04:46:02 LabSZ sshd[17832]: PAM 5 more authentication failures; logname= uid=0 euid=0 tty=ssh ruser= rhost=218.87.109.156  user=root
Jan  4 04:46:02 LabSZ sshd[17832]: PAM service(sshd) ignoring max retries; 6 > 3
Jan  4 04:46:02 LabSZ sshd[17840]: Failed password for root from 59.63.188.30 port 31368 ssh2
Jan  4 04:46:03 LabSZ sshd[17834]: Failed password for invalid user admin from 193.201.224.232 port 33681 ssh2
Jan  4 04:46:03 LabSZ sshd[17834]: Disconnecting: Too many authentication failures for admin [preauth]
Jan  4 04:46:03 LabSZ sshd[17834]: PAM 5 more authentication failures; logname= uid=0 euid=0 tty=ssh ruser= rhost=193.201.224.232 
Jan  4 04:46:03 LabSZ sshd[17834]: PAM service(sshd) ignoring max retries; 6 > 3
Jan  4 04:46:03 LabSZ sshd[17842]: pam_unix(sshd:auth): authentication failure; logname= uid=0 euid=0 tty=ssh ruser= rhost=218.87.109.156  user=root
Jan  4 04:46:04 LabSZ sshd[17836]: message repeated 5 times: [ Failed password for root from 59.63.188.30 port 15350 ssh2]
Jan  4 04:46:04 LabSZ sshd[17836]: Disconnecting: Too many authentication failures for root [preauth]
Jan  4 04:46:04 LabSZ sshd[17836]: PAM 5 more authentication failures; logname= uid=0 euid=0 tty=ssh ruser= rhost=59.63.188.30  user=root
Jan  4 04:46:04 LabSZ sshd[17836]: PAM service(sshd) ignoring max retries; 6 > 3
Jan  4 04:46:05 LabSZ sshd[17844]: Invalid user admin from 193.201.224.232
Jan  4 04:46:05 LabSZ sshd[17844]: input_userauth_request: invalid user admin [preauth]
Jan  4 04:46:05 LabSZ sshd[17846]: pam_unix(sshd:auth): authentication failure; logname= uid=0 euid=0 tty=ssh ruser= rhost=59.63.188.30  user=root
Jan  4 04:46:05 LabSZ sshd[17844]: pam_unix(sshd:auth): check pass; user unknown
Jan  4 04:46:05 LabSZ sshd[17844]: pam_unix(sshd:auth): authentication failure; logname= uid=0 euid=0 tty=ssh ruser= rhost=193.201.224.232 
Jan  4 04:46:06 LabSZ sshd[17842]: Failed password for root from 218.87.109.156 port 11544 ssh2
Jan  4 04:46:07 LabSZ sshd[17846]: Failed password for root from 59.63.188.30 port 36832 ssh2
Jan  4 04:46:07 LabSZ sshd[17844]: Failed password for invalid user admin from 193.201.224.232 port 64870 ssh2
Jan  4 04:46:08 LabSZ sshd[17844]: pam_unix(sshd:auth): check pass; user unknown
Jan  4 04:46:10 LabSZ sshd[17838]: message repeated 5 times: [ Failed password for root from 182.100.67.52 port 4466 ssh2]
Jan  4 04:46:10 LabSZ sshd[17838]: Disconnecting: Too many authentication failures for root [preauth]
Jan  4 04:46:10 LabSZ sshd[17838]: PAM 5 more authentication failures; logname= uid=0 euid=0 tty=ssh ruser= rhost=182.100.67.52  user=root
Jan  4 04:46:10 LabSZ sshd[17838]: PAM service(sshd) ignoring max retries; 6 > 3
Jan  4 04:46:10 LabSZ sshd[17844]: Failed password for invalid user admin from 193.201.224.232 port 64870 ssh2
Jan  4 04:46:10 LabSZ sshd[17844]: pam_unix(sshd:auth): check pass; user unknown
Jan  4 04:46:11 LabSZ sshd[17848]: pam_unix(sshd:auth): authentication failure; logname= uid=0 euid=0 tty=ssh ruser= rhost=182.100.67.52  user=root
Jan  4 04:46:12 LabSZ sshd[17844]: Failed password for invalid user admin from 193.201.224.232 port 64870 ssh2
Jan  4 04:46:12 LabSZ sshd[17844]: pam_unix(sshd:auth): check pass; user unknown
Jan  4 04:46:13 LabSZ sshd[17848]: Failed password for root from 182.100.67.52 port 43176 ssh2
Jan  4 04:46:14 LabSZ sshd[17844]: Failed password for invalid user admin from 193.201.224.232 port 64870 ssh2
Jan  4 04:46:15 LabSZ sshd[17844]: pam_unix(sshd:auth): check pass; user unknown
Jan  4 04:46:16 LabSZ sshd[17840]: message repeated 5 times: [ Failed password for root from 59.63.188.30 port 31368 ssh2]
Jan  4 04:46:16 LabSZ sshd[17840]: Disconnecting: Too many authentication failures for root [preauth]
Jan  4 04:46:16 LabSZ sshd[17840]: PAM 5 more authentication failures; logname= uid=0 euid=0 tty=ssh ruser= rhost=59.63.188.30  user=root
Jan  4 04:46:16 LabSZ sshd[17840]: PAM service(sshd) ignoring max retries; 6 > 3
Jan  4 04:46:17 LabSZ sshd[17844]: Failed password for invalid user admin from 193.201.224.232 port 64870 ssh2
Jan  4 04:46:17 LabSZ sshd[17850]: pam_unix(sshd:auth): authentication failure; logname= uid=0 euid=0 tty=ssh ruser= rhost=59.63.188.30  user=root
Jan  4 04:46:17 LabSZ sshd[17844]: pam_unix(sshd:auth): check pass; user unknown
Jan  4 04:46:18 LabSZ sshd[17842]: message repeated 5 times: [ Failed password for root from 218.87.109.156 port 11544 ssh2]
Jan  4 04:46:18 LabSZ sshd[17842]: Disconnecting: Too many authentication failures for root [preauth]
Jan  4 04:46:18 LabSZ sshd[17842]: PAM 5 more authentication failures; logname= uid=0 euid=0 tty=ssh ruser= rhost=218.87.109.156  user=root
Jan  4 04:46:18 LabSZ sshd[17842]: PAM service(sshd) ignoring max retries; 6 > 3
Jan  4 04:46:19 LabSZ sshd[17850]: Failed password for root from 59.63.188.30 port 52509 ssh2
Jan  4 04:46:19 LabSZ sshd[17844]: Failed password for invalid user admin from 193.201.224.232 port 64870 ssh2
