Jan  4 04:46:57 LabSZ sshd[17876]: Failed password for root from 59.63.188.30 port 35076 ssh2
Jan  4 04:46:58 LabSZ sshd[17872]: Failed password for invalid user admin from 193.201.224.232 port 33646 ssh2
Jan  4 04:46:58 LabSZ sshd[17872]: pam_unix(sshd:auth): check pass; user unknown
Jan  4 04:47:00 LabSZ sshd[17872]: Failed password for invalid user admin from 193.201.224.232 port 33646 ssh2
Jan  4 04:47:00 LabSZ sshd[17872]: pam_unix(sshd:auth): check pass; user unknown
Jan  4 04:47:00 LabSZ sshd[17868]: message repeated 5 times: [ Failed password for root from 182.100.67.52 port 50596 ssh2]
Jan  4 04:47:00 LabSZ sshd[17868]: Disconnecting: Too many authentication failures for root [preauth]
Jan  4 04:47:00 LabSZ sshd[17868]: PAM 5 more authentication failures; logname= uid=0 euid=0 tty=ssh ruser= rhost=182.100.67.52  user=root
Jan  4 04:47:00 LabSZ sshd[17868]: PAM service(sshd) ignoring max retries; 6 > 3
Jan  4 04:47:02 LabSZ sshd[17878]: pam_unix(sshd:auth): authentication failure; logname= uid=0 euid=0 tty=ssh ruser= rhost=182.100.67.52  user=root
Jan  4 04:47:03 LabSZ sshd[17872]: Failed password for invalid user admin from 193.201.224.232 port 33646 ssh2
Jan  4 04:47:03 LabSZ sshd[17872]: pam_unix(sshd:auth): check pass; user unknown
Jan  4 04:47:04 LabSZ sshd[17878]: Failed password for root from 182.100.67.52 port 23972 ssh2
Jan  4 04:47:05 LabSZ sshd[17872]: Failed password for invalid user admin from 193.201.224.232 port 33646 ssh2
Jan  4 04:47:05 LabSZ sshd[17872]: pam_unix(sshd:auth): check pass; user unknown
Jan  4 04:47:05 LabSZ sshd[17870]: message repeated 5 times: [ Failed password for root from 59.63.188.30 port 29537 ssh2]
Jan  4 04:47:05 LabSZ sshd[17870]: Disconnecting: Too many authentication failures for root [preauth]
Jan  4 04:47:05 LabSZ sshd[17870]: PAM 5 more authentication failures; logname= uid=0 euid=0 tty=ssh ruser= rhost=59.63.188.30  user=root
Jan  4 04:47:05 LabSZ sshd[17870]: PAM service(sshd) ignoring max retries; 6 > 3
Jan  4 04:47:07 LabSZ sshd[17880]: pam_unix(sshd:auth): authentication failure; logname= uid=0 euid=0 tty=ssh ruser= rhost=59.63.188.30  user=root
Jan  4 04:47:07 LabSZ sshd[17872]: Failed password for invalid user admin from 193.201.224.232 port 33646 ssh2
Jan  4 04:47:07 LabSZ sshd[17872]: Disconnecting: Too many authentication failures for admin [preauth]
Jan  4 04:47:07 LabSZ sshd[17872]: PAM 5 more authentication failures; logname= uid=0 euid=0 tty=ssh ruser= rhost=193.201.224.232 
Jan  4 04:47:07 LabSZ sshd[17872]: PAM service(sshd) ignoring max retries; 6 > 3
Jan  4 04:47:09 LabSZ sshd[17880]: Failed password for root from 59.63.188.30 port 51526 ssh2
Jan  4 04:47:10 LabSZ sshd[17882]: Invalid user admin from 193.201.224.232
Jan  4 04:47:10 LabSZ sshd[17882]: input_userauth_request: invalid user admin [preauth]
Jan  4 04:47:10 LabSZ sshd[17874]: message repeated 5 times: [ Failed password for root from 218.87.109.156 port 60362 ssh2]
Jan  4 04:47:10 LabSZ sshd[17874]: Disconnecting: Too many authentication failures for root [preauth]
Jan  4 04:47:10 LabSZ sshd[17874]: PAM 5 more authentication failures; logname= uid=0 euid=0 tty=ssh ruser= rhost=218.87.109.156  user=root
Jan  4 04:47:10 LabSZ sshd[17874]: PAM service(sshd) ignoring max retries; 6 > 3
Jan  4 04:47:11 LabSZ sshd[17882]: pam_unix(sshd:auth): check pass; user unknown
Jan  4 04:47:11 LabSZ sshd[17882]: pam_unix(sshd:auth): authentication failure; logname= uid=0 euid=0 tty=ssh ruser= rhost=193.201.224.232 
Jan  4 04:47:11 LabSZ sshd[17876]: message repeated 5 times: [ Failed password for root from 59.63.188.30 port 35076 ssh2]
Jan  4 04:47:11 LabSZ sshd[17876]: Disconnecting: Too many authentication failures for root [preauth]
Jan  4 04:47:11 LabSZ sshd[17876]: PAM 5 more authentication failures; logname= uid=0 euid=0 tty=ssh ruser= rhost=59.63.188.30  user=root
Jan  4 04:47:11 LabSZ sshd[17876]: PAM service(sshd) ignoring max retries; 6 > 3
Jan  4 04:47:12 LabSZ sshd[17886]: pam_unix(sshd:auth): authentication failure; logname= uid=0 euid=0 tty=ssh ruser= rhost=59.63.188.30  user=root
Jan  4 04:47:13 LabSZ sshd[17882]: Failed password for invalid user admin from 193.201.224.232 port 64755 ssh2
Jan  4 04:47:13 LabSZ sshd[17882]: pam_unix(sshd:auth): check pass; user unknown
Jan  4 04:47:14 LabSZ sshd[17884]: pam_unix(sshd:auth): authentication failure; logname= uid=0 euid=0 tty=ssh ruser= rhost=218.87.109.156  user=root
Jan  4 04:47:15 LabSZ sshd[17886]: Failed password for root from 59.63.188.30 port 58255 ssh2
Jan  4 04:47:16 LabSZ sshd[17882]: Failed password for invalid user admin from 193.201.224.232 port 64755 ssh2
Jan  4 04:47:16 LabSZ sshd[17882]: Connection closed by 193.201.224.232 [preauth]
Jan  4 04:47:16 LabSZ sshd[17882]: PAM 1 more authentication failure; logname= uid=0 euid=0 tty=ssh ruser= rhost=193.201.224.232 
Jan  4 04:47:16 LabSZ sshd[17884]: Failed password for root from 218.87.109.156 port 33966 ssh2
Jan  4 04:47:17 LabSZ sshd[17878]: message repeated 5 times: [ Failed password for root from 182.100.67.52 port 23972 ssh2]
Jan  4 04:47:17 LabSZ sshd[17878]: Disconnecting: Too many authentication failures for root [preauth]
Jan  4 04:47:17 LabSZ sshd[17878]: PAM 5 more authentication failures; logname= uid=0 euid=0 tty=ssh ruser= rhost=182.100.67.52  user=root
Jan  4 04:47:17 LabSZ sshd[17878]: PAM service(sshd) ignoring max retries; 6 > 3
Jan  4 04:47:22 LabSZ sshd[17880]: message repeated 5 times: [ Failed password for root from 59.63.188.30 port 51526 ssh2]
Jan  4 04:47:22 LabSZ sshd[17880]: Disconnecting: Too many authentication failures for root [preauth]
Jan  4 04:47:22 LabSZ sshd[17880]: PAM 5 more authentication failures; logname= uid=0 euid=0 tty=ssh ruser= rhost=59.63.188.30  user=root
Jan  4 04:47:22 LabSZ sshd[17880]: PAM service(sshd) ignoring max retries; 6 > 3
Jan  4 04:47:23 LabSZ sshd[17890]: pam_unix(sshd:auth): authentication failure; logname= uid=0 euid=0 tty=ssh ruser= rhost=59.63.188.30  user=root
Jan  4 04:47:25 LabSZ sshd[17890]: Failed password for root from 59.63.188.30 port 7045 ssh2
Jan  4 04:47:26 LabSZ sshd[17888]: pam_unix(sshd:auth): authentication failure; logname= uid=0 euid=0 tty=ssh ruser= rhost=182.100.67.52  user=root
Jan  4 04:47:28 LabSZ sshd[17886]: message repeated 5 times: [ Failed password for root from 59.63.188.30 port 58255 ssh2]
Jan  4 04:47:28 LabSZ sshd[17886]: Disconnecting: Too many authentication failures for root [preauth]
Jan  4 04:47:28 LabSZ sshd[17886]: PAM 5 more authentication failures; logname= uid=0 euid=0 tty=ssh ruser= rhost=59.63.188.30  user=root
Jan  4 04:47:28 LabSZ sshd[17886]: PAM service(sshd) ignoring max retries; 6 > 3
Jan  4 04:47:28 LabSZ sshd[17888]: Failed password for root from 182.100.67.52 port 60392 ssh2
Jan  4 04:47:29 LabSZ sshd[17892]: pam_unix(sshd:auth): authentication failure; logname= uid=0 euid=0 tty=ssh ruser= rhost=59.63.188.30  user=root
Jan  4 04:47:29 LabSZ sshd[17884]: message repeated 5 times: [ Failed password for root from 218.87.109.156 port 33966 ssh2]
Jan  4 04:47:29 LabSZ sshd[17884]: Disconnecting: Too many authentication failures for root [preauth]
Jan  4 04:47:29 LabSZ sshd[17884]: PAM 5 more authentication failures; logname= uid=0 euid=0 tty=ssh ruser= rhost=218.87.109.156  user=root
Jan  4 04:47:29 LabSZ sshd[17884]: PAM service(sshd) ignoring max retries; 6 > 3
Jan  4 04:47:31 LabSZ sshd[17892]: Failed password for root from 59.63.188.30 port 15185 ssh2
Jan  4 04:47:31 LabSZ sshd[17894]: pam_unix(sshd:auth): authentication failure; logname= uid=0 euid=0 tty=ssh ruser= rhost=218.87.109.156  user=root
Jan  4 04:47:33 LabSZ sshd[17894]: Failed password for root from 218.87.109.156 port 13214 ssh2
Jan  4 04:47:38 LabSZ sshd[17890]: message repeated 5 times: [ Failed password for root from 59.63.188.30 port 7045 ssh2]
Jan  4 04:47:38 LabSZ sshd[17890]: Disconnecting: Too many authentication failures for root [preauth]
Jan  4 04:47:38 LabSZ sshd[17890]: PAM 5 more authentication failures; logname= uid=0 euid=0 tty=ssh ruser= rhost=59.63.188.30  user=root
Jan  4 04:47:38 LabSZ sshd[17890]: PAM service(sshd) ignoring max retries; 6 > 3
Jan  4 04:47:39 LabSZ sshd[17896]: pam_unix(sshd:auth): authentication failure; logname= uid=0 euid=0 tty=ssh ruser= rhost=59.63.188.30  user=root
Jan  4 04:47:41 LabSZ sshd[17888]: message repeated 5 times: [ Failed password for root from 182.100.67.52 port 60392 ssh2]
Jan  4 04:47:41 LabSZ sshd[17888]: Disconnecting: Too many authentication failures for root [preauth]
Jan  4 04:47:41 LabSZ sshd[17888]: PAM 5 more authentication failures; logname= uid=0 euid=0 tty=ssh ruser= rhost=182.100.67.52  user=root
Jan  4 04:47:41 LabSZ sshd[17888]: PAM service(sshd) ignoring max retries; 6 > 3
Jan  4 04:47:42 LabSZ sshd[17896]: Failed password for root from 59.63.188.30 port 28464 ssh2
Jan  4 04:47:44 LabSZ sshd[17892]: message repeated 5 times: [ Failed password for root from 59.63.188.30 port 15185 ssh2]
Jan  4 04:47:44 LabSZ sshd[17892]: Disconnecting: Too many authentication failures for root [preauth]
Jan  4 04:47:44 LabSZ sshd[17892]: PAM 5 more authentication failures; logname= uid=0 euid=0 tty=ssh ruser= rhost=59.63.188.30  user=root
Jan  4 04:47:44 LabSZ sshd[17892]: PAM service(sshd) ignoring max retries; 6 > 3
Jan  4 04:47:44 LabSZ sshd[17898]: pam_unix(sshd:auth): authentication failure; logname= uid=0 euid=0 tty=ssh ruser= rhost=182.100.67.52  user=root
Jan  4 04:47:46 LabSZ sshd[17900]: pam_unix(sshd:auth): authentication failure; logname= uid=0 euid=0 tty=ssh ruser= rhost=59.63.188.30  user=root
Jan  4 04:47:47 LabSZ sshd[17898]: Failed password for root from 182.100.67.52 port 47960 ssh2
Jan  4 04:47:47 LabSZ sshd[17894]: message repeated 5 times: [ Failed password for root from 218.87.109.156 port 13214 ssh2]
Jan  4 04:47:47 LabSZ sshd[17894]: Disconnecting: Too many authentication failures for root [preauth]
Jan  4 04:47:47 LabSZ sshd[17894]: PAM 5 more authentication failures; logname= uid=0 euid=0 tty=ssh ruser= rhost=218.87.109.156  user=root
Jan  4 04:47:47 LabSZ sshd[17894]: PAM service(sshd) ignoring max retries; 6 > 3
Jan  4 04:47:47 LabSZ sshd[17900]: Failed password for root from 59.63.188.30 port 36221 ssh2
Jan  4 04:47:48 LabSZ sshd[17902]: pam_unix(sshd:auth): authentication failure; logname= uid=0 euid=0 tty=ssh ruser= rhost=218.87.109.156  user=root
Jan  4 04:47:50 LabSZ sshd[17902]: Failed password for root from 218.87.109.156 port 51678 ssh2
Jan  4 04:47:55 LabSZ sshd[17896]: message repeated 5 times: [ Failed password for root from 59.63.188.30 port 28464 ssh2]
Jan  4 04:47:55 LabSZ sshd[17896]: Disconnecting: Too many authentication failures for root [preauth]
Jan  4 04:47:55 LabSZ sshd[17896]: PAM 5 more authentication failures; logname= uid=0 euid=0 tty=ssh ruser= rhost=59.63.188.30  user=root
Jan  4 04:47:55 LabSZ sshd[17896]: PAM service(sshd) ignoring max retries; 6 > 3
Jan  4 04:47:56 LabSZ sshd[17904]: pam_unix(sshd:auth): authentication failure; logname= uid=0 euid=0 tty=ssh ruser= rhost=59.63.188.30  user=root
Jan  4 04:47:58 LabSZ sshd[17904]: Failed password for root from 59.63.188.30 port 49626 ssh2
