Jan  1 14:54:53 LabSZ sshd[8074]: Disconnecting: Too many authentication failures for root [preauth]
Jan  1 14:54:53 LabSZ sshd[8074]: PAM 5 more authentication failures; logname= uid=0 euid=0 tty=ssh ruser= rhost=218.65.30.30  user=root
Jan  1 14:54:53 LabSZ sshd[8074]: PAM service(sshd) ignoring max retries; 6 > 3
Jan  1 14:54:55 LabSZ sshd[8078]: reverse mapping checking getaddrinfo for 30.30.65.218.broad.xy.jx.dynamic.163data.com.cn [218.65.30.30] failed - POSSIBLE BREAK-IN ATTEMPT!
Jan  1 14:54:55 LabSZ sshd[8078]: pam_unix(sshd:auth): authentication failure; logname= uid=0 euid=0 tty=ssh ruser= rhost=218.65.30.30  user=root
Jan  1 14:54:55 LabSZ sshd[8080]: Did not receive identification string from 103.207.36.21
Jan  1 14:54:56 LabSZ sshd[8081]: Invalid user support from 103.207.36.21
Jan  1 14:54:56 LabSZ sshd[8081]: input_userauth_request: invalid user support [preauth]
Jan  1 14:54:56 LabSZ sshd[8081]: pam_unix(sshd:auth): check pass; user unknown
Jan  1 14:54:56 LabSZ sshd[8081]: pam_unix(sshd:auth): authentication failure; logname= uid=0 euid=0 tty=ssh ruser= rhost=103.207.36.21 
Jan  1 14:54:56 LabSZ sshd[8078]: Failed password for root from 218.65.30.30 port 46932 ssh2
Jan  1 14:54:58 LabSZ sshd[8081]: Failed password for invalid user support from 103.207.36.21 port 63346 ssh2
Jan  1 14:54:58 LabSZ sshd[8081]: error: Received disconnect from 103.207.36.21: 3: com.jcraft.jsch.JSchException: Auth fail [preauth]
Jan  1 14:55:01 LabSZ sshd[8076]: message repeated 5 times: [ Failed password for root from 58.242.83.25 port 15247 ssh2]
Jan  1 14:55:01 LabSZ sshd[8076]: Disconnecting: Too many authentication failures for root [preauth]
Jan  1 14:55:01 LabSZ sshd[8076]: PAM 5 more authentication failures; logname= uid=0 euid=0 tty=ssh ruser= rhost=58.242.83.25  user=root
Jan  1 14:55:01 LabSZ sshd[8076]: PAM service(sshd) ignoring max retries; 6 > 3
Jan  1 14:55:03 LabSZ sshd[8083]: pam_unix(sshd:auth): authentication failure; logname= uid=0 euid=0 tty=ssh ruser= rhost=58.242.83.25  user=root
Jan  1 14:55:05 LabSZ sshd[8083]: Failed password for root from 58.242.83.25 port 34476 ssh2
Jan  1 14:55:08 LabSZ sshd[8078]: message repeated 5 times: [ Failed password for root from 218.65.30.30 port 46932 ssh2]
Jan  1 14:55:08 LabSZ sshd[8078]: Disconnecting: Too many authentication failures for root [preauth]
Jan  1 14:55:08 LabSZ sshd[8078]: PAM 5 more authentication failures; logname= uid=0 euid=0 tty=ssh ruser= rhost=218.65.30.30  user=root
Jan  1 14:55:08 LabSZ sshd[8078]: PAM service(sshd) ignoring max retries; 6 > 3
Jan  1 14:55:10 LabSZ sshd[8085]: reverse mapping checking getaddrinfo for 30.30.65.218.broad.xy.jx.dynamic.163data.com.cn [218.65.30.30] failed - POSSIBLE BREAK-IN ATTEMPT!
Jan  1 14:55:10 LabSZ sshd[8085]: pam_unix(sshd:auth): authentication failure; logname= uid=0 euid=0 tty=ssh ruser= rhost=218.65.30.30  user=root
Jan  1 14:55:12 LabSZ sshd[8085]: Failed password for root from 218.65.30.30 port 18662 ssh2
Jan  1 14:55:17 LabSZ sshd[8083]: message repeated 5 times: [ Failed password for root from 58.242.83.25 port 34476 ssh2]
Jan  1 14:55:17 LabSZ sshd[8083]: Disconnecting: Too many authentication failures for root [preauth]
Jan  1 14:55:17 LabSZ sshd[8083]: PAM 5 more authentication failures; logname= uid=0 euid=0 tty=ssh ruser= rhost=58.242.83.25  user=root
Jan  1 14:55:17 LabSZ sshd[8083]: PAM service(sshd) ignoring max retries; 6 > 3
Jan  1 14:55:19 LabSZ sshd[8087]: pam_unix(sshd:auth): authentication failure; logname= uid=0 euid=0 tty=ssh ruser= rhost=58.242.83.25  user=root
Jan  1 14:55:20 LabSZ sshd[8087]: Failed password for root from 58.242.83.25 port 54919 ssh2
Jan  1 14:55:25 LabSZ sshd[8085]: message repeated 5 times: [ Failed password for root from 218.65.30.30 port 18662 ssh2]
Jan  1 14:55:25 LabSZ sshd[8085]: Disconnecting: Too many authentication failures for root [preauth]
Jan  1 14:55:25 LabSZ sshd[8085]: PAM 5 more authentication failures; logname= uid=0 euid=0 tty=ssh ruser= rhost=218.65.30.30  user=root
Jan  1 14:55:25 LabSZ sshd[8085]: PAM service(sshd) ignoring max retries; 6 > 3
Jan  1 14:55:26 LabSZ sshd[8089]: reverse mapping checking getaddrinfo for 30.30.65.218.broad.xy.jx.dynamic.163data.com.cn [218.65.30.30] failed - POSSIBLE BREAK-IN ATTEMPT!
Jan  1 14:55:26 LabSZ sshd[8089]: pam_unix(sshd:auth): authentication failure; logname= uid=0 euid=0 tty=ssh ruser= rhost=218.65.30.30  user=root
Jan  1 14:55:28 LabSZ sshd[8089]: Failed password for root from 218.65.30.30 port 57496 ssh2
Jan  1 14:55:33 LabSZ sshd[8087]: message repeated 5 times: [ Failed password for root from 58.242.83.25 port 54919 ssh2]
Jan  1 14:55:33 LabSZ sshd[8087]: Disconnecting: Too many authentication failures for root [preauth]
Jan  1 14:55:33 LabSZ sshd[8087]: PAM 5 more authentication failures; logname= uid=0 euid=0 tty=ssh ruser= rhost=58.242.83.25  user=root
Jan  1 14:55:33 LabSZ sshd[8087]: PAM service(sshd) ignoring max retries; 6 > 3
Jan  1 14:55:34 LabSZ sshd[8091]: pam_unix(sshd:auth): authentication failure; logname= uid=0 euid=0 tty=ssh ruser= rhost=58.242.83.25  user=root
Jan  1 14:55:36 LabSZ sshd[8091]: Failed password for root from 58.242.83.25 port 10102 ssh2
Jan  1 14:55:40 LabSZ sshd[8089]: message repeated 5 times: [ Failed password for root from 218.65.30.30 port 57496 ssh2]
Jan  1 14:55:40 LabSZ sshd[8089]: Disconnecting: Too many authentication failures for root [preauth]
Jan  1 14:55:40 LabSZ sshd[8089]: PAM 5 more authentication failures; logname= uid=0 euid=0 tty=ssh ruser= rhost=218.65.30.30  user=root
Jan  1 14:55:40 LabSZ sshd[8089]: PAM service(sshd) ignoring max retries; 6 > 3
Jan  1 14:55:41 LabSZ sshd[8093]: reverse mapping checking getaddrinfo for 30.30.65.218.broad.xy.jx.dynamic.163data.com.cn [218.65.30.30] failed - POSSIBLE BREAK-IN ATTEMPT!
Jan  1 14:55:41 LabSZ sshd[8093]: pam_unix(sshd:auth): authentication failure; logname= uid=0 euid=0 tty=ssh ruser= rhost=218.65.30.30  user=root
Jan  1 14:55:43 LabSZ sshd[8093]: Failed password for root from 218.65.30.30 port 28432 ssh2
Jan  1 14:55:48 LabSZ sshd[8091]: message repeated 5 times: [ Failed password for root from 58.242.83.25 port 10102 ssh2]
Jan  1 14:55:48 LabSZ sshd[8091]: Disconnecting: Too many authentication failures for root [preauth]
Jan  1 14:55:48 LabSZ sshd[8091]: PAM 5 more authentication failures; logname= uid=0 euid=0 tty=ssh ruser= rhost=58.242.83.25  user=root
Jan  1 14:55:48 LabSZ sshd[8091]: PAM service(sshd) ignoring max retries; 6 > 3
Jan  1 14:55:50 LabSZ sshd[8095]: pam_unix(sshd:auth): authentication failure; logname= uid=0 euid=0 tty=ssh ruser= rhost=58.242.83.25  user=root
Jan  1 14:55:52 LabSZ sshd[8095]: Failed password for root from 58.242.83.25 port 30086 ssh2
Jan  1 14:55:55 LabSZ sshd[8093]: message repeated 5 times: [ Failed password for root from 218.65.30.30 port 28432 ssh2]
Jan  1 14:55:55 LabSZ sshd[8093]: Disconnecting: Too many authentication failures for root [preauth]
Jan  1 14:55:55 LabSZ sshd[8093]: PAM 5 more authentication failures; logname= uid=0 euid=0 tty=ssh ruser= rhost=218.65.30.30  user=root
Jan  1 14:55:55 LabSZ sshd[8093]: PAM service(sshd) ignoring max retries; 6 > 3
Jan  1 14:55:56 LabSZ sshd[8097]: reverse mapping checking getaddrinfo for 30.30.65.218.broad.xy.jx.dynamic.163data.com.cn [218.65.30.30] failed - POSSIBLE BREAK-IN ATTEMPT!
Jan  1 14:55:56 LabSZ sshd[8097]: pam_unix(sshd:auth): authentication failure; logname= uid=0 euid=0 tty=ssh ruser= rhost=218.65.30.30  user=root
Jan  1 14:55:58 LabSZ sshd[8097]: Failed password for root from 218.65.30.30 port 63268 ssh2
Jan  1 14:56:04 LabSZ sshd[8095]: message repeated 5 times: [ Failed password for root from 58.242.83.25 port 30086 ssh2]
Jan  1 14:56:04 LabSZ sshd[8095]: Disconnecting: Too many authentication failures for root [preauth]
Jan  1 14:56:04 LabSZ sshd[8095]: PAM 5 more authentication failures; logname= uid=0 euid=0 tty=ssh ruser= rhost=58.242.83.25  user=root
Jan  1 14:56:04 LabSZ sshd[8095]: PAM service(sshd) ignoring max retries; 6 > 3
Jan  1 14:56:05 LabSZ sshd[8099]: pam_unix(sshd:auth): authentication failure; logname= uid=0 euid=0 tty=ssh ruser= rhost=58.242.83.25  user=root
Jan  1 14:56:08 LabSZ sshd[8099]: Failed password for root from 58.242.83.25 port 49456 ssh2
Jan  1 14:56:11 LabSZ sshd[8097]: message repeated 5 times: [ Failed password for root from 218.65.30.30 port 63268 ssh2]
Jan  1 14:56:11 LabSZ sshd[8097]: Disconnecting: Too many authentication failures for root [preauth]
Jan  1 14:56:11 LabSZ sshd[8097]: PAM 5 more authentication failures; logname= uid=0 euid=0 tty=ssh ruser= rhost=218.65.30.30  user=root
Jan  1 14:56:11 LabSZ sshd[8097]: PAM service(sshd) ignoring max retries; 6 > 3
Jan  1 14:56:12 LabSZ sshd[8101]: reverse mapping checking getaddrinfo for 30.30.65.218.broad.xy.jx.dynamic.163data.com.cn [218.65.30.30] failed - POSSIBLE BREAK-IN ATTEMPT!
Jan  1 14:56:12 LabSZ sshd[8101]: pam_unix(sshd:auth): authentication failure; logname= uid=0 euid=0 tty=ssh ruser= rhost=218.65.30.30  user=root
Jan  1 14:56:14 LabSZ sshd[8101]: Failed password for root from 218.65.30.30 port 34452 ssh2
Jan  1 14:56:20 LabSZ sshd[8099]: message repeated 5 times: [ Failed password for root from 58.242.83.25 port 49456 ssh2]
Jan  1 14:56:20 LabSZ sshd[8099]: Disconnecting: Too many authentication failures for root [preauth]
Jan  1 14:56:20 LabSZ sshd[8099]: PAM 5 more authentication failures; logname= uid=0 euid=0 tty=ssh ruser= rhost=58.242.83.25  user=root
Jan  1 14:56:20 LabSZ sshd[8099]: PAM service(sshd) ignoring max retries; 6 > 3
Jan  1 14:56:21 LabSZ sshd[8103]: pam_unix(sshd:auth): authentication failure; logname= uid=0 euid=0 tty=ssh ruser= rhost=58.242.83.25  user=root
Jan  1 14:56:23 LabSZ sshd[8103]: Failed password for root from 58.242.83.25 port 4502 ssh2
Jan  1 14:56:27 LabSZ sshd[8101]: message repeated 5 times: [ Failed password for root from 218.65.30.30 port 34452 ssh2]
Jan  1 14:56:27 LabSZ sshd[8101]: Disconnecting: Too many authentication failures for root [preauth]
Jan  1 14:56:27 LabSZ sshd[8101]: PAM 5 more authentication failures; logname= uid=0 euid=0 tty=ssh ruser= rhost=218.65.30.30  user=root
Jan  1 14:56:27 LabSZ sshd[8101]: PAM service(sshd) ignoring max retries; 6 > 3
Jan  1 14:56:29 LabSZ sshd[8105]: reverse mapping checking getaddrinfo for 30.30.65.218.broad.xy.jx.dynamic.163data.com.cn [218.65.30.30] failed - POSSIBLE BREAK-IN ATTEMPT!
Jan  1 14:56:29 LabSZ sshd[8105]: pam_unix(sshd:auth): authentication failure; logname= uid=0 euid=0 tty=ssh ruser= rhost=218.65.30.30  user=root
Jan  1 14:56:31 LabSZ sshd[8105]: Failed password for root from 218.65.30.30 port 8248 ssh2
Jan  1 14:56:36 LabSZ sshd[8103]: message repeated 5 times: [ Failed password for root from 58.242.83.25 port 4502 ssh2]
Jan  1 14:56:36 LabSZ sshd[8103]: Disconnecting: Too many authentication failures for root [preauth]
Jan  1 14:56:36 LabSZ sshd[8103]: PAM 5 more authentication failures; logname= uid=0 euid=0 tty=ssh ruser= rhost=58.242.83.25  user=root
Jan  1 14:56:36 LabSZ sshd[8103]: PAM service(sshd) ignoring max retries; 6 > 3
Jan  1 14:56:38 LabSZ sshd[8107]: pam_unix(sshd:auth): authentication failure; logname= uid=0 euid=0 tty=ssh ruser= rhost=58.242.83.25  user=root
Jan  1 14:56:39 LabSZ sshd[8107]: Failed password for root from 58.242.83.25 port 23877 ssh2
Jan  1 14:56:43 LabSZ sshd[8105]: message repeated 5 times: [ Failed password for root from 218.65.30.30 port 8248 ssh2]
Jan  1 14:56:43 LabSZ sshd[8105]: Disconnecting: Too many authentication failures for root [preauth]
Jan  1 14:56:43 LabSZ sshd[8105]: PAM 5 more authentication failures; logname= uid=0 euid=0 tty=ssh ruser= rhost=218.65.30.30  user=root
