Jan  1 20:51:49 LabSZ sshd[13853]: message repeated 5 times: [ Failed password for root from 182.100.67.120 port 49994 ssh2]
Jan  1 20:51:49 LabSZ sshd[13853]: Disconnecting: Too many authentication failures for root [preauth]
Jan  1 20:51:49 LabSZ sshd[13853]: PAM 5 more authentication failures; logname= uid=0 euid=0 tty=ssh ruser= rhost=182.100.67.120  user=root
Jan  1 20:51:49 LabSZ sshd[13853]: PAM service(sshd) ignoring max retries; 6 > 3
Jan  1 20:51:50 LabSZ sshd[13857]: reverse mapping checking getaddrinfo for 30.30.65.218.broad.xy.jx.dynamic.163data.com.cn [218.65.30.30] failed - POSSIBLE BREAK-IN ATTEMPT!
Jan  1 20:51:50 LabSZ sshd[13857]: pam_unix(sshd:auth): authentication failure; logname= uid=0 euid=0 tty=ssh ruser= rhost=218.65.30.30  user=root
Jan  1 20:51:51 LabSZ sshd[13859]: pam_unix(sshd:auth): authentication failure; logname= uid=0 euid=0 tty=ssh ruser= rhost=182.100.67.120  user=root
Jan  1 20:51:52 LabSZ sshd[13857]: Failed password for root from 218.65.30.30 port 38026 ssh2
Jan  1 20:51:53 LabSZ sshd[13859]: Failed password for root from 182.100.67.120 port 19858 ssh2
Jan  1 20:51:59 LabSZ sshd[13855]: message repeated 5 times: [ Failed password for root from 58.242.83.25 port 30742 ssh2]
Jan  1 20:51:59 LabSZ sshd[13855]: Disconnecting: Too many authentication failures for root [preauth]
Jan  1 20:51:59 LabSZ sshd[13855]: PAM 5 more authentication failures; logname= uid=0 euid=0 tty=ssh ruser= rhost=58.242.83.25  user=root
Jan  1 20:51:59 LabSZ sshd[13855]: PAM service(sshd) ignoring max retries; 6 > 3
Jan  1 20:52:00 LabSZ sshd[13861]: pam_unix(sshd:auth): authentication failure; logname= uid=0 euid=0 tty=ssh ruser= rhost=58.242.83.25  user=root
Jan  1 20:52:02 LabSZ sshd[13861]: Failed password for root from 58.242.83.25 port 51892 ssh2
Jan  1 20:52:04 LabSZ sshd[13857]: message repeated 5 times: [ Failed password for root from 218.65.30.30 port 38026 ssh2]
Jan  1 20:52:04 LabSZ sshd[13857]: Disconnecting: Too many authentication failures for root [preauth]
Jan  1 20:52:04 LabSZ sshd[13857]: PAM 5 more authentication failures; logname= uid=0 euid=0 tty=ssh ruser= rhost=218.65.30.30  user=root
Jan  1 20:52:04 LabSZ sshd[13857]: PAM service(sshd) ignoring max retries; 6 > 3
Jan  1 20:52:05 LabSZ sshd[13859]: message repeated 5 times: [ Failed password for root from 182.100.67.120 port 19858 ssh2]
Jan  1 20:52:05 LabSZ sshd[13859]: Disconnecting: Too many authentication failures for root [preauth]
Jan  1 20:52:05 LabSZ sshd[13859]: PAM 5 more authentication failures; logname= uid=0 euid=0 tty=ssh ruser= rhost=182.100.67.120  user=root
Jan  1 20:52:05 LabSZ sshd[13859]: PAM service(sshd) ignoring max retries; 6 > 3
Jan  1 20:52:06 LabSZ sshd[13863]: reverse mapping checking getaddrinfo for 30.30.65.218.broad.xy.jx.dynamic.163data.com.cn [218.65.30.30] failed - POSSIBLE BREAK-IN ATTEMPT!
Jan  1 20:52:06 LabSZ sshd[13863]: pam_unix(sshd:auth): authentication failure; logname= uid=0 euid=0 tty=ssh ruser= rhost=218.65.30.30  user=root
Jan  1 20:52:07 LabSZ sshd[13865]: pam_unix(sshd:auth): authentication failure; logname= uid=0 euid=0 tty=ssh ruser= rhost=182.100.67.120  user=root
Jan  1 20:52:08 LabSZ sshd[13863]: Failed password for root from 218.65.30.30 port 9088 ssh2
Jan  1 20:52:09 LabSZ sshd[13865]: Failed password for root from 182.100.67.120 port 57272 ssh2
Jan  1 20:52:15 LabSZ sshd[13861]: message repeated 5 times: [ Failed password for root from 58.242.83.25 port 51892 ssh2]
Jan  1 20:52:15 LabSZ sshd[13861]: Disconnecting: Too many authentication failures for root [preauth]
Jan  1 20:52:15 LabSZ sshd[13861]: PAM 5 more authentication failures; logname= uid=0 euid=0 tty=ssh ruser= rhost=58.242.83.25  user=root
Jan  1 20:52:15 LabSZ sshd[13861]: PAM service(sshd) ignoring max retries; 6 > 3
Jan  1 20:52:16 LabSZ sshd[13867]: pam_unix(sshd:auth): authentication failure; logname= uid=0 euid=0 tty=ssh ruser= rhost=58.242.83.25  user=root
Jan  1 20:52:18 LabSZ sshd[13867]: Failed password for root from 58.242.83.25 port 7976 ssh2
Jan  1 20:52:20 LabSZ sshd[13863]: message repeated 5 times: [ Failed password for root from 218.65.30.30 port 9088 ssh2]
Jan  1 20:52:20 LabSZ sshd[13863]: Disconnecting: Too many authentication failures for root [preauth]
Jan  1 20:52:20 LabSZ sshd[13863]: PAM 5 more authentication failures; logname= uid=0 euid=0 tty=ssh ruser= rhost=218.65.30.30  user=root
Jan  1 20:52:20 LabSZ sshd[13863]: PAM service(sshd) ignoring max retries; 6 > 3
Jan  1 20:52:21 LabSZ sshd[13869]: reverse mapping checking getaddrinfo for 30.30.65.218.broad.xy.jx.dynamic.163data.com.cn [218.65.30.30] failed - POSSIBLE BREAK-IN ATTEMPT!
Jan  1 20:52:21 LabSZ sshd[13869]: pam_unix(sshd:auth): authentication failure; logname= uid=0 euid=0 tty=ssh ruser= rhost=218.65.30.30  user=root
Jan  1 20:52:22 LabSZ sshd[13865]: message repeated 5 times: [ Failed password for root from 182.100.67.120 port 57272 ssh2]
Jan  1 20:52:22 LabSZ sshd[13865]: Disconnecting: Too many authentication failures for root [preauth]
Jan  1 20:52:22 LabSZ sshd[13865]: PAM 5 more authentication failures; logname= uid=0 euid=0 tty=ssh ruser= rhost=182.100.67.120  user=root
Jan  1 20:52:22 LabSZ sshd[13865]: PAM service(sshd) ignoring max retries; 6 > 3
Jan  1 20:52:24 LabSZ sshd[13869]: Failed password for root from 218.65.30.30 port 44850 ssh2
Jan  1 20:52:24 LabSZ sshd[13871]: pam_unix(sshd:auth): authentication failure; logname= uid=0 euid=0 tty=ssh ruser= rhost=182.100.67.120  user=root
Jan  1 20:52:26 LabSZ sshd[13871]: Failed password for root from 182.100.67.120 port 29938 ssh2
Jan  1 20:52:32 LabSZ sshd[13867]: message repeated 5 times: [ Failed password for root from 58.242.83.25 port 7976 ssh2]
Jan  1 20:52:32 LabSZ sshd[13867]: Disconnecting: Too many authentication failures for root [preauth]
Jan  1 20:52:32 LabSZ sshd[13867]: PAM 5 more authentication failures; logname= uid=0 euid=0 tty=ssh ruser= rhost=58.242.83.25  user=root
Jan  1 20:52:32 LabSZ sshd[13867]: PAM service(sshd) ignoring max retries; 6 > 3
Jan  1 20:52:33 LabSZ sshd[13873]: pam_unix(sshd:auth): authentication failure; logname= uid=0 euid=0 tty=ssh ruser= rhost=58.242.83.25  user=root
Jan  1 20:52:36 LabSZ sshd[13873]: Failed password for root from 58.242.83.25 port 29343 ssh2
Jan  1 20:52:36 LabSZ sshd[13869]: message repeated 5 times: [ Failed password for root from 218.65.30.30 port 44850 ssh2]
Jan  1 20:52:36 LabSZ sshd[13869]: Disconnecting: Too many authentication failures for root [preauth]
Jan  1 20:52:36 LabSZ sshd[13869]: PAM 5 more authentication failures; logname= uid=0 euid=0 tty=ssh ruser= rhost=218.65.30.30  user=root
Jan  1 20:52:36 LabSZ sshd[13869]: PAM service(sshd) ignoring max retries; 6 > 3
Jan  1 20:52:37 LabSZ sshd[13877]: reverse mapping checking getaddrinfo for 30.30.65.218.broad.xy.jx.dynamic.163data.com.cn [218.65.30.30] failed - POSSIBLE BREAK-IN ATTEMPT!
Jan  1 20:52:37 LabSZ sshd[13877]: pam_unix(sshd:auth): authentication failure; logname= uid=0 euid=0 tty=ssh ruser= rhost=218.65.30.30  user=root
Jan  1 20:52:39 LabSZ sshd[13875]: Invalid user amsftp from 185.165.31.41
Jan  1 20:52:39 LabSZ sshd[13875]: input_userauth_request: invalid user amsftp [preauth]
Jan  1 20:52:39 LabSZ sshd[13875]: pam_unix(sshd:auth): check pass; user unknown
Jan  1 20:52:39 LabSZ sshd[13875]: pam_unix(sshd:auth): authentication failure; logname= uid=0 euid=0 tty=ssh ruser= rhost=185.165.31.41 
Jan  1 20:52:39 LabSZ sshd[13877]: Failed password for root from 218.65.30.30 port 15540 ssh2
Jan  1 20:52:40 LabSZ sshd[13871]: message repeated 5 times: [ Failed password for root from 182.100.67.120 port 29938 ssh2]
Jan  1 20:52:40 LabSZ sshd[13871]: Disconnecting: Too many authentication failures for root [preauth]
Jan  1 20:52:40 LabSZ sshd[13871]: PAM 5 more authentication failures; logname= uid=0 euid=0 tty=ssh ruser= rhost=182.100.67.120  user=root
Jan  1 20:52:40 LabSZ sshd[13871]: PAM service(sshd) ignoring max retries; 6 > 3
Jan  1 20:52:41 LabSZ sshd[13875]: Failed password for invalid user amsftp from 185.165.31.41 port 53222 ssh2
Jan  1 20:52:41 LabSZ sshd[13875]: Connection closed by 185.165.31.41 [preauth]
Jan  1 20:52:42 LabSZ sshd[13879]: pam_unix(sshd:auth): authentication failure; logname= uid=0 euid=0 tty=ssh ruser= rhost=182.100.67.120  user=root
Jan  1 20:52:44 LabSZ sshd[13879]: Failed password for root from 182.100.67.120 port 8426 ssh2
Jan  1 20:52:48 LabSZ sshd[13873]: message repeated 5 times: [ Failed password for root from 58.242.83.25 port 29343 ssh2]
Jan  1 20:52:48 LabSZ sshd[13873]: Disconnecting: Too many authentication failures for root [preauth]
Jan  1 20:52:48 LabSZ sshd[13873]: PAM 5 more authentication failures; logname= uid=0 euid=0 tty=ssh ruser= rhost=58.242.83.25  user=root
Jan  1 20:52:48 LabSZ sshd[13873]: PAM service(sshd) ignoring max retries; 6 > 3
Jan  1 20:52:51 LabSZ sshd[13881]: pam_unix(sshd:auth): authentication failure; logname= uid=0 euid=0 tty=ssh ruser= rhost=58.242.83.25  user=root
Jan  1 20:52:52 LabSZ sshd[13881]: Failed password for root from 58.242.83.25 port 49633 ssh2
Jan  1 20:52:53 LabSZ sshd[13877]: message repeated 5 times: [ Failed password for root from 218.65.30.30 port 15540 ssh2]
Jan  1 20:52:53 LabSZ sshd[13877]: Disconnecting: Too many authentication failures for root [preauth]
Jan  1 20:52:53 LabSZ sshd[13877]: PAM 5 more authentication failures; logname= uid=0 euid=0 tty=ssh ruser= rhost=218.65.30.30  user=root
Jan  1 20:52:53 LabSZ sshd[13877]: PAM service(sshd) ignoring max retries; 6 > 3
Jan  1 20:52:54 LabSZ sshd[13883]: reverse mapping checking getaddrinfo for 30.30.65.218.broad.xy.jx.dynamic.163data.com.cn [218.65.30.30] failed - POSSIBLE BREAK-IN ATTEMPT!
Jan  1 20:52:54 LabSZ sshd[13883]: pam_unix(sshd:auth): authentication failure; logname= uid=0 euid=0 tty=ssh ruser= rhost=218.65.30.30  user=root
Jan  1 20:52:55 LabSZ sshd[13879]: message repeated 5 times: [ Failed password for root from 182.100.67.120 port 8426 ssh2]
Jan  1 20:52:55 LabSZ sshd[13879]: Disconnecting: Too many authentication failures for root [preauth]
Jan  1 20:52:55 LabSZ sshd[13879]: PAM 5 more authentication failures; logname= uid=0 euid=0 tty=ssh ruser= rhost=182.100.67.120  user=root
Jan  1 20:52:55 LabSZ sshd[13879]: PAM service(sshd) ignoring max retries; 6 > 3
Jan  1 20:52:56 LabSZ sshd[13883]: Failed password for root from 218.65.30.30 port 53740 ssh2
Jan  1 20:52:56 LabSZ sshd[13885]: pam_unix(sshd:auth): authentication failure; logname= uid=0 euid=0 tty=ssh ruser= rhost=182.100.67.120  user=root
Jan  1 20:52:59 LabSZ sshd[13885]: Failed password for root from 182.100.67.120 port 42016 ssh2
Jan  1 20:53:05 LabSZ sshd[13881]: message repeated 5 times: [ Failed password for root from 58.242.83.25 port 49633 ssh2]
Jan  1 20:53:05 LabSZ sshd[13881]: Disconnecting: Too many authentication failures for root [preauth]
Jan  1 20:53:05 LabSZ sshd[13881]: PAM 5 more authentication failures; logname= uid=0 euid=0 tty=ssh ruser= rhost=58.242.83.25  user=root
Jan  1 20:53:05 LabSZ sshd[13881]: PAM service(sshd) ignoring max retries; 6 > 3
Jan  1 20:53:07 LabSZ sshd[13887]: pam_unix(sshd:auth): authentication failure; logname= uid=0 euid=0 tty=ssh ruser= rhost=58.242.83.25  user=root
Jan  1 20:53:09 LabSZ sshd[13887]: Failed password for root from 58.242.83.25 port 7185 ssh2
Jan  1 20:53:10 LabSZ sshd[13883]: message repeated 5 times: [ Failed password for root from 218.65.30.30 port 53740 ssh2]
Jan  1 20:53:10 LabSZ sshd[13883]: Disconnecting: Too many authentication failures for root [preauth]
Jan  1 20:53:10 LabSZ sshd[13883]: PAM 5 more authentication failures; logname= uid=0 euid=0 tty=ssh ruser= rhost=218.65.30.30  user=root
