Jan  4 16:55:01 LabSZ sshd[3293]: PAM service(sshd) ignoring max retries; 6 > 3
Jan  4 16:55:02 LabSZ sshd[3314]: Invalid user ident from 218.4.104.194
Jan  4 16:55:02 LabSZ sshd[3314]: input_userauth_request: invalid user ident [preauth]
Jan  4 16:55:02 LabSZ sshd[3314]: pam_unix(sshd:auth): check pass; user unknown
Jan  4 16:55:02 LabSZ sshd[3314]: pam_unix(sshd:auth): authentication failure; logname= uid=0 euid=0 tty=ssh ruser= rhost=218.4.104.194 
Jan  4 16:55:03 LabSZ sshd[3317]: pam_unix(sshd:auth): authentication failure; logname= uid=0 euid=0 tty=ssh ruser= rhost=59.63.188.30  user=root
Jan  4 16:55:03 LabSZ sshd[3313]: Connection closed by 5.188.10.156 [preauth]
Jan  4 16:55:04 LabSZ sshd[3314]: Failed password for invalid user ident from 218.4.104.194 port 38951 ssh2
Jan  4 16:55:04 LabSZ sshd[3314]: Received disconnect from 218.4.104.194: 11: Bye Bye [preauth]
Jan  4 16:55:04 LabSZ sshd[3320]: Invalid user webpop from 218.4.104.194
Jan  4 16:55:04 LabSZ sshd[3320]: input_userauth_request: invalid user webpop [preauth]
Jan  4 16:55:04 LabSZ sshd[3320]: pam_unix(sshd:auth): check pass; user unknown
Jan  4 16:55:04 LabSZ sshd[3320]: pam_unix(sshd:auth): authentication failure; logname= uid=0 euid=0 tty=ssh ruser= rhost=218.4.104.194 
Jan  4 16:55:04 LabSZ sshd[3317]: Failed password for root from 59.63.188.30 port 49958 ssh2
Jan  4 16:55:05 LabSZ sshd[3319]: Invalid user support from 5.188.10.156
Jan  4 16:55:05 LabSZ sshd[3319]: input_userauth_request: invalid user support [preauth]
Jan  4 16:55:05 LabSZ sshd[3319]: pam_unix(sshd:auth): check pass; user unknown
Jan  4 16:55:05 LabSZ sshd[3319]: pam_unix(sshd:auth): authentication failure; logname= uid=0 euid=0 tty=ssh ruser= rhost=5.188.10.156 
Jan  4 16:55:05 LabSZ sshd[3320]: Failed password for invalid user webpop from 218.4.104.194 port 39195 ssh2
Jan  4 16:55:06 LabSZ sshd[3320]: Received disconnect from 218.4.104.194: 11: Bye Bye [preauth]
Jan  4 16:55:06 LabSZ sshd[3323]: Invalid user susan from 218.4.104.194
Jan  4 16:55:06 LabSZ sshd[3323]: input_userauth_request: invalid user susan [preauth]
Jan  4 16:55:06 LabSZ sshd[3323]: pam_unix(sshd:auth): check pass; user unknown
Jan  4 16:55:06 LabSZ sshd[3323]: pam_unix(sshd:auth): authentication failure; logname= uid=0 euid=0 tty=ssh ruser= rhost=218.4.104.194 
Jan  4 16:55:07 LabSZ sshd[3319]: Failed password for invalid user support from 5.188.10.156 port 46930 ssh2
Jan  4 16:55:07 LabSZ sshd[3323]: Failed password for invalid user susan from 218.4.104.194 port 39393 ssh2
Jan  4 16:55:07 LabSZ sshd[3323]: Received disconnect from 218.4.104.194: 11: Bye Bye [preauth]
Jan  4 16:55:07 LabSZ sshd[3319]: Connection closed by 5.188.10.156 [preauth]
Jan  4 16:55:08 LabSZ sshd[3325]: Invalid user sunny from 218.4.104.194
Jan  4 16:55:08 LabSZ sshd[3325]: input_userauth_request: invalid user sunny [preauth]
Jan  4 16:55:08 LabSZ sshd[3325]: pam_unix(sshd:auth): check pass; user unknown
Jan  4 16:55:08 LabSZ sshd[3325]: pam_unix(sshd:auth): authentication failure; logname= uid=0 euid=0 tty=ssh ruser= rhost=218.4.104.194 
Jan  4 16:55:10 LabSZ sshd[3327]: Invalid user telecomadmin from 5.188.10.156
Jan  4 16:55:10 LabSZ sshd[3327]: input_userauth_request: invalid user telecomadmin [preauth]
Jan  4 16:55:10 LabSZ sshd[3327]: pam_unix(sshd:auth): check pass; user unknown
Jan  4 16:55:10 LabSZ sshd[3327]: pam_unix(sshd:auth): authentication failure; logname= uid=0 euid=0 tty=ssh ruser= rhost=5.188.10.156 
Jan  4 16:55:10 LabSZ sshd[3307]: message repeated 5 times: [ Failed password for root from 59.63.188.30 port 40586 ssh2]
Jan  4 16:55:10 LabSZ sshd[3307]: Disconnecting: Too many authentication failures for root [preauth]
Jan  4 16:55:10 LabSZ sshd[3307]: PAM 5 more authentication failures; logname= uid=0 euid=0 tty=ssh ruser= rhost=59.63.188.30  user=root
Jan  4 16:55:10 LabSZ sshd[3307]: PAM service(sshd) ignoring max retries; 6 > 3
Jan  4 16:55:10 LabSZ sshd[3325]: Failed password for invalid user sunny from 218.4.104.194 port 39597 ssh2
Jan  4 16:55:10 LabSZ sshd[3325]: Received disconnect from 218.4.104.194: 11: Bye Bye [preauth]
Jan  4 16:55:11 LabSZ sshd[3329]: Invalid user steven from 218.4.104.194
Jan  4 16:55:11 LabSZ sshd[3329]: input_userauth_request: invalid user steven [preauth]
Jan  4 16:55:11 LabSZ sshd[3329]: pam_unix(sshd:auth): check pass; user unknown
Jan  4 16:55:11 LabSZ sshd[3329]: pam_unix(sshd:auth): authentication failure; logname= uid=0 euid=0 tty=ssh ruser= rhost=218.4.104.194 
Jan  4 16:55:11 LabSZ sshd[3331]: pam_unix(sshd:auth): authentication failure; logname= uid=0 euid=0 tty=ssh ruser= rhost=59.63.188.30  user=root
Jan  4 16:55:12 LabSZ sshd[3327]: Failed password for invalid user telecomadmin from 5.188.10.156 port 40861 ssh2
Jan  4 16:55:12 LabSZ sshd[3327]: Connection closed by 5.188.10.156 [preauth]
Jan  4 16:55:13 LabSZ sshd[3329]: Failed password for invalid user steven from 218.4.104.194 port 39889 ssh2
Jan  4 16:55:13 LabSZ sshd[3329]: Received disconnect from 218.4.104.194: 11: Bye Bye [preauth]
Jan  4 16:55:13 LabSZ sshd[3334]: Invalid user ssh from 218.4.104.194
Jan  4 16:55:13 LabSZ sshd[3334]: input_userauth_request: invalid user ssh [preauth]
Jan  4 16:55:13 LabSZ sshd[3334]: pam_unix(sshd:auth): check pass; user unknown
Jan  4 16:55:13 LabSZ sshd[3334]: pam_unix(sshd:auth): authentication failure; logname= uid=0 euid=0 tty=ssh ruser= rhost=218.4.104.194 
Jan  4 16:55:13 LabSZ sshd[3331]: Failed password for root from 59.63.188.30 port 59792 ssh2
Jan  4 16:55:15 LabSZ sshd[3333]: Invalid user test from 5.188.10.156
Jan  4 16:55:15 LabSZ sshd[3333]: input_userauth_request: invalid user test [preauth]
Jan  4 16:55:15 LabSZ sshd[3333]: pam_unix(sshd:auth): check pass; user unknown
Jan  4 16:55:15 LabSZ sshd[3333]: pam_unix(sshd:auth): authentication failure; logname= uid=0 euid=0 tty=ssh ruser= rhost=5.188.10.156 
Jan  4 16:55:15 LabSZ sshd[3334]: Failed password for invalid user ssh from 218.4.104.194 port 40139 ssh2
Jan  4 16:55:15 LabSZ sshd[3334]: Received disconnect from 218.4.104.194: 11: Bye Bye [preauth]
Jan  4 16:55:15 LabSZ sshd[3337]: Invalid user search from 218.4.104.194
Jan  4 16:55:15 LabSZ sshd[3337]: input_userauth_request: invalid user search [preauth]
Jan  4 16:55:15 LabSZ sshd[3337]: pam_unix(sshd:auth): check pass; user unknown
Jan  4 16:55:15 LabSZ sshd[3337]: pam_unix(sshd:auth): authentication failure; logname= uid=0 euid=0 tty=ssh ruser= rhost=218.4.104.194 
Jan  4 16:55:16 LabSZ sshd[3333]: Failed password for invalid user test from 5.188.10.156 port 34261 ssh2
Jan  4 16:55:17 LabSZ sshd[3333]: Connection closed by 5.188.10.156 [preauth]
Jan  4 16:55:17 LabSZ sshd[3317]: message repeated 5 times: [ Failed password for root from 59.63.188.30 port 49958 ssh2]
Jan  4 16:55:17 LabSZ sshd[3317]: Disconnecting: Too many authentication failures for root [preauth]
Jan  4 16:55:17 LabSZ sshd[3317]: PAM 5 more authentication failures; logname= uid=0 euid=0 tty=ssh ruser= rhost=59.63.188.30  user=root
Jan  4 16:55:17 LabSZ sshd[3317]: PAM service(sshd) ignoring max retries; 6 > 3
Jan  4 16:55:17 LabSZ sshd[3337]: Failed password for invalid user search from 218.4.104.194 port 40351 ssh2
Jan  4 16:55:17 LabSZ sshd[3337]: Received disconnect from 218.4.104.194: 11: Bye Bye [preauth]
Jan  4 16:55:17 LabSZ sshd[3340]: Invalid user sara from 218.4.104.194
Jan  4 16:55:17 LabSZ sshd[3340]: input_userauth_request: invalid user sara [preauth]
Jan  4 16:55:17 LabSZ sshd[3340]: pam_unix(sshd:auth): check pass; user unknown
Jan  4 16:55:17 LabSZ sshd[3340]: pam_unix(sshd:auth): authentication failure; logname= uid=0 euid=0 tty=ssh ruser= rhost=218.4.104.194 
Jan  4 16:55:18 LabSZ sshd[3343]: pam_unix(sshd:auth): authentication failure; logname= uid=0 euid=0 tty=ssh ruser= rhost=59.63.188.30  user=root
Jan  4 16:55:19 LabSZ sshd[3339]: Invalid user ubnt from 5.188.10.156
Jan  4 16:55:19 LabSZ sshd[3339]: input_userauth_request: invalid user ubnt [preauth]
Jan  4 16:55:19 LabSZ sshd[3339]: pam_unix(sshd:auth): check pass; user unknown
Jan  4 16:55:19 LabSZ sshd[3339]: pam_unix(sshd:auth): authentication failure; logname= uid=0 euid=0 tty=ssh ruser= rhost=5.188.10.156 
Jan  4 16:55:19 LabSZ sshd[3340]: Failed password for invalid user sara from 218.4.104.194 port 40575 ssh2
Jan  4 16:55:19 LabSZ sshd[3340]: Received disconnect from 218.4.104.194: 11: Bye Bye [preauth]
Jan  4 16:55:20 LabSZ sshd[3343]: Failed password for root from 59.63.188.30 port 4174 ssh2
Jan  4 16:55:20 LabSZ sshd[3345]: Invalid user robert from 218.4.104.194
Jan  4 16:55:20 LabSZ sshd[3345]: input_userauth_request: invalid user robert [preauth]
Jan  4 16:55:20 LabSZ sshd[3345]: pam_unix(sshd:auth): check pass; user unknown
Jan  4 16:55:20 LabSZ sshd[3345]: pam_unix(sshd:auth): authentication failure; logname= uid=0 euid=0 tty=ssh ruser= rhost=218.4.104.194 
Jan  4 16:55:22 LabSZ sshd[3339]: Failed password for invalid user ubnt from 5.188.10.156 port 35234 ssh2
Jan  4 16:55:22 LabSZ sshd[3339]: Connection closed by 5.188.10.156 [preauth]
Jan  4 16:55:22 LabSZ sshd[3345]: Failed password for invalid user robert from 218.4.104.194 port 40791 ssh2
Jan  4 16:55:22 LabSZ sshd[3345]: Received disconnect from 218.4.104.194: 11: Bye Bye [preauth]
Jan  4 16:55:22 LabSZ sshd[3348]: Invalid user richard from 218.4.104.194
Jan  4 16:55:22 LabSZ sshd[3348]: input_userauth_request: invalid user richard [preauth]
Jan  4 16:55:22 LabSZ sshd[3348]: pam_unix(sshd:auth): check pass; user unknown
Jan  4 16:55:22 LabSZ sshd[3348]: pam_unix(sshd:auth): authentication failure; logname= uid=0 euid=0 tty=ssh ruser= rhost=218.4.104.194 
Jan  4 16:55:24 LabSZ sshd[3350]: Invalid user user from 5.188.10.156
Jan  4 16:55:24 LabSZ sshd[3350]: input_userauth_request: invalid user user [preauth]
