Dec 17 02:06:20 LabSZ sshd[14761]: pam_unix(sshd:auth): check pass; user unknown
Dec 17 02:06:20 LabSZ sshd[14761]: pam_unix(sshd:auth): authentication failure; logname= uid=0 euid=0 tty=ssh ruser= rhost=185.165.29.62 
Dec 17 02:06:21 LabSZ sshd[14763]: Failed password for root from 183.129.154.138 port 51362 ssh2
Dec 17 02:06:22 LabSZ sshd[14763]: Connection closed by 183.129.154.138 [preauth]
Dec 17 02:06:22 LabSZ sshd[14767]: pam_unix(sshd:auth): authentication failure; logname= uid=0 euid=0 tty=ssh ruser= rhost=183.129.154.138  user=root
Dec 17 02:06:22 LabSZ sshd[14765]: Failed password for root from 122.70.145.45 port 47073 ssh2
Dec 17 02:06:22 LabSZ sshd[14765]: Received disconnect from 122.70.145.45: 11: Bye Bye [preauth]
Dec 17 02:06:23 LabSZ sshd[14761]: Failed password for invalid user oracle from 185.165.29.62 port 53118 ssh2
Dec 17 02:06:23 LabSZ sshd[14769]: pam_unix(sshd:auth): authentication failure; logname= uid=0 euid=0 tty=ssh ruser= rhost=122.70.145.45  user=root
Dec 17 02:06:24 LabSZ sshd[14767]: Failed password for root from 183.129.154.138 port 51640 ssh2
Dec 17 02:06:24 LabSZ sshd[14767]: Connection closed by 183.129.154.138 [preauth]
Dec 17 02:06:24 LabSZ sshd[14771]: pam_unix(sshd:auth): authentication failure; logname= uid=0 euid=0 tty=ssh ruser= rhost=183.129.154.138  user=root
Dec 17 02:06:24 LabSZ sshd[14769]: Failed password for root from 122.70.145.45 port 54945 ssh2
Dec 17 02:06:24 LabSZ sshd[14769]: Received disconnect from 122.70.145.45: 11: Bye Bye [preauth]
Dec 17 02:06:25 LabSZ sshd[14773]: pam_unix(sshd:auth): authentication failure; logname= uid=0 euid=0 tty=ssh ruser= rhost=122.70.145.45  user=root
Dec 17 02:06:25 LabSZ sshd[14761]: Received disconnect from 185.165.29.62: 11: Bye Bye [preauth]
Dec 17 02:06:26 LabSZ sshd[14771]: Failed password for root from 183.129.154.138 port 51868 ssh2
Dec 17 02:06:26 LabSZ sshd[14771]: Connection closed by 183.129.154.138 [preauth]
Dec 17 02:06:26 LabSZ sshd[14777]: pam_unix(sshd:auth): authentication failure; logname= uid=0 euid=0 tty=ssh ruser= rhost=183.129.154.138  user=root
Dec 17 02:06:27 LabSZ sshd[14773]: Failed password for root from 122.70.145.45 port 60070 ssh2
Dec 17 02:06:27 LabSZ sshd[14773]: Received disconnect from 122.70.145.45: 11: Bye Bye [preauth]
Dec 17 02:06:27 LabSZ sshd[14779]: pam_unix(sshd:auth): authentication failure; logname= uid=0 euid=0 tty=ssh ruser= rhost=122.70.145.45  user=root
Dec 17 02:06:28 LabSZ sshd[14775]: Invalid user oracle from 185.165.29.62
Dec 17 02:06:28 LabSZ sshd[14775]: input_userauth_request: invalid user oracle [preauth]
Dec 17 02:06:28 LabSZ sshd[14775]: pam_unix(sshd:auth): check pass; user unknown
Dec 17 02:06:28 LabSZ sshd[14775]: pam_unix(sshd:auth): authentication failure; logname= uid=0 euid=0 tty=ssh ruser= rhost=185.165.29.62 
Dec 17 02:06:28 LabSZ sshd[14777]: Failed password for root from 183.129.154.138 port 52136 ssh2
Dec 17 02:06:28 LabSZ sshd[14777]: Connection closed by 183.129.154.138 [preauth]
Dec 17 02:06:28 LabSZ sshd[14781]: pam_unix(sshd:auth): authentication failure; logname= uid=0 euid=0 tty=ssh ruser= rhost=183.129.154.138  user=root
Dec 17 02:06:29 LabSZ sshd[14779]: Failed password for root from 122.70.145.45 port 38000 ssh2
Dec 17 02:06:29 LabSZ sshd[14779]: Received disconnect from 122.70.145.45: 11: Bye Bye [preauth]
Dec 17 02:06:29 LabSZ sshd[14783]: pam_unix(sshd:auth): authentication failure; logname= uid=0 euid=0 tty=ssh ruser= rhost=122.70.145.45  user=root
Dec 17 02:06:30 LabSZ sshd[14775]: Failed password for invalid user oracle from 185.165.29.62 port 57858 ssh2
Dec 17 02:06:30 LabSZ sshd[14775]: Received disconnect from 185.165.29.62: 11: Bye Bye [preauth]
Dec 17 02:06:30 LabSZ sshd[14781]: Failed password for root from 183.129.154.138 port 52368 ssh2
Dec 17 02:06:30 LabSZ sshd[14781]: Connection closed by 183.129.154.138 [preauth]
Dec 17 02:06:30 LabSZ sshd[14785]: pam_unix(sshd:auth): authentication failure; logname= uid=0 euid=0 tty=ssh ruser= rhost=183.129.154.138  user=root
Dec 17 02:06:31 LabSZ sshd[14783]: Failed password for root from 122.70.145.45 port 43813 ssh2
Dec 17 02:06:31 LabSZ sshd[14783]: Received disconnect from 122.70.145.45: 11: Bye Bye [preauth]
Dec 17 02:06:32 LabSZ sshd[14789]: pam_unix(sshd:auth): authentication failure; logname= uid=0 euid=0 tty=ssh ruser= rhost=122.70.145.45  user=root
Dec 17 02:06:32 LabSZ sshd[14785]: Failed password for root from 183.129.154.138 port 52508 ssh2
Dec 17 02:06:32 LabSZ sshd[14785]: Connection closed by 183.129.154.138 [preauth]
Dec 17 02:06:32 LabSZ sshd[14787]: Invalid user tomcat from 185.165.29.62
Dec 17 02:06:32 LabSZ sshd[14787]: input_userauth_request: invalid user tomcat [preauth]
Dec 17 02:06:32 LabSZ sshd[14787]: pam_unix(sshd:auth): check pass; user unknown
Dec 17 02:06:32 LabSZ sshd[14787]: pam_unix(sshd:auth): authentication failure; logname= uid=0 euid=0 tty=ssh ruser= rhost=185.165.29.62 
Dec 17 02:06:32 LabSZ sshd[14791]: pam_unix(sshd:auth): authentication failure; logname= uid=0 euid=0 tty=ssh ruser= rhost=183.129.154.138  user=root
Dec 17 02:06:34 LabSZ sshd[14789]: Failed password for root from 122.70.145.45 port 49510 ssh2
Dec 17 02:06:34 LabSZ sshd[14789]: Received disconnect from 122.70.145.45: 11: Bye Bye [preauth]
Dec 17 02:06:35 LabSZ sshd[14793]: pam_unix(sshd:auth): authentication failure; logname= uid=0 euid=0 tty=ssh ruser= rhost=122.70.145.45  user=root
Dec 17 02:06:35 LabSZ sshd[14787]: Failed password for invalid user tomcat from 185.165.29.62 port 33083 ssh2
Dec 17 02:06:35 LabSZ sshd[14791]: Failed password for root from 183.129.154.138 port 21315 ssh2
Dec 17 02:06:35 LabSZ sshd[14791]: Connection closed by 183.129.154.138 [preauth]
Dec 17 02:06:35 LabSZ sshd[14787]: Received disconnect from 185.165.29.62: 11: Bye Bye [preauth]
Dec 17 02:06:35 LabSZ sshd[14795]: pam_unix(sshd:auth): authentication failure; logname= uid=0 euid=0 tty=ssh ruser= rhost=183.129.154.138  user=root
Dec 17 02:06:36 LabSZ sshd[14793]: Failed password for root from 122.70.145.45 port 57071 ssh2
Dec 17 02:06:36 LabSZ sshd[14793]: Received disconnect from 122.70.145.45: 11: Bye Bye [preauth]
Dec 17 02:06:36 LabSZ sshd[14799]: pam_unix(sshd:auth): authentication failure; logname= uid=0 euid=0 tty=ssh ruser= rhost=122.70.145.45  user=root
Dec 17 02:06:37 LabSZ sshd[14795]: Failed password for root from 183.129.154.138 port 53008 ssh2
Dec 17 02:06:37 LabSZ sshd[14795]: Connection closed by 183.129.154.138 [preauth]
Dec 17 02:06:37 LabSZ sshd[14801]: pam_unix(sshd:auth): authentication failure; logname= uid=0 euid=0 tty=ssh ruser= rhost=183.129.154.138  user=root
Dec 17 02:06:38 LabSZ sshd[14797]: pam_unix(sshd:auth): authentication failure; logname= uid=0 euid=0 tty=ssh ruser= rhost=185.165.29.62  user=root
Dec 17 02:06:38 LabSZ sshd[14799]: Failed password for root from 122.70.145.45 port 33576 ssh2
Dec 17 02:06:38 LabSZ sshd[14799]: Received disconnect from 122.70.145.45: 11: Bye Bye [preauth]
Dec 17 02:06:39 LabSZ sshd[14803]: pam_unix(sshd:auth): authentication failure; logname= uid=0 euid=0 tty=ssh ruser= rhost=122.70.145.45  user=root
Dec 17 02:06:39 LabSZ sshd[14801]: Failed password for root from 183.129.154.138 port 53164 ssh2
Dec 17 02:06:39 LabSZ sshd[14801]: Connection closed by 183.129.154.138 [preauth]
Dec 17 02:06:39 LabSZ sshd[14805]: pam_unix(sshd:auth): authentication failure; logname= uid=0 euid=0 tty=ssh ruser= rhost=183.129.154.138  user=root
Dec 17 02:06:40 LabSZ sshd[14797]: Failed password for root from 185.165.29.62 port 36998 ssh2
Dec 17 02:06:40 LabSZ sshd[14797]: Received disconnect from 185.165.29.62: 11: Bye Bye [preauth]
Dec 17 02:06:41 LabSZ sshd[14803]: Failed password for root from 122.70.145.45 port 39714 ssh2
Dec 17 02:06:41 LabSZ sshd[14803]: Received disconnect from 122.70.145.45: 11: Bye Bye [preauth]
Dec 17 02:06:41 LabSZ sshd[14805]: Failed password for root from 183.129.154.138 port 53426 ssh2
Dec 17 02:06:41 LabSZ sshd[14805]: Connection closed by 183.129.154.138 [preauth]
Dec 17 02:06:41 LabSZ sshd[14808]: pam_unix(sshd:auth): authentication failure; logname= uid=0 euid=0 tty=ssh ruser= rhost=122.70.145.45  user=root
Dec 17 02:06:41 LabSZ sshd[14811]: pam_unix(sshd:auth): authentication failure; logname= uid=0 euid=0 tty=ssh ruser= rhost=183.129.154.138  user=root
Dec 17 02:06:43 LabSZ sshd[14807]: pam_unix(sshd:auth): authentication failure; logname= uid=0 euid=0 tty=ssh ruser= rhost=185.165.29.62  user=root
Dec 17 02:06:43 LabSZ sshd[14808]: Failed password for root from 122.70.145.45 port 45161 ssh2
Dec 17 02:06:43 LabSZ sshd[14808]: Received disconnect from 122.70.145.45: 11: Bye Bye [preauth]
Dec 17 02:06:43 LabSZ sshd[14811]: Failed password for root from 183.129.154.138 port 53666 ssh2
Dec 17 02:06:43 LabSZ sshd[14811]: Connection closed by 183.129.154.138 [preauth]
Dec 17 02:06:44 LabSZ sshd[14813]: pam_unix(sshd:auth): authentication failure; logname= uid=0 euid=0 tty=ssh ruser= rhost=122.70.145.45  user=root
Dec 17 02:06:44 LabSZ sshd[14815]: pam_unix(sshd:auth): authentication failure; logname= uid=0 euid=0 tty=ssh ruser= rhost=183.129.154.138  user=root
Dec 17 02:06:45 LabSZ sshd[14807]: Failed password for root from 185.165.29.62 port 40817 ssh2
Dec 17 02:06:46 LabSZ sshd[14807]: Received disconnect from 185.165.29.62: 11: Bye Bye [preauth]
Dec 17 02:06:46 LabSZ sshd[14813]: Failed password for root from 122.70.145.45 port 51218 ssh2
Dec 17 02:06:46 LabSZ sshd[14815]: Failed password for root from 183.129.154.138 port 53944 ssh2
Dec 17 02:06:46 LabSZ sshd[14813]: Received disconnect from 122.70.145.45: 11: Bye Bye [preauth]
Dec 17 02:06:46 LabSZ sshd[14815]: Connection closed by 183.129.154.138 [preauth]
Dec 17 02:06:46 LabSZ sshd[14818]: pam_unix(sshd:auth): authentication failure; logname= uid=0 euid=0 tty=ssh ruser= rhost=183.129.154.138  user=root
Dec 17 02:06:46 LabSZ sshd[14817]: pam_unix(sshd:auth): authentication failure; logname= uid=0 euid=0 tty=ssh ruser= rhost=122.70.145.45  user=root
Dec 17 02:06:47 LabSZ sshd[14818]: Failed password for root from 183.129.154.138 port 54178 ssh2
Dec 17 02:06:48 LabSZ sshd[14818]: Connection closed by 183.129.154.138 [preauth]
Dec 17 02:06:48 LabSZ sshd[14817]: Failed password for root from 122.70.145.45 port 57270 ssh2
Dec 17 02:06:48 LabSZ sshd[14817]: Received disconnect from 122.70.145.45: 11: Bye Bye [preauth]
Dec 17 02:06:48 LabSZ sshd[14823]: pam_unix(sshd:auth): authentication failure; logname= uid=0 euid=0 tty=ssh ruser= rhost=183.129.154.138  user=root
Dec 17 02:06:48 LabSZ sshd[14825]: pam_unix(sshd:auth): authentication failure; logname= uid=0 euid=0 tty=ssh ruser= rhost=122.70.145.45  user=root
Dec 17 02:06:48 LabSZ sshd[14821]: pam_unix(sshd:auth): authentication failure; logname= uid=0 euid=0 tty=ssh ruser= rhost=185.165.29.62  user=root
Dec 17 02:06:50 LabSZ sshd[14823]: Failed password for root from 183.129.154.138 port 54344 ssh2
Dec 17 02:06:50 LabSZ sshd[14823]: Connection closed by 183.129.154.138 [preauth]
