Jan  4 09:15:55 LabSZ sshd[25484]: Failed password for root from 218.87.109.156 port 48144 ssh2
Jan  4 09:15:57 LabSZ sshd[25482]: message repeated 5 times: [ Failed password for root from 182.100.67.52 port 44846 ssh2]
Jan  4 09:15:57 LabSZ sshd[25482]: Disconnecting: Too many authentication failures for root [preauth]
Jan  4 09:15:57 LabSZ sshd[25482]: PAM 5 more authentication failures; logname= uid=0 euid=0 tty=ssh ruser= rhost=182.100.67.52  user=root
Jan  4 09:15:57 LabSZ sshd[25482]: PAM service(sshd) ignoring max retries; 6 > 3
Jan  4 09:15:59 LabSZ sshd[25490]: pam_unix(sshd:auth): authentication failure; logname= uid=0 euid=0 tty=ssh ruser= rhost=182.100.67.52  user=root
Jan  4 09:16:01 LabSZ sshd[25490]: Failed password for root from 182.100.67.52 port 16728 ssh2
Jan  4 09:16:04 LabSZ sshd[25488]: message repeated 5 times: [ Failed password for root from 59.63.188.30 port 23178 ssh2]
Jan  4 09:16:04 LabSZ sshd[25488]: Disconnecting: Too many authentication failures for root [preauth]
Jan  4 09:16:04 LabSZ sshd[25488]: PAM 5 more authentication failures; logname= uid=0 euid=0 tty=ssh ruser= rhost=59.63.188.30  user=root
Jan  4 09:16:04 LabSZ sshd[25488]: PAM service(sshd) ignoring max retries; 6 > 3
Jan  4 09:16:05 LabSZ sshd[25486]: message repeated 5 times: [ Failed password for root from 59.63.188.30 port 22824 ssh2]
Jan  4 09:16:05 LabSZ sshd[25486]: Disconnecting: Too many authentication failures for root [preauth]
Jan  4 09:16:05 LabSZ sshd[25486]: PAM 5 more authentication failures; logname= uid=0 euid=0 tty=ssh ruser= rhost=59.63.188.30  user=root
Jan  4 09:16:05 LabSZ sshd[25486]: PAM service(sshd) ignoring max retries; 6 > 3
Jan  4 09:16:05 LabSZ sshd[25492]: pam_unix(sshd:auth): authentication failure; logname= uid=0 euid=0 tty=ssh ruser= rhost=59.63.188.30  user=root
Jan  4 09:16:06 LabSZ sshd[25494]: pam_unix(sshd:auth): authentication failure; logname= uid=0 euid=0 tty=ssh ruser= rhost=59.63.188.30  user=root
Jan  4 09:16:07 LabSZ sshd[25484]: message repeated 5 times: [ Failed password for root from 218.87.109.156 port 48144 ssh2]
Jan  4 09:16:07 LabSZ sshd[25484]: Disconnecting: Too many authentication failures for root [preauth]
Jan  4 09:16:07 LabSZ sshd[25484]: PAM 5 more authentication failures; logname= uid=0 euid=0 tty=ssh ruser= rhost=218.87.109.156  user=root
Jan  4 09:16:07 LabSZ sshd[25484]: PAM service(sshd) ignoring max retries; 6 > 3
Jan  4 09:16:08 LabSZ sshd[25492]: Failed password for root from 59.63.188.30 port 42655 ssh2
Jan  4 09:16:09 LabSZ sshd[25494]: Failed password for root from 59.63.188.30 port 43252 ssh2
Jan  4 09:16:14 LabSZ sshd[25496]: pam_unix(sshd:auth): authentication failure; logname= uid=0 euid=0 tty=ssh ruser= rhost=218.87.109.156  user=root
Jan  4 09:16:14 LabSZ sshd[25490]: message repeated 5 times: [ Failed password for root from 182.100.67.52 port 16728 ssh2]
Jan  4 09:16:14 LabSZ sshd[25490]: Disconnecting: Too many authentication failures for root [preauth]
Jan  4 09:16:14 LabSZ sshd[25490]: PAM 5 more authentication failures; logname= uid=0 euid=0 tty=ssh ruser= rhost=182.100.67.52  user=root
Jan  4 09:16:14 LabSZ sshd[25490]: PAM service(sshd) ignoring max retries; 6 > 3
Jan  4 09:16:15 LabSZ sshd[25496]: Failed password for root from 218.87.109.156 port 35262 ssh2
Jan  4 09:16:21 LabSZ sshd[25492]: message repeated 5 times: [ Failed password for root from 59.63.188.30 port 42655 ssh2]
Jan  4 09:16:21 LabSZ sshd[25492]: Disconnecting: Too many authentication failures for root [preauth]
Jan  4 09:16:21 LabSZ sshd[25492]: PAM 5 more authentication failures; logname= uid=0 euid=0 tty=ssh ruser= rhost=59.63.188.30  user=root
Jan  4 09:16:21 LabSZ sshd[25492]: PAM service(sshd) ignoring max retries; 6 > 3
Jan  4 09:16:22 LabSZ sshd[25498]: pam_unix(sshd:auth): authentication failure; logname= uid=0 euid=0 tty=ssh ruser= rhost=59.63.188.30  user=root
Jan  4 09:16:22 LabSZ sshd[25494]: message repeated 5 times: [ Failed password for root from 59.63.188.30 port 43252 ssh2]
Jan  4 09:16:22 LabSZ sshd[25494]: Disconnecting: Too many authentication failures for root [preauth]
Jan  4 09:16:22 LabSZ sshd[25494]: PAM 5 more authentication failures; logname= uid=0 euid=0 tty=ssh ruser= rhost=59.63.188.30  user=root
Jan  4 09:16:22 LabSZ sshd[25494]: PAM service(sshd) ignoring max retries; 6 > 3
Jan  4 09:16:24 LabSZ sshd[25500]: pam_unix(sshd:auth): authentication failure; logname= uid=0 euid=0 tty=ssh ruser= rhost=59.63.188.30  user=root
Jan  4 09:16:24 LabSZ sshd[25498]: Failed password for root from 59.63.188.30 port 64328 ssh2
Jan  4 09:16:25 LabSZ sshd[25500]: Failed password for root from 59.63.188.30 port 64922 ssh2
Jan  4 09:16:28 LabSZ sshd[25496]: message repeated 5 times: [ Failed password for root from 218.87.109.156 port 35262 ssh2]
Jan  4 09:16:28 LabSZ sshd[25496]: Disconnecting: Too many authentication failures for root [preauth]
Jan  4 09:16:28 LabSZ sshd[25496]: PAM 5 more authentication failures; logname= uid=0 euid=0 tty=ssh ruser= rhost=218.87.109.156  user=root
Jan  4 09:16:28 LabSZ sshd[25496]: PAM service(sshd) ignoring max retries; 6 > 3
Jan  4 09:16:35 LabSZ sshd[25502]: pam_unix(sshd:auth): authentication failure; logname= uid=0 euid=0 tty=ssh ruser= rhost=218.87.109.156  user=root
Jan  4 09:16:36 LabSZ sshd[25502]: Failed password for root from 218.87.109.156 port 16192 ssh2
Jan  4 09:16:38 LabSZ sshd[25500]: message repeated 5 times: [ Failed password for root from 59.63.188.30 port 64922 ssh2]
Jan  4 09:16:38 LabSZ sshd[25500]: Disconnecting: Too many authentication failures for root [preauth]
Jan  4 09:16:38 LabSZ sshd[25500]: PAM 5 more authentication failures; logname= uid=0 euid=0 tty=ssh ruser= rhost=59.63.188.30  user=root
Jan  4 09:16:38 LabSZ sshd[25500]: PAM service(sshd) ignoring max retries; 6 > 3
Jan  4 09:16:38 LabSZ sshd[25498]: message repeated 5 times: [ Failed password for root from 59.63.188.30 port 64328 ssh2]
Jan  4 09:16:38 LabSZ sshd[25498]: Disconnecting: Too many authentication failures for root [preauth]
Jan  4 09:16:38 LabSZ sshd[25498]: PAM 5 more authentication failures; logname= uid=0 euid=0 tty=ssh ruser= rhost=59.63.188.30  user=root
Jan  4 09:16:38 LabSZ sshd[25498]: PAM service(sshd) ignoring max retries; 6 > 3
Jan  4 09:16:43 LabSZ sshd[25506]: pam_unix(sshd:auth): authentication failure; logname= uid=0 euid=0 tty=ssh ruser= rhost=59.63.188.30  user=root
Jan  4 09:16:43 LabSZ sshd[25504]: pam_unix(sshd:auth): authentication failure; logname= uid=0 euid=0 tty=ssh ruser= rhost=59.63.188.30  user=root
Jan  4 09:16:45 LabSZ sshd[25506]: Failed password for root from 59.63.188.30 port 18763 ssh2
Jan  4 09:16:46 LabSZ sshd[25504]: Failed password for root from 59.63.188.30 port 18299 ssh2
Jan  4 09:16:49 LabSZ sshd[25502]: message repeated 5 times: [ Failed password for root from 218.87.109.156 port 16192 ssh2]
Jan  4 09:16:49 LabSZ sshd[25502]: Disconnecting: Too many authentication failures for root [preauth]
Jan  4 09:16:49 LabSZ sshd[25502]: PAM 5 more authentication failures; logname= uid=0 euid=0 tty=ssh ruser= rhost=218.87.109.156  user=root
Jan  4 09:16:49 LabSZ sshd[25502]: PAM service(sshd) ignoring max retries; 6 > 3
Jan  4 09:16:57 LabSZ sshd[25508]: pam_unix(sshd:auth): authentication failure; logname= uid=0 euid=0 tty=ssh ruser= rhost=218.87.109.156  user=root
Jan  4 09:16:59 LabSZ sshd[25506]: message repeated 5 times: [ Failed password for root from 59.63.188.30 port 18763 ssh2]
Jan  4 09:16:59 LabSZ sshd[25506]: Disconnecting: Too many authentication failures for root [preauth]
Jan  4 09:16:59 LabSZ sshd[25506]: PAM 5 more authentication failures; logname= uid=0 euid=0 tty=ssh ruser= rhost=59.63.188.30  user=root
Jan  4 09:16:59 LabSZ sshd[25506]: PAM service(sshd) ignoring max retries; 6 > 3
Jan  4 09:16:59 LabSZ sshd[25504]: message repeated 5 times: [ Failed password for root from 59.63.188.30 port 18299 ssh2]
Jan  4 09:16:59 LabSZ sshd[25504]: Disconnecting: Too many authentication failures for root [preauth]
Jan  4 09:16:59 LabSZ sshd[25504]: PAM 5 more authentication failures; logname= uid=0 euid=0 tty=ssh ruser= rhost=59.63.188.30  user=root
Jan  4 09:16:59 LabSZ sshd[25504]: PAM service(sshd) ignoring max retries; 6 > 3
Jan  4 09:16:59 LabSZ sshd[25508]: Failed password for root from 218.87.109.156 port 60796 ssh2
Jan  4 09:17:00 LabSZ sshd[25510]: pam_unix(sshd:auth): authentication failure; logname= uid=0 euid=0 tty=ssh ruser= rhost=59.63.188.30  user=root
Jan  4 09:17:00 LabSZ sshd[25512]: pam_unix(sshd:auth): authentication failure; logname= uid=0 euid=0 tty=ssh ruser= rhost=59.63.188.30  user=root
Jan  4 09:17:02 LabSZ sshd[25510]: Failed password for root from 59.63.188.30 port 35265 ssh2
Jan  4 09:17:02 LabSZ sshd[25512]: Failed password for root from 59.63.188.30 port 35332 ssh2
Jan  4 09:17:10 LabSZ sshd[25517]: pam_unix(sshd:auth): authentication failure; logname= uid=0 euid=0 tty=ssh ruser= rhost=182.100.67.52  user=root
Jan  4 09:17:11 LabSZ sshd[25508]: message repeated 5 times: [ Failed password for root from 218.87.109.156 port 60796 ssh2]
Jan  4 09:17:11 LabSZ sshd[25508]: Disconnecting: Too many authentication failures for root [preauth]
Jan  4 09:17:11 LabSZ sshd[25508]: PAM 5 more authentication failures; logname= uid=0 euid=0 tty=ssh ruser= rhost=218.87.109.156  user=root
Jan  4 09:17:11 LabSZ sshd[25508]: PAM service(sshd) ignoring max retries; 6 > 3
Jan  4 09:17:12 LabSZ sshd[25517]: Failed password for root from 182.100.67.52 port 47772 ssh2
Jan  4 09:17:13 LabSZ sshd[25521]: Did not receive identification string from 103.207.36.21
Jan  4 09:17:14 LabSZ sshd[25512]: message repeated 5 times: [ Failed password for root from 59.63.188.30 port 35332 ssh2]
Jan  4 09:17:14 LabSZ sshd[25512]: Disconnecting: Too many authentication failures for root [preauth]
Jan  4 09:17:14 LabSZ sshd[25512]: PAM 5 more authentication failures; logname= uid=0 euid=0 tty=ssh ruser= rhost=59.63.188.30  user=root
Jan  4 09:17:14 LabSZ sshd[25512]: PAM service(sshd) ignoring max retries; 6 > 3
Jan  4 09:17:16 LabSZ sshd[25519]: pam_unix(sshd:auth): authentication failure; logname= uid=0 euid=0 tty=ssh ruser= rhost=218.87.109.156  user=root
Jan  4 09:17:16 LabSZ sshd[25523]: pam_unix(sshd:auth): authentication failure; logname= uid=0 euid=0 tty=ssh ruser= rhost=59.63.188.30  user=root
Jan  4 09:17:18 LabSZ sshd[25519]: Failed password for root from 218.87.109.156 port 45282 ssh2
Jan  4 09:17:18 LabSZ sshd[25523]: Failed password for root from 59.63.188.30 port 55551 ssh2
Jan  4 09:17:19 LabSZ sshd[25522]: Invalid user support from 103.207.36.21
Jan  4 09:17:19 LabSZ sshd[25522]: input_userauth_request: invalid user support [preauth]
Jan  4 09:17:19 LabSZ sshd[25522]: pam_unix(sshd:auth): check pass; user unknown
Jan  4 09:17:19 LabSZ sshd[25522]: pam_unix(sshd:auth): authentication failure; logname= uid=0 euid=0 tty=ssh ruser= rhost=103.207.36.21 
Jan  4 09:17:19 LabSZ sshd[25510]: message repeated 5 times: [ Failed password for root from 59.63.188.30 port 35265 ssh2]
Jan  4 09:17:19 LabSZ sshd[25510]: Disconnecting: Too many authentication failures for root [preauth]
Jan  4 09:17:19 LabSZ sshd[25510]: PAM 5 more authentication failures; logname= uid=0 euid=0 tty=ssh ruser= rhost=59.63.188.30  user=root
Jan  4 09:17:19 LabSZ sshd[25510]: PAM service(sshd) ignoring max retries; 6 > 3
