Jan  1 17:32:25 LabSZ sshd[10581]: pam_unix(sshd:auth): check pass; user unknown
Jan  1 17:32:26 LabSZ sshd[10585]: Failed password for root from 218.65.30.30 port 55084 ssh2
Jan  1 17:32:26 LabSZ sshd[10581]: Failed password for invalid user ubnt from 188.170.109.26 port 60347 ssh2
Jan  1 17:32:27 LabSZ sshd[10581]: pam_unix(sshd:auth): check pass; user unknown
Jan  1 17:32:28 LabSZ sshd[10581]: Failed password for invalid user ubnt from 188.170.109.26 port 60347 ssh2
Jan  1 17:32:29 LabSZ sshd[10581]: pam_unix(sshd:auth): check pass; user unknown
Jan  1 17:32:30 LabSZ sshd[10581]: Failed password for invalid user ubnt from 188.170.109.26 port 60347 ssh2
Jan  1 17:32:30 LabSZ sshd[10581]: Disconnecting: Too many authentication failures for ubnt [preauth]
Jan  1 17:32:30 LabSZ sshd[10581]: PAM 5 more authentication failures; logname= uid=0 euid=0 tty=ssh ruser= rhost=188.170.109.26 
Jan  1 17:32:30 LabSZ sshd[10581]: PAM service(sshd) ignoring max retries; 6 > 3
Jan  1 17:32:35 LabSZ sshd[10583]: message repeated 5 times: [ Failed password for root from 58.242.83.25 port 60081 ssh2]
Jan  1 17:32:35 LabSZ sshd[10583]: Disconnecting: Too many authentication failures for root [preauth]
Jan  1 17:32:35 LabSZ sshd[10583]: PAM 5 more authentication failures; logname= uid=0 euid=0 tty=ssh ruser= rhost=58.242.83.25  user=root
Jan  1 17:32:35 LabSZ sshd[10583]: PAM service(sshd) ignoring max retries; 6 > 3
Jan  1 17:32:38 LabSZ sshd[10585]: message repeated 5 times: [ Failed password for root from 218.65.30.30 port 55084 ssh2]
Jan  1 17:32:38 LabSZ sshd[10585]: Disconnecting: Too many authentication failures for root [preauth]
Jan  1 17:32:38 LabSZ sshd[10585]: PAM 5 more authentication failures; logname= uid=0 euid=0 tty=ssh ruser= rhost=218.65.30.30  user=root
Jan  1 17:32:38 LabSZ sshd[10585]: PAM service(sshd) ignoring max retries; 6 > 3
Jan  1 17:32:40 LabSZ sshd[10587]: reverse mapping checking getaddrinfo for 30.30.65.218.broad.xy.jx.dynamic.163data.com.cn [218.65.30.30] failed - POSSIBLE BREAK-IN ATTEMPT!
Jan  1 17:32:40 LabSZ sshd[10587]: pam_unix(sshd:auth): authentication failure; logname= uid=0 euid=0 tty=ssh ruser= rhost=218.65.30.30  user=root
Jan  1 17:32:40 LabSZ sshd[10589]: pam_unix(sshd:auth): authentication failure; logname= uid=0 euid=0 tty=ssh ruser= rhost=58.242.83.25  user=root
Jan  1 17:32:42 LabSZ sshd[10587]: Failed password for root from 218.65.30.30 port 27038 ssh2
Jan  1 17:32:42 LabSZ sshd[10589]: Failed password for root from 58.242.83.25 port 16293 ssh2
Jan  1 17:32:53 LabSZ sshd[10587]: message repeated 5 times: [ Failed password for root from 218.65.30.30 port 27038 ssh2]
Jan  1 17:32:53 LabSZ sshd[10587]: Disconnecting: Too many authentication failures for root [preauth]
Jan  1 17:32:53 LabSZ sshd[10587]: PAM 5 more authentication failures; logname= uid=0 euid=0 tty=ssh ruser= rhost=218.65.30.30  user=root
Jan  1 17:32:53 LabSZ sshd[10587]: PAM service(sshd) ignoring max retries; 6 > 3
Jan  1 17:32:56 LabSZ sshd[10591]: reverse mapping checking getaddrinfo for 30.30.65.218.broad.xy.jx.dynamic.163data.com.cn [218.65.30.30] failed - POSSIBLE BREAK-IN ATTEMPT!
Jan  1 17:32:56 LabSZ sshd[10591]: pam_unix(sshd:auth): authentication failure; logname= uid=0 euid=0 tty=ssh ruser= rhost=218.65.30.30  user=root
Jan  1 17:32:57 LabSZ sshd[10589]: message repeated 5 times: [ Failed password for root from 58.242.83.25 port 16293 ssh2]
Jan  1 17:32:57 LabSZ sshd[10589]: Disconnecting: Too many authentication failures for root [preauth]
Jan  1 17:32:57 LabSZ sshd[10589]: PAM 5 more authentication failures; logname= uid=0 euid=0 tty=ssh ruser= rhost=58.242.83.25  user=root
Jan  1 17:32:57 LabSZ sshd[10589]: PAM service(sshd) ignoring max retries; 6 > 3
Jan  1 17:32:58 LabSZ sshd[10591]: Failed password for root from 218.65.30.30 port 63252 ssh2
Jan  1 17:32:58 LabSZ sshd[10593]: pam_unix(sshd:auth): authentication failure; logname= uid=0 euid=0 tty=ssh ruser= rhost=58.242.83.25  user=root
Jan  1 17:33:00 LabSZ sshd[10593]: Failed password for root from 58.242.83.25 port 45724 ssh2
Jan  1 17:33:11 LabSZ sshd[10591]: message repeated 5 times: [ Failed password for root from 218.65.30.30 port 63252 ssh2]
Jan  1 17:33:11 LabSZ sshd[10591]: Disconnecting: Too many authentication failures for root [preauth]
Jan  1 17:33:11 LabSZ sshd[10591]: PAM 5 more authentication failures; logname= uid=0 euid=0 tty=ssh ruser= rhost=218.65.30.30  user=root
Jan  1 17:33:11 LabSZ sshd[10591]: PAM service(sshd) ignoring max retries; 6 > 3
Jan  1 17:33:12 LabSZ sshd[10595]: reverse mapping checking getaddrinfo for 30.30.65.218.broad.xy.jx.dynamic.163data.com.cn [218.65.30.30] failed - POSSIBLE BREAK-IN ATTEMPT!
Jan  1 17:33:12 LabSZ sshd[10595]: pam_unix(sshd:auth): authentication failure; logname= uid=0 euid=0 tty=ssh ruser= rhost=218.65.30.30  user=root
Jan  1 17:33:13 LabSZ sshd[10593]: message repeated 5 times: [ Failed password for root from 58.242.83.25 port 45724 ssh2]
Jan  1 17:33:13 LabSZ sshd[10593]: Disconnecting: Too many authentication failures for root [preauth]
Jan  1 17:33:13 LabSZ sshd[10593]: PAM 5 more authentication failures; logname= uid=0 euid=0 tty=ssh ruser= rhost=58.242.83.25  user=root
Jan  1 17:33:13 LabSZ sshd[10593]: PAM service(sshd) ignoring max retries; 6 > 3
Jan  1 17:33:14 LabSZ sshd[10595]: Failed password for root from 218.65.30.30 port 38998 ssh2
Jan  1 17:33:14 LabSZ sshd[10597]: pam_unix(sshd:auth): authentication failure; logname= uid=0 euid=0 tty=ssh ruser= rhost=58.242.83.25  user=root
Jan  1 17:33:16 LabSZ sshd[10597]: Failed password for root from 58.242.83.25 port 2598 ssh2
Jan  1 17:33:27 LabSZ sshd[10595]: message repeated 5 times: [ Failed password for root from 218.65.30.30 port 38998 ssh2]
Jan  1 17:33:27 LabSZ sshd[10595]: Disconnecting: Too many authentication failures for root [preauth]
Jan  1 17:33:27 LabSZ sshd[10595]: PAM 5 more authentication failures; logname= uid=0 euid=0 tty=ssh ruser= rhost=218.65.30.30  user=root
Jan  1 17:33:27 LabSZ sshd[10595]: PAM service(sshd) ignoring max retries; 6 > 3
Jan  1 17:33:27 LabSZ sshd[10597]: message repeated 5 times: [ Failed password for root from 58.242.83.25 port 2598 ssh2]
Jan  1 17:33:27 LabSZ sshd[10597]: Disconnecting: Too many authentication failures for root [preauth]
Jan  1 17:33:27 LabSZ sshd[10597]: PAM 5 more authentication failures; logname= uid=0 euid=0 tty=ssh ruser= rhost=58.242.83.25  user=root
Jan  1 17:33:27 LabSZ sshd[10597]: PAM service(sshd) ignoring max retries; 6 > 3
Jan  1 17:33:28 LabSZ sshd[10599]: pam_unix(sshd:auth): authentication failure; logname= uid=0 euid=0 tty=ssh ruser= rhost=58.242.83.25  user=root
Jan  1 17:33:29 LabSZ sshd[10601]: reverse mapping checking getaddrinfo for 30.30.65.218.broad.xy.jx.dynamic.163data.com.cn [218.65.30.30] failed - POSSIBLE BREAK-IN ATTEMPT!
Jan  1 17:33:29 LabSZ sshd[10601]: pam_unix(sshd:auth): authentication failure; logname= uid=0 euid=0 tty=ssh ruser= rhost=218.65.30.30  user=root
Jan  1 17:33:30 LabSZ sshd[10599]: Failed password for root from 58.242.83.25 port 22089 ssh2
Jan  1 17:33:31 LabSZ sshd[10601]: Failed password for root from 218.65.30.30 port 12754 ssh2
Jan  1 17:33:42 LabSZ sshd[10599]: message repeated 5 times: [ Failed password for root from 58.242.83.25 port 22089 ssh2]
Jan  1 17:33:42 LabSZ sshd[10599]: Disconnecting: Too many authentication failures for root [preauth]
Jan  1 17:33:42 LabSZ sshd[10599]: PAM 5 more authentication failures; logname= uid=0 euid=0 tty=ssh ruser= rhost=58.242.83.25  user=root
Jan  1 17:33:42 LabSZ sshd[10599]: PAM service(sshd) ignoring max retries; 6 > 3
Jan  1 17:33:43 LabSZ sshd[10601]: message repeated 5 times: [ Failed password for root from 218.65.30.30 port 12754 ssh2]
Jan  1 17:33:43 LabSZ sshd[10601]: Disconnecting: Too many authentication failures for root [preauth]
Jan  1 17:33:43 LabSZ sshd[10601]: PAM 5 more authentication failures; logname= uid=0 euid=0 tty=ssh ruser= rhost=218.65.30.30  user=root
Jan  1 17:33:43 LabSZ sshd[10601]: PAM service(sshd) ignoring max retries; 6 > 3
Jan  1 17:33:43 LabSZ sshd[10603]: pam_unix(sshd:auth): authentication failure; logname= uid=0 euid=0 tty=ssh ruser= rhost=58.242.83.25  user=root
Jan  1 17:33:44 LabSZ sshd[10605]: reverse mapping checking getaddrinfo for 30.30.65.218.broad.xy.jx.dynamic.163data.com.cn [218.65.30.30] failed - POSSIBLE BREAK-IN ATTEMPT!
Jan  1 17:33:44 LabSZ sshd[10605]: pam_unix(sshd:auth): authentication failure; logname= uid=0 euid=0 tty=ssh ruser= rhost=218.65.30.30  user=root
Jan  1 17:33:46 LabSZ sshd[10603]: Failed password for root from 58.242.83.25 port 41338 ssh2
Jan  1 17:33:46 LabSZ sshd[10605]: Failed password for root from 218.65.30.30 port 50090 ssh2
Jan  1 17:33:58 LabSZ sshd[10603]: message repeated 5 times: [ Failed password for root from 58.242.83.25 port 41338 ssh2]
Jan  1 17:33:58 LabSZ sshd[10603]: Disconnecting: Too many authentication failures for root [preauth]
Jan  1 17:33:58 LabSZ sshd[10603]: PAM 5 more authentication failures; logname= uid=0 euid=0 tty=ssh ruser= rhost=58.242.83.25  user=root
Jan  1 17:33:58 LabSZ sshd[10603]: PAM service(sshd) ignoring max retries; 6 > 3
Jan  1 17:33:59 LabSZ sshd[10605]: message repeated 5 times: [ Failed password for root from 218.65.30.30 port 50090 ssh2]
Jan  1 17:33:59 LabSZ sshd[10605]: Disconnecting: Too many authentication failures for root [preauth]
Jan  1 17:33:59 LabSZ sshd[10605]: PAM 5 more authentication failures; logname= uid=0 euid=0 tty=ssh ruser= rhost=218.65.30.30  user=root
Jan  1 17:33:59 LabSZ sshd[10605]: PAM service(sshd) ignoring max retries; 6 > 3
Jan  1 17:34:00 LabSZ sshd[10607]: pam_unix(sshd:auth): authentication failure; logname= uid=0 euid=0 tty=ssh ruser= rhost=58.242.83.25  user=root
Jan  1 17:34:02 LabSZ sshd[10607]: Failed password for root from 58.242.83.25 port 63523 ssh2
Jan  1 17:34:03 LabSZ sshd[10609]: reverse mapping checking getaddrinfo for 30.30.65.218.broad.xy.jx.dynamic.163data.com.cn [218.65.30.30] failed - POSSIBLE BREAK-IN ATTEMPT!
Jan  1 17:34:03 LabSZ sshd[10609]: pam_unix(sshd:auth): authentication failure; logname= uid=0 euid=0 tty=ssh ruser= rhost=218.65.30.30  user=root
Jan  1 17:34:05 LabSZ sshd[10609]: Failed password for root from 218.65.30.30 port 22564 ssh2
Jan  1 17:34:14 LabSZ sshd[10607]: message repeated 5 times: [ Failed password for root from 58.242.83.25 port 63523 ssh2]
Jan  1 17:34:14 LabSZ sshd[10607]: Disconnecting: Too many authentication failures for root [preauth]
Jan  1 17:34:14 LabSZ sshd[10607]: PAM 5 more authentication failures; logname= uid=0 euid=0 tty=ssh ruser= rhost=58.242.83.25  user=root
Jan  1 17:34:14 LabSZ sshd[10607]: PAM service(sshd) ignoring max retries; 6 > 3
Jan  1 17:34:15 LabSZ sshd[10611]: pam_unix(sshd:auth): authentication failure; logname= uid=0 euid=0 tty=ssh ruser= rhost=58.242.83.25  user=root
Jan  1 17:34:17 LabSZ sshd[10611]: Failed password for root from 58.242.83.25 port 20428 ssh2
Jan  1 17:34:18 LabSZ sshd[10609]: message repeated 5 times: [ Failed password for root from 218.65.30.30 port 22564 ssh2]
Jan  1 17:34:18 LabSZ sshd[10609]: Disconnecting: Too many authentication failures for root [preauth]
Jan  1 17:34:18 LabSZ sshd[10609]: PAM 5 more authentication failures; logname= uid=0 euid=0 tty=ssh ruser= rhost=218.65.30.30  user=root
Jan  1 17:34:18 LabSZ sshd[10609]: PAM service(sshd) ignoring max retries; 6 > 3
Jan  1 17:34:20 LabSZ sshd[10613]: reverse mapping checking getaddrinfo for 30.30.65.218.broad.xy.jx.dynamic.163data.com.cn [218.65.30.30] failed - POSSIBLE BREAK-IN ATTEMPT!
Jan  1 17:34:20 LabSZ sshd[10613]: pam_unix(sshd:auth): authentication failure; logname= uid=0 euid=0 tty=ssh ruser= rhost=218.65.30.30  user=root
