Jan  4 07:43:55 LabSZ sshd[23061]: Invalid user pi from 179.167.112.99
Jan  4 07:43:55 LabSZ sshd[23061]: input_userauth_request: invalid user pi [preauth]
Jan  4 07:43:56 LabSZ sshd[23061]: pam_unix(sshd:auth): check pass; user unknown
Jan  4 07:43:56 LabSZ sshd[23061]: pam_unix(sshd:auth): authentication failure; logname= uid=0 euid=0 tty=ssh ruser= rhost=179.167.112.99 
Jan  4 07:43:57 LabSZ sshd[23061]: Failed password for invalid user pi from 179.167.112.99 port 57161 ssh2
Jan  4 07:43:57 LabSZ sshd[23061]: Received disconnect from 179.167.112.99: 11: Bye Bye [preauth]
Jan  4 07:43:58 LabSZ sshd[23063]: pam_unix(sshd:auth): authentication failure; logname= uid=0 euid=0 tty=ssh ruser= rhost=218.87.109.156  user=root
Jan  4 07:43:59 LabSZ sshd[23053]: message repeated 5 times: [ Failed password for root from 182.100.67.52 port 6558 ssh2]
Jan  4 07:43:59 LabSZ sshd[23053]: Disconnecting: Too many authentication failures for root [preauth]
Jan  4 07:43:59 LabSZ sshd[23053]: PAM 5 more authentication failures; logname= uid=0 euid=0 tty=ssh ruser= rhost=182.100.67.52  user=root
Jan  4 07:43:59 LabSZ sshd[23053]: PAM service(sshd) ignoring max retries; 6 > 3
Jan  4 07:44:00 LabSZ sshd[23055]: message repeated 5 times: [ Failed password for root from 59.63.188.30 port 57697 ssh2]
Jan  4 07:44:00 LabSZ sshd[23055]: Disconnecting: Too many authentication failures for root [preauth]
Jan  4 07:44:00 LabSZ sshd[23055]: PAM 5 more authentication failures; logname= uid=0 euid=0 tty=ssh ruser= rhost=59.63.188.30  user=root
Jan  4 07:44:00 LabSZ sshd[23055]: PAM service(sshd) ignoring max retries; 6 > 3
Jan  4 07:44:00 LabSZ sshd[23063]: Failed password for root from 218.87.109.156 port 35608 ssh2
Jan  4 07:44:01 LabSZ sshd[23065]: reverse mapping checking getaddrinfo for 179-167-112-99.user.vivozap.com.br [179.167.112.99] failed - POSSIBLE BREAK-IN ATTEMPT!
Jan  4 07:44:01 LabSZ sshd[23065]: Invalid user user from 179.167.112.99
Jan  4 07:44:01 LabSZ sshd[23065]: input_userauth_request: invalid user user [preauth]
Jan  4 07:44:01 LabSZ sshd[23065]: pam_unix(sshd:auth): check pass; user unknown
Jan  4 07:44:01 LabSZ sshd[23065]: pam_unix(sshd:auth): authentication failure; logname= uid=0 euid=0 tty=ssh ruser= rhost=179.167.112.99 
Jan  4 07:44:01 LabSZ sshd[23069]: pam_unix(sshd:auth): authentication failure; logname= uid=0 euid=0 tty=ssh ruser= rhost=59.63.188.30  user=root
Jan  4 07:44:03 LabSZ sshd[23067]: pam_unix(sshd:auth): authentication failure; logname= uid=0 euid=0 tty=ssh ruser= rhost=182.100.67.52  user=root
Jan  4 07:44:03 LabSZ sshd[23065]: Failed password for invalid user user from 179.167.112.99 port 57162 ssh2
Jan  4 07:44:04 LabSZ sshd[23069]: Failed password for root from 59.63.188.30 port 13983 ssh2
Jan  4 07:44:04 LabSZ sshd[23065]: Received disconnect from 179.167.112.99: 11: Bye Bye [preauth]
Jan  4 07:44:04 LabSZ sshd[23067]: Failed password for root from 182.100.67.52 port 41274 ssh2
Jan  4 07:44:07 LabSZ sshd[23071]: reverse mapping checking getaddrinfo for 179-167-112-99.user.vivozap.com.br [179.167.112.99] failed - POSSIBLE BREAK-IN ATTEMPT!
Jan  4 07:44:07 LabSZ sshd[23071]: Invalid user guest from 179.167.112.99
Jan  4 07:44:07 LabSZ sshd[23071]: input_userauth_request: invalid user guest [preauth]
Jan  4 07:44:07 LabSZ sshd[23057]: message repeated 5 times: [ Failed password for root from 59.63.188.30 port 58630 ssh2]
Jan  4 07:44:07 LabSZ sshd[23057]: Disconnecting: Too many authentication failures for root [preauth]
Jan  4 07:44:07 LabSZ sshd[23057]: PAM 5 more authentication failures; logname= uid=0 euid=0 tty=ssh ruser= rhost=59.63.188.30  user=root
Jan  4 07:44:07 LabSZ sshd[23057]: PAM service(sshd) ignoring max retries; 6 > 3
Jan  4 07:44:08 LabSZ sshd[23071]: pam_unix(sshd:auth): check pass; user unknown
Jan  4 07:44:08 LabSZ sshd[23071]: pam_unix(sshd:auth): authentication failure; logname= uid=0 euid=0 tty=ssh ruser= rhost=179.167.112.99 
Jan  4 07:44:08 LabSZ sshd[23073]: pam_unix(sshd:auth): authentication failure; logname= uid=0 euid=0 tty=ssh ruser= rhost=59.63.188.30  user=root
Jan  4 07:44:09 LabSZ sshd[23071]: Failed password for invalid user guest from 179.167.112.99 port 57163 ssh2
Jan  4 07:44:09 LabSZ sshd[23071]: Received disconnect from 179.167.112.99: 11: Bye Bye [preauth]
Jan  4 07:44:10 LabSZ sshd[23073]: Failed password for root from 59.63.188.30 port 16538 ssh2
Jan  4 07:44:13 LabSZ sshd[23075]: reverse mapping checking getaddrinfo for 179-167-112-99.user.vivozap.com.br [179.167.112.99] failed - POSSIBLE BREAK-IN ATTEMPT!
Jan  4 07:44:13 LabSZ sshd[23075]: Invalid user test from 179.167.112.99
Jan  4 07:44:13 LabSZ sshd[23075]: input_userauth_request: invalid user test [preauth]
Jan  4 07:44:13 LabSZ sshd[23075]: pam_unix(sshd:auth): check pass; user unknown
Jan  4 07:44:13 LabSZ sshd[23075]: pam_unix(sshd:auth): authentication failure; logname= uid=0 euid=0 tty=ssh ruser= rhost=179.167.112.99 
Jan  4 07:44:15 LabSZ sshd[23069]: message repeated 5 times: [ Failed password for root from 59.63.188.30 port 13983 ssh2]
Jan  4 07:44:15 LabSZ sshd[23069]: Disconnecting: Too many authentication failures for root [preauth]
Jan  4 07:44:15 LabSZ sshd[23069]: PAM 5 more authentication failures; logname= uid=0 euid=0 tty=ssh ruser= rhost=59.63.188.30  user=root
Jan  4 07:44:15 LabSZ sshd[23069]: PAM service(sshd) ignoring max retries; 6 > 3
Jan  4 07:44:15 LabSZ sshd[23063]: message repeated 5 times: [ Failed password for root from 218.87.109.156 port 35608 ssh2]
Jan  4 07:44:15 LabSZ sshd[23063]: Disconnecting: Too many authentication failures for root [preauth]
Jan  4 07:44:15 LabSZ sshd[23063]: PAM 5 more authentication failures; logname= uid=0 euid=0 tty=ssh ruser= rhost=218.87.109.156  user=root
Jan  4 07:44:15 LabSZ sshd[23063]: PAM service(sshd) ignoring max retries; 6 > 3
Jan  4 07:44:16 LabSZ sshd[23075]: Failed password for invalid user test from 179.167.112.99 port 57143 ssh2
Jan  4 07:44:16 LabSZ sshd[23075]: Received disconnect from 179.167.112.99: 11: Bye Bye [preauth]
Jan  4 07:44:17 LabSZ sshd[23077]: pam_unix(sshd:auth): authentication failure; logname= uid=0 euid=0 tty=ssh ruser= rhost=59.63.188.30  user=root
Jan  4 07:44:18 LabSZ sshd[23067]: message repeated 5 times: [ Failed password for root from 182.100.67.52 port 41274 ssh2]
Jan  4 07:44:18 LabSZ sshd[23067]: Disconnecting: Too many authentication failures for root [preauth]
Jan  4 07:44:18 LabSZ sshd[23067]: PAM 5 more authentication failures; logname= uid=0 euid=0 tty=ssh ruser= rhost=182.100.67.52  user=root
Jan  4 07:44:18 LabSZ sshd[23067]: PAM service(sshd) ignoring max retries; 6 > 3
Jan  4 07:44:18 LabSZ sshd[23079]: pam_unix(sshd:auth): authentication failure; logname= uid=0 euid=0 tty=ssh ruser= rhost=218.87.109.156  user=root
Jan  4 07:44:19 LabSZ sshd[23077]: Failed password for root from 59.63.188.30 port 34053 ssh2
Jan  4 07:44:19 LabSZ sshd[23083]: pam_unix(sshd:auth): authentication failure; logname= uid=0 euid=0 tty=ssh ruser= rhost=182.100.67.52  user=root
Jan  4 07:44:19 LabSZ sshd[23080]: reverse mapping checking getaddrinfo for 179-167-112-99.user.vivozap.com.br [179.167.112.99] failed - POSSIBLE BREAK-IN ATTEMPT!
Jan  4 07:44:19 LabSZ sshd[23080]: Invalid user oracle from 179.167.112.99
Jan  4 07:44:19 LabSZ sshd[23080]: input_userauth_request: invalid user oracle [preauth]
Jan  4 07:44:20 LabSZ sshd[23080]: pam_unix(sshd:auth): check pass; user unknown
Jan  4 07:44:20 LabSZ sshd[23080]: pam_unix(sshd:auth): authentication failure; logname= uid=0 euid=0 tty=ssh ruser= rhost=179.167.112.99 
Jan  4 07:44:20 LabSZ sshd[23079]: Failed password for root from 218.87.109.156 port 17574 ssh2
Jan  4 07:44:21 LabSZ sshd[23080]: Failed password for invalid user oracle from 179.167.112.99 port 57144 ssh2
Jan  4 07:44:21 LabSZ sshd[23080]: Received disconnect from 179.167.112.99: 11: Bye Bye [preauth]
Jan  4 07:44:22 LabSZ sshd[23083]: Failed password for root from 182.100.67.52 port 19340 ssh2
Jan  4 07:44:25 LabSZ sshd[23085]: reverse mapping checking getaddrinfo for 179-167-112-99.user.vivozap.com.br [179.167.112.99] failed - POSSIBLE BREAK-IN ATTEMPT!
Jan  4 07:44:25 LabSZ sshd[23085]: Invalid user vagrant from 179.167.112.99
Jan  4 07:44:25 LabSZ sshd[23085]: input_userauth_request: invalid user vagrant [preauth]
Jan  4 07:44:25 LabSZ sshd[23085]: pam_unix(sshd:auth): check pass; user unknown
Jan  4 07:44:25 LabSZ sshd[23085]: pam_unix(sshd:auth): authentication failure; logname= uid=0 euid=0 tty=ssh ruser= rhost=179.167.112.99 
Jan  4 07:44:27 LabSZ sshd[23085]: Failed password for invalid user vagrant from 179.167.112.99 port 57145 ssh2
Jan  4 07:44:28 LabSZ sshd[23085]: Received disconnect from 179.167.112.99: 11: Bye Bye [preauth]
Jan  4 07:44:28 LabSZ sshd[23073]: message repeated 5 times: [ Failed password for root from 59.63.188.30 port 16538 ssh2]
Jan  4 07:44:28 LabSZ sshd[23073]: Disconnecting: Too many authentication failures for root [preauth]
Jan  4 07:44:28 LabSZ sshd[23073]: PAM 5 more authentication failures; logname= uid=0 euid=0 tty=ssh ruser= rhost=59.63.188.30  user=root
Jan  4 07:44:28 LabSZ sshd[23073]: PAM service(sshd) ignoring max retries; 6 > 3
Jan  4 07:44:29 LabSZ sshd[23089]: pam_unix(sshd:auth): authentication failure; logname= uid=0 euid=0 tty=ssh ruser= rhost=59.63.188.30  user=root
Jan  4 07:44:31 LabSZ sshd[23087]: reverse mapping checking getaddrinfo for 179-167-112-99.user.vivozap.com.br [179.167.112.99] failed - POSSIBLE BREAK-IN ATTEMPT!
Jan  4 07:44:31 LabSZ sshd[23087]: Invalid user support from 179.167.112.99
Jan  4 07:44:31 LabSZ sshd[23087]: input_userauth_request: invalid user support [preauth]
Jan  4 07:44:31 LabSZ sshd[23087]: pam_unix(sshd:auth): check pass; user unknown
Jan  4 07:44:31 LabSZ sshd[23087]: pam_unix(sshd:auth): authentication failure; logname= uid=0 euid=0 tty=ssh ruser= rhost=179.167.112.99 
Jan  4 07:44:31 LabSZ sshd[23077]: message repeated 5 times: [ Failed password for root from 59.63.188.30 port 34053 ssh2]
Jan  4 07:44:31 LabSZ sshd[23077]: Disconnecting: Too many authentication failures for root [preauth]
Jan  4 07:44:31 LabSZ sshd[23077]: PAM 5 more authentication failures; logname= uid=0 euid=0 tty=ssh ruser= rhost=59.63.188.30  user=root
Jan  4 07:44:31 LabSZ sshd[23077]: PAM service(sshd) ignoring max retries; 6 > 3
Jan  4 07:44:31 LabSZ sshd[23089]: Failed password for root from 59.63.188.30 port 39181 ssh2
Jan  4 07:44:33 LabSZ sshd[23079]: message repeated 5 times: [ Failed password for root from 218.87.109.156 port 17574 ssh2]
Jan  4 07:44:33 LabSZ sshd[23079]: Disconnecting: Too many authentication failures for root [preauth]
Jan  4 07:44:33 LabSZ sshd[23079]: PAM 5 more authentication failures; logname= uid=0 euid=0 tty=ssh ruser= rhost=218.87.109.156  user=root
Jan  4 07:44:33 LabSZ sshd[23079]: PAM service(sshd) ignoring max retries; 6 > 3
Jan  4 07:44:34 LabSZ sshd[23083]: message repeated 5 times: [ Failed password for root from 182.100.67.52 port 19340 ssh2]
Jan  4 07:44:34 LabSZ sshd[23083]: Disconnecting: Too many authentication failures for root [preauth]
