Jan  2 05:44:14 LabSZ sshd[25417]: Failed password for root from 58.242.83.25 port 34073 ssh2
Jan  2 05:44:17 LabSZ sshd[25419]: Failed password for root from 218.65.30.30 port 52548 ssh2
Jan  2 05:44:18 LabSZ sshd[25413]: message repeated 5 times: [ Failed password for root from 182.100.67.120 port 2938 ssh2]
Jan  2 05:44:18 LabSZ sshd[25413]: Disconnecting: Too many authentication failures for root [preauth]
Jan  2 05:44:18 LabSZ sshd[25413]: PAM 5 more authentication failures; logname= uid=0 euid=0 tty=ssh ruser= rhost=182.100.67.120  user=root
Jan  2 05:44:18 LabSZ sshd[25413]: PAM service(sshd) ignoring max retries; 6 > 3
Jan  2 05:44:20 LabSZ sshd[25421]: pam_unix(sshd:auth): authentication failure; logname= uid=0 euid=0 tty=ssh ruser= rhost=182.100.67.120  user=root
Jan  2 05:44:20 LabSZ sshd[25415]: message repeated 4 times: [ Failed password for root from 119.1.109.20 port 1899 ssh2]
Jan  2 05:44:20 LabSZ sshd[25415]: fatal: Read from socket failed: Connection reset by peer [preauth]
Jan  2 05:44:20 LabSZ sshd[25415]: PAM 4 more authentication failures; logname= uid=0 euid=0 tty=ssh ruser= rhost=119.1.109.20  user=root
Jan  2 05:44:20 LabSZ sshd[25415]: PAM service(sshd) ignoring max retries; 5 > 3
Jan  2 05:44:21 LabSZ sshd[25421]: Failed password for root from 182.100.67.120 port 39288 ssh2
Jan  2 05:44:21 LabSZ sshd[25423]: pam_unix(sshd:auth): authentication failure; logname= uid=0 euid=0 tty=ssh ruser= rhost=119.1.109.20  user=root
Jan  2 05:44:23 LabSZ sshd[25423]: Failed password for root from 119.1.109.20 port 4537 ssh2
Jan  2 05:44:28 LabSZ sshd[25417]: message repeated 5 times: [ Failed password for root from 58.242.83.25 port 34073 ssh2]
Jan  2 05:44:28 LabSZ sshd[25417]: Disconnecting: Too many authentication failures for root [preauth]
Jan  2 05:44:28 LabSZ sshd[25417]: PAM 5 more authentication failures; logname= uid=0 euid=0 tty=ssh ruser= rhost=58.242.83.25  user=root
Jan  2 05:44:28 LabSZ sshd[25417]: PAM service(sshd) ignoring max retries; 6 > 3
Jan  2 05:44:29 LabSZ sshd[25419]: message repeated 5 times: [ Failed password for root from 218.65.30.30 port 52548 ssh2]
Jan  2 05:44:29 LabSZ sshd[25419]: Disconnecting: Too many authentication failures for root [preauth]
Jan  2 05:44:29 LabSZ sshd[25419]: PAM 5 more authentication failures; logname= uid=0 euid=0 tty=ssh ruser= rhost=218.65.30.30  user=root
Jan  2 05:44:29 LabSZ sshd[25419]: PAM service(sshd) ignoring max retries; 6 > 3
Jan  2 05:44:29 LabSZ sshd[25425]: pam_unix(sshd:auth): authentication failure; logname= uid=0 euid=0 tty=ssh ruser= rhost=58.242.83.25  user=root
Jan  2 05:44:30 LabSZ sshd[25427]: reverse mapping checking getaddrinfo for 30.30.65.218.broad.xy.jx.dynamic.163data.com.cn [218.65.30.30] failed - POSSIBLE BREAK-IN ATTEMPT!
Jan  2 05:44:30 LabSZ sshd[25427]: pam_unix(sshd:auth): authentication failure; logname= uid=0 euid=0 tty=ssh ruser= rhost=218.65.30.30  user=root
Jan  2 05:44:31 LabSZ sshd[25423]: message repeated 4 times: [ Failed password for root from 119.1.109.20 port 4537 ssh2]
Jan  2 05:44:31 LabSZ sshd[25423]: fatal: Read from socket failed: Connection reset by peer [preauth]
Jan  2 05:44:31 LabSZ sshd[25423]: PAM 4 more authentication failures; logname= uid=0 euid=0 tty=ssh ruser= rhost=119.1.109.20  user=root
Jan  2 05:44:31 LabSZ sshd[25423]: PAM service(sshd) ignoring max retries; 5 > 3
Jan  2 05:44:31 LabSZ sshd[25425]: Failed password for root from 58.242.83.25 port 57232 ssh2
Jan  2 05:44:31 LabSZ sshd[25429]: pam_unix(sshd:auth): authentication failure; logname= uid=0 euid=0 tty=ssh ruser= rhost=119.1.109.20  user=root
Jan  2 05:44:32 LabSZ sshd[25427]: Failed password for root from 218.65.30.30 port 24304 ssh2
Jan  2 05:44:33 LabSZ sshd[25429]: Failed password for root from 119.1.109.20 port 2650 ssh2
Jan  2 05:44:34 LabSZ sshd[25421]: message repeated 5 times: [ Failed password for root from 182.100.67.120 port 39288 ssh2]
Jan  2 05:44:34 LabSZ sshd[25421]: Disconnecting: Too many authentication failures for root [preauth]
Jan  2 05:44:34 LabSZ sshd[25421]: PAM 5 more authentication failures; logname= uid=0 euid=0 tty=ssh ruser= rhost=182.100.67.120  user=root
Jan  2 05:44:34 LabSZ sshd[25421]: PAM service(sshd) ignoring max retries; 6 > 3
Jan  2 05:44:35 LabSZ sshd[25431]: pam_unix(sshd:auth): authentication failure; logname= uid=0 euid=0 tty=ssh ruser= rhost=182.100.67.120  user=root
Jan  2 05:44:37 LabSZ sshd[25431]: Failed password for root from 182.100.67.120 port 11130 ssh2
Jan  2 05:44:41 LabSZ sshd[25429]: message repeated 4 times: [ Failed password for root from 119.1.109.20 port 2650 ssh2]
Jan  2 05:44:41 LabSZ sshd[25429]: fatal: Read from socket failed: Connection reset by peer [preauth]
Jan  2 05:44:41 LabSZ sshd[25429]: PAM 4 more authentication failures; logname= uid=0 euid=0 tty=ssh ruser= rhost=119.1.109.20  user=root
Jan  2 05:44:41 LabSZ sshd[25429]: PAM service(sshd) ignoring max retries; 5 > 3
Jan  2 05:44:41 LabSZ sshd[25433]: pam_unix(sshd:auth): authentication failure; logname= uid=0 euid=0 tty=ssh ruser= rhost=119.1.109.20  user=root
Jan  2 05:44:44 LabSZ sshd[25433]: Failed password for root from 119.1.109.20 port 4984 ssh2
Jan  2 05:44:44 LabSZ sshd[25427]: message repeated 5 times: [ Failed password for root from 218.65.30.30 port 24304 ssh2]
Jan  2 05:44:44 LabSZ sshd[25427]: Disconnecting: Too many authentication failures for root [preauth]
Jan  2 05:44:44 LabSZ sshd[25427]: PAM 5 more authentication failures; logname= uid=0 euid=0 tty=ssh ruser= rhost=218.65.30.30  user=root
Jan  2 05:44:44 LabSZ sshd[25427]: PAM service(sshd) ignoring max retries; 6 > 3
Jan  2 05:44:44 LabSZ sshd[25425]: message repeated 5 times: [ Failed password for root from 58.242.83.25 port 57232 ssh2]
Jan  2 05:44:44 LabSZ sshd[25425]: Disconnecting: Too many authentication failures for root [preauth]
Jan  2 05:44:44 LabSZ sshd[25425]: PAM 5 more authentication failures; logname= uid=0 euid=0 tty=ssh ruser= rhost=58.242.83.25  user=root
Jan  2 05:44:44 LabSZ sshd[25425]: PAM service(sshd) ignoring max retries; 6 > 3
Jan  2 05:44:46 LabSZ sshd[25435]: reverse mapping checking getaddrinfo for 30.30.65.218.broad.xy.jx.dynamic.163data.com.cn [218.65.30.30] failed - POSSIBLE BREAK-IN ATTEMPT!
Jan  2 05:44:46 LabSZ sshd[25435]: pam_unix(sshd:auth): authentication failure; logname= uid=0 euid=0 tty=ssh ruser= rhost=218.65.30.30  user=root
Jan  2 05:44:46 LabSZ sshd[25437]: pam_unix(sshd:auth): authentication failure; logname= uid=0 euid=0 tty=ssh ruser= rhost=58.242.83.25  user=root
Jan  2 05:44:48 LabSZ sshd[25435]: Failed password for root from 218.65.30.30 port 61140 ssh2
Jan  2 05:44:48 LabSZ sshd[25437]: Failed password for root from 58.242.83.25 port 15408 ssh2
Jan  2 05:44:50 LabSZ sshd[25431]: message repeated 5 times: [ Failed password for root from 182.100.67.120 port 11130 ssh2]
Jan  2 05:44:50 LabSZ sshd[25431]: Disconnecting: Too many authentication failures for root [preauth]
Jan  2 05:44:50 LabSZ sshd[25431]: PAM 5 more authentication failures; logname= uid=0 euid=0 tty=ssh ruser= rhost=182.100.67.120  user=root
Jan  2 05:44:50 LabSZ sshd[25431]: PAM service(sshd) ignoring max retries; 6 > 3
Jan  2 05:44:51 LabSZ sshd[25439]: pam_unix(sshd:auth): authentication failure; logname= uid=0 euid=0 tty=ssh ruser= rhost=182.100.67.120  user=root
Jan  2 05:44:52 LabSZ sshd[25433]: message repeated 4 times: [ Failed password for root from 119.1.109.20 port 4984 ssh2]
Jan  2 05:44:52 LabSZ sshd[25433]: fatal: Read from socket failed: Connection reset by peer [preauth]
Jan  2 05:44:52 LabSZ sshd[25433]: PAM 4 more authentication failures; logname= uid=0 euid=0 tty=ssh ruser= rhost=119.1.109.20  user=root
Jan  2 05:44:52 LabSZ sshd[25433]: PAM service(sshd) ignoring max retries; 5 > 3
Jan  2 05:44:52 LabSZ sshd[25441]: pam_unix(sshd:auth): authentication failure; logname= uid=0 euid=0 tty=ssh ruser= rhost=119.1.109.20  user=root
Jan  2 05:44:53 LabSZ sshd[25439]: Failed password for root from 182.100.67.120 port 48086 ssh2
Jan  2 05:44:54 LabSZ sshd[25441]: Failed password for root from 119.1.109.20 port 2826 ssh2
Jan  2 05:45:00 LabSZ sshd[25437]: message repeated 5 times: [ Failed password for root from 58.242.83.25 port 15408 ssh2]
Jan  2 05:45:00 LabSZ sshd[25437]: Disconnecting: Too many authentication failures for root [preauth]
Jan  2 05:45:00 LabSZ sshd[25437]: PAM 5 more authentication failures; logname= uid=0 euid=0 tty=ssh ruser= rhost=58.242.83.25  user=root
Jan  2 05:45:00 LabSZ sshd[25437]: PAM service(sshd) ignoring max retries; 6 > 3
Jan  2 05:45:01 LabSZ sshd[25443]: pam_unix(sshd:auth): authentication failure; logname= uid=0 euid=0 tty=ssh ruser= rhost=58.242.83.25  user=root
Jan  2 05:45:02 LabSZ sshd[25435]: message repeated 5 times: [ Failed password for root from 218.65.30.30 port 61140 ssh2]
Jan  2 05:45:02 LabSZ sshd[25435]: Disconnecting: Too many authentication failures for root [preauth]
Jan  2 05:45:02 LabSZ sshd[25435]: PAM 5 more authentication failures; logname= uid=0 euid=0 tty=ssh ruser= rhost=218.65.30.30  user=root
Jan  2 05:45:02 LabSZ sshd[25435]: PAM service(sshd) ignoring max retries; 6 > 3
Jan  2 05:45:02 LabSZ sshd[25441]: message repeated 4 times: [ Failed password for root from 119.1.109.20 port 2826 ssh2]
Jan  2 05:45:02 LabSZ sshd[25441]: fatal: Read from socket failed: Connection reset by peer [preauth]
Jan  2 05:45:02 LabSZ sshd[25441]: PAM 4 more authentication failures; logname= uid=0 euid=0 tty=ssh ruser= rhost=119.1.109.20  user=root
Jan  2 05:45:02 LabSZ sshd[25441]: PAM service(sshd) ignoring max retries; 5 > 3
Jan  2 05:45:02 LabSZ sshd[25445]: pam_unix(sshd:auth): authentication failure; logname= uid=0 euid=0 tty=ssh ruser= rhost=119.1.109.20  user=root
Jan  2 05:45:03 LabSZ sshd[25443]: Failed password for root from 58.242.83.25 port 36107 ssh2
Jan  2 05:45:03 LabSZ sshd[25447]: reverse mapping checking getaddrinfo for 30.30.65.218.broad.xy.jx.dynamic.163data.com.cn [218.65.30.30] failed - POSSIBLE BREAK-IN ATTEMPT!
Jan  2 05:45:03 LabSZ sshd[25447]: pam_unix(sshd:auth): authentication failure; logname= uid=0 euid=0 tty=ssh ruser= rhost=218.65.30.30  user=root
Jan  2 05:45:04 LabSZ sshd[25445]: Failed password for root from 119.1.109.20 port 1170 ssh2
Jan  2 05:45:04 LabSZ sshd[25447]: Failed password for root from 218.65.30.30 port 36138 ssh2
Jan  2 05:45:05 LabSZ sshd[25439]: message repeated 5 times: [ Failed password for root from 182.100.67.120 port 48086 ssh2]
Jan  2 05:45:05 LabSZ sshd[25439]: Disconnecting: Too many authentication failures for root [preauth]
Jan  2 05:45:05 LabSZ sshd[25439]: PAM 5 more authentication failures; logname= uid=0 euid=0 tty=ssh ruser= rhost=182.100.67.120  user=root
Jan  2 05:45:05 LabSZ sshd[25439]: PAM service(sshd) ignoring max retries; 6 > 3
Jan  2 05:45:06 LabSZ sshd[25449]: pam_unix(sshd:auth): authentication failure; logname= uid=0 euid=0 tty=ssh ruser= rhost=182.100.67.120  user=root
Jan  2 05:45:08 LabSZ sshd[25449]: Failed password for root from 182.100.67.120 port 17296 ssh2
Jan  2 05:45:10 LabSZ sshd[25451]: reverse mapping checking getaddrinfo for 14.142.122.26.static-kolkata.vsnl.net.in [14.142.122.26] failed - POSSIBLE BREAK-IN ATTEMPT!
Jan  2 05:45:10 LabSZ sshd[25451]: Invalid user web from 14.142.122.26
Jan  2 05:45:10 LabSZ sshd[25451]: input_userauth_request: invalid user web [preauth]
Jan  2 05:45:10 LabSZ sshd[25451]: pam_unix(sshd:auth): check pass; user unknown
Jan  2 05:45:10 LabSZ sshd[25451]: pam_unix(sshd:auth): authentication failure; logname= uid=0 euid=0 tty=ssh ruser= rhost=14.142.122.26 
