Dec 17 00:38:20 LabSZ sshd[9891]: Connection closed by 183.129.154.138 [preauth]
Dec 17 00:38:21 LabSZ sshd[9893]: pam_unix(sshd:auth): authentication failure; logname= uid=0 euid=0 tty=ssh ruser= rhost=183.129.154.138  user=root
Dec 17 00:38:23 LabSZ sshd[9893]: Failed password for root from 183.129.154.138 port 36542 ssh2
Dec 17 00:38:23 LabSZ sshd[9893]: Connection closed by 183.129.154.138 [preauth]
Dec 17 00:38:23 LabSZ sshd[9895]: pam_unix(sshd:auth): authentication failure; logname= uid=0 euid=0 tty=ssh ruser= rhost=183.129.154.138  user=root
Dec 17 00:38:25 LabSZ sshd[9895]: Failed password for root from 183.129.154.138 port 57674 ssh2
Dec 17 00:38:25 LabSZ sshd[9895]: Connection closed by 183.129.154.138 [preauth]
Dec 17 00:38:26 LabSZ sshd[9897]: pam_unix(sshd:auth): authentication failure; logname= uid=0 euid=0 tty=ssh ruser= rhost=183.129.154.138  user=root
Dec 17 00:38:27 LabSZ sshd[9897]: Failed password for root from 183.129.154.138 port 57926 ssh2
Dec 17 00:38:28 LabSZ sshd[9897]: Connection closed by 183.129.154.138 [preauth]
Dec 17 00:38:28 LabSZ sshd[9899]: pam_unix(sshd:auth): authentication failure; logname= uid=0 euid=0 tty=ssh ruser= rhost=183.129.154.138  user=root
Dec 17 00:38:30 LabSZ sshd[9899]: Failed password for root from 183.129.154.138 port 17943 ssh2
Dec 17 00:38:30 LabSZ sshd[9899]: Connection closed by 183.129.154.138 [preauth]
Dec 17 00:38:30 LabSZ sshd[9902]: pam_unix(sshd:auth): authentication failure; logname= uid=0 euid=0 tty=ssh ruser= rhost=183.129.154.138  user=root
Dec 17 00:38:32 LabSZ sshd[9902]: Failed password for root from 183.129.154.138 port 58296 ssh2
Dec 17 00:38:32 LabSZ sshd[9902]: Connection closed by 183.129.154.138 [preauth]
Dec 17 00:38:33 LabSZ sshd[9904]: pam_unix(sshd:auth): authentication failure; logname= uid=0 euid=0 tty=ssh ruser= rhost=183.129.154.138  user=root
Dec 17 00:38:35 LabSZ sshd[9904]: Failed password for root from 183.129.154.138 port 58568 ssh2
Dec 17 00:38:35 LabSZ sshd[9904]: Connection closed by 183.129.154.138 [preauth]
Dec 17 00:38:35 LabSZ sshd[9907]: pam_unix(sshd:auth): authentication failure; logname= uid=0 euid=0 tty=ssh ruser= rhost=183.129.154.138  user=root
Dec 17 00:38:37 LabSZ sshd[9901]: Invalid user  0101 from 5.188.10.180
Dec 17 00:38:37 LabSZ sshd[9901]: input_userauth_request: invalid user  0101 [preauth]
Dec 17 00:38:37 LabSZ sshd[9901]: pam_unix(sshd:auth): check pass; user unknown
Dec 17 00:38:37 LabSZ sshd[9901]: pam_unix(sshd:auth): authentication failure; logname= uid=0 euid=0 tty=ssh ruser= rhost=5.188.10.180 
Dec 17 00:38:37 LabSZ sshd[9907]: Failed password for root from 183.129.154.138 port 58830 ssh2
Dec 17 00:38:37 LabSZ sshd[9907]: Connection closed by 183.129.154.138 [preauth]
Dec 17 00:38:37 LabSZ sshd[9909]: pam_unix(sshd:auth): authentication failure; logname= uid=0 euid=0 tty=ssh ruser= rhost=183.129.154.138  user=root
Dec 17 00:38:39 LabSZ sshd[9901]: Failed password for invalid user  0101 from 5.188.10.180 port 45481 ssh2
Dec 17 00:38:39 LabSZ sshd[9909]: Failed password for root from 183.129.154.138 port 59072 ssh2
Dec 17 00:38:39 LabSZ sshd[9909]: Connection closed by 183.129.154.138 [preauth]
Dec 17 00:38:40 LabSZ sshd[9911]: pam_unix(sshd:auth): authentication failure; logname= uid=0 euid=0 tty=ssh ruser= rhost=183.129.154.138  user=root
Dec 17 00:38:41 LabSZ sshd[9911]: Failed password for root from 183.129.154.138 port 59236 ssh2
Dec 17 00:38:41 LabSZ sshd[9911]: Connection closed by 183.129.154.138 [preauth]
Dec 17 00:38:42 LabSZ sshd[9913]: pam_unix(sshd:auth): authentication failure; logname= uid=0 euid=0 tty=ssh ruser= rhost=183.129.154.138  user=root
Dec 17 00:38:44 LabSZ sshd[9913]: Failed password for root from 183.129.154.138 port 59434 ssh2
Dec 17 00:38:44 LabSZ sshd[9913]: Connection closed by 183.129.154.138 [preauth]
Dec 17 00:38:44 LabSZ sshd[9915]: pam_unix(sshd:auth): authentication failure; logname= uid=0 euid=0 tty=ssh ruser= rhost=183.129.154.138  user=root
Dec 17 00:38:45 LabSZ sshd[9901]: Connection closed by 5.188.10.180 [preauth]
Dec 17 00:38:46 LabSZ sshd[9915]: Failed password for root from 183.129.154.138 port 59706 ssh2
Dec 17 00:38:46 LabSZ sshd[9915]: Connection closed by 183.129.154.138 [preauth]
Dec 17 00:38:46 LabSZ sshd[9917]: pam_unix(sshd:auth): authentication failure; logname= uid=0 euid=0 tty=ssh ruser= rhost=183.129.154.138  user=root
Dec 17 00:38:48 LabSZ sshd[9917]: Failed password for root from 183.129.154.138 port 59908 ssh2
Dec 17 00:38:48 LabSZ sshd[9917]: Connection closed by 183.129.154.138 [preauth]
Dec 17 00:38:48 LabSZ sshd[9920]: pam_unix(sshd:auth): authentication failure; logname= uid=0 euid=0 tty=ssh ruser= rhost=183.129.154.138  user=root
Dec 17 00:38:50 LabSZ sshd[9920]: Failed password for root from 183.129.154.138 port 60130 ssh2
Dec 17 00:38:50 LabSZ sshd[9920]: Connection closed by 183.129.154.138 [preauth]
Dec 17 00:38:50 LabSZ sshd[9923]: pam_unix(sshd:auth): authentication failure; logname= uid=0 euid=0 tty=ssh ruser= rhost=183.129.154.138  user=root
Dec 17 00:38:51 LabSZ sshd[9919]: Invalid user 0 from 5.188.10.180
Dec 17 00:38:51 LabSZ sshd[9919]: input_userauth_request: invalid user 0 [preauth]
Dec 17 00:38:51 LabSZ sshd[9919]: Failed none for invalid user 0 from 5.188.10.180 port 51229 ssh2
Dec 17 00:38:52 LabSZ sshd[9919]: pam_unix(sshd:auth): check pass; user unknown
Dec 17 00:38:52 LabSZ sshd[9919]: pam_unix(sshd:auth): authentication failure; logname= uid=0 euid=0 tty=ssh ruser= rhost=5.188.10.180 
Dec 17 00:38:52 LabSZ sshd[9923]: Failed password for root from 183.129.154.138 port 60312 ssh2
Dec 17 00:38:52 LabSZ sshd[9923]: Connection closed by 183.129.154.138 [preauth]
Dec 17 00:38:52 LabSZ sshd[9925]: pam_unix(sshd:auth): authentication failure; logname= uid=0 euid=0 tty=ssh ruser= rhost=183.129.154.138  user=root
Dec 17 00:38:54 LabSZ sshd[9919]: Failed password for invalid user 0 from 5.188.10.180 port 51229 ssh2
Dec 17 00:38:54 LabSZ sshd[9925]: Failed password for root from 183.129.154.138 port 60504 ssh2
Dec 17 00:38:54 LabSZ sshd[9925]: Connection closed by 183.129.154.138 [preauth]
Dec 17 00:38:54 LabSZ sshd[9927]: pam_unix(sshd:auth): authentication failure; logname= uid=0 euid=0 tty=ssh ruser= rhost=183.129.154.138  user=root
Dec 17 00:38:57 LabSZ sshd[9927]: Failed password for root from 183.129.154.138 port 60728 ssh2
Dec 17 00:38:57 LabSZ sshd[9927]: Connection closed by 183.129.154.138 [preauth]
Dec 17 00:38:57 LabSZ sshd[9929]: pam_unix(sshd:auth): authentication failure; logname= uid=0 euid=0 tty=ssh ruser= rhost=183.129.154.138  user=root
Dec 17 00:38:57 LabSZ sshd[9919]: Connection closed by 5.188.10.180 [preauth]
Dec 17 00:38:59 LabSZ sshd[9929]: Failed password for root from 183.129.154.138 port 32776 ssh2
Dec 17 00:38:59 LabSZ sshd[9929]: Connection closed by 183.129.154.138 [preauth]
Dec 17 00:38:59 LabSZ sshd[9932]: pam_unix(sshd:auth): authentication failure; logname= uid=0 euid=0 tty=ssh ruser= rhost=183.129.154.138  user=root
Dec 17 00:39:01 LabSZ sshd[9932]: Failed password for root from 183.129.154.138 port 33006 ssh2
Dec 17 00:39:01 LabSZ sshd[9932]: Connection closed by 183.129.154.138 [preauth]
Dec 17 00:39:01 LabSZ sshd[9931]: Invalid user 1234 from 5.188.10.180
Dec 17 00:39:01 LabSZ sshd[9931]: input_userauth_request: invalid user 1234 [preauth]
Dec 17 00:39:01 LabSZ sshd[9931]: pam_unix(sshd:auth): check pass; user unknown
Dec 17 00:39:01 LabSZ sshd[9931]: pam_unix(sshd:auth): authentication failure; logname= uid=0 euid=0 tty=ssh ruser= rhost=5.188.10.180 
Dec 17 00:39:01 LabSZ sshd[9949]: pam_unix(sshd:auth): authentication failure; logname= uid=0 euid=0 tty=ssh ruser= rhost=183.129.154.138  user=root
Dec 17 00:39:03 LabSZ sshd[9951]: Invalid user xiaofeng from 115.71.16.143
Dec 17 00:39:03 LabSZ sshd[9951]: input_userauth_request: invalid user xiaofeng [preauth]
Dec 17 00:39:03 LabSZ sshd[9951]: pam_unix(sshd:auth): check pass; user unknown
Dec 17 00:39:03 LabSZ sshd[9951]: pam_unix(sshd:auth): authentication failure; logname= uid=0 euid=0 tty=ssh ruser= rhost=115.71.16.143 
Dec 17 00:39:04 LabSZ sshd[9931]: Failed password for invalid user 1234 from 5.188.10.180 port 46620 ssh2
Dec 17 00:39:04 LabSZ sshd[9949]: Failed password for root from 183.129.154.138 port 33144 ssh2
Dec 17 00:39:04 LabSZ sshd[9949]: Connection closed by 183.129.154.138 [preauth]
Dec 17 00:39:04 LabSZ sshd[9953]: pam_unix(sshd:auth): authentication failure; logname= uid=0 euid=0 tty=ssh ruser= rhost=183.129.154.138  user=root
Dec 17 00:39:04 LabSZ sshd[9931]: Connection closed by 5.188.10.180 [preauth]
Dec 17 00:39:05 LabSZ sshd[9951]: Failed password for invalid user xiaofeng from 115.71.16.143 port 56019 ssh2
Dec 17 00:39:05 LabSZ sshd[9951]: Received disconnect from 115.71.16.143: 11: Bye Bye [preauth]
Dec 17 00:39:06 LabSZ sshd[9953]: Failed password for root from 183.129.154.138 port 33390 ssh2
Dec 17 00:39:06 LabSZ sshd[9953]: Connection closed by 183.129.154.138 [preauth]
Dec 17 00:39:07 LabSZ sshd[9957]: pam_unix(sshd:auth): authentication failure; logname= uid=0 euid=0 tty=ssh ruser= rhost=183.129.154.138  user=root
Dec 17 00:39:07 LabSZ sshd[9955]: Invalid user admin from 5.188.10.180
Dec 17 00:39:07 LabSZ sshd[9955]: input_userauth_request: invalid user admin [preauth]
Dec 17 00:39:07 LabSZ sshd[9955]: Failed none for invalid user admin from 5.188.10.180 port 52566 ssh2
Dec 17 00:39:08 LabSZ sshd[9955]: Connection closed by 5.188.10.180 [preauth]
Dec 17 00:39:09 LabSZ sshd[9957]: Failed password for root from 183.129.154.138 port 33694 ssh2
Dec 17 00:39:09 LabSZ sshd[9957]: Connection closed by 183.129.154.138 [preauth]
Dec 17 00:39:09 LabSZ sshd[9960]: pam_unix(sshd:auth): authentication failure; logname= uid=0 euid=0 tty=ssh ruser= rhost=183.129.154.138  user=root
Dec 17 00:39:11 LabSZ sshd[9960]: Failed password for root from 183.129.154.138 port 33964 ssh2
Dec 17 00:39:11 LabSZ sshd[9960]: Connection closed by 183.129.154.138 [preauth]
Dec 17 00:39:11 LabSZ sshd[9962]: pam_unix(sshd:auth): authentication failure; logname= uid=0 euid=0 tty=ssh ruser= rhost=183.129.154.138  user=root
Dec 17 00:39:13 LabSZ sshd[9962]: Failed password for root from 183.129.154.138 port 34156 ssh2
Dec 17 00:39:13 LabSZ sshd[9962]: Connection closed by 183.129.154.138 [preauth]
Dec 17 00:39:13 LabSZ sshd[9965]: pam_unix(sshd:auth): authentication failure; logname= uid=0 euid=0 tty=ssh ruser= rhost=183.129.154.138  user=root
