Jan  4 07:53:27 LabSZ sshd[23326]: pam_unix(sshd:auth): authentication failure; logname= uid=0 euid=0 tty=ssh ruser= rhost=59.63.188.30  user=root
Jan  4 07:53:29 LabSZ sshd[23326]: Failed password for root from 59.63.188.30 port 34930 ssh2
Jan  4 07:53:31 LabSZ sshd[23320]: message repeated 5 times: [ Failed password for root from 59.63.188.30 port 16510 ssh2]
Jan  4 07:53:31 LabSZ sshd[23320]: Disconnecting: Too many authentication failures for root [preauth]
Jan  4 07:53:31 LabSZ sshd[23320]: PAM 5 more authentication failures; logname= uid=0 euid=0 tty=ssh ruser= rhost=59.63.188.30  user=root
Jan  4 07:53:31 LabSZ sshd[23320]: PAM service(sshd) ignoring max retries; 6 > 3
Jan  4 07:53:32 LabSZ sshd[23328]: pam_unix(sshd:auth): authentication failure; logname= uid=0 euid=0 tty=ssh ruser= rhost=59.63.188.30  user=root
Jan  4 07:53:34 LabSZ sshd[23328]: Failed password for root from 59.63.188.30 port 37065 ssh2
Jan  4 07:53:38 LabSZ sshd[23322]: message repeated 5 times: [ Failed password for root from 182.100.67.52 port 50316 ssh2]
Jan  4 07:53:38 LabSZ sshd[23322]: Disconnecting: Too many authentication failures for root [preauth]
Jan  4 07:53:38 LabSZ sshd[23322]: PAM 5 more authentication failures; logname= uid=0 euid=0 tty=ssh ruser= rhost=182.100.67.52  user=root
Jan  4 07:53:38 LabSZ sshd[23322]: PAM service(sshd) ignoring max retries; 6 > 3
Jan  4 07:53:38 LabSZ sshd[23324]: message repeated 5 times: [ Failed password for root from 218.87.109.156 port 20768 ssh2]
Jan  4 07:53:38 LabSZ sshd[23324]: Disconnecting: Too many authentication failures for root [preauth]
Jan  4 07:53:38 LabSZ sshd[23324]: PAM 5 more authentication failures; logname= uid=0 euid=0 tty=ssh ruser= rhost=218.87.109.156  user=root
Jan  4 07:53:38 LabSZ sshd[23324]: PAM service(sshd) ignoring max retries; 6 > 3
Jan  4 07:53:39 LabSZ sshd[23331]: pam_unix(sshd:auth): authentication failure; logname= uid=0 euid=0 tty=ssh ruser= rhost=182.100.67.52  user=root
Jan  4 07:53:39 LabSZ sshd[23333]: pam_unix(sshd:auth): authentication failure; logname= uid=0 euid=0 tty=ssh ruser= rhost=218.87.109.156  user=root
Jan  4 07:53:41 LabSZ sshd[23331]: Failed password for root from 182.100.67.52 port 21324 ssh2
Jan  4 07:53:41 LabSZ sshd[23333]: Failed password for root from 218.87.109.156 port 55174 ssh2
Jan  4 07:53:42 LabSZ sshd[23326]: message repeated 5 times: [ Failed password for root from 59.63.188.30 port 34930 ssh2]
Jan  4 07:53:42 LabSZ sshd[23326]: Disconnecting: Too many authentication failures for root [preauth]
Jan  4 07:53:42 LabSZ sshd[23326]: PAM 5 more authentication failures; logname= uid=0 euid=0 tty=ssh ruser= rhost=59.63.188.30  user=root
Jan  4 07:53:42 LabSZ sshd[23326]: PAM service(sshd) ignoring max retries; 6 > 3
Jan  4 07:53:44 LabSZ sshd[23330]: Invalid user 0 from 185.222.209.151
Jan  4 07:53:44 LabSZ sshd[23330]: input_userauth_request: invalid user 0 [preauth]
Jan  4 07:53:44 LabSZ sshd[23330]: Failed none for invalid user 0 from 185.222.209.151 port 37201 ssh2
Jan  4 07:53:46 LabSZ sshd[23330]: Connection closed by 185.222.209.151 [preauth]
Jan  4 07:53:47 LabSZ sshd[23328]: message repeated 5 times: [ Failed password for root from 59.63.188.30 port 37065 ssh2]
Jan  4 07:53:47 LabSZ sshd[23328]: Disconnecting: Too many authentication failures for root [preauth]
Jan  4 07:53:47 LabSZ sshd[23328]: PAM 5 more authentication failures; logname= uid=0 euid=0 tty=ssh ruser= rhost=59.63.188.30  user=root
Jan  4 07:53:47 LabSZ sshd[23328]: PAM service(sshd) ignoring max retries; 6 > 3
Jan  4 07:53:49 LabSZ sshd[23339]: pam_unix(sshd:auth): authentication failure; logname= uid=0 euid=0 tty=ssh ruser= rhost=59.63.188.30  user=root
Jan  4 07:53:49 LabSZ sshd[23336]: pam_unix(sshd:auth): authentication failure; logname= uid=0 euid=0 tty=ssh ruser= rhost=59.63.188.30  user=root
Jan  4 07:53:51 LabSZ sshd[23339]: Failed password for root from 59.63.188.30 port 57700 ssh2
Jan  4 07:53:51 LabSZ sshd[23336]: Failed password for root from 59.63.188.30 port 49885 ssh2
Jan  4 07:53:53 LabSZ sshd[23331]: message repeated 5 times: [ Failed password for root from 182.100.67.52 port 21324 ssh2]
Jan  4 07:53:53 LabSZ sshd[23331]: Disconnecting: Too many authentication failures for root [preauth]
Jan  4 07:53:53 LabSZ sshd[23331]: PAM 5 more authentication failures; logname= uid=0 euid=0 tty=ssh ruser= rhost=182.100.67.52  user=root
Jan  4 07:53:53 LabSZ sshd[23331]: PAM service(sshd) ignoring max retries; 6 > 3
Jan  4 07:53:54 LabSZ sshd[23333]: message repeated 5 times: [ Failed password for root from 218.87.109.156 port 55174 ssh2]
Jan  4 07:53:54 LabSZ sshd[23333]: Disconnecting: Too many authentication failures for root [preauth]
Jan  4 07:53:54 LabSZ sshd[23333]: PAM 5 more authentication failures; logname= uid=0 euid=0 tty=ssh ruser= rhost=218.87.109.156  user=root
Jan  4 07:53:54 LabSZ sshd[23333]: PAM service(sshd) ignoring max retries; 6 > 3
Jan  4 07:53:57 LabSZ sshd[23341]: pam_unix(sshd:auth): authentication failure; logname= uid=0 euid=0 tty=ssh ruser= rhost=182.100.67.52  user=root
Jan  4 07:53:58 LabSZ sshd[23341]: Failed password for root from 182.100.67.52 port 54486 ssh2
Jan  4 07:54:00 LabSZ sshd[23343]: pam_unix(sshd:auth): authentication failure; logname= uid=0 euid=0 tty=ssh ruser= rhost=218.87.109.156  user=root
Jan  4 07:54:02 LabSZ sshd[23343]: Failed password for root from 218.87.109.156 port 24248 ssh2
Jan  4 07:54:04 LabSZ sshd[23339]: message repeated 5 times: [ Failed password for root from 59.63.188.30 port 57700 ssh2]
Jan  4 07:54:04 LabSZ sshd[23339]: Disconnecting: Too many authentication failures for root [preauth]
Jan  4 07:54:04 LabSZ sshd[23339]: PAM 5 more authentication failures; logname= uid=0 euid=0 tty=ssh ruser= rhost=59.63.188.30  user=root
Jan  4 07:54:04 LabSZ sshd[23339]: PAM service(sshd) ignoring max retries; 6 > 3
Jan  4 07:54:04 LabSZ sshd[23336]: message repeated 5 times: [ Failed password for root from 59.63.188.30 port 49885 ssh2]
Jan  4 07:54:04 LabSZ sshd[23336]: Disconnecting: Too many authentication failures for root [preauth]
Jan  4 07:54:04 LabSZ sshd[23336]: PAM 5 more authentication failures; logname= uid=0 euid=0 tty=ssh ruser= rhost=59.63.188.30  user=root
Jan  4 07:54:04 LabSZ sshd[23336]: PAM service(sshd) ignoring max retries; 6 > 3
Jan  4 07:54:11 LabSZ sshd[23347]: pam_unix(sshd:auth): authentication failure; logname= uid=0 euid=0 tty=ssh ruser= rhost=59.63.188.30  user=root
Jan  4 07:54:11 LabSZ sshd[23345]: pam_unix(sshd:auth): authentication failure; logname= uid=0 euid=0 tty=ssh ruser= rhost=59.63.188.30  user=root
Jan  4 07:54:13 LabSZ sshd[23347]: Failed password for root from 59.63.188.30 port 4667 ssh2
Jan  4 07:54:13 LabSZ sshd[23345]: Failed password for root from 59.63.188.30 port 4482 ssh2
Jan  4 07:54:14 LabSZ sshd[23349]: pam_unix(sshd:auth): authentication failure; logname= uid=0 euid=0 tty=ssh ruser= rhost=182.100.67.52  user=root
Jan  4 07:54:15 LabSZ sshd[23343]: message repeated 5 times: [ Failed password for root from 218.87.109.156 port 24248 ssh2]
Jan  4 07:54:15 LabSZ sshd[23343]: Disconnecting: Too many authentication failures for root [preauth]
Jan  4 07:54:15 LabSZ sshd[23343]: PAM 5 more authentication failures; logname= uid=0 euid=0 tty=ssh ruser= rhost=218.87.109.156  user=root
Jan  4 07:54:15 LabSZ sshd[23343]: PAM service(sshd) ignoring max retries; 6 > 3
Jan  4 07:54:16 LabSZ sshd[23338]: Did not receive identification string from 185.222.209.151
Jan  4 07:54:17 LabSZ sshd[23349]: Failed password for root from 182.100.67.52 port 33232 ssh2
Jan  4 07:54:21 LabSZ sshd[23351]: pam_unix(sshd:auth): authentication failure; logname= uid=0 euid=0 tty=ssh ruser= rhost=218.87.109.156  user=root
Jan  4 07:54:23 LabSZ sshd[23351]: Failed password for root from 218.87.109.156 port 5796 ssh2
Jan  4 07:54:25 LabSZ sshd[23347]: message repeated 5 times: [ Failed password for root from 59.63.188.30 port 4667 ssh2]
Jan  4 07:54:25 LabSZ sshd[23347]: Disconnecting: Too many authentication failures for root [preauth]
Jan  4 07:54:25 LabSZ sshd[23347]: PAM 5 more authentication failures; logname= uid=0 euid=0 tty=ssh ruser= rhost=59.63.188.30  user=root
Jan  4 07:54:25 LabSZ sshd[23347]: PAM service(sshd) ignoring max retries; 6 > 3
Jan  4 07:54:25 LabSZ sshd[23345]: message repeated 5 times: [ Failed password for root from 59.63.188.30 port 4482 ssh2]
Jan  4 07:54:25 LabSZ sshd[23345]: Disconnecting: Too many authentication failures for root [preauth]
Jan  4 07:54:25 LabSZ sshd[23345]: PAM 5 more authentication failures; logname= uid=0 euid=0 tty=ssh ruser= rhost=59.63.188.30  user=root
Jan  4 07:54:25 LabSZ sshd[23345]: PAM service(sshd) ignoring max retries; 6 > 3
Jan  4 07:54:26 LabSZ sshd[23353]: pam_unix(sshd:auth): authentication failure; logname= uid=0 euid=0 tty=ssh ruser= rhost=59.63.188.30  user=root
Jan  4 07:54:26 LabSZ sshd[23355]: pam_unix(sshd:auth): authentication failure; logname= uid=0 euid=0 tty=ssh ruser= rhost=59.63.188.30  user=root
Jan  4 07:54:28 LabSZ sshd[23353]: Failed password for root from 59.63.188.30 port 23600 ssh2
Jan  4 07:54:28 LabSZ sshd[23355]: Failed password for root from 59.63.188.30 port 23694 ssh2
Jan  4 07:54:30 LabSZ sshd[23349]: message repeated 5 times: [ Failed password for root from 182.100.67.52 port 33232 ssh2]
Jan  4 07:54:30 LabSZ sshd[23349]: Disconnecting: Too many authentication failures for root [preauth]
Jan  4 07:54:30 LabSZ sshd[23349]: PAM 5 more authentication failures; logname= uid=0 euid=0 tty=ssh ruser= rhost=182.100.67.52  user=root
Jan  4 07:54:30 LabSZ sshd[23349]: PAM service(sshd) ignoring max retries; 6 > 3
Jan  4 07:54:32 LabSZ sshd[23357]: pam_unix(sshd:auth): authentication failure; logname= uid=0 euid=0 tty=ssh ruser= rhost=182.100.67.52  user=root
Jan  4 07:54:34 LabSZ sshd[23357]: Failed password for root from 182.100.67.52 port 9244 ssh2
Jan  4 07:54:37 LabSZ sshd[23351]: message repeated 5 times: [ Failed password for root from 218.87.109.156 port 5796 ssh2]
Jan  4 07:54:37 LabSZ sshd[23351]: Disconnecting: Too many authentication failures for root [preauth]
Jan  4 07:54:37 LabSZ sshd[23351]: PAM 5 more authentication failures; logname= uid=0 euid=0 tty=ssh ruser= rhost=218.87.109.156  user=root
Jan  4 07:54:37 LabSZ sshd[23351]: PAM service(sshd) ignoring max retries; 6 > 3
Jan  4 07:54:38 LabSZ sshd[23359]: pam_unix(sshd:auth): authentication failure; logname= uid=0 euid=0 tty=ssh ruser= rhost=218.87.109.156  user=root
Jan  4 07:54:40 LabSZ sshd[23359]: Failed password for root from 218.87.109.156 port 53910 ssh2
Jan  4 07:54:42 LabSZ sshd[23341]: message repeated 2 times: [ Failed password for root from 182.100.67.52 port 54486 ssh2]
Jan  4 07:54:42 LabSZ sshd[23341]: Received disconnect from 182.100.67.52: 11:  [preauth]
Jan  4 07:54:42 LabSZ sshd[23341]: PAM 2 more authentication failures; logname= uid=0 euid=0 tty=ssh ruser= rhost=182.100.67.52  user=root
Jan  4 07:54:45 LabSZ sshd[23355]: message repeated 5 times: [ Failed password for root from 59.63.188.30 port 23694 ssh2]
Jan  4 07:54:45 LabSZ sshd[23355]: Disconnecting: Too many authentication failures for root [preauth]
Jan  4 07:54:45 LabSZ sshd[23355]: PAM 5 more authentication failures; logname= uid=0 euid=0 tty=ssh ruser= rhost=59.63.188.30  user=root
Jan  4 07:54:45 LabSZ sshd[23355]: PAM service(sshd) ignoring max retries; 6 > 3
