Jan  3 07:28:33 LabSZ sshd[17737]: pam_unix(sshd:auth): authentication failure; logname= uid=0 euid=0 tty=ssh ruser= rhost=183.63.110.206  user=root
Jan  3 07:28:35 LabSZ sshd[17737]: Failed password for root from 183.63.110.206 port 58334 ssh2
Jan  3 07:28:36 LabSZ sshd[17737]: Connection closed by 183.63.110.206 [preauth]
Jan  3 07:28:37 LabSZ sshd[17739]: pam_unix(sshd:auth): authentication failure; logname= uid=0 euid=0 tty=ssh ruser= rhost=183.63.110.206  user=root
Jan  3 07:28:38 LabSZ sshd[17739]: Failed password for root from 183.63.110.206 port 58433 ssh2
Jan  3 07:28:38 LabSZ sshd[17739]: Connection closed by 183.63.110.206 [preauth]
Jan  3 07:28:41 LabSZ sshd[17735]: reverse mapping checking getaddrinfo for . [183.192.189.131] failed - POSSIBLE BREAK-IN ATTEMPT!
Jan  3 07:28:41 LabSZ sshd[17735]: pam_unix(sshd:auth): authentication failure; logname= uid=0 euid=0 tty=ssh ruser= rhost=183.192.189.131  user=root
Jan  3 07:28:42 LabSZ sshd[17741]: pam_unix(sshd:auth): authentication failure; logname= uid=0 euid=0 tty=ssh ruser= rhost=183.63.110.206  user=root
Jan  3 07:28:43 LabSZ sshd[17735]: Failed password for root from 183.192.189.131 port 14942 ssh2
Jan  3 07:28:43 LabSZ sshd[17735]: Connection closed by 183.192.189.131 [preauth]
Jan  3 07:28:43 LabSZ sshd[17743]: reverse mapping checking getaddrinfo for . [183.192.189.131] failed - POSSIBLE BREAK-IN ATTEMPT!
Jan  3 07:28:43 LabSZ sshd[17743]: pam_unix(sshd:auth): authentication failure; logname= uid=0 euid=0 tty=ssh ruser= rhost=183.192.189.131  user=root
Jan  3 07:28:44 LabSZ sshd[17741]: Failed password for root from 183.63.110.206 port 58521 ssh2
Jan  3 07:28:44 LabSZ sshd[17741]: Connection closed by 183.63.110.206 [preauth]
Jan  3 07:28:45 LabSZ sshd[17743]: Failed password for root from 183.192.189.131 port 14943 ssh2
Jan  3 07:28:45 LabSZ sshd[17743]: Connection closed by 183.192.189.131 [preauth]
Jan  3 07:28:45 LabSZ sshd[17745]: pam_unix(sshd:auth): authentication failure; logname= uid=0 euid=0 tty=ssh ruser= rhost=183.63.110.206  user=root
Jan  3 07:28:45 LabSZ sshd[17747]: reverse mapping checking getaddrinfo for . [183.192.189.131] failed - POSSIBLE BREAK-IN ATTEMPT!
Jan  3 07:28:45 LabSZ sshd[17747]: pam_unix(sshd:auth): authentication failure; logname= uid=0 euid=0 tty=ssh ruser= rhost=183.192.189.131  user=root
Jan  3 07:28:48 LabSZ sshd[17745]: Failed password for root from 183.63.110.206 port 58693 ssh2
Jan  3 07:28:48 LabSZ sshd[17747]: Failed password for root from 183.192.189.131 port 15006 ssh2
Jan  3 07:28:48 LabSZ sshd[17747]: Connection closed by 183.192.189.131 [preauth]
Jan  3 07:28:48 LabSZ sshd[17745]: Connection closed by 183.63.110.206 [preauth]
Jan  3 07:28:48 LabSZ sshd[17749]: reverse mapping checking getaddrinfo for . [183.192.189.131] failed - POSSIBLE BREAK-IN ATTEMPT!
Jan  3 07:28:48 LabSZ sshd[17749]: pam_unix(sshd:auth): authentication failure; logname= uid=0 euid=0 tty=ssh ruser= rhost=183.192.189.131  user=root
Jan  3 07:28:49 LabSZ sshd[17751]: pam_unix(sshd:auth): authentication failure; logname= uid=0 euid=0 tty=ssh ruser= rhost=183.63.110.206  user=root
Jan  3 07:28:50 LabSZ sshd[17749]: Failed password for root from 183.192.189.131 port 15007 ssh2
Jan  3 07:28:50 LabSZ sshd[17749]: Connection closed by 183.192.189.131 [preauth]
Jan  3 07:28:50 LabSZ sshd[17753]: reverse mapping checking getaddrinfo for . [183.192.189.131] failed - POSSIBLE BREAK-IN ATTEMPT!
Jan  3 07:28:50 LabSZ sshd[17753]: pam_unix(sshd:auth): authentication failure; logname= uid=0 euid=0 tty=ssh ruser= rhost=183.192.189.131  user=root
Jan  3 07:28:51 LabSZ sshd[17751]: Failed password for root from 183.63.110.206 port 58798 ssh2
Jan  3 07:28:51 LabSZ sshd[17751]: Connection closed by 183.63.110.206 [preauth]
Jan  3 07:28:52 LabSZ sshd[17755]: pam_unix(sshd:auth): authentication failure; logname= uid=0 euid=0 tty=ssh ruser= rhost=183.63.110.206  user=root
Jan  3 07:28:52 LabSZ sshd[17753]: Failed password for root from 183.192.189.131 port 15008 ssh2
Jan  3 07:28:52 LabSZ sshd[17753]: Connection closed by 183.192.189.131 [preauth]
Jan  3 07:28:53 LabSZ sshd[17759]: reverse mapping checking getaddrinfo for . [183.192.189.131] failed - POSSIBLE BREAK-IN ATTEMPT!
Jan  3 07:28:53 LabSZ sshd[17759]: pam_unix(sshd:auth): authentication failure; logname= uid=0 euid=0 tty=ssh ruser= rhost=183.192.189.131  user=root
Jan  3 07:28:54 LabSZ sshd[17757]: Invalid user  0101 from 181.214.87.4
Jan  3 07:28:54 LabSZ sshd[17757]: input_userauth_request: invalid user  0101 [preauth]
Jan  3 07:28:54 LabSZ sshd[17757]: pam_unix(sshd:auth): check pass; user unknown
Jan  3 07:28:54 LabSZ sshd[17757]: pam_unix(sshd:auth): authentication failure; logname= uid=0 euid=0 tty=ssh ruser= rhost=181.214.87.4 
Jan  3 07:28:54 LabSZ sshd[17759]: Failed password for root from 183.192.189.131 port 15009 ssh2
Jan  3 07:28:54 LabSZ sshd[17759]: Connection closed by 183.192.189.131 [preauth]
Jan  3 07:28:55 LabSZ sshd[17761]: reverse mapping checking getaddrinfo for . [183.192.189.131] failed - POSSIBLE BREAK-IN ATTEMPT!
Jan  3 07:28:55 LabSZ sshd[17761]: pam_unix(sshd:auth): authentication failure; logname= uid=0 euid=0 tty=ssh ruser= rhost=183.192.189.131  user=root
Jan  3 07:28:55 LabSZ sshd[17755]: Failed password for root from 183.63.110.206 port 58900 ssh2
Jan  3 07:28:55 LabSZ sshd[17755]: Connection closed by 183.63.110.206 [preauth]
Jan  3 07:28:56 LabSZ sshd[17757]: Failed password for invalid user  0101 from 181.214.87.4 port 46955 ssh2
Jan  3 07:28:56 LabSZ sshd[17757]: Connection closed by 181.214.87.4 [preauth]
Jan  3 07:28:56 LabSZ sshd[17763]: pam_unix(sshd:auth): authentication failure; logname= uid=0 euid=0 tty=ssh ruser= rhost=183.63.110.206  user=root
Jan  3 07:28:57 LabSZ sshd[17761]: Failed password for root from 183.192.189.131 port 15010 ssh2
Jan  3 07:28:57 LabSZ sshd[17761]: Connection closed by 183.192.189.131 [preauth]
Jan  3 07:28:58 LabSZ sshd[17763]: Failed password for root from 183.63.110.206 port 59016 ssh2
Jan  3 07:28:59 LabSZ sshd[17763]: Connection closed by 183.63.110.206 [preauth]
Jan  3 07:29:00 LabSZ sshd[17768]: pam_unix(sshd:auth): authentication failure; logname= uid=0 euid=0 tty=ssh ruser= rhost=183.63.110.206  user=root
Jan  3 07:29:02 LabSZ sshd[17768]: Failed password for root from 183.63.110.206 port 59123 ssh2
Jan  3 07:29:02 LabSZ sshd[17768]: Connection closed by 183.63.110.206 [preauth]
Jan  3 07:29:03 LabSZ sshd[17765]: Invalid user 0 from 181.214.87.4
Jan  3 07:29:03 LabSZ sshd[17765]: input_userauth_request: invalid user 0 [preauth]
Jan  3 07:29:03 LabSZ sshd[17765]: Failed none for invalid user 0 from 181.214.87.4 port 42695 ssh2
Jan  3 07:29:03 LabSZ sshd[17771]: pam_unix(sshd:auth): authentication failure; logname= uid=0 euid=0 tty=ssh ruser= rhost=183.63.110.206  user=root
Jan  3 07:29:03 LabSZ sshd[17765]: pam_unix(sshd:auth): check pass; user unknown
Jan  3 07:29:03 LabSZ sshd[17765]: pam_unix(sshd:auth): authentication failure; logname= uid=0 euid=0 tty=ssh ruser= rhost=181.214.87.4 
Jan  3 07:29:06 LabSZ sshd[17771]: Failed password for root from 183.63.110.206 port 59230 ssh2
Jan  3 07:29:06 LabSZ sshd[17765]: Failed password for invalid user 0 from 181.214.87.4 port 42695 ssh2
Jan  3 07:29:06 LabSZ sshd[17771]: Connection closed by 183.63.110.206 [preauth]
Jan  3 07:29:07 LabSZ sshd[17765]: Connection closed by 181.214.87.4 [preauth]
Jan  3 07:29:07 LabSZ sshd[17766]: reverse mapping checking getaddrinfo for . [183.192.189.131] failed - POSSIBLE BREAK-IN ATTEMPT!
Jan  3 07:29:07 LabSZ sshd[17766]: pam_unix(sshd:auth): authentication failure; logname= uid=0 euid=0 tty=ssh ruser= rhost=183.192.189.131  user=root
Jan  3 07:29:08 LabSZ sshd[17773]: pam_unix(sshd:auth): authentication failure; logname= uid=0 euid=0 tty=ssh ruser= rhost=183.63.110.206  user=root
Jan  3 07:29:10 LabSZ sshd[17766]: Failed password for root from 183.192.189.131 port 15011 ssh2
Jan  3 07:29:10 LabSZ sshd[17766]: Connection closed by 183.192.189.131 [preauth]
Jan  3 07:29:10 LabSZ sshd[17773]: Failed password for root from 183.63.110.206 port 59344 ssh2
Jan  3 07:29:10 LabSZ sshd[17777]: reverse mapping checking getaddrinfo for . [183.192.189.131] failed - POSSIBLE BREAK-IN ATTEMPT!
Jan  3 07:29:10 LabSZ sshd[17777]: pam_unix(sshd:auth): authentication failure; logname= uid=0 euid=0 tty=ssh ruser= rhost=183.192.189.131  user=root
Jan  3 07:29:10 LabSZ sshd[17773]: Connection closed by 183.63.110.206 [preauth]
Jan  3 07:29:10 LabSZ sshd[17775]: Invalid user 1234 from 181.214.87.4
Jan  3 07:29:10 LabSZ sshd[17775]: input_userauth_request: invalid user 1234 [preauth]
Jan  3 07:29:10 LabSZ sshd[17775]: pam_unix(sshd:auth): check pass; user unknown
Jan  3 07:29:10 LabSZ sshd[17775]: pam_unix(sshd:auth): authentication failure; logname= uid=0 euid=0 tty=ssh ruser= rhost=181.214.87.4 
Jan  3 07:29:11 LabSZ sshd[17779]: pam_unix(sshd:auth): authentication failure; logname= uid=0 euid=0 tty=ssh ruser= rhost=183.63.110.206  user=root
Jan  3 07:29:12 LabSZ sshd[17777]: Failed password for root from 183.192.189.131 port 15012 ssh2
Jan  3 07:29:13 LabSZ sshd[17777]: Connection closed by 183.192.189.131 [preauth]
Jan  3 07:29:13 LabSZ sshd[17779]: Failed password for root from 183.63.110.206 port 59461 ssh2
Jan  3 07:29:13 LabSZ sshd[17781]: reverse mapping checking getaddrinfo for . [183.192.189.131] failed - POSSIBLE BREAK-IN ATTEMPT!
Jan  3 07:29:13 LabSZ sshd[17781]: pam_unix(sshd:auth): authentication failure; logname= uid=0 euid=0 tty=ssh ruser= rhost=183.192.189.131  user=root
Jan  3 07:29:13 LabSZ sshd[17775]: Failed password for invalid user 1234 from 181.214.87.4 port 56834 ssh2
Jan  3 07:29:13 LabSZ sshd[17779]: Connection closed by 183.63.110.206 [preauth]
Jan  3 07:29:13 LabSZ sshd[17775]: Connection closed by 181.214.87.4 [preauth]
Jan  3 07:29:14 LabSZ sshd[17781]: Failed password for root from 183.192.189.131 port 15013 ssh2
Jan  3 07:29:14 LabSZ sshd[17781]: Connection closed by 183.192.189.131 [preauth]
Jan  3 07:29:14 LabSZ sshd[17787]: reverse mapping checking getaddrinfo for . [183.192.189.131] failed - POSSIBLE BREAK-IN ATTEMPT!
Jan  3 07:29:14 LabSZ sshd[17787]: pam_unix(sshd:auth): authentication failure; logname= uid=0 euid=0 tty=ssh ruser= rhost=183.192.189.131  user=root
Jan  3 07:29:15 LabSZ sshd[17783]: pam_unix(sshd:auth): authentication failure; logname= uid=0 euid=0 tty=ssh ruser= rhost=183.63.110.206  user=root
Jan  3 07:29:15 LabSZ sshd[17785]: Invalid user admin from 181.214.87.4
Jan  3 07:29:15 LabSZ sshd[17785]: input_userauth_request: invalid user admin [preauth]
Jan  3 07:29:15 LabSZ sshd[17785]: Failed none for invalid user admin from 181.214.87.4 port 40018 ssh2
Jan  3 07:29:16 LabSZ sshd[17785]: Connection closed by 181.214.87.4 [preauth]
Jan  3 07:29:16 LabSZ sshd[17787]: Failed password for root from 183.192.189.131 port 15014 ssh2
