Jan  3 16:54:41 LabSZ sshd[4404]: message repeated 5 times: [ Failed password for root from 59.63.188.30 port 16548 ssh2]
Jan  3 16:54:41 LabSZ sshd[4404]: Disconnecting: Too many authentication failures for root [preauth]
Jan  3 16:54:41 LabSZ sshd[4404]: PAM 5 more authentication failures; logname= uid=0 euid=0 tty=ssh ruser= rhost=59.63.188.30  user=root
Jan  3 16:54:41 LabSZ sshd[4404]: PAM service(sshd) ignoring max retries; 6 > 3
Jan  3 16:54:42 LabSZ sshd[4408]: pam_unix(sshd:auth): authentication failure; logname= uid=0 euid=0 tty=ssh ruser= rhost=59.63.188.30  user=root
Jan  3 16:54:44 LabSZ sshd[4406]: pam_unix(sshd:auth): authentication failure; logname= uid=0 euid=0 tty=ssh ruser= rhost=218.87.109.156  user=root
Jan  3 16:54:44 LabSZ sshd[4408]: Failed password for root from 59.63.188.30 port 34855 ssh2
Jan  3 16:54:46 LabSZ sshd[4406]: Failed password for root from 218.87.109.156 port 55788 ssh2
Jan  3 16:54:56 LabSZ sshd[4408]: message repeated 5 times: [ Failed password for root from 59.63.188.30 port 34855 ssh2]
Jan  3 16:54:56 LabSZ sshd[4408]: Disconnecting: Too many authentication failures for root [preauth]
Jan  3 16:54:56 LabSZ sshd[4408]: PAM 5 more authentication failures; logname= uid=0 euid=0 tty=ssh ruser= rhost=59.63.188.30  user=root
Jan  3 16:54:56 LabSZ sshd[4408]: PAM service(sshd) ignoring max retries; 6 > 3
Jan  3 16:54:58 LabSZ sshd[4410]: pam_unix(sshd:auth): authentication failure; logname= uid=0 euid=0 tty=ssh ruser= rhost=59.63.188.30  user=root
Jan  3 16:54:58 LabSZ sshd[4406]: message repeated 5 times: [ Failed password for root from 218.87.109.156 port 55788 ssh2]
Jan  3 16:54:58 LabSZ sshd[4406]: Disconnecting: Too many authentication failures for root [preauth]
Jan  3 16:54:58 LabSZ sshd[4406]: PAM 5 more authentication failures; logname= uid=0 euid=0 tty=ssh ruser= rhost=218.87.109.156  user=root
Jan  3 16:54:58 LabSZ sshd[4406]: PAM service(sshd) ignoring max retries; 6 > 3
Jan  3 16:54:59 LabSZ sshd[4410]: Failed password for root from 59.63.188.30 port 52180 ssh2
Jan  3 16:55:00 LabSZ sshd[4412]: pam_unix(sshd:auth): authentication failure; logname= uid=0 euid=0 tty=ssh ruser= rhost=218.87.109.156  user=root
Jan  3 16:55:02 LabSZ sshd[4412]: Failed password for root from 218.87.109.156 port 42582 ssh2
Jan  3 16:55:12 LabSZ sshd[4410]: message repeated 5 times: [ Failed password for root from 59.63.188.30 port 52180 ssh2]
Jan  3 16:55:12 LabSZ sshd[4410]: Disconnecting: Too many authentication failures for root [preauth]
Jan  3 16:55:12 LabSZ sshd[4410]: PAM 5 more authentication failures; logname= uid=0 euid=0 tty=ssh ruser= rhost=59.63.188.30  user=root
Jan  3 16:55:12 LabSZ sshd[4410]: PAM service(sshd) ignoring max retries; 6 > 3
Jan  3 16:55:13 LabSZ sshd[4414]: pam_unix(sshd:auth): authentication failure; logname= uid=0 euid=0 tty=ssh ruser= rhost=59.63.188.30  user=root
Jan  3 16:55:15 LabSZ sshd[4412]: message repeated 5 times: [ Failed password for root from 218.87.109.156 port 42582 ssh2]
Jan  3 16:55:15 LabSZ sshd[4412]: Disconnecting: Too many authentication failures for root [preauth]
Jan  3 16:55:15 LabSZ sshd[4412]: PAM 5 more authentication failures; logname= uid=0 euid=0 tty=ssh ruser= rhost=218.87.109.156  user=root
Jan  3 16:55:15 LabSZ sshd[4412]: PAM service(sshd) ignoring max retries; 6 > 3
Jan  3 16:55:16 LabSZ sshd[4414]: Failed password for root from 59.63.188.30 port 5116 ssh2
Jan  3 16:55:21 LabSZ sshd[4416]: pam_unix(sshd:auth): authentication failure; logname= uid=0 euid=0 tty=ssh ruser= rhost=218.87.109.156  user=root
Jan  3 16:55:23 LabSZ sshd[4416]: Failed password for root from 218.87.109.156 port 16840 ssh2
Jan  3 16:55:29 LabSZ sshd[4414]: message repeated 5 times: [ Failed password for root from 59.63.188.30 port 5116 ssh2]
Jan  3 16:55:29 LabSZ sshd[4414]: Disconnecting: Too many authentication failures for root [preauth]
Jan  3 16:55:29 LabSZ sshd[4414]: PAM 5 more authentication failures; logname= uid=0 euid=0 tty=ssh ruser= rhost=59.63.188.30  user=root
Jan  3 16:55:29 LabSZ sshd[4414]: PAM service(sshd) ignoring max retries; 6 > 3
Jan  3 16:55:30 LabSZ sshd[4418]: pam_unix(sshd:auth): authentication failure; logname= uid=0 euid=0 tty=ssh ruser= rhost=59.63.188.30  user=root
Jan  3 16:55:32 LabSZ sshd[4418]: Failed password for root from 59.63.188.30 port 23361 ssh2
Jan  3 16:55:36 LabSZ sshd[4416]: message repeated 5 times: [ Failed password for root from 218.87.109.156 port 16840 ssh2]
Jan  3 16:55:36 LabSZ sshd[4416]: Disconnecting: Too many authentication failures for root [preauth]
Jan  3 16:55:36 LabSZ sshd[4416]: PAM 5 more authentication failures; logname= uid=0 euid=0 tty=ssh ruser= rhost=218.87.109.156  user=root
Jan  3 16:55:36 LabSZ sshd[4416]: PAM service(sshd) ignoring max retries; 6 > 3
Jan  3 16:55:41 LabSZ sshd[4422]: reverse mapping checking getaddrinfo for host166-96-61-217.static.arubacloud.com [217.61.96.166] failed - POSSIBLE BREAK-IN ATTEMPT!
Jan  3 16:55:41 LabSZ sshd[4422]: Invalid user ubnt from 217.61.96.166
Jan  3 16:55:41 LabSZ sshd[4422]: input_userauth_request: invalid user ubnt [preauth]
Jan  3 16:55:41 LabSZ sshd[4422]: pam_unix(sshd:auth): check pass; user unknown
Jan  3 16:55:41 LabSZ sshd[4422]: pam_unix(sshd:auth): authentication failure; logname= uid=0 euid=0 tty=ssh ruser= rhost=217.61.96.166 
Jan  3 16:55:41 LabSZ sshd[4420]: pam_unix(sshd:auth): authentication failure; logname= uid=0 euid=0 tty=ssh ruser= rhost=218.87.109.156  user=root
Jan  3 16:55:43 LabSZ sshd[4422]: Failed password for invalid user ubnt from 217.61.96.166 port 47850 ssh2
Jan  3 16:55:43 LabSZ sshd[4420]: Failed password for root from 218.87.109.156 port 1654 ssh2
Jan  3 16:55:43 LabSZ sshd[4422]: Received disconnect from 217.61.96.166: 11: Bye Bye [preauth]
Jan  3 16:55:45 LabSZ sshd[4418]: message repeated 5 times: [ Failed password for root from 59.63.188.30 port 23361 ssh2]
Jan  3 16:55:45 LabSZ sshd[4418]: Disconnecting: Too many authentication failures for root [preauth]
Jan  3 16:55:45 LabSZ sshd[4418]: PAM 5 more authentication failures; logname= uid=0 euid=0 tty=ssh ruser= rhost=59.63.188.30  user=root
Jan  3 16:55:45 LabSZ sshd[4418]: PAM service(sshd) ignoring max retries; 6 > 3
Jan  3 16:55:46 LabSZ sshd[4424]: reverse mapping checking getaddrinfo for host166-96-61-217.static.arubacloud.com [217.61.96.166] failed - POSSIBLE BREAK-IN ATTEMPT!
Jan  3 16:55:46 LabSZ sshd[4424]: Invalid user admin from 217.61.96.166
Jan  3 16:55:46 LabSZ sshd[4424]: input_userauth_request: invalid user admin [preauth]
Jan  3 16:55:46 LabSZ sshd[4424]: pam_unix(sshd:auth): check pass; user unknown
Jan  3 16:55:46 LabSZ sshd[4424]: pam_unix(sshd:auth): authentication failure; logname= uid=0 euid=0 tty=ssh ruser= rhost=217.61.96.166 
Jan  3 16:55:47 LabSZ sshd[4426]: pam_unix(sshd:auth): authentication failure; logname= uid=0 euid=0 tty=ssh ruser= rhost=59.63.188.30  user=root
Jan  3 16:55:48 LabSZ sshd[4424]: Failed password for invalid user admin from 217.61.96.166 port 58514 ssh2
Jan  3 16:55:48 LabSZ sshd[4424]: Received disconnect from 217.61.96.166: 11: Bye Bye [preauth]
Jan  3 16:55:49 LabSZ sshd[4426]: Failed password for root from 59.63.188.30 port 41768 ssh2
Jan  3 16:55:52 LabSZ sshd[4428]: reverse mapping checking getaddrinfo for host166-96-61-217.static.arubacloud.com [217.61.96.166] failed - POSSIBLE BREAK-IN ATTEMPT!
Jan  3 16:55:52 LabSZ sshd[4428]: pam_unix(sshd:auth): authentication failure; logname= uid=0 euid=0 tty=ssh ruser= rhost=217.61.96.166  user=root
Jan  3 16:55:55 LabSZ sshd[4428]: Failed password for root from 217.61.96.166 port 37664 ssh2
Jan  3 16:55:55 LabSZ sshd[4428]: Received disconnect from 217.61.96.166: 11: Bye Bye [preauth]
Jan  3 16:55:55 LabSZ sshd[4420]: message repeated 5 times: [ Failed password for root from 218.87.109.156 port 1654 ssh2]
Jan  3 16:55:55 LabSZ sshd[4420]: Disconnecting: Too many authentication failures for root [preauth]
Jan  3 16:55:55 LabSZ sshd[4420]: PAM 5 more authentication failures; logname= uid=0 euid=0 tty=ssh ruser= rhost=218.87.109.156  user=root
Jan  3 16:55:55 LabSZ sshd[4420]: PAM service(sshd) ignoring max retries; 6 > 3
Jan  3 16:55:58 LabSZ sshd[4430]: reverse mapping checking getaddrinfo for host166-96-61-217.static.arubacloud.com [217.61.96.166] failed - POSSIBLE BREAK-IN ATTEMPT!
Jan  3 16:55:58 LabSZ sshd[4430]: Invalid user 1234 from 217.61.96.166
Jan  3 16:55:58 LabSZ sshd[4430]: input_userauth_request: invalid user 1234 [preauth]
Jan  3 16:55:58 LabSZ sshd[4430]: pam_unix(sshd:auth): check pass; user unknown
Jan  3 16:55:58 LabSZ sshd[4430]: pam_unix(sshd:auth): authentication failure; logname= uid=0 euid=0 tty=ssh ruser= rhost=217.61.96.166 
Jan  3 16:56:00 LabSZ sshd[4430]: Failed password for invalid user 1234 from 217.61.96.166 port 46358 ssh2
Jan  3 16:56:00 LabSZ sshd[4430]: Received disconnect from 217.61.96.166: 11: Bye Bye [preauth]
Jan  3 16:56:02 LabSZ sshd[4426]: message repeated 5 times: [ Failed password for root from 59.63.188.30 port 41768 ssh2]
Jan  3 16:56:02 LabSZ sshd[4426]: Disconnecting: Too many authentication failures for root [preauth]
Jan  3 16:56:02 LabSZ sshd[4426]: PAM 5 more authentication failures; logname= uid=0 euid=0 tty=ssh ruser= rhost=59.63.188.30  user=root
Jan  3 16:56:02 LabSZ sshd[4426]: PAM service(sshd) ignoring max retries; 6 > 3
Jan  3 16:56:03 LabSZ sshd[4436]: pam_unix(sshd:auth): authentication failure; logname= uid=0 euid=0 tty=ssh ruser= rhost=59.63.188.30  user=root
Jan  3 16:56:05 LabSZ sshd[4436]: Failed password for root from 59.63.188.30 port 60017 ssh2
Jan  3 16:56:06 LabSZ sshd[4432]: pam_unix(sshd:auth): authentication failure; logname= uid=0 euid=0 tty=ssh ruser= rhost=218.87.109.156  user=root
Jan  3 16:56:08 LabSZ sshd[4432]: Failed password for root from 218.87.109.156 port 47116 ssh2
Jan  3 16:56:08 LabSZ sshd[4434]: reverse mapping checking getaddrinfo for host166-96-61-217.static.arubacloud.com [217.61.96.166] failed - POSSIBLE BREAK-IN ATTEMPT!
Jan  3 16:56:08 LabSZ sshd[4434]: Invalid user usuario from 217.61.96.166
Jan  3 16:56:08 LabSZ sshd[4434]: input_userauth_request: invalid user usuario [preauth]
Jan  3 16:56:08 LabSZ sshd[4434]: pam_unix(sshd:auth): check pass; user unknown
Jan  3 16:56:08 LabSZ sshd[4434]: pam_unix(sshd:auth): authentication failure; logname= uid=0 euid=0 tty=ssh ruser= rhost=217.61.96.166 
Jan  3 16:56:11 LabSZ sshd[4434]: Failed password for invalid user usuario from 217.61.96.166 port 52988 ssh2
Jan  3 16:56:11 LabSZ sshd[4434]: Connection closed by 217.61.96.166 [preauth]
Jan  3 16:56:18 LabSZ sshd[4436]: message repeated 5 times: [ Failed password for root from 59.63.188.30 port 60017 ssh2]
Jan  3 16:56:18 LabSZ sshd[4436]: Disconnecting: Too many authentication failures for root [preauth]
Jan  3 16:56:18 LabSZ sshd[4436]: PAM 5 more authentication failures; logname= uid=0 euid=0 tty=ssh ruser= rhost=59.63.188.30  user=root
Jan  3 16:56:18 LabSZ sshd[4436]: PAM service(sshd) ignoring max retries; 6 > 3
Jan  3 16:56:19 LabSZ sshd[4438]: pam_unix(sshd:auth): authentication failure; logname= uid=0 euid=0 tty=ssh ruser= rhost=59.63.188.30  user=root
Jan  3 16:56:21 LabSZ sshd[4438]: Failed password for root from 59.63.188.30 port 14097 ssh2
