Jan  3 09:38:43 LabSZ sshd[25494]: pam_unix(sshd:auth): authentication failure; logname= uid=0 euid=0 tty=ssh ruser= rhost=183.63.110.206  user=root
Jan  3 09:38:44 LabSZ sshd[25494]: Failed password for root from 183.63.110.206 port 45606 ssh2
Jan  3 09:38:45 LabSZ sshd[25494]: Connection closed by 183.63.110.206 [preauth]
Jan  3 09:38:46 LabSZ sshd[25498]: pam_unix(sshd:auth): authentication failure; logname= uid=0 euid=0 tty=ssh ruser= rhost=183.63.110.206  user=root
Jan  3 09:38:49 LabSZ sshd[25498]: Failed password for root from 183.63.110.206 port 45719 ssh2
Jan  3 09:38:49 LabSZ sshd[25498]: Connection closed by 183.63.110.206 [preauth]
Jan  3 09:38:50 LabSZ sshd[25500]: pam_unix(sshd:auth): authentication failure; logname= uid=0 euid=0 tty=ssh ruser= rhost=183.63.110.206  user=root
Jan  3 09:38:52 LabSZ sshd[25496]: reverse mapping checking getaddrinfo for . [183.192.189.131] failed - POSSIBLE BREAK-IN ATTEMPT!
Jan  3 09:38:52 LabSZ sshd[25496]: pam_unix(sshd:auth): authentication failure; logname= uid=0 euid=0 tty=ssh ruser= rhost=183.192.189.131  user=root
Jan  3 09:38:52 LabSZ sshd[25500]: Failed password for root from 183.63.110.206 port 45838 ssh2
Jan  3 09:38:53 LabSZ sshd[25500]: Connection closed by 183.63.110.206 [preauth]
Jan  3 09:38:53 LabSZ sshd[25444]: pam_unix(sshd:auth): check pass; user unknown
Jan  3 09:38:54 LabSZ sshd[25496]: Failed password for root from 183.192.189.131 port 18129 ssh2
Jan  3 09:38:54 LabSZ sshd[25496]: Connection closed by 183.192.189.131 [preauth]
Jan  3 09:38:54 LabSZ sshd[25504]: reverse mapping checking getaddrinfo for . [183.192.189.131] failed - POSSIBLE BREAK-IN ATTEMPT!
Jan  3 09:38:54 LabSZ sshd[25504]: pam_unix(sshd:auth): authentication failure; logname= uid=0 euid=0 tty=ssh ruser= rhost=183.192.189.131  user=root
Jan  3 09:38:54 LabSZ sshd[25502]: pam_unix(sshd:auth): authentication failure; logname= uid=0 euid=0 tty=ssh ruser= rhost=183.63.110.206  user=root
Jan  3 09:38:55 LabSZ sshd[25444]: Failed password for invalid user admin from 185.222.209.151 port 48246 ssh2
Jan  3 09:38:56 LabSZ sshd[25504]: Failed password for root from 183.192.189.131 port 18130 ssh2
Jan  3 09:38:56 LabSZ sshd[25504]: Connection closed by 183.192.189.131 [preauth]
Jan  3 09:38:56 LabSZ sshd[25502]: Failed password for root from 183.63.110.206 port 45977 ssh2
Jan  3 09:38:56 LabSZ sshd[25506]: reverse mapping checking getaddrinfo for . [183.192.189.131] failed - POSSIBLE BREAK-IN ATTEMPT!
Jan  3 09:38:56 LabSZ sshd[25506]: pam_unix(sshd:auth): authentication failure; logname= uid=0 euid=0 tty=ssh ruser= rhost=183.192.189.131  user=root
Jan  3 09:38:56 LabSZ sshd[25502]: Connection closed by 183.63.110.206 [preauth]
Jan  3 09:38:57 LabSZ sshd[25508]: pam_unix(sshd:auth): authentication failure; logname= uid=0 euid=0 tty=ssh ruser= rhost=183.63.110.206  user=root
Jan  3 09:38:58 LabSZ sshd[25506]: Failed password for root from 183.192.189.131 port 18131 ssh2
Jan  3 09:38:58 LabSZ sshd[25506]: Connection closed by 183.192.189.131 [preauth]
Jan  3 09:38:59 LabSZ sshd[25510]: reverse mapping checking getaddrinfo for . [183.192.189.131] failed - POSSIBLE BREAK-IN ATTEMPT!
Jan  3 09:38:59 LabSZ sshd[25510]: pam_unix(sshd:auth): authentication failure; logname= uid=0 euid=0 tty=ssh ruser= rhost=183.192.189.131  user=root
Jan  3 09:38:59 LabSZ sshd[25508]: Failed password for root from 183.63.110.206 port 46070 ssh2
Jan  3 09:38:59 LabSZ sshd[25508]: Connection closed by 183.63.110.206 [preauth]
Jan  3 09:39:01 LabSZ sshd[25510]: Failed password for root from 183.192.189.131 port 18132 ssh2
Jan  3 09:39:01 LabSZ sshd[25510]: Connection closed by 183.192.189.131 [preauth]
Jan  3 09:39:01 LabSZ sshd[25512]: pam_unix(sshd:auth): authentication failure; logname= uid=0 euid=0 tty=ssh ruser= rhost=183.63.110.206  user=root
Jan  3 09:39:01 LabSZ sshd[25514]: reverse mapping checking getaddrinfo for . [183.192.189.131] failed - POSSIBLE BREAK-IN ATTEMPT!
Jan  3 09:39:01 LabSZ sshd[25514]: pam_unix(sshd:auth): authentication failure; logname= uid=0 euid=0 tty=ssh ruser= rhost=183.192.189.131  user=root
Jan  3 09:39:03 LabSZ sshd[25512]: Failed password for root from 183.63.110.206 port 46168 ssh2
Jan  3 09:39:03 LabSZ sshd[25514]: Failed password for root from 183.192.189.131 port 18133 ssh2
Jan  3 09:39:03 LabSZ sshd[25514]: Connection closed by 183.192.189.131 [preauth]
Jan  3 09:39:03 LabSZ sshd[25512]: Connection closed by 183.63.110.206 [preauth]
Jan  3 09:39:04 LabSZ sshd[25530]: pam_unix(sshd:auth): authentication failure; logname= uid=0 euid=0 tty=ssh ruser= rhost=183.63.110.206  user=root
Jan  3 09:39:06 LabSZ sshd[25530]: Failed password for root from 183.63.110.206 port 46271 ssh2
Jan  3 09:39:07 LabSZ sshd[25530]: Connection closed by 183.63.110.206 [preauth]
Jan  3 09:39:08 LabSZ sshd[25534]: pam_unix(sshd:auth): authentication failure; logname= uid=0 euid=0 tty=ssh ruser= rhost=183.63.110.206  user=root
Jan  3 09:39:11 LabSZ sshd[25534]: Failed password for root from 183.63.110.206 port 46385 ssh2
Jan  3 09:39:11 LabSZ sshd[25534]: Connection closed by 183.63.110.206 [preauth]
Jan  3 09:39:12 LabSZ sshd[25444]: pam_unix(sshd:auth): check pass; user unknown
Jan  3 09:39:12 LabSZ sshd[25536]: pam_unix(sshd:auth): authentication failure; logname= uid=0 euid=0 tty=ssh ruser= rhost=183.63.110.206  user=root
Jan  3 09:39:13 LabSZ sshd[25531]: reverse mapping checking getaddrinfo for . [183.192.189.131] failed - POSSIBLE BREAK-IN ATTEMPT!
Jan  3 09:39:13 LabSZ sshd[25531]: pam_unix(sshd:auth): authentication failure; logname= uid=0 euid=0 tty=ssh ruser= rhost=183.192.189.131  user=root
Jan  3 09:39:13 LabSZ sshd[25444]: Failed password for invalid user admin from 185.222.209.151 port 48246 ssh2
Jan  3 09:39:14 LabSZ sshd[25536]: Failed password for root from 183.63.110.206 port 46530 ssh2
Jan  3 09:39:14 LabSZ sshd[25536]: Connection closed by 183.63.110.206 [preauth]
Jan  3 09:39:15 LabSZ sshd[25531]: Failed password for root from 183.192.189.131 port 18134 ssh2
Jan  3 09:39:15 LabSZ sshd[25531]: Connection closed by 183.192.189.131 [preauth]
Jan  3 09:39:15 LabSZ sshd[25538]: pam_unix(sshd:auth): authentication failure; logname= uid=0 euid=0 tty=ssh ruser= rhost=183.63.110.206  user=root
Jan  3 09:39:16 LabSZ sshd[25542]: pam_unix(sshd:auth): authentication failure; logname= uid=0 euid=0 tty=ssh ruser= rhost=58.53.219.75  user=root
Jan  3 09:39:18 LabSZ sshd[25538]: Failed password for root from 183.63.110.206 port 46616 ssh2
Jan  3 09:39:18 LabSZ sshd[25538]: Connection closed by 183.63.110.206 [preauth]
Jan  3 09:39:18 LabSZ sshd[25542]: Failed password for root from 58.53.219.75 port 59658 ssh2
Jan  3 09:39:19 LabSZ sshd[25544]: pam_unix(sshd:auth): authentication failure; logname= uid=0 euid=0 tty=ssh ruser= rhost=183.63.110.206  user=root
Jan  3 09:39:20 LabSZ sshd[25444]: pam_unix(sshd:auth): check pass; user unknown
Jan  3 09:39:20 LabSZ sshd[25544]: Failed password for root from 183.63.110.206 port 46731 ssh2
Jan  3 09:39:21 LabSZ sshd[25544]: Connection closed by 183.63.110.206 [preauth]
Jan  3 09:39:22 LabSZ sshd[25546]: pam_unix(sshd:auth): authentication failure; logname= uid=0 euid=0 tty=ssh ruser= rhost=183.63.110.206  user=root
Jan  3 09:39:22 LabSZ sshd[25444]: Failed password for invalid user admin from 185.222.209.151 port 48246 ssh2
Jan  3 09:39:24 LabSZ sshd[25546]: Failed password for root from 183.63.110.206 port 46843 ssh2
Jan  3 09:39:24 LabSZ sshd[25546]: Connection closed by 183.63.110.206 [preauth]
Jan  3 09:39:25 LabSZ sshd[25540]: reverse mapping checking getaddrinfo for . [183.192.189.131] failed - POSSIBLE BREAK-IN ATTEMPT!
Jan  3 09:39:25 LabSZ sshd[25540]: pam_unix(sshd:auth): authentication failure; logname= uid=0 euid=0 tty=ssh ruser= rhost=183.192.189.131  user=root
Jan  3 09:39:26 LabSZ sshd[25548]: pam_unix(sshd:auth): authentication failure; logname= uid=0 euid=0 tty=ssh ruser= rhost=183.63.110.206  user=root
Jan  3 09:39:26 LabSZ sshd[25444]: Connection closed by 185.222.209.151 [preauth]
Jan  3 09:39:26 LabSZ sshd[25444]: PAM 4 more authentication failures; logname= uid=0 euid=0 tty=ssh ruser= rhost=185.222.209.151 
Jan  3 09:39:26 LabSZ sshd[25444]: PAM service(sshd) ignoring max retries; 5 > 3
Jan  3 09:39:27 LabSZ sshd[25542]: message repeated 5 times: [ Failed password for root from 58.53.219.75 port 59658 ssh2]
Jan  3 09:39:27 LabSZ sshd[25542]: Disconnecting: Too many authentication failures for root [preauth]
Jan  3 09:39:27 LabSZ sshd[25542]: PAM 5 more authentication failures; logname= uid=0 euid=0 tty=ssh ruser= rhost=58.53.219.75  user=root
Jan  3 09:39:27 LabSZ sshd[25542]: PAM service(sshd) ignoring max retries; 6 > 3
Jan  3 09:39:27 LabSZ sshd[25540]: Failed password for root from 183.192.189.131 port 18135 ssh2
Jan  3 09:39:27 LabSZ sshd[25540]: Connection closed by 183.192.189.131 [preauth]
Jan  3 09:39:27 LabSZ sshd[25551]: reverse mapping checking getaddrinfo for . [183.192.189.131] failed - POSSIBLE BREAK-IN ATTEMPT!
Jan  3 09:39:27 LabSZ sshd[25551]: pam_unix(sshd:auth): authentication failure; logname= uid=0 euid=0 tty=ssh ruser= rhost=183.192.189.131  user=root
Jan  3 09:39:27 LabSZ sshd[25548]: Failed password for root from 183.63.110.206 port 46937 ssh2
Jan  3 09:39:28 LabSZ sshd[25548]: Connection closed by 183.63.110.206 [preauth]
Jan  3 09:39:29 LabSZ sshd[25553]: pam_unix(sshd:auth): authentication failure; logname= uid=0 euid=0 tty=ssh ruser= rhost=183.63.110.206  user=root
Jan  3 09:39:29 LabSZ sshd[25551]: Failed password for root from 183.192.189.131 port 18136 ssh2
Jan  3 09:39:30 LabSZ sshd[25551]: Connection closed by 183.192.189.131 [preauth]
Jan  3 09:39:30 LabSZ sshd[25555]: reverse mapping checking getaddrinfo for . [183.192.189.131] failed - POSSIBLE BREAK-IN ATTEMPT!
Jan  3 09:39:30 LabSZ sshd[25555]: pam_unix(sshd:auth): authentication failure; logname= uid=0 euid=0 tty=ssh ruser= rhost=183.192.189.131  user=root
Jan  3 09:39:31 LabSZ sshd[25553]: Failed password for root from 183.63.110.206 port 47029 ssh2
Jan  3 09:39:31 LabSZ sshd[25555]: Failed password for root from 183.192.189.131 port 18137 ssh2
Jan  3 09:39:31 LabSZ sshd[25555]: Connection closed by 183.192.189.131 [preauth]
Jan  3 09:39:31 LabSZ sshd[25553]: Connection closed by 183.63.110.206 [preauth]
Jan  3 09:39:32 LabSZ sshd[25558]: reverse mapping checking getaddrinfo for . [183.192.189.131] failed - POSSIBLE BREAK-IN ATTEMPT!
Jan  3 09:39:32 LabSZ sshd[25558]: pam_unix(sshd:auth): authentication failure; logname= uid=0 euid=0 tty=ssh ruser= rhost=183.192.189.131  user=root
Jan  3 09:39:33 LabSZ sshd[25557]: pam_unix(sshd:auth): authentication failure; logname= uid=0 euid=0 tty=ssh ruser= rhost=183.63.110.206  user=root
Jan  3 09:39:34 LabSZ sshd[25558]: Failed password for root from 183.192.189.131 port 18138 ssh2
Jan  3 09:39:34 LabSZ sshd[25558]: Connection closed by 183.192.189.131 [preauth]
Jan  3 09:39:34 LabSZ sshd[25561]: reverse mapping checking getaddrinfo for . [183.192.189.131] failed - POSSIBLE BREAK-IN ATTEMPT!
Jan  3 09:39:34 LabSZ sshd[25561]: pam_unix(sshd:auth): authentication failure; logname= uid=0 euid=0 tty=ssh ruser= rhost=183.192.189.131  user=root
