Jan  3 12:23:25 LabSZ sshd[392]: Invalid user etl from 119.7.221.129
Jan  3 12:23:25 LabSZ sshd[392]: input_userauth_request: invalid user etl [preauth]
Jan  3 12:23:25 LabSZ sshd[392]: pam_unix(sshd:auth): check pass; user unknown
Jan  3 12:23:25 LabSZ sshd[392]: pam_unix(sshd:auth): authentication failure; logname= uid=0 euid=0 tty=ssh ruser= rhost=119.7.221.129 
Jan  3 12:23:26 LabSZ sshd[376]: message repeated 5 times: [ Failed password for root from 59.63.188.30 port 19947 ssh2]
Jan  3 12:23:26 LabSZ sshd[376]: Disconnecting: Too many authentication failures for root [preauth]
Jan  3 12:23:26 LabSZ sshd[376]: PAM 5 more authentication failures; logname= uid=0 euid=0 tty=ssh ruser= rhost=59.63.188.30  user=root
Jan  3 12:23:26 LabSZ sshd[376]: PAM service(sshd) ignoring max retries; 6 > 3
Jan  3 12:23:27 LabSZ sshd[394]: pam_unix(sshd:auth): authentication failure; logname= uid=0 euid=0 tty=ssh ruser= rhost=59.63.188.30  user=root
Jan  3 12:23:27 LabSZ sshd[392]: Failed password for invalid user etl from 119.7.221.129 port 49623 ssh2
Jan  3 12:23:27 LabSZ sshd[392]: Received disconnect from 119.7.221.129: 11: Bye Bye [preauth]
Jan  3 12:23:28 LabSZ sshd[396]: Invalid user hmsftp from 119.7.221.129
Jan  3 12:23:28 LabSZ sshd[396]: input_userauth_request: invalid user hmsftp [preauth]
Jan  3 12:23:28 LabSZ sshd[396]: pam_unix(sshd:auth): check pass; user unknown
Jan  3 12:23:28 LabSZ sshd[396]: pam_unix(sshd:auth): authentication failure; logname= uid=0 euid=0 tty=ssh ruser= rhost=119.7.221.129 
Jan  3 12:23:29 LabSZ sshd[394]: Failed password for root from 59.63.188.30 port 36334 ssh2
Jan  3 12:23:30 LabSZ sshd[388]: reverse mapping checking getaddrinfo for . [183.192.189.131] failed - POSSIBLE BREAK-IN ATTEMPT!
Jan  3 12:23:30 LabSZ sshd[388]: pam_unix(sshd:auth): authentication failure; logname= uid=0 euid=0 tty=ssh ruser= rhost=183.192.189.131  user=root
Jan  3 12:23:30 LabSZ sshd[396]: Failed password for invalid user hmsftp from 119.7.221.129 port 50975 ssh2
Jan  3 12:23:30 LabSZ sshd[396]: Received disconnect from 119.7.221.129: 11: Bye Bye [preauth]
Jan  3 12:23:30 LabSZ sshd[398]: Invalid user lcap_oracle from 119.7.221.129
Jan  3 12:23:30 LabSZ sshd[398]: input_userauth_request: invalid user lcap_oracle [preauth]
Jan  3 12:23:30 LabSZ sshd[398]: pam_unix(sshd:auth): check pass; user unknown
Jan  3 12:23:30 LabSZ sshd[398]: pam_unix(sshd:auth): authentication failure; logname= uid=0 euid=0 tty=ssh ruser= rhost=119.7.221.129 
Jan  3 12:23:32 LabSZ sshd[388]: Failed password for root from 183.192.189.131 port 22573 ssh2
Jan  3 12:23:32 LabSZ sshd[388]: Connection closed by 183.192.189.131 [preauth]
Jan  3 12:23:32 LabSZ sshd[400]: reverse mapping checking getaddrinfo for . [183.192.189.131] failed - POSSIBLE BREAK-IN ATTEMPT!
Jan  3 12:23:32 LabSZ sshd[400]: pam_unix(sshd:auth): authentication failure; logname= uid=0 euid=0 tty=ssh ruser= rhost=183.192.189.131  user=root
Jan  3 12:23:32 LabSZ sshd[398]: Failed password for invalid user lcap_oracle from 119.7.221.129 port 52672 ssh2
Jan  3 12:23:32 LabSZ sshd[398]: Received disconnect from 119.7.221.129: 11: Bye Bye [preauth]
Jan  3 12:23:33 LabSZ sshd[402]: Invalid user setup from 119.7.221.129
Jan  3 12:23:33 LabSZ sshd[402]: input_userauth_request: invalid user setup [preauth]
Jan  3 12:23:33 LabSZ sshd[402]: pam_unix(sshd:auth): check pass; user unknown
Jan  3 12:23:33 LabSZ sshd[402]: pam_unix(sshd:auth): authentication failure; logname= uid=0 euid=0 tty=ssh ruser= rhost=119.7.221.129 
Jan  3 12:23:34 LabSZ sshd[400]: Failed password for root from 183.192.189.131 port 22574 ssh2
Jan  3 12:23:34 LabSZ sshd[400]: Connection closed by 183.192.189.131 [preauth]
Jan  3 12:23:35 LabSZ sshd[404]: reverse mapping checking getaddrinfo for . [183.192.189.131] failed - POSSIBLE BREAK-IN ATTEMPT!
Jan  3 12:23:35 LabSZ sshd[404]: pam_unix(sshd:auth): authentication failure; logname= uid=0 euid=0 tty=ssh ruser= rhost=183.192.189.131  user=root
Jan  3 12:23:35 LabSZ sshd[402]: Failed password for invalid user setup from 119.7.221.129 port 54344 ssh2
Jan  3 12:23:35 LabSZ sshd[402]: Received disconnect from 119.7.221.129: 11: Bye Bye [preauth]
Jan  3 12:23:36 LabSZ sshd[406]: Invalid user setup from 119.7.221.129
Jan  3 12:23:36 LabSZ sshd[406]: input_userauth_request: invalid user setup [preauth]
Jan  3 12:23:36 LabSZ sshd[406]: pam_unix(sshd:auth): check pass; user unknown
Jan  3 12:23:36 LabSZ sshd[406]: pam_unix(sshd:auth): authentication failure; logname= uid=0 euid=0 tty=ssh ruser= rhost=119.7.221.129 
Jan  3 12:23:36 LabSZ sshd[404]: Failed password for root from 183.192.189.131 port 22575 ssh2
Jan  3 12:23:37 LabSZ sshd[404]: Connection closed by 183.192.189.131 [preauth]
Jan  3 12:23:37 LabSZ sshd[408]: reverse mapping checking getaddrinfo for . [183.192.189.131] failed - POSSIBLE BREAK-IN ATTEMPT!
Jan  3 12:23:37 LabSZ sshd[408]: pam_unix(sshd:auth): authentication failure; logname= uid=0 euid=0 tty=ssh ruser= rhost=183.192.189.131  user=root
Jan  3 12:23:38 LabSZ sshd[406]: Failed password for invalid user setup from 119.7.221.129 port 56140 ssh2
Jan  3 12:23:38 LabSZ sshd[406]: Received disconnect from 119.7.221.129: 11: Bye Bye [preauth]
Jan  3 12:23:38 LabSZ sshd[410]: Invalid user mgmt from 119.7.221.129
Jan  3 12:23:38 LabSZ sshd[410]: input_userauth_request: invalid user mgmt [preauth]
Jan  3 12:23:38 LabSZ sshd[410]: pam_unix(sshd:auth): check pass; user unknown
Jan  3 12:23:38 LabSZ sshd[410]: pam_unix(sshd:auth): authentication failure; logname= uid=0 euid=0 tty=ssh ruser= rhost=119.7.221.129 
Jan  3 12:23:38 LabSZ sshd[408]: Failed password for root from 183.192.189.131 port 22576 ssh2
Jan  3 12:23:39 LabSZ sshd[408]: Connection closed by 183.192.189.131 [preauth]
Jan  3 12:23:39 LabSZ sshd[412]: reverse mapping checking getaddrinfo for . [183.192.189.131] failed - POSSIBLE BREAK-IN ATTEMPT!
Jan  3 12:23:39 LabSZ sshd[412]: pam_unix(sshd:auth): authentication failure; logname= uid=0 euid=0 tty=ssh ruser= rhost=183.192.189.131  user=root
Jan  3 12:23:40 LabSZ sshd[410]: Failed password for invalid user mgmt from 119.7.221.129 port 57679 ssh2
Jan  3 12:23:40 LabSZ sshd[410]: Received disconnect from 119.7.221.129: 11: Bye Bye [preauth]
Jan  3 12:23:40 LabSZ sshd[414]: Invalid user oracle from 119.7.221.129
Jan  3 12:23:40 LabSZ sshd[414]: input_userauth_request: invalid user oracle [preauth]
Jan  3 12:23:40 LabSZ sshd[414]: pam_unix(sshd:auth): check pass; user unknown
Jan  3 12:23:40 LabSZ sshd[414]: pam_unix(sshd:auth): authentication failure; logname= uid=0 euid=0 tty=ssh ruser= rhost=119.7.221.129 
Jan  3 12:23:41 LabSZ sshd[412]: Failed password for root from 183.192.189.131 port 22577 ssh2
Jan  3 12:23:41 LabSZ sshd[412]: Connection closed by 183.192.189.131 [preauth]
Jan  3 12:23:41 LabSZ sshd[416]: reverse mapping checking getaddrinfo for . [183.192.189.131] failed - POSSIBLE BREAK-IN ATTEMPT!
Jan  3 12:23:41 LabSZ sshd[416]: pam_unix(sshd:auth): authentication failure; logname= uid=0 euid=0 tty=ssh ruser= rhost=183.192.189.131  user=root
Jan  3 12:23:41 LabSZ sshd[394]: message repeated 5 times: [ Failed password for root from 59.63.188.30 port 36334 ssh2]
Jan  3 12:23:41 LabSZ sshd[394]: Disconnecting: Too many authentication failures for root [preauth]
Jan  3 12:23:41 LabSZ sshd[394]: PAM 5 more authentication failures; logname= uid=0 euid=0 tty=ssh ruser= rhost=59.63.188.30  user=root
Jan  3 12:23:41 LabSZ sshd[394]: PAM service(sshd) ignoring max retries; 6 > 3
Jan  3 12:23:42 LabSZ sshd[414]: Failed password for invalid user oracle from 119.7.221.129 port 58996 ssh2
Jan  3 12:23:42 LabSZ sshd[414]: Received disconnect from 119.7.221.129: 11: Bye Bye [preauth]
Jan  3 12:23:43 LabSZ sshd[418]: Invalid user prs from 119.7.221.129
Jan  3 12:23:43 LabSZ sshd[418]: input_userauth_request: invalid user prs [preauth]
Jan  3 12:23:43 LabSZ sshd[418]: pam_unix(sshd:auth): check pass; user unknown
Jan  3 12:23:43 LabSZ sshd[418]: pam_unix(sshd:auth): authentication failure; logname= uid=0 euid=0 tty=ssh ruser= rhost=119.7.221.129 
Jan  3 12:23:43 LabSZ sshd[420]: pam_unix(sshd:auth): authentication failure; logname= uid=0 euid=0 tty=ssh ruser= rhost=59.63.188.30  user=root
Jan  3 12:23:43 LabSZ sshd[416]: Failed password for root from 183.192.189.131 port 22578 ssh2
Jan  3 12:23:43 LabSZ sshd[416]: Connection closed by 183.192.189.131 [preauth]
Jan  3 12:23:43 LabSZ sshd[422]: reverse mapping checking getaddrinfo for . [183.192.189.131] failed - POSSIBLE BREAK-IN ATTEMPT!
Jan  3 12:23:43 LabSZ sshd[422]: pam_unix(sshd:auth): authentication failure; logname= uid=0 euid=0 tty=ssh ruser= rhost=183.192.189.131  user=root
Jan  3 12:23:44 LabSZ sshd[418]: Failed password for invalid user prs from 119.7.221.129 port 60595 ssh2
Jan  3 12:23:44 LabSZ sshd[418]: Received disconnect from 119.7.221.129: 11: Bye Bye [preauth]
Jan  3 12:23:45 LabSZ sshd[420]: Failed password for root from 59.63.188.30 port 54252 ssh2
Jan  3 12:23:45 LabSZ sshd[424]: Invalid user pxe from 119.7.221.129
Jan  3 12:23:45 LabSZ sshd[424]: input_userauth_request: invalid user pxe [preauth]
Jan  3 12:23:45 LabSZ sshd[424]: pam_unix(sshd:auth): check pass; user unknown
Jan  3 12:23:45 LabSZ sshd[424]: pam_unix(sshd:auth): authentication failure; logname= uid=0 euid=0 tty=ssh ruser= rhost=119.7.221.129 
Jan  3 12:23:45 LabSZ sshd[422]: Failed password for root from 183.192.189.131 port 22579 ssh2
Jan  3 12:23:45 LabSZ sshd[422]: Connection closed by 183.192.189.131 [preauth]
Jan  3 12:23:47 LabSZ sshd[424]: Failed password for invalid user pxe from 119.7.221.129 port 33782 ssh2
Jan  3 12:23:47 LabSZ sshd[424]: Received disconnect from 119.7.221.129: 11: Bye Bye [preauth]
Jan  3 12:23:47 LabSZ sshd[428]: pam_unix(sshd:auth): authentication failure; logname= uid=0 euid=0 tty=ssh ruser= rhost=119.7.221.129  user=root
Jan  3 12:23:50 LabSZ sshd[428]: Failed password for root from 119.7.221.129 port 35324 ssh2
Jan  3 12:23:50 LabSZ sshd[428]: Received disconnect from 119.7.221.129: 11: Bye Bye [preauth]
Jan  3 12:23:50 LabSZ sshd[430]: Invalid user tmc from 119.7.221.129
Jan  3 12:23:50 LabSZ sshd[430]: input_userauth_request: invalid user tmc [preauth]
Jan  3 12:23:50 LabSZ sshd[430]: pam_unix(sshd:auth): check pass; user unknown
