Jan  5 04:48:58 LabSZ sshd[13976]: Failed password for root from 59.63.188.30 port 39414 ssh2
Jan  5 04:49:08 LabSZ sshd[13974]: message repeated 5 times: [ Failed password for root from 218.65.30.122 port 35446 ssh2]
Jan  5 04:49:08 LabSZ sshd[13974]: Disconnecting: Too many authentication failures for root [preauth]
Jan  5 04:49:08 LabSZ sshd[13974]: PAM 5 more authentication failures; logname= uid=0 euid=0 tty=ssh ruser= rhost=218.65.30.122  user=root
Jan  5 04:49:08 LabSZ sshd[13974]: PAM service(sshd) ignoring max retries; 6 > 3
Jan  5 04:49:09 LabSZ sshd[13978]: reverse mapping checking getaddrinfo for 122.30.65.218.broad.xy.jx.dynamic.163data.com.cn [218.65.30.122] failed - POSSIBLE BREAK-IN ATTEMPT!
Jan  5 04:49:09 LabSZ sshd[13978]: pam_unix(sshd:auth): authentication failure; logname= uid=0 euid=0 tty=ssh ruser= rhost=218.65.30.122  user=root
Jan  5 04:49:09 LabSZ sshd[13976]: message repeated 5 times: [ Failed password for root from 59.63.188.30 port 39414 ssh2]
Jan  5 04:49:09 LabSZ sshd[13976]: Disconnecting: Too many authentication failures for root [preauth]
Jan  5 04:49:09 LabSZ sshd[13976]: PAM 5 more authentication failures; logname= uid=0 euid=0 tty=ssh ruser= rhost=59.63.188.30  user=root
Jan  5 04:49:09 LabSZ sshd[13976]: PAM service(sshd) ignoring max retries; 6 > 3
Jan  5 04:49:10 LabSZ sshd[13980]: pam_unix(sshd:auth): authentication failure; logname= uid=0 euid=0 tty=ssh ruser= rhost=59.63.188.30  user=root
Jan  5 04:49:11 LabSZ sshd[13978]: Failed password for root from 218.65.30.122 port 42842 ssh2
Jan  5 04:49:13 LabSZ sshd[13980]: Failed password for root from 59.63.188.30 port 59611 ssh2
Jan  5 04:49:21 LabSZ sshd[13978]: message repeated 5 times: [ Failed password for root from 218.65.30.122 port 42842 ssh2]
Jan  5 04:49:21 LabSZ sshd[13978]: Disconnecting: Too many authentication failures for root [preauth]
Jan  5 04:49:21 LabSZ sshd[13978]: PAM 5 more authentication failures; logname= uid=0 euid=0 tty=ssh ruser= rhost=218.65.30.122  user=root
Jan  5 04:49:21 LabSZ sshd[13978]: PAM service(sshd) ignoring max retries; 6 > 3
Jan  5 04:49:22 LabSZ sshd[13982]: reverse mapping checking getaddrinfo for 122.30.65.218.broad.xy.jx.dynamic.163data.com.cn [218.65.30.122] failed - POSSIBLE BREAK-IN ATTEMPT!
Jan  5 04:49:22 LabSZ sshd[13982]: pam_unix(sshd:auth): authentication failure; logname= uid=0 euid=0 tty=ssh ruser= rhost=218.65.30.122  user=root
Jan  5 04:49:24 LabSZ sshd[13980]: message repeated 5 times: [ Failed password for root from 59.63.188.30 port 59611 ssh2]
Jan  5 04:49:24 LabSZ sshd[13980]: Disconnecting: Too many authentication failures for root [preauth]
Jan  5 04:49:24 LabSZ sshd[13980]: PAM 5 more authentication failures; logname= uid=0 euid=0 tty=ssh ruser= rhost=59.63.188.30  user=root
Jan  5 04:49:24 LabSZ sshd[13980]: PAM service(sshd) ignoring max retries; 6 > 3
Jan  5 04:49:25 LabSZ sshd[13982]: Failed password for root from 218.65.30.122 port 50144 ssh2
Jan  5 04:49:25 LabSZ sshd[13984]: pam_unix(sshd:auth): authentication failure; logname= uid=0 euid=0 tty=ssh ruser= rhost=59.63.188.30  user=root
Jan  5 04:49:26 LabSZ sshd[13984]: Failed password for root from 59.63.188.30 port 5307 ssh2
Jan  5 04:49:36 LabSZ sshd[13982]: message repeated 5 times: [ Failed password for root from 218.65.30.122 port 50144 ssh2]
Jan  5 04:49:36 LabSZ sshd[13982]: Disconnecting: Too many authentication failures for root [preauth]
Jan  5 04:49:36 LabSZ sshd[13982]: PAM 5 more authentication failures; logname= uid=0 euid=0 tty=ssh ruser= rhost=218.65.30.122  user=root
Jan  5 04:49:36 LabSZ sshd[13982]: PAM service(sshd) ignoring max retries; 6 > 3
Jan  5 04:49:37 LabSZ sshd[13986]: reverse mapping checking getaddrinfo for 122.30.65.218.broad.xy.jx.dynamic.163data.com.cn [218.65.30.122] failed - POSSIBLE BREAK-IN ATTEMPT!
Jan  5 04:49:37 LabSZ sshd[13986]: pam_unix(sshd:auth): authentication failure; logname= uid=0 euid=0 tty=ssh ruser= rhost=218.65.30.122  user=root
Jan  5 04:49:39 LabSZ sshd[13986]: Failed password for root from 218.65.30.122 port 57976 ssh2
Jan  5 04:49:42 LabSZ sshd[13984]: message repeated 5 times: [ Failed password for root from 59.63.188.30 port 5307 ssh2]
Jan  5 04:49:42 LabSZ sshd[13984]: Disconnecting: Too many authentication failures for root [preauth]
Jan  5 04:49:42 LabSZ sshd[13984]: PAM 5 more authentication failures; logname= uid=0 euid=0 tty=ssh ruser= rhost=59.63.188.30  user=root
Jan  5 04:49:42 LabSZ sshd[13984]: PAM service(sshd) ignoring max retries; 6 > 3
Jan  5 04:49:44 LabSZ sshd[13988]: pam_unix(sshd:auth): authentication failure; logname= uid=0 euid=0 tty=ssh ruser= rhost=59.63.188.30  user=root
Jan  5 04:49:45 LabSZ sshd[13988]: Failed password for root from 59.63.188.30 port 26842 ssh2
Jan  5 04:49:50 LabSZ sshd[13986]: message repeated 5 times: [ Failed password for root from 218.65.30.122 port 57976 ssh2]
Jan  5 04:49:50 LabSZ sshd[13986]: Disconnecting: Too many authentication failures for root [preauth]
Jan  5 04:49:50 LabSZ sshd[13986]: PAM 5 more authentication failures; logname= uid=0 euid=0 tty=ssh ruser= rhost=218.65.30.122  user=root
Jan  5 04:49:50 LabSZ sshd[13986]: PAM service(sshd) ignoring max retries; 6 > 3
Jan  5 04:49:51 LabSZ sshd[13990]: reverse mapping checking getaddrinfo for 122.30.65.218.broad.xy.jx.dynamic.163data.com.cn [218.65.30.122] failed - POSSIBLE BREAK-IN ATTEMPT!
Jan  5 04:49:51 LabSZ sshd[13990]: pam_unix(sshd:auth): authentication failure; logname= uid=0 euid=0 tty=ssh ruser= rhost=218.65.30.122  user=root
Jan  5 04:49:53 LabSZ sshd[13990]: Failed password for root from 218.65.30.122 port 64912 ssh2
Jan  5 04:49:57 LabSZ sshd[13988]: message repeated 5 times: [ Failed password for root from 59.63.188.30 port 26842 ssh2]
Jan  5 04:49:57 LabSZ sshd[13988]: Disconnecting: Too many authentication failures for root [preauth]
Jan  5 04:49:57 LabSZ sshd[13988]: PAM 5 more authentication failures; logname= uid=0 euid=0 tty=ssh ruser= rhost=59.63.188.30  user=root
Jan  5 04:49:57 LabSZ sshd[13988]: PAM service(sshd) ignoring max retries; 6 > 3
Jan  5 04:49:58 LabSZ sshd[13994]: pam_unix(sshd:auth): authentication failure; logname= uid=0 euid=0 tty=ssh ruser= rhost=59.63.188.30  user=root
Jan  5 04:49:59 LabSZ sshd[13992]: Invalid user usuario from 185.103.108.210
Jan  5 04:49:59 LabSZ sshd[13992]: input_userauth_request: invalid user usuario [preauth]
Jan  5 04:49:59 LabSZ sshd[13992]: pam_unix(sshd:auth): check pass; user unknown
Jan  5 04:49:59 LabSZ sshd[13992]: pam_unix(sshd:auth): authentication failure; logname= uid=0 euid=0 tty=ssh ruser= rhost=185.103.108.210 
Jan  5 04:50:00 LabSZ sshd[13994]: Failed password for root from 59.63.188.30 port 46742 ssh2
Jan  5 04:50:01 LabSZ sshd[13992]: Failed password for invalid user usuario from 185.103.108.210 port 34025 ssh2
Jan  5 04:50:01 LabSZ sshd[13992]: pam_unix(sshd:auth): check pass; user unknown
Jan  5 04:50:03 LabSZ sshd[13992]: Failed password for invalid user usuario from 185.103.108.210 port 34025 ssh2
Jan  5 04:50:03 LabSZ sshd[13992]: pam_unix(sshd:auth): check pass; user unknown
Jan  5 04:50:05 LabSZ sshd[13990]: message repeated 5 times: [ Failed password for root from 218.65.30.122 port 64912 ssh2]
Jan  5 04:50:05 LabSZ sshd[13990]: Disconnecting: Too many authentication failures for root [preauth]
Jan  5 04:50:05 LabSZ sshd[13990]: PAM 5 more authentication failures; logname= uid=0 euid=0 tty=ssh ruser= rhost=218.65.30.122  user=root
Jan  5 04:50:05 LabSZ sshd[13990]: PAM service(sshd) ignoring max retries; 6 > 3
Jan  5 04:50:05 LabSZ sshd[13992]: Failed password for invalid user usuario from 185.103.108.210 port 34025 ssh2
Jan  5 04:50:05 LabSZ sshd[13992]: pam_unix(sshd:auth): check pass; user unknown
Jan  5 04:50:06 LabSZ sshd[13996]: reverse mapping checking getaddrinfo for 122.30.65.218.broad.xy.jx.dynamic.163data.com.cn [218.65.30.122] failed - POSSIBLE BREAK-IN ATTEMPT!
Jan  5 04:50:06 LabSZ sshd[13996]: pam_unix(sshd:auth): authentication failure; logname= uid=0 euid=0 tty=ssh ruser= rhost=218.65.30.122  user=root
Jan  5 04:50:07 LabSZ sshd[13992]: Failed password for invalid user usuario from 185.103.108.210 port 34025 ssh2
Jan  5 04:50:08 LabSZ sshd[13992]: pam_unix(sshd:auth): check pass; user unknown
Jan  5 04:50:08 LabSZ sshd[13996]: Failed password for root from 218.65.30.122 port 7772 ssh2
Jan  5 04:50:09 LabSZ sshd[13992]: Failed password for invalid user usuario from 185.103.108.210 port 34025 ssh2
Jan  5 04:50:10 LabSZ sshd[13992]: pam_unix(sshd:auth): check pass; user unknown
Jan  5 04:50:12 LabSZ sshd[13992]: Failed password for invalid user usuario from 185.103.108.210 port 34025 ssh2
Jan  5 04:50:12 LabSZ sshd[13992]: Disconnecting: Too many authentication failures for usuario [preauth]
Jan  5 04:50:12 LabSZ sshd[13992]: PAM 5 more authentication failures; logname= uid=0 euid=0 tty=ssh ruser= rhost=185.103.108.210 
Jan  5 04:50:12 LabSZ sshd[13992]: PAM service(sshd) ignoring max retries; 6 > 3
Jan  5 04:50:13 LabSZ sshd[13994]: message repeated 5 times: [ Failed password for root from 59.63.188.30 port 46742 ssh2]
Jan  5 04:50:13 LabSZ sshd[13994]: Disconnecting: Too many authentication failures for root [preauth]
Jan  5 04:50:13 LabSZ sshd[13994]: PAM 5 more authentication failures; logname= uid=0 euid=0 tty=ssh ruser= rhost=59.63.188.30  user=root
Jan  5 04:50:13 LabSZ sshd[13994]: PAM service(sshd) ignoring max retries; 6 > 3
Jan  5 04:50:15 LabSZ sshd[13998]: pam_unix(sshd:auth): authentication failure; logname= uid=0 euid=0 tty=ssh ruser= rhost=59.63.188.30  user=root
Jan  5 04:50:17 LabSZ sshd[13998]: Failed password for root from 59.63.188.30 port 2974 ssh2
Jan  5 04:50:20 LabSZ sshd[13996]: message repeated 5 times: [ Failed password for root from 218.65.30.122 port 7772 ssh2]
Jan  5 04:50:20 LabSZ sshd[13996]: Disconnecting: Too many authentication failures for root [preauth]
Jan  5 04:50:20 LabSZ sshd[13996]: PAM 5 more authentication failures; logname= uid=0 euid=0 tty=ssh ruser= rhost=218.65.30.122  user=root
Jan  5 04:50:20 LabSZ sshd[13996]: PAM service(sshd) ignoring max retries; 6 > 3
Jan  5 04:50:21 LabSZ sshd[14000]: reverse mapping checking getaddrinfo for 122.30.65.218.broad.xy.jx.dynamic.163data.com.cn [218.65.30.122] failed - POSSIBLE BREAK-IN ATTEMPT!
Jan  5 04:50:21 LabSZ sshd[14000]: pam_unix(sshd:auth): authentication failure; logname= uid=0 euid=0 tty=ssh ruser= rhost=218.65.30.122  user=root
Jan  5 04:50:24 LabSZ sshd[14000]: Failed password for root from 218.65.30.122 port 15146 ssh2
Jan  5 04:50:29 LabSZ sshd[13998]: message repeated 5 times: [ Failed password for root from 59.63.188.30 port 2974 ssh2]
Jan  5 04:50:29 LabSZ sshd[13998]: Disconnecting: Too many authentication failures for root [preauth]
Jan  5 04:50:29 LabSZ sshd[13998]: PAM 5 more authentication failures; logname= uid=0 euid=0 tty=ssh ruser= rhost=59.63.188.30  user=root
Jan  5 04:50:29 LabSZ sshd[13998]: PAM service(sshd) ignoring max retries; 6 > 3
Jan  5 04:50:30 LabSZ sshd[14002]: pam_unix(sshd:auth): authentication failure; logname= uid=0 euid=0 tty=ssh ruser= rhost=59.63.188.30  user=root
Jan  5 04:50:33 LabSZ sshd[14002]: Failed password for root from 59.63.188.30 port 12520 ssh2
Jan  5 04:50:36 LabSZ sshd[14000]: message repeated 5 times: [ Failed password for root from 218.65.30.122 port 15146 ssh2]
Jan  5 04:50:36 LabSZ sshd[14000]: Disconnecting: Too many authentication failures for root [preauth]
Jan  5 04:50:36 LabSZ sshd[14000]: PAM 5 more authentication failures; logname= uid=0 euid=0 tty=ssh ruser= rhost=218.65.30.122  user=root
