Dec 12 04:37:25 LabSZ sshd[14809]: pam_unix(sshd:auth): authentication failure; logname= uid=0 euid=0 tty=ssh ruser= rhost=42.159.145.29 
Dec 12 04:37:28 LabSZ sshd[14811]: Failed password for root from 183.238.178.195 port 51954 ssh2
Dec 12 04:37:28 LabSZ sshd[14811]: Connection closed by 183.238.178.195 [preauth]
Dec 12 04:37:28 LabSZ sshd[14809]: Failed password for invalid user postgres from 42.159.145.29 port 49410 ssh2
Dec 12 04:37:28 LabSZ sshd[14809]: Received disconnect from 42.159.145.29: 11: Bye Bye [preauth]
Dec 12 04:37:28 LabSZ sshd[14813]: pam_unix(sshd:auth): authentication failure; logname= uid=0 euid=0 tty=ssh ruser= rhost=183.238.178.195  user=root
Dec 12 04:37:28 LabSZ sshd[14815]: Invalid user postgres from 42.159.145.29
Dec 12 04:37:28 LabSZ sshd[14815]: input_userauth_request: invalid user postgres [preauth]
Dec 12 04:37:28 LabSZ sshd[14815]: pam_unix(sshd:auth): check pass; user unknown
Dec 12 04:37:28 LabSZ sshd[14815]: pam_unix(sshd:auth): authentication failure; logname= uid=0 euid=0 tty=ssh ruser= rhost=42.159.145.29 
Dec 12 04:37:29 LabSZ sshd[14813]: Failed password for root from 183.238.178.195 port 52301 ssh2
Dec 12 04:37:29 LabSZ sshd[14813]: Connection closed by 183.238.178.195 [preauth]
Dec 12 04:37:29 LabSZ sshd[14817]: pam_unix(sshd:auth): authentication failure; logname= uid=0 euid=0 tty=ssh ruser= rhost=183.238.178.195  user=root
Dec 12 04:37:30 LabSZ sshd[14815]: Failed password for invalid user postgres from 42.159.145.29 port 49855 ssh2
Dec 12 04:37:30 LabSZ sshd[14815]: Received disconnect from 42.159.145.29: 11: Bye Bye [preauth]
Dec 12 04:37:30 LabSZ sshd[14819]: Invalid user demo from 42.159.145.29
Dec 12 04:37:30 LabSZ sshd[14819]: input_userauth_request: invalid user demo [preauth]
Dec 12 04:37:30 LabSZ sshd[14819]: pam_unix(sshd:auth): check pass; user unknown
Dec 12 04:37:30 LabSZ sshd[14819]: pam_unix(sshd:auth): authentication failure; logname= uid=0 euid=0 tty=ssh ruser= rhost=42.159.145.29 
Dec 12 04:37:32 LabSZ sshd[14817]: Failed password for root from 183.238.178.195 port 52531 ssh2
Dec 12 04:37:32 LabSZ sshd[14817]: Connection closed by 183.238.178.195 [preauth]
Dec 12 04:37:32 LabSZ sshd[14821]: pam_unix(sshd:auth): authentication failure; logname= uid=0 euid=0 tty=ssh ruser= rhost=183.238.178.195  user=root
Dec 12 04:37:32 LabSZ sshd[14819]: Failed password for invalid user demo from 42.159.145.29 port 50157 ssh2
Dec 12 04:37:32 LabSZ sshd[14819]: Received disconnect from 42.159.145.29: 11: Bye Bye [preauth]
Dec 12 04:37:33 LabSZ sshd[14823]: Invalid user demo from 42.159.145.29
Dec 12 04:37:33 LabSZ sshd[14823]: input_userauth_request: invalid user demo [preauth]
Dec 12 04:37:33 LabSZ sshd[14823]: pam_unix(sshd:auth): check pass; user unknown
Dec 12 04:37:33 LabSZ sshd[14823]: pam_unix(sshd:auth): authentication failure; logname= uid=0 euid=0 tty=ssh ruser= rhost=42.159.145.29 
Dec 12 04:37:34 LabSZ sshd[14823]: Failed password for invalid user demo from 42.159.145.29 port 50569 ssh2
Dec 12 04:37:34 LabSZ sshd[14823]: Received disconnect from 42.159.145.29: 11: Bye Bye [preauth]
Dec 12 04:37:34 LabSZ sshd[14821]: Failed password for root from 183.238.178.195 port 52818 ssh2
Dec 12 04:37:34 LabSZ sshd[14821]: Connection closed by 183.238.178.195 [preauth]
Dec 12 04:37:34 LabSZ sshd[14826]: pam_unix(sshd:auth): authentication failure; logname= uid=0 euid=0 tty=ssh ruser= rhost=183.238.178.195  user=root
Dec 12 04:37:35 LabSZ sshd[14825]: pam_unix(sshd:auth): authentication failure; logname= uid=0 euid=0 tty=ssh ruser= rhost=42.159.145.29  user=backup
Dec 12 04:37:36 LabSZ sshd[14825]: Failed password for backup from 42.159.145.29 port 50873 ssh2
Dec 12 04:37:37 LabSZ sshd[14825]: Received disconnect from 42.159.145.29: 11: Bye Bye [preauth]
Dec 12 04:37:37 LabSZ sshd[14826]: Failed password for root from 183.238.178.195 port 53152 ssh2
Dec 12 04:37:37 LabSZ sshd[14826]: Connection closed by 183.238.178.195 [preauth]
Dec 12 04:37:37 LabSZ sshd[14830]: pam_unix(sshd:auth): authentication failure; logname= uid=0 euid=0 tty=ssh ruser= rhost=183.238.178.195  user=root
Dec 12 04:37:37 LabSZ sshd[14829]: pam_unix(sshd:auth): authentication failure; logname= uid=0 euid=0 tty=ssh ruser= rhost=42.159.145.29  user=backup
Dec 12 04:37:39 LabSZ sshd[14830]: Failed password for root from 183.238.178.195 port 53447 ssh2
Dec 12 04:37:39 LabSZ sshd[14830]: Connection closed by 183.238.178.195 [preauth]
Dec 12 04:37:39 LabSZ sshd[14833]: pam_unix(sshd:auth): authentication failure; logname= uid=0 euid=0 tty=ssh ruser= rhost=183.238.178.195  user=root
Dec 12 04:37:39 LabSZ sshd[14829]: Failed password for backup from 42.159.145.29 port 51218 ssh2
Dec 12 04:37:39 LabSZ sshd[14829]: Received disconnect from 42.159.145.29: 11: Bye Bye [preauth]
Dec 12 04:37:40 LabSZ sshd[14835]: pam_unix(sshd:auth): authentication failure; logname= uid=0 euid=0 tty=ssh ruser= rhost=42.159.145.29  user=backup
Dec 12 04:37:41 LabSZ sshd[14833]: Failed password for root from 183.238.178.195 port 53780 ssh2
Dec 12 04:37:41 LabSZ sshd[14833]: Connection closed by 183.238.178.195 [preauth]
Dec 12 04:37:41 LabSZ sshd[14837]: pam_unix(sshd:auth): authentication failure; logname= uid=0 euid=0 tty=ssh ruser= rhost=183.238.178.195  user=root
Dec 12 04:37:41 LabSZ sshd[14835]: Failed password for backup from 42.159.145.29 port 51667 ssh2
Dec 12 04:37:41 LabSZ sshd[14835]: Received disconnect from 42.159.145.29: 11: Bye Bye [preauth]
Dec 12 04:37:42 LabSZ sshd[14839]: pam_unix(sshd:auth): authentication failure; logname= uid=0 euid=0 tty=ssh ruser= rhost=42.159.145.29  user=backup
Dec 12 04:37:43 LabSZ sshd[14837]: Failed password for root from 183.238.178.195 port 53984 ssh2
Dec 12 04:37:43 LabSZ sshd[14837]: Connection closed by 183.238.178.195 [preauth]
Dec 12 04:37:43 LabSZ sshd[14841]: pam_unix(sshd:auth): authentication failure; logname= uid=0 euid=0 tty=ssh ruser= rhost=183.238.178.195  user=root
Dec 12 04:37:44 LabSZ sshd[14839]: Failed password for backup from 42.159.145.29 port 51940 ssh2
Dec 12 04:37:44 LabSZ sshd[14839]: Received disconnect from 42.159.145.29: 11: Bye Bye [preauth]
Dec 12 04:37:44 LabSZ sshd[14843]: pam_unix(sshd:auth): authentication failure; logname= uid=0 euid=0 tty=ssh ruser= rhost=42.159.145.29  user=backup
Dec 12 04:37:45 LabSZ sshd[14841]: Failed password for root from 183.238.178.195 port 54299 ssh2
Dec 12 04:37:45 LabSZ sshd[14841]: Connection closed by 183.238.178.195 [preauth]
Dec 12 04:37:45 LabSZ sshd[14845]: pam_unix(sshd:auth): authentication failure; logname= uid=0 euid=0 tty=ssh ruser= rhost=183.238.178.195  user=root
Dec 12 04:37:47 LabSZ sshd[14843]: Failed password for backup from 42.159.145.29 port 52302 ssh2
Dec 12 04:37:47 LabSZ sshd[14843]: Received disconnect from 42.159.145.29: 11: Bye Bye [preauth]
Dec 12 04:37:47 LabSZ sshd[14847]: pam_unix(sshd:auth): authentication failure; logname= uid=0 euid=0 tty=ssh ruser= rhost=42.159.145.29  user=backup
Dec 12 04:37:47 LabSZ sshd[14845]: Failed password for root from 183.238.178.195 port 54585 ssh2
Dec 12 04:37:47 LabSZ sshd[14845]: Connection closed by 183.238.178.195 [preauth]
Dec 12 04:37:48 LabSZ sshd[14849]: pam_unix(sshd:auth): authentication failure; logname= uid=0 euid=0 tty=ssh ruser= rhost=183.238.178.195  user=root
Dec 12 04:37:49 LabSZ sshd[14847]: Failed password for backup from 42.159.145.29 port 52775 ssh2
Dec 12 04:37:49 LabSZ sshd[14847]: Received disconnect from 42.159.145.29: 11: Bye Bye [preauth]
Dec 12 04:37:49 LabSZ sshd[14851]: Invalid user backup17 from 42.159.145.29
Dec 12 04:37:49 LabSZ sshd[14851]: input_userauth_request: invalid user backup17 [preauth]
Dec 12 04:37:49 LabSZ sshd[14851]: pam_unix(sshd:auth): check pass; user unknown
Dec 12 04:37:49 LabSZ sshd[14851]: pam_unix(sshd:auth): authentication failure; logname= uid=0 euid=0 tty=ssh ruser= rhost=42.159.145.29 
Dec 12 04:37:50 LabSZ sshd[14849]: Failed password for root from 183.238.178.195 port 54879 ssh2
Dec 12 04:37:50 LabSZ sshd[14849]: Connection closed by 183.238.178.195 [preauth]
Dec 12 04:37:50 LabSZ sshd[14853]: pam_unix(sshd:auth): authentication failure; logname= uid=0 euid=0 tty=ssh ruser= rhost=183.238.178.195  user=root
Dec 12 04:37:52 LabSZ sshd[14851]: Failed password for invalid user backup17 from 42.159.145.29 port 53091 ssh2
Dec 12 04:37:52 LabSZ sshd[14851]: Received disconnect from 42.159.145.29: 11: Bye Bye [preauth]
Dec 12 04:37:52 LabSZ sshd[14855]: pam_unix(sshd:auth): authentication failure; logname= uid=0 euid=0 tty=ssh ruser= rhost=42.159.145.29  user=backup
Dec 12 04:37:52 LabSZ sshd[14853]: Failed password for root from 183.238.178.195 port 55205 ssh2
Dec 12 04:37:52 LabSZ sshd[14853]: Connection closed by 183.238.178.195 [preauth]
Dec 12 04:37:53 LabSZ sshd[14857]: pam_unix(sshd:auth): authentication failure; logname= uid=0 euid=0 tty=ssh ruser= rhost=183.238.178.195  user=root
Dec 12 04:37:54 LabSZ sshd[14855]: Failed password for backup from 42.159.145.29 port 53536 ssh2
Dec 12 04:37:54 LabSZ sshd[14855]: Received disconnect from 42.159.145.29: 11: Bye Bye [preauth]
Dec 12 04:37:54 LabSZ sshd[14859]: pam_unix(sshd:auth): authentication failure; logname= uid=0 euid=0 tty=ssh ruser= rhost=42.159.145.29  user=backup
Dec 12 04:37:55 LabSZ sshd[14857]: Failed password for root from 183.238.178.195 port 55525 ssh2
Dec 12 04:37:55 LabSZ sshd[14857]: Connection closed by 183.238.178.195 [preauth]
Dec 12 04:37:55 LabSZ sshd[14861]: pam_unix(sshd:auth): authentication failure; logname= uid=0 euid=0 tty=ssh ruser= rhost=183.238.178.195  user=root
Dec 12 04:37:56 LabSZ sshd[14859]: Failed password for backup from 42.159.145.29 port 53842 ssh2
Dec 12 04:37:56 LabSZ sshd[14859]: Received disconnect from 42.159.145.29: 11: Bye Bye [preauth]
Dec 12 04:37:56 LabSZ sshd[14863]: Invalid user toor from 42.159.145.29
Dec 12 04:37:56 LabSZ sshd[14863]: input_userauth_request: invalid user toor [preauth]
Dec 12 04:37:56 LabSZ sshd[14863]: pam_unix(sshd:auth): check pass; user unknown
Dec 12 04:37:56 LabSZ sshd[14863]: pam_unix(sshd:auth): authentication failure; logname= uid=0 euid=0 tty=ssh ruser= rhost=42.159.145.29 
Dec 12 04:37:58 LabSZ sshd[14861]: Failed password for root from 183.238.178.195 port 55815 ssh2
Dec 12 04:37:58 LabSZ sshd[14861]: Connection closed by 183.238.178.195 [preauth]
Dec 12 04:37:58 LabSZ sshd[14865]: pam_unix(sshd:auth): authentication failure; logname= uid=0 euid=0 tty=ssh ruser= rhost=183.238.178.195  user=root
Dec 12 04:37:59 LabSZ sshd[14863]: Failed password for invalid user toor from 42.159.145.29 port 54214 ssh2
Dec 12 04:37:59 LabSZ sshd[14863]: Received disconnect from 42.159.145.29: 11: Bye Bye [preauth]
Dec 12 04:38:00 LabSZ sshd[14865]: Failed password for root from 183.238.178.195 port 56211 ssh2
