Jan  4 04:41:19 LabSZ sshd[17689]: pam_unix(sshd:auth): authentication failure; logname= uid=0 euid=0 tty=ssh ruser= rhost=193.201.224.232 
Jan  4 04:41:19 LabSZ sshd[17691]: Invalid user test from 181.214.87.4
Jan  4 04:41:19 LabSZ sshd[17691]: input_userauth_request: invalid user test [preauth]
Jan  4 04:41:19 LabSZ sshd[17691]: pam_unix(sshd:auth): check pass; user unknown
Jan  4 04:41:19 LabSZ sshd[17691]: pam_unix(sshd:auth): authentication failure; logname= uid=0 euid=0 tty=ssh ruser= rhost=181.214.87.4 
Jan  4 04:41:20 LabSZ sshd[17695]: pam_unix(sshd:auth): authentication failure; logname= uid=0 euid=0 tty=ssh ruser= rhost=59.63.188.30  user=root
Jan  4 04:41:21 LabSZ sshd[17689]: Failed password for invalid user admin from 193.201.224.232 port 32484 ssh2
Jan  4 04:41:21 LabSZ sshd[17689]: pam_unix(sshd:auth): check pass; user unknown
Jan  4 04:41:21 LabSZ sshd[17691]: Failed password for invalid user test from 181.214.87.4 port 54849 ssh2
Jan  4 04:41:22 LabSZ sshd[17691]: Connection closed by 181.214.87.4 [preauth]
Jan  4 04:41:22 LabSZ sshd[17695]: Failed password for root from 59.63.188.30 port 50523 ssh2
Jan  4 04:41:23 LabSZ sshd[17689]: Failed password for invalid user admin from 193.201.224.232 port 32484 ssh2
Jan  4 04:41:23 LabSZ sshd[17689]: pam_unix(sshd:auth): check pass; user unknown
Jan  4 04:41:24 LabSZ sshd[17697]: Invalid user ubnt from 181.214.87.4
Jan  4 04:41:24 LabSZ sshd[17697]: input_userauth_request: invalid user ubnt [preauth]
Jan  4 04:41:24 LabSZ sshd[17697]: pam_unix(sshd:auth): check pass; user unknown
Jan  4 04:41:24 LabSZ sshd[17697]: pam_unix(sshd:auth): authentication failure; logname= uid=0 euid=0 tty=ssh ruser= rhost=181.214.87.4 
Jan  4 04:41:25 LabSZ sshd[17689]: Failed password for invalid user admin from 193.201.224.232 port 32484 ssh2
Jan  4 04:41:26 LabSZ sshd[17697]: Failed password for invalid user ubnt from 181.214.87.4 port 59406 ssh2
Jan  4 04:41:26 LabSZ sshd[17689]: pam_unix(sshd:auth): check pass; user unknown
Jan  4 04:41:26 LabSZ sshd[17697]: Connection closed by 181.214.87.4 [preauth]
Jan  4 04:41:27 LabSZ sshd[17683]: message repeated 5 times: [ Failed password for root from 59.63.188.30 port 39336 ssh2]
Jan  4 04:41:27 LabSZ sshd[17683]: Disconnecting: Too many authentication failures for root [preauth]
Jan  4 04:41:27 LabSZ sshd[17683]: PAM 5 more authentication failures; logname= uid=0 euid=0 tty=ssh ruser= rhost=59.63.188.30  user=root
Jan  4 04:41:27 LabSZ sshd[17683]: PAM service(sshd) ignoring max retries; 6 > 3
Jan  4 04:41:28 LabSZ sshd[17699]: Invalid user user from 181.214.87.4
Jan  4 04:41:28 LabSZ sshd[17699]: input_userauth_request: invalid user user [preauth]
Jan  4 04:41:28 LabSZ sshd[17699]: pam_unix(sshd:auth): check pass; user unknown
Jan  4 04:41:28 LabSZ sshd[17699]: pam_unix(sshd:auth): authentication failure; logname= uid=0 euid=0 tty=ssh ruser= rhost=181.214.87.4 
Jan  4 04:41:28 LabSZ sshd[17689]: Failed password for invalid user admin from 193.201.224.232 port 32484 ssh2
Jan  4 04:41:28 LabSZ sshd[17701]: pam_unix(sshd:auth): authentication failure; logname= uid=0 euid=0 tty=ssh ruser= rhost=59.63.188.30  user=root
Jan  4 04:41:29 LabSZ sshd[17689]: pam_unix(sshd:auth): check pass; user unknown
Jan  4 04:41:29 LabSZ sshd[17699]: Failed password for invalid user user from 181.214.87.4 port 41935 ssh2
Jan  4 04:41:29 LabSZ sshd[17699]: Connection closed by 181.214.87.4 [preauth]
Jan  4 04:41:30 LabSZ sshd[17689]: Failed password for invalid user admin from 193.201.224.232 port 32484 ssh2
Jan  4 04:41:30 LabSZ sshd[17701]: Failed password for root from 59.63.188.30 port 60737 ssh2
Jan  4 04:41:30 LabSZ sshd[17689]: pam_unix(sshd:auth): check pass; user unknown
Jan  4 04:41:31 LabSZ sshd[17703]: Invalid user user from 181.214.87.4
Jan  4 04:41:31 LabSZ sshd[17703]: input_userauth_request: invalid user user [preauth]
Jan  4 04:41:31 LabSZ sshd[17703]: pam_unix(sshd:auth): check pass; user unknown
Jan  4 04:41:31 LabSZ sshd[17703]: pam_unix(sshd:auth): authentication failure; logname= uid=0 euid=0 tty=ssh ruser= rhost=181.214.87.4 
Jan  4 04:41:33 LabSZ sshd[17689]: Failed password for invalid user admin from 193.201.224.232 port 32484 ssh2
Jan  4 04:41:33 LabSZ sshd[17689]: Disconnecting: Too many authentication failures for admin [preauth]
Jan  4 04:41:33 LabSZ sshd[17689]: PAM 5 more authentication failures; logname= uid=0 euid=0 tty=ssh ruser= rhost=193.201.224.232 
Jan  4 04:41:33 LabSZ sshd[17689]: PAM service(sshd) ignoring max retries; 6 > 3
Jan  4 04:41:33 LabSZ sshd[17703]: Failed password for invalid user user from 181.214.87.4 port 56347 ssh2
Jan  4 04:41:34 LabSZ sshd[17703]: Connection closed by 181.214.87.4 [preauth]
Jan  4 04:41:34 LabSZ sshd[17693]: Received disconnect from 218.87.109.156: 11:  [preauth]
Jan  4 04:41:35 LabSZ sshd[17705]: Invalid user admin from 193.201.224.232
Jan  4 04:41:35 LabSZ sshd[17705]: input_userauth_request: invalid user admin [preauth]
Jan  4 04:41:35 LabSZ sshd[17705]: pam_unix(sshd:auth): check pass; user unknown
Jan  4 04:41:35 LabSZ sshd[17705]: pam_unix(sshd:auth): authentication failure; logname= uid=0 euid=0 tty=ssh ruser= rhost=193.201.224.232 
Jan  4 04:41:35 LabSZ sshd[17695]: message repeated 5 times: [ Failed password for root from 59.63.188.30 port 50523 ssh2]
Jan  4 04:41:35 LabSZ sshd[17695]: Disconnecting: Too many authentication failures for root [preauth]
Jan  4 04:41:35 LabSZ sshd[17695]: PAM 5 more authentication failures; logname= uid=0 euid=0 tty=ssh ruser= rhost=59.63.188.30  user=root
Jan  4 04:41:35 LabSZ sshd[17695]: PAM service(sshd) ignoring max retries; 6 > 3
Jan  4 04:41:36 LabSZ sshd[17707]: Invalid user user1 from 181.214.87.4
Jan  4 04:41:36 LabSZ sshd[17707]: input_userauth_request: invalid user user1 [preauth]
Jan  4 04:41:36 LabSZ sshd[17707]: Failed none for invalid user user1 from 181.214.87.4 port 44115 ssh2
Jan  4 04:41:36 LabSZ sshd[17707]: pam_unix(sshd:auth): check pass; user unknown
Jan  4 04:41:36 LabSZ sshd[17707]: pam_unix(sshd:auth): authentication failure; logname= uid=0 euid=0 tty=ssh ruser= rhost=181.214.87.4 
Jan  4 04:41:36 LabSZ sshd[17709]: pam_unix(sshd:auth): authentication failure; logname= uid=0 euid=0 tty=ssh ruser= rhost=59.63.188.30  user=root
Jan  4 04:41:37 LabSZ sshd[17705]: Failed password for invalid user admin from 193.201.224.232 port 60644 ssh2
Jan  4 04:41:37 LabSZ sshd[17705]: pam_unix(sshd:auth): check pass; user unknown
Jan  4 04:41:38 LabSZ sshd[17707]: Failed password for invalid user user1 from 181.214.87.4 port 44115 ssh2
Jan  4 04:41:38 LabSZ sshd[17707]: Connection closed by 181.214.87.4 [preauth]
Jan  4 04:41:38 LabSZ sshd[17709]: Failed password for root from 59.63.188.30 port 7222 ssh2
Jan  4 04:41:40 LabSZ sshd[17705]: Failed password for invalid user admin from 193.201.224.232 port 60644 ssh2
Jan  4 04:41:40 LabSZ sshd[17705]: pam_unix(sshd:auth): check pass; user unknown
Jan  4 04:41:41 LabSZ sshd[17705]: Failed password for invalid user admin from 193.201.224.232 port 60644 ssh2
Jan  4 04:41:41 LabSZ sshd[17705]: pam_unix(sshd:auth): check pass; user unknown
Jan  4 04:41:41 LabSZ sshd[17687]: message repeated 5 times: [ Failed password for root from 182.100.67.52 port 38054 ssh2]
Jan  4 04:41:41 LabSZ sshd[17687]: Disconnecting: Too many authentication failures for root [preauth]
Jan  4 04:41:41 LabSZ sshd[17687]: PAM 5 more authentication failures; logname= uid=0 euid=0 tty=ssh ruser= rhost=182.100.67.52  user=root
Jan  4 04:41:41 LabSZ sshd[17687]: PAM service(sshd) ignoring max retries; 6 > 3
Jan  4 04:41:43 LabSZ sshd[17711]: pam_unix(sshd:auth): authentication failure; logname= uid=0 euid=0 tty=ssh ruser= rhost=182.100.67.52  user=root
Jan  4 04:41:43 LabSZ sshd[17701]: message repeated 5 times: [ Failed password for root from 59.63.188.30 port 60737 ssh2]
Jan  4 04:41:43 LabSZ sshd[17701]: Disconnecting: Too many authentication failures for root [preauth]
Jan  4 04:41:43 LabSZ sshd[17701]: PAM 5 more authentication failures; logname= uid=0 euid=0 tty=ssh ruser= rhost=59.63.188.30  user=root
Jan  4 04:41:43 LabSZ sshd[17701]: PAM service(sshd) ignoring max retries; 6 > 3
Jan  4 04:41:44 LabSZ sshd[17705]: Failed password for invalid user admin from 193.201.224.232 port 60644 ssh2
Jan  4 04:41:44 LabSZ sshd[17705]: pam_unix(sshd:auth): check pass; user unknown
Jan  4 04:41:44 LabSZ sshd[17713]: pam_unix(sshd:auth): authentication failure; logname= uid=0 euid=0 tty=ssh ruser= rhost=59.63.188.30  user=root
Jan  4 04:41:45 LabSZ sshd[17711]: Failed password for root from 182.100.67.52 port 34074 ssh2
Jan  4 04:41:47 LabSZ sshd[17705]: Failed password for invalid user admin from 193.201.224.232 port 60644 ssh2
Jan  4 04:41:47 LabSZ sshd[17705]: pam_unix(sshd:auth): check pass; user unknown
Jan  4 04:41:47 LabSZ sshd[17713]: Failed password for root from 59.63.188.30 port 17304 ssh2
Jan  4 04:41:49 LabSZ sshd[17705]: Failed password for invalid user admin from 193.201.224.232 port 60644 ssh2
Jan  4 04:41:49 LabSZ sshd[17705]: Disconnecting: Too many authentication failures for admin [preauth]
Jan  4 04:41:49 LabSZ sshd[17705]: PAM 5 more authentication failures; logname= uid=0 euid=0 tty=ssh ruser= rhost=193.201.224.232 
Jan  4 04:41:49 LabSZ sshd[17705]: PAM service(sshd) ignoring max retries; 6 > 3
Jan  4 04:41:51 LabSZ sshd[17715]: Invalid user admin from 193.201.224.232
Jan  4 04:41:51 LabSZ sshd[17715]: input_userauth_request: invalid user admin [preauth]
Jan  4 04:41:51 LabSZ sshd[17715]: pam_unix(sshd:auth): check pass; user unknown
Jan  4 04:41:51 LabSZ sshd[17715]: pam_unix(sshd:auth): authentication failure; logname= uid=0 euid=0 tty=ssh ruser= rhost=193.201.224.232 
Jan  4 04:41:52 LabSZ sshd[17709]: message repeated 5 times: [ Failed password for root from 59.63.188.30 port 7222 ssh2]
Jan  4 04:41:52 LabSZ sshd[17709]: Disconnecting: Too many authentication failures for root [preauth]
Jan  4 04:41:52 LabSZ sshd[17709]: PAM 5 more authentication failures; logname= uid=0 euid=0 tty=ssh ruser= rhost=59.63.188.30  user=root
Jan  4 04:41:52 LabSZ sshd[17709]: PAM service(sshd) ignoring max retries; 6 > 3
Jan  4 04:41:53 LabSZ sshd[17717]: pam_unix(sshd:auth): authentication failure; logname= uid=0 euid=0 tty=ssh ruser= rhost=59.63.188.30  user=root
