Jan  4 05:52:05 LabSZ sshd[19707]: PAM 5 more authentication failures; logname= uid=0 euid=0 tty=ssh ruser= rhost=182.100.67.52  user=root
Jan  4 05:52:05 LabSZ sshd[19707]: PAM service(sshd) ignoring max retries; 6 > 3
Jan  4 05:52:06 LabSZ sshd[19715]: pam_unix(sshd:auth): authentication failure; logname= uid=0 euid=0 tty=ssh ruser= rhost=182.100.67.52  user=root
Jan  4 05:52:08 LabSZ sshd[19709]: message repeated 5 times: [ Failed password for root from 59.63.188.30 port 33678 ssh2]
Jan  4 05:52:08 LabSZ sshd[19709]: Disconnecting: Too many authentication failures for root [preauth]
Jan  4 05:52:08 LabSZ sshd[19709]: PAM 5 more authentication failures; logname= uid=0 euid=0 tty=ssh ruser= rhost=59.63.188.30  user=root
Jan  4 05:52:08 LabSZ sshd[19709]: PAM service(sshd) ignoring max retries; 6 > 3
Jan  4 05:52:09 LabSZ sshd[19715]: Failed password for root from 182.100.67.52 port 41430 ssh2
Jan  4 05:52:11 LabSZ sshd[19713]: pam_unix(sshd:auth): authentication failure; logname= uid=0 euid=0 tty=ssh ruser= rhost=59.63.188.30  user=root
Jan  4 05:52:12 LabSZ sshd[19717]: pam_unix(sshd:auth): authentication failure; logname= uid=0 euid=0 tty=ssh ruser= rhost=59.63.188.30  user=root
Jan  4 05:52:13 LabSZ sshd[19713]: Failed password for root from 59.63.188.30 port 40750 ssh2
Jan  4 05:52:13 LabSZ sshd[19711]: message repeated 5 times: [ Failed password for root from 218.87.109.156 port 47718 ssh2]
Jan  4 05:52:13 LabSZ sshd[19711]: Disconnecting: Too many authentication failures for root [preauth]
Jan  4 05:52:13 LabSZ sshd[19711]: PAM 5 more authentication failures; logname= uid=0 euid=0 tty=ssh ruser= rhost=218.87.109.156  user=root
Jan  4 05:52:13 LabSZ sshd[19711]: PAM service(sshd) ignoring max retries; 6 > 3
Jan  4 05:52:14 LabSZ sshd[19717]: Failed password for root from 59.63.188.30 port 56861 ssh2
Jan  4 05:52:15 LabSZ sshd[19719]: pam_unix(sshd:auth): authentication failure; logname= uid=0 euid=0 tty=ssh ruser= rhost=218.87.109.156  user=root
Jan  4 05:52:16 LabSZ sshd[19719]: Failed password for root from 218.87.109.156 port 18836 ssh2
Jan  4 05:52:22 LabSZ sshd[19715]: message repeated 5 times: [ Failed password for root from 182.100.67.52 port 41430 ssh2]
Jan  4 05:52:22 LabSZ sshd[19715]: Disconnecting: Too many authentication failures for root [preauth]
Jan  4 05:52:22 LabSZ sshd[19715]: PAM 5 more authentication failures; logname= uid=0 euid=0 tty=ssh ruser= rhost=182.100.67.52  user=root
Jan  4 05:52:22 LabSZ sshd[19715]: PAM service(sshd) ignoring max retries; 6 > 3
Jan  4 05:52:23 LabSZ sshd[19721]: pam_unix(sshd:auth): authentication failure; logname= uid=0 euid=0 tty=ssh ruser= rhost=182.100.67.52  user=root
Jan  4 05:52:25 LabSZ sshd[19721]: Failed password for root from 182.100.67.52 port 11364 ssh2
Jan  4 05:52:26 LabSZ sshd[19713]: message repeated 5 times: [ Failed password for root from 59.63.188.30 port 40750 ssh2]
Jan  4 05:52:26 LabSZ sshd[19713]: Disconnecting: Too many authentication failures for root [preauth]
Jan  4 05:52:26 LabSZ sshd[19713]: PAM 5 more authentication failures; logname= uid=0 euid=0 tty=ssh ruser= rhost=59.63.188.30  user=root
Jan  4 05:52:26 LabSZ sshd[19713]: PAM service(sshd) ignoring max retries; 6 > 3
Jan  4 05:52:27 LabSZ sshd[19717]: message repeated 5 times: [ Failed password for root from 59.63.188.30 port 56861 ssh2]
Jan  4 05:52:27 LabSZ sshd[19717]: Disconnecting: Too many authentication failures for root [preauth]
Jan  4 05:52:27 LabSZ sshd[19717]: PAM 5 more authentication failures; logname= uid=0 euid=0 tty=ssh ruser= rhost=59.63.188.30  user=root
Jan  4 05:52:27 LabSZ sshd[19717]: PAM service(sshd) ignoring max retries; 6 > 3
Jan  4 05:52:27 LabSZ sshd[19723]: pam_unix(sshd:auth): authentication failure; logname= uid=0 euid=0 tty=ssh ruser= rhost=59.63.188.30  user=root
Jan  4 05:52:29 LabSZ sshd[19719]: message repeated 5 times: [ Failed password for root from 218.87.109.156 port 18836 ssh2]
Jan  4 05:52:29 LabSZ sshd[19719]: Disconnecting: Too many authentication failures for root [preauth]
Jan  4 05:52:29 LabSZ sshd[19719]: PAM 5 more authentication failures; logname= uid=0 euid=0 tty=ssh ruser= rhost=218.87.109.156  user=root
Jan  4 05:52:29 LabSZ sshd[19719]: PAM service(sshd) ignoring max retries; 6 > 3
Jan  4 05:52:29 LabSZ sshd[19723]: Failed password for root from 59.63.188.30 port 65264 ssh2
Jan  4 05:52:30 LabSZ sshd[19727]: pam_unix(sshd:auth): authentication failure; logname= uid=0 euid=0 tty=ssh ruser= rhost=218.87.109.156  user=root
Jan  4 05:52:32 LabSZ sshd[19727]: Failed password for root from 218.87.109.156 port 52178 ssh2
Jan  4 05:52:34 LabSZ sshd[19725]: pam_unix(sshd:auth): authentication failure; logname= uid=0 euid=0 tty=ssh ruser= rhost=59.63.188.30  user=root
Jan  4 05:52:36 LabSZ sshd[19725]: Failed password for root from 59.63.188.30 port 2774 ssh2
Jan  4 05:52:38 LabSZ sshd[19721]: message repeated 5 times: [ Failed password for root from 182.100.67.52 port 11364 ssh2]
Jan  4 05:52:38 LabSZ sshd[19721]: Disconnecting: Too many authentication failures for root [preauth]
Jan  4 05:52:38 LabSZ sshd[19721]: PAM 5 more authentication failures; logname= uid=0 euid=0 tty=ssh ruser= rhost=182.100.67.52  user=root
Jan  4 05:52:38 LabSZ sshd[19721]: PAM service(sshd) ignoring max retries; 6 > 3
Jan  4 05:52:39 LabSZ sshd[19729]: pam_unix(sshd:auth): authentication failure; logname= uid=0 euid=0 tty=ssh ruser= rhost=182.100.67.52  user=root
Jan  4 05:52:41 LabSZ sshd[19729]: Failed password for root from 182.100.67.52 port 46672 ssh2
Jan  4 05:52:45 LabSZ sshd[19727]: message repeated 5 times: [ Failed password for root from 218.87.109.156 port 52178 ssh2]
Jan  4 05:52:45 LabSZ sshd[19727]: Disconnecting: Too many authentication failures for root [preauth]
Jan  4 05:52:45 LabSZ sshd[19727]: PAM 5 more authentication failures; logname= uid=0 euid=0 tty=ssh ruser= rhost=218.87.109.156  user=root
Jan  4 05:52:45 LabSZ sshd[19727]: PAM service(sshd) ignoring max retries; 6 > 3
Jan  4 05:52:47 LabSZ sshd[19723]: message repeated 5 times: [ Failed password for root from 59.63.188.30 port 65264 ssh2]
Jan  4 05:52:47 LabSZ sshd[19723]: Disconnecting: Too many authentication failures for root [preauth]
Jan  4 05:52:47 LabSZ sshd[19723]: PAM 5 more authentication failures; logname= uid=0 euid=0 tty=ssh ruser= rhost=59.63.188.30  user=root
Jan  4 05:52:47 LabSZ sshd[19723]: PAM service(sshd) ignoring max retries; 6 > 3
Jan  4 05:52:48 LabSZ sshd[19731]: pam_unix(sshd:auth): authentication failure; logname= uid=0 euid=0 tty=ssh ruser= rhost=218.87.109.156  user=root
Jan  4 05:52:49 LabSZ sshd[19733]: pam_unix(sshd:auth): authentication failure; logname= uid=0 euid=0 tty=ssh ruser= rhost=59.63.188.30  user=root
Jan  4 05:52:49 LabSZ sshd[19725]: message repeated 5 times: [ Failed password for root from 59.63.188.30 port 2774 ssh2]
Jan  4 05:52:49 LabSZ sshd[19725]: Disconnecting: Too many authentication failures for root [preauth]
Jan  4 05:52:49 LabSZ sshd[19725]: PAM 5 more authentication failures; logname= uid=0 euid=0 tty=ssh ruser= rhost=59.63.188.30  user=root
Jan  4 05:52:49 LabSZ sshd[19725]: PAM service(sshd) ignoring max retries; 6 > 3
Jan  4 05:52:50 LabSZ sshd[19731]: Failed password for root from 218.87.109.156 port 23234 ssh2
Jan  4 05:52:50 LabSZ sshd[19735]: pam_unix(sshd:auth): authentication failure; logname= uid=0 euid=0 tty=ssh ruser= rhost=59.63.188.30  user=root
Jan  4 05:52:50 LabSZ sshd[19733]: Failed password for root from 59.63.188.30 port 23803 ssh2
Jan  4 05:52:52 LabSZ sshd[19735]: Failed password for root from 59.63.188.30 port 25088 ssh2
Jan  4 05:52:54 LabSZ sshd[19729]: message repeated 5 times: [ Failed password for root from 182.100.67.52 port 46672 ssh2]
Jan  4 05:52:54 LabSZ sshd[19729]: Disconnecting: Too many authentication failures for root [preauth]
Jan  4 05:52:54 LabSZ sshd[19729]: PAM 5 more authentication failures; logname= uid=0 euid=0 tty=ssh ruser= rhost=182.100.67.52  user=root
Jan  4 05:52:54 LabSZ sshd[19729]: PAM service(sshd) ignoring max retries; 6 > 3
Jan  4 05:52:56 LabSZ sshd[19739]: pam_unix(sshd:auth): authentication failure; logname= uid=0 euid=0 tty=ssh ruser= rhost=182.100.67.52  user=root
Jan  4 05:52:57 LabSZ sshd[19737]: Invalid user  0101 from 5.188.10.180
Jan  4 05:52:57 LabSZ sshd[19737]: input_userauth_request: invalid user  0101 [preauth]
Jan  4 05:52:57 LabSZ sshd[19737]: pam_unix(sshd:auth): check pass; user unknown
Jan  4 05:52:57 LabSZ sshd[19737]: pam_unix(sshd:auth): authentication failure; logname= uid=0 euid=0 tty=ssh ruser= rhost=5.188.10.180 
Jan  4 05:52:59 LabSZ sshd[19737]: Failed password for invalid user  0101 from 5.188.10.180 port 46733 ssh2
Jan  4 05:52:59 LabSZ sshd[19739]: Failed password for root from 182.100.67.52 port 17734 ssh2
Jan  4 05:53:00 LabSZ sshd[19737]: Connection closed by 5.188.10.180 [preauth]
Jan  4 05:53:02 LabSZ sshd[19733]: message repeated 5 times: [ Failed password for root from 59.63.188.30 port 23803 ssh2]
Jan  4 05:53:02 LabSZ sshd[19733]: Disconnecting: Too many authentication failures for root [preauth]
Jan  4 05:53:02 LabSZ sshd[19733]: PAM 5 more authentication failures; logname= uid=0 euid=0 tty=ssh ruser= rhost=59.63.188.30  user=root
Jan  4 05:53:02 LabSZ sshd[19733]: PAM service(sshd) ignoring max retries; 6 > 3
Jan  4 05:53:03 LabSZ sshd[19743]: pam_unix(sshd:auth): authentication failure; logname= uid=0 euid=0 tty=ssh ruser= rhost=59.63.188.30  user=root
Jan  4 05:53:04 LabSZ sshd[19741]: Invalid user 0 from 5.188.10.180
Jan  4 05:53:04 LabSZ sshd[19741]: input_userauth_request: invalid user 0 [preauth]
Jan  4 05:53:04 LabSZ sshd[19741]: Failed none for invalid user 0 from 5.188.10.180 port 56206 ssh2
Jan  4 05:53:04 LabSZ sshd[19731]: message repeated 5 times: [ Failed password for root from 218.87.109.156 port 23234 ssh2]
Jan  4 05:53:04 LabSZ sshd[19731]: Disconnecting: Too many authentication failures for root [preauth]
Jan  4 05:53:04 LabSZ sshd[19731]: PAM 5 more authentication failures; logname= uid=0 euid=0 tty=ssh ruser= rhost=218.87.109.156  user=root
Jan  4 05:53:04 LabSZ sshd[19731]: PAM service(sshd) ignoring max retries; 6 > 3
Jan  4 05:53:04 LabSZ sshd[19743]: Failed password for root from 59.63.188.30 port 44080 ssh2
Jan  4 05:53:05 LabSZ sshd[19745]: pam_unix(sshd:auth): authentication failure; logname= uid=0 euid=0 tty=ssh ruser= rhost=218.87.109.156  user=root
Jan  4 05:53:05 LabSZ sshd[19741]: pam_unix(sshd:auth): check pass; user unknown
Jan  4 05:53:05 LabSZ sshd[19741]: pam_unix(sshd:auth): authentication failure; logname= uid=0 euid=0 tty=ssh ruser= rhost=5.188.10.180 
Jan  4 05:53:07 LabSZ sshd[19745]: Failed password for root from 218.87.109.156 port 63808 ssh2
Jan  4 05:53:08 LabSZ sshd[19741]: Failed password for invalid user 0 from 5.188.10.180 port 56206 ssh2
Jan  4 05:53:09 LabSZ sshd[19741]: Connection closed by 5.188.10.180 [preauth]
Jan  4 05:53:10 LabSZ sshd[19735]: message repeated 5 times: [ Failed password for root from 59.63.188.30 port 25088 ssh2]
Jan  4 05:53:10 LabSZ sshd[19735]: Disconnecting: Too many authentication failures for root [preauth]
Jan  4 05:53:10 LabSZ sshd[19735]: PAM 5 more authentication failures; logname= uid=0 euid=0 tty=ssh ruser= rhost=59.63.188.30  user=root
