Dec 16 15:22:24 LabSZ sshd[28058]: Received disconnect from 119.7.221.137: 11: Bye Bye [preauth]
Dec 16 15:22:25 LabSZ sshd[28060]: pam_unix(sshd:auth): authentication failure; logname= uid=0 euid=0 tty=ssh ruser= rhost=119.7.221.137  user=root
Dec 16 15:22:27 LabSZ sshd[28060]: Failed password for root from 119.7.221.137 port 60487 ssh2
Dec 16 15:22:27 LabSZ sshd[28060]: Received disconnect from 119.7.221.137: 11: Bye Bye [preauth]
Dec 16 15:22:28 LabSZ sshd[28062]: pam_unix(sshd:auth): authentication failure; logname= uid=0 euid=0 tty=ssh ruser= rhost=119.7.221.137  user=root
Dec 16 15:22:30 LabSZ sshd[28062]: Failed password for root from 119.7.221.137 port 34674 ssh2
Dec 16 15:22:30 LabSZ sshd[28062]: Received disconnect from 119.7.221.137: 11: Bye Bye [preauth]
Dec 16 15:22:30 LabSZ sshd[28064]: pam_unix(sshd:auth): authentication failure; logname= uid=0 euid=0 tty=ssh ruser= rhost=119.7.221.137  user=root
Dec 16 15:22:32 LabSZ sshd[28064]: Failed password for root from 119.7.221.137 port 36725 ssh2
Dec 16 15:22:32 LabSZ sshd[28064]: Received disconnect from 119.7.221.137: 11: Bye Bye [preauth]
Dec 16 15:22:32 LabSZ sshd[28066]: pam_unix(sshd:auth): authentication failure; logname= uid=0 euid=0 tty=ssh ruser= rhost=119.7.221.137  user=root
Dec 16 15:22:34 LabSZ sshd[28066]: Failed password for root from 119.7.221.137 port 38431 ssh2
Dec 16 15:22:34 LabSZ sshd[28066]: Received disconnect from 119.7.221.137: 11: Bye Bye [preauth]
Dec 16 15:22:34 LabSZ sshd[28068]: pam_unix(sshd:auth): authentication failure; logname= uid=0 euid=0 tty=ssh ruser= rhost=119.7.221.137  user=root
Dec 16 15:22:36 LabSZ sshd[28068]: Failed password for root from 119.7.221.137 port 40165 ssh2
Dec 16 15:22:36 LabSZ sshd[28068]: Received disconnect from 119.7.221.137: 11: Bye Bye [preauth]
Dec 16 15:22:36 LabSZ sshd[28070]: pam_unix(sshd:auth): authentication failure; logname= uid=0 euid=0 tty=ssh ruser= rhost=119.7.221.137  user=root
Dec 16 15:22:39 LabSZ sshd[28070]: Failed password for root from 119.7.221.137 port 42200 ssh2
Dec 16 15:22:39 LabSZ sshd[28070]: Received disconnect from 119.7.221.137: 11: Bye Bye [preauth]
Dec 16 15:22:39 LabSZ sshd[28072]: pam_unix(sshd:auth): authentication failure; logname= uid=0 euid=0 tty=ssh ruser= rhost=119.7.221.137  user=root
Dec 16 15:22:41 LabSZ sshd[28072]: Failed password for root from 119.7.221.137 port 44753 ssh2
Dec 16 15:22:41 LabSZ sshd[28072]: Received disconnect from 119.7.221.137: 11: Bye Bye [preauth]
Dec 16 15:22:41 LabSZ sshd[28074]: pam_unix(sshd:auth): authentication failure; logname= uid=0 euid=0 tty=ssh ruser= rhost=119.7.221.137  user=root
Dec 16 15:22:43 LabSZ sshd[28074]: Failed password for root from 119.7.221.137 port 46898 ssh2
Dec 16 15:22:43 LabSZ sshd[28074]: Received disconnect from 119.7.221.137: 11: Bye Bye [preauth]
Dec 16 15:22:43 LabSZ sshd[28076]: pam_unix(sshd:auth): authentication failure; logname= uid=0 euid=0 tty=ssh ruser= rhost=119.7.221.137  user=root
Dec 16 15:22:46 LabSZ sshd[28076]: Failed password for root from 119.7.221.137 port 48973 ssh2
Dec 16 15:22:46 LabSZ sshd[28076]: Received disconnect from 119.7.221.137: 11: Bye Bye [preauth]
Dec 16 15:22:46 LabSZ sshd[28078]: pam_unix(sshd:auth): authentication failure; logname= uid=0 euid=0 tty=ssh ruser= rhost=119.7.221.137  user=root
Dec 16 15:22:48 LabSZ sshd[28078]: Failed password for root from 119.7.221.137 port 51271 ssh2
Dec 16 15:22:48 LabSZ sshd[28078]: Received disconnect from 119.7.221.137: 11: Bye Bye [preauth]
Dec 16 15:22:48 LabSZ sshd[28080]: pam_unix(sshd:auth): authentication failure; logname= uid=0 euid=0 tty=ssh ruser= rhost=119.7.221.137  user=root
Dec 16 15:22:51 LabSZ sshd[28080]: Failed password for root from 119.7.221.137 port 53463 ssh2
Dec 16 15:22:51 LabSZ sshd[28080]: Received disconnect from 119.7.221.137: 11: Bye Bye [preauth]
Dec 16 15:22:51 LabSZ sshd[28082]: pam_unix(sshd:auth): authentication failure; logname= uid=0 euid=0 tty=ssh ruser= rhost=119.7.221.137  user=root
Dec 16 15:22:53 LabSZ sshd[28082]: Failed password for root from 119.7.221.137 port 56225 ssh2
Dec 16 15:22:53 LabSZ sshd[28082]: Received disconnect from 119.7.221.137: 11: Bye Bye [preauth]
Dec 16 15:22:53 LabSZ sshd[28084]: pam_unix(sshd:auth): authentication failure; logname= uid=0 euid=0 tty=ssh ruser= rhost=119.7.221.137  user=root
Dec 16 15:22:55 LabSZ sshd[28084]: Failed password for root from 119.7.221.137 port 58418 ssh2
Dec 16 15:22:55 LabSZ sshd[28084]: Received disconnect from 119.7.221.137: 11: Bye Bye [preauth]
Dec 16 15:22:55 LabSZ sshd[28086]: pam_unix(sshd:auth): authentication failure; logname= uid=0 euid=0 tty=ssh ruser= rhost=119.7.221.137  user=root
Dec 16 15:22:57 LabSZ sshd[28086]: Failed password for root from 119.7.221.137 port 60216 ssh2
Dec 16 15:22:57 LabSZ sshd[28086]: Received disconnect from 119.7.221.137: 11: Bye Bye [preauth]
Dec 16 15:22:58 LabSZ sshd[28088]: pam_unix(sshd:auth): authentication failure; logname= uid=0 euid=0 tty=ssh ruser= rhost=119.7.221.137  user=root
Dec 16 15:22:59 LabSZ sshd[28088]: Failed password for root from 119.7.221.137 port 34458 ssh2
Dec 16 15:22:59 LabSZ sshd[28088]: Received disconnect from 119.7.221.137: 11: Bye Bye [preauth]
Dec 16 15:23:00 LabSZ sshd[28090]: pam_unix(sshd:auth): authentication failure; logname= uid=0 euid=0 tty=ssh ruser= rhost=119.7.221.137  user=root
Dec 16 15:23:02 LabSZ sshd[28090]: Failed password for root from 119.7.221.137 port 36670 ssh2
Dec 16 15:23:02 LabSZ sshd[28090]: Received disconnect from 119.7.221.137: 11: Bye Bye [preauth]
Dec 16 15:23:03 LabSZ sshd[28092]: pam_unix(sshd:auth): authentication failure; logname= uid=0 euid=0 tty=ssh ruser= rhost=119.7.221.137  user=root
Dec 16 15:23:04 LabSZ sshd[28092]: Failed password for root from 119.7.221.137 port 39323 ssh2
Dec 16 15:23:04 LabSZ sshd[28092]: Received disconnect from 119.7.221.137: 11: Bye Bye [preauth]
Dec 16 15:23:05 LabSZ sshd[28094]: pam_unix(sshd:auth): authentication failure; logname= uid=0 euid=0 tty=ssh ruser= rhost=119.7.221.137  user=root
Dec 16 15:23:06 LabSZ sshd[28094]: Failed password for root from 119.7.221.137 port 41415 ssh2
Dec 16 15:23:06 LabSZ sshd[28094]: Received disconnect from 119.7.221.137: 11: Bye Bye [preauth]
Dec 16 15:23:07 LabSZ sshd[28097]: pam_unix(sshd:auth): authentication failure; logname= uid=0 euid=0 tty=ssh ruser= rhost=119.7.221.137  user=root
Dec 16 15:23:09 LabSZ sshd[28097]: Failed password for root from 119.7.221.137 port 43125 ssh2
Dec 16 15:23:09 LabSZ sshd[28097]: Received disconnect from 119.7.221.137: 11: Bye Bye [preauth]
Dec 16 15:23:09 LabSZ sshd[28100]: pam_unix(sshd:auth): authentication failure; logname= uid=0 euid=0 tty=ssh ruser= rhost=119.7.221.137  user=root
Dec 16 15:23:11 LabSZ sshd[28096]: reverse mapping checking getaddrinfo for 177-184-86-140.linktelecom.net.br [177.184.86.140] failed - POSSIBLE BREAK-IN ATTEMPT!
Dec 16 15:23:11 LabSZ sshd[28096]: Invalid user pi from 177.184.86.140
Dec 16 15:23:11 LabSZ sshd[28096]: input_userauth_request: invalid user pi [preauth]
Dec 16 15:23:11 LabSZ sshd[28096]: pam_unix(sshd:auth): check pass; user unknown
Dec 16 15:23:11 LabSZ sshd[28096]: pam_unix(sshd:auth): authentication failure; logname= uid=0 euid=0 tty=ssh ruser= rhost=177.184.86.140 
Dec 16 15:23:11 LabSZ sshd[28100]: Failed password for root from 119.7.221.137 port 45477 ssh2
Dec 16 15:23:11 LabSZ sshd[28100]: Received disconnect from 119.7.221.137: 11: Bye Bye [preauth]
Dec 16 15:23:11 LabSZ sshd[28102]: pam_unix(sshd:auth): authentication failure; logname= uid=0 euid=0 tty=ssh ruser= rhost=119.7.221.137  user=root
Dec 16 15:23:13 LabSZ sshd[28096]: Failed password for invalid user pi from 177.184.86.140 port 53980 ssh2
Dec 16 15:23:13 LabSZ sshd[28102]: Failed password for root from 119.7.221.137 port 47422 ssh2
Dec 16 15:23:13 LabSZ sshd[28102]: Received disconnect from 119.7.221.137: 11: Bye Bye [preauth]
Dec 16 15:23:13 LabSZ sshd[28096]: pam_unix(sshd:auth): check pass; user unknown
Dec 16 15:23:14 LabSZ sshd[28105]: pam_unix(sshd:auth): authentication failure; logname= uid=0 euid=0 tty=ssh ruser= rhost=119.7.221.137  user=root
Dec 16 15:23:15 LabSZ sshd[28096]: Failed password for invalid user pi from 177.184.86.140 port 53980 ssh2
Dec 16 15:23:15 LabSZ sshd[28105]: Failed password for root from 119.7.221.137 port 50006 ssh2
Dec 16 15:23:15 LabSZ sshd[28105]: Received disconnect from 119.7.221.137: 11: Bye Bye [preauth]
Dec 16 15:23:16 LabSZ sshd[28096]: pam_unix(sshd:auth): check pass; user unknown
Dec 16 15:23:16 LabSZ sshd[28107]: pam_unix(sshd:auth): authentication failure; logname= uid=0 euid=0 tty=ssh ruser= rhost=119.7.221.137  user=root
Dec 16 15:23:18 LabSZ sshd[28096]: Failed password for invalid user pi from 177.184.86.140 port 53980 ssh2
Dec 16 15:23:18 LabSZ sshd[28107]: Failed password for root from 119.7.221.137 port 51955 ssh2
Dec 16 15:23:18 LabSZ sshd[28107]: Received disconnect from 119.7.221.137: 11: Bye Bye [preauth]
Dec 16 15:23:18 LabSZ sshd[28109]: pam_unix(sshd:auth): authentication failure; logname= uid=0 euid=0 tty=ssh ruser= rhost=119.7.221.137  user=root
Dec 16 15:23:18 LabSZ sshd[28096]: pam_unix(sshd:auth): check pass; user unknown
Dec 16 15:23:20 LabSZ sshd[28109]: Failed password for root from 119.7.221.137 port 54491 ssh2
Dec 16 15:23:20 LabSZ sshd[28096]: Failed password for invalid user pi from 177.184.86.140 port 53980 ssh2
Dec 16 15:23:20 LabSZ sshd[28109]: Received disconnect from 119.7.221.137: 11: Bye Bye [preauth]
Dec 16 15:23:21 LabSZ sshd[28111]: pam_unix(sshd:auth): authentication failure; logname= uid=0 euid=0 tty=ssh ruser= rhost=119.7.221.137  user=root
Dec 16 15:23:21 LabSZ sshd[28096]: pam_unix(sshd:auth): check pass; user unknown
Dec 16 15:23:22 LabSZ sshd[28111]: Failed password for root from 119.7.221.137 port 56623 ssh2
Dec 16 15:23:22 LabSZ sshd[28111]: Received disconnect from 119.7.221.137: 11: Bye Bye [preauth]
Dec 16 15:23:22 LabSZ sshd[28096]: Failed password for invalid user pi from 177.184.86.140 port 53980 ssh2
Dec 16 15:23:23 LabSZ sshd[28113]: pam_unix(sshd:auth): authentication failure; logname= uid=0 euid=0 tty=ssh ruser= rhost=119.7.221.137  user=root
Dec 16 15:23:23 LabSZ sshd[28096]: pam_unix(sshd:auth): check pass; user unknown
Dec 16 15:23:25 LabSZ sshd[28113]: Failed password for root from 119.7.221.137 port 58441 ssh2
Dec 16 15:23:25 LabSZ sshd[28113]: Received disconnect from 119.7.221.137: 11: Bye Bye [preauth]
Dec 16 15:23:25 LabSZ sshd[28096]: Failed password for invalid user pi from 177.184.86.140 port 53980 ssh2
Dec 16 15:23:25 LabSZ sshd[28096]: Disconnecting: Too many authentication failures for pi [preauth]
Dec 16 15:23:25 LabSZ sshd[28096]: PAM 5 more authentication failures; logname= uid=0 euid=0 tty=ssh ruser= rhost=177.184.86.140 
Dec 16 15:23:25 LabSZ sshd[28096]: PAM service(sshd) ignoring max retries; 6 > 3
Dec 16 15:23:25 LabSZ sshd[28115]: pam_unix(sshd:auth): authentication failure; logname= uid=0 euid=0 tty=ssh ruser= rhost=119.7.221.137  user=root
Dec 16 15:23:27 LabSZ sshd[28115]: Failed password for root from 119.7.221.137 port 60479 ssh2
