Jan  1 20:10:31 LabSZ sshd[13027]: Failed password for root from 218.65.30.30 port 32438 ssh2
Jan  1 20:10:39 LabSZ sshd[13025]: message repeated 5 times: [ Failed password for root from 58.242.83.25 port 10708 ssh2]
Jan  1 20:10:39 LabSZ sshd[13025]: Disconnecting: Too many authentication failures for root [preauth]
Jan  1 20:10:39 LabSZ sshd[13025]: PAM 5 more authentication failures; logname= uid=0 euid=0 tty=ssh ruser= rhost=58.242.83.25  user=root
Jan  1 20:10:39 LabSZ sshd[13025]: PAM service(sshd) ignoring max retries; 6 > 3
Jan  1 20:10:41 LabSZ sshd[13029]: pam_unix(sshd:auth): authentication failure; logname= uid=0 euid=0 tty=ssh ruser= rhost=58.242.83.25  user=root
Jan  1 20:10:43 LabSZ sshd[13029]: Failed password for root from 58.242.83.25 port 32147 ssh2
Jan  1 20:10:44 LabSZ sshd[13027]: message repeated 5 times: [ Failed password for root from 218.65.30.30 port 32438 ssh2]
Jan  1 20:10:44 LabSZ sshd[13027]: Disconnecting: Too many authentication failures for root [preauth]
Jan  1 20:10:44 LabSZ sshd[13027]: PAM 5 more authentication failures; logname= uid=0 euid=0 tty=ssh ruser= rhost=218.65.30.30  user=root
Jan  1 20:10:44 LabSZ sshd[13027]: PAM service(sshd) ignoring max retries; 6 > 3
Jan  1 20:10:45 LabSZ sshd[13031]: reverse mapping checking getaddrinfo for 30.30.65.218.broad.xy.jx.dynamic.163data.com.cn [218.65.30.30] failed - POSSIBLE BREAK-IN ATTEMPT!
Jan  1 20:10:45 LabSZ sshd[13031]: pam_unix(sshd:auth): authentication failure; logname= uid=0 euid=0 tty=ssh ruser= rhost=218.65.30.30  user=root
Jan  1 20:10:47 LabSZ sshd[13031]: Failed password for root from 218.65.30.30 port 6790 ssh2
Jan  1 20:10:56 LabSZ sshd[13029]: message repeated 5 times: [ Failed password for root from 58.242.83.25 port 32147 ssh2]
Jan  1 20:10:56 LabSZ sshd[13029]: Disconnecting: Too many authentication failures for root [preauth]
Jan  1 20:10:56 LabSZ sshd[13029]: PAM 5 more authentication failures; logname= uid=0 euid=0 tty=ssh ruser= rhost=58.242.83.25  user=root
Jan  1 20:10:56 LabSZ sshd[13029]: PAM service(sshd) ignoring max retries; 6 > 3
Jan  1 20:10:58 LabSZ sshd[13033]: pam_unix(sshd:auth): authentication failure; logname= uid=0 euid=0 tty=ssh ruser= rhost=58.242.83.25  user=root
Jan  1 20:10:59 LabSZ sshd[13033]: Failed password for root from 58.242.83.25 port 54548 ssh2
Jan  1 20:11:01 LabSZ sshd[13031]: message repeated 5 times: [ Failed password for root from 218.65.30.30 port 6790 ssh2]
Jan  1 20:11:01 LabSZ sshd[13031]: Disconnecting: Too many authentication failures for root [preauth]
Jan  1 20:11:01 LabSZ sshd[13031]: PAM 5 more authentication failures; logname= uid=0 euid=0 tty=ssh ruser= rhost=218.65.30.30  user=root
Jan  1 20:11:01 LabSZ sshd[13031]: PAM service(sshd) ignoring max retries; 6 > 3
Jan  1 20:11:02 LabSZ sshd[13035]: reverse mapping checking getaddrinfo for 30.30.65.218.broad.xy.jx.dynamic.163data.com.cn [218.65.30.30] failed - POSSIBLE BREAK-IN ATTEMPT!
Jan  1 20:11:02 LabSZ sshd[13035]: pam_unix(sshd:auth): authentication failure; logname= uid=0 euid=0 tty=ssh ruser= rhost=218.65.30.30  user=root
Jan  1 20:11:04 LabSZ sshd[13035]: Failed password for root from 218.65.30.30 port 44912 ssh2
Jan  1 20:11:05 LabSZ sshd[13037]: Invalid user admin from 183.105.132.231
Jan  1 20:11:05 LabSZ sshd[13037]: input_userauth_request: invalid user admin [preauth]
Jan  1 20:11:05 LabSZ sshd[13037]: pam_unix(sshd:auth): check pass; user unknown
Jan  1 20:11:05 LabSZ sshd[13037]: pam_unix(sshd:auth): authentication failure; logname= uid=0 euid=0 tty=ssh ruser= rhost=183.105.132.231 
Jan  1 20:11:07 LabSZ sshd[13037]: Failed password for invalid user admin from 183.105.132.231 port 44135 ssh2
Jan  1 20:11:07 LabSZ sshd[13037]: pam_unix(sshd:auth): check pass; user unknown
Jan  1 20:11:10 LabSZ sshd[13037]: Failed password for invalid user admin from 183.105.132.231 port 44135 ssh2
Jan  1 20:11:10 LabSZ sshd[13037]: pam_unix(sshd:auth): check pass; user unknown
Jan  1 20:11:11 LabSZ sshd[13033]: message repeated 5 times: [ Failed password for root from 58.242.83.25 port 54548 ssh2]
Jan  1 20:11:11 LabSZ sshd[13033]: Disconnecting: Too many authentication failures for root [preauth]
Jan  1 20:11:11 LabSZ sshd[13033]: PAM 5 more authentication failures; logname= uid=0 euid=0 tty=ssh ruser= rhost=58.242.83.25  user=root
Jan  1 20:11:11 LabSZ sshd[13033]: PAM service(sshd) ignoring max retries; 6 > 3
Jan  1 20:11:11 LabSZ sshd[13037]: Failed password for invalid user admin from 183.105.132.231 port 44135 ssh2
Jan  1 20:11:12 LabSZ sshd[13037]: pam_unix(sshd:auth): check pass; user unknown
Jan  1 20:11:13 LabSZ sshd[13039]: pam_unix(sshd:auth): authentication failure; logname= uid=0 euid=0 tty=ssh ruser= rhost=58.242.83.25  user=root
Jan  1 20:11:13 LabSZ sshd[13037]: Failed password for invalid user admin from 183.105.132.231 port 44135 ssh2
Jan  1 20:11:13 LabSZ sshd[13037]: pam_unix(sshd:auth): check pass; user unknown
Jan  1 20:11:15 LabSZ sshd[13039]: Failed password for root from 58.242.83.25 port 9239 ssh2
Jan  1 20:11:16 LabSZ sshd[13037]: Failed password for invalid user admin from 183.105.132.231 port 44135 ssh2
Jan  1 20:11:16 LabSZ sshd[13035]: message repeated 5 times: [ Failed password for root from 218.65.30.30 port 44912 ssh2]
Jan  1 20:11:16 LabSZ sshd[13035]: Disconnecting: Too many authentication failures for root [preauth]
Jan  1 20:11:16 LabSZ sshd[13035]: PAM 5 more authentication failures; logname= uid=0 euid=0 tty=ssh ruser= rhost=218.65.30.30  user=root
Jan  1 20:11:16 LabSZ sshd[13035]: PAM service(sshd) ignoring max retries; 6 > 3
Jan  1 20:11:16 LabSZ sshd[13037]: pam_unix(sshd:auth): check pass; user unknown
Jan  1 20:11:17 LabSZ sshd[13041]: reverse mapping checking getaddrinfo for 30.30.65.218.broad.xy.jx.dynamic.163data.com.cn [218.65.30.30] failed - POSSIBLE BREAK-IN ATTEMPT!
Jan  1 20:11:17 LabSZ sshd[13041]: pam_unix(sshd:auth): authentication failure; logname= uid=0 euid=0 tty=ssh ruser= rhost=218.65.30.30  user=root
Jan  1 20:11:18 LabSZ sshd[13037]: Failed password for invalid user admin from 183.105.132.231 port 44135 ssh2
Jan  1 20:11:18 LabSZ sshd[13037]: Disconnecting: Too many authentication failures for admin [preauth]
Jan  1 20:11:18 LabSZ sshd[13037]: PAM 5 more authentication failures; logname= uid=0 euid=0 tty=ssh ruser= rhost=183.105.132.231 
Jan  1 20:11:18 LabSZ sshd[13037]: PAM service(sshd) ignoring max retries; 6 > 3
Jan  1 20:11:19 LabSZ sshd[13041]: Failed password for root from 218.65.30.30 port 16534 ssh2
Jan  1 20:11:28 LabSZ sshd[13039]: message repeated 5 times: [ Failed password for root from 58.242.83.25 port 9239 ssh2]
Jan  1 20:11:28 LabSZ sshd[13039]: Disconnecting: Too many authentication failures for root [preauth]
Jan  1 20:11:28 LabSZ sshd[13039]: PAM 5 more authentication failures; logname= uid=0 euid=0 tty=ssh ruser= rhost=58.242.83.25  user=root
Jan  1 20:11:28 LabSZ sshd[13039]: PAM service(sshd) ignoring max retries; 6 > 3
Jan  1 20:11:29 LabSZ sshd[13043]: pam_unix(sshd:auth): authentication failure; logname= uid=0 euid=0 tty=ssh ruser= rhost=58.242.83.25  user=root
Jan  1 20:11:32 LabSZ sshd[13043]: Failed password for root from 58.242.83.25 port 30964 ssh2
Jan  1 20:11:33 LabSZ sshd[13041]: message repeated 5 times: [ Failed password for root from 218.65.30.30 port 16534 ssh2]
Jan  1 20:11:33 LabSZ sshd[13041]: Disconnecting: Too many authentication failures for root [preauth]
Jan  1 20:11:33 LabSZ sshd[13041]: PAM 5 more authentication failures; logname= uid=0 euid=0 tty=ssh ruser= rhost=218.65.30.30  user=root
Jan  1 20:11:33 LabSZ sshd[13041]: PAM service(sshd) ignoring max retries; 6 > 3
Jan  1 20:11:34 LabSZ sshd[13045]: reverse mapping checking getaddrinfo for 30.30.65.218.broad.xy.jx.dynamic.163data.com.cn [218.65.30.30] failed - POSSIBLE BREAK-IN ATTEMPT!
Jan  1 20:11:34 LabSZ sshd[13045]: pam_unix(sshd:auth): authentication failure; logname= uid=0 euid=0 tty=ssh ruser= rhost=218.65.30.30  user=root
Jan  1 20:11:36 LabSZ sshd[13045]: Failed password for root from 218.65.30.30 port 53542 ssh2
Jan  1 20:11:44 LabSZ sshd[13043]: message repeated 5 times: [ Failed password for root from 58.242.83.25 port 30964 ssh2]
Jan  1 20:11:44 LabSZ sshd[13043]: Disconnecting: Too many authentication failures for root [preauth]
Jan  1 20:11:44 LabSZ sshd[13043]: PAM 5 more authentication failures; logname= uid=0 euid=0 tty=ssh ruser= rhost=58.242.83.25  user=root
Jan  1 20:11:44 LabSZ sshd[13043]: PAM service(sshd) ignoring max retries; 6 > 3
Jan  1 20:11:45 LabSZ sshd[13047]: pam_unix(sshd:auth): authentication failure; logname= uid=0 euid=0 tty=ssh ruser= rhost=58.242.83.25  user=root
Jan  1 20:11:47 LabSZ sshd[13047]: Failed password for root from 58.242.83.25 port 51476 ssh2
Jan  1 20:11:48 LabSZ sshd[13045]: message repeated 5 times: [ Failed password for root from 218.65.30.30 port 53542 ssh2]
Jan  1 20:11:48 LabSZ sshd[13045]: Disconnecting: Too many authentication failures for root [preauth]
Jan  1 20:11:48 LabSZ sshd[13045]: PAM 5 more authentication failures; logname= uid=0 euid=0 tty=ssh ruser= rhost=218.65.30.30  user=root
Jan  1 20:11:48 LabSZ sshd[13045]: PAM service(sshd) ignoring max retries; 6 > 3
Jan  1 20:11:50 LabSZ sshd[13049]: reverse mapping checking getaddrinfo for 30.30.65.218.broad.xy.jx.dynamic.163data.com.cn [218.65.30.30] failed - POSSIBLE BREAK-IN ATTEMPT!
Jan  1 20:11:50 LabSZ sshd[13049]: pam_unix(sshd:auth): authentication failure; logname= uid=0 euid=0 tty=ssh ruser= rhost=218.65.30.30  user=root
Jan  1 20:11:52 LabSZ sshd[13049]: Failed password for root from 218.65.30.30 port 25080 ssh2
Jan  1 20:12:00 LabSZ sshd[13047]: message repeated 5 times: [ Failed password for root from 58.242.83.25 port 51476 ssh2]
Jan  1 20:12:00 LabSZ sshd[13047]: Disconnecting: Too many authentication failures for root [preauth]
Jan  1 20:12:00 LabSZ sshd[13047]: PAM 5 more authentication failures; logname= uid=0 euid=0 tty=ssh ruser= rhost=58.242.83.25  user=root
Jan  1 20:12:00 LabSZ sshd[13047]: PAM service(sshd) ignoring max retries; 6 > 3
Jan  1 20:12:01 LabSZ sshd[13051]: pam_unix(sshd:auth): authentication failure; logname= uid=0 euid=0 tty=ssh ruser= rhost=58.242.83.25  user=root
Jan  1 20:12:04 LabSZ sshd[13051]: Failed password for root from 58.242.83.25 port 7222 ssh2
Jan  1 20:12:05 LabSZ sshd[13049]: message repeated 5 times: [ Failed password for root from 218.65.30.30 port 25080 ssh2]
Jan  1 20:12:05 LabSZ sshd[13049]: Disconnecting: Too many authentication failures for root [preauth]
Jan  1 20:12:05 LabSZ sshd[13049]: PAM 5 more authentication failures; logname= uid=0 euid=0 tty=ssh ruser= rhost=218.65.30.30  user=root
Jan  1 20:12:05 LabSZ sshd[13049]: PAM service(sshd) ignoring max retries; 6 > 3
Jan  1 20:12:07 LabSZ sshd[13053]: reverse mapping checking getaddrinfo for 30.30.65.218.broad.xy.jx.dynamic.163data.com.cn [218.65.30.30] failed - POSSIBLE BREAK-IN ATTEMPT!
Jan  1 20:12:07 LabSZ sshd[13053]: pam_unix(sshd:auth): authentication failure; logname= uid=0 euid=0 tty=ssh ruser= rhost=218.65.30.30  user=root
Jan  1 20:12:09 LabSZ sshd[13053]: Failed password for root from 218.65.30.30 port 64322 ssh2
Jan  1 20:12:16 LabSZ sshd[13051]: message repeated 5 times: [ Failed password for root from 58.242.83.25 port 7222 ssh2]
Jan  1 20:12:16 LabSZ sshd[13051]: Disconnecting: Too many authentication failures for root [preauth]
Jan  1 20:12:16 LabSZ sshd[13051]: PAM 5 more authentication failures; logname= uid=0 euid=0 tty=ssh ruser= rhost=58.242.83.25  user=root
