Jan  2 23:55:36 LabSZ sshd[18984]: pam_unix(sshd:auth): authentication failure; logname= uid=0 euid=0 tty=ssh ruser= rhost=183.63.110.206  user=root
Jan  2 23:55:36 LabSZ sshd[18985]: Invalid user 1234 from 103.99.0.122
Jan  2 23:55:36 LabSZ sshd[18985]: input_userauth_request: invalid user 1234 [preauth]
Jan  2 23:55:36 LabSZ sshd[18985]: pam_unix(sshd:auth): check pass; user unknown
Jan  2 23:55:36 LabSZ sshd[18985]: pam_unix(sshd:auth): authentication failure; logname= uid=0 euid=0 tty=ssh ruser= rhost=103.99.0.122 
Jan  2 23:55:38 LabSZ sshd[18984]: Failed password for root from 183.63.110.206 port 38255 ssh2
Jan  2 23:55:38 LabSZ sshd[18985]: Failed password for invalid user 1234 from 103.99.0.122 port 53679 ssh2
Jan  2 23:55:38 LabSZ sshd[18984]: Connection closed by 183.63.110.206 [preauth]
Jan  2 23:55:38 LabSZ sshd[18985]: error: Received disconnect from 103.99.0.122: 14: No more user authentication methods available. [preauth]
Jan  2 23:55:39 LabSZ sshd[18989]: pam_unix(sshd:auth): authentication failure; logname= uid=0 euid=0 tty=ssh ruser= rhost=103.99.0.122  user=root
Jan  2 23:55:39 LabSZ sshd[18988]: pam_unix(sshd:auth): authentication failure; logname= uid=0 euid=0 tty=ssh ruser= rhost=183.63.110.206  user=root
Jan  2 23:55:40 LabSZ sshd[18989]: Failed password for root from 103.99.0.122 port 54369 ssh2
Jan  2 23:55:41 LabSZ sshd[18989]: error: Received disconnect from 103.99.0.122: 14: No more user authentication methods available. [preauth]
Jan  2 23:55:41 LabSZ sshd[18992]: Invalid user anonymous from 103.99.0.122
Jan  2 23:55:41 LabSZ sshd[18992]: input_userauth_request: invalid user anonymous [preauth]
Jan  2 23:55:41 LabSZ sshd[18992]: pam_unix(sshd:auth): check pass; user unknown
Jan  2 23:55:41 LabSZ sshd[18992]: pam_unix(sshd:auth): authentication failure; logname= uid=0 euid=0 tty=ssh ruser= rhost=103.99.0.122 
Jan  2 23:55:41 LabSZ sshd[18988]: Failed password for root from 183.63.110.206 port 38367 ssh2
Jan  2 23:55:42 LabSZ sshd[18988]: Connection closed by 183.63.110.206 [preauth]
Jan  2 23:55:43 LabSZ sshd[18992]: Failed password for invalid user anonymous from 103.99.0.122 port 54940 ssh2
Jan  2 23:55:43 LabSZ sshd[18992]: error: Received disconnect from 103.99.0.122: 14: No more user authentication methods available. [preauth]
Jan  2 23:55:44 LabSZ sshd[18996]: Invalid user admin from 103.99.0.122
Jan  2 23:55:44 LabSZ sshd[18996]: input_userauth_request: invalid user admin [preauth]
Jan  2 23:55:44 LabSZ sshd[18996]: pam_unix(sshd:auth): check pass; user unknown
Jan  2 23:55:44 LabSZ sshd[18996]: pam_unix(sshd:auth): authentication failure; logname= uid=0 euid=0 tty=ssh ruser= rhost=103.99.0.122 
Jan  2 23:55:44 LabSZ sshd[18994]: pam_unix(sshd:auth): authentication failure; logname= uid=0 euid=0 tty=ssh ruser= rhost=183.63.110.206  user=root
Jan  2 23:55:46 LabSZ sshd[18996]: Failed password for invalid user admin from 103.99.0.122 port 55526 ssh2
Jan  2 23:55:46 LabSZ sshd[18996]: error: Received disconnect from 103.99.0.122: 14: No more user authentication methods available. [preauth]
Jan  2 23:55:47 LabSZ sshd[18994]: Failed password for root from 183.63.110.206 port 38471 ssh2
Jan  2 23:55:47 LabSZ sshd[18994]: Connection closed by 183.63.110.206 [preauth]
Jan  2 23:55:47 LabSZ sshd[18998]: Invalid user ubnt from 103.99.0.122
Jan  2 23:55:47 LabSZ sshd[18998]: input_userauth_request: invalid user ubnt [preauth]
Jan  2 23:55:47 LabSZ sshd[18998]: pam_unix(sshd:auth): check pass; user unknown
Jan  2 23:55:47 LabSZ sshd[18998]: pam_unix(sshd:auth): authentication failure; logname= uid=0 euid=0 tty=ssh ruser= rhost=103.99.0.122 
Jan  2 23:55:48 LabSZ sshd[19000]: pam_unix(sshd:auth): authentication failure; logname= uid=0 euid=0 tty=ssh ruser= rhost=183.63.110.206  user=root
Jan  2 23:55:49 LabSZ sshd[18998]: Failed password for invalid user ubnt from 103.99.0.122 port 56211 ssh2
Jan  2 23:55:49 LabSZ sshd[18998]: error: Received disconnect from 103.99.0.122: 14: No more user authentication methods available. [preauth]
Jan  2 23:55:50 LabSZ sshd[19002]: pam_unix(sshd:auth): authentication failure; logname= uid=0 euid=0 tty=ssh ruser= rhost=103.99.0.122  user=uucp
Jan  2 23:55:50 LabSZ sshd[19000]: Failed password for root from 183.63.110.206 port 38637 ssh2
Jan  2 23:55:51 LabSZ sshd[19000]: Connection closed by 183.63.110.206 [preauth]
Jan  2 23:55:53 LabSZ sshd[19002]: Failed password for uucp from 103.99.0.122 port 56932 ssh2
Jan  2 23:55:53 LabSZ sshd[19004]: pam_unix(sshd:auth): authentication failure; logname= uid=0 euid=0 tty=ssh ruser= rhost=183.63.110.206  user=root
Jan  2 23:55:53 LabSZ sshd[19002]: error: Received disconnect from 103.99.0.122: 14: No more user authentication methods available. [preauth]
Jan  2 23:55:54 LabSZ sshd[19006]: pam_unix(sshd:auth): authentication failure; logname= uid=0 euid=0 tty=ssh ruser= rhost=103.99.0.122  user=sshd
Jan  2 23:55:55 LabSZ sshd[19004]: Failed password for root from 183.63.110.206 port 38743 ssh2
Jan  2 23:55:55 LabSZ sshd[19004]: Connection closed by 183.63.110.206 [preauth]
Jan  2 23:55:56 LabSZ sshd[19006]: Failed password for sshd from 103.99.0.122 port 57720 ssh2
Jan  2 23:55:56 LabSZ sshd[19006]: error: Received disconnect from 103.99.0.122: 14: No more user authentication methods available. [preauth]
Jan  2 23:55:57 LabSZ sshd[19010]: Invalid user admin from 103.99.0.122
Jan  2 23:55:57 LabSZ sshd[19010]: input_userauth_request: invalid user admin [preauth]
Jan  2 23:55:57 LabSZ sshd[19010]: pam_unix(sshd:auth): check pass; user unknown
Jan  2 23:55:57 LabSZ sshd[19010]: pam_unix(sshd:auth): authentication failure; logname= uid=0 euid=0 tty=ssh ruser= rhost=103.99.0.122 
Jan  2 23:55:58 LabSZ sshd[19008]: pam_unix(sshd:auth): authentication failure; logname= uid=0 euid=0 tty=ssh ruser= rhost=183.63.110.206  user=root
Jan  2 23:55:59 LabSZ sshd[19010]: Failed password for invalid user admin from 103.99.0.122 port 58548 ssh2
Jan  2 23:55:59 LabSZ sshd[19010]: error: Received disconnect from 103.99.0.122: 14: No more user authentication methods available. [preauth]
Jan  2 23:56:00 LabSZ sshd[19012]: Invalid user cisco from 103.99.0.122
Jan  2 23:56:00 LabSZ sshd[19012]: input_userauth_request: invalid user cisco [preauth]
Jan  2 23:56:00 LabSZ sshd[19012]: pam_unix(sshd:auth): check pass; user unknown
Jan  2 23:56:00 LabSZ sshd[19012]: pam_unix(sshd:auth): authentication failure; logname= uid=0 euid=0 tty=ssh ruser= rhost=103.99.0.122 
Jan  2 23:56:00 LabSZ sshd[19008]: Failed password for root from 183.63.110.206 port 38843 ssh2
Jan  2 23:56:00 LabSZ sshd[19008]: Connection closed by 183.63.110.206 [preauth]
Jan  2 23:56:02 LabSZ sshd[19012]: Failed password for invalid user cisco from 103.99.0.122 port 59135 ssh2
Jan  2 23:56:02 LabSZ sshd[19014]: pam_unix(sshd:auth): authentication failure; logname= uid=0 euid=0 tty=ssh ruser= rhost=183.63.110.206  user=root
Jan  2 23:56:02 LabSZ sshd[19012]: error: Received disconnect from 103.99.0.122: 14: No more user authentication methods available. [preauth]
Jan  2 23:56:03 LabSZ sshd[19016]: Invalid user test from 103.99.0.122
Jan  2 23:56:03 LabSZ sshd[19016]: input_userauth_request: invalid user test [preauth]
Jan  2 23:56:03 LabSZ sshd[19016]: pam_unix(sshd:auth): check pass; user unknown
Jan  2 23:56:03 LabSZ sshd[19016]: pam_unix(sshd:auth): authentication failure; logname= uid=0 euid=0 tty=ssh ruser= rhost=103.99.0.122 
Jan  2 23:56:04 LabSZ sshd[19014]: Failed password for root from 183.63.110.206 port 39017 ssh2
Jan  2 23:56:04 LabSZ sshd[19014]: Connection closed by 183.63.110.206 [preauth]
Jan  2 23:56:05 LabSZ sshd[19016]: Failed password for invalid user test from 103.99.0.122 port 59823 ssh2
Jan  2 23:56:05 LabSZ sshd[19016]: error: Received disconnect from 103.99.0.122: 14: No more user authentication methods available. [preauth]
Jan  2 23:56:06 LabSZ sshd[19020]: Invalid user guest from 103.99.0.122
Jan  2 23:56:06 LabSZ sshd[19020]: input_userauth_request: invalid user guest [preauth]
Jan  2 23:56:06 LabSZ sshd[19020]: pam_unix(sshd:auth): check pass; user unknown
Jan  2 23:56:06 LabSZ sshd[19020]: pam_unix(sshd:auth): authentication failure; logname= uid=0 euid=0 tty=ssh ruser= rhost=103.99.0.122 
Jan  2 23:56:07 LabSZ sshd[19018]: pam_unix(sshd:auth): authentication failure; logname= uid=0 euid=0 tty=ssh ruser= rhost=183.63.110.206  user=root
Jan  2 23:56:09 LabSZ sshd[19020]: Failed password for invalid user guest from 103.99.0.122 port 60485 ssh2
Jan  2 23:56:09 LabSZ sshd[19018]: Failed password for root from 183.63.110.206 port 39145 ssh2
Jan  2 23:56:09 LabSZ sshd[19020]: error: Received disconnect from 103.99.0.122: 14: No more user authentication methods available. [preauth]
Jan  2 23:56:10 LabSZ sshd[19018]: Connection closed by 183.63.110.206 [preauth]
Jan  2 23:56:10 LabSZ sshd[19022]: Invalid user user from 103.99.0.122
Jan  2 23:56:10 LabSZ sshd[19022]: input_userauth_request: invalid user user [preauth]
Jan  2 23:56:10 LabSZ sshd[19022]: pam_unix(sshd:auth): check pass; user unknown
Jan  2 23:56:10 LabSZ sshd[19022]: pam_unix(sshd:auth): authentication failure; logname= uid=0 euid=0 tty=ssh ruser= rhost=103.99.0.122 
Jan  2 23:56:12 LabSZ sshd[19024]: pam_unix(sshd:auth): authentication failure; logname= uid=0 euid=0 tty=ssh ruser= rhost=183.63.110.206  user=root
Jan  2 23:56:12 LabSZ sshd[19022]: Failed password for invalid user user from 103.99.0.122 port 61353 ssh2
Jan  2 23:56:12 LabSZ sshd[19022]: error: Received disconnect from 103.99.0.122: 14: No more user authentication methods available. [preauth]
Jan  2 23:56:14 LabSZ sshd[19024]: Failed password for root from 183.63.110.206 port 39290 ssh2
Jan  2 23:56:14 LabSZ sshd[19026]: Invalid user operator from 103.99.0.122
Jan  2 23:56:14 LabSZ sshd[19026]: input_userauth_request: invalid user operator [preauth]
Jan  2 23:56:14 LabSZ sshd[19026]: pam_unix(sshd:auth): check pass; user unknown
Jan  2 23:56:14 LabSZ sshd[19026]: pam_unix(sshd:auth): authentication failure; logname= uid=0 euid=0 tty=ssh ruser= rhost=103.99.0.122 
Jan  2 23:56:14 LabSZ sshd[19024]: Connection closed by 183.63.110.206 [preauth]
Jan  2 23:56:16 LabSZ sshd[19026]: Failed password for invalid user operator from 103.99.0.122 port 62015 ssh2
Jan  2 23:56:16 LabSZ sshd[19026]: error: Received disconnect from 103.99.0.122: 14: No more user authentication methods available. [preauth]
Jan  2 23:56:17 LabSZ sshd[19030]: Invalid user admin from 103.99.0.122
Jan  2 23:56:17 LabSZ sshd[19030]: input_userauth_request: invalid user admin [preauth]
Jan  2 23:56:17 LabSZ sshd[19030]: pam_unix(sshd:auth): check pass; user unknown
Jan  2 23:56:17 LabSZ sshd[19030]: pam_unix(sshd:auth): authentication failure; logname= uid=0 euid=0 tty=ssh ruser= rhost=103.99.0.122 
