Jan  2 05:14:21 LabSZ sshd[24685]: PAM service(sshd) ignoring max retries; 6 > 3
Jan  2 05:14:23 LabSZ sshd[24691]: pam_unix(sshd:auth): authentication failure; logname= uid=0 euid=0 tty=ssh ruser= rhost=58.242.83.25  user=root
Jan  2 05:14:23 LabSZ sshd[24693]: reverse mapping checking getaddrinfo for 30.30.65.218.broad.xy.jx.dynamic.163data.com.cn [218.65.30.30] failed - POSSIBLE BREAK-IN ATTEMPT!
Jan  2 05:14:23 LabSZ sshd[24693]: pam_unix(sshd:auth): authentication failure; logname= uid=0 euid=0 tty=ssh ruser= rhost=218.65.30.30  user=root
Jan  2 05:14:23 LabSZ sshd[24689]: reverse mapping checking getaddrinfo for 14.142.122.26.static-kolkata.vsnl.net.in [14.142.122.26] failed - POSSIBLE BREAK-IN ATTEMPT!
Jan  2 05:14:23 LabSZ sshd[24689]: Invalid user www from 14.142.122.26
Jan  2 05:14:23 LabSZ sshd[24689]: input_userauth_request: invalid user www [preauth]
Jan  2 05:14:23 LabSZ sshd[24689]: pam_unix(sshd:auth): check pass; user unknown
Jan  2 05:14:23 LabSZ sshd[24689]: pam_unix(sshd:auth): authentication failure; logname= uid=0 euid=0 tty=ssh ruser= rhost=14.142.122.26 
Jan  2 05:14:25 LabSZ sshd[24691]: Failed password for root from 58.242.83.25 port 47673 ssh2
Jan  2 05:14:25 LabSZ sshd[24687]: message repeated 5 times: [ Failed password for root from 182.100.67.120 port 3062 ssh2]
Jan  2 05:14:25 LabSZ sshd[24687]: Disconnecting: Too many authentication failures for root [preauth]
Jan  2 05:14:25 LabSZ sshd[24687]: PAM 5 more authentication failures; logname= uid=0 euid=0 tty=ssh ruser= rhost=182.100.67.120  user=root
Jan  2 05:14:25 LabSZ sshd[24687]: PAM service(sshd) ignoring max retries; 6 > 3
Jan  2 05:14:25 LabSZ sshd[24693]: Failed password for root from 218.65.30.30 port 10412 ssh2
Jan  2 05:14:26 LabSZ sshd[24689]: Failed password for invalid user www from 14.142.122.26 port 38643 ssh2
Jan  2 05:14:26 LabSZ sshd[24689]: Received disconnect from 14.142.122.26: 11: Bye Bye [preauth]
Jan  2 05:14:27 LabSZ sshd[24695]: pam_unix(sshd:auth): authentication failure; logname= uid=0 euid=0 tty=ssh ruser= rhost=182.100.67.120  user=root
Jan  2 05:14:28 LabSZ sshd[24695]: Failed password for root from 182.100.67.120 port 39900 ssh2
Jan  2 05:14:37 LabSZ sshd[24691]: message repeated 5 times: [ Failed password for root from 58.242.83.25 port 47673 ssh2]
Jan  2 05:14:37 LabSZ sshd[24691]: Disconnecting: Too many authentication failures for root [preauth]
Jan  2 05:14:37 LabSZ sshd[24691]: PAM 5 more authentication failures; logname= uid=0 euid=0 tty=ssh ruser= rhost=58.242.83.25  user=root
Jan  2 05:14:37 LabSZ sshd[24691]: PAM service(sshd) ignoring max retries; 6 > 3
Jan  2 05:14:38 LabSZ sshd[24693]: message repeated 5 times: [ Failed password for root from 218.65.30.30 port 10412 ssh2]
Jan  2 05:14:38 LabSZ sshd[24693]: Disconnecting: Too many authentication failures for root [preauth]
Jan  2 05:14:38 LabSZ sshd[24693]: PAM 5 more authentication failures; logname= uid=0 euid=0 tty=ssh ruser= rhost=218.65.30.30  user=root
Jan  2 05:14:38 LabSZ sshd[24693]: PAM service(sshd) ignoring max retries; 6 > 3
Jan  2 05:14:39 LabSZ sshd[24697]: pam_unix(sshd:auth): authentication failure; logname= uid=0 euid=0 tty=ssh ruser= rhost=58.242.83.25  user=root
Jan  2 05:14:39 LabSZ sshd[24699]: reverse mapping checking getaddrinfo for 30.30.65.218.broad.xy.jx.dynamic.163data.com.cn [218.65.30.30] failed - POSSIBLE BREAK-IN ATTEMPT!
Jan  2 05:14:39 LabSZ sshd[24699]: pam_unix(sshd:auth): authentication failure; logname= uid=0 euid=0 tty=ssh ruser= rhost=218.65.30.30  user=root
Jan  2 05:14:40 LabSZ sshd[24697]: Failed password for root from 58.242.83.25 port 4715 ssh2
Jan  2 05:14:41 LabSZ sshd[24699]: Failed password for root from 218.65.30.30 port 48822 ssh2
Jan  2 05:14:41 LabSZ sshd[24695]: message repeated 5 times: [ Failed password for root from 182.100.67.120 port 39900 ssh2]
Jan  2 05:14:41 LabSZ sshd[24695]: Disconnecting: Too many authentication failures for root [preauth]
Jan  2 05:14:41 LabSZ sshd[24695]: PAM 5 more authentication failures; logname= uid=0 euid=0 tty=ssh ruser= rhost=182.100.67.120  user=root
Jan  2 05:14:41 LabSZ sshd[24695]: PAM service(sshd) ignoring max retries; 6 > 3
Jan  2 05:14:42 LabSZ sshd[24701]: pam_unix(sshd:auth): authentication failure; logname= uid=0 euid=0 tty=ssh ruser= rhost=182.100.67.120  user=root
Jan  2 05:14:45 LabSZ sshd[24701]: Failed password for root from 182.100.67.120 port 10890 ssh2
Jan  2 05:14:52 LabSZ sshd[24697]: message repeated 5 times: [ Failed password for root from 58.242.83.25 port 4715 ssh2]
Jan  2 05:14:52 LabSZ sshd[24697]: Disconnecting: Too many authentication failures for root [preauth]
Jan  2 05:14:52 LabSZ sshd[24697]: PAM 5 more authentication failures; logname= uid=0 euid=0 tty=ssh ruser= rhost=58.242.83.25  user=root
Jan  2 05:14:52 LabSZ sshd[24697]: PAM service(sshd) ignoring max retries; 6 > 3
Jan  2 05:14:53 LabSZ sshd[24699]: message repeated 5 times: [ Failed password for root from 218.65.30.30 port 48822 ssh2]
Jan  2 05:14:53 LabSZ sshd[24699]: Disconnecting: Too many authentication failures for root [preauth]
Jan  2 05:14:53 LabSZ sshd[24699]: PAM 5 more authentication failures; logname= uid=0 euid=0 tty=ssh ruser= rhost=218.65.30.30  user=root
Jan  2 05:14:53 LabSZ sshd[24699]: PAM service(sshd) ignoring max retries; 6 > 3
Jan  2 05:14:54 LabSZ sshd[24705]: reverse mapping checking getaddrinfo for 30.30.65.218.broad.xy.jx.dynamic.163data.com.cn [218.65.30.30] failed - POSSIBLE BREAK-IN ATTEMPT!
Jan  2 05:14:54 LabSZ sshd[24705]: pam_unix(sshd:auth): authentication failure; logname= uid=0 euid=0 tty=ssh ruser= rhost=218.65.30.30  user=root
Jan  2 05:14:54 LabSZ sshd[24703]: pam_unix(sshd:auth): authentication failure; logname= uid=0 euid=0 tty=ssh ruser= rhost=58.242.83.25  user=root
Jan  2 05:14:56 LabSZ sshd[24705]: Failed password for root from 218.65.30.30 port 18794 ssh2
Jan  2 05:14:56 LabSZ sshd[24703]: Failed password for root from 58.242.83.25 port 25164 ssh2
Jan  2 05:14:56 LabSZ sshd[24701]: message repeated 5 times: [ Failed password for root from 182.100.67.120 port 10890 ssh2]
Jan  2 05:14:56 LabSZ sshd[24701]: Disconnecting: Too many authentication failures for root [preauth]
Jan  2 05:14:56 LabSZ sshd[24701]: PAM 5 more authentication failures; logname= uid=0 euid=0 tty=ssh ruser= rhost=182.100.67.120  user=root
Jan  2 05:14:56 LabSZ sshd[24701]: PAM service(sshd) ignoring max retries; 6 > 3
Jan  2 05:14:58 LabSZ sshd[24707]: pam_unix(sshd:auth): authentication failure; logname= uid=0 euid=0 tty=ssh ruser= rhost=182.100.67.120  user=root
Jan  2 05:15:00 LabSZ sshd[24707]: Failed password for root from 182.100.67.120 port 47124 ssh2
Jan  2 05:15:08 LabSZ sshd[24703]: message repeated 5 times: [ Failed password for root from 58.242.83.25 port 25164 ssh2]
Jan  2 05:15:08 LabSZ sshd[24703]: Disconnecting: Too many authentication failures for root [preauth]
Jan  2 05:15:08 LabSZ sshd[24703]: PAM 5 more authentication failures; logname= uid=0 euid=0 tty=ssh ruser= rhost=58.242.83.25  user=root
Jan  2 05:15:08 LabSZ sshd[24703]: PAM service(sshd) ignoring max retries; 6 > 3
Jan  2 05:15:08 LabSZ sshd[24705]: message repeated 5 times: [ Failed password for root from 218.65.30.30 port 18794 ssh2]
Jan  2 05:15:08 LabSZ sshd[24705]: Disconnecting: Too many authentication failures for root [preauth]
Jan  2 05:15:08 LabSZ sshd[24705]: PAM 5 more authentication failures; logname= uid=0 euid=0 tty=ssh ruser= rhost=218.65.30.30  user=root
Jan  2 05:15:08 LabSZ sshd[24705]: PAM service(sshd) ignoring max retries; 6 > 3
Jan  2 05:15:10 LabSZ sshd[24713]: reverse mapping checking getaddrinfo for 30.30.65.218.broad.xy.jx.dynamic.163data.com.cn [218.65.30.30] failed - POSSIBLE BREAK-IN ATTEMPT!
Jan  2 05:15:10 LabSZ sshd[24711]: pam_unix(sshd:auth): authentication failure; logname= uid=0 euid=0 tty=ssh ruser= rhost=58.242.83.25  user=root
Jan  2 05:15:10 LabSZ sshd[24713]: pam_unix(sshd:auth): authentication failure; logname= uid=0 euid=0 tty=ssh ruser= rhost=218.65.30.30  user=root
Jan  2 05:15:11 LabSZ sshd[24711]: Failed password for root from 58.242.83.25 port 47072 ssh2
Jan  2 05:15:11 LabSZ sshd[24713]: Failed password for root from 218.65.30.30 port 56486 ssh2
Jan  2 05:15:13 LabSZ sshd[24707]: message repeated 5 times: [ Failed password for root from 182.100.67.120 port 47124 ssh2]
Jan  2 05:15:13 LabSZ sshd[24707]: Disconnecting: Too many authentication failures for root [preauth]
Jan  2 05:15:13 LabSZ sshd[24707]: PAM 5 more authentication failures; logname= uid=0 euid=0 tty=ssh ruser= rhost=182.100.67.120  user=root
Jan  2 05:15:13 LabSZ sshd[24707]: PAM service(sshd) ignoring max retries; 6 > 3
Jan  2 05:15:14 LabSZ sshd[24715]: pam_unix(sshd:auth): authentication failure; logname= uid=0 euid=0 tty=ssh ruser= rhost=182.100.67.120  user=root
Jan  2 05:15:16 LabSZ sshd[24715]: Failed password for root from 182.100.67.120 port 19310 ssh2
Jan  2 05:15:22 LabSZ sshd[24709]: Connection closed by 123.235.32.19 [preauth]
Jan  2 05:15:24 LabSZ sshd[24713]: message repeated 5 times: [ Failed password for root from 218.65.30.30 port 56486 ssh2]
Jan  2 05:15:24 LabSZ sshd[24713]: Disconnecting: Too many authentication failures for root [preauth]
Jan  2 05:15:24 LabSZ sshd[24713]: PAM 5 more authentication failures; logname= uid=0 euid=0 tty=ssh ruser= rhost=218.65.30.30  user=root
Jan  2 05:15:24 LabSZ sshd[24713]: PAM service(sshd) ignoring max retries; 6 > 3
Jan  2 05:15:24 LabSZ sshd[24711]: message repeated 5 times: [ Failed password for root from 58.242.83.25 port 47072 ssh2]
Jan  2 05:15:24 LabSZ sshd[24711]: Disconnecting: Too many authentication failures for root [preauth]
Jan  2 05:15:24 LabSZ sshd[24711]: PAM 5 more authentication failures; logname= uid=0 euid=0 tty=ssh ruser= rhost=58.242.83.25  user=root
Jan  2 05:15:24 LabSZ sshd[24711]: PAM service(sshd) ignoring max retries; 6 > 3
Jan  2 05:15:26 LabSZ sshd[24717]: reverse mapping checking getaddrinfo for 30.30.65.218.broad.xy.jx.dynamic.163data.com.cn [218.65.30.30] failed - POSSIBLE BREAK-IN ATTEMPT!
Jan  2 05:15:26 LabSZ sshd[24717]: pam_unix(sshd:auth): authentication failure; logname= uid=0 euid=0 tty=ssh ruser= rhost=218.65.30.30  user=root
Jan  2 05:15:26 LabSZ sshd[24719]: pam_unix(sshd:auth): authentication failure; logname= uid=0 euid=0 tty=ssh ruser= rhost=58.242.83.25  user=root
Jan  2 05:15:28 LabSZ sshd[24717]: Failed password for root from 218.65.30.30 port 29402 ssh2
Jan  2 05:15:28 LabSZ sshd[24719]: Failed password for root from 58.242.83.25 port 4057 ssh2
Jan  2 05:15:29 LabSZ sshd[24715]: message repeated 5 times: [ Failed password for root from 182.100.67.120 port 19310 ssh2]
Jan  2 05:15:29 LabSZ sshd[24715]: Disconnecting: Too many authentication failures for root [preauth]
Jan  2 05:15:29 LabSZ sshd[24715]: PAM 5 more authentication failures; logname= uid=0 euid=0 tty=ssh ruser= rhost=182.100.67.120  user=root
Jan  2 05:15:29 LabSZ sshd[24715]: PAM service(sshd) ignoring max retries; 6 > 3
Jan  2 05:15:30 LabSZ sshd[24721]: pam_unix(sshd:auth): authentication failure; logname= uid=0 euid=0 tty=ssh ruser= rhost=182.100.67.120  user=root
Jan  2 05:15:32 LabSZ sshd[24721]: Failed password for root from 182.100.67.120 port 55340 ssh2
Jan  2 05:15:41 LabSZ sshd[24717]: message repeated 5 times: [ Failed password for root from 218.65.30.30 port 29402 ssh2]
Jan  2 05:15:41 LabSZ sshd[24717]: Disconnecting: Too many authentication failures for root [preauth]
Jan  2 05:15:41 LabSZ sshd[24717]: PAM 5 more authentication failures; logname= uid=0 euid=0 tty=ssh ruser= rhost=218.65.30.30  user=root
Jan  2 05:15:41 LabSZ sshd[24717]: PAM service(sshd) ignoring max retries; 6 > 3
