Jan  2 09:31:03 LabSZ sshd[306]: Failed password for root from 139.219.239.13 port 22073 ssh2
Jan  2 09:31:03 LabSZ sshd[306]: Received disconnect from 139.219.239.13: 11: Bye Bye [preauth]
Jan  2 09:31:03 LabSZ sshd[308]: pam_unix(sshd:auth): authentication failure; logname= uid=0 euid=0 tty=ssh ruser= rhost=139.219.239.13  user=root
Jan  2 09:31:05 LabSZ sshd[308]: Failed password for root from 139.219.239.13 port 22074 ssh2
Jan  2 09:31:05 LabSZ sshd[308]: Received disconnect from 139.219.239.13: 11: Bye Bye [preauth]
Jan  2 09:31:05 LabSZ sshd[313]: pam_unix(sshd:auth): authentication failure; logname= uid=0 euid=0 tty=ssh ruser= rhost=139.219.239.13  user=root
Jan  2 09:31:07 LabSZ sshd[311]: reverse mapping checking getaddrinfo for host229-140-211-80.serverdedicati.aruba.it [80.211.140.229] failed - POSSIBLE BREAK-IN ATTEMPT!
Jan  2 09:31:07 LabSZ sshd[311]: Invalid user admin from 80.211.140.229
Jan  2 09:31:07 LabSZ sshd[311]: input_userauth_request: invalid user admin [preauth]
Jan  2 09:31:07 LabSZ sshd[311]: pam_unix(sshd:auth): check pass; user unknown
Jan  2 09:31:07 LabSZ sshd[311]: pam_unix(sshd:auth): authentication failure; logname= uid=0 euid=0 tty=ssh ruser= rhost=80.211.140.229 
Jan  2 09:31:08 LabSZ sshd[313]: Failed password for root from 139.219.239.13 port 22075 ssh2
Jan  2 09:31:08 LabSZ sshd[313]: Received disconnect from 139.219.239.13: 11: Bye Bye [preauth]
Jan  2 09:31:08 LabSZ sshd[315]: pam_unix(sshd:auth): authentication failure; logname= uid=0 euid=0 tty=ssh ruser= rhost=139.219.239.13  user=root
Jan  2 09:31:09 LabSZ sshd[311]: Failed password for invalid user admin from 80.211.140.229 port 42312 ssh2
Jan  2 09:31:10 LabSZ sshd[311]: Received disconnect from 80.211.140.229: 11: Bye Bye [preauth]
Jan  2 09:31:10 LabSZ sshd[315]: Failed password for root from 139.219.239.13 port 22079 ssh2
Jan  2 09:31:10 LabSZ sshd[315]: Received disconnect from 139.219.239.13: 11: Bye Bye [preauth]
Jan  2 09:31:11 LabSZ sshd[319]: pam_unix(sshd:auth): authentication failure; logname= uid=0 euid=0 tty=ssh ruser= rhost=139.219.239.13  user=root
Jan  2 09:31:11 LabSZ sshd[32764]: message repeated 5 times: [ Failed password for root from 182.100.67.120 port 38994 ssh2]
Jan  2 09:31:11 LabSZ sshd[32764]: Disconnecting: Too many authentication failures for root [preauth]
Jan  2 09:31:11 LabSZ sshd[32764]: PAM 5 more authentication failures; logname= uid=0 euid=0 tty=ssh ruser= rhost=182.100.67.120  user=root
Jan  2 09:31:11 LabSZ sshd[32764]: PAM service(sshd) ignoring max retries; 6 > 3
Jan  2 09:31:11 LabSZ sshd[32762]: message repeated 5 times: [ Failed password for root from 58.242.83.25 port 52176 ssh2]
Jan  2 09:31:11 LabSZ sshd[32762]: Disconnecting: Too many authentication failures for root [preauth]
Jan  2 09:31:11 LabSZ sshd[32762]: PAM 5 more authentication failures; logname= uid=0 euid=0 tty=ssh ruser= rhost=58.242.83.25  user=root
Jan  2 09:31:11 LabSZ sshd[32762]: PAM service(sshd) ignoring max retries; 6 > 3
Jan  2 09:31:11 LabSZ sshd[317]: reverse mapping checking getaddrinfo for host229-140-211-80.serverdedicati.aruba.it [80.211.140.229] failed - POSSIBLE BREAK-IN ATTEMPT!
Jan  2 09:31:11 LabSZ sshd[317]: pam_unix(sshd:auth): authentication failure; logname= uid=0 euid=0 tty=ssh ruser= rhost=80.211.140.229  user=root
Jan  2 09:31:12 LabSZ sshd[322]: pam_unix(sshd:auth): authentication failure; logname= uid=0 euid=0 tty=ssh ruser= rhost=182.100.67.120  user=root
Jan  2 09:31:12 LabSZ sshd[325]: pam_unix(sshd:auth): authentication failure; logname= uid=0 euid=0 tty=ssh ruser= rhost=58.242.83.25  user=root
Jan  2 09:31:13 LabSZ sshd[319]: Failed password for root from 139.219.239.13 port 22076 ssh2
Jan  2 09:31:13 LabSZ sshd[319]: Received disconnect from 139.219.239.13: 11: Bye Bye [preauth]
Jan  2 09:31:13 LabSZ sshd[327]: pam_unix(sshd:auth): authentication failure; logname= uid=0 euid=0 tty=ssh ruser= rhost=139.219.239.13  user=root
Jan  2 09:31:13 LabSZ sshd[317]: Failed password for root from 80.211.140.229 port 35580 ssh2
Jan  2 09:31:14 LabSZ sshd[317]: Received disconnect from 80.211.140.229: 11: Bye Bye [preauth]
Jan  2 09:31:15 LabSZ sshd[322]: Failed password for root from 182.100.67.120 port 11408 ssh2
Jan  2 09:31:15 LabSZ sshd[325]: Failed password for root from 58.242.83.25 port 9905 ssh2
Jan  2 09:31:16 LabSZ sshd[327]: Failed password for root from 139.219.239.13 port 22077 ssh2
Jan  2 09:31:16 LabSZ sshd[327]: Received disconnect from 139.219.239.13: 11: Bye Bye [preauth]
Jan  2 09:31:16 LabSZ sshd[304]: message repeated 5 times: [ Failed password for root from 218.65.30.30 port 62818 ssh2]
Jan  2 09:31:16 LabSZ sshd[304]: Disconnecting: Too many authentication failures for root [preauth]
Jan  2 09:31:16 LabSZ sshd[304]: PAM 5 more authentication failures; logname= uid=0 euid=0 tty=ssh ruser= rhost=218.65.30.30  user=root
Jan  2 09:31:16 LabSZ sshd[304]: PAM service(sshd) ignoring max retries; 6 > 3
Jan  2 09:31:16 LabSZ sshd[331]: pam_unix(sshd:auth): authentication failure; logname= uid=0 euid=0 tty=ssh ruser= rhost=139.219.239.13  user=root
Jan  2 09:31:16 LabSZ sshd[329]: reverse mapping checking getaddrinfo for host229-140-211-80.serverdedicati.aruba.it [80.211.140.229] failed - POSSIBLE BREAK-IN ATTEMPT!
Jan  2 09:31:16 LabSZ sshd[329]: pam_unix(sshd:auth): authentication failure; logname= uid=0 euid=0 tty=ssh ruser= rhost=80.211.140.229  user=root
Jan  2 09:31:17 LabSZ sshd[334]: reverse mapping checking getaddrinfo for 30.30.65.218.broad.xy.jx.dynamic.163data.com.cn [218.65.30.30] failed - POSSIBLE BREAK-IN ATTEMPT!
Jan  2 09:31:17 LabSZ sshd[334]: pam_unix(sshd:auth): authentication failure; logname= uid=0 euid=0 tty=ssh ruser= rhost=218.65.30.30  user=root
Jan  2 09:31:18 LabSZ sshd[331]: Failed password for root from 139.219.239.13 port 22078 ssh2
Jan  2 09:31:18 LabSZ sshd[331]: Received disconnect from 139.219.239.13: 11: Bye Bye [preauth]
Jan  2 09:31:18 LabSZ sshd[329]: Failed password for root from 80.211.140.229 port 57518 ssh2
Jan  2 09:31:19 LabSZ sshd[337]: pam_unix(sshd:auth): authentication failure; logname= uid=0 euid=0 tty=ssh ruser= rhost=139.219.239.13  user=root
Jan  2 09:31:19 LabSZ sshd[329]: Received disconnect from 80.211.140.229: 11: Bye Bye [preauth]
Jan  2 09:31:19 LabSZ sshd[334]: Failed password for root from 218.65.30.30 port 37254 ssh2
Jan  2 09:31:20 LabSZ sshd[337]: Failed password for root from 139.219.239.13 port 22065 ssh2
Jan  2 09:31:20 LabSZ sshd[337]: Received disconnect from 139.219.239.13: 11: Bye Bye [preauth]
Jan  2 09:31:21 LabSZ sshd[341]: pam_unix(sshd:auth): authentication failure; logname= uid=0 euid=0 tty=ssh ruser= rhost=139.219.239.13  user=root
Jan  2 09:31:22 LabSZ sshd[339]: reverse mapping checking getaddrinfo for host229-140-211-80.serverdedicati.aruba.it [80.211.140.229] failed - POSSIBLE BREAK-IN ATTEMPT!
Jan  2 09:31:22 LabSZ sshd[339]: pam_unix(sshd:auth): authentication failure; logname= uid=0 euid=0 tty=ssh ruser= rhost=80.211.140.229  user=root
Jan  2 09:31:23 LabSZ sshd[341]: Failed password for root from 139.219.239.13 port 22056 ssh2
Jan  2 09:31:23 LabSZ sshd[341]: Received disconnect from 139.219.239.13: 11: Bye Bye [preauth]
Jan  2 09:31:23 LabSZ sshd[343]: pam_unix(sshd:auth): authentication failure; logname= uid=0 euid=0 tty=ssh ruser= rhost=139.219.239.13  user=root
Jan  2 09:31:24 LabSZ sshd[339]: Failed password for root from 80.211.140.229 port 51774 ssh2
Jan  2 09:31:24 LabSZ sshd[339]: Received disconnect from 80.211.140.229: 11: Bye Bye [preauth]
Jan  2 09:31:26 LabSZ sshd[343]: Failed password for root from 139.219.239.13 port 22057 ssh2
Jan  2 09:31:26 LabSZ sshd[343]: Received disconnect from 139.219.239.13: 11: Bye Bye [preauth]
Jan  2 09:31:26 LabSZ sshd[345]: reverse mapping checking getaddrinfo for host229-140-211-80.serverdedicati.aruba.it [80.211.140.229] failed - POSSIBLE BREAK-IN ATTEMPT!
Jan  2 09:31:26 LabSZ sshd[345]: pam_unix(sshd:auth): authentication failure; logname= uid=0 euid=0 tty=ssh ruser= rhost=80.211.140.229  user=root
Jan  2 09:31:26 LabSZ sshd[347]: pam_unix(sshd:auth): authentication failure; logname= uid=0 euid=0 tty=ssh ruser= rhost=139.219.239.13  user=root
Jan  2 09:31:28 LabSZ sshd[325]: message repeated 5 times: [ Failed password for root from 58.242.83.25 port 9905 ssh2]
Jan  2 09:31:28 LabSZ sshd[325]: Disconnecting: Too many authentication failures for root [preauth]
Jan  2 09:31:28 LabSZ sshd[325]: PAM 5 more authentication failures; logname= uid=0 euid=0 tty=ssh ruser= rhost=58.242.83.25  user=root
Jan  2 09:31:28 LabSZ sshd[325]: PAM service(sshd) ignoring max retries; 6 > 3
Jan  2 09:31:28 LabSZ sshd[322]: message repeated 5 times: [ Failed password for root from 182.100.67.120 port 11408 ssh2]
Jan  2 09:31:28 LabSZ sshd[322]: Disconnecting: Too many authentication failures for root [preauth]
Jan  2 09:31:28 LabSZ sshd[322]: PAM 5 more authentication failures; logname= uid=0 euid=0 tty=ssh ruser= rhost=182.100.67.120  user=root
Jan  2 09:31:28 LabSZ sshd[322]: PAM service(sshd) ignoring max retries; 6 > 3
Jan  2 09:31:28 LabSZ sshd[345]: Failed password for root from 80.211.140.229 port 48492 ssh2
Jan  2 09:31:29 LabSZ sshd[347]: Failed password for root from 139.219.239.13 port 22058 ssh2
Jan  2 09:31:29 LabSZ sshd[347]: Received disconnect from 139.219.239.13: 11: Bye Bye [preauth]
Jan  2 09:31:29 LabSZ sshd[345]: Received disconnect from 80.211.140.229: 11: Bye Bye [preauth]
Jan  2 09:31:29 LabSZ sshd[349]: pam_unix(sshd:auth): authentication failure; logname= uid=0 euid=0 tty=ssh ruser= rhost=139.219.239.13  user=root
Jan  2 09:31:30 LabSZ sshd[352]: pam_unix(sshd:auth): authentication failure; logname= uid=0 euid=0 tty=ssh ruser= rhost=58.242.83.25  user=root
Jan  2 09:31:30 LabSZ sshd[356]: pam_unix(sshd:auth): authentication failure; logname= uid=0 euid=0 tty=ssh ruser= rhost=182.100.67.120  user=root
Jan  2 09:31:31 LabSZ sshd[349]: Failed password for root from 139.219.239.13 port 22096 ssh2
Jan  2 09:31:31 LabSZ sshd[351]: reverse mapping checking getaddrinfo for host229-140-211-80.serverdedicati.aruba.it [80.211.140.229] failed - POSSIBLE BREAK-IN ATTEMPT!
Jan  2 09:31:31 LabSZ sshd[351]: pam_unix(sshd:auth): authentication failure; logname= uid=0 euid=0 tty=ssh ruser= rhost=80.211.140.229  user=root
Jan  2 09:31:31 LabSZ sshd[349]: Received disconnect from 139.219.239.13: 11: Bye Bye [preauth]
Jan  2 09:31:32 LabSZ sshd[358]: pam_unix(sshd:auth): authentication failure; logname= uid=0 euid=0 tty=ssh ruser= rhost=139.219.239.13  user=root
Jan  2 09:31:32 LabSZ sshd[352]: Failed password for root from 58.242.83.25 port 30902 ssh2
Jan  2 09:31:32 LabSZ sshd[356]: Failed password for root from 182.100.67.120 port 49248 ssh2
Jan  2 09:31:33 LabSZ sshd[351]: Failed password for root from 80.211.140.229 port 42388 ssh2
Jan  2 09:31:33 LabSZ sshd[334]: message repeated 5 times: [ Failed password for root from 218.65.30.30 port 37254 ssh2]
Jan  2 09:31:33 LabSZ sshd[334]: Disconnecting: Too many authentication failures for root [preauth]
Jan  2 09:31:33 LabSZ sshd[334]: PAM 5 more authentication failures; logname= uid=0 euid=0 tty=ssh ruser= rhost=218.65.30.30  user=root
Jan  2 09:31:33 LabSZ sshd[334]: PAM service(sshd) ignoring max retries; 6 > 3
Jan  2 09:31:33 LabSZ sshd[351]: Received disconnect from 80.211.140.229: 11: Bye Bye [preauth]
Jan  2 09:31:34 LabSZ sshd[358]: Failed password for root from 139.219.239.13 port 22098 ssh2
Jan  2 09:31:34 LabSZ sshd[358]: Received disconnect from 139.219.239.13: 11: Bye Bye [preauth]
