Jan  4 05:53:10 LabSZ sshd[19735]: PAM service(sshd) ignoring max retries; 6 > 3
Jan  4 05:53:11 LabSZ sshd[19747]: Invalid user 1234 from 5.188.10.180
Jan  4 05:53:11 LabSZ sshd[19747]: input_userauth_request: invalid user 1234 [preauth]
Jan  4 05:53:11 LabSZ sshd[19747]: pam_unix(sshd:auth): check pass; user unknown
Jan  4 05:53:11 LabSZ sshd[19747]: pam_unix(sshd:auth): authentication failure; logname= uid=0 euid=0 tty=ssh ruser= rhost=5.188.10.180 
Jan  4 05:53:11 LabSZ sshd[19749]: pam_unix(sshd:auth): authentication failure; logname= uid=0 euid=0 tty=ssh ruser= rhost=59.63.188.30  user=root
Jan  4 05:53:13 LabSZ sshd[19739]: message repeated 5 times: [ Failed password for root from 182.100.67.52 port 17734 ssh2]
Jan  4 05:53:13 LabSZ sshd[19739]: Disconnecting: Too many authentication failures for root [preauth]
Jan  4 05:53:13 LabSZ sshd[19739]: PAM 5 more authentication failures; logname= uid=0 euid=0 tty=ssh ruser= rhost=182.100.67.52  user=root
Jan  4 05:53:13 LabSZ sshd[19739]: PAM service(sshd) ignoring max retries; 6 > 3
Jan  4 05:53:13 LabSZ sshd[19747]: Failed password for invalid user 1234 from 5.188.10.180 port 46284 ssh2
Jan  4 05:53:13 LabSZ sshd[19749]: Failed password for root from 59.63.188.30 port 48669 ssh2
Jan  4 05:53:14 LabSZ sshd[19751]: pam_unix(sshd:auth): authentication failure; logname= uid=0 euid=0 tty=ssh ruser= rhost=182.100.67.52  user=root
Jan  4 05:53:14 LabSZ sshd[19747]: Connection closed by 5.188.10.180 [preauth]
Jan  4 05:53:16 LabSZ sshd[19751]: Failed password for root from 182.100.67.52 port 58954 ssh2
Jan  4 05:53:18 LabSZ sshd[19743]: message repeated 5 times: [ Failed password for root from 59.63.188.30 port 44080 ssh2]
Jan  4 05:53:18 LabSZ sshd[19743]: Disconnecting: Too many authentication failures for root [preauth]
Jan  4 05:53:18 LabSZ sshd[19743]: PAM 5 more authentication failures; logname= uid=0 euid=0 tty=ssh ruser= rhost=59.63.188.30  user=root
Jan  4 05:53:18 LabSZ sshd[19743]: PAM service(sshd) ignoring max retries; 6 > 3
Jan  4 05:53:19 LabSZ sshd[19754]: pam_unix(sshd:auth): authentication failure; logname= uid=0 euid=0 tty=ssh ruser= rhost=59.63.188.30  user=root
Jan  4 05:53:21 LabSZ sshd[19745]: message repeated 5 times: [ Failed password for root from 218.87.109.156 port 63808 ssh2]
Jan  4 05:53:21 LabSZ sshd[19745]: Disconnecting: Too many authentication failures for root [preauth]
Jan  4 05:53:21 LabSZ sshd[19745]: PAM 5 more authentication failures; logname= uid=0 euid=0 tty=ssh ruser= rhost=218.87.109.156  user=root
Jan  4 05:53:21 LabSZ sshd[19745]: PAM service(sshd) ignoring max retries; 6 > 3
Jan  4 05:53:22 LabSZ sshd[19754]: Failed password for root from 59.63.188.30 port 1036 ssh2
Jan  4 05:53:22 LabSZ sshd[19753]: Did not receive identification string from 5.188.10.180
Jan  4 05:53:23 LabSZ sshd[19756]: pam_unix(sshd:auth): authentication failure; logname= uid=0 euid=0 tty=ssh ruser= rhost=218.87.109.156  user=root
Jan  4 05:53:25 LabSZ sshd[19756]: Failed password for root from 218.87.109.156 port 37140 ssh2
Jan  4 05:53:26 LabSZ sshd[19749]: message repeated 5 times: [ Failed password for root from 59.63.188.30 port 48669 ssh2]
Jan  4 05:53:26 LabSZ sshd[19749]: Disconnecting: Too many authentication failures for root [preauth]
Jan  4 05:53:26 LabSZ sshd[19749]: PAM 5 more authentication failures; logname= uid=0 euid=0 tty=ssh ruser= rhost=59.63.188.30  user=root
Jan  4 05:53:26 LabSZ sshd[19749]: PAM service(sshd) ignoring max retries; 6 > 3
Jan  4 05:53:27 LabSZ sshd[19758]: pam_unix(sshd:auth): authentication failure; logname= uid=0 euid=0 tty=ssh ruser= rhost=59.63.188.30  user=root
Jan  4 05:53:29 LabSZ sshd[19751]: message repeated 5 times: [ Failed password for root from 182.100.67.52 port 58954 ssh2]
Jan  4 05:53:29 LabSZ sshd[19751]: Disconnecting: Too many authentication failures for root [preauth]
Jan  4 05:53:29 LabSZ sshd[19751]: PAM 5 more authentication failures; logname= uid=0 euid=0 tty=ssh ruser= rhost=182.100.67.52  user=root
Jan  4 05:53:29 LabSZ sshd[19751]: PAM service(sshd) ignoring max retries; 6 > 3
Jan  4 05:53:29 LabSZ sshd[19758]: Failed password for root from 59.63.188.30 port 5408 ssh2
Jan  4 05:53:31 LabSZ sshd[19760]: pam_unix(sshd:auth): authentication failure; logname= uid=0 euid=0 tty=ssh ruser= rhost=182.100.67.52  user=root
Jan  4 05:53:33 LabSZ sshd[19760]: Failed password for root from 182.100.67.52 port 29464 ssh2
Jan  4 05:53:34 LabSZ sshd[19754]: message repeated 5 times: [ Failed password for root from 59.63.188.30 port 1036 ssh2]
Jan  4 05:53:34 LabSZ sshd[19754]: Disconnecting: Too many authentication failures for root [preauth]
Jan  4 05:53:34 LabSZ sshd[19754]: PAM 5 more authentication failures; logname= uid=0 euid=0 tty=ssh ruser= rhost=59.63.188.30  user=root
Jan  4 05:53:34 LabSZ sshd[19754]: PAM service(sshd) ignoring max retries; 6 > 3
Jan  4 05:53:38 LabSZ sshd[19756]: message repeated 5 times: [ Failed password for root from 218.87.109.156 port 37140 ssh2]
Jan  4 05:53:38 LabSZ sshd[19756]: Disconnecting: Too many authentication failures for root [preauth]
Jan  4 05:53:38 LabSZ sshd[19756]: PAM 5 more authentication failures; logname= uid=0 euid=0 tty=ssh ruser= rhost=218.87.109.156  user=root
Jan  4 05:53:38 LabSZ sshd[19756]: PAM service(sshd) ignoring max retries; 6 > 3
Jan  4 05:53:39 LabSZ sshd[19764]: pam_unix(sshd:auth): authentication failure; logname= uid=0 euid=0 tty=ssh ruser= rhost=218.87.109.156  user=root
Jan  4 05:53:41 LabSZ sshd[19764]: Failed password for root from 218.87.109.156 port 8608 ssh2
Jan  4 05:53:41 LabSZ sshd[19762]: pam_unix(sshd:auth): authentication failure; logname= uid=0 euid=0 tty=ssh ruser= rhost=59.63.188.30  user=root
Jan  4 05:53:41 LabSZ sshd[19758]: message repeated 5 times: [ Failed password for root from 59.63.188.30 port 5408 ssh2]
Jan  4 05:53:41 LabSZ sshd[19758]: Disconnecting: Too many authentication failures for root [preauth]
Jan  4 05:53:41 LabSZ sshd[19758]: PAM 5 more authentication failures; logname= uid=0 euid=0 tty=ssh ruser= rhost=59.63.188.30  user=root
Jan  4 05:53:41 LabSZ sshd[19758]: PAM service(sshd) ignoring max retries; 6 > 3
Jan  4 05:53:43 LabSZ sshd[19766]: pam_unix(sshd:auth): authentication failure; logname= uid=0 euid=0 tty=ssh ruser= rhost=59.63.188.30  user=root
Jan  4 05:53:44 LabSZ sshd[19762]: Failed password for root from 59.63.188.30 port 13184 ssh2
Jan  4 05:53:45 LabSZ sshd[19760]: message repeated 5 times: [ Failed password for root from 182.100.67.52 port 29464 ssh2]
Jan  4 05:53:45 LabSZ sshd[19760]: Disconnecting: Too many authentication failures for root [preauth]
Jan  4 05:53:45 LabSZ sshd[19760]: PAM 5 more authentication failures; logname= uid=0 euid=0 tty=ssh ruser= rhost=182.100.67.52  user=root
Jan  4 05:53:45 LabSZ sshd[19760]: PAM service(sshd) ignoring max retries; 6 > 3
Jan  4 05:53:45 LabSZ sshd[19766]: Failed password for root from 59.63.188.30 port 26753 ssh2
Jan  4 05:53:46 LabSZ sshd[19768]: pam_unix(sshd:auth): authentication failure; logname= uid=0 euid=0 tty=ssh ruser= rhost=182.100.67.52  user=root
Jan  4 05:53:48 LabSZ sshd[19768]: Failed password for root from 182.100.67.52 port 64608 ssh2
Jan  4 05:53:54 LabSZ sshd[19764]: message repeated 5 times: [ Failed password for root from 218.87.109.156 port 8608 ssh2]
Jan  4 05:53:54 LabSZ sshd[19764]: Disconnecting: Too many authentication failures for root [preauth]
Jan  4 05:53:54 LabSZ sshd[19764]: PAM 5 more authentication failures; logname= uid=0 euid=0 tty=ssh ruser= rhost=218.87.109.156  user=root
Jan  4 05:53:54 LabSZ sshd[19764]: PAM service(sshd) ignoring max retries; 6 > 3
Jan  4 05:53:55 LabSZ sshd[19770]: pam_unix(sshd:auth): authentication failure; logname= uid=0 euid=0 tty=ssh ruser= rhost=218.87.109.156  user=root
Jan  4 05:53:56 LabSZ sshd[19762]: message repeated 5 times: [ Failed password for root from 59.63.188.30 port 13184 ssh2]
Jan  4 05:53:56 LabSZ sshd[19762]: Disconnecting: Too many authentication failures for root [preauth]
Jan  4 05:53:56 LabSZ sshd[19762]: PAM 5 more authentication failures; logname= uid=0 euid=0 tty=ssh ruser= rhost=59.63.188.30  user=root
Jan  4 05:53:56 LabSZ sshd[19762]: PAM service(sshd) ignoring max retries; 6 > 3
Jan  4 05:53:56 LabSZ sshd[19766]: message repeated 5 times: [ Failed password for root from 59.63.188.30 port 26753 ssh2]
Jan  4 05:53:56 LabSZ sshd[19766]: Disconnecting: Too many authentication failures for root [preauth]
Jan  4 05:53:56 LabSZ sshd[19766]: PAM 5 more authentication failures; logname= uid=0 euid=0 tty=ssh ruser= rhost=59.63.188.30  user=root
Jan  4 05:53:56 LabSZ sshd[19766]: PAM service(sshd) ignoring max retries; 6 > 3
Jan  4 05:53:57 LabSZ sshd[19770]: Failed password for root from 218.87.109.156 port 44346 ssh2
Jan  4 05:54:00 LabSZ sshd[19768]: message repeated 5 times: [ Failed password for root from 182.100.67.52 port 64608 ssh2]
Jan  4 05:54:00 LabSZ sshd[19768]: Disconnecting: Too many authentication failures for root [preauth]
Jan  4 05:54:00 LabSZ sshd[19768]: PAM 5 more authentication failures; logname= uid=0 euid=0 tty=ssh ruser= rhost=182.100.67.52  user=root
Jan  4 05:54:00 LabSZ sshd[19768]: PAM service(sshd) ignoring max retries; 6 > 3
Jan  4 05:54:01 LabSZ sshd[19776]: pam_unix(sshd:auth): authentication failure; logname= uid=0 euid=0 tty=ssh ruser= rhost=182.100.67.52  user=root
Jan  4 05:54:03 LabSZ sshd[19774]: pam_unix(sshd:auth): authentication failure; logname= uid=0 euid=0 tty=ssh ruser= rhost=59.63.188.30  user=root
Jan  4 05:54:03 LabSZ sshd[19772]: pam_unix(sshd:auth): authentication failure; logname= uid=0 euid=0 tty=ssh ruser= rhost=59.63.188.30  user=root
Jan  4 05:54:04 LabSZ sshd[19776]: Failed password for root from 182.100.67.52 port 35554 ssh2
Jan  4 05:54:05 LabSZ sshd[19774]: Failed password for root from 59.63.188.30 port 41560 ssh2
Jan  4 05:54:05 LabSZ sshd[19772]: Failed password for root from 59.63.188.30 port 39710 ssh2
Jan  4 05:54:08 LabSZ sshd[19770]: message repeated 5 times: [ Failed password for root from 218.87.109.156 port 44346 ssh2]
Jan  4 05:54:08 LabSZ sshd[19770]: Disconnecting: Too many authentication failures for root [preauth]
Jan  4 05:54:08 LabSZ sshd[19770]: PAM 5 more authentication failures; logname= uid=0 euid=0 tty=ssh ruser= rhost=218.87.109.156  user=root
Jan  4 05:54:08 LabSZ sshd[19770]: PAM service(sshd) ignoring max retries; 6 > 3
Jan  4 05:54:09 LabSZ sshd[19778]: pam_unix(sshd:auth): authentication failure; logname= uid=0 euid=0 tty=ssh ruser= rhost=218.87.109.156  user=root
Jan  4 05:54:11 LabSZ sshd[19778]: Failed password for root from 218.87.109.156 port 11610 ssh2
Jan  4 05:54:15 LabSZ sshd[19776]: message repeated 5 times: [ Failed password for root from 182.100.67.52 port 35554 ssh2]
Jan  4 05:54:15 LabSZ sshd[19776]: Disconnecting: Too many authentication failures for root [preauth]
Jan  4 05:54:15 LabSZ sshd[19776]: PAM 5 more authentication failures; logname= uid=0 euid=0 tty=ssh ruser= rhost=182.100.67.52  user=root
Jan  4 05:54:15 LabSZ sshd[19776]: PAM service(sshd) ignoring max retries; 6 > 3
Jan  4 05:54:16 LabSZ sshd[19772]: message repeated 5 times: [ Failed password for root from 59.63.188.30 port 39710 ssh2]
Jan  4 05:54:16 LabSZ sshd[19772]: Disconnecting: Too many authentication failures for root [preauth]
