Jan  3 12:17:37 LabSZ sshd[32340]: pam_unix(sshd:auth): authentication failure; logname= uid=0 euid=0 tty=ssh ruser= rhost=119.7.221.129  user=root
Jan  3 12:17:38 LabSZ sshd[32336]: Failed password for invalid user default from 45.77.126.151 port 52472 ssh2
Jan  3 12:17:38 LabSZ sshd[32336]: Received disconnect from 45.77.126.151: 11: Bye Bye [preauth]
Jan  3 12:17:39 LabSZ sshd[32338]: Failed password for root from 59.63.188.30 port 27075 ssh2
Jan  3 12:17:39 LabSZ sshd[32340]: Failed password for root from 119.7.221.129 port 48225 ssh2
Jan  3 12:17:39 LabSZ sshd[32340]: Received disconnect from 119.7.221.129: 11: Bye Bye [preauth]
Jan  3 12:17:40 LabSZ sshd[32343]: pam_unix(sshd:auth): authentication failure; logname= uid=0 euid=0 tty=ssh ruser= rhost=119.7.221.129  user=root
Jan  3 12:17:42 LabSZ sshd[32343]: Failed password for root from 119.7.221.129 port 50462 ssh2
Jan  3 12:17:42 LabSZ sshd[32343]: Received disconnect from 119.7.221.129: 11: Bye Bye [preauth]
Jan  3 12:17:42 LabSZ sshd[32330]: reverse mapping checking getaddrinfo for . [183.192.189.131] failed - POSSIBLE BREAK-IN ATTEMPT!
Jan  3 12:17:42 LabSZ sshd[32330]: pam_unix(sshd:auth): authentication failure; logname= uid=0 euid=0 tty=ssh ruser= rhost=183.192.189.131  user=root
Jan  3 12:17:42 LabSZ sshd[32346]: Invalid user hxhtftp from 119.7.221.129
Jan  3 12:17:42 LabSZ sshd[32346]: input_userauth_request: invalid user hxhtftp [preauth]
Jan  3 12:17:42 LabSZ sshd[32346]: pam_unix(sshd:auth): check pass; user unknown
Jan  3 12:17:42 LabSZ sshd[32346]: pam_unix(sshd:auth): authentication failure; logname= uid=0 euid=0 tty=ssh ruser= rhost=119.7.221.129 
Jan  3 12:17:44 LabSZ sshd[32330]: Failed password for root from 183.192.189.131 port 22354 ssh2
Jan  3 12:17:44 LabSZ sshd[32330]: Connection closed by 183.192.189.131 [preauth]
Jan  3 12:17:44 LabSZ sshd[32348]: reverse mapping checking getaddrinfo for . [183.192.189.131] failed - POSSIBLE BREAK-IN ATTEMPT!
Jan  3 12:17:44 LabSZ sshd[32348]: pam_unix(sshd:auth): authentication failure; logname= uid=0 euid=0 tty=ssh ruser= rhost=183.192.189.131  user=root
Jan  3 12:17:44 LabSZ sshd[32346]: Failed password for invalid user hxhtftp from 119.7.221.129 port 53093 ssh2
Jan  3 12:17:44 LabSZ sshd[32346]: Received disconnect from 119.7.221.129: 11: Bye Bye [preauth]
Jan  3 12:17:45 LabSZ sshd[32350]: pam_unix(sshd:auth): authentication failure; logname= uid=0 euid=0 tty=ssh ruser= rhost=119.7.221.129  user=root
Jan  3 12:17:45 LabSZ sshd[32342]: reverse mapping checking getaddrinfo for 201-177-149-199.speedy.com.ar [201.177.149.199] failed - POSSIBLE BREAK-IN ATTEMPT!
Jan  3 12:17:45 LabSZ sshd[32342]: pam_unix(sshd:auth): authentication failure; logname= uid=0 euid=0 tty=ssh ruser= rhost=201.177.149.199  user=root
Jan  3 12:17:46 LabSZ sshd[32350]: Failed password for root from 119.7.221.129 port 55919 ssh2
Jan  3 12:17:46 LabSZ sshd[32350]: Received disconnect from 119.7.221.129: 11: Bye Bye [preauth]
Jan  3 12:17:46 LabSZ sshd[32348]: Failed password for root from 183.192.189.131 port 22355 ssh2
Jan  3 12:17:46 LabSZ sshd[32348]: Connection closed by 183.192.189.131 [preauth]
Jan  3 12:17:47 LabSZ sshd[32352]: pam_unix(sshd:auth): authentication failure; logname= uid=0 euid=0 tty=ssh ruser= rhost=119.7.221.129  user=root
Jan  3 12:17:47 LabSZ sshd[32354]: reverse mapping checking getaddrinfo for . [183.192.189.131] failed - POSSIBLE BREAK-IN ATTEMPT!
Jan  3 12:17:47 LabSZ sshd[32354]: pam_unix(sshd:auth): authentication failure; logname= uid=0 euid=0 tty=ssh ruser= rhost=183.192.189.131  user=root
Jan  3 12:17:47 LabSZ sshd[32342]: Failed password for root from 201.177.149.199 port 48347 ssh2
Jan  3 12:17:48 LabSZ sshd[32352]: Failed password for root from 119.7.221.129 port 57696 ssh2
Jan  3 12:17:48 LabSZ sshd[32352]: Received disconnect from 119.7.221.129: 11: Bye Bye [preauth]
Jan  3 12:17:48 LabSZ sshd[32354]: Failed password for root from 183.192.189.131 port 22356 ssh2
Jan  3 12:17:48 LabSZ sshd[32354]: Connection closed by 183.192.189.131 [preauth]
Jan  3 12:17:49 LabSZ sshd[32356]: pam_unix(sshd:auth): authentication failure; logname= uid=0 euid=0 tty=ssh ruser= rhost=119.7.221.129  user=root
Jan  3 12:17:49 LabSZ sshd[32358]: reverse mapping checking getaddrinfo for . [183.192.189.131] failed - POSSIBLE BREAK-IN ATTEMPT!
Jan  3 12:17:49 LabSZ sshd[32358]: pam_unix(sshd:auth): authentication failure; logname= uid=0 euid=0 tty=ssh ruser= rhost=183.192.189.131  user=root
Jan  3 12:17:50 LabSZ sshd[32356]: Failed password for root from 119.7.221.129 port 59878 ssh2
Jan  3 12:17:50 LabSZ sshd[32356]: Received disconnect from 119.7.221.129: 11: Bye Bye [preauth]
Jan  3 12:17:50 LabSZ sshd[32358]: Failed password for root from 183.192.189.131 port 22357 ssh2
Jan  3 12:17:50 LabSZ sshd[32358]: Connection closed by 183.192.189.131 [preauth]
Jan  3 12:17:51 LabSZ sshd[32338]: message repeated 5 times: [ Failed password for root from 59.63.188.30 port 27075 ssh2]
Jan  3 12:17:51 LabSZ sshd[32338]: Disconnecting: Too many authentication failures for root [preauth]
Jan  3 12:17:51 LabSZ sshd[32338]: PAM 5 more authentication failures; logname= uid=0 euid=0 tty=ssh ruser= rhost=59.63.188.30  user=root
Jan  3 12:17:51 LabSZ sshd[32338]: PAM service(sshd) ignoring max retries; 6 > 3
Jan  3 12:17:51 LabSZ sshd[32362]: reverse mapping checking getaddrinfo for . [183.192.189.131] failed - POSSIBLE BREAK-IN ATTEMPT!
Jan  3 12:17:51 LabSZ sshd[32362]: pam_unix(sshd:auth): authentication failure; logname= uid=0 euid=0 tty=ssh ruser= rhost=183.192.189.131  user=root
Jan  3 12:17:51 LabSZ sshd[32360]: pam_unix(sshd:auth): authentication failure; logname= uid=0 euid=0 tty=ssh ruser= rhost=119.7.221.129  user=root
Jan  3 12:17:52 LabSZ sshd[32364]: pam_unix(sshd:auth): authentication failure; logname= uid=0 euid=0 tty=ssh ruser= rhost=59.63.188.30  user=root
Jan  3 12:17:52 LabSZ sshd[32362]: Failed password for root from 183.192.189.131 port 22358 ssh2
Jan  3 12:17:52 LabSZ sshd[32362]: Connection closed by 183.192.189.131 [preauth]
Jan  3 12:17:52 LabSZ sshd[32360]: Failed password for root from 119.7.221.129 port 33805 ssh2
Jan  3 12:17:52 LabSZ sshd[32360]: Received disconnect from 119.7.221.129: 11: Bye Bye [preauth]
Jan  3 12:17:52 LabSZ sshd[32366]: reverse mapping checking getaddrinfo for . [183.192.189.131] failed - POSSIBLE BREAK-IN ATTEMPT!
Jan  3 12:17:52 LabSZ sshd[32366]: pam_unix(sshd:auth): authentication failure; logname= uid=0 euid=0 tty=ssh ruser= rhost=183.192.189.131  user=root
Jan  3 12:17:53 LabSZ sshd[32368]: Invalid user csap1 from 119.7.221.129
Jan  3 12:17:53 LabSZ sshd[32368]: input_userauth_request: invalid user csap1 [preauth]
Jan  3 12:17:53 LabSZ sshd[32368]: pam_unix(sshd:auth): check pass; user unknown
Jan  3 12:17:53 LabSZ sshd[32368]: pam_unix(sshd:auth): authentication failure; logname= uid=0 euid=0 tty=ssh ruser= rhost=119.7.221.129 
Jan  3 12:17:54 LabSZ sshd[32364]: Failed password for root from 59.63.188.30 port 43935 ssh2
Jan  3 12:17:54 LabSZ sshd[32366]: Failed password for root from 183.192.189.131 port 22359 ssh2
Jan  3 12:17:54 LabSZ sshd[32366]: Connection closed by 183.192.189.131 [preauth]
Jan  3 12:17:55 LabSZ sshd[32370]: reverse mapping checking getaddrinfo for . [183.192.189.131] failed - POSSIBLE BREAK-IN ATTEMPT!
Jan  3 12:17:55 LabSZ sshd[32370]: pam_unix(sshd:auth): authentication failure; logname= uid=0 euid=0 tty=ssh ruser= rhost=183.192.189.131  user=root
Jan  3 12:17:55 LabSZ sshd[32368]: Failed password for invalid user csap1 from 119.7.221.129 port 35883 ssh2
Jan  3 12:17:55 LabSZ sshd[32368]: Received disconnect from 119.7.221.129: 11: Bye Bye [preauth]
Jan  3 12:17:55 LabSZ sshd[32372]: Invalid user csap from 119.7.221.129
Jan  3 12:17:55 LabSZ sshd[32372]: input_userauth_request: invalid user csap [preauth]
Jan  3 12:17:55 LabSZ sshd[32372]: pam_unix(sshd:auth): check pass; user unknown
Jan  3 12:17:55 LabSZ sshd[32372]: pam_unix(sshd:auth): authentication failure; logname= uid=0 euid=0 tty=ssh ruser= rhost=119.7.221.129 
Jan  3 12:17:57 LabSZ sshd[32370]: Failed password for root from 183.192.189.131 port 22360 ssh2
Jan  3 12:17:57 LabSZ sshd[32370]: Connection closed by 183.192.189.131 [preauth]
Jan  3 12:17:57 LabSZ sshd[32374]: reverse mapping checking getaddrinfo for . [183.192.189.131] failed - POSSIBLE BREAK-IN ATTEMPT!
Jan  3 12:17:57 LabSZ sshd[32374]: pam_unix(sshd:auth): authentication failure; logname= uid=0 euid=0 tty=ssh ruser= rhost=183.192.189.131  user=root
Jan  3 12:17:57 LabSZ sshd[32372]: Failed password for invalid user csap from 119.7.221.129 port 38601 ssh2
Jan  3 12:17:57 LabSZ sshd[32372]: Received disconnect from 119.7.221.129: 11: Bye Bye [preauth]
Jan  3 12:17:58 LabSZ sshd[32376]: pam_unix(sshd:auth): authentication failure; logname= uid=0 euid=0 tty=ssh ruser= rhost=119.7.221.129  user=root
Jan  3 12:17:58 LabSZ sshd[32374]: Failed password for root from 183.192.189.131 port 22361 ssh2
Jan  3 12:17:58 LabSZ sshd[32374]: Connection closed by 183.192.189.131 [preauth]
Jan  3 12:17:59 LabSZ sshd[32378]: reverse mapping checking getaddrinfo for . [183.192.189.131] failed - POSSIBLE BREAK-IN ATTEMPT!
Jan  3 12:17:59 LabSZ sshd[32378]: pam_unix(sshd:auth): authentication failure; logname= uid=0 euid=0 tty=ssh ruser= rhost=183.192.189.131  user=root
Jan  3 12:18:00 LabSZ sshd[32342]: message repeated 5 times: [ Failed password for root from 201.177.149.199 port 48347 ssh2]
Jan  3 12:18:00 LabSZ sshd[32342]: Disconnecting: Too many authentication failures for root [preauth]
Jan  3 12:18:00 LabSZ sshd[32342]: PAM 5 more authentication failures; logname= uid=0 euid=0 tty=ssh ruser= rhost=201.177.149.199  user=root
Jan  3 12:18:00 LabSZ sshd[32342]: PAM service(sshd) ignoring max retries; 6 > 3
Jan  3 12:18:00 LabSZ sshd[32376]: Failed password for root from 119.7.221.129 port 41163 ssh2
Jan  3 12:18:00 LabSZ sshd[32376]: Received disconnect from 119.7.221.129: 11: Bye Bye [preauth]
Jan  3 12:18:00 LabSZ sshd[32380]: Invalid user ncs from 119.7.221.129
Jan  3 12:18:00 LabSZ sshd[32380]: input_userauth_request: invalid user ncs [preauth]
Jan  3 12:18:00 LabSZ sshd[32380]: pam_unix(sshd:auth): check pass; user unknown
Jan  3 12:18:00 LabSZ sshd[32380]: pam_unix(sshd:auth): authentication failure; logname= uid=0 euid=0 tty=ssh ruser= rhost=119.7.221.129 
Jan  3 12:18:00 LabSZ sshd[32378]: Failed password for root from 183.192.189.131 port 22362 ssh2
Jan  3 12:18:00 LabSZ sshd[32378]: Connection closed by 183.192.189.131 [preauth]
Jan  3 12:18:02 LabSZ sshd[32380]: Failed password for invalid user ncs from 119.7.221.129 port 43535 ssh2
Jan  3 12:18:02 LabSZ sshd[32380]: Received disconnect from 119.7.221.129: 11: Bye Bye [preauth]
Jan  3 12:18:02 LabSZ sshd[32384]: Invalid user ncs from 119.7.221.129
Jan  3 12:18:02 LabSZ sshd[32384]: input_userauth_request: invalid user ncs [preauth]
Jan  3 12:18:02 LabSZ sshd[32384]: pam_unix(sshd:auth): check pass; user unknown
