Jan  2 07:21:44 LabSZ sshd[28091]: PAM 5 more authentication failures; logname= uid=0 euid=0 tty=ssh ruser= rhost=182.100.67.120  user=root
Jan  2 07:21:44 LabSZ sshd[28091]: PAM service(sshd) ignoring max retries; 6 > 3
Jan  2 07:21:45 LabSZ sshd[28099]: Failed password for root from 218.65.30.30 port 52368 ssh2
Jan  2 07:21:45 LabSZ sshd[28103]: pam_unix(sshd:auth): authentication failure; logname= uid=0 euid=0 tty=ssh ruser= rhost=182.100.67.120  user=root
Jan  2 07:21:45 LabSZ sshd[28101]: Invalid user default from 5.188.10.180
Jan  2 07:21:45 LabSZ sshd[28101]: input_userauth_request: invalid user default [preauth]
Jan  2 07:21:45 LabSZ sshd[28101]: pam_unix(sshd:auth): check pass; user unknown
Jan  2 07:21:45 LabSZ sshd[28101]: pam_unix(sshd:auth): authentication failure; logname= uid=0 euid=0 tty=ssh ruser= rhost=5.188.10.180 
Jan  2 07:21:46 LabSZ sshd[28095]: Failed password for invalid user admin from 212.47.235.87 port 34910 ssh2
Jan  2 07:21:46 LabSZ sshd[28095]: Received disconnect from 212.47.235.87: 11: Bye Bye [preauth]
Jan  2 07:21:46 LabSZ sshd[28093]: message repeated 5 times: [ Failed password for root from 58.242.83.25 port 59804 ssh2]
Jan  2 07:21:46 LabSZ sshd[28093]: Disconnecting: Too many authentication failures for root [preauth]
Jan  2 07:21:46 LabSZ sshd[28093]: PAM 5 more authentication failures; logname= uid=0 euid=0 tty=ssh ruser= rhost=58.242.83.25  user=root
Jan  2 07:21:46 LabSZ sshd[28093]: PAM service(sshd) ignoring max retries; 6 > 3
Jan  2 07:21:47 LabSZ sshd[28103]: Failed password for root from 182.100.67.120 port 62306 ssh2
Jan  2 07:21:47 LabSZ sshd[28101]: Failed password for invalid user default from 5.188.10.180 port 57600 ssh2
Jan  2 07:21:48 LabSZ sshd[28101]: pam_unix(sshd:auth): check pass; user unknown
Jan  2 07:21:48 LabSZ sshd[28107]: pam_unix(sshd:auth): authentication failure; logname= uid=0 euid=0 tty=ssh ruser= rhost=58.242.83.25  user=root
Jan  2 07:21:50 LabSZ sshd[28101]: Failed password for invalid user default from 5.188.10.180 port 57600 ssh2
Jan  2 07:21:50 LabSZ sshd[28107]: Failed password for root from 58.242.83.25 port 15850 ssh2
Jan  2 07:21:50 LabSZ sshd[28105]: Invalid user admin from 212.47.235.87
Jan  2 07:21:50 LabSZ sshd[28105]: input_userauth_request: invalid user admin [preauth]
Jan  2 07:21:50 LabSZ sshd[28105]: pam_unix(sshd:auth): check pass; user unknown
Jan  2 07:21:50 LabSZ sshd[28105]: pam_unix(sshd:auth): authentication failure; logname= uid=0 euid=0 tty=ssh ruser= rhost=87-235-47-212.rev.cloud.scaleway.com 
Jan  2 07:21:51 LabSZ sshd[28101]: Connection closed by 5.188.10.180 [preauth]
Jan  2 07:21:51 LabSZ sshd[28101]: PAM 1 more authentication failure; logname= uid=0 euid=0 tty=ssh ruser= rhost=5.188.10.180 
Jan  2 07:21:55 LabSZ sshd[28109]: pam_unix(sshd:auth): authentication failure; logname= uid=0 euid=0 tty=ssh ruser= rhost=5.188.10.180  user=ftp
Jan  2 07:21:57 LabSZ sshd[28105]: Failed password for invalid user admin from 212.47.235.87 port 57354 ssh2
Jan  2 07:21:57 LabSZ sshd[28105]: Connection closed by 212.47.235.87 [preauth]
Jan  2 07:21:57 LabSZ sshd[28109]: Failed password for ftp from 5.188.10.180 port 54306 ssh2
Jan  2 07:21:58 LabSZ sshd[28099]: message repeated 5 times: [ Failed password for root from 218.65.30.30 port 52368 ssh2]
Jan  2 07:21:58 LabSZ sshd[28099]: Disconnecting: Too many authentication failures for root [preauth]
Jan  2 07:21:58 LabSZ sshd[28099]: PAM 5 more authentication failures; logname= uid=0 euid=0 tty=ssh ruser= rhost=218.65.30.30  user=root
Jan  2 07:21:58 LabSZ sshd[28099]: PAM service(sshd) ignoring max retries; 6 > 3
Jan  2 07:21:59 LabSZ sshd[28109]: Connection closed by 5.188.10.180 [preauth]
Jan  2 07:22:00 LabSZ sshd[28111]: reverse mapping checking getaddrinfo for 30.30.65.218.broad.xy.jx.dynamic.163data.com.cn [218.65.30.30] failed - POSSIBLE BREAK-IN ATTEMPT!
Jan  2 07:22:00 LabSZ sshd[28111]: pam_unix(sshd:auth): authentication failure; logname= uid=0 euid=0 tty=ssh ruser= rhost=218.65.30.30  user=root
Jan  2 07:22:00 LabSZ sshd[28103]: message repeated 5 times: [ Failed password for root from 182.100.67.120 port 62306 ssh2]
Jan  2 07:22:00 LabSZ sshd[28103]: Disconnecting: Too many authentication failures for root [preauth]
Jan  2 07:22:00 LabSZ sshd[28103]: PAM 5 more authentication failures; logname= uid=0 euid=0 tty=ssh ruser= rhost=182.100.67.120  user=root
Jan  2 07:22:00 LabSZ sshd[28103]: PAM service(sshd) ignoring max retries; 6 > 3
Jan  2 07:22:01 LabSZ sshd[28114]: pam_unix(sshd:auth): authentication failure; logname= uid=0 euid=0 tty=ssh ruser= rhost=182.100.67.120  user=root
Jan  2 07:22:02 LabSZ sshd[28111]: Failed password for root from 218.65.30.30 port 31508 ssh2
Jan  2 07:22:02 LabSZ sshd[28107]: message repeated 5 times: [ Failed password for root from 58.242.83.25 port 15850 ssh2]
Jan  2 07:22:02 LabSZ sshd[28107]: Disconnecting: Too many authentication failures for root [preauth]
Jan  2 07:22:02 LabSZ sshd[28107]: PAM 5 more authentication failures; logname= uid=0 euid=0 tty=ssh ruser= rhost=58.242.83.25  user=root
Jan  2 07:22:02 LabSZ sshd[28107]: PAM service(sshd) ignoring max retries; 6 > 3
Jan  2 07:22:03 LabSZ sshd[28113]: Invalid user guest from 5.188.10.180
Jan  2 07:22:03 LabSZ sshd[28113]: input_userauth_request: invalid user guest [preauth]
Jan  2 07:22:03 LabSZ sshd[28113]: pam_unix(sshd:auth): check pass; user unknown
Jan  2 07:22:03 LabSZ sshd[28113]: pam_unix(sshd:auth): authentication failure; logname= uid=0 euid=0 tty=ssh ruser= rhost=5.188.10.180 
Jan  2 07:22:03 LabSZ sshd[28114]: Failed password for root from 182.100.67.120 port 34314 ssh2
Jan  2 07:22:04 LabSZ sshd[28117]: pam_unix(sshd:auth): authentication failure; logname= uid=0 euid=0 tty=ssh ruser= rhost=58.242.83.25  user=root
Jan  2 07:22:05 LabSZ sshd[28113]: Failed password for invalid user guest from 5.188.10.180 port 34945 ssh2
Jan  2 07:22:05 LabSZ sshd[28113]: Connection closed by 5.188.10.180 [preauth]
Jan  2 07:22:06 LabSZ sshd[28117]: Failed password for root from 58.242.83.25 port 37730 ssh2
Jan  2 07:22:07 LabSZ sshd[28119]: Connection closed by 5.188.10.180 [preauth]
Jan  2 07:22:11 LabSZ sshd[28121]: Invalid user operator from 5.188.10.180
Jan  2 07:22:11 LabSZ sshd[28121]: input_userauth_request: invalid user operator [preauth]
Jan  2 07:22:11 LabSZ sshd[28121]: pam_unix(sshd:auth): check pass; user unknown
Jan  2 07:22:11 LabSZ sshd[28121]: pam_unix(sshd:auth): authentication failure; logname= uid=0 euid=0 tty=ssh ruser= rhost=5.188.10.180 
Jan  2 07:22:12 LabSZ sshd[28121]: Failed password for invalid user operator from 5.188.10.180 port 41879 ssh2
Jan  2 07:22:13 LabSZ sshd[28121]: Connection closed by 5.188.10.180 [preauth]
Jan  2 07:22:15 LabSZ sshd[28111]: message repeated 5 times: [ Failed password for root from 218.65.30.30 port 31508 ssh2]
Jan  2 07:22:15 LabSZ sshd[28111]: Disconnecting: Too many authentication failures for root [preauth]
Jan  2 07:22:15 LabSZ sshd[28111]: PAM 5 more authentication failures; logname= uid=0 euid=0 tty=ssh ruser= rhost=218.65.30.30  user=root
Jan  2 07:22:15 LabSZ sshd[28111]: PAM service(sshd) ignoring max retries; 6 > 3
Jan  2 07:22:15 LabSZ sshd[28123]: Invalid user osmc from 5.188.10.180
Jan  2 07:22:15 LabSZ sshd[28123]: input_userauth_request: invalid user osmc [preauth]
Jan  2 07:22:15 LabSZ sshd[28123]: pam_unix(sshd:auth): check pass; user unknown
Jan  2 07:22:15 LabSZ sshd[28123]: pam_unix(sshd:auth): authentication failure; logname= uid=0 euid=0 tty=ssh ruser= rhost=5.188.10.180 
Jan  2 07:22:16 LabSZ sshd[28114]: message repeated 5 times: [ Failed password for root from 182.100.67.120 port 34314 ssh2]
Jan  2 07:22:16 LabSZ sshd[28114]: Disconnecting: Too many authentication failures for root [preauth]
Jan  2 07:22:16 LabSZ sshd[28114]: PAM 5 more authentication failures; logname= uid=0 euid=0 tty=ssh ruser= rhost=182.100.67.120  user=root
Jan  2 07:22:16 LabSZ sshd[28114]: PAM service(sshd) ignoring max retries; 6 > 3
Jan  2 07:22:17 LabSZ sshd[28125]: reverse mapping checking getaddrinfo for 30.30.65.218.broad.xy.jx.dynamic.163data.com.cn [218.65.30.30] failed - POSSIBLE BREAK-IN ATTEMPT!
Jan  2 07:22:17 LabSZ sshd[28125]: pam_unix(sshd:auth): authentication failure; logname= uid=0 euid=0 tty=ssh ruser= rhost=218.65.30.30  user=root
Jan  2 07:22:17 LabSZ sshd[28127]: pam_unix(sshd:auth): authentication failure; logname= uid=0 euid=0 tty=ssh ruser= rhost=182.100.67.120  user=root
Jan  2 07:22:17 LabSZ sshd[28123]: Failed password for invalid user osmc from 5.188.10.180 port 33711 ssh2
Jan  2 07:22:18 LabSZ sshd[28117]: message repeated 5 times: [ Failed password for root from 58.242.83.25 port 37730 ssh2]
Jan  2 07:22:18 LabSZ sshd[28117]: Disconnecting: Too many authentication failures for root [preauth]
Jan  2 07:22:18 LabSZ sshd[28117]: PAM 5 more authentication failures; logname= uid=0 euid=0 tty=ssh ruser= rhost=58.242.83.25  user=root
Jan  2 07:22:18 LabSZ sshd[28117]: PAM service(sshd) ignoring max retries; 6 > 3
Jan  2 07:22:18 LabSZ sshd[28125]: Failed password for root from 218.65.30.30 port 5622 ssh2
Jan  2 07:22:18 LabSZ sshd[28123]: Connection closed by 5.188.10.180 [preauth]
Jan  2 07:22:19 LabSZ sshd[28127]: Failed password for root from 182.100.67.120 port 5668 ssh2
Jan  2 07:22:20 LabSZ sshd[28130]: pam_unix(sshd:auth): authentication failure; logname= uid=0 euid=0 tty=ssh ruser= rhost=58.242.83.25  user=root
Jan  2 07:22:21 LabSZ sshd[28130]: Failed password for root from 58.242.83.25 port 57406 ssh2
Jan  2 07:22:22 LabSZ sshd[28129]: pam_unix(sshd:auth): authentication failure; logname= uid=0 euid=0 tty=ssh ruser= rhost=5.188.10.180  user=root
Jan  2 07:22:23 LabSZ sshd[28129]: Failed password for root from 5.188.10.180 port 58390 ssh2
Jan  2 07:22:26 LabSZ sshd[28129]: Failed password for root from 5.188.10.180 port 58390 ssh2
Jan  2 07:22:27 LabSZ sshd[28129]: Connection closed by 5.188.10.180 [preauth]
Jan  2 07:22:27 LabSZ sshd[28129]: PAM 1 more authentication failure; logname= uid=0 euid=0 tty=ssh ruser= rhost=5.188.10.180  user=root
Jan  2 07:22:29 LabSZ sshd[28133]: Connection closed by 5.188.10.180 [preauth]
Jan  2 07:22:31 LabSZ sshd[28125]: message repeated 5 times: [ Failed password for root from 218.65.30.30 port 5622 ssh2]
Jan  2 07:22:31 LabSZ sshd[28125]: Disconnecting: Too many authentication failures for root [preauth]
Jan  2 07:22:31 LabSZ sshd[28125]: PAM 5 more authentication failures; logname= uid=0 euid=0 tty=ssh ruser= rhost=218.65.30.30  user=root
Jan  2 07:22:31 LabSZ sshd[28125]: PAM service(sshd) ignoring max retries; 6 > 3
Jan  2 07:22:31 LabSZ sshd[28127]: message repeated 5 times: [ Failed password for root from 182.100.67.120 port 5668 ssh2]
Jan  2 07:22:31 LabSZ sshd[28127]: Disconnecting: Too many authentication failures for root [preauth]
