Jan  2 02:09:43 LabSZ sshd[20600]: PAM service(sshd) ignoring max retries; 6 > 3
Jan  2 02:09:43 LabSZ sshd[20610]: Invalid user admin from 103.99.0.122
Jan  2 02:09:43 LabSZ sshd[20610]: input_userauth_request: invalid user admin [preauth]
Jan  2 02:09:43 LabSZ sshd[20610]: pam_unix(sshd:auth): check pass; user unknown
Jan  2 02:09:43 LabSZ sshd[20610]: pam_unix(sshd:auth): authentication failure; logname= uid=0 euid=0 tty=ssh ruser= rhost=103.99.0.122 
Jan  2 02:09:45 LabSZ sshd[20612]: pam_unix(sshd:auth): authentication failure; logname= uid=0 euid=0 tty=ssh ruser= rhost=58.242.83.25  user=root
Jan  2 02:09:45 LabSZ sshd[20610]: Failed password for invalid user admin from 103.99.0.122 port 53402 ssh2
Jan  2 02:09:46 LabSZ sshd[20610]: error: Received disconnect from 103.99.0.122: 14: No more user authentication methods available. [preauth]
Jan  2 02:09:47 LabSZ sshd[20612]: Failed password for root from 58.242.83.25 port 55210 ssh2
Jan  2 02:09:47 LabSZ sshd[20614]: Invalid user cisco from 103.99.0.122
Jan  2 02:09:47 LabSZ sshd[20614]: input_userauth_request: invalid user cisco [preauth]
Jan  2 02:09:47 LabSZ sshd[20614]: pam_unix(sshd:auth): check pass; user unknown
Jan  2 02:09:47 LabSZ sshd[20614]: pam_unix(sshd:auth): authentication failure; logname= uid=0 euid=0 tty=ssh ruser= rhost=103.99.0.122 
Jan  2 02:09:49 LabSZ sshd[20614]: Failed password for invalid user cisco from 103.99.0.122 port 54457 ssh2
Jan  2 02:09:49 LabSZ sshd[20614]: error: Received disconnect from 103.99.0.122: 14: No more user authentication methods available. [preauth]
Jan  2 02:09:49 LabSZ sshd[20606]: message repeated 5 times: [ Failed password for root from 182.100.67.120 port 46336 ssh2]
Jan  2 02:09:49 LabSZ sshd[20606]: Disconnecting: Too many authentication failures for root [preauth]
Jan  2 02:09:49 LabSZ sshd[20606]: PAM 5 more authentication failures; logname= uid=0 euid=0 tty=ssh ruser= rhost=182.100.67.120  user=root
Jan  2 02:09:49 LabSZ sshd[20606]: PAM service(sshd) ignoring max retries; 6 > 3
Jan  2 02:09:50 LabSZ sshd[20616]: Invalid user test from 103.99.0.122
Jan  2 02:09:50 LabSZ sshd[20616]: input_userauth_request: invalid user test [preauth]
Jan  2 02:09:50 LabSZ sshd[20616]: pam_unix(sshd:auth): check pass; user unknown
Jan  2 02:09:50 LabSZ sshd[20616]: pam_unix(sshd:auth): authentication failure; logname= uid=0 euid=0 tty=ssh ruser= rhost=103.99.0.122 
Jan  2 02:09:51 LabSZ sshd[20618]: pam_unix(sshd:auth): authentication failure; logname= uid=0 euid=0 tty=ssh ruser= rhost=182.100.67.120  user=root
Jan  2 02:09:52 LabSZ sshd[20616]: Failed password for invalid user test from 103.99.0.122 port 55159 ssh2
Jan  2 02:09:52 LabSZ sshd[20616]: error: Received disconnect from 103.99.0.122: 14: No more user authentication methods available. [preauth]
Jan  2 02:09:52 LabSZ sshd[20618]: Failed password for root from 182.100.67.120 port 17248 ssh2
Jan  2 02:09:54 LabSZ sshd[20620]: Invalid user guest from 103.99.0.122
Jan  2 02:09:54 LabSZ sshd[20620]: input_userauth_request: invalid user guest [preauth]
Jan  2 02:09:54 LabSZ sshd[20620]: pam_unix(sshd:auth): check pass; user unknown
Jan  2 02:09:54 LabSZ sshd[20620]: pam_unix(sshd:auth): authentication failure; logname= uid=0 euid=0 tty=ssh ruser= rhost=103.99.0.122 
Jan  2 02:09:56 LabSZ sshd[20620]: Failed password for invalid user guest from 103.99.0.122 port 56030 ssh2
Jan  2 02:09:56 LabSZ sshd[20620]: error: Received disconnect from 103.99.0.122: 14: No more user authentication methods available. [preauth]
Jan  2 02:09:57 LabSZ sshd[20622]: Invalid user user from 103.99.0.122
Jan  2 02:09:57 LabSZ sshd[20622]: input_userauth_request: invalid user user [preauth]
Jan  2 02:09:57 LabSZ sshd[20622]: pam_unix(sshd:auth): check pass; user unknown
Jan  2 02:09:57 LabSZ sshd[20622]: pam_unix(sshd:auth): authentication failure; logname= uid=0 euid=0 tty=ssh ruser= rhost=103.99.0.122 
Jan  2 02:09:59 LabSZ sshd[20622]: Failed password for invalid user user from 103.99.0.122 port 56750 ssh2
Jan  2 02:09:59 LabSZ sshd[20622]: error: Received disconnect from 103.99.0.122: 14: No more user authentication methods available. [preauth]
Jan  2 02:09:59 LabSZ sshd[20612]: message repeated 5 times: [ Failed password for root from 58.242.83.25 port 55210 ssh2]
Jan  2 02:09:59 LabSZ sshd[20612]: Disconnecting: Too many authentication failures for root [preauth]
Jan  2 02:09:59 LabSZ sshd[20612]: PAM 5 more authentication failures; logname= uid=0 euid=0 tty=ssh ruser= rhost=58.242.83.25  user=root
Jan  2 02:09:59 LabSZ sshd[20612]: PAM service(sshd) ignoring max retries; 6 > 3
Jan  2 02:10:00 LabSZ sshd[20624]: Invalid user operator from 103.99.0.122
Jan  2 02:10:01 LabSZ sshd[20624]: input_userauth_request: invalid user operator [preauth]
Jan  2 02:10:01 LabSZ sshd[20624]: pam_unix(sshd:auth): check pass; user unknown
Jan  2 02:10:01 LabSZ sshd[20624]: pam_unix(sshd:auth): authentication failure; logname= uid=0 euid=0 tty=ssh ruser= rhost=103.99.0.122 
Jan  2 02:10:01 LabSZ sshd[20626]: pam_unix(sshd:auth): authentication failure; logname= uid=0 euid=0 tty=ssh ruser= rhost=58.242.83.25  user=root
Jan  2 02:10:03 LabSZ sshd[20624]: Failed password for invalid user operator from 103.99.0.122 port 57560 ssh2
Jan  2 02:10:03 LabSZ sshd[20626]: Failed password for root from 58.242.83.25 port 12454 ssh2
Jan  2 02:10:03 LabSZ sshd[20624]: error: Received disconnect from 103.99.0.122: 14: No more user authentication methods available. [preauth]
Jan  2 02:10:05 LabSZ sshd[20628]: Invalid user admin from 103.99.0.122
Jan  2 02:10:05 LabSZ sshd[20628]: input_userauth_request: invalid user admin [preauth]
Jan  2 02:10:05 LabSZ sshd[20628]: pam_unix(sshd:auth): check pass; user unknown
Jan  2 02:10:05 LabSZ sshd[20628]: pam_unix(sshd:auth): authentication failure; logname= uid=0 euid=0 tty=ssh ruser= rhost=103.99.0.122 
Jan  2 02:10:06 LabSZ sshd[20618]: message repeated 5 times: [ Failed password for root from 182.100.67.120 port 17248 ssh2]
Jan  2 02:10:06 LabSZ sshd[20618]: Disconnecting: Too many authentication failures for root [preauth]
Jan  2 02:10:06 LabSZ sshd[20618]: PAM 5 more authentication failures; logname= uid=0 euid=0 tty=ssh ruser= rhost=182.100.67.120  user=root
Jan  2 02:10:06 LabSZ sshd[20618]: PAM service(sshd) ignoring max retries; 6 > 3
Jan  2 02:10:06 LabSZ sshd[20628]: Failed password for invalid user admin from 103.99.0.122 port 58650 ssh2
Jan  2 02:10:07 LabSZ sshd[20628]: error: Received disconnect from 103.99.0.122: 14: No more user authentication methods available. [preauth]
Jan  2 02:10:07 LabSZ sshd[20632]: pam_unix(sshd:auth): authentication failure; logname= uid=0 euid=0 tty=ssh ruser= rhost=182.100.67.120  user=root
Jan  2 02:10:07 LabSZ sshd[20630]: pam_unix(sshd:auth): authentication failure; logname= uid=0 euid=0 tty=ssh ruser= rhost=103.99.0.122  user=root
Jan  2 02:10:09 LabSZ sshd[20632]: Failed password for root from 182.100.67.120 port 54226 ssh2
Jan  2 02:10:09 LabSZ sshd[20630]: Failed password for root from 103.99.0.122 port 59502 ssh2
Jan  2 02:10:10 LabSZ sshd[20630]: error: Received disconnect from 103.99.0.122: 14: No more user authentication methods available. [preauth]
Jan  2 02:10:11 LabSZ sshd[20634]: Invalid user admin from 103.99.0.122
Jan  2 02:10:11 LabSZ sshd[20634]: input_userauth_request: invalid user admin [preauth]
Jan  2 02:10:11 LabSZ sshd[20634]: pam_unix(sshd:auth): check pass; user unknown
Jan  2 02:10:11 LabSZ sshd[20634]: pam_unix(sshd:auth): authentication failure; logname= uid=0 euid=0 tty=ssh ruser= rhost=103.99.0.122 
Jan  2 02:10:13 LabSZ sshd[20634]: Failed password for invalid user admin from 103.99.0.122 port 60398 ssh2
Jan  2 02:10:13 LabSZ sshd[20634]: error: Received disconnect from 103.99.0.122: 14: No more user authentication methods available. [preauth]
Jan  2 02:10:15 LabSZ sshd[20636]: Invalid user admin from 103.99.0.122
Jan  2 02:10:15 LabSZ sshd[20636]: input_userauth_request: invalid user admin [preauth]
Jan  2 02:10:15 LabSZ sshd[20636]: pam_unix(sshd:auth): check pass; user unknown
Jan  2 02:10:15 LabSZ sshd[20636]: pam_unix(sshd:auth): authentication failure; logname= uid=0 euid=0 tty=ssh ruser= rhost=103.99.0.122 
Jan  2 02:10:15 LabSZ sshd[20626]: message repeated 5 times: [ Failed password for root from 58.242.83.25 port 12454 ssh2]
Jan  2 02:10:15 LabSZ sshd[20626]: Disconnecting: Too many authentication failures for root [preauth]
Jan  2 02:10:15 LabSZ sshd[20626]: PAM 5 more authentication failures; logname= uid=0 euid=0 tty=ssh ruser= rhost=58.242.83.25  user=root
Jan  2 02:10:15 LabSZ sshd[20626]: PAM service(sshd) ignoring max retries; 6 > 3
Jan  2 02:10:17 LabSZ sshd[20638]: pam_unix(sshd:auth): authentication failure; logname= uid=0 euid=0 tty=ssh ruser= rhost=58.242.83.25  user=root
Jan  2 02:10:17 LabSZ sshd[20636]: Failed password for invalid user admin from 103.99.0.122 port 61136 ssh2
Jan  2 02:10:18 LabSZ sshd[20636]: error: Received disconnect from 103.99.0.122: 14: No more user authentication methods available. [preauth]
Jan  2 02:10:18 LabSZ sshd[20638]: Failed password for root from 58.242.83.25 port 33817 ssh2
Jan  2 02:10:19 LabSZ sshd[20640]: Invalid user admin from 103.99.0.122
Jan  2 02:10:19 LabSZ sshd[20640]: input_userauth_request: invalid user admin [preauth]
Jan  2 02:10:19 LabSZ sshd[20640]: pam_unix(sshd:auth): check pass; user unknown
Jan  2 02:10:19 LabSZ sshd[20640]: pam_unix(sshd:auth): authentication failure; logname= uid=0 euid=0 tty=ssh ruser= rhost=103.99.0.122 
Jan  2 02:10:21 LabSZ sshd[20640]: Failed password for invalid user admin from 103.99.0.122 port 62167 ssh2
Jan  2 02:10:22 LabSZ sshd[20640]: error: Received disconnect from 103.99.0.122: 14: No more user authentication methods available. [preauth]
Jan  2 02:10:22 LabSZ sshd[20642]: pam_unix(sshd:auth): authentication failure; logname= uid=0 euid=0 tty=ssh ruser= rhost=103.99.0.122  user=ftp
Jan  2 02:10:22 LabSZ sshd[20632]: message repeated 5 times: [ Failed password for root from 182.100.67.120 port 54226 ssh2]
Jan  2 02:10:22 LabSZ sshd[20632]: Disconnecting: Too many authentication failures for root [preauth]
Jan  2 02:10:22 LabSZ sshd[20632]: PAM 5 more authentication failures; logname= uid=0 euid=0 tty=ssh ruser= rhost=182.100.67.120  user=root
Jan  2 02:10:22 LabSZ sshd[20632]: PAM service(sshd) ignoring max retries; 6 > 3
Jan  2 02:10:24 LabSZ sshd[20644]: pam_unix(sshd:auth): authentication failure; logname= uid=0 euid=0 tty=ssh ruser= rhost=182.100.67.120  user=root
Jan  2 02:10:24 LabSZ sshd[20642]: Failed password for ftp from 103.99.0.122 port 63048 ssh2
Jan  2 02:10:25 LabSZ sshd[20642]: error: Received disconnect from 103.99.0.122: 14: No more user authentication methods available. [preauth]
Jan  2 02:10:26 LabSZ sshd[20644]: Failed password for root from 182.100.67.120 port 27708 ssh2
Jan  2 02:10:26 LabSZ sshd[20646]: Invalid user monitor from 103.99.0.122
