Jan  4 06:46:55 LabSZ sshd[21411]: Failed password for root from 218.87.109.156 port 40350 ssh2
Jan  4 06:46:58 LabSZ sshd[21407]: message repeated 5 times: [ Failed password for root from 59.63.188.30 port 45830 ssh2]
Jan  4 06:46:58 LabSZ sshd[21407]: Disconnecting: Too many authentication failures for root [preauth]
Jan  4 06:46:58 LabSZ sshd[21407]: PAM 5 more authentication failures; logname= uid=0 euid=0 tty=ssh ruser= rhost=59.63.188.30  user=root
Jan  4 06:46:58 LabSZ sshd[21407]: PAM service(sshd) ignoring max retries; 6 > 3
Jan  4 06:47:00 LabSZ sshd[21416]: pam_unix(sshd:auth): authentication failure; logname= uid=0 euid=0 tty=ssh ruser= rhost=59.63.188.30  user=root
Jan  4 06:47:00 LabSZ sshd[21414]: pam_unix(sshd:auth): authentication failure; logname= uid=0 euid=0 tty=ssh ruser= rhost=59.63.188.30  user=root
Jan  4 06:47:01 LabSZ sshd[21409]: message repeated 5 times: [ Failed password for root from 182.100.67.52 port 4488 ssh2]
Jan  4 06:47:01 LabSZ sshd[21409]: Disconnecting: Too many authentication failures for root [preauth]
Jan  4 06:47:01 LabSZ sshd[21409]: PAM 5 more authentication failures; logname= uid=0 euid=0 tty=ssh ruser= rhost=182.100.67.52  user=root
Jan  4 06:47:01 LabSZ sshd[21409]: PAM service(sshd) ignoring max retries; 6 > 3
Jan  4 06:47:02 LabSZ sshd[21418]: pam_unix(sshd:auth): authentication failure; logname= uid=0 euid=0 tty=ssh ruser= rhost=182.100.67.52  user=root
Jan  4 06:47:02 LabSZ sshd[21416]: Failed password for root from 59.63.188.30 port 3029 ssh2
Jan  4 06:47:02 LabSZ sshd[21414]: Failed password for root from 59.63.188.30 port 56232 ssh2
Jan  4 06:47:04 LabSZ sshd[21418]: Failed password for root from 182.100.67.52 port 41254 ssh2
Jan  4 06:47:07 LabSZ sshd[21411]: message repeated 5 times: [ Failed password for root from 218.87.109.156 port 40350 ssh2]
Jan  4 06:47:07 LabSZ sshd[21411]: Disconnecting: Too many authentication failures for root [preauth]
Jan  4 06:47:07 LabSZ sshd[21411]: PAM 5 more authentication failures; logname= uid=0 euid=0 tty=ssh ruser= rhost=218.87.109.156  user=root
Jan  4 06:47:07 LabSZ sshd[21411]: PAM service(sshd) ignoring max retries; 6 > 3
Jan  4 06:47:09 LabSZ sshd[21420]: pam_unix(sshd:auth): authentication failure; logname= uid=0 euid=0 tty=ssh ruser= rhost=218.87.109.156  user=root
Jan  4 06:47:11 LabSZ sshd[21420]: Failed password for root from 218.87.109.156 port 9498 ssh2
Jan  4 06:47:14 LabSZ sshd[21402]: Invalid user admin from 185.222.209.151
Jan  4 06:47:14 LabSZ sshd[21402]: input_userauth_request: invalid user admin [preauth]
Jan  4 06:47:14 LabSZ sshd[21402]: pam_unix(sshd:auth): check pass; user unknown
Jan  4 06:47:14 LabSZ sshd[21402]: pam_unix(sshd:auth): authentication failure; logname= uid=0 euid=0 tty=ssh ruser= rhost=185.222.209.151 
Jan  4 06:47:15 LabSZ sshd[21416]: message repeated 5 times: [ Failed password for root from 59.63.188.30 port 3029 ssh2]
Jan  4 06:47:15 LabSZ sshd[21416]: Disconnecting: Too many authentication failures for root [preauth]
Jan  4 06:47:15 LabSZ sshd[21416]: PAM 5 more authentication failures; logname= uid=0 euid=0 tty=ssh ruser= rhost=59.63.188.30  user=root
Jan  4 06:47:15 LabSZ sshd[21416]: PAM service(sshd) ignoring max retries; 6 > 3
Jan  4 06:47:15 LabSZ sshd[21414]: message repeated 5 times: [ Failed password for root from 59.63.188.30 port 56232 ssh2]
Jan  4 06:47:15 LabSZ sshd[21414]: Disconnecting: Too many authentication failures for root [preauth]
Jan  4 06:47:15 LabSZ sshd[21414]: PAM 5 more authentication failures; logname= uid=0 euid=0 tty=ssh ruser= rhost=59.63.188.30  user=root
Jan  4 06:47:15 LabSZ sshd[21414]: PAM service(sshd) ignoring max retries; 6 > 3
Jan  4 06:47:16 LabSZ sshd[21422]: pam_unix(sshd:auth): authentication failure; logname= uid=0 euid=0 tty=ssh ruser= rhost=59.63.188.30  user=root
Jan  4 06:47:16 LabSZ sshd[21424]: pam_unix(sshd:auth): authentication failure; logname= uid=0 euid=0 tty=ssh ruser= rhost=59.63.188.30  user=root
Jan  4 06:47:17 LabSZ sshd[21402]: Failed password for invalid user admin from 185.222.209.151 port 53705 ssh2
Jan  4 06:47:18 LabSZ sshd[21418]: message repeated 5 times: [ Failed password for root from 182.100.67.52 port 41254 ssh2]
Jan  4 06:47:18 LabSZ sshd[21418]: Disconnecting: Too many authentication failures for root [preauth]
Jan  4 06:47:18 LabSZ sshd[21418]: PAM 5 more authentication failures; logname= uid=0 euid=0 tty=ssh ruser= rhost=182.100.67.52  user=root
Jan  4 06:47:18 LabSZ sshd[21418]: PAM service(sshd) ignoring max retries; 6 > 3
Jan  4 06:47:18 LabSZ sshd[21422]: Failed password for root from 59.63.188.30 port 10214 ssh2
Jan  4 06:47:18 LabSZ sshd[21424]: Failed password for root from 59.63.188.30 port 10249 ssh2
Jan  4 06:47:19 LabSZ sshd[21426]: pam_unix(sshd:auth): authentication failure; logname= uid=0 euid=0 tty=ssh ruser= rhost=182.100.67.52  user=root
Jan  4 06:47:21 LabSZ sshd[21426]: Failed password for root from 182.100.67.52 port 11706 ssh2
Jan  4 06:47:22 LabSZ sshd[21420]: message repeated 5 times: [ Failed password for root from 218.87.109.156 port 9498 ssh2]
Jan  4 06:47:22 LabSZ sshd[21420]: Disconnecting: Too many authentication failures for root [preauth]
Jan  4 06:47:22 LabSZ sshd[21420]: PAM 5 more authentication failures; logname= uid=0 euid=0 tty=ssh ruser= rhost=218.87.109.156  user=root
Jan  4 06:47:22 LabSZ sshd[21420]: PAM service(sshd) ignoring max retries; 6 > 3
Jan  4 06:47:24 LabSZ sshd[21428]: pam_unix(sshd:auth): authentication failure; logname= uid=0 euid=0 tty=ssh ruser= rhost=218.87.109.156  user=root
Jan  4 06:47:26 LabSZ sshd[21428]: Failed password for root from 218.87.109.156 port 40534 ssh2
Jan  4 06:47:31 LabSZ sshd[21422]: message repeated 5 times: [ Failed password for root from 59.63.188.30 port 10214 ssh2]
Jan  4 06:47:31 LabSZ sshd[21422]: Disconnecting: Too many authentication failures for root [preauth]
Jan  4 06:47:31 LabSZ sshd[21422]: PAM 5 more authentication failures; logname= uid=0 euid=0 tty=ssh ruser= rhost=59.63.188.30  user=root
Jan  4 06:47:31 LabSZ sshd[21422]: PAM service(sshd) ignoring max retries; 6 > 3
Jan  4 06:47:31 LabSZ sshd[21424]: message repeated 5 times: [ Failed password for root from 59.63.188.30 port 10249 ssh2]
Jan  4 06:47:31 LabSZ sshd[21424]: Disconnecting: Too many authentication failures for root [preauth]
Jan  4 06:47:31 LabSZ sshd[21424]: PAM 5 more authentication failures; logname= uid=0 euid=0 tty=ssh ruser= rhost=59.63.188.30  user=root
Jan  4 06:47:31 LabSZ sshd[21424]: PAM service(sshd) ignoring max retries; 6 > 3
Jan  4 06:47:32 LabSZ sshd[21430]: pam_unix(sshd:auth): authentication failure; logname= uid=0 euid=0 tty=ssh ruser= rhost=59.63.188.30  user=root
Jan  4 06:47:32 LabSZ sshd[21432]: pam_unix(sshd:auth): authentication failure; logname= uid=0 euid=0 tty=ssh ruser= rhost=59.63.188.30  user=root
Jan  4 06:47:34 LabSZ sshd[21426]: message repeated 5 times: [ Failed password for root from 182.100.67.52 port 11706 ssh2]
Jan  4 06:47:34 LabSZ sshd[21426]: Disconnecting: Too many authentication failures for root [preauth]
Jan  4 06:47:34 LabSZ sshd[21426]: PAM 5 more authentication failures; logname= uid=0 euid=0 tty=ssh ruser= rhost=182.100.67.52  user=root
Jan  4 06:47:34 LabSZ sshd[21426]: PAM service(sshd) ignoring max retries; 6 > 3
Jan  4 06:47:34 LabSZ sshd[21430]: Failed password for root from 59.63.188.30 port 31276 ssh2
Jan  4 06:47:34 LabSZ sshd[21432]: Failed password for root from 59.63.188.30 port 31449 ssh2
Jan  4 06:47:35 LabSZ sshd[21434]: pam_unix(sshd:auth): authentication failure; logname= uid=0 euid=0 tty=ssh ruser= rhost=182.100.67.52  user=root
Jan  4 06:47:37 LabSZ sshd[21402]: pam_unix(sshd:auth): check pass; user unknown
Jan  4 06:47:37 LabSZ sshd[21434]: Failed password for root from 182.100.67.52 port 46028 ssh2
Jan  4 06:47:39 LabSZ sshd[21402]: Failed password for invalid user admin from 185.222.209.151 port 53705 ssh2
Jan  4 06:47:40 LabSZ sshd[21428]: message repeated 5 times: [ Failed password for root from 218.87.109.156 port 40534 ssh2]
Jan  4 06:47:40 LabSZ sshd[21428]: Disconnecting: Too many authentication failures for root [preauth]
Jan  4 06:47:40 LabSZ sshd[21428]: PAM 5 more authentication failures; logname= uid=0 euid=0 tty=ssh ruser= rhost=218.87.109.156  user=root
Jan  4 06:47:40 LabSZ sshd[21428]: PAM service(sshd) ignoring max retries; 6 > 3
Jan  4 06:47:43 LabSZ sshd[21436]: pam_unix(sshd:auth): authentication failure; logname= uid=0 euid=0 tty=ssh ruser= rhost=218.87.109.156  user=root
Jan  4 06:47:45 LabSZ sshd[21436]: Failed password for root from 218.87.109.156 port 11420 ssh2
Jan  4 06:47:47 LabSZ sshd[21430]: message repeated 5 times: [ Failed password for root from 59.63.188.30 port 31276 ssh2]
Jan  4 06:47:47 LabSZ sshd[21430]: Disconnecting: Too many authentication failures for root [preauth]
Jan  4 06:47:47 LabSZ sshd[21430]: PAM 5 more authentication failures; logname= uid=0 euid=0 tty=ssh ruser= rhost=59.63.188.30  user=root
Jan  4 06:47:47 LabSZ sshd[21430]: PAM service(sshd) ignoring max retries; 6 > 3
Jan  4 06:47:47 LabSZ sshd[21432]: message repeated 5 times: [ Failed password for root from 59.63.188.30 port 31449 ssh2]
Jan  4 06:47:47 LabSZ sshd[21432]: Disconnecting: Too many authentication failures for root [preauth]
Jan  4 06:47:47 LabSZ sshd[21432]: PAM 5 more authentication failures; logname= uid=0 euid=0 tty=ssh ruser= rhost=59.63.188.30  user=root
Jan  4 06:47:47 LabSZ sshd[21432]: PAM service(sshd) ignoring max retries; 6 > 3
Jan  4 06:47:48 LabSZ sshd[21438]: pam_unix(sshd:auth): authentication failure; logname= uid=0 euid=0 tty=ssh ruser= rhost=59.63.188.30  user=root
Jan  4 06:47:49 LabSZ sshd[21440]: pam_unix(sshd:auth): authentication failure; logname= uid=0 euid=0 tty=ssh ruser= rhost=59.63.188.30  user=root
Jan  4 06:47:50 LabSZ sshd[21434]: message repeated 5 times: [ Failed password for root from 182.100.67.52 port 46028 ssh2]
Jan  4 06:47:50 LabSZ sshd[21434]: Disconnecting: Too many authentication failures for root [preauth]
Jan  4 06:47:50 LabSZ sshd[21434]: PAM 5 more authentication failures; logname= uid=0 euid=0 tty=ssh ruser= rhost=182.100.67.52  user=root
Jan  4 06:47:50 LabSZ sshd[21434]: PAM service(sshd) ignoring max retries; 6 > 3
Jan  4 06:47:50 LabSZ sshd[21438]: Failed password for root from 59.63.188.30 port 52635 ssh2
Jan  4 06:47:51 LabSZ sshd[21440]: Failed password for root from 59.63.188.30 port 52994 ssh2
Jan  4 06:47:51 LabSZ sshd[21442]: pam_unix(sshd:auth): authentication failure; logname= uid=0 euid=0 tty=ssh ruser= rhost=182.100.67.52  user=root
Jan  4 06:47:53 LabSZ sshd[21402]: pam_unix(sshd:auth): check pass; user unknown
Jan  4 06:47:54 LabSZ sshd[21442]: Failed password for root from 182.100.67.52 port 13900 ssh2
Jan  4 06:47:54 LabSZ sshd[21402]: Failed password for invalid user admin from 185.222.209.151 port 53705 ssh2
Jan  4 06:48:00 LabSZ sshd[21436]: message repeated 5 times: [ Failed password for root from 218.87.109.156 port 11420 ssh2]
Jan  4 06:48:00 LabSZ sshd[21436]: Disconnecting: Too many authentication failures for root [preauth]
Jan  4 06:48:00 LabSZ sshd[21436]: PAM 5 more authentication failures; logname= uid=0 euid=0 tty=ssh ruser= rhost=218.87.109.156  user=root
Jan  4 06:48:00 LabSZ sshd[21436]: PAM service(sshd) ignoring max retries; 6 > 3
