Jan  3 01:41:26 LabSZ sshd[25524]: pam_unix(sshd:auth): authentication failure; logname= uid=0 euid=0 tty=ssh ruser= rhost=183.63.110.206  user=root
Jan  3 01:41:26 LabSZ sshd[25522]: Connection closed by 183.63.110.206 [preauth]
Jan  3 01:41:27 LabSZ sshd[25524]: Failed password for root from 183.63.110.206 port 48033 ssh2
Jan  3 01:41:27 LabSZ sshd[25526]: pam_unix(sshd:auth): authentication failure; logname= uid=0 euid=0 tty=ssh ruser= rhost=183.63.110.206  user=root
Jan  3 01:41:27 LabSZ sshd[25524]: Connection closed by 183.63.110.206 [preauth]
Jan  3 01:41:29 LabSZ sshd[25526]: Failed password for root from 183.63.110.206 port 48062 ssh2
Jan  3 01:41:29 LabSZ sshd[25528]: pam_unix(sshd:auth): authentication failure; logname= uid=0 euid=0 tty=ssh ruser= rhost=183.63.110.206  user=root
Jan  3 01:41:29 LabSZ sshd[25526]: Connection closed by 183.63.110.206 [preauth]
Jan  3 01:41:31 LabSZ sshd[25519]: reverse mapping checking getaddrinfo for . [183.192.189.131] failed - POSSIBLE BREAK-IN ATTEMPT!
Jan  3 01:41:31 LabSZ sshd[25519]: pam_unix(sshd:auth): authentication failure; logname= uid=0 euid=0 tty=ssh ruser= rhost=183.192.189.131  user=root
Jan  3 01:41:31 LabSZ sshd[25528]: Failed password for root from 183.63.110.206 port 48120 ssh2
Jan  3 01:41:31 LabSZ sshd[25528]: Connection closed by 183.63.110.206 [preauth]
Jan  3 01:41:32 LabSZ sshd[25530]: pam_unix(sshd:auth): authentication failure; logname= uid=0 euid=0 tty=ssh ruser= rhost=183.63.110.206  user=root
Jan  3 01:41:32 LabSZ sshd[25532]: pam_unix(sshd:auth): authentication failure; logname= uid=0 euid=0 tty=ssh ruser= rhost=183.63.110.206  user=root
Jan  3 01:41:33 LabSZ sshd[25519]: Failed password for root from 183.192.189.131 port 6717 ssh2
Jan  3 01:41:33 LabSZ sshd[25519]: Connection closed by 183.192.189.131 [preauth]
Jan  3 01:41:33 LabSZ sshd[25534]: reverse mapping checking getaddrinfo for . [183.192.189.131] failed - POSSIBLE BREAK-IN ATTEMPT!
Jan  3 01:41:33 LabSZ sshd[25534]: pam_unix(sshd:auth): authentication failure; logname= uid=0 euid=0 tty=ssh ruser= rhost=183.192.189.131  user=root
Jan  3 01:41:33 LabSZ sshd[25530]: Failed password for root from 183.63.110.206 port 48168 ssh2
Jan  3 01:41:34 LabSZ sshd[25532]: Failed password for root from 183.63.110.206 port 48228 ssh2
Jan  3 01:41:34 LabSZ sshd[25530]: Connection closed by 183.63.110.206 [preauth]
Jan  3 01:41:34 LabSZ sshd[25532]: Connection closed by 183.63.110.206 [preauth]
Jan  3 01:41:35 LabSZ sshd[25534]: Failed password for root from 183.192.189.131 port 6718 ssh2
Jan  3 01:41:35 LabSZ sshd[25536]: pam_unix(sshd:auth): authentication failure; logname= uid=0 euid=0 tty=ssh ruser= rhost=183.63.110.206  user=root
Jan  3 01:41:35 LabSZ sshd[25534]: Connection closed by 183.192.189.131 [preauth]
Jan  3 01:41:35 LabSZ sshd[25540]: reverse mapping checking getaddrinfo for . [183.192.189.131] failed - POSSIBLE BREAK-IN ATTEMPT!
Jan  3 01:41:36 LabSZ sshd[25540]: pam_unix(sshd:auth): authentication failure; logname= uid=0 euid=0 tty=ssh ruser= rhost=183.192.189.131  user=root
Jan  3 01:41:36 LabSZ sshd[25537]: pam_unix(sshd:auth): authentication failure; logname= uid=0 euid=0 tty=ssh ruser= rhost=183.63.110.206  user=root
Jan  3 01:41:37 LabSZ sshd[25536]: Failed password for root from 183.63.110.206 port 48302 ssh2
Jan  3 01:41:37 LabSZ sshd[25536]: Connection closed by 183.63.110.206 [preauth]
Jan  3 01:41:38 LabSZ sshd[25540]: Failed password for root from 183.192.189.131 port 6719 ssh2
Jan  3 01:41:38 LabSZ sshd[25540]: Connection closed by 183.192.189.131 [preauth]
Jan  3 01:41:38 LabSZ sshd[25537]: Failed password for root from 183.63.110.206 port 48307 ssh2
Jan  3 01:41:38 LabSZ sshd[25544]: reverse mapping checking getaddrinfo for . [183.192.189.131] failed - POSSIBLE BREAK-IN ATTEMPT!
Jan  3 01:41:38 LabSZ sshd[25544]: pam_unix(sshd:auth): authentication failure; logname= uid=0 euid=0 tty=ssh ruser= rhost=183.192.189.131  user=root
Jan  3 01:41:38 LabSZ sshd[25537]: Connection closed by 183.63.110.206 [preauth]
Jan  3 01:41:38 LabSZ sshd[25542]: pam_unix(sshd:auth): authentication failure; logname= uid=0 euid=0 tty=ssh ruser= rhost=183.63.110.206  user=root
Jan  3 01:41:39 LabSZ sshd[25544]: Failed password for root from 183.192.189.131 port 6720 ssh2
Jan  3 01:41:39 LabSZ sshd[25544]: Connection closed by 183.192.189.131 [preauth]
Jan  3 01:41:40 LabSZ sshd[25548]: reverse mapping checking getaddrinfo for . [183.192.189.131] failed - POSSIBLE BREAK-IN ATTEMPT!
Jan  3 01:41:40 LabSZ sshd[25548]: pam_unix(sshd:auth): authentication failure; logname= uid=0 euid=0 tty=ssh ruser= rhost=183.192.189.131  user=root
Jan  3 01:41:40 LabSZ sshd[25542]: Failed password for root from 183.63.110.206 port 48411 ssh2
Jan  3 01:41:40 LabSZ sshd[25546]: pam_unix(sshd:auth): authentication failure; logname= uid=0 euid=0 tty=ssh ruser= rhost=183.63.110.206  user=root
Jan  3 01:41:40 LabSZ sshd[25542]: Connection closed by 183.63.110.206 [preauth]
Jan  3 01:41:41 LabSZ sshd[25550]: pam_unix(sshd:auth): authentication failure; logname= uid=0 euid=0 tty=ssh ruser= rhost=183.63.110.206  user=root
Jan  3 01:41:42 LabSZ sshd[25548]: Failed password for root from 183.192.189.131 port 6721 ssh2
Jan  3 01:41:42 LabSZ sshd[25548]: Connection closed by 183.192.189.131 [preauth]
Jan  3 01:41:42 LabSZ sshd[25546]: Failed password for root from 183.63.110.206 port 48434 ssh2
Jan  3 01:41:42 LabSZ sshd[25546]: Connection closed by 183.63.110.206 [preauth]
Jan  3 01:41:43 LabSZ sshd[25550]: Failed password for root from 183.63.110.206 port 48481 ssh2
Jan  3 01:41:43 LabSZ sshd[25550]: Connection closed by 183.63.110.206 [preauth]
Jan  3 01:41:43 LabSZ sshd[25554]: pam_unix(sshd:auth): authentication failure; logname= uid=0 euid=0 tty=ssh ruser= rhost=183.63.110.206  user=root
Jan  3 01:41:44 LabSZ sshd[25556]: pam_unix(sshd:auth): authentication failure; logname= uid=0 euid=0 tty=ssh ruser= rhost=183.63.110.206  user=root
Jan  3 01:41:45 LabSZ sshd[25554]: Failed password for root from 183.63.110.206 port 48541 ssh2
Jan  3 01:41:45 LabSZ sshd[25554]: Connection closed by 183.63.110.206 [preauth]
Jan  3 01:41:46 LabSZ sshd[25560]: Did not receive identification string from 195.154.59.62
Jan  3 01:41:47 LabSZ sshd[25556]: Failed password for root from 183.63.110.206 port 48573 ssh2
Jan  3 01:41:47 LabSZ sshd[25558]: pam_unix(sshd:auth): authentication failure; logname= uid=0 euid=0 tty=ssh ruser= rhost=183.63.110.206  user=root
Jan  3 01:41:47 LabSZ sshd[25556]: Connection closed by 183.63.110.206 [preauth]
Jan  3 01:41:49 LabSZ sshd[25558]: Failed password for root from 183.63.110.206 port 48645 ssh2
Jan  3 01:41:49 LabSZ sshd[25558]: Connection closed by 183.63.110.206 [preauth]
Jan  3 01:41:49 LabSZ sshd[25561]: reverse mapping checking getaddrinfo for 195-154-59-62.rev.poneytelecom.eu [195.154.59.62] failed - POSSIBLE BREAK-IN ATTEMPT!
Jan  3 01:41:49 LabSZ sshd[25561]: Invalid user support from 195.154.59.62
Jan  3 01:41:49 LabSZ sshd[25561]: input_userauth_request: invalid user support [preauth]
Jan  3 01:41:50 LabSZ sshd[25561]: pam_unix(sshd:auth): check pass; user unknown
Jan  3 01:41:50 LabSZ sshd[25561]: pam_unix(sshd:auth): authentication failure; logname= uid=0 euid=0 tty=ssh ruser= rhost=195.154.59.62 
Jan  3 01:41:50 LabSZ sshd[25565]: pam_unix(sshd:auth): authentication failure; logname= uid=0 euid=0 tty=ssh ruser= rhost=183.63.110.206  user=root
Jan  3 01:41:50 LabSZ sshd[25563]: pam_unix(sshd:auth): authentication failure; logname= uid=0 euid=0 tty=ssh ruser= rhost=183.63.110.206  user=root
Jan  3 01:41:51 LabSZ sshd[25561]: Failed password for invalid user support from 195.154.59.62 port 52672 ssh2
Jan  3 01:41:51 LabSZ sshd[25565]: Failed password for root from 183.63.110.206 port 48731 ssh2
Jan  3 01:41:52 LabSZ sshd[25561]: Received disconnect from 195.154.59.62: 11: Closed due to user request. [preauth]
Jan  3 01:41:52 LabSZ sshd[25565]: Connection closed by 183.63.110.206 [preauth]
Jan  3 01:41:52 LabSZ sshd[25563]: Failed password for root from 183.63.110.206 port 48679 ssh2
Jan  3 01:41:52 LabSZ sshd[25552]: reverse mapping checking getaddrinfo for . [183.192.189.131] failed - POSSIBLE BREAK-IN ATTEMPT!
Jan  3 01:41:52 LabSZ sshd[25552]: pam_unix(sshd:auth): authentication failure; logname= uid=0 euid=0 tty=ssh ruser= rhost=183.192.189.131  user=root
Jan  3 01:41:52 LabSZ sshd[25563]: Connection closed by 183.63.110.206 [preauth]
Jan  3 01:41:53 LabSZ sshd[25567]: pam_unix(sshd:auth): authentication failure; logname= uid=0 euid=0 tty=ssh ruser= rhost=183.63.110.206  user=root
Jan  3 01:41:53 LabSZ sshd[25569]: pam_unix(sshd:auth): authentication failure; logname= uid=0 euid=0 tty=ssh ruser= rhost=183.63.110.206  user=root
Jan  3 01:41:54 LabSZ sshd[25552]: Failed password for root from 183.192.189.131 port 6722 ssh2
Jan  3 01:41:54 LabSZ sshd[25552]: Connection closed by 183.192.189.131 [preauth]
Jan  3 01:41:54 LabSZ sshd[25571]: reverse mapping checking getaddrinfo for . [183.192.189.131] failed - POSSIBLE BREAK-IN ATTEMPT!
Jan  3 01:41:54 LabSZ sshd[25571]: pam_unix(sshd:auth): authentication failure; logname= uid=0 euid=0 tty=ssh ruser= rhost=183.192.189.131  user=root
Jan  3 01:41:54 LabSZ sshd[25567]: Failed password for root from 183.63.110.206 port 48801 ssh2
Jan  3 01:41:55 LabSZ sshd[25567]: Connection closed by 183.63.110.206 [preauth]
Jan  3 01:41:55 LabSZ sshd[25569]: Failed password for root from 183.63.110.206 port 48824 ssh2
Jan  3 01:41:56 LabSZ sshd[25571]: Failed password for root from 183.192.189.131 port 6723 ssh2
Jan  3 01:41:56 LabSZ sshd[25571]: Connection closed by 183.192.189.131 [preauth]
Jan  3 01:41:56 LabSZ sshd[25569]: Connection closed by 183.63.110.206 [preauth]
Jan  3 01:41:56 LabSZ sshd[25575]: reverse mapping checking getaddrinfo for . [183.192.189.131] failed - POSSIBLE BREAK-IN ATTEMPT!
Jan  3 01:41:56 LabSZ sshd[25575]: pam_unix(sshd:auth): authentication failure; logname= uid=0 euid=0 tty=ssh ruser= rhost=183.192.189.131  user=root
Jan  3 01:41:56 LabSZ sshd[25573]: pam_unix(sshd:auth): authentication failure; logname= uid=0 euid=0 tty=ssh ruser= rhost=183.63.110.206  user=root
Jan  3 01:41:57 LabSZ sshd[25577]: pam_unix(sshd:auth): authentication failure; logname= uid=0 euid=0 tty=ssh ruser= rhost=183.63.110.206  user=root
Jan  3 01:41:58 LabSZ sshd[25575]: Failed password for root from 183.192.189.131 port 6724 ssh2
Jan  3 01:41:58 LabSZ sshd[25575]: Connection closed by 183.192.189.131 [preauth]
Jan  3 01:41:58 LabSZ sshd[25573]: Failed password for root from 183.63.110.206 port 48907 ssh2
Jan  3 01:41:59 LabSZ sshd[25573]: Connection closed by 183.63.110.206 [preauth]
Jan  3 01:41:59 LabSZ sshd[25577]: Failed password for root from 183.63.110.206 port 48941 ssh2
Jan  3 01:41:59 LabSZ sshd[25577]: Connection closed by 183.63.110.206 [preauth]
Jan  3 01:42:00 LabSZ sshd[25581]: pam_unix(sshd:auth): authentication failure; logname= uid=0 euid=0 tty=ssh ruser= rhost=183.63.110.206  user=root
Jan  3 01:42:00 LabSZ sshd[25583]: pam_unix(sshd:auth): authentication failure; logname= uid=0 euid=0 tty=ssh ruser= rhost=183.63.110.206  user=root
