Jan  4 04:38:59 LabSZ sshd[17541]: message repeated 5 times: [ Failed password for root from 59.63.188.30 port 38454 ssh2]
Jan  4 04:38:59 LabSZ sshd[17541]: Disconnecting: Too many authentication failures for root [preauth]
Jan  4 04:38:59 LabSZ sshd[17541]: PAM 5 more authentication failures; logname= uid=0 euid=0 tty=ssh ruser= rhost=59.63.188.30  user=root
Jan  4 04:38:59 LabSZ sshd[17541]: PAM service(sshd) ignoring max retries; 6 > 3
Jan  4 04:38:59 LabSZ sshd[17549]: Failed password for invalid user admin from 193.201.224.232 port 36311 ssh2
Jan  4 04:38:59 LabSZ sshd[17549]: pam_unix(sshd:auth): check pass; user unknown
Jan  4 04:39:00 LabSZ sshd[17551]: pam_unix(sshd:auth): authentication failure; logname= uid=0 euid=0 tty=ssh ruser= rhost=59.63.188.30  user=root
Jan  4 04:39:01 LabSZ sshd[17549]: Failed password for invalid user admin from 193.201.224.232 port 36311 ssh2
Jan  4 04:39:01 LabSZ sshd[17549]: pam_unix(sshd:auth): check pass; user unknown
Jan  4 04:39:02 LabSZ sshd[17551]: Failed password for root from 59.63.188.30 port 59335 ssh2
Jan  4 04:39:03 LabSZ sshd[17543]: message repeated 5 times: [ Failed password for root from 59.63.188.30 port 44893 ssh2]
Jan  4 04:39:03 LabSZ sshd[17543]: Disconnecting: Too many authentication failures for root [preauth]
Jan  4 04:39:03 LabSZ sshd[17549]: Failed password for invalid user admin from 193.201.224.232 port 36311 ssh2
Jan  4 04:39:03 LabSZ sshd[17543]: PAM 5 more authentication failures; logname= uid=0 euid=0 tty=ssh ruser= rhost=59.63.188.30  user=root
Jan  4 04:39:03 LabSZ sshd[17543]: PAM service(sshd) ignoring max retries; 6 > 3
Jan  4 04:39:04 LabSZ sshd[17549]: pam_unix(sshd:auth): check pass; user unknown
Jan  4 04:39:04 LabSZ sshd[17545]: message repeated 5 times: [ Failed password for root from 218.87.109.156 port 58172 ssh2]
Jan  4 04:39:04 LabSZ sshd[17545]: Disconnecting: Too many authentication failures for root [preauth]
Jan  4 04:39:04 LabSZ sshd[17545]: PAM 5 more authentication failures; logname= uid=0 euid=0 tty=ssh ruser= rhost=218.87.109.156  user=root
Jan  4 04:39:04 LabSZ sshd[17545]: PAM service(sshd) ignoring max retries; 6 > 3
Jan  4 04:39:04 LabSZ sshd[17547]: message repeated 5 times: [ Failed password for root from 182.100.67.52 port 42892 ssh2]
Jan  4 04:39:04 LabSZ sshd[17547]: Disconnecting: Too many authentication failures for root [preauth]
Jan  4 04:39:04 LabSZ sshd[17547]: PAM 5 more authentication failures; logname= uid=0 euid=0 tty=ssh ruser= rhost=182.100.67.52  user=root
Jan  4 04:39:04 LabSZ sshd[17547]: PAM service(sshd) ignoring max retries; 6 > 3
Jan  4 04:39:05 LabSZ sshd[17567]: pam_unix(sshd:auth): authentication failure; logname= uid=0 euid=0 tty=ssh ruser= rhost=59.63.188.30  user=root
Jan  4 04:39:05 LabSZ sshd[17569]: pam_unix(sshd:auth): authentication failure; logname= uid=0 euid=0 tty=ssh ruser= rhost=218.87.109.156  user=root
Jan  4 04:39:05 LabSZ sshd[17549]: Failed password for invalid user admin from 193.201.224.232 port 36311 ssh2
Jan  4 04:39:06 LabSZ sshd[17549]: pam_unix(sshd:auth): check pass; user unknown
Jan  4 04:39:06 LabSZ sshd[17567]: Failed password for root from 59.63.188.30 port 1720 ssh2
Jan  4 04:39:07 LabSZ sshd[17569]: Failed password for root from 218.87.109.156 port 29032 ssh2
Jan  4 04:39:07 LabSZ sshd[17571]: pam_unix(sshd:auth): authentication failure; logname= uid=0 euid=0 tty=ssh ruser= rhost=182.100.67.52  user=root
Jan  4 04:39:08 LabSZ sshd[17549]: Failed password for invalid user admin from 193.201.224.232 port 36311 ssh2
Jan  4 04:39:08 LabSZ sshd[17549]: pam_unix(sshd:auth): check pass; user unknown
Jan  4 04:39:09 LabSZ sshd[17571]: Failed password for root from 182.100.67.52 port 14020 ssh2
Jan  4 04:39:10 LabSZ sshd[17549]: Failed password for invalid user admin from 193.201.224.232 port 36311 ssh2
Jan  4 04:39:10 LabSZ sshd[17549]: Disconnecting: Too many authentication failures for admin [preauth]
Jan  4 04:39:10 LabSZ sshd[17549]: PAM 5 more authentication failures; logname= uid=0 euid=0 tty=ssh ruser= rhost=193.201.224.232 
Jan  4 04:39:10 LabSZ sshd[17549]: PAM service(sshd) ignoring max retries; 6 > 3
Jan  4 04:39:13 LabSZ sshd[17573]: Invalid user admin from 193.201.224.232
Jan  4 04:39:13 LabSZ sshd[17573]: input_userauth_request: invalid user admin [preauth]
Jan  4 04:39:13 LabSZ sshd[17573]: pam_unix(sshd:auth): check pass; user unknown
Jan  4 04:39:13 LabSZ sshd[17573]: pam_unix(sshd:auth): authentication failure; logname= uid=0 euid=0 tty=ssh ruser= rhost=193.201.224.232 
Jan  4 04:39:13 LabSZ sshd[17551]: message repeated 5 times: [ Failed password for root from 59.63.188.30 port 59335 ssh2]
Jan  4 04:39:13 LabSZ sshd[17551]: Disconnecting: Too many authentication failures for root [preauth]
Jan  4 04:39:13 LabSZ sshd[17551]: PAM 5 more authentication failures; logname= uid=0 euid=0 tty=ssh ruser= rhost=59.63.188.30  user=root
Jan  4 04:39:13 LabSZ sshd[17551]: PAM service(sshd) ignoring max retries; 6 > 3
Jan  4 04:39:15 LabSZ sshd[17575]: pam_unix(sshd:auth): authentication failure; logname= uid=0 euid=0 tty=ssh ruser= rhost=59.63.188.30  user=root
Jan  4 04:39:15 LabSZ sshd[17573]: Failed password for invalid user admin from 193.201.224.232 port 1793 ssh2
Jan  4 04:39:15 LabSZ sshd[17573]: pam_unix(sshd:auth): check pass; user unknown
Jan  4 04:39:16 LabSZ sshd[17575]: Failed password for root from 59.63.188.30 port 14681 ssh2
Jan  4 04:39:17 LabSZ sshd[17573]: Failed password for invalid user admin from 193.201.224.232 port 1793 ssh2
Jan  4 04:39:17 LabSZ sshd[17573]: pam_unix(sshd:auth): check pass; user unknown
Jan  4 04:39:18 LabSZ sshd[17567]: message repeated 5 times: [ Failed password for root from 59.63.188.30 port 1720 ssh2]
Jan  4 04:39:18 LabSZ sshd[17567]: Disconnecting: Too many authentication failures for root [preauth]
Jan  4 04:39:18 LabSZ sshd[17567]: PAM 5 more authentication failures; logname= uid=0 euid=0 tty=ssh ruser= rhost=59.63.188.30  user=root
Jan  4 04:39:18 LabSZ sshd[17567]: PAM service(sshd) ignoring max retries; 6 > 3
Jan  4 04:39:18 LabSZ sshd[17569]: message repeated 5 times: [ Failed password for root from 218.87.109.156 port 29032 ssh2]
Jan  4 04:39:18 LabSZ sshd[17569]: Disconnecting: Too many authentication failures for root [preauth]
Jan  4 04:39:19 LabSZ sshd[17569]: PAM 5 more authentication failures; logname= uid=0 euid=0 tty=ssh ruser= rhost=218.87.109.156  user=root
Jan  4 04:39:19 LabSZ sshd[17569]: PAM service(sshd) ignoring max retries; 6 > 3
Jan  4 04:39:19 LabSZ sshd[17573]: Failed password for invalid user admin from 193.201.224.232 port 1793 ssh2
Jan  4 04:39:19 LabSZ sshd[17573]: pam_unix(sshd:auth): check pass; user unknown
Jan  4 04:39:19 LabSZ sshd[17579]: pam_unix(sshd:auth): authentication failure; logname= uid=0 euid=0 tty=ssh ruser= rhost=59.63.188.30  user=root
Jan  4 04:39:21 LabSZ sshd[17573]: Failed password for invalid user admin from 193.201.224.232 port 1793 ssh2
Jan  4 04:39:21 LabSZ sshd[17573]: pam_unix(sshd:auth): check pass; user unknown
Jan  4 04:39:21 LabSZ sshd[17579]: Failed password for root from 59.63.188.30 port 21696 ssh2
Jan  4 04:39:21 LabSZ sshd[17581]: pam_unix(sshd:auth): authentication failure; logname= uid=0 euid=0 tty=ssh ruser= rhost=218.87.109.156  user=root
Jan  4 04:39:22 LabSZ sshd[17571]: message repeated 5 times: [ Failed password for root from 182.100.67.52 port 14020 ssh2]
Jan  4 04:39:22 LabSZ sshd[17571]: Disconnecting: Too many authentication failures for root [preauth]
Jan  4 04:39:22 LabSZ sshd[17571]: PAM 5 more authentication failures; logname= uid=0 euid=0 tty=ssh ruser= rhost=182.100.67.52  user=root
Jan  4 04:39:22 LabSZ sshd[17571]: PAM service(sshd) ignoring max retries; 6 > 3
Jan  4 04:39:23 LabSZ sshd[17573]: Failed password for invalid user admin from 193.201.224.232 port 1793 ssh2
Jan  4 04:39:23 LabSZ sshd[17577]: Invalid user  0101 from 181.214.87.4
Jan  4 04:39:23 LabSZ sshd[17577]: input_userauth_request: invalid user  0101 [preauth]
Jan  4 04:39:23 LabSZ sshd[17577]: pam_unix(sshd:auth): check pass; user unknown
Jan  4 04:39:23 LabSZ sshd[17577]: pam_unix(sshd:auth): authentication failure; logname= uid=0 euid=0 tty=ssh ruser= rhost=181.214.87.4 
Jan  4 04:39:23 LabSZ sshd[17573]: pam_unix(sshd:auth): check pass; user unknown
Jan  4 04:39:23 LabSZ sshd[17581]: Failed password for root from 218.87.109.156 port 63094 ssh2
Jan  4 04:39:23 LabSZ sshd[17583]: pam_unix(sshd:auth): authentication failure; logname= uid=0 euid=0 tty=ssh ruser= rhost=182.100.67.52  user=root
Jan  4 04:39:25 LabSZ sshd[17577]: Failed password for invalid user  0101 from 181.214.87.4 port 34664 ssh2
Jan  4 04:39:25 LabSZ sshd[17573]: Failed password for invalid user admin from 193.201.224.232 port 1793 ssh2
Jan  4 04:39:25 LabSZ sshd[17573]: Disconnecting: Too many authentication failures for admin [preauth]
Jan  4 04:39:25 LabSZ sshd[17573]: PAM 5 more authentication failures; logname= uid=0 euid=0 tty=ssh ruser= rhost=193.201.224.232 
Jan  4 04:39:25 LabSZ sshd[17573]: PAM service(sshd) ignoring max retries; 6 > 3
Jan  4 04:39:25 LabSZ sshd[17583]: Failed password for root from 182.100.67.52 port 52874 ssh2
Jan  4 04:39:26 LabSZ sshd[17577]: Connection closed by 181.214.87.4 [preauth]
Jan  4 04:39:27 LabSZ sshd[17585]: Invalid user admin from 193.201.224.232
Jan  4 04:39:27 LabSZ sshd[17585]: input_userauth_request: invalid user admin [preauth]
Jan  4 04:39:27 LabSZ sshd[17585]: pam_unix(sshd:auth): check pass; user unknown
Jan  4 04:39:27 LabSZ sshd[17585]: pam_unix(sshd:auth): authentication failure; logname= uid=0 euid=0 tty=ssh ruser= rhost=193.201.224.232 
Jan  4 04:39:28 LabSZ sshd[17575]: message repeated 5 times: [ Failed password for root from 59.63.188.30 port 14681 ssh2]
Jan  4 04:39:28 LabSZ sshd[17575]: Disconnecting: Too many authentication failures for root [preauth]
Jan  4 04:39:28 LabSZ sshd[17575]: PAM 5 more authentication failures; logname= uid=0 euid=0 tty=ssh ruser= rhost=59.63.188.30  user=root
Jan  4 04:39:28 LabSZ sshd[17575]: PAM service(sshd) ignoring max retries; 6 > 3
Jan  4 04:39:28 LabSZ sshd[17587]: Invalid user 0 from 181.214.87.4
Jan  4 04:39:28 LabSZ sshd[17587]: input_userauth_request: invalid user 0 [preauth]
Jan  4 04:39:28 LabSZ sshd[17587]: Failed none for invalid user 0 from 181.214.87.4 port 46119 ssh2
Jan  4 04:39:29 LabSZ sshd[17585]: Failed password for invalid user admin from 193.201.224.232 port 27438 ssh2
Jan  4 04:39:29 LabSZ sshd[17589]: pam_unix(sshd:auth): authentication failure; logname= uid=0 euid=0 tty=ssh ruser= rhost=59.63.188.30  user=root
Jan  4 04:39:29 LabSZ sshd[17585]: pam_unix(sshd:auth): check pass; user unknown
