Jan  4 13:00:07 LabSZ sshd[31423]: input_userauth_request: invalid user  0101 [preauth]
Jan  4 13:00:07 LabSZ sshd[31423]: pam_unix(sshd:auth): check pass; user unknown
Jan  4 13:00:07 LabSZ sshd[31423]: pam_unix(sshd:auth): authentication failure; logname= uid=0 euid=0 tty=ssh ruser= rhost=181.214.87.4 
Jan  4 13:00:07 LabSZ sshd[31425]: pam_unix(sshd:auth): authentication failure; logname= uid=0 euid=0 tty=ssh ruser= rhost=59.63.188.30  user=root
Jan  4 13:00:07 LabSZ sshd[31427]: pam_unix(sshd:auth): authentication failure; logname= uid=0 euid=0 tty=ssh ruser= rhost=59.63.188.30  user=root
Jan  4 13:00:08 LabSZ sshd[31423]: Failed password for invalid user  0101 from 181.214.87.4 port 55454 ssh2
Jan  4 13:00:08 LabSZ sshd[31425]: Failed password for root from 59.63.188.30 port 56348 ssh2
Jan  4 13:00:09 LabSZ sshd[31427]: Failed password for root from 59.63.188.30 port 56754 ssh2
Jan  4 13:00:09 LabSZ sshd[31423]: Connection closed by 181.214.87.4 [preauth]
Jan  4 13:00:19 LabSZ sshd[31429]: Invalid user 0 from 181.214.87.4
Jan  4 13:00:19 LabSZ sshd[31429]: input_userauth_request: invalid user 0 [preauth]
Jan  4 13:00:19 LabSZ sshd[31429]: Failed none for invalid user 0 from 181.214.87.4 port 37666 ssh2
Jan  4 13:00:19 LabSZ sshd[31429]: pam_unix(sshd:auth): check pass; user unknown
Jan  4 13:00:19 LabSZ sshd[31429]: pam_unix(sshd:auth): authentication failure; logname= uid=0 euid=0 tty=ssh ruser= rhost=181.214.87.4 
Jan  4 13:00:20 LabSZ sshd[31427]: message repeated 5 times: [ Failed password for root from 59.63.188.30 port 56754 ssh2]
Jan  4 13:00:20 LabSZ sshd[31427]: Disconnecting: Too many authentication failures for root [preauth]
Jan  4 13:00:20 LabSZ sshd[31427]: PAM 5 more authentication failures; logname= uid=0 euid=0 tty=ssh ruser= rhost=59.63.188.30  user=root
Jan  4 13:00:20 LabSZ sshd[31427]: PAM service(sshd) ignoring max retries; 6 > 3
Jan  4 13:00:20 LabSZ sshd[31425]: message repeated 5 times: [ Failed password for root from 59.63.188.30 port 56348 ssh2]
Jan  4 13:00:20 LabSZ sshd[31425]: Disconnecting: Too many authentication failures for root [preauth]
Jan  4 13:00:20 LabSZ sshd[31425]: PAM 5 more authentication failures; logname= uid=0 euid=0 tty=ssh ruser= rhost=59.63.188.30  user=root
Jan  4 13:00:20 LabSZ sshd[31425]: PAM service(sshd) ignoring max retries; 6 > 3
Jan  4 13:00:21 LabSZ sshd[31429]: Failed password for invalid user 0 from 181.214.87.4 port 37666 ssh2
Jan  4 13:00:21 LabSZ sshd[31431]: pam_unix(sshd:auth): authentication failure; logname= uid=0 euid=0 tty=ssh ruser= rhost=59.63.188.30  user=root
Jan  4 13:00:22 LabSZ sshd[31433]: pam_unix(sshd:auth): authentication failure; logname= uid=0 euid=0 tty=ssh ruser= rhost=59.63.188.30  user=root
Jan  4 13:00:22 LabSZ sshd[31429]: Connection closed by 181.214.87.4 [preauth]
Jan  4 13:00:23 LabSZ sshd[31431]: Failed password for root from 59.63.188.30 port 8881 ssh2
Jan  4 13:00:24 LabSZ sshd[31433]: Failed password for root from 59.63.188.30 port 9259 ssh2
Jan  4 13:00:28 LabSZ sshd[31435]: Invalid user 1234 from 181.214.87.4
Jan  4 13:00:28 LabSZ sshd[31435]: input_userauth_request: invalid user 1234 [preauth]
Jan  4 13:00:28 LabSZ sshd[31435]: pam_unix(sshd:auth): check pass; user unknown
Jan  4 13:00:28 LabSZ sshd[31435]: pam_unix(sshd:auth): authentication failure; logname= uid=0 euid=0 tty=ssh ruser= rhost=181.214.87.4 
Jan  4 13:00:30 LabSZ sshd[31435]: Failed password for invalid user 1234 from 181.214.87.4 port 33948 ssh2
Jan  4 13:00:31 LabSZ sshd[31435]: Connection closed by 181.214.87.4 [preauth]
Jan  4 13:00:34 LabSZ sshd[31437]: Invalid user admin from 181.214.87.4
Jan  4 13:00:34 LabSZ sshd[31437]: input_userauth_request: invalid user admin [preauth]
Jan  4 13:00:34 LabSZ sshd[31437]: Failed none for invalid user admin from 181.214.87.4 port 41659 ssh2
Jan  4 13:00:34 LabSZ sshd[31431]: message repeated 5 times: [ Failed password for root from 59.63.188.30 port 8881 ssh2]
Jan  4 13:00:34 LabSZ sshd[31431]: Disconnecting: Too many authentication failures for root [preauth]
Jan  4 13:00:34 LabSZ sshd[31431]: PAM 5 more authentication failures; logname= uid=0 euid=0 tty=ssh ruser= rhost=59.63.188.30  user=root
Jan  4 13:00:34 LabSZ sshd[31431]: PAM service(sshd) ignoring max retries; 6 > 3
Jan  4 13:00:35 LabSZ sshd[31437]: Connection closed by 181.214.87.4 [preauth]
Jan  4 13:00:36 LabSZ sshd[31440]: pam_unix(sshd:auth): authentication failure; logname= uid=0 euid=0 tty=ssh ruser= rhost=59.63.188.30  user=root
Jan  4 13:00:36 LabSZ sshd[31433]: message repeated 5 times: [ Failed password for root from 59.63.188.30 port 9259 ssh2]
Jan  4 13:00:36 LabSZ sshd[31433]: Disconnecting: Too many authentication failures for root [preauth]
Jan  4 13:00:36 LabSZ sshd[31433]: PAM 5 more authentication failures; logname= uid=0 euid=0 tty=ssh ruser= rhost=59.63.188.30  user=root
Jan  4 13:00:36 LabSZ sshd[31433]: PAM service(sshd) ignoring max retries; 6 > 3
Jan  4 13:00:37 LabSZ sshd[31440]: Failed password for root from 59.63.188.30 port 26492 ssh2
Jan  4 13:00:38 LabSZ sshd[31442]: pam_unix(sshd:auth): authentication failure; logname= uid=0 euid=0 tty=ssh ruser= rhost=59.63.188.30  user=root
Jan  4 13:00:39 LabSZ sshd[31442]: Failed password for root from 59.63.188.30 port 28793 ssh2
Jan  4 13:00:42 LabSZ sshd[31439]: Invalid user admin from 181.214.87.4
Jan  4 13:00:42 LabSZ sshd[31439]: input_userauth_request: invalid user admin [preauth]
Jan  4 13:00:42 LabSZ sshd[31439]: pam_unix(sshd:auth): check pass; user unknown
Jan  4 13:00:42 LabSZ sshd[31439]: pam_unix(sshd:auth): authentication failure; logname= uid=0 euid=0 tty=ssh ruser= rhost=181.214.87.4 
Jan  4 13:00:44 LabSZ sshd[31439]: Failed password for invalid user admin from 181.214.87.4 port 60409 ssh2
Jan  4 13:00:45 LabSZ sshd[31439]: pam_unix(sshd:auth): check pass; user unknown
Jan  4 13:00:46 LabSZ sshd[31439]: Failed password for invalid user admin from 181.214.87.4 port 60409 ssh2
Jan  4 13:00:48 LabSZ sshd[31439]: pam_unix(sshd:auth): check pass; user unknown
Jan  4 13:00:49 LabSZ sshd[31440]: message repeated 5 times: [ Failed password for root from 59.63.188.30 port 26492 ssh2]
Jan  4 13:00:49 LabSZ sshd[31440]: Disconnecting: Too many authentication failures for root [preauth]
Jan  4 13:00:49 LabSZ sshd[31440]: PAM 5 more authentication failures; logname= uid=0 euid=0 tty=ssh ruser= rhost=59.63.188.30  user=root
Jan  4 13:00:49 LabSZ sshd[31440]: PAM service(sshd) ignoring max retries; 6 > 3
Jan  4 13:00:50 LabSZ sshd[31439]: Failed password for invalid user admin from 181.214.87.4 port 60409 ssh2
Jan  4 13:00:50 LabSZ sshd[31445]: pam_unix(sshd:auth): authentication failure; logname= uid=0 euid=0 tty=ssh ruser= rhost=59.63.188.30  user=root
Jan  4 13:00:51 LabSZ sshd[31439]: pam_unix(sshd:auth): check pass; user unknown
Jan  4 13:00:51 LabSZ sshd[31442]: message repeated 5 times: [ Failed password for root from 59.63.188.30 port 28793 ssh2]
Jan  4 13:00:51 LabSZ sshd[31442]: Disconnecting: Too many authentication failures for root [preauth]
Jan  4 13:00:51 LabSZ sshd[31442]: PAM 5 more authentication failures; logname= uid=0 euid=0 tty=ssh ruser= rhost=59.63.188.30  user=root
Jan  4 13:00:51 LabSZ sshd[31442]: PAM service(sshd) ignoring max retries; 6 > 3
Jan  4 13:00:52 LabSZ sshd[31445]: Failed password for root from 59.63.188.30 port 43464 ssh2
Jan  4 13:00:52 LabSZ sshd[31447]: pam_unix(sshd:auth): authentication failure; logname= uid=0 euid=0 tty=ssh ruser= rhost=59.63.188.30  user=root
Jan  4 13:00:52 LabSZ sshd[31439]: Failed password for invalid user admin from 181.214.87.4 port 60409 ssh2
Jan  4 13:00:53 LabSZ sshd[31439]: pam_unix(sshd:auth): check pass; user unknown
Jan  4 13:00:54 LabSZ sshd[31447]: Failed password for root from 59.63.188.30 port 46429 ssh2
Jan  4 13:00:55 LabSZ sshd[31439]: Failed password for invalid user admin from 181.214.87.4 port 60409 ssh2
Jan  4 13:00:55 LabSZ sshd[31439]: Connection closed by 181.214.87.4 [preauth]
Jan  4 13:00:55 LabSZ sshd[31439]: PAM 4 more authentication failures; logname= uid=0 euid=0 tty=ssh ruser= rhost=181.214.87.4 
Jan  4 13:00:55 LabSZ sshd[31439]: PAM service(sshd) ignoring max retries; 5 > 3
Jan  4 13:01:03 LabSZ sshd[31449]: Invalid user admin from 181.214.87.4
Jan  4 13:01:03 LabSZ sshd[31449]: input_userauth_request: invalid user admin [preauth]
Jan  4 13:01:03 LabSZ sshd[31449]: pam_unix(sshd:auth): check pass; user unknown
Jan  4 13:01:03 LabSZ sshd[31449]: pam_unix(sshd:auth): authentication failure; logname= uid=0 euid=0 tty=ssh ruser= rhost=181.214.87.4 
Jan  4 13:01:04 LabSZ sshd[31445]: message repeated 5 times: [ Failed password for root from 59.63.188.30 port 43464 ssh2]
Jan  4 13:01:04 LabSZ sshd[31445]: Disconnecting: Too many authentication failures for root [preauth]
Jan  4 13:01:04 LabSZ sshd[31445]: PAM 5 more authentication failures; logname= uid=0 euid=0 tty=ssh ruser= rhost=59.63.188.30  user=root
Jan  4 13:01:04 LabSZ sshd[31445]: PAM service(sshd) ignoring max retries; 6 > 3
Jan  4 13:01:05 LabSZ sshd[31449]: Failed password for invalid user admin from 181.214.87.4 port 51212 ssh2
Jan  4 13:01:05 LabSZ sshd[31449]: pam_unix(sshd:auth): check pass; user unknown
Jan  4 13:01:06 LabSZ sshd[31451]: pam_unix(sshd:auth): authentication failure; logname= uid=0 euid=0 tty=ssh ruser= rhost=59.63.188.30  user=root
Jan  4 13:01:06 LabSZ sshd[31447]: message repeated 5 times: [ Failed password for root from 59.63.188.30 port 46429 ssh2]
Jan  4 13:01:06 LabSZ sshd[31447]: Disconnecting: Too many authentication failures for root [preauth]
Jan  4 13:01:06 LabSZ sshd[31447]: PAM 5 more authentication failures; logname= uid=0 euid=0 tty=ssh ruser= rhost=59.63.188.30  user=root
Jan  4 13:01:06 LabSZ sshd[31447]: PAM service(sshd) ignoring max retries; 6 > 3
Jan  4 13:01:07 LabSZ sshd[31453]: pam_unix(sshd:auth): authentication failure; logname= uid=0 euid=0 tty=ssh ruser= rhost=59.63.188.30  user=root
Jan  4 13:01:07 LabSZ sshd[31449]: Failed password for invalid user admin from 181.214.87.4 port 51212 ssh2
Jan  4 13:01:07 LabSZ sshd[31451]: Failed password for root from 59.63.188.30 port 62211 ssh2
Jan  4 13:01:08 LabSZ sshd[31449]: pam_unix(sshd:auth): check pass; user unknown
Jan  4 13:01:09 LabSZ sshd[31449]: Failed password for invalid user admin from 181.214.87.4 port 51212 ssh2
Jan  4 13:01:09 LabSZ sshd[31453]: Failed password for root from 59.63.188.30 port 63734 ssh2
Jan  4 13:01:09 LabSZ sshd[31449]: pam_unix(sshd:auth): check pass; user unknown
