Jan  4 04:33:52 LabSZ sshd[17359]: Failed password for root from 182.100.67.52 port 25842 ssh2
Jan  4 04:33:52 LabSZ sshd[17355]: Failed password for invalid user admin from 193.201.224.232 port 36231 ssh2
Jan  4 04:33:52 LabSZ sshd[17355]: pam_unix(sshd:auth): check pass; user unknown
Jan  4 04:33:53 LabSZ sshd[17361]: Failed password for root from 59.63.188.30 port 38629 ssh2
Jan  4 04:33:54 LabSZ sshd[17355]: Failed password for invalid user admin from 193.201.224.232 port 36231 ssh2
Jan  4 04:33:54 LabSZ sshd[17355]: pam_unix(sshd:auth): check pass; user unknown
Jan  4 04:33:56 LabSZ sshd[17355]: Failed password for invalid user admin from 193.201.224.232 port 36231 ssh2
Jan  4 04:33:56 LabSZ sshd[17355]: Disconnecting: Too many authentication failures for admin [preauth]
Jan  4 04:33:56 LabSZ sshd[17355]: PAM 5 more authentication failures; logname= uid=0 euid=0 tty=ssh ruser= rhost=193.201.224.232 
Jan  4 04:33:56 LabSZ sshd[17355]: PAM service(sshd) ignoring max retries; 6 > 3
Jan  4 04:33:57 LabSZ sshd[17353]: message repeated 5 times: [ Failed password for root from 218.87.109.156 port 1840 ssh2]
Jan  4 04:33:57 LabSZ sshd[17353]: Disconnecting: Too many authentication failures for root [preauth]
Jan  4 04:33:57 LabSZ sshd[17353]: PAM 5 more authentication failures; logname= uid=0 euid=0 tty=ssh ruser= rhost=218.87.109.156  user=root
Jan  4 04:33:57 LabSZ sshd[17353]: PAM service(sshd) ignoring max retries; 6 > 3
Jan  4 04:33:57 LabSZ sshd[17357]: message repeated 5 times: [ Failed password for root from 59.63.188.30 port 26042 ssh2]
Jan  4 04:33:57 LabSZ sshd[17357]: Disconnecting: Too many authentication failures for root [preauth]
Jan  4 04:33:57 LabSZ sshd[17357]: PAM 5 more authentication failures; logname= uid=0 euid=0 tty=ssh ruser= rhost=59.63.188.30  user=root
Jan  4 04:33:57 LabSZ sshd[17357]: PAM service(sshd) ignoring max retries; 6 > 3
Jan  4 04:33:58 LabSZ sshd[17363]: Invalid user admin from 193.201.224.232
Jan  4 04:33:58 LabSZ sshd[17363]: input_userauth_request: invalid user admin [preauth]
Jan  4 04:33:58 LabSZ sshd[17365]: pam_unix(sshd:auth): authentication failure; logname= uid=0 euid=0 tty=ssh ruser= rhost=218.87.109.156  user=root
Jan  4 04:33:58 LabSZ sshd[17367]: pam_unix(sshd:auth): authentication failure; logname= uid=0 euid=0 tty=ssh ruser= rhost=59.63.188.30  user=root
Jan  4 04:33:58 LabSZ sshd[17363]: pam_unix(sshd:auth): check pass; user unknown
Jan  4 04:33:58 LabSZ sshd[17363]: pam_unix(sshd:auth): authentication failure; logname= uid=0 euid=0 tty=ssh ruser= rhost=193.201.224.232 
Jan  4 04:34:00 LabSZ sshd[17365]: Failed password for root from 218.87.109.156 port 39440 ssh2
Jan  4 04:34:00 LabSZ sshd[17367]: Failed password for root from 59.63.188.30 port 47582 ssh2
Jan  4 04:34:00 LabSZ sshd[17363]: Failed password for invalid user admin from 193.201.224.232 port 2444 ssh2
Jan  4 04:34:00 LabSZ sshd[17363]: pam_unix(sshd:auth): check pass; user unknown
Jan  4 04:34:03 LabSZ sshd[17363]: Failed password for invalid user admin from 193.201.224.232 port 2444 ssh2
Jan  4 04:34:03 LabSZ sshd[17363]: pam_unix(sshd:auth): check pass; user unknown
Jan  4 04:34:05 LabSZ sshd[17363]: Failed password for invalid user admin from 193.201.224.232 port 2444 ssh2
Jan  4 04:34:05 LabSZ sshd[17359]: message repeated 5 times: [ Failed password for root from 182.100.67.52 port 25842 ssh2]
Jan  4 04:34:05 LabSZ sshd[17359]: Disconnecting: Too many authentication failures for root [preauth]
Jan  4 04:34:05 LabSZ sshd[17359]: PAM 5 more authentication failures; logname= uid=0 euid=0 tty=ssh ruser= rhost=182.100.67.52  user=root
Jan  4 04:34:05 LabSZ sshd[17359]: PAM service(sshd) ignoring max retries; 6 > 3
Jan  4 04:34:05 LabSZ sshd[17363]: pam_unix(sshd:auth): check pass; user unknown
Jan  4 04:34:06 LabSZ sshd[17361]: message repeated 5 times: [ Failed password for root from 59.63.188.30 port 38629 ssh2]
Jan  4 04:34:06 LabSZ sshd[17361]: Disconnecting: Too many authentication failures for root [preauth]
Jan  4 04:34:06 LabSZ sshd[17361]: PAM 5 more authentication failures; logname= uid=0 euid=0 tty=ssh ruser= rhost=59.63.188.30  user=root
Jan  4 04:34:06 LabSZ sshd[17361]: PAM service(sshd) ignoring max retries; 6 > 3
Jan  4 04:34:06 LabSZ sshd[17369]: pam_unix(sshd:auth): authentication failure; logname= uid=0 euid=0 tty=ssh ruser= rhost=182.100.67.52  user=root
Jan  4 04:34:07 LabSZ sshd[17363]: Failed password for invalid user admin from 193.201.224.232 port 2444 ssh2
Jan  4 04:34:07 LabSZ sshd[17371]: pam_unix(sshd:auth): authentication failure; logname= uid=0 euid=0 tty=ssh ruser= rhost=59.63.188.30  user=root
Jan  4 04:34:07 LabSZ sshd[17363]: pam_unix(sshd:auth): check pass; user unknown
Jan  4 04:34:08 LabSZ sshd[17369]: Failed password for root from 182.100.67.52 port 63114 ssh2
Jan  4 04:34:09 LabSZ sshd[17371]: Failed password for root from 59.63.188.30 port 58992 ssh2
Jan  4 04:34:10 LabSZ sshd[17363]: Failed password for invalid user admin from 193.201.224.232 port 2444 ssh2
Jan  4 04:34:10 LabSZ sshd[17363]: pam_unix(sshd:auth): check pass; user unknown
Jan  4 04:34:12 LabSZ sshd[17363]: Failed password for invalid user admin from 193.201.224.232 port 2444 ssh2
Jan  4 04:34:12 LabSZ sshd[17363]: Disconnecting: Too many authentication failures for admin [preauth]
Jan  4 04:34:12 LabSZ sshd[17363]: PAM 5 more authentication failures; logname= uid=0 euid=0 tty=ssh ruser= rhost=193.201.224.232 
Jan  4 04:34:12 LabSZ sshd[17363]: PAM service(sshd) ignoring max retries; 6 > 3
Jan  4 04:34:13 LabSZ sshd[17367]: message repeated 5 times: [ Failed password for root from 59.63.188.30 port 47582 ssh2]
Jan  4 04:34:13 LabSZ sshd[17367]: Disconnecting: Too many authentication failures for root [preauth]
Jan  4 04:34:13 LabSZ sshd[17367]: PAM 5 more authentication failures; logname= uid=0 euid=0 tty=ssh ruser= rhost=59.63.188.30  user=root
Jan  4 04:34:13 LabSZ sshd[17367]: PAM service(sshd) ignoring max retries; 6 > 3
Jan  4 04:34:14 LabSZ sshd[17373]: Invalid user admin from 193.201.224.232
Jan  4 04:34:14 LabSZ sshd[17373]: input_userauth_request: invalid user admin [preauth]
Jan  4 04:34:14 LabSZ sshd[17365]: message repeated 5 times: [ Failed password for root from 218.87.109.156 port 39440 ssh2]
Jan  4 04:34:14 LabSZ sshd[17365]: Disconnecting: Too many authentication failures for root [preauth]
Jan  4 04:34:14 LabSZ sshd[17365]: PAM 5 more authentication failures; logname= uid=0 euid=0 tty=ssh ruser= rhost=218.87.109.156  user=root
Jan  4 04:34:14 LabSZ sshd[17365]: PAM service(sshd) ignoring max retries; 6 > 3
Jan  4 04:34:14 LabSZ sshd[17373]: pam_unix(sshd:auth): check pass; user unknown
Jan  4 04:34:14 LabSZ sshd[17373]: pam_unix(sshd:auth): authentication failure; logname= uid=0 euid=0 tty=ssh ruser= rhost=193.201.224.232 
Jan  4 04:34:14 LabSZ sshd[17375]: pam_unix(sshd:auth): authentication failure; logname= uid=0 euid=0 tty=ssh ruser= rhost=59.63.188.30  user=root
Jan  4 04:34:16 LabSZ sshd[17377]: pam_unix(sshd:auth): authentication failure; logname= uid=0 euid=0 tty=ssh ruser= rhost=218.87.109.156  user=root
Jan  4 04:34:17 LabSZ sshd[17373]: Failed password for invalid user admin from 193.201.224.232 port 32050 ssh2
Jan  4 04:34:17 LabSZ sshd[17373]: pam_unix(sshd:auth): check pass; user unknown
Jan  4 04:34:17 LabSZ sshd[17375]: Failed password for root from 59.63.188.30 port 4054 ssh2
Jan  4 04:34:18 LabSZ sshd[17377]: Failed password for root from 218.87.109.156 port 13998 ssh2
Jan  4 04:34:19 LabSZ sshd[17373]: Failed password for invalid user admin from 193.201.224.232 port 32050 ssh2
Jan  4 04:34:19 LabSZ sshd[17373]: pam_unix(sshd:auth): check pass; user unknown
Jan  4 04:34:22 LabSZ sshd[17373]: Failed password for invalid user admin from 193.201.224.232 port 32050 ssh2
Jan  4 04:34:22 LabSZ sshd[17369]: message repeated 5 times: [ Failed password for root from 182.100.67.52 port 63114 ssh2]
Jan  4 04:34:22 LabSZ sshd[17369]: Disconnecting: Too many authentication failures for root [preauth]
Jan  4 04:34:22 LabSZ sshd[17369]: PAM 5 more authentication failures; logname= uid=0 euid=0 tty=ssh ruser= rhost=182.100.67.52  user=root
Jan  4 04:34:22 LabSZ sshd[17369]: PAM service(sshd) ignoring max retries; 6 > 3
Jan  4 04:34:22 LabSZ sshd[17373]: pam_unix(sshd:auth): check pass; user unknown
Jan  4 04:34:22 LabSZ sshd[17371]: message repeated 5 times: [ Failed password for root from 59.63.188.30 port 58992 ssh2]
Jan  4 04:34:22 LabSZ sshd[17371]: Disconnecting: Too many authentication failures for root [preauth]
Jan  4 04:34:22 LabSZ sshd[17371]: PAM 5 more authentication failures; logname= uid=0 euid=0 tty=ssh ruser= rhost=59.63.188.30  user=root
Jan  4 04:34:22 LabSZ sshd[17371]: PAM service(sshd) ignoring max retries; 6 > 3
Jan  4 04:34:23 LabSZ sshd[17381]: pam_unix(sshd:auth): authentication failure; logname= uid=0 euid=0 tty=ssh ruser= rhost=59.63.188.30  user=root
Jan  4 04:34:23 LabSZ sshd[17379]: pam_unix(sshd:auth): authentication failure; logname= uid=0 euid=0 tty=ssh ruser= rhost=182.100.67.52  user=root
Jan  4 04:34:24 LabSZ sshd[17373]: Failed password for invalid user admin from 193.201.224.232 port 32050 ssh2
Jan  4 04:34:24 LabSZ sshd[17373]: pam_unix(sshd:auth): check pass; user unknown
Jan  4 04:34:25 LabSZ sshd[17381]: Failed password for root from 59.63.188.30 port 15027 ssh2
Jan  4 04:34:26 LabSZ sshd[17379]: Failed password for root from 182.100.67.52 port 33784 ssh2
Jan  4 04:34:26 LabSZ sshd[17373]: Failed password for invalid user admin from 193.201.224.232 port 32050 ssh2
Jan  4 04:34:26 LabSZ sshd[17373]: pam_unix(sshd:auth): check pass; user unknown
Jan  4 04:34:29 LabSZ sshd[17373]: Failed password for invalid user admin from 193.201.224.232 port 32050 ssh2
Jan  4 04:34:29 LabSZ sshd[17373]: Disconnecting: Too many authentication failures for admin [preauth]
Jan  4 04:34:29 LabSZ sshd[17373]: PAM 5 more authentication failures; logname= uid=0 euid=0 tty=ssh ruser= rhost=193.201.224.232 
Jan  4 04:34:29 LabSZ sshd[17373]: PAM service(sshd) ignoring max retries; 6 > 3
Jan  4 04:34:30 LabSZ sshd[17375]: message repeated 5 times: [ Failed password for root from 59.63.188.30 port 4054 ssh2]
Jan  4 04:34:30 LabSZ sshd[17375]: Disconnecting: Too many authentication failures for root [preauth]
Jan  4 04:34:30 LabSZ sshd[17375]: PAM 5 more authentication failures; logname= uid=0 euid=0 tty=ssh ruser= rhost=59.63.188.30  user=root
Jan  4 04:34:30 LabSZ sshd[17375]: PAM service(sshd) ignoring max retries; 6 > 3
Jan  4 04:34:31 LabSZ sshd[17377]: message repeated 5 times: [ Failed password for root from 218.87.109.156 port 13998 ssh2]
Jan  4 04:34:31 LabSZ sshd[17377]: Disconnecting: Too many authentication failures for root [preauth]
