Jan  4 04:06:11 LabSZ sshd[16404]: Failed password for root from 59.63.188.30 port 39962 ssh2
Jan  4 04:06:15 LabSZ sshd[16398]: message repeated 5 times: [ Failed password for root from 218.87.109.156 port 62518 ssh2]
Jan  4 04:06:15 LabSZ sshd[16398]: Disconnecting: Too many authentication failures for root [preauth]
Jan  4 04:06:15 LabSZ sshd[16398]: PAM 5 more authentication failures; logname= uid=0 euid=0 tty=ssh ruser= rhost=218.87.109.156  user=root
Jan  4 04:06:15 LabSZ sshd[16398]: PAM service(sshd) ignoring max retries; 6 > 3
Jan  4 04:06:16 LabSZ sshd[16406]: pam_unix(sshd:auth): authentication failure; logname= uid=0 euid=0 tty=ssh ruser= rhost=218.87.109.156  user=root
Jan  4 04:06:17 LabSZ sshd[16400]: message repeated 5 times: [ Failed password for root from 182.100.67.52 port 11528 ssh2]
Jan  4 04:06:17 LabSZ sshd[16400]: Disconnecting: Too many authentication failures for root [preauth]
Jan  4 04:06:17 LabSZ sshd[16400]: PAM 5 more authentication failures; logname= uid=0 euid=0 tty=ssh ruser= rhost=182.100.67.52  user=root
Jan  4 04:06:17 LabSZ sshd[16400]: PAM service(sshd) ignoring max retries; 6 > 3
Jan  4 04:06:18 LabSZ sshd[16406]: Failed password for root from 218.87.109.156 port 42608 ssh2
Jan  4 04:06:18 LabSZ sshd[16408]: pam_unix(sshd:auth): authentication failure; logname= uid=0 euid=0 tty=ssh ruser= rhost=182.100.67.52  user=root
Jan  4 04:06:20 LabSZ sshd[16408]: Failed password for root from 182.100.67.52 port 43530 ssh2
Jan  4 04:06:22 LabSZ sshd[16402]: message repeated 5 times: [ Failed password for root from 59.63.188.30 port 39809 ssh2]
Jan  4 04:06:22 LabSZ sshd[16402]: Disconnecting: Too many authentication failures for root [preauth]
Jan  4 04:06:22 LabSZ sshd[16402]: PAM 5 more authentication failures; logname= uid=0 euid=0 tty=ssh ruser= rhost=59.63.188.30  user=root
Jan  4 04:06:22 LabSZ sshd[16402]: PAM service(sshd) ignoring max retries; 6 > 3
Jan  4 04:06:22 LabSZ sshd[16404]: message repeated 5 times: [ Failed password for root from 59.63.188.30 port 39962 ssh2]
Jan  4 04:06:22 LabSZ sshd[16404]: Disconnecting: Too many authentication failures for root [preauth]
Jan  4 04:06:22 LabSZ sshd[16404]: PAM 5 more authentication failures; logname= uid=0 euid=0 tty=ssh ruser= rhost=59.63.188.30  user=root
Jan  4 04:06:22 LabSZ sshd[16404]: PAM service(sshd) ignoring max retries; 6 > 3
Jan  4 04:06:23 LabSZ sshd[16410]: pam_unix(sshd:auth): authentication failure; logname= uid=0 euid=0 tty=ssh ruser= rhost=59.63.188.30  user=root
Jan  4 04:06:23 LabSZ sshd[16412]: pam_unix(sshd:auth): authentication failure; logname= uid=0 euid=0 tty=ssh ruser= rhost=59.63.188.30  user=root
Jan  4 04:06:26 LabSZ sshd[16410]: Failed password for root from 59.63.188.30 port 59341 ssh2
Jan  4 04:06:26 LabSZ sshd[16412]: Failed password for root from 59.63.188.30 port 59397 ssh2
Jan  4 04:06:30 LabSZ sshd[16406]: message repeated 5 times: [ Failed password for root from 218.87.109.156 port 42608 ssh2]
Jan  4 04:06:30 LabSZ sshd[16406]: Disconnecting: Too many authentication failures for root [preauth]
Jan  4 04:06:30 LabSZ sshd[16406]: PAM 5 more authentication failures; logname= uid=0 euid=0 tty=ssh ruser= rhost=218.87.109.156  user=root
Jan  4 04:06:30 LabSZ sshd[16406]: PAM service(sshd) ignoring max retries; 6 > 3
Jan  4 04:06:31 LabSZ sshd[16414]: reverse mapping checking getaddrinfo for wat2.nowplaying.ga [172.96.173.166] failed - POSSIBLE BREAK-IN ATTEMPT!
Jan  4 04:06:31 LabSZ sshd[16414]: Invalid user usaurio from 172.96.173.166
Jan  4 04:06:31 LabSZ sshd[16414]: input_userauth_request: invalid user usaurio [preauth]
Jan  4 04:06:31 LabSZ sshd[16414]: pam_unix(sshd:auth): check pass; user unknown
Jan  4 04:06:31 LabSZ sshd[16414]: pam_unix(sshd:auth): authentication failure; logname= uid=0 euid=0 tty=ssh ruser= rhost=172.96.173.166 
Jan  4 04:06:32 LabSZ sshd[16416]: pam_unix(sshd:auth): authentication failure; logname= uid=0 euid=0 tty=ssh ruser= rhost=218.87.109.156  user=root
Jan  4 04:06:32 LabSZ sshd[16408]: message repeated 5 times: [ Failed password for root from 182.100.67.52 port 43530 ssh2]
Jan  4 04:06:32 LabSZ sshd[16408]: Disconnecting: Too many authentication failures for root [preauth]
Jan  4 04:06:32 LabSZ sshd[16408]: PAM 5 more authentication failures; logname= uid=0 euid=0 tty=ssh ruser= rhost=182.100.67.52  user=root
Jan  4 04:06:32 LabSZ sshd[16408]: PAM service(sshd) ignoring max retries; 6 > 3
Jan  4 04:06:33 LabSZ sshd[16414]: Failed password for invalid user usaurio from 172.96.173.166 port 53894 ssh2
Jan  4 04:06:33 LabSZ sshd[16416]: Failed password for root from 218.87.109.156 port 13924 ssh2
Jan  4 04:06:33 LabSZ sshd[16414]: Received disconnect from 172.96.173.166: 11: Bye Bye [preauth]
Jan  4 04:06:34 LabSZ sshd[16418]: pam_unix(sshd:auth): authentication failure; logname= uid=0 euid=0 tty=ssh ruser= rhost=182.100.67.52  user=root
Jan  4 04:06:35 LabSZ sshd[16420]: reverse mapping checking getaddrinfo for wat2.nowplaying.ga [172.96.173.166] failed - POSSIBLE BREAK-IN ATTEMPT!
Jan  4 04:06:35 LabSZ sshd[16420]: Invalid user admin from 172.96.173.166
Jan  4 04:06:35 LabSZ sshd[16420]: input_userauth_request: invalid user admin [preauth]
Jan  4 04:06:35 LabSZ sshd[16420]: pam_unix(sshd:auth): check pass; user unknown
Jan  4 04:06:35 LabSZ sshd[16420]: pam_unix(sshd:auth): authentication failure; logname= uid=0 euid=0 tty=ssh ruser= rhost=172.96.173.166 
Jan  4 04:06:36 LabSZ sshd[16418]: Failed password for root from 182.100.67.52 port 14238 ssh2
Jan  4 04:06:37 LabSZ sshd[16410]: message repeated 5 times: [ Failed password for root from 59.63.188.30 port 59341 ssh2]
Jan  4 04:06:37 LabSZ sshd[16410]: Disconnecting: Too many authentication failures for root [preauth]
Jan  4 04:06:37 LabSZ sshd[16410]: PAM 5 more authentication failures; logname= uid=0 euid=0 tty=ssh ruser= rhost=59.63.188.30  user=root
Jan  4 04:06:37 LabSZ sshd[16410]: PAM service(sshd) ignoring max retries; 6 > 3
Jan  4 04:06:37 LabSZ sshd[16412]: message repeated 5 times: [ Failed password for root from 59.63.188.30 port 59397 ssh2]
Jan  4 04:06:37 LabSZ sshd[16412]: Disconnecting: Too many authentication failures for root [preauth]
Jan  4 04:06:37 LabSZ sshd[16412]: PAM 5 more authentication failures; logname= uid=0 euid=0 tty=ssh ruser= rhost=59.63.188.30  user=root
Jan  4 04:06:37 LabSZ sshd[16412]: PAM service(sshd) ignoring max retries; 6 > 3
Jan  4 04:06:37 LabSZ sshd[16420]: Failed password for invalid user admin from 172.96.173.166 port 56494 ssh2
Jan  4 04:06:38 LabSZ sshd[16420]: Received disconnect from 172.96.173.166: 11: Bye Bye [preauth]
Jan  4 04:06:38 LabSZ sshd[16424]: pam_unix(sshd:auth): authentication failure; logname= uid=0 euid=0 tty=ssh ruser= rhost=59.63.188.30  user=root
Jan  4 04:06:38 LabSZ sshd[16426]: pam_unix(sshd:auth): authentication failure; logname= uid=0 euid=0 tty=ssh ruser= rhost=59.63.188.30  user=root
Jan  4 04:06:39 LabSZ sshd[16422]: reverse mapping checking getaddrinfo for wat2.nowplaying.ga [172.96.173.166] failed - POSSIBLE BREAK-IN ATTEMPT!
Jan  4 04:06:39 LabSZ sshd[16422]: Invalid user support from 172.96.173.166
Jan  4 04:06:39 LabSZ sshd[16422]: input_userauth_request: invalid user support [preauth]
Jan  4 04:06:39 LabSZ sshd[16422]: pam_unix(sshd:auth): check pass; user unknown
Jan  4 04:06:39 LabSZ sshd[16422]: pam_unix(sshd:auth): authentication failure; logname= uid=0 euid=0 tty=ssh ruser= rhost=172.96.173.166 
Jan  4 04:06:40 LabSZ sshd[16424]: Failed password for root from 59.63.188.30 port 14937 ssh2
Jan  4 04:06:40 LabSZ sshd[16426]: Failed password for root from 59.63.188.30 port 15014 ssh2
Jan  4 04:06:42 LabSZ sshd[16422]: Failed password for invalid user support from 172.96.173.166 port 59074 ssh2
Jan  4 04:06:42 LabSZ sshd[16422]: Received disconnect from 172.96.173.166: 11: Bye Bye [preauth]
Jan  4 04:06:45 LabSZ sshd[16416]: message repeated 5 times: [ Failed password for root from 218.87.109.156 port 13924 ssh2]
Jan  4 04:06:45 LabSZ sshd[16416]: Disconnecting: Too many authentication failures for root [preauth]
Jan  4 04:06:45 LabSZ sshd[16416]: PAM 5 more authentication failures; logname= uid=0 euid=0 tty=ssh ruser= rhost=218.87.109.156  user=root
Jan  4 04:06:45 LabSZ sshd[16416]: PAM service(sshd) ignoring max retries; 6 > 3
Jan  4 04:06:47 LabSZ sshd[16428]: pam_unix(sshd:auth): authentication failure; logname= uid=0 euid=0 tty=ssh ruser= rhost=218.87.109.156  user=root
Jan  4 04:06:49 LabSZ sshd[16418]: message repeated 5 times: [ Failed password for root from 182.100.67.52 port 14238 ssh2]
Jan  4 04:06:49 LabSZ sshd[16418]: Disconnecting: Too many authentication failures for root [preauth]
Jan  4 04:06:49 LabSZ sshd[16418]: PAM 5 more authentication failures; logname= uid=0 euid=0 tty=ssh ruser= rhost=182.100.67.52  user=root
Jan  4 04:06:49 LabSZ sshd[16418]: PAM service(sshd) ignoring max retries; 6 > 3
Jan  4 04:06:49 LabSZ sshd[16428]: Failed password for root from 218.87.109.156 port 51424 ssh2
Jan  4 04:06:50 LabSZ sshd[16430]: pam_unix(sshd:auth): authentication failure; logname= uid=0 euid=0 tty=ssh ruser= rhost=182.100.67.52  user=root
Jan  4 04:06:52 LabSZ sshd[16430]: Failed password for root from 182.100.67.52 port 51938 ssh2
Jan  4 04:06:52 LabSZ sshd[16426]: message repeated 5 times: [ Failed password for root from 59.63.188.30 port 15014 ssh2]
Jan  4 04:06:52 LabSZ sshd[16426]: Disconnecting: Too many authentication failures for root [preauth]
Jan  4 04:06:52 LabSZ sshd[16426]: PAM 5 more authentication failures; logname= uid=0 euid=0 tty=ssh ruser= rhost=59.63.188.30  user=root
Jan  4 04:06:52 LabSZ sshd[16426]: PAM service(sshd) ignoring max retries; 6 > 3
Jan  4 04:06:52 LabSZ sshd[16424]: message repeated 5 times: [ Failed password for root from 59.63.188.30 port 14937 ssh2]
Jan  4 04:06:52 LabSZ sshd[16424]: Disconnecting: Too many authentication failures for root [preauth]
Jan  4 04:06:52 LabSZ sshd[16424]: PAM 5 more authentication failures; logname= uid=0 euid=0 tty=ssh ruser= rhost=59.63.188.30  user=root
Jan  4 04:06:52 LabSZ sshd[16424]: PAM service(sshd) ignoring max retries; 6 > 3
Jan  4 04:06:53 LabSZ sshd[16433]: pam_unix(sshd:auth): authentication failure; logname= uid=0 euid=0 tty=ssh ruser= rhost=59.63.188.30  user=root
Jan  4 04:06:53 LabSZ sshd[16432]: pam_unix(sshd:auth): authentication failure; logname= uid=0 euid=0 tty=ssh ruser= rhost=59.63.188.30  user=root
Jan  4 04:06:55 LabSZ sshd[16433]: Failed password for root from 59.63.188.30 port 35355 ssh2
Jan  4 04:06:55 LabSZ sshd[16432]: Failed password for root from 59.63.188.30 port 35322 ssh2
Jan  4 04:07:02 LabSZ sshd[16428]: message repeated 5 times: [ Failed password for root from 218.87.109.156 port 51424 ssh2]
Jan  4 04:07:02 LabSZ sshd[16428]: Disconnecting: Too many authentication failures for root [preauth]
Jan  4 04:07:02 LabSZ sshd[16428]: PAM 5 more authentication failures; logname= uid=0 euid=0 tty=ssh ruser= rhost=218.87.109.156  user=root
Jan  4 04:07:02 LabSZ sshd[16428]: PAM service(sshd) ignoring max retries; 6 > 3
Jan  4 04:07:04 LabSZ sshd[16430]: message repeated 5 times: [ Failed password for root from 182.100.67.52 port 51938 ssh2]
Jan  4 04:07:04 LabSZ sshd[16430]: Disconnecting: Too many authentication failures for root [preauth]
