Dec 12 04:29:45 LabSZ sshd[13974]: pam_unix(sshd:auth): authentication failure; logname= uid=0 euid=0 tty=ssh ruser= rhost=203.158.215.184 
Dec 12 04:29:45 LabSZ sshd[13970]: Failed password for root from 183.238.178.195 port 59006 ssh2
Dec 12 04:29:45 LabSZ sshd[13970]: Connection closed by 183.238.178.195 [preauth]
Dec 12 04:29:45 LabSZ sshd[13976]: pam_unix(sshd:auth): authentication failure; logname= uid=0 euid=0 tty=ssh ruser= rhost=183.238.178.195  user=root
Dec 12 04:29:46 LabSZ sshd[13972]: Failed password for invalid user odoo from 42.159.145.29 port 51133 ssh2
Dec 12 04:29:46 LabSZ sshd[13972]: Received disconnect from 42.159.145.29: 11: Bye Bye [preauth]
Dec 12 04:29:46 LabSZ sshd[13978]: Invalid user digi-user from 42.159.145.29
Dec 12 04:29:46 LabSZ sshd[13978]: input_userauth_request: invalid user digi-user [preauth]
Dec 12 04:29:46 LabSZ sshd[13978]: pam_unix(sshd:auth): check pass; user unknown
Dec 12 04:29:46 LabSZ sshd[13978]: pam_unix(sshd:auth): authentication failure; logname= uid=0 euid=0 tty=ssh ruser= rhost=42.159.145.29 
Dec 12 04:29:47 LabSZ sshd[13974]: Failed password for invalid user hduser from 203.158.215.184 port 38812 ssh2
Dec 12 04:29:47 LabSZ sshd[13974]: Received disconnect from 203.158.215.184: 11: Bye Bye [preauth]
Dec 12 04:29:47 LabSZ sshd[13976]: Failed password for root from 183.238.178.195 port 59295 ssh2
Dec 12 04:29:47 LabSZ sshd[13976]: Connection closed by 183.238.178.195 [preauth]
Dec 12 04:29:47 LabSZ sshd[13981]: pam_unix(sshd:auth): authentication failure; logname= uid=0 euid=0 tty=ssh ruser= rhost=183.238.178.195  user=root
Dec 12 04:29:48 LabSZ sshd[13978]: Failed password for invalid user digi-user from 42.159.145.29 port 51546 ssh2
Dec 12 04:29:48 LabSZ sshd[13978]: Received disconnect from 42.159.145.29: 11: Bye Bye [preauth]
Dec 12 04:29:48 LabSZ sshd[13984]: Invalid user digi-user from 42.159.145.29
Dec 12 04:29:48 LabSZ sshd[13984]: input_userauth_request: invalid user digi-user [preauth]
Dec 12 04:29:48 LabSZ sshd[13984]: pam_unix(sshd:auth): check pass; user unknown
Dec 12 04:29:48 LabSZ sshd[13984]: pam_unix(sshd:auth): authentication failure; logname= uid=0 euid=0 tty=ssh ruser= rhost=42.159.145.29 
Dec 12 04:29:49 LabSZ sshd[13980]: Invalid user solr from 203.158.215.184
Dec 12 04:29:49 LabSZ sshd[13980]: input_userauth_request: invalid user solr [preauth]
Dec 12 04:29:49 LabSZ sshd[13980]: pam_unix(sshd:auth): check pass; user unknown
Dec 12 04:29:49 LabSZ sshd[13980]: pam_unix(sshd:auth): authentication failure; logname= uid=0 euid=0 tty=ssh ruser= rhost=203.158.215.184 
Dec 12 04:29:49 LabSZ sshd[13981]: Failed password for root from 183.238.178.195 port 59540 ssh2
Dec 12 04:29:49 LabSZ sshd[13981]: Connection closed by 183.238.178.195 [preauth]
Dec 12 04:29:49 LabSZ sshd[13986]: pam_unix(sshd:auth): authentication failure; logname= uid=0 euid=0 tty=ssh ruser= rhost=183.238.178.195  user=root
Dec 12 04:29:50 LabSZ sshd[13984]: Failed password for invalid user digi-user from 42.159.145.29 port 51889 ssh2
Dec 12 04:29:50 LabSZ sshd[13984]: Received disconnect from 42.159.145.29: 11: Bye Bye [preauth]
Dec 12 04:29:50 LabSZ sshd[13988]: Invalid user minecraft from 42.159.145.29
Dec 12 04:29:50 LabSZ sshd[13988]: input_userauth_request: invalid user minecraft [preauth]
Dec 12 04:29:50 LabSZ sshd[13988]: pam_unix(sshd:auth): check pass; user unknown
Dec 12 04:29:50 LabSZ sshd[13988]: pam_unix(sshd:auth): authentication failure; logname= uid=0 euid=0 tty=ssh ruser= rhost=42.159.145.29 
Dec 12 04:29:51 LabSZ sshd[13980]: Failed password for invalid user solr from 203.158.215.184 port 40678 ssh2
Dec 12 04:29:51 LabSZ sshd[13980]: Received disconnect from 203.158.215.184: 11: Bye Bye [preauth]
Dec 12 04:29:52 LabSZ sshd[13986]: Failed password for root from 183.238.178.195 port 59760 ssh2
Dec 12 04:29:52 LabSZ sshd[13986]: Connection closed by 183.238.178.195 [preauth]
Dec 12 04:29:52 LabSZ sshd[13992]: pam_unix(sshd:auth): authentication failure; logname= uid=0 euid=0 tty=ssh ruser= rhost=183.238.178.195  user=root
Dec 12 04:29:52 LabSZ sshd[13988]: Failed password for invalid user minecraft from 42.159.145.29 port 52337 ssh2
Dec 12 04:29:52 LabSZ sshd[13988]: Received disconnect from 42.159.145.29: 11: Bye Bye [preauth]
Dec 12 04:29:53 LabSZ sshd[13994]: Invalid user minecraft from 42.159.145.29
Dec 12 04:29:53 LabSZ sshd[13994]: input_userauth_request: invalid user minecraft [preauth]
Dec 12 04:29:53 LabSZ sshd[13994]: pam_unix(sshd:auth): check pass; user unknown
Dec 12 04:29:53 LabSZ sshd[13994]: pam_unix(sshd:auth): authentication failure; logname= uid=0 euid=0 tty=ssh ruser= rhost=42.159.145.29 
Dec 12 04:29:53 LabSZ sshd[13990]: Invalid user install from 203.158.215.184
Dec 12 04:29:53 LabSZ sshd[13990]: input_userauth_request: invalid user install [preauth]
Dec 12 04:29:53 LabSZ sshd[13990]: pam_unix(sshd:auth): check pass; user unknown
Dec 12 04:29:53 LabSZ sshd[13990]: pam_unix(sshd:auth): authentication failure; logname= uid=0 euid=0 tty=ssh ruser= rhost=203.158.215.184 
Dec 12 04:29:54 LabSZ sshd[13992]: Failed password for root from 183.238.178.195 port 60067 ssh2
Dec 12 04:29:54 LabSZ sshd[13992]: Connection closed by 183.238.178.195 [preauth]
Dec 12 04:29:54 LabSZ sshd[13996]: pam_unix(sshd:auth): authentication failure; logname= uid=0 euid=0 tty=ssh ruser= rhost=183.238.178.195  user=root
Dec 12 04:29:54 LabSZ sshd[13994]: Failed password for invalid user minecraft from 42.159.145.29 port 52695 ssh2
Dec 12 04:29:54 LabSZ sshd[13994]: Received disconnect from 42.159.145.29: 11: Bye Bye [preauth]
Dec 12 04:29:55 LabSZ sshd[13998]: Invalid user linux from 42.159.145.29
Dec 12 04:29:55 LabSZ sshd[13998]: input_userauth_request: invalid user linux [preauth]
Dec 12 04:29:55 LabSZ sshd[13998]: pam_unix(sshd:auth): check pass; user unknown
Dec 12 04:29:55 LabSZ sshd[13998]: pam_unix(sshd:auth): authentication failure; logname= uid=0 euid=0 tty=ssh ruser= rhost=42.159.145.29 
Dec 12 04:29:55 LabSZ sshd[13990]: Failed password for invalid user install from 203.158.215.184 port 42544 ssh2
Dec 12 04:29:55 LabSZ sshd[13990]: Received disconnect from 203.158.215.184: 11: Bye Bye [preauth]
Dec 12 04:29:56 LabSZ sshd[13996]: Failed password for root from 183.238.178.195 port 60329 ssh2
Dec 12 04:29:56 LabSZ sshd[13996]: Connection closed by 183.238.178.195 [preauth]
Dec 12 04:29:56 LabSZ sshd[14002]: pam_unix(sshd:auth): authentication failure; logname= uid=0 euid=0 tty=ssh ruser= rhost=183.238.178.195  user=root
Dec 12 04:29:57 LabSZ sshd[14000]: Invalid user nginx from 203.158.215.184
Dec 12 04:29:57 LabSZ sshd[14000]: input_userauth_request: invalid user nginx [preauth]
Dec 12 04:29:57 LabSZ sshd[14000]: pam_unix(sshd:auth): check pass; user unknown
Dec 12 04:29:57 LabSZ sshd[14000]: pam_unix(sshd:auth): authentication failure; logname= uid=0 euid=0 tty=ssh ruser= rhost=203.158.215.184 
Dec 12 04:29:57 LabSZ sshd[13998]: Failed password for invalid user linux from 42.159.145.29 port 53093 ssh2
Dec 12 04:29:57 LabSZ sshd[13998]: Received disconnect from 42.159.145.29: 11: Bye Bye [preauth]
Dec 12 04:29:57 LabSZ sshd[14002]: Failed password for root from 183.238.178.195 port 60621 ssh2
Dec 12 04:29:58 LabSZ sshd[14002]: Connection closed by 183.238.178.195 [preauth]
Dec 12 04:29:58 LabSZ sshd[14004]: Invalid user ovhuser from 42.159.145.29
Dec 12 04:29:58 LabSZ sshd[14004]: input_userauth_request: invalid user ovhuser [preauth]
Dec 12 04:29:58 LabSZ sshd[14004]: pam_unix(sshd:auth): check pass; user unknown
Dec 12 04:29:58 LabSZ sshd[14004]: pam_unix(sshd:auth): authentication failure; logname= uid=0 euid=0 tty=ssh ruser= rhost=42.159.145.29 
Dec 12 04:29:58 LabSZ sshd[14006]: pam_unix(sshd:auth): authentication failure; logname= uid=0 euid=0 tty=ssh ruser= rhost=183.238.178.195  user=root
Dec 12 04:29:59 LabSZ sshd[14000]: Failed password for invalid user nginx from 203.158.215.184 port 44514 ssh2
Dec 12 04:29:59 LabSZ sshd[14000]: Received disconnect from 203.158.215.184: 11: Bye Bye [preauth]
Dec 12 04:29:59 LabSZ sshd[14004]: Failed password for invalid user ovhuser from 42.159.145.29 port 53592 ssh2
Dec 12 04:29:59 LabSZ sshd[14006]: Failed password for root from 183.238.178.195 port 60821 ssh2
Dec 12 04:29:59 LabSZ sshd[14004]: Received disconnect from 42.159.145.29: 11: Bye Bye [preauth]
Dec 12 04:29:59 LabSZ sshd[14006]: Connection closed by 183.238.178.195 [preauth]
Dec 12 04:29:59 LabSZ sshd[14010]: pam_unix(sshd:auth): authentication failure; logname= uid=0 euid=0 tty=ssh ruser= rhost=183.238.178.195  user=root
Dec 12 04:29:59 LabSZ sshd[14011]: Invalid user apache from 42.159.145.29
Dec 12 04:29:59 LabSZ sshd[14011]: input_userauth_request: invalid user apache [preauth]
Dec 12 04:29:59 LabSZ sshd[14011]: pam_unix(sshd:auth): check pass; user unknown
Dec 12 04:29:59 LabSZ sshd[14011]: pam_unix(sshd:auth): authentication failure; logname= uid=0 euid=0 tty=ssh ruser= rhost=42.159.145.29 
Dec 12 04:30:00 LabSZ sshd[14008]: Invalid user ubuntu from 203.158.215.184
Dec 12 04:30:00 LabSZ sshd[14008]: input_userauth_request: invalid user ubuntu [preauth]
Dec 12 04:30:00 LabSZ sshd[14008]: pam_unix(sshd:auth): check pass; user unknown
Dec 12 04:30:00 LabSZ sshd[14008]: pam_unix(sshd:auth): authentication failure; logname= uid=0 euid=0 tty=ssh ruser= rhost=203.158.215.184 
Dec 12 04:30:01 LabSZ sshd[14010]: Failed password for root from 183.238.178.195 port 61034 ssh2
Dec 12 04:30:01 LabSZ sshd[14010]: Connection closed by 183.238.178.195 [preauth]
Dec 12 04:30:01 LabSZ sshd[14014]: pam_unix(sshd:auth): authentication failure; logname= uid=0 euid=0 tty=ssh ruser= rhost=183.238.178.195  user=root
Dec 12 04:30:01 LabSZ sshd[14011]: Failed password for invalid user apache from 42.159.145.29 port 53925 ssh2
Dec 12 04:30:02 LabSZ sshd[14011]: Received disconnect from 42.159.145.29: 11: Bye Bye [preauth]
Dec 12 04:30:02 LabSZ sshd[14016]: Invalid user linaro from 42.159.145.29
Dec 12 04:30:02 LabSZ sshd[14016]: input_userauth_request: invalid user linaro [preauth]
Dec 12 04:30:02 LabSZ sshd[14016]: pam_unix(sshd:auth): check pass; user unknown
Dec 12 04:30:02 LabSZ sshd[14016]: pam_unix(sshd:auth): authentication failure; logname= uid=0 euid=0 tty=ssh ruser= rhost=42.159.145.29 
