Jan  4 14:58:49 LabSZ sshd[1104]: PAM 5 more authentication failures; logname= uid=0 euid=0 tty=ssh ruser= rhost=59.63.188.30  user=root
Jan  4 14:58:49 LabSZ sshd[1104]: PAM service(sshd) ignoring max retries; 6 > 3
Jan  4 14:58:50 LabSZ sshd[1109]: pam_unix(sshd:auth): authentication failure; logname= uid=0 euid=0 tty=ssh ruser= rhost=59.63.188.30  user=root
Jan  4 14:58:53 LabSZ sshd[1109]: Failed password for root from 59.63.188.30 port 21761 ssh2
Jan  4 14:58:57 LabSZ sshd[1106]: message repeated 5 times: [ Failed password for root from 59.63.188.30 port 9695 ssh2]
Jan  4 14:58:57 LabSZ sshd[1106]: Disconnecting: Too many authentication failures for root [preauth]
Jan  4 14:58:57 LabSZ sshd[1106]: PAM 5 more authentication failures; logname= uid=0 euid=0 tty=ssh ruser= rhost=59.63.188.30  user=root
Jan  4 14:58:57 LabSZ sshd[1106]: PAM service(sshd) ignoring max retries; 6 > 3
Jan  4 14:58:58 LabSZ sshd[1111]: pam_unix(sshd:auth): authentication failure; logname= uid=0 euid=0 tty=ssh ruser= rhost=59.63.188.30  user=root
Jan  4 14:59:00 LabSZ sshd[1111]: Failed password for root from 59.63.188.30 port 29991 ssh2
Jan  4 14:59:06 LabSZ sshd[1109]: message repeated 5 times: [ Failed password for root from 59.63.188.30 port 21761 ssh2]
Jan  4 14:59:06 LabSZ sshd[1109]: Disconnecting: Too many authentication failures for root [preauth]
Jan  4 14:59:06 LabSZ sshd[1109]: PAM 5 more authentication failures; logname= uid=0 euid=0 tty=ssh ruser= rhost=59.63.188.30  user=root
Jan  4 14:59:06 LabSZ sshd[1109]: PAM service(sshd) ignoring max retries; 6 > 3
Jan  4 14:59:07 LabSZ sshd[1113]: pam_unix(sshd:auth): authentication failure; logname= uid=0 euid=0 tty=ssh ruser= rhost=59.63.188.30  user=root
Jan  4 14:59:09 LabSZ sshd[1113]: Failed password for root from 59.63.188.30 port 40887 ssh2
Jan  4 14:59:13 LabSZ sshd[1111]: message repeated 5 times: [ Failed password for root from 59.63.188.30 port 29991 ssh2]
Jan  4 14:59:13 LabSZ sshd[1111]: Disconnecting: Too many authentication failures for root [preauth]
Jan  4 14:59:13 LabSZ sshd[1111]: PAM 5 more authentication failures; logname= uid=0 euid=0 tty=ssh ruser= rhost=59.63.188.30  user=root
Jan  4 14:59:13 LabSZ sshd[1111]: PAM service(sshd) ignoring max retries; 6 > 3
Jan  4 14:59:14 LabSZ sshd[1117]: pam_unix(sshd:auth): authentication failure; logname= uid=0 euid=0 tty=ssh ruser= rhost=59.63.188.30  user=root
Jan  4 14:59:16 LabSZ sshd[1117]: Failed password for root from 59.63.188.30 port 49084 ssh2
Jan  4 14:59:22 LabSZ sshd[1113]: message repeated 5 times: [ Failed password for root from 59.63.188.30 port 40887 ssh2]
Jan  4 14:59:22 LabSZ sshd[1113]: Disconnecting: Too many authentication failures for root [preauth]
Jan  4 14:59:22 LabSZ sshd[1113]: PAM 5 more authentication failures; logname= uid=0 euid=0 tty=ssh ruser= rhost=59.63.188.30  user=root
Jan  4 14:59:22 LabSZ sshd[1113]: PAM service(sshd) ignoring max retries; 6 > 3
Jan  4 14:59:23 LabSZ sshd[1120]: pam_unix(sshd:auth): authentication failure; logname= uid=0 euid=0 tty=ssh ruser= rhost=59.63.188.30  user=root
Jan  4 14:59:25 LabSZ sshd[1120]: Failed password for root from 59.63.188.30 port 59447 ssh2
Jan  4 14:59:30 LabSZ sshd[1117]: message repeated 5 times: [ Failed password for root from 59.63.188.30 port 49084 ssh2]
Jan  4 14:59:30 LabSZ sshd[1117]: Disconnecting: Too many authentication failures for root [preauth]
Jan  4 14:59:30 LabSZ sshd[1117]: PAM 5 more authentication failures; logname= uid=0 euid=0 tty=ssh ruser= rhost=59.63.188.30  user=root
Jan  4 14:59:30 LabSZ sshd[1117]: PAM service(sshd) ignoring max retries; 6 > 3
Jan  4 14:59:31 LabSZ sshd[1122]: pam_unix(sshd:auth): authentication failure; logname= uid=0 euid=0 tty=ssh ruser= rhost=59.63.188.30  user=root
Jan  4 14:59:33 LabSZ sshd[1122]: Failed password for root from 59.63.188.30 port 4084 ssh2
Jan  4 14:59:38 LabSZ sshd[1120]: message repeated 5 times: [ Failed password for root from 59.63.188.30 port 59447 ssh2]
Jan  4 14:59:38 LabSZ sshd[1120]: Disconnecting: Too many authentication failures for root [preauth]
Jan  4 14:59:38 LabSZ sshd[1120]: PAM 5 more authentication failures; logname= uid=0 euid=0 tty=ssh ruser= rhost=59.63.188.30  user=root
Jan  4 14:59:38 LabSZ sshd[1120]: PAM service(sshd) ignoring max retries; 6 > 3
Jan  4 14:59:40 LabSZ sshd[1124]: pam_unix(sshd:auth): authentication failure; logname= uid=0 euid=0 tty=ssh ruser= rhost=59.63.188.30  user=root
Jan  4 14:59:42 LabSZ sshd[1124]: Failed password for root from 59.63.188.30 port 14609 ssh2
Jan  4 14:59:46 LabSZ sshd[1122]: message repeated 5 times: [ Failed password for root from 59.63.188.30 port 4084 ssh2]
Jan  4 14:59:46 LabSZ sshd[1122]: Disconnecting: Too many authentication failures for root [preauth]
Jan  4 14:59:46 LabSZ sshd[1122]: PAM 5 more authentication failures; logname= uid=0 euid=0 tty=ssh ruser= rhost=59.63.188.30  user=root
Jan  4 14:59:46 LabSZ sshd[1122]: PAM service(sshd) ignoring max retries; 6 > 3
Jan  4 14:59:47 LabSZ sshd[1128]: pam_unix(sshd:auth): authentication failure; logname= uid=0 euid=0 tty=ssh ruser= rhost=59.63.188.30  user=root
Jan  4 14:59:48 LabSZ sshd[1126]: Invalid user ubnt from 159.89.38.66
Jan  4 14:59:48 LabSZ sshd[1126]: input_userauth_request: invalid user ubnt [preauth]
Jan  4 14:59:48 LabSZ sshd[1126]: pam_unix(sshd:auth): check pass; user unknown
Jan  4 14:59:48 LabSZ sshd[1126]: pam_unix(sshd:auth): authentication failure; logname= uid=0 euid=0 tty=ssh ruser= rhost=159.89.38.66 
Jan  4 14:59:50 LabSZ sshd[1126]: Failed password for invalid user ubnt from 159.89.38.66 port 33946 ssh2
Jan  4 14:59:50 LabSZ sshd[1128]: Failed password for root from 59.63.188.30 port 23371 ssh2
Jan  4 14:59:50 LabSZ sshd[1126]: Received disconnect from 159.89.38.66: 11: Bye Bye [preauth]
Jan  4 14:59:55 LabSZ sshd[1130]: Invalid user admin from 159.89.38.66
Jan  4 14:59:55 LabSZ sshd[1130]: input_userauth_request: invalid user admin [preauth]
Jan  4 14:59:55 LabSZ sshd[1130]: pam_unix(sshd:auth): check pass; user unknown
Jan  4 14:59:55 LabSZ sshd[1130]: pam_unix(sshd:auth): authentication failure; logname= uid=0 euid=0 tty=ssh ruser= rhost=159.89.38.66 
Jan  4 14:59:55 LabSZ sshd[1124]: message repeated 5 times: [ Failed password for root from 59.63.188.30 port 14609 ssh2]
Jan  4 14:59:55 LabSZ sshd[1124]: Disconnecting: Too many authentication failures for root [preauth]
Jan  4 14:59:55 LabSZ sshd[1124]: PAM 5 more authentication failures; logname= uid=0 euid=0 tty=ssh ruser= rhost=59.63.188.30  user=root
Jan  4 14:59:55 LabSZ sshd[1124]: PAM service(sshd) ignoring max retries; 6 > 3
Jan  4 14:59:57 LabSZ sshd[1130]: Failed password for invalid user admin from 159.89.38.66 port 42008 ssh2
Jan  4 14:59:57 LabSZ sshd[1130]: Received disconnect from 159.89.38.66: 11: Bye Bye [preauth]
Jan  4 15:00:00 LabSZ sshd[1135]: pam_unix(sshd:auth): authentication failure; logname= uid=0 euid=0 tty=ssh ruser= rhost=159.89.38.66  user=root
Jan  4 15:00:01 LabSZ sshd[1133]: pam_unix(sshd:auth): authentication failure; logname= uid=0 euid=0 tty=ssh ruser= rhost=59.63.188.30  user=root
Jan  4 15:00:02 LabSZ sshd[1135]: Failed password for root from 159.89.38.66 port 54124 ssh2
Jan  4 15:00:02 LabSZ sshd[1135]: Received disconnect from 159.89.38.66: 11: Bye Bye [preauth]
Jan  4 15:00:02 LabSZ sshd[1128]: message repeated 5 times: [ Failed password for root from 59.63.188.30 port 23371 ssh2]
Jan  4 15:00:02 LabSZ sshd[1128]: Disconnecting: Too many authentication failures for root [preauth]
Jan  4 15:00:02 LabSZ sshd[1128]: PAM 5 more authentication failures; logname= uid=0 euid=0 tty=ssh ruser= rhost=59.63.188.30  user=root
Jan  4 15:00:02 LabSZ sshd[1128]: PAM service(sshd) ignoring max retries; 6 > 3
Jan  4 15:00:03 LabSZ sshd[1133]: Failed password for root from 59.63.188.30 port 34011 ssh2
Jan  4 15:00:03 LabSZ sshd[1139]: pam_unix(sshd:auth): authentication failure; logname= uid=0 euid=0 tty=ssh ruser= rhost=59.63.188.30  user=root
Jan  4 15:00:04 LabSZ sshd[1137]: Invalid user support from 159.89.38.66
Jan  4 15:00:04 LabSZ sshd[1137]: input_userauth_request: invalid user support [preauth]
Jan  4 15:00:04 LabSZ sshd[1137]: pam_unix(sshd:auth): check pass; user unknown
Jan  4 15:00:04 LabSZ sshd[1137]: pam_unix(sshd:auth): authentication failure; logname= uid=0 euid=0 tty=ssh ruser= rhost=159.89.38.66 
Jan  4 15:00:05 LabSZ sshd[1139]: Failed password for root from 59.63.188.30 port 42179 ssh2
Jan  4 15:00:07 LabSZ sshd[1137]: Failed password for invalid user support from 159.89.38.66 port 35000 ssh2
Jan  4 15:00:07 LabSZ sshd[1137]: Received disconnect from 159.89.38.66: 11: Bye Bye [preauth]
Jan  4 15:00:10 LabSZ sshd[1141]: Invalid user user from 159.89.38.66
Jan  4 15:00:10 LabSZ sshd[1141]: input_userauth_request: invalid user user [preauth]
Jan  4 15:00:10 LabSZ sshd[1141]: pam_unix(sshd:auth): check pass; user unknown
Jan  4 15:00:10 LabSZ sshd[1141]: pam_unix(sshd:auth): authentication failure; logname= uid=0 euid=0 tty=ssh ruser= rhost=159.89.38.66 
Jan  4 15:00:12 LabSZ sshd[1141]: Failed password for invalid user user from 159.89.38.66 port 42984 ssh2
Jan  4 15:00:12 LabSZ sshd[1141]: Received disconnect from 159.89.38.66: 11: Bye Bye [preauth]
Jan  4 15:00:14 LabSZ sshd[1143]: Invalid user operator from 159.89.38.66
Jan  4 15:00:14 LabSZ sshd[1143]: input_userauth_request: invalid user operator [preauth]
Jan  4 15:00:14 LabSZ sshd[1143]: pam_unix(sshd:auth): check pass; user unknown
Jan  4 15:00:14 LabSZ sshd[1143]: pam_unix(sshd:auth): authentication failure; logname= uid=0 euid=0 tty=ssh ruser= rhost=159.89.38.66 
Jan  4 15:00:16 LabSZ sshd[1133]: message repeated 5 times: [ Failed password for root from 59.63.188.30 port 34011 ssh2]
Jan  4 15:00:16 LabSZ sshd[1133]: Disconnecting: Too many authentication failures for root [preauth]
Jan  4 15:00:16 LabSZ sshd[1133]: PAM 5 more authentication failures; logname= uid=0 euid=0 tty=ssh ruser= rhost=59.63.188.30  user=root
Jan  4 15:00:16 LabSZ sshd[1133]: PAM service(sshd) ignoring max retries; 6 > 3
Jan  4 15:00:16 LabSZ sshd[1143]: Failed password for invalid user operator from 159.89.38.66 port 52430 ssh2
Jan  4 15:00:17 LabSZ sshd[1143]: Received disconnect from 159.89.38.66: 11: Bye Bye [preauth]
Jan  4 15:00:17 LabSZ sshd[1145]: pam_unix(sshd:auth): authentication failure; logname= uid=0 euid=0 tty=ssh ruser= rhost=59.63.188.30  user=root
Jan  4 15:00:19 LabSZ sshd[1139]: message repeated 5 times: [ Failed password for root from 59.63.188.30 port 42179 ssh2]
Jan  4 15:00:19 LabSZ sshd[1139]: Disconnecting: Too many authentication failures for root [preauth]
Jan  4 15:00:19 LabSZ sshd[1139]: PAM 5 more authentication failures; logname= uid=0 euid=0 tty=ssh ruser= rhost=59.63.188.30  user=root
Jan  4 15:00:19 LabSZ sshd[1139]: PAM service(sshd) ignoring max retries; 6 > 3
