Jan  5 07:18:04 LabSZ sshd[15660]: pam_unix(sshd:auth): check pass; user unknown
Jan  5 07:18:04 LabSZ sshd[15660]: pam_unix(sshd:auth): authentication failure; logname= uid=0 euid=0 tty=ssh ruser= rhost=103.207.37.148 
Jan  5 07:18:04 LabSZ sshd[15658]: Failed password for invalid user admin from 103.99.0.122 port 62996 ssh2
Jan  5 07:18:04 LabSZ sshd[15648]: message repeated 5 times: [ Failed password for root from 59.63.188.30 port 21071 ssh2]
Jan  5 07:18:04 LabSZ sshd[15648]: Disconnecting: Too many authentication failures for root [preauth]
Jan  5 07:18:04 LabSZ sshd[15648]: PAM 5 more authentication failures; logname= uid=0 euid=0 tty=ssh ruser= rhost=59.63.188.30  user=root
Jan  5 07:18:04 LabSZ sshd[15648]: PAM service(sshd) ignoring max retries; 6 > 3
Jan  5 07:18:05 LabSZ sshd[15658]: error: Received disconnect from 103.99.0.122: 14: No more user authentication methods available. [preauth]
Jan  5 07:18:06 LabSZ sshd[15660]: Failed password for invalid user admin from 103.207.37.148 port 53188 ssh2
Jan  5 07:18:06 LabSZ sshd[15664]: pam_unix(sshd:auth): authentication failure; logname= uid=0 euid=0 tty=ssh ruser= rhost=59.63.188.30  user=root
Jan  5 07:18:07 LabSZ sshd[15662]: pam_unix(sshd:auth): authentication failure; logname= uid=0 euid=0 tty=ssh ruser= rhost=103.99.0.122  user=ftp
Jan  5 07:18:07 LabSZ sshd[15660]: fatal: Read from socket failed: Connection reset by peer [preauth]
Jan  5 07:18:08 LabSZ sshd[15664]: Failed password for root from 59.63.188.30 port 31944 ssh2
Jan  5 07:18:09 LabSZ sshd[15662]: Failed password for ftp from 103.99.0.122 port 64154 ssh2
Jan  5 07:18:09 LabSZ sshd[15662]: error: Received disconnect from 103.99.0.122: 14: No more user authentication methods available. [preauth]
Jan  5 07:18:11 LabSZ sshd[15666]: Invalid user guest from 103.207.37.148
Jan  5 07:18:11 LabSZ sshd[15666]: input_userauth_request: invalid user guest [preauth]
Jan  5 07:18:11 LabSZ sshd[15666]: pam_unix(sshd:auth): check pass; user unknown
Jan  5 07:18:11 LabSZ sshd[15666]: pam_unix(sshd:auth): authentication failure; logname= uid=0 euid=0 tty=ssh ruser= rhost=103.207.37.148 
Jan  5 07:18:11 LabSZ sshd[15668]: Invalid user monitor from 103.99.0.122
Jan  5 07:18:11 LabSZ sshd[15668]: input_userauth_request: invalid user monitor [preauth]
Jan  5 07:18:11 LabSZ sshd[15668]: pam_unix(sshd:auth): check pass; user unknown
Jan  5 07:18:11 LabSZ sshd[15668]: pam_unix(sshd:auth): authentication failure; logname= uid=0 euid=0 tty=ssh ruser= rhost=103.99.0.122 
Jan  5 07:18:13 LabSZ sshd[15666]: Failed password for invalid user guest from 103.207.37.148 port 53372 ssh2
Jan  5 07:18:13 LabSZ sshd[15668]: Failed password for invalid user monitor from 103.99.0.122 port 65254 ssh2
Jan  5 07:18:13 LabSZ sshd[15656]: message repeated 5 times: [ Failed password for root from 182.100.67.52 port 18086 ssh2]
Jan  5 07:18:13 LabSZ sshd[15656]: Disconnecting: Too many authentication failures for root [preauth]
Jan  5 07:18:13 LabSZ sshd[15656]: PAM 5 more authentication failures; logname= uid=0 euid=0 tty=ssh ruser= rhost=182.100.67.52  user=root
Jan  5 07:18:13 LabSZ sshd[15656]: PAM service(sshd) ignoring max retries; 6 > 3
Jan  5 07:18:14 LabSZ sshd[15668]: error: Received disconnect from 103.99.0.122: 14: No more user authentication methods available. [preauth]
Jan  5 07:18:14 LabSZ sshd[15666]: fatal: Read from socket failed: Connection reset by peer [preauth]
Jan  5 07:18:15 LabSZ sshd[15672]: pam_unix(sshd:auth): authentication failure; logname= uid=0 euid=0 tty=ssh ruser= rhost=103.207.37.148  user=uucp
Jan  5 07:18:15 LabSZ sshd[15670]: Invalid user ftpuser from 103.99.0.122
Jan  5 07:18:15 LabSZ sshd[15670]: input_userauth_request: invalid user ftpuser [preauth]
Jan  5 07:18:15 LabSZ sshd[15670]: pam_unix(sshd:auth): check pass; user unknown
Jan  5 07:18:15 LabSZ sshd[15670]: pam_unix(sshd:auth): authentication failure; logname= uid=0 euid=0 tty=ssh ruser= rhost=103.99.0.122 
Jan  5 07:18:17 LabSZ sshd[15672]: Failed password for uucp from 103.207.37.148 port 53583 ssh2
Jan  5 07:18:17 LabSZ sshd[15670]: Failed password for invalid user ftpuser from 103.99.0.122 port 49830 ssh2
Jan  5 07:18:17 LabSZ sshd[15670]: error: Received disconnect from 103.99.0.122: 14: No more user authentication methods available. [preauth]
Jan  5 07:18:17 LabSZ sshd[15672]: fatal: Read from socket failed: Connection reset by peer [preauth]
Jan  5 07:18:18 LabSZ sshd[15674]: Invalid user pi from 103.99.0.122
Jan  5 07:18:18 LabSZ sshd[15674]: input_userauth_request: invalid user pi [preauth]
Jan  5 07:18:18 LabSZ sshd[15674]: pam_unix(sshd:auth): check pass; user unknown
Jan  5 07:18:18 LabSZ sshd[15674]: pam_unix(sshd:auth): authentication failure; logname= uid=0 euid=0 tty=ssh ruser= rhost=103.99.0.122 
Jan  5 07:18:20 LabSZ sshd[15676]: Invalid user admin from 103.207.37.148
Jan  5 07:18:20 LabSZ sshd[15676]: input_userauth_request: invalid user admin [preauth]
Jan  5 07:18:20 LabSZ sshd[15676]: pam_unix(sshd:auth): check pass; user unknown
Jan  5 07:18:20 LabSZ sshd[15676]: pam_unix(sshd:auth): authentication failure; logname= uid=0 euid=0 tty=ssh ruser= rhost=103.207.37.148 
Jan  5 07:18:21 LabSZ sshd[15674]: Failed password for invalid user pi from 103.99.0.122 port 50605 ssh2
Jan  5 07:18:21 LabSZ sshd[15674]: error: Received disconnect from 103.99.0.122: 14: No more user authentication methods available. [preauth]
Jan  5 07:18:22 LabSZ sshd[15676]: Failed password for invalid user admin from 103.207.37.148 port 53717 ssh2
Jan  5 07:18:23 LabSZ sshd[15678]: Invalid user PlcmSpIp from 103.99.0.122
Jan  5 07:18:23 LabSZ sshd[15678]: input_userauth_request: invalid user PlcmSpIp [preauth]
Jan  5 07:18:23 LabSZ sshd[15678]: pam_unix(sshd:auth): check pass; user unknown
Jan  5 07:18:23 LabSZ sshd[15678]: pam_unix(sshd:auth): authentication failure; logname= uid=0 euid=0 tty=ssh ruser= rhost=103.99.0.122 
Jan  5 07:18:24 LabSZ sshd[15676]: fatal: Read from socket failed: Connection reset by peer [preauth]
Jan  5 07:18:25 LabSZ sshd[15680]: pam_unix(sshd:auth): authentication failure; logname= uid=0 euid=0 tty=ssh ruser= rhost=182.100.67.52  user=root
Jan  5 07:18:25 LabSZ sshd[15664]: message repeated 5 times: [ Failed password for root from 59.63.188.30 port 31944 ssh2]
Jan  5 07:18:25 LabSZ sshd[15664]: Disconnecting: Too many authentication failures for root [preauth]
Jan  5 07:18:25 LabSZ sshd[15664]: PAM 5 more authentication failures; logname= uid=0 euid=0 tty=ssh ruser= rhost=59.63.188.30  user=root
Jan  5 07:18:25 LabSZ sshd[15664]: PAM service(sshd) ignoring max retries; 6 > 3
Jan  5 07:18:26 LabSZ sshd[15678]: Failed password for invalid user PlcmSpIp from 103.99.0.122 port 51637 ssh2
Jan  5 07:18:26 LabSZ sshd[15678]: error: Received disconnect from 103.99.0.122: 14: No more user authentication methods available. [preauth]
Jan  5 07:18:26 LabSZ sshd[15684]: pam_unix(sshd:auth): authentication failure; logname= uid=0 euid=0 tty=ssh ruser= rhost=59.63.188.30  user=root
Jan  5 07:18:27 LabSZ sshd[15680]: Failed password for root from 182.100.67.52 port 54204 ssh2
Jan  5 07:18:27 LabSZ sshd[15682]: Invalid user Management from 103.99.0.122
Jan  5 07:18:27 LabSZ sshd[15682]: input_userauth_request: invalid user Management [preauth]
Jan  5 07:18:27 LabSZ sshd[15682]: pam_unix(sshd:auth): check pass; user unknown
Jan  5 07:18:27 LabSZ sshd[15682]: pam_unix(sshd:auth): authentication failure; logname= uid=0 euid=0 tty=ssh ruser= rhost=103.99.0.122 
Jan  5 07:18:29 LabSZ sshd[15684]: Failed password for root from 59.63.188.30 port 53813 ssh2
Jan  5 07:18:30 LabSZ sshd[15682]: Failed password for invalid user Management from 103.99.0.122 port 52981 ssh2
Jan  5 07:18:30 LabSZ sshd[15682]: error: Received disconnect from 103.99.0.122: 14: No more user authentication methods available. [preauth]
Jan  5 07:18:31 LabSZ sshd[15686]: pam_unix(sshd:auth): authentication failure; logname= uid=0 euid=0 tty=ssh ruser= rhost=103.99.0.122  user=root
Jan  5 07:18:33 LabSZ sshd[15686]: Failed password for root from 103.99.0.122 port 53842 ssh2
Jan  5 07:18:33 LabSZ sshd[15686]: error: Received disconnect from 103.99.0.122: 14: No more user authentication methods available. [preauth]
Jan  5 07:18:33 LabSZ sshd[15688]: Invalid user ftpuser from 103.99.0.122
Jan  5 07:18:33 LabSZ sshd[15688]: input_userauth_request: invalid user ftpuser [preauth]
Jan  5 07:18:33 LabSZ sshd[15688]: pam_unix(sshd:auth): check pass; user unknown
Jan  5 07:18:33 LabSZ sshd[15688]: pam_unix(sshd:auth): authentication failure; logname= uid=0 euid=0 tty=ssh ruser= rhost=103.99.0.122 
Jan  5 07:18:35 LabSZ sshd[15688]: Failed password for invalid user ftpuser from 103.99.0.122 port 54592 ssh2
Jan  5 07:18:35 LabSZ sshd[15688]: error: Received disconnect from 103.99.0.122: 14: No more user authentication methods available. [preauth]
Jan  5 07:18:41 LabSZ sshd[15680]: message repeated 5 times: [ Failed password for root from 182.100.67.52 port 54204 ssh2]
Jan  5 07:18:41 LabSZ sshd[15680]: Disconnecting: Too many authentication failures for root [preauth]
Jan  5 07:18:41 LabSZ sshd[15680]: PAM 5 more authentication failures; logname= uid=0 euid=0 tty=ssh ruser= rhost=182.100.67.52  user=root
Jan  5 07:18:41 LabSZ sshd[15680]: PAM service(sshd) ignoring max retries; 6 > 3
Jan  5 07:18:42 LabSZ sshd[15690]: pam_unix(sshd:auth): authentication failure; logname= uid=0 euid=0 tty=ssh ruser= rhost=182.100.67.52  user=root
Jan  5 07:18:44 LabSZ sshd[15690]: Failed password for root from 182.100.67.52 port 12760 ssh2
Jan  5 07:18:46 LabSZ sshd[15684]: message repeated 5 times: [ Failed password for root from 59.63.188.30 port 53813 ssh2]
Jan  5 07:18:46 LabSZ sshd[15684]: Disconnecting: Too many authentication failures for root [preauth]
Jan  5 07:18:46 LabSZ sshd[15684]: PAM 5 more authentication failures; logname= uid=0 euid=0 tty=ssh ruser= rhost=59.63.188.30  user=root
Jan  5 07:18:46 LabSZ sshd[15684]: PAM service(sshd) ignoring max retries; 6 > 3
Jan  5 07:18:47 LabSZ sshd[15692]: pam_unix(sshd:auth): authentication failure; logname= uid=0 euid=0 tty=ssh ruser= rhost=59.63.188.30  user=root
Jan  5 07:18:49 LabSZ sshd[15692]: Failed password for root from 59.63.188.30 port 11904 ssh2
Jan  5 07:18:50 LabSZ sshd[15694]: Invalid user  0101 from 5.188.10.182
Jan  5 07:18:50 LabSZ sshd[15694]: input_userauth_request: invalid user  0101 [preauth]
Jan  5 07:18:50 LabSZ sshd[15694]: pam_unix(sshd:auth): check pass; user unknown
Jan  5 07:18:50 LabSZ sshd[15694]: pam_unix(sshd:auth): authentication failure; logname= uid=0 euid=0 tty=ssh ruser= rhost=5.188.10.182 
Jan  5 07:18:52 LabSZ sshd[15694]: Failed password for invalid user  0101 from 5.188.10.182 port 42883 ssh2
Jan  5 07:18:52 LabSZ sshd[15694]: Connection closed by 5.188.10.182 [preauth]
Jan  5 07:18:56 LabSZ sshd[15696]: Invalid user 0 from 5.188.10.182
