Jan  4 11:25:07 LabSZ sshd[29246]: PAM 5 more authentication failures; logname= uid=0 euid=0 tty=ssh ruser= rhost=182.100.67.52  user=root
Jan  4 11:25:07 LabSZ sshd[29246]: PAM service(sshd) ignoring max retries; 6 > 3
Jan  4 11:25:07 LabSZ sshd[29252]: pam_unix(sshd:auth): authentication failure; logname= uid=0 euid=0 tty=ssh ruser= rhost=218.87.109.156  user=root
Jan  4 11:25:07 LabSZ sshd[29256]: pam_unix(sshd:auth): authentication failure; logname= uid=0 euid=0 tty=ssh ruser= rhost=94.167.233.38  user=root
Jan  4 11:25:08 LabSZ sshd[29260]: pam_unix(sshd:auth): authentication failure; logname= uid=0 euid=0 tty=ssh ruser= rhost=59.63.188.30  user=root
Jan  4 11:25:08 LabSZ sshd[29262]: pam_unix(sshd:auth): authentication failure; logname= uid=0 euid=0 tty=ssh ruser= rhost=182.100.67.52  user=root
Jan  4 11:25:08 LabSZ sshd[29252]: Failed password for root from 218.87.109.156 port 35430 ssh2
Jan  4 11:25:09 LabSZ sshd[29256]: Failed password for root from 94.167.233.38 port 44475 ssh2
Jan  4 11:25:09 LabSZ sshd[29256]: Received disconnect from 94.167.233.38: 11: Bye Bye [preauth]
Jan  4 11:25:10 LabSZ sshd[29260]: Failed password for root from 59.63.188.30 port 53722 ssh2
Jan  4 11:25:10 LabSZ sshd[29262]: Failed password for root from 182.100.67.52 port 27252 ssh2
Jan  4 11:25:12 LabSZ sshd[29264]: Invalid user ubnt from 94.167.233.38
Jan  4 11:25:12 LabSZ sshd[29264]: input_userauth_request: invalid user ubnt [preauth]
Jan  4 11:25:12 LabSZ sshd[29264]: pam_unix(sshd:auth): check pass; user unknown
Jan  4 11:25:12 LabSZ sshd[29264]: pam_unix(sshd:auth): authentication failure; logname= uid=0 euid=0 tty=ssh ruser= rhost=94.167.233.38 
Jan  4 11:25:14 LabSZ sshd[29264]: Failed password for invalid user ubnt from 94.167.233.38 port 44647 ssh2
Jan  4 11:25:15 LabSZ sshd[29264]: Received disconnect from 94.167.233.38: 11: Bye Bye [preauth]
Jan  4 11:25:17 LabSZ sshd[29257]: message repeated 5 times: [ Failed password for root from 59.63.188.30 port 49172 ssh2]
Jan  4 11:25:17 LabSZ sshd[29257]: Disconnecting: Too many authentication failures for root [preauth]
Jan  4 11:25:17 LabSZ sshd[29257]: PAM 5 more authentication failures; logname= uid=0 euid=0 tty=ssh ruser= rhost=59.63.188.30  user=root
Jan  4 11:25:17 LabSZ sshd[29257]: PAM service(sshd) ignoring max retries; 6 > 3
Jan  4 11:25:17 LabSZ sshd[29266]: pam_unix(sshd:auth): authentication failure; logname= uid=0 euid=0 tty=ssh ruser= rhost=94.167.233.38  user=root
Jan  4 11:25:18 LabSZ sshd[29268]: pam_unix(sshd:auth): authentication failure; logname= uid=0 euid=0 tty=ssh ruser= rhost=59.63.188.30  user=root
Jan  4 11:25:19 LabSZ sshd[29266]: Failed password for root from 94.167.233.38 port 44795 ssh2
Jan  4 11:25:19 LabSZ sshd[29266]: Received disconnect from 94.167.233.38: 11: Bye Bye [preauth]
Jan  4 11:25:20 LabSZ sshd[29252]: message repeated 5 times: [ Failed password for root from 218.87.109.156 port 35430 ssh2]
Jan  4 11:25:20 LabSZ sshd[29252]: Disconnecting: Too many authentication failures for root [preauth]
Jan  4 11:25:20 LabSZ sshd[29252]: PAM 5 more authentication failures; logname= uid=0 euid=0 tty=ssh ruser= rhost=218.87.109.156  user=root
Jan  4 11:25:20 LabSZ sshd[29252]: PAM service(sshd) ignoring max retries; 6 > 3
Jan  4 11:25:20 LabSZ sshd[29268]: Failed password for root from 59.63.188.30 port 1462 ssh2
Jan  4 11:25:21 LabSZ sshd[29260]: message repeated 5 times: [ Failed password for root from 59.63.188.30 port 53722 ssh2]
Jan  4 11:25:21 LabSZ sshd[29260]: Disconnecting: Too many authentication failures for root [preauth]
Jan  4 11:25:21 LabSZ sshd[29260]: PAM 5 more authentication failures; logname= uid=0 euid=0 tty=ssh ruser= rhost=59.63.188.30  user=root
Jan  4 11:25:21 LabSZ sshd[29260]: PAM service(sshd) ignoring max retries; 6 > 3
Jan  4 11:25:22 LabSZ sshd[29262]: message repeated 5 times: [ Failed password for root from 182.100.67.52 port 27252 ssh2]
Jan  4 11:25:22 LabSZ sshd[29262]: Disconnecting: Too many authentication failures for root [preauth]
Jan  4 11:25:22 LabSZ sshd[29262]: PAM 5 more authentication failures; logname= uid=0 euid=0 tty=ssh ruser= rhost=182.100.67.52  user=root
Jan  4 11:25:22 LabSZ sshd[29262]: PAM service(sshd) ignoring max retries; 6 > 3
Jan  4 11:25:22 LabSZ sshd[29270]: pam_unix(sshd:auth): authentication failure; logname= uid=0 euid=0 tty=ssh ruser= rhost=94.167.233.38  user=root
Jan  4 11:25:22 LabSZ sshd[29274]: pam_unix(sshd:auth): authentication failure; logname= uid=0 euid=0 tty=ssh ruser= rhost=59.63.188.30  user=root
Jan  4 11:25:23 LabSZ sshd[29276]: pam_unix(sshd:auth): authentication failure; logname= uid=0 euid=0 tty=ssh ruser= rhost=182.100.67.52  user=root
Jan  4 11:25:24 LabSZ sshd[29270]: Failed password for root from 94.167.233.38 port 44939 ssh2
Jan  4 11:25:24 LabSZ sshd[29274]: Failed password for root from 59.63.188.30 port 6222 ssh2
Jan  4 11:25:24 LabSZ sshd[29270]: Received disconnect from 94.167.233.38: 11: Bye Bye [preauth]
Jan  4 11:25:24 LabSZ sshd[29276]: Failed password for root from 182.100.67.52 port 64038 ssh2
Jan  4 11:25:27 LabSZ sshd[29272]: pam_unix(sshd:auth): authentication failure; logname= uid=0 euid=0 tty=ssh ruser= rhost=218.87.109.156  user=root
Jan  4 11:25:27 LabSZ sshd[29278]: pam_unix(sshd:auth): authentication failure; logname= uid=0 euid=0 tty=ssh ruser= rhost=94.167.233.38  user=root
Jan  4 11:25:29 LabSZ sshd[29272]: Failed password for root from 218.87.109.156 port 23604 ssh2
Jan  4 11:25:30 LabSZ sshd[29278]: Failed password for root from 94.167.233.38 port 45074 ssh2
Jan  4 11:25:30 LabSZ sshd[29278]: Received disconnect from 94.167.233.38: 11: Bye Bye [preauth]
Jan  4 11:25:32 LabSZ sshd[29268]: message repeated 5 times: [ Failed password for root from 59.63.188.30 port 1462 ssh2]
Jan  4 11:25:32 LabSZ sshd[29268]: Disconnecting: Too many authentication failures for root [preauth]
Jan  4 11:25:32 LabSZ sshd[29268]: PAM 5 more authentication failures; logname= uid=0 euid=0 tty=ssh ruser= rhost=59.63.188.30  user=root
Jan  4 11:25:32 LabSZ sshd[29268]: PAM service(sshd) ignoring max retries; 6 > 3
Jan  4 11:25:33 LabSZ sshd[29280]: pam_unix(sshd:auth): authentication failure; logname= uid=0 euid=0 tty=ssh ruser= rhost=94.167.233.38  user=root
Jan  4 11:25:34 LabSZ sshd[29282]: pam_unix(sshd:auth): authentication failure; logname= uid=0 euid=0 tty=ssh ruser= rhost=59.63.188.30  user=root
Jan  4 11:25:35 LabSZ sshd[29280]: Failed password for root from 94.167.233.38 port 45240 ssh2
Jan  4 11:25:35 LabSZ sshd[29280]: Received disconnect from 94.167.233.38: 11: Bye Bye [preauth]
Jan  4 11:25:35 LabSZ sshd[29282]: Failed password for root from 59.63.188.30 port 19887 ssh2
Jan  4 11:25:36 LabSZ sshd[29276]: message repeated 5 times: [ Failed password for root from 182.100.67.52 port 64038 ssh2]
Jan  4 11:25:36 LabSZ sshd[29276]: Disconnecting: Too many authentication failures for root [preauth]
Jan  4 11:25:36 LabSZ sshd[29276]: PAM 5 more authentication failures; logname= uid=0 euid=0 tty=ssh ruser= rhost=182.100.67.52  user=root
Jan  4 11:25:36 LabSZ sshd[29276]: PAM service(sshd) ignoring max retries; 6 > 3
Jan  4 11:25:36 LabSZ sshd[29274]: message repeated 5 times: [ Failed password for root from 59.63.188.30 port 6222 ssh2]
Jan  4 11:25:36 LabSZ sshd[29274]: Disconnecting: Too many authentication failures for root [preauth]
Jan  4 11:25:36 LabSZ sshd[29274]: PAM 5 more authentication failures; logname= uid=0 euid=0 tty=ssh ruser= rhost=59.63.188.30  user=root
Jan  4 11:25:36 LabSZ sshd[29274]: PAM service(sshd) ignoring max retries; 6 > 3
Jan  4 11:25:37 LabSZ sshd[29286]: pam_unix(sshd:auth): authentication failure; logname= uid=0 euid=0 tty=ssh ruser= rhost=182.100.67.52  user=root
Jan  4 11:25:37 LabSZ sshd[29288]: pam_unix(sshd:auth): authentication failure; logname= uid=0 euid=0 tty=ssh ruser= rhost=59.63.188.30  user=root
Jan  4 11:25:38 LabSZ sshd[29284]: pam_unix(sshd:auth): authentication failure; logname= uid=0 euid=0 tty=ssh ruser= rhost=94.167.233.38  user=root
Jan  4 11:25:39 LabSZ sshd[29286]: Failed password for root from 182.100.67.52 port 34942 ssh2
Jan  4 11:25:40 LabSZ sshd[29288]: Failed password for root from 59.63.188.30 port 24618 ssh2
Jan  4 11:25:40 LabSZ sshd[29284]: Failed password for root from 94.167.233.38 port 45384 ssh2
Jan  4 11:25:40 LabSZ sshd[29272]: message repeated 5 times: [ Failed password for root from 218.87.109.156 port 23604 ssh2]
Jan  4 11:25:40 LabSZ sshd[29272]: Disconnecting: Too many authentication failures for root [preauth]
Jan  4 11:25:40 LabSZ sshd[29272]: PAM 5 more authentication failures; logname= uid=0 euid=0 tty=ssh ruser= rhost=218.87.109.156  user=root
Jan  4 11:25:40 LabSZ sshd[29272]: PAM service(sshd) ignoring max retries; 6 > 3
Jan  4 11:25:40 LabSZ sshd[29284]: Received disconnect from 94.167.233.38: 11: Bye Bye [preauth]
Jan  4 11:25:43 LabSZ sshd[29290]: pam_unix(sshd:auth): authentication failure; logname= uid=0 euid=0 tty=ssh ruser= rhost=94.167.233.38  user=root
Jan  4 11:25:45 LabSZ sshd[29290]: Failed password for root from 94.167.233.38 port 45535 ssh2
Jan  4 11:25:45 LabSZ sshd[29290]: Received disconnect from 94.167.233.38: 11: Bye Bye [preauth]
Jan  4 11:25:47 LabSZ sshd[29292]: pam_unix(sshd:auth): authentication failure; logname= uid=0 euid=0 tty=ssh ruser= rhost=218.87.109.156  user=root
Jan  4 11:25:47 LabSZ sshd[29282]: message repeated 5 times: [ Failed password for root from 59.63.188.30 port 19887 ssh2]
Jan  4 11:25:47 LabSZ sshd[29282]: Disconnecting: Too many authentication failures for root [preauth]
Jan  4 11:25:47 LabSZ sshd[29282]: PAM 5 more authentication failures; logname= uid=0 euid=0 tty=ssh ruser= rhost=59.63.188.30  user=root
Jan  4 11:25:47 LabSZ sshd[29282]: PAM service(sshd) ignoring max retries; 6 > 3
Jan  4 11:25:48 LabSZ sshd[29294]: pam_unix(sshd:auth): authentication failure; logname= uid=0 euid=0 tty=ssh ruser= rhost=94.167.233.38  user=root
Jan  4 11:25:48 LabSZ sshd[29292]: Failed password for root from 218.87.109.156 port 7126 ssh2
Jan  4 11:25:49 LabSZ sshd[29296]: pam_unix(sshd:auth): authentication failure; logname= uid=0 euid=0 tty=ssh ruser= rhost=59.63.188.30  user=root
Jan  4 11:25:50 LabSZ sshd[29294]: Failed password for root from 94.167.233.38 port 45674 ssh2
Jan  4 11:25:50 LabSZ sshd[29286]: message repeated 5 times: [ Failed password for root from 182.100.67.52 port 34942 ssh2]
Jan  4 11:25:50 LabSZ sshd[29286]: Disconnecting: Too many authentication failures for root [preauth]
Jan  4 11:25:50 LabSZ sshd[29286]: PAM 5 more authentication failures; logname= uid=0 euid=0 tty=ssh ruser= rhost=182.100.67.52  user=root
Jan  4 11:25:50 LabSZ sshd[29286]: PAM service(sshd) ignoring max retries; 6 > 3
Jan  4 11:25:51 LabSZ sshd[29294]: Received disconnect from 94.167.233.38: 11: Bye Bye [preauth]
Jan  4 11:25:51 LabSZ sshd[29288]: message repeated 5 times: [ Failed password for root from 59.63.188.30 port 24618 ssh2]
Jan  4 11:25:51 LabSZ sshd[29288]: Disconnecting: Too many authentication failures for root [preauth]
Jan  4 11:25:51 LabSZ sshd[29288]: PAM 5 more authentication failures; logname= uid=0 euid=0 tty=ssh ruser= rhost=59.63.188.30  user=root
Jan  4 11:25:51 LabSZ sshd[29288]: PAM service(sshd) ignoring max retries; 6 > 3
Jan  4 11:25:51 LabSZ sshd[29296]: Failed password for root from 59.63.188.30 port 37559 ssh2
