Jan  2 03:10:07 LabSZ sshd[21827]: PAM 5 more authentication failures; logname= uid=0 euid=0 tty=ssh ruser= rhost=58.242.83.25  user=root
Jan  2 03:10:07 LabSZ sshd[21827]: PAM service(sshd) ignoring max retries; 6 > 3
Jan  2 03:10:08 LabSZ sshd[21829]: message repeated 5 times: [ Failed password for root from 182.100.67.120 port 21022 ssh2]
Jan  2 03:10:08 LabSZ sshd[21829]: Disconnecting: Too many authentication failures for root [preauth]
Jan  2 03:10:08 LabSZ sshd[21829]: PAM 5 more authentication failures; logname= uid=0 euid=0 tty=ssh ruser= rhost=182.100.67.120  user=root
Jan  2 03:10:08 LabSZ sshd[21829]: PAM service(sshd) ignoring max retries; 6 > 3
Jan  2 03:10:08 LabSZ sshd[21831]: Failed password for root from 218.65.30.30 port 42560 ssh2
Jan  2 03:10:09 LabSZ sshd[21833]: pam_unix(sshd:auth): authentication failure; logname= uid=0 euid=0 tty=ssh ruser= rhost=58.242.83.25  user=root
Jan  2 03:10:09 LabSZ sshd[21835]: pam_unix(sshd:auth): authentication failure; logname= uid=0 euid=0 tty=ssh ruser= rhost=182.100.67.120  user=root
Jan  2 03:10:11 LabSZ sshd[21833]: Failed password for root from 58.242.83.25 port 4730 ssh2
Jan  2 03:10:11 LabSZ sshd[21835]: Failed password for root from 182.100.67.120 port 58954 ssh2
Jan  2 03:10:21 LabSZ sshd[21831]: message repeated 5 times: [ Failed password for root from 218.65.30.30 port 42560 ssh2]
Jan  2 03:10:21 LabSZ sshd[21831]: Disconnecting: Too many authentication failures for root [preauth]
Jan  2 03:10:21 LabSZ sshd[21831]: PAM 5 more authentication failures; logname= uid=0 euid=0 tty=ssh ruser= rhost=218.65.30.30  user=root
Jan  2 03:10:21 LabSZ sshd[21831]: PAM service(sshd) ignoring max retries; 6 > 3
Jan  2 03:10:24 LabSZ sshd[21837]: reverse mapping checking getaddrinfo for 30.30.65.218.broad.xy.jx.dynamic.163data.com.cn [218.65.30.30] failed - POSSIBLE BREAK-IN ATTEMPT!
Jan  2 03:10:24 LabSZ sshd[21837]: pam_unix(sshd:auth): authentication failure; logname= uid=0 euid=0 tty=ssh ruser= rhost=218.65.30.30  user=root
Jan  2 03:10:24 LabSZ sshd[21833]: message repeated 5 times: [ Failed password for root from 58.242.83.25 port 4730 ssh2]
Jan  2 03:10:24 LabSZ sshd[21833]: Disconnecting: Too many authentication failures for root [preauth]
Jan  2 03:10:24 LabSZ sshd[21833]: PAM 5 more authentication failures; logname= uid=0 euid=0 tty=ssh ruser= rhost=58.242.83.25  user=root
Jan  2 03:10:24 LabSZ sshd[21833]: PAM service(sshd) ignoring max retries; 6 > 3
Jan  2 03:10:25 LabSZ sshd[21835]: message repeated 5 times: [ Failed password for root from 182.100.67.120 port 58954 ssh2]
Jan  2 03:10:25 LabSZ sshd[21835]: Disconnecting: Too many authentication failures for root [preauth]
Jan  2 03:10:25 LabSZ sshd[21835]: PAM 5 more authentication failures; logname= uid=0 euid=0 tty=ssh ruser= rhost=182.100.67.120  user=root
Jan  2 03:10:25 LabSZ sshd[21835]: PAM service(sshd) ignoring max retries; 6 > 3
Jan  2 03:10:26 LabSZ sshd[21839]: pam_unix(sshd:auth): authentication failure; logname= uid=0 euid=0 tty=ssh ruser= rhost=58.242.83.25  user=root
Jan  2 03:10:26 LabSZ sshd[21841]: pam_unix(sshd:auth): authentication failure; logname= uid=0 euid=0 tty=ssh ruser= rhost=182.100.67.120  user=root
Jan  2 03:10:27 LabSZ sshd[21837]: Failed password for root from 218.65.30.30 port 16412 ssh2
Jan  2 03:10:28 LabSZ sshd[21839]: Failed password for root from 58.242.83.25 port 26885 ssh2
Jan  2 03:10:28 LabSZ sshd[21841]: Failed password for root from 182.100.67.120 port 32386 ssh2
Jan  2 03:10:40 LabSZ sshd[21839]: message repeated 5 times: [ Failed password for root from 58.242.83.25 port 26885 ssh2]
Jan  2 03:10:40 LabSZ sshd[21839]: Disconnecting: Too many authentication failures for root [preauth]
Jan  2 03:10:40 LabSZ sshd[21839]: PAM 5 more authentication failures; logname= uid=0 euid=0 tty=ssh ruser= rhost=58.242.83.25  user=root
Jan  2 03:10:40 LabSZ sshd[21839]: PAM service(sshd) ignoring max retries; 6 > 3
Jan  2 03:10:40 LabSZ sshd[21841]: message repeated 5 times: [ Failed password for root from 182.100.67.120 port 32386 ssh2]
Jan  2 03:10:40 LabSZ sshd[21841]: Disconnecting: Too many authentication failures for root [preauth]
Jan  2 03:10:40 LabSZ sshd[21841]: PAM 5 more authentication failures; logname= uid=0 euid=0 tty=ssh ruser= rhost=182.100.67.120  user=root
Jan  2 03:10:40 LabSZ sshd[21841]: PAM service(sshd) ignoring max retries; 6 > 3
Jan  2 03:10:42 LabSZ sshd[21845]: pam_unix(sshd:auth): authentication failure; logname= uid=0 euid=0 tty=ssh ruser= rhost=182.100.67.120  user=root
Jan  2 03:10:42 LabSZ sshd[21843]: pam_unix(sshd:auth): authentication failure; logname= uid=0 euid=0 tty=ssh ruser= rhost=58.242.83.25  user=root
Jan  2 03:10:43 LabSZ sshd[21845]: Failed password for root from 182.100.67.120 port 2562 ssh2
Jan  2 03:10:44 LabSZ sshd[21843]: Failed password for root from 58.242.83.25 port 48233 ssh2
Jan  2 03:10:49 LabSZ sshd[21837]: message repeated 5 times: [ Failed password for root from 218.65.30.30 port 16412 ssh2]
Jan  2 03:10:49 LabSZ sshd[21837]: Disconnecting: Too many authentication failures for root [preauth]
Jan  2 03:10:49 LabSZ sshd[21837]: PAM 5 more authentication failures; logname= uid=0 euid=0 tty=ssh ruser= rhost=218.65.30.30  user=root
Jan  2 03:10:49 LabSZ sshd[21837]: PAM service(sshd) ignoring max retries; 6 > 3
Jan  2 03:10:51 LabSZ sshd[21847]: reverse mapping checking getaddrinfo for 30.30.65.218.broad.xy.jx.dynamic.163data.com.cn [218.65.30.30] failed - POSSIBLE BREAK-IN ATTEMPT!
Jan  2 03:10:51 LabSZ sshd[21847]: pam_unix(sshd:auth): authentication failure; logname= uid=0 euid=0 tty=ssh ruser= rhost=218.65.30.30  user=root
Jan  2 03:10:53 LabSZ sshd[21847]: Failed password for root from 218.65.30.30 port 15294 ssh2
Jan  2 03:10:57 LabSZ sshd[21843]: message repeated 5 times: [ Failed password for root from 58.242.83.25 port 48233 ssh2]
Jan  2 03:10:57 LabSZ sshd[21843]: Disconnecting: Too many authentication failures for root [preauth]
Jan  2 03:10:57 LabSZ sshd[21843]: PAM 5 more authentication failures; logname= uid=0 euid=0 tty=ssh ruser= rhost=58.242.83.25  user=root
Jan  2 03:10:57 LabSZ sshd[21843]: PAM service(sshd) ignoring max retries; 6 > 3
Jan  2 03:10:57 LabSZ sshd[21845]: message repeated 5 times: [ Failed password for root from 182.100.67.120 port 2562 ssh2]
Jan  2 03:10:57 LabSZ sshd[21845]: Disconnecting: Too many authentication failures for root [preauth]
Jan  2 03:10:57 LabSZ sshd[21845]: PAM 5 more authentication failures; logname= uid=0 euid=0 tty=ssh ruser= rhost=182.100.67.120  user=root
Jan  2 03:10:57 LabSZ sshd[21845]: PAM service(sshd) ignoring max retries; 6 > 3
Jan  2 03:10:58 LabSZ sshd[21851]: pam_unix(sshd:auth): authentication failure; logname= uid=0 euid=0 tty=ssh ruser= rhost=182.100.67.120  user=root
Jan  2 03:10:58 LabSZ sshd[21849]: pam_unix(sshd:auth): authentication failure; logname= uid=0 euid=0 tty=ssh ruser= rhost=58.242.83.25  user=root
Jan  2 03:11:00 LabSZ sshd[21851]: Failed password for root from 182.100.67.120 port 40046 ssh2
Jan  2 03:11:00 LabSZ sshd[21849]: Failed password for root from 58.242.83.25 port 5840 ssh2
Jan  2 03:11:06 LabSZ sshd[21847]: message repeated 5 times: [ Failed password for root from 218.65.30.30 port 15294 ssh2]
Jan  2 03:11:06 LabSZ sshd[21847]: Disconnecting: Too many authentication failures for root [preauth]
Jan  2 03:11:06 LabSZ sshd[21847]: PAM 5 more authentication failures; logname= uid=0 euid=0 tty=ssh ruser= rhost=218.65.30.30  user=root
Jan  2 03:11:06 LabSZ sshd[21847]: PAM service(sshd) ignoring max retries; 6 > 3
Jan  2 03:11:08 LabSZ sshd[21853]: reverse mapping checking getaddrinfo for 30.30.65.218.broad.xy.jx.dynamic.163data.com.cn [218.65.30.30] failed - POSSIBLE BREAK-IN ATTEMPT!
Jan  2 03:11:08 LabSZ sshd[21853]: pam_unix(sshd:auth): authentication failure; logname= uid=0 euid=0 tty=ssh ruser= rhost=218.65.30.30  user=root
Jan  2 03:11:10 LabSZ sshd[21853]: Failed password for root from 218.65.30.30 port 55680 ssh2
Jan  2 03:11:10 LabSZ sshd[21855]: Did not receive identification string from 212.129.46.171
Jan  2 03:11:12 LabSZ sshd[21851]: message repeated 5 times: [ Failed password for root from 182.100.67.120 port 40046 ssh2]
Jan  2 03:11:12 LabSZ sshd[21851]: Disconnecting: Too many authentication failures for root [preauth]
Jan  2 03:11:12 LabSZ sshd[21851]: PAM 5 more authentication failures; logname= uid=0 euid=0 tty=ssh ruser= rhost=182.100.67.120  user=root
Jan  2 03:11:12 LabSZ sshd[21851]: PAM service(sshd) ignoring max retries; 6 > 3
Jan  2 03:11:12 LabSZ sshd[21849]: message repeated 5 times: [ Failed password for root from 58.242.83.25 port 5840 ssh2]
Jan  2 03:11:12 LabSZ sshd[21849]: Disconnecting: Too many authentication failures for root [preauth]
Jan  2 03:11:12 LabSZ sshd[21849]: PAM 5 more authentication failures; logname= uid=0 euid=0 tty=ssh ruser= rhost=58.242.83.25  user=root
Jan  2 03:11:12 LabSZ sshd[21849]: PAM service(sshd) ignoring max retries; 6 > 3
Jan  2 03:11:13 LabSZ sshd[21858]: pam_unix(sshd:auth): authentication failure; logname= uid=0 euid=0 tty=ssh ruser= rhost=182.100.67.120  user=root
Jan  2 03:11:14 LabSZ sshd[21860]: pam_unix(sshd:auth): authentication failure; logname= uid=0 euid=0 tty=ssh ruser= rhost=58.242.83.25  user=root
Jan  2 03:11:15 LabSZ sshd[21858]: Failed password for root from 182.100.67.120 port 7762 ssh2
Jan  2 03:11:15 LabSZ sshd[21856]: reverse mapping checking getaddrinfo for 212-129-46-171.rev.poneytelecom.eu [212.129.46.171] failed - POSSIBLE BREAK-IN ATTEMPT!
Jan  2 03:11:15 LabSZ sshd[21856]: Invalid user support from 212.129.46.171
Jan  2 03:11:15 LabSZ sshd[21856]: input_userauth_request: invalid user support [preauth]
Jan  2 03:11:15 LabSZ sshd[21860]: Failed password for root from 58.242.83.25 port 25687 ssh2
Jan  2 03:11:16 LabSZ sshd[21856]: pam_unix(sshd:auth): check pass; user unknown
Jan  2 03:11:16 LabSZ sshd[21856]: pam_unix(sshd:auth): authentication failure; logname= uid=0 euid=0 tty=ssh ruser= rhost=212.129.46.171 
Jan  2 03:11:18 LabSZ sshd[21856]: Failed password for invalid user support from 212.129.46.171 port 57417 ssh2
Jan  2 03:11:24 LabSZ sshd[21853]: message repeated 5 times: [ Failed password for root from 218.65.30.30 port 55680 ssh2]
Jan  2 03:11:24 LabSZ sshd[21853]: Disconnecting: Too many authentication failures for root [preauth]
Jan  2 03:11:24 LabSZ sshd[21853]: PAM 5 more authentication failures; logname= uid=0 euid=0 tty=ssh ruser= rhost=218.65.30.30  user=root
Jan  2 03:11:24 LabSZ sshd[21853]: PAM service(sshd) ignoring max retries; 6 > 3
Jan  2 03:11:25 LabSZ sshd[21862]: reverse mapping checking getaddrinfo for 30.30.65.218.broad.xy.jx.dynamic.163data.com.cn [218.65.30.30] failed - POSSIBLE BREAK-IN ATTEMPT!
Jan  2 03:11:25 LabSZ sshd[21862]: pam_unix(sshd:auth): authentication failure; logname= uid=0 euid=0 tty=ssh ruser= rhost=218.65.30.30  user=root
Jan  2 03:11:27 LabSZ sshd[21858]: message repeated 5 times: [ Failed password for root from 182.100.67.120 port 7762 ssh2]
Jan  2 03:11:27 LabSZ sshd[21858]: Disconnecting: Too many authentication failures for root [preauth]
Jan  2 03:11:27 LabSZ sshd[21858]: PAM 5 more authentication failures; logname= uid=0 euid=0 tty=ssh ruser= rhost=182.100.67.120  user=root
Jan  2 03:11:27 LabSZ sshd[21858]: PAM service(sshd) ignoring max retries; 6 > 3
Jan  2 03:11:27 LabSZ sshd[21862]: Failed password for root from 218.65.30.30 port 30996 ssh2
Jan  2 03:11:29 LabSZ sshd[21860]: message repeated 5 times: [ Failed password for root from 58.242.83.25 port 25687 ssh2]
Jan  2 03:11:29 LabSZ sshd[21860]: Disconnecting: Too many authentication failures for root [preauth]
