Dec 10 11:47:55 LabSZ sshd[28517]: Received disconnect from 183.62.140.253: 11: Bye Bye [preauth]
Dec 10 11:47:55 LabSZ sshd[28519]: pam_unix(sshd:auth): authentication failure; logname= uid=0 euid=0 tty=ssh ruser= rhost=183.62.140.253  user=root
Dec 10 11:47:58 LabSZ sshd[28519]: Failed password for root from 183.62.140.253 port 44076 ssh2
Dec 10 11:47:58 LabSZ sshd[28519]: Received disconnect from 183.62.140.253: 11: Bye Bye [preauth]
Dec 10 11:47:58 LabSZ sshd[28521]: pam_unix(sshd:auth): authentication failure; logname= uid=0 euid=0 tty=ssh ruser= rhost=183.62.140.253  user=root
Dec 10 11:48:00 LabSZ sshd[28521]: Failed password for root from 183.62.140.253 port 44456 ssh2
Dec 10 11:48:00 LabSZ sshd[28521]: Received disconnect from 183.62.140.253: 11: Bye Bye [preauth]
Dec 10 11:48:00 LabSZ sshd[28525]: pam_unix(sshd:auth): authentication failure; logname= uid=0 euid=0 tty=ssh ruser= rhost=183.62.140.253  user=root
Dec 10 11:48:00 LabSZ sshd[28523]: pam_unix(sshd:auth): authentication failure; logname= uid=0 euid=0 tty=ssh ruser= rhost=180.101.249.16  user=root
Dec 10 11:48:02 LabSZ sshd[28525]: Failed password for root from 183.62.140.253 port 44827 ssh2
Dec 10 11:48:02 LabSZ sshd[28525]: Received disconnect from 183.62.140.253: 11: Bye Bye [preauth]
Dec 10 11:48:02 LabSZ sshd[28523]: Failed password for root from 180.101.249.16 port 53496 ssh2
Dec 10 11:48:02 LabSZ sshd[28527]: pam_unix(sshd:auth): authentication failure; logname= uid=0 euid=0 tty=ssh ruser= rhost=183.62.140.253  user=root
Dec 10 11:48:05 LabSZ sshd[28527]: Failed password for root from 183.62.140.253 port 45363 ssh2
Dec 10 11:48:05 LabSZ sshd[28527]: Received disconnect from 183.62.140.253: 11: Bye Bye [preauth]
Dec 10 11:48:05 LabSZ sshd[28529]: pam_unix(sshd:auth): authentication failure; logname= uid=0 euid=0 tty=ssh ruser= rhost=183.62.140.253  user=root
Dec 10 11:48:07 LabSZ sshd[28529]: Failed password for root from 183.62.140.253 port 45850 ssh2
Dec 10 11:48:07 LabSZ sshd[28529]: Received disconnect from 183.62.140.253: 11: Bye Bye [preauth]
Dec 10 11:48:07 LabSZ sshd[28531]: pam_unix(sshd:auth): authentication failure; logname= uid=0 euid=0 tty=ssh ruser= rhost=183.62.140.253  user=root
Dec 10 11:48:09 LabSZ sshd[28531]: Failed password for root from 183.62.140.253 port 46269 ssh2
Dec 10 11:48:09 LabSZ sshd[28531]: Received disconnect from 183.62.140.253: 11: Bye Bye [preauth]
Dec 10 11:48:09 LabSZ sshd[28533]: pam_unix(sshd:auth): authentication failure; logname= uid=0 euid=0 tty=ssh ruser= rhost=183.62.140.253  user=root
Dec 10 11:48:12 LabSZ sshd[28533]: Failed password for root from 183.62.140.253 port 46621 ssh2
Dec 10 11:48:12 LabSZ sshd[28533]: Received disconnect from 183.62.140.253: 11: Bye Bye [preauth]
Dec 10 11:48:12 LabSZ sshd[28535]: pam_unix(sshd:auth): authentication failure; logname= uid=0 euid=0 tty=ssh ruser= rhost=183.62.140.253  user=root
Dec 10 11:48:13 LabSZ sshd[28523]: message repeated 5 times: [ Failed password for root from 180.101.249.16 port 53496 ssh2]
Dec 10 11:48:13 LabSZ sshd[28523]: Disconnecting: Too many authentication failures for root [preauth]
Dec 10 11:48:13 LabSZ sshd[28523]: PAM 5 more authentication failures; logname= uid=0 euid=0 tty=ssh ruser= rhost=180.101.249.16  user=root
Dec 10 11:48:13 LabSZ sshd[28523]: PAM service(sshd) ignoring max retries; 6 > 3
Dec 10 11:48:14 LabSZ sshd[28535]: Failed password for root from 183.62.140.253 port 47062 ssh2
Dec 10 11:48:14 LabSZ sshd[28535]: Received disconnect from 183.62.140.253: 11: Bye Bye [preauth]
Dec 10 11:48:14 LabSZ sshd[28537]: pam_unix(sshd:auth): authentication failure; logname= uid=0 euid=0 tty=ssh ruser= rhost=183.62.140.253  user=root
Dec 10 11:48:17 LabSZ sshd[28537]: Failed password for root from 183.62.140.253 port 47538 ssh2
Dec 10 11:48:17 LabSZ sshd[28537]: Received disconnect from 183.62.140.253: 11: Bye Bye [preauth]
Dec 10 11:48:17 LabSZ sshd[28541]: pam_unix(sshd:auth): authentication failure; logname= uid=0 euid=0 tty=ssh ruser= rhost=183.62.140.253  user=root
Dec 10 11:48:17 LabSZ sshd[28539]: Invalid user admin from 121.14.7.244
Dec 10 11:48:17 LabSZ sshd[28539]: input_userauth_request: invalid user admin [preauth]
Dec 10 11:48:17 LabSZ sshd[28539]: pam_unix(sshd:auth): check pass; user unknown
Dec 10 11:48:17 LabSZ sshd[28539]: pam_unix(sshd:auth): authentication failure; logname= uid=0 euid=0 tty=ssh ruser= rhost=121.14.7.244 
Dec 10 11:48:19 LabSZ sshd[28541]: Failed password for root from 183.62.140.253 port 47966 ssh2
Dec 10 11:48:19 LabSZ sshd[28541]: Received disconnect from 183.62.140.253: 11: Bye Bye [preauth]
Dec 10 11:48:19 LabSZ sshd[28543]: pam_unix(sshd:auth): authentication failure; logname= uid=0 euid=0 tty=ssh ruser= rhost=183.62.140.253  user=root
Dec 10 11:48:19 LabSZ sshd[28539]: Failed password for invalid user admin from 121.14.7.244 port 55223 ssh2
Dec 10 11:48:19 LabSZ sshd[28539]: pam_unix(sshd:auth): check pass; user unknown
Dec 10 11:48:22 LabSZ sshd[28543]: Failed password for root from 183.62.140.253 port 48396 ssh2
Dec 10 11:48:22 LabSZ sshd[28543]: Received disconnect from 183.62.140.253: 11: Bye Bye [preauth]
Dec 10 11:48:22 LabSZ sshd[28545]: pam_unix(sshd:auth): authentication failure; logname= uid=0 euid=0 tty=ssh ruser= rhost=183.62.140.253  user=root
Dec 10 11:48:22 LabSZ sshd[28539]: Failed password for invalid user admin from 121.14.7.244 port 55223 ssh2
Dec 10 11:48:22 LabSZ sshd[28539]: pam_unix(sshd:auth): check pass; user unknown
Dec 10 11:48:24 LabSZ sshd[28545]: Failed password for root from 183.62.140.253 port 48830 ssh2
Dec 10 11:48:24 LabSZ sshd[28545]: Received disconnect from 183.62.140.253: 11: Bye Bye [preauth]
Dec 10 11:48:24 LabSZ sshd[28539]: Failed password for invalid user admin from 121.14.7.244 port 55223 ssh2
Dec 10 11:48:24 LabSZ sshd[28539]: pam_unix(sshd:auth): check pass; user unknown
Dec 10 11:48:24 LabSZ sshd[28547]: pam_unix(sshd:auth): authentication failure; logname= uid=0 euid=0 tty=ssh ruser= rhost=183.62.140.253  user=root
Dec 10 11:48:26 LabSZ sshd[28539]: Failed password for invalid user admin from 121.14.7.244 port 55223 ssh2
Dec 10 11:48:26 LabSZ sshd[28539]: pam_unix(sshd:auth): check pass; user unknown
Dec 10 11:48:26 LabSZ sshd[28547]: Failed password for root from 183.62.140.253 port 49199 ssh2
Dec 10 11:48:26 LabSZ sshd[28547]: Received disconnect from 183.62.140.253: 11: Bye Bye [preauth]
Dec 10 11:48:26 LabSZ sshd[28550]: pam_unix(sshd:auth): authentication failure; logname= uid=0 euid=0 tty=ssh ruser= rhost=183.62.140.253  user=root
Dec 10 11:48:28 LabSZ sshd[28539]: Failed password for invalid user admin from 121.14.7.244 port 55223 ssh2
Dec 10 11:48:28 LabSZ sshd[28539]: pam_unix(sshd:auth): check pass; user unknown
Dec 10 11:48:28 LabSZ sshd[28550]: Failed password for root from 183.62.140.253 port 49672 ssh2
Dec 10 11:48:28 LabSZ sshd[28550]: Received disconnect from 183.62.140.253: 11: Bye Bye [preauth]
Dec 10 11:48:28 LabSZ sshd[28552]: pam_unix(sshd:auth): authentication failure; logname= uid=0 euid=0 tty=ssh ruser= rhost=183.62.140.253  user=root
Dec 10 11:48:30 LabSZ sshd[28539]: Failed password for invalid user admin from 121.14.7.244 port 55223 ssh2
Dec 10 11:48:30 LabSZ sshd[28539]: Disconnecting: Too many authentication failures for admin [preauth]
Dec 10 11:48:30 LabSZ sshd[28539]: PAM 5 more authentication failures; logname= uid=0 euid=0 tty=ssh ruser= rhost=121.14.7.244 
Dec 10 11:48:30 LabSZ sshd[28539]: PAM service(sshd) ignoring max retries; 6 > 3
Dec 10 11:48:30 LabSZ sshd[28552]: Failed password for root from 183.62.140.253 port 50023 ssh2
Dec 10 11:48:30 LabSZ sshd[28552]: Received disconnect from 183.62.140.253: 11: Bye Bye [preauth]
Dec 10 11:48:31 LabSZ sshd[28554]: pam_unix(sshd:auth): authentication failure; logname= uid=0 euid=0 tty=ssh ruser= rhost=183.62.140.253  user=root
Dec 10 11:48:33 LabSZ sshd[28554]: Failed password for root from 183.62.140.253 port 50394 ssh2
Dec 10 11:48:33 LabSZ sshd[28554]: Received disconnect from 183.62.140.253: 11: Bye Bye [preauth]
Dec 10 11:48:33 LabSZ sshd[28556]: pam_unix(sshd:auth): authentication failure; logname= uid=0 euid=0 tty=ssh ruser= rhost=183.62.140.253  user=root
Dec 10 11:48:35 LabSZ sshd[28558]: pam_unix(sshd:auth): authentication failure; logname= uid=0 euid=0 tty=ssh ruser= rhost=119.4.203.64  user=root
Dec 10 11:48:36 LabSZ sshd[28556]: Failed password for root from 183.62.140.253 port 50850 ssh2
Dec 10 11:48:36 LabSZ sshd[28556]: Received disconnect from 183.62.140.253: 11: Bye Bye [preauth]
Dec 10 11:48:36 LabSZ sshd[28561]: pam_unix(sshd:auth): authentication failure; logname= uid=0 euid=0 tty=ssh ruser= rhost=183.62.140.253  user=root
Dec 10 11:48:37 LabSZ sshd[28558]: Failed password for root from 119.4.203.64 port 9599 ssh2
Dec 10 11:48:38 LabSZ sshd[28561]: Failed password for root from 183.62.140.253 port 51373 ssh2
Dec 10 11:48:38 LabSZ sshd[28561]: Received disconnect from 183.62.140.253: 11: Bye Bye [preauth]
Dec 10 11:48:38 LabSZ sshd[28564]: pam_unix(sshd:auth): authentication failure; logname= uid=0 euid=0 tty=ssh ruser= rhost=183.62.140.253  user=root
Dec 10 11:48:40 LabSZ sshd[28564]: Failed password for root from 183.62.140.253 port 51786 ssh2
Dec 10 11:48:40 LabSZ sshd[28564]: Received disconnect from 183.62.140.253: 11: Bye Bye [preauth]
Dec 10 11:48:40 LabSZ sshd[28566]: pam_unix(sshd:auth): authentication failure; logname= uid=0 euid=0 tty=ssh ruser= rhost=183.62.140.253  user=root
Dec 10 11:48:42 LabSZ sshd[28566]: Failed password for root from 183.62.140.253 port 52123 ssh2
Dec 10 11:48:42 LabSZ sshd[28566]: Received disconnect from 183.62.140.253: 11: Bye Bye [preauth]
Dec 10 11:48:43 LabSZ sshd[28568]: pam_unix(sshd:auth): authentication failure; logname= uid=0 euid=0 tty=ssh ruser= rhost=183.62.140.253  user=root
Dec 10 11:48:45 LabSZ sshd[28568]: Failed password for root from 183.62.140.253 port 52518 ssh2
Dec 10 11:48:45 LabSZ sshd[28568]: Received disconnect from 183.62.140.253: 11: Bye Bye [preauth]
Dec 10 11:48:45 LabSZ sshd[28570]: pam_unix(sshd:auth): authentication failure; logname= uid=0 euid=0 tty=ssh ruser= rhost=183.62.140.253  user=root
Dec 10 11:48:47 LabSZ sshd[28570]: Failed password for root from 183.62.140.253 port 52949 ssh2
Dec 10 11:48:47 LabSZ sshd[28570]: Received disconnect from 183.62.140.253: 11: Bye Bye [preauth]
Dec 10 11:48:48 LabSZ sshd[28572]: pam_unix(sshd:auth): authentication failure; logname= uid=0 euid=0 tty=ssh ruser= rhost=183.62.140.253  user=root
Dec 10 11:48:48 LabSZ sshd[28558]: message repeated 5 times: [ Failed password for root from 119.4.203.64 port 9599 ssh2]
Dec 10 11:48:48 LabSZ sshd[28558]: Disconnecting: Too many authentication failures for root [preauth]
Dec 10 11:48:48 LabSZ sshd[28558]: PAM 5 more authentication failures; logname= uid=0 euid=0 tty=ssh ruser= rhost=119.4.203.64  user=root
Dec 10 11:48:48 LabSZ sshd[28558]: PAM service(sshd) ignoring max retries; 6 > 3
Dec 10 11:48:50 LabSZ sshd[28572]: Failed password for root from 183.62.140.253 port 53446 ssh2
Dec 10 11:48:50 LabSZ sshd[28572]: Received disconnect from 183.62.140.253: 11: Bye Bye [preauth]
