Jan  3 15:55:04 LabSZ sshd[3539]: Failed password for root from 59.63.188.30 port 18090 ssh2
Jan  3 15:55:11 LabSZ sshd[3537]: message repeated 5 times: [ Failed password for root from 218.87.109.156 port 10600 ssh2]
Jan  3 15:55:11 LabSZ sshd[3537]: Disconnecting: Too many authentication failures for root [preauth]
Jan  3 15:55:11 LabSZ sshd[3537]: PAM 5 more authentication failures; logname= uid=0 euid=0 tty=ssh ruser= rhost=218.87.109.156  user=root
Jan  3 15:55:11 LabSZ sshd[3537]: PAM service(sshd) ignoring max retries; 6 > 3
Jan  3 15:55:17 LabSZ sshd[3539]: message repeated 5 times: [ Failed password for root from 59.63.188.30 port 18090 ssh2]
Jan  3 15:55:17 LabSZ sshd[3539]: Disconnecting: Too many authentication failures for root [preauth]
Jan  3 15:55:17 LabSZ sshd[3539]: PAM 5 more authentication failures; logname= uid=0 euid=0 tty=ssh ruser= rhost=59.63.188.30  user=root
Jan  3 15:55:17 LabSZ sshd[3539]: PAM service(sshd) ignoring max retries; 6 > 3
Jan  3 15:55:18 LabSZ sshd[3543]: pam_unix(sshd:auth): authentication failure; logname= uid=0 euid=0 tty=ssh ruser= rhost=59.63.188.30  user=root
Jan  3 15:55:20 LabSZ sshd[3543]: Failed password for root from 59.63.188.30 port 37261 ssh2
Jan  3 15:55:21 LabSZ sshd[3541]: pam_unix(sshd:auth): authentication failure; logname= uid=0 euid=0 tty=ssh ruser= rhost=218.87.109.156  user=root
Jan  3 15:55:23 LabSZ sshd[3541]: Failed password for root from 218.87.109.156 port 59084 ssh2
Jan  3 15:55:32 LabSZ sshd[3543]: message repeated 5 times: [ Failed password for root from 59.63.188.30 port 37261 ssh2]
Jan  3 15:55:32 LabSZ sshd[3543]: Disconnecting: Too many authentication failures for root [preauth]
Jan  3 15:55:32 LabSZ sshd[3543]: PAM 5 more authentication failures; logname= uid=0 euid=0 tty=ssh ruser= rhost=59.63.188.30  user=root
Jan  3 15:55:32 LabSZ sshd[3543]: PAM service(sshd) ignoring max retries; 6 > 3
Jan  3 15:55:33 LabSZ sshd[3545]: pam_unix(sshd:auth): authentication failure; logname= uid=0 euid=0 tty=ssh ruser= rhost=59.63.188.30  user=root
Jan  3 15:55:35 LabSZ sshd[3541]: message repeated 5 times: [ Failed password for root from 218.87.109.156 port 59084 ssh2]
Jan  3 15:55:35 LabSZ sshd[3541]: Disconnecting: Too many authentication failures for root [preauth]
Jan  3 15:55:35 LabSZ sshd[3541]: PAM 5 more authentication failures; logname= uid=0 euid=0 tty=ssh ruser= rhost=218.87.109.156  user=root
Jan  3 15:55:35 LabSZ sshd[3541]: PAM service(sshd) ignoring max retries; 6 > 3
Jan  3 15:55:35 LabSZ sshd[3545]: Failed password for root from 59.63.188.30 port 54068 ssh2
Jan  3 15:55:38 LabSZ sshd[3547]: Invalid user ubnt from 176.209.175.254
Jan  3 15:55:38 LabSZ sshd[3547]: input_userauth_request: invalid user ubnt [preauth]
Jan  3 15:55:38 LabSZ sshd[3547]: pam_unix(sshd:auth): check pass; user unknown
Jan  3 15:55:38 LabSZ sshd[3547]: pam_unix(sshd:auth): authentication failure; logname= uid=0 euid=0 tty=ssh ruser= rhost=176.209.175.254 
Jan  3 15:55:39 LabSZ sshd[3547]: Failed password for invalid user ubnt from 176.209.175.254 port 55361 ssh2
Jan  3 15:55:39 LabSZ sshd[3547]: pam_unix(sshd:auth): check pass; user unknown
Jan  3 15:55:42 LabSZ sshd[3547]: Failed password for invalid user ubnt from 176.209.175.254 port 55361 ssh2
Jan  3 15:55:42 LabSZ sshd[3548]: pam_unix(sshd:auth): authentication failure; logname= uid=0 euid=0 tty=ssh ruser= rhost=218.87.109.156  user=root
Jan  3 15:55:42 LabSZ sshd[3547]: pam_unix(sshd:auth): check pass; user unknown
Jan  3 15:55:44 LabSZ sshd[3548]: Failed password for root from 218.87.109.156 port 50850 ssh2
Jan  3 15:55:44 LabSZ sshd[3547]: Failed password for invalid user ubnt from 176.209.175.254 port 55361 ssh2
Jan  3 15:55:44 LabSZ sshd[3547]: pam_unix(sshd:auth): check pass; user unknown
Jan  3 15:55:46 LabSZ sshd[3547]: Failed password for invalid user ubnt from 176.209.175.254 port 55361 ssh2
Jan  3 15:55:46 LabSZ sshd[3547]: pam_unix(sshd:auth): check pass; user unknown
Jan  3 15:55:48 LabSZ sshd[3545]: message repeated 5 times: [ Failed password for root from 59.63.188.30 port 54068 ssh2]
Jan  3 15:55:48 LabSZ sshd[3545]: Disconnecting: Too many authentication failures for root [preauth]
Jan  3 15:55:48 LabSZ sshd[3545]: PAM 5 more authentication failures; logname= uid=0 euid=0 tty=ssh ruser= rhost=59.63.188.30  user=root
Jan  3 15:55:48 LabSZ sshd[3545]: PAM service(sshd) ignoring max retries; 6 > 3
Jan  3 15:55:48 LabSZ sshd[3547]: Failed password for invalid user ubnt from 176.209.175.254 port 55361 ssh2
Jan  3 15:55:48 LabSZ sshd[3547]: pam_unix(sshd:auth): check pass; user unknown
Jan  3 15:55:49 LabSZ sshd[3551]: pam_unix(sshd:auth): authentication failure; logname= uid=0 euid=0 tty=ssh ruser= rhost=59.63.188.30  user=root
Jan  3 15:55:50 LabSZ sshd[3547]: Failed password for invalid user ubnt from 176.209.175.254 port 55361 ssh2
Jan  3 15:55:50 LabSZ sshd[3547]: Disconnecting: Too many authentication failures for ubnt [preauth]
Jan  3 15:55:50 LabSZ sshd[3547]: PAM 5 more authentication failures; logname= uid=0 euid=0 tty=ssh ruser= rhost=176.209.175.254 
Jan  3 15:55:50 LabSZ sshd[3547]: PAM service(sshd) ignoring max retries; 6 > 3
Jan  3 15:55:51 LabSZ sshd[3551]: Failed password for root from 59.63.188.30 port 7179 ssh2
Jan  3 15:55:56 LabSZ sshd[3548]: message repeated 5 times: [ Failed password for root from 218.87.109.156 port 50850 ssh2]
Jan  3 15:55:56 LabSZ sshd[3548]: Disconnecting: Too many authentication failures for root [preauth]
Jan  3 15:55:56 LabSZ sshd[3548]: PAM 5 more authentication failures; logname= uid=0 euid=0 tty=ssh ruser= rhost=218.87.109.156  user=root
Jan  3 15:55:56 LabSZ sshd[3548]: PAM service(sshd) ignoring max retries; 6 > 3
Jan  3 15:55:58 LabSZ sshd[3553]: pam_unix(sshd:auth): authentication failure; logname= uid=0 euid=0 tty=ssh ruser= rhost=218.87.109.156  user=root
Jan  3 15:55:59 LabSZ sshd[3553]: Failed password for root from 218.87.109.156 port 37174 ssh2
Jan  3 15:56:04 LabSZ sshd[3551]: message repeated 5 times: [ Failed password for root from 59.63.188.30 port 7179 ssh2]
Jan  3 15:56:04 LabSZ sshd[3551]: Disconnecting: Too many authentication failures for root [preauth]
Jan  3 15:56:04 LabSZ sshd[3551]: PAM 5 more authentication failures; logname= uid=0 euid=0 tty=ssh ruser= rhost=59.63.188.30  user=root
Jan  3 15:56:04 LabSZ sshd[3551]: PAM service(sshd) ignoring max retries; 6 > 3
Jan  3 15:56:05 LabSZ sshd[3555]: pam_unix(sshd:auth): authentication failure; logname= uid=0 euid=0 tty=ssh ruser= rhost=59.63.188.30  user=root
Jan  3 15:56:07 LabSZ sshd[3555]: Failed password for root from 59.63.188.30 port 25442 ssh2
Jan  3 15:56:11 LabSZ sshd[3553]: message repeated 5 times: [ Failed password for root from 218.87.109.156 port 37174 ssh2]
Jan  3 15:56:11 LabSZ sshd[3553]: Disconnecting: Too many authentication failures for root [preauth]
Jan  3 15:56:11 LabSZ sshd[3553]: PAM 5 more authentication failures; logname= uid=0 euid=0 tty=ssh ruser= rhost=218.87.109.156  user=root
Jan  3 15:56:11 LabSZ sshd[3553]: PAM service(sshd) ignoring max retries; 6 > 3
Jan  3 15:56:14 LabSZ sshd[3557]: pam_unix(sshd:auth): authentication failure; logname= uid=0 euid=0 tty=ssh ruser= rhost=218.87.109.156  user=root
Jan  3 15:56:16 LabSZ sshd[3557]: Failed password for root from 218.87.109.156 port 7928 ssh2
Jan  3 15:56:19 LabSZ sshd[3555]: message repeated 5 times: [ Failed password for root from 59.63.188.30 port 25442 ssh2]
Jan  3 15:56:19 LabSZ sshd[3555]: Disconnecting: Too many authentication failures for root [preauth]
Jan  3 15:56:19 LabSZ sshd[3555]: PAM 5 more authentication failures; logname= uid=0 euid=0 tty=ssh ruser= rhost=59.63.188.30  user=root
Jan  3 15:56:19 LabSZ sshd[3555]: PAM service(sshd) ignoring max retries; 6 > 3
Jan  3 15:56:20 LabSZ sshd[3559]: pam_unix(sshd:auth): authentication failure; logname= uid=0 euid=0 tty=ssh ruser= rhost=59.63.188.30  user=root
Jan  3 15:56:21 LabSZ sshd[3559]: Failed password for root from 59.63.188.30 port 41557 ssh2
Jan  3 15:56:30 LabSZ sshd[3557]: message repeated 5 times: [ Failed password for root from 218.87.109.156 port 7928 ssh2]
Jan  3 15:56:30 LabSZ sshd[3557]: Disconnecting: Too many authentication failures for root [preauth]
Jan  3 15:56:30 LabSZ sshd[3557]: PAM 5 more authentication failures; logname= uid=0 euid=0 tty=ssh ruser= rhost=218.87.109.156  user=root
Jan  3 15:56:30 LabSZ sshd[3557]: PAM service(sshd) ignoring max retries; 6 > 3
Jan  3 15:56:36 LabSZ sshd[3559]: message repeated 5 times: [ Failed password for root from 59.63.188.30 port 41557 ssh2]
Jan  3 15:56:36 LabSZ sshd[3559]: Disconnecting: Too many authentication failures for root [preauth]
Jan  3 15:56:36 LabSZ sshd[3559]: PAM 5 more authentication failures; logname= uid=0 euid=0 tty=ssh ruser= rhost=59.63.188.30  user=root
Jan  3 15:56:36 LabSZ sshd[3559]: PAM service(sshd) ignoring max retries; 6 > 3
Jan  3 15:56:36 LabSZ sshd[3561]: pam_unix(sshd:auth): authentication failure; logname= uid=0 euid=0 tty=ssh ruser= rhost=218.87.109.156  user=root
Jan  3 15:56:37 LabSZ sshd[3563]: pam_unix(sshd:auth): authentication failure; logname= uid=0 euid=0 tty=ssh ruser= rhost=59.63.188.30  user=root
Jan  3 15:56:38 LabSZ sshd[3561]: Failed password for root from 218.87.109.156 port 51996 ssh2
Jan  3 15:56:39 LabSZ sshd[3563]: Failed password for root from 59.63.188.30 port 60853 ssh2
Jan  3 15:56:50 LabSZ sshd[3561]: message repeated 5 times: [ Failed password for root from 218.87.109.156 port 51996 ssh2]
Jan  3 15:56:50 LabSZ sshd[3561]: Disconnecting: Too many authentication failures for root [preauth]
Jan  3 15:56:50 LabSZ sshd[3561]: PAM 5 more authentication failures; logname= uid=0 euid=0 tty=ssh ruser= rhost=218.87.109.156  user=root
Jan  3 15:56:50 LabSZ sshd[3561]: PAM service(sshd) ignoring max retries; 6 > 3
Jan  3 15:56:52 LabSZ sshd[3563]: message repeated 5 times: [ Failed password for root from 59.63.188.30 port 60853 ssh2]
Jan  3 15:56:52 LabSZ sshd[3563]: Disconnecting: Too many authentication failures for root [preauth]
Jan  3 15:56:52 LabSZ sshd[3563]: PAM 5 more authentication failures; logname= uid=0 euid=0 tty=ssh ruser= rhost=59.63.188.30  user=root
Jan  3 15:56:52 LabSZ sshd[3563]: PAM service(sshd) ignoring max retries; 6 > 3
Jan  3 15:56:54 LabSZ sshd[3567]: pam_unix(sshd:auth): authentication failure; logname= uid=0 euid=0 tty=ssh ruser= rhost=59.63.188.30  user=root
Jan  3 15:56:56 LabSZ sshd[3567]: Failed password for root from 59.63.188.30 port 14632 ssh2
Jan  3 15:57:01 LabSZ sshd[3565]: pam_unix(sshd:auth): authentication failure; logname= uid=0 euid=0 tty=ssh ruser= rhost=218.87.109.156  user=root
Jan  3 15:57:03 LabSZ sshd[3565]: Failed password for root from 218.87.109.156 port 34806 ssh2
Jan  3 15:57:09 LabSZ sshd[3567]: message repeated 5 times: [ Failed password for root from 59.63.188.30 port 14632 ssh2]
Jan  3 15:57:09 LabSZ sshd[3567]: Disconnecting: Too many authentication failures for root [preauth]
Jan  3 15:57:09 LabSZ sshd[3567]: PAM 5 more authentication failures; logname= uid=0 euid=0 tty=ssh ruser= rhost=59.63.188.30  user=root
