Jan  4 06:04:33 LabSZ sshd[20040]: PAM 5 more authentication failures; logname= uid=0 euid=0 tty=ssh ruser= rhost=59.63.188.30  user=root
Jan  4 06:04:33 LabSZ sshd[20040]: PAM service(sshd) ignoring max retries; 6 > 3
Jan  4 06:04:33 LabSZ sshd[20038]: message repeated 5 times: [ Failed password for root from 59.63.188.30 port 38248 ssh2]
Jan  4 06:04:33 LabSZ sshd[20038]: Disconnecting: Too many authentication failures for root [preauth]
Jan  4 06:04:33 LabSZ sshd[20038]: PAM 5 more authentication failures; logname= uid=0 euid=0 tty=ssh ruser= rhost=59.63.188.30  user=root
Jan  4 06:04:33 LabSZ sshd[20038]: PAM service(sshd) ignoring max retries; 6 > 3
Jan  4 06:04:35 LabSZ sshd[20050]: pam_unix(sshd:auth): authentication failure; logname= uid=0 euid=0 tty=ssh ruser= rhost=59.63.188.30  user=root
Jan  4 06:04:35 LabSZ sshd[20052]: pam_unix(sshd:auth): authentication failure; logname= uid=0 euid=0 tty=ssh ruser= rhost=59.63.188.30  user=root
Jan  4 06:04:36 LabSZ sshd[20048]: pam_unix(sshd:auth): authentication failure; logname= uid=0 euid=0 tty=ssh ruser= rhost=182.100.67.52  user=root
Jan  4 06:04:36 LabSZ sshd[20050]: Failed password for root from 59.63.188.30 port 58410 ssh2
Jan  4 06:04:37 LabSZ sshd[20052]: Failed password for root from 59.63.188.30 port 58504 ssh2
Jan  4 06:04:38 LabSZ sshd[20054]: reverse mapping checking getaddrinfo for hn.kd.ny.adsl [115.52.81.125] failed - POSSIBLE BREAK-IN ATTEMPT!
Jan  4 06:04:38 LabSZ sshd[20054]: pam_unix(sshd:auth): authentication failure; logname= uid=0 euid=0 tty=ssh ruser= rhost=115.52.81.125  user=root
Jan  4 06:04:38 LabSZ sshd[20048]: Failed password for root from 182.100.67.52 port 52230 ssh2
Jan  4 06:04:39 LabSZ sshd[20056]: reverse mapping checking getaddrinfo for hn.kd.ny.adsl [115.52.81.125] failed - POSSIBLE BREAK-IN ATTEMPT!
Jan  4 06:04:39 LabSZ sshd[20056]: Invalid user pi from 115.52.81.125
Jan  4 06:04:39 LabSZ sshd[20056]: input_userauth_request: invalid user pi [preauth]
Jan  4 06:04:39 LabSZ sshd[20056]: pam_unix(sshd:auth): check pass; user unknown
Jan  4 06:04:39 LabSZ sshd[20056]: pam_unix(sshd:auth): authentication failure; logname= uid=0 euid=0 tty=ssh ruser= rhost=115.52.81.125 
Jan  4 06:04:40 LabSZ sshd[20054]: Failed password for root from 115.52.81.125 port 40899 ssh2
Jan  4 06:04:42 LabSZ sshd[20056]: Failed password for invalid user pi from 115.52.81.125 port 40893 ssh2
Jan  4 06:04:42 LabSZ sshd[20056]: pam_unix(sshd:auth): check pass; user unknown
Jan  4 06:04:44 LabSZ sshd[20056]: Failed password for invalid user pi from 115.52.81.125 port 40893 ssh2
Jan  4 06:04:44 LabSZ sshd[20056]: pam_unix(sshd:auth): check pass; user unknown
Jan  4 06:04:46 LabSZ sshd[20056]: Failed password for invalid user pi from 115.52.81.125 port 40893 ssh2
Jan  4 06:04:46 LabSZ sshd[20056]: pam_unix(sshd:auth): check pass; user unknown
Jan  4 06:04:47 LabSZ sshd[20046]: message repeated 5 times: [ Failed password for root from 218.87.109.156 port 10948 ssh2]
Jan  4 06:04:47 LabSZ sshd[20046]: Disconnecting: Too many authentication failures for root [preauth]
Jan  4 06:04:47 LabSZ sshd[20046]: PAM 5 more authentication failures; logname= uid=0 euid=0 tty=ssh ruser= rhost=218.87.109.156  user=root
Jan  4 06:04:47 LabSZ sshd[20046]: PAM service(sshd) ignoring max retries; 6 > 3
Jan  4 06:04:49 LabSZ sshd[20056]: Failed password for invalid user pi from 115.52.81.125 port 40893 ssh2
Jan  4 06:04:49 LabSZ sshd[20056]: pam_unix(sshd:auth): check pass; user unknown
Jan  4 06:04:49 LabSZ sshd[20050]: message repeated 5 times: [ Failed password for root from 59.63.188.30 port 58410 ssh2]
Jan  4 06:04:49 LabSZ sshd[20050]: Disconnecting: Too many authentication failures for root [preauth]
Jan  4 06:04:49 LabSZ sshd[20050]: PAM 5 more authentication failures; logname= uid=0 euid=0 tty=ssh ruser= rhost=59.63.188.30  user=root
Jan  4 06:04:49 LabSZ sshd[20050]: PAM service(sshd) ignoring max retries; 6 > 3
Jan  4 06:04:49 LabSZ sshd[20058]: pam_unix(sshd:auth): authentication failure; logname= uid=0 euid=0 tty=ssh ruser= rhost=218.87.109.156  user=root
Jan  4 06:04:50 LabSZ sshd[20060]: pam_unix(sshd:auth): authentication failure; logname= uid=0 euid=0 tty=ssh ruser= rhost=59.63.188.30  user=root
Jan  4 06:04:51 LabSZ sshd[20054]: message repeated 5 times: [ Failed password for root from 115.52.81.125 port 40899 ssh2]
Jan  4 06:04:51 LabSZ sshd[20054]: Disconnecting: Too many authentication failures for root [preauth]
Jan  4 06:04:51 LabSZ sshd[20054]: PAM 5 more authentication failures; logname= uid=0 euid=0 tty=ssh ruser= rhost=115.52.81.125  user=root
Jan  4 06:04:51 LabSZ sshd[20054]: PAM service(sshd) ignoring max retries; 6 > 3
Jan  4 06:04:51 LabSZ sshd[20056]: Failed password for invalid user pi from 115.52.81.125 port 40893 ssh2
Jan  4 06:04:51 LabSZ sshd[20056]: pam_unix(sshd:auth): check pass; user unknown
Jan  4 06:04:51 LabSZ sshd[20058]: Failed password for root from 218.87.109.156 port 47610 ssh2
Jan  4 06:04:53 LabSZ sshd[20060]: Failed password for root from 59.63.188.30 port 14719 ssh2
Jan  4 06:04:53 LabSZ sshd[20056]: Failed password for invalid user pi from 115.52.81.125 port 40893 ssh2
Jan  4 06:04:53 LabSZ sshd[20056]: Disconnecting: Too many authentication failures for pi [preauth]
Jan  4 06:04:53 LabSZ sshd[20056]: PAM 5 more authentication failures; logname= uid=0 euid=0 tty=ssh ruser= rhost=115.52.81.125 
Jan  4 06:04:53 LabSZ sshd[20056]: PAM service(sshd) ignoring max retries; 6 > 3
Jan  4 06:04:54 LabSZ sshd[20048]: message repeated 5 times: [ Failed password for root from 182.100.67.52 port 52230 ssh2]
Jan  4 06:04:54 LabSZ sshd[20048]: Disconnecting: Too many authentication failures for root [preauth]
Jan  4 06:04:54 LabSZ sshd[20048]: PAM 5 more authentication failures; logname= uid=0 euid=0 tty=ssh ruser= rhost=182.100.67.52  user=root
Jan  4 06:04:54 LabSZ sshd[20048]: PAM service(sshd) ignoring max retries; 6 > 3
Jan  4 06:04:55 LabSZ sshd[20062]: pam_unix(sshd:auth): authentication failure; logname= uid=0 euid=0 tty=ssh ruser= rhost=182.100.67.52  user=root
Jan  4 06:04:56 LabSZ sshd[20052]: message repeated 5 times: [ Failed password for root from 59.63.188.30 port 58504 ssh2]
Jan  4 06:04:56 LabSZ sshd[20052]: Disconnecting: Too many authentication failures for root [preauth]
Jan  4 06:04:56 LabSZ sshd[20052]: PAM 5 more authentication failures; logname= uid=0 euid=0 tty=ssh ruser= rhost=59.63.188.30  user=root
Jan  4 06:04:56 LabSZ sshd[20052]: PAM service(sshd) ignoring max retries; 6 > 3
Jan  4 06:04:57 LabSZ sshd[20062]: Failed password for root from 182.100.67.52 port 33254 ssh2
Jan  4 06:04:57 LabSZ sshd[20064]: pam_unix(sshd:auth): authentication failure; logname= uid=0 euid=0 tty=ssh ruser= rhost=59.63.188.30  user=root
Jan  4 06:04:59 LabSZ sshd[20064]: Failed password for root from 59.63.188.30 port 17120 ssh2
Jan  4 06:05:06 LabSZ sshd[20060]: message repeated 5 times: [ Failed password for root from 59.63.188.30 port 14719 ssh2]
Jan  4 06:05:06 LabSZ sshd[20060]: Disconnecting: Too many authentication failures for root [preauth]
Jan  4 06:05:06 LabSZ sshd[20060]: PAM 5 more authentication failures; logname= uid=0 euid=0 tty=ssh ruser= rhost=59.63.188.30  user=root
Jan  4 06:05:06 LabSZ sshd[20060]: PAM service(sshd) ignoring max retries; 6 > 3
Jan  4 06:05:07 LabSZ sshd[20066]: pam_unix(sshd:auth): authentication failure; logname= uid=0 euid=0 tty=ssh ruser= rhost=59.63.188.30  user=root
Jan  4 06:05:09 LabSZ sshd[20066]: Failed password for root from 59.63.188.30 port 36363 ssh2
Jan  4 06:05:12 LabSZ sshd[20062]: message repeated 5 times: [ Failed password for root from 182.100.67.52 port 33254 ssh2]
Jan  4 06:05:12 LabSZ sshd[20062]: Disconnecting: Too many authentication failures for root [preauth]
Jan  4 06:05:12 LabSZ sshd[20062]: PAM 5 more authentication failures; logname= uid=0 euid=0 tty=ssh ruser= rhost=182.100.67.52  user=root
Jan  4 06:05:12 LabSZ sshd[20062]: PAM service(sshd) ignoring max retries; 6 > 3
Jan  4 06:05:13 LabSZ sshd[20064]: message repeated 5 times: [ Failed password for root from 59.63.188.30 port 17120 ssh2]
Jan  4 06:05:13 LabSZ sshd[20064]: Disconnecting: Too many authentication failures for root [preauth]
Jan  4 06:05:13 LabSZ sshd[20064]: PAM 5 more authentication failures; logname= uid=0 euid=0 tty=ssh ruser= rhost=59.63.188.30  user=root
Jan  4 06:05:13 LabSZ sshd[20064]: PAM service(sshd) ignoring max retries; 6 > 3
Jan  4 06:05:14 LabSZ sshd[20070]: pam_unix(sshd:auth): authentication failure; logname= uid=0 euid=0 tty=ssh ruser= rhost=59.63.188.30  user=root
Jan  4 06:05:15 LabSZ sshd[20068]: pam_unix(sshd:auth): authentication failure; logname= uid=0 euid=0 tty=ssh ruser= rhost=182.100.67.52  user=root
Jan  4 06:05:16 LabSZ sshd[20070]: Failed password for root from 59.63.188.30 port 38910 ssh2
Jan  4 06:05:17 LabSZ sshd[20068]: Failed password for root from 182.100.67.52 port 7104 ssh2
Jan  4 06:05:18 LabSZ sshd[20072]: pam_unix(sshd:auth): authentication failure; logname= uid=0 euid=0 tty=ssh ruser= rhost=218.87.109.156  user=root
Jan  4 06:05:20 LabSZ sshd[20072]: Failed password for root from 218.87.109.156 port 45114 ssh2
Jan  4 06:05:22 LabSZ sshd[20066]: message repeated 5 times: [ Failed password for root from 59.63.188.30 port 36363 ssh2]
Jan  4 06:05:22 LabSZ sshd[20066]: Disconnecting: Too many authentication failures for root [preauth]
Jan  4 06:05:22 LabSZ sshd[20066]: PAM 5 more authentication failures; logname= uid=0 euid=0 tty=ssh ruser= rhost=59.63.188.30  user=root
Jan  4 06:05:22 LabSZ sshd[20066]: PAM service(sshd) ignoring max retries; 6 > 3
Jan  4 06:05:27 LabSZ sshd[20058]: message repeated 5 times: [ Failed password for root from 218.87.109.156 port 47610 ssh2]
Jan  4 06:05:27 LabSZ sshd[20058]: Disconnecting: Too many authentication failures for root [preauth]
Jan  4 06:05:27 LabSZ sshd[20058]: PAM 5 more authentication failures; logname= uid=0 euid=0 tty=ssh ruser= rhost=218.87.109.156  user=root
Jan  4 06:05:27 LabSZ sshd[20058]: PAM service(sshd) ignoring max retries; 6 > 3
Jan  4 06:05:27 LabSZ sshd[20074]: pam_unix(sshd:auth): authentication failure; logname= uid=0 euid=0 tty=ssh ruser= rhost=59.63.188.30  user=root
Jan  4 06:05:29 LabSZ sshd[20070]: message repeated 5 times: [ Failed password for root from 59.63.188.30 port 38910 ssh2]
Jan  4 06:05:29 LabSZ sshd[20070]: Disconnecting: Too many authentication failures for root [preauth]
Jan  4 06:05:29 LabSZ sshd[20070]: PAM 5 more authentication failures; logname= uid=0 euid=0 tty=ssh ruser= rhost=59.63.188.30  user=root
Jan  4 06:05:29 LabSZ sshd[20070]: PAM service(sshd) ignoring max retries; 6 > 3
Jan  4 06:05:30 LabSZ sshd[20074]: Failed password for root from 59.63.188.30 port 49917 ssh2
Jan  4 06:05:30 LabSZ sshd[20068]: message repeated 5 times: [ Failed password for root from 182.100.67.52 port 7104 ssh2]
Jan  4 06:05:30 LabSZ sshd[20068]: Disconnecting: Too many authentication failures for root [preauth]
Jan  4 06:05:30 LabSZ sshd[20068]: PAM 5 more authentication failures; logname= uid=0 euid=0 tty=ssh ruser= rhost=182.100.67.52  user=root
Jan  4 06:05:30 LabSZ sshd[20068]: PAM service(sshd) ignoring max retries; 6 > 3
