Jan  4 16:53:39 LabSZ sshd[3189]: PAM service(sshd) ignoring max retries; 6 > 3
Jan  4 16:53:40 LabSZ sshd[3210]: pam_unix(sshd:auth): authentication failure; logname= uid=0 euid=0 tty=ssh ruser= rhost=218.4.104.194  user=root
Jan  4 16:53:41 LabSZ sshd[3212]: pam_unix(sshd:auth): authentication failure; logname= uid=0 euid=0 tty=ssh ruser= rhost=59.63.188.30  user=root
Jan  4 16:53:42 LabSZ sshd[3210]: Failed password for root from 218.4.104.194 port 29807 ssh2
Jan  4 16:53:42 LabSZ sshd[3210]: Received disconnect from 218.4.104.194: 11: Bye Bye [preauth]
Jan  4 16:53:42 LabSZ sshd[3214]: Invalid user danny from 218.4.104.194
Jan  4 16:53:42 LabSZ sshd[3214]: input_userauth_request: invalid user danny [preauth]
Jan  4 16:53:42 LabSZ sshd[3214]: pam_unix(sshd:auth): check pass; user unknown
Jan  4 16:53:42 LabSZ sshd[3214]: pam_unix(sshd:auth): authentication failure; logname= uid=0 euid=0 tty=ssh ruser= rhost=218.4.104.194 
Jan  4 16:53:42 LabSZ sshd[3212]: Failed password for root from 59.63.188.30 port 17281 ssh2
Jan  4 16:53:44 LabSZ sshd[3209]: Invalid user admin from 5.188.10.156
Jan  4 16:53:44 LabSZ sshd[3209]: input_userauth_request: invalid user admin [preauth]
Jan  4 16:53:44 LabSZ sshd[3209]: Failed none for invalid user admin from 5.188.10.156 port 55597 ssh2
Jan  4 16:53:44 LabSZ sshd[3214]: Failed password for invalid user danny from 218.4.104.194 port 30073 ssh2
Jan  4 16:53:44 LabSZ sshd[3214]: Received disconnect from 218.4.104.194: 11: Bye Bye [preauth]
Jan  4 16:53:44 LabSZ sshd[3209]: Connection closed by 5.188.10.156 [preauth]
Jan  4 16:53:45 LabSZ sshd[3217]: Invalid user alex from 218.4.104.194
Jan  4 16:53:45 LabSZ sshd[3217]: input_userauth_request: invalid user alex [preauth]
Jan  4 16:53:45 LabSZ sshd[3217]: pam_unix(sshd:auth): check pass; user unknown
Jan  4 16:53:45 LabSZ sshd[3217]: pam_unix(sshd:auth): authentication failure; logname= uid=0 euid=0 tty=ssh ruser= rhost=218.4.104.194 
Jan  4 16:53:47 LabSZ sshd[3217]: Failed password for invalid user alex from 218.4.104.194 port 30407 ssh2
Jan  4 16:53:47 LabSZ sshd[3217]: Received disconnect from 218.4.104.194: 11: Bye Bye [preauth]
Jan  4 16:53:47 LabSZ sshd[3220]: Invalid user brett from 218.4.104.194
Jan  4 16:53:47 LabSZ sshd[3220]: input_userauth_request: invalid user brett [preauth]
Jan  4 16:53:47 LabSZ sshd[3220]: pam_unix(sshd:auth): check pass; user unknown
Jan  4 16:53:47 LabSZ sshd[3220]: pam_unix(sshd:auth): authentication failure; logname= uid=0 euid=0 tty=ssh ruser= rhost=218.4.104.194 
Jan  4 16:53:48 LabSZ sshd[3201]: message repeated 5 times: [ Failed password for root from 59.63.188.30 port 7393 ssh2]
Jan  4 16:53:48 LabSZ sshd[3201]: Disconnecting: Too many authentication failures for root [preauth]
Jan  4 16:53:48 LabSZ sshd[3201]: PAM 5 more authentication failures; logname= uid=0 euid=0 tty=ssh ruser= rhost=59.63.188.30  user=root
Jan  4 16:53:48 LabSZ sshd[3201]: PAM service(sshd) ignoring max retries; 6 > 3
Jan  4 16:53:49 LabSZ sshd[3222]: pam_unix(sshd:auth): authentication failure; logname= uid=0 euid=0 tty=ssh ruser= rhost=59.63.188.30  user=root
Jan  4 16:53:50 LabSZ sshd[3220]: Failed password for invalid user brett from 218.4.104.194 port 30711 ssh2
Jan  4 16:53:50 LabSZ sshd[3220]: Received disconnect from 218.4.104.194: 11: Bye Bye [preauth]
Jan  4 16:53:50 LabSZ sshd[3225]: Invalid user mike from 218.4.104.194
Jan  4 16:53:50 LabSZ sshd[3225]: input_userauth_request: invalid user mike [preauth]
Jan  4 16:53:50 LabSZ sshd[3225]: pam_unix(sshd:auth): check pass; user unknown
Jan  4 16:53:50 LabSZ sshd[3225]: pam_unix(sshd:auth): authentication failure; logname= uid=0 euid=0 tty=ssh ruser= rhost=218.4.104.194 
Jan  4 16:53:52 LabSZ sshd[3222]: Failed password for root from 59.63.188.30 port 28087 ssh2
Jan  4 16:53:52 LabSZ sshd[3219]: Invalid user admin from 5.188.10.156
Jan  4 16:53:52 LabSZ sshd[3219]: input_userauth_request: invalid user admin [preauth]
Jan  4 16:53:52 LabSZ sshd[3219]: pam_unix(sshd:auth): check pass; user unknown
Jan  4 16:53:52 LabSZ sshd[3219]: pam_unix(sshd:auth): authentication failure; logname= uid=0 euid=0 tty=ssh ruser= rhost=5.188.10.156 
Jan  4 16:53:53 LabSZ sshd[3225]: Failed password for invalid user mike from 218.4.104.194 port 30989 ssh2
Jan  4 16:53:53 LabSZ sshd[3225]: Received disconnect from 218.4.104.194: 11: Bye Bye [preauth]
Jan  4 16:53:53 LabSZ sshd[3227]: Invalid user alan from 218.4.104.194
Jan  4 16:53:53 LabSZ sshd[3227]: input_userauth_request: invalid user alan [preauth]
Jan  4 16:53:53 LabSZ sshd[3227]: pam_unix(sshd:auth): check pass; user unknown
Jan  4 16:53:53 LabSZ sshd[3227]: pam_unix(sshd:auth): authentication failure; logname= uid=0 euid=0 tty=ssh ruser= rhost=218.4.104.194 
Jan  4 16:53:54 LabSZ sshd[3219]: Failed password for invalid user admin from 5.188.10.156 port 52338 ssh2
Jan  4 16:53:54 LabSZ sshd[3219]: pam_unix(sshd:auth): check pass; user unknown
Jan  4 16:53:55 LabSZ sshd[3227]: Failed password for invalid user alan from 218.4.104.194 port 31335 ssh2
Jan  4 16:53:55 LabSZ sshd[3227]: Received disconnect from 218.4.104.194: 11: Bye Bye [preauth]
Jan  4 16:53:55 LabSZ sshd[3229]: Invalid user data from 218.4.104.194
Jan  4 16:53:55 LabSZ sshd[3229]: input_userauth_request: invalid user data [preauth]
Jan  4 16:53:55 LabSZ sshd[3229]: pam_unix(sshd:auth): check pass; user unknown
Jan  4 16:53:55 LabSZ sshd[3229]: pam_unix(sshd:auth): authentication failure; logname= uid=0 euid=0 tty=ssh ruser= rhost=218.4.104.194 
Jan  4 16:53:56 LabSZ sshd[3212]: message repeated 5 times: [ Failed password for root from 59.63.188.30 port 17281 ssh2]
Jan  4 16:53:56 LabSZ sshd[3212]: Disconnecting: Too many authentication failures for root [preauth]
Jan  4 16:53:56 LabSZ sshd[3212]: PAM 5 more authentication failures; logname= uid=0 euid=0 tty=ssh ruser= rhost=59.63.188.30  user=root
Jan  4 16:53:56 LabSZ sshd[3212]: PAM service(sshd) ignoring max retries; 6 > 3
Jan  4 16:53:57 LabSZ sshd[3219]: Failed password for invalid user admin from 5.188.10.156 port 52338 ssh2
Jan  4 16:53:57 LabSZ sshd[3219]: pam_unix(sshd:auth): check pass; user unknown
Jan  4 16:53:57 LabSZ sshd[3229]: Failed password for invalid user data from 218.4.104.194 port 31599 ssh2
Jan  4 16:53:57 LabSZ sshd[3229]: Received disconnect from 218.4.104.194: 11: Bye Bye [preauth]
Jan  4 16:53:57 LabSZ sshd[3231]: pam_unix(sshd:auth): authentication failure; logname= uid=0 euid=0 tty=ssh ruser= rhost=59.63.188.30  user=root
Jan  4 16:53:57 LabSZ sshd[3233]: pam_unix(sshd:auth): authentication failure; logname= uid=0 euid=0 tty=ssh ruser= rhost=218.4.104.194  user=www-data
Jan  4 16:53:59 LabSZ sshd[3219]: Failed password for invalid user admin from 5.188.10.156 port 52338 ssh2
Jan  4 16:54:00 LabSZ sshd[3231]: Failed password for root from 59.63.188.30 port 37489 ssh2
Jan  4 16:54:00 LabSZ sshd[3233]: Failed password for www-data from 218.4.104.194 port 31843 ssh2
Jan  4 16:54:00 LabSZ sshd[3233]: Received disconnect from 218.4.104.194: 11: Bye Bye [preauth]
Jan  4 16:54:00 LabSZ sshd[3219]: pam_unix(sshd:auth): check pass; user unknown
Jan  4 16:54:00 LabSZ sshd[3235]: Invalid user http from 218.4.104.194
Jan  4 16:54:00 LabSZ sshd[3235]: input_userauth_request: invalid user http [preauth]
Jan  4 16:54:00 LabSZ sshd[3235]: pam_unix(sshd:auth): check pass; user unknown
Jan  4 16:54:00 LabSZ sshd[3235]: pam_unix(sshd:auth): authentication failure; logname= uid=0 euid=0 tty=ssh ruser= rhost=218.4.104.194 
Jan  4 16:54:02 LabSZ sshd[3219]: Failed password for invalid user admin from 5.188.10.156 port 52338 ssh2
Jan  4 16:54:02 LabSZ sshd[3235]: Failed password for invalid user http from 218.4.104.194 port 32145 ssh2
Jan  4 16:54:02 LabSZ sshd[3235]: Received disconnect from 218.4.104.194: 11: Bye Bye [preauth]
Jan  4 16:54:03 LabSZ sshd[3237]: Invalid user httpd from 218.4.104.194
Jan  4 16:54:03 LabSZ sshd[3237]: input_userauth_request: invalid user httpd [preauth]
Jan  4 16:54:03 LabSZ sshd[3237]: pam_unix(sshd:auth): check pass; user unknown
Jan  4 16:54:03 LabSZ sshd[3237]: pam_unix(sshd:auth): authentication failure; logname= uid=0 euid=0 tty=ssh ruser= rhost=218.4.104.194 
Jan  4 16:54:03 LabSZ sshd[3219]: pam_unix(sshd:auth): check pass; user unknown
Jan  4 16:54:04 LabSZ sshd[3237]: Failed password for invalid user httpd from 218.4.104.194 port 32405 ssh2
Jan  4 16:54:04 LabSZ sshd[3237]: Received disconnect from 218.4.104.194: 11: Bye Bye [preauth]
Jan  4 16:54:05 LabSZ sshd[3219]: Failed password for invalid user admin from 5.188.10.156 port 52338 ssh2
Jan  4 16:54:05 LabSZ sshd[3239]: Invalid user pop from 218.4.104.194
Jan  4 16:54:05 LabSZ sshd[3239]: input_userauth_request: invalid user pop [preauth]
Jan  4 16:54:05 LabSZ sshd[3239]: pam_unix(sshd:auth): check pass; user unknown
Jan  4 16:54:05 LabSZ sshd[3239]: pam_unix(sshd:auth): authentication failure; logname= uid=0 euid=0 tty=ssh ruser= rhost=218.4.104.194 
Jan  4 16:54:05 LabSZ sshd[3222]: message repeated 5 times: [ Failed password for root from 59.63.188.30 port 28087 ssh2]
Jan  4 16:54:05 LabSZ sshd[3222]: Disconnecting: Too many authentication failures for root [preauth]
Jan  4 16:54:05 LabSZ sshd[3222]: PAM 5 more authentication failures; logname= uid=0 euid=0 tty=ssh ruser= rhost=59.63.188.30  user=root
Jan  4 16:54:05 LabSZ sshd[3222]: PAM service(sshd) ignoring max retries; 6 > 3
Jan  4 16:54:05 LabSZ sshd[3219]: Connection closed by 5.188.10.156 [preauth]
Jan  4 16:54:05 LabSZ sshd[3219]: PAM 4 more authentication failures; logname= uid=0 euid=0 tty=ssh ruser= rhost=5.188.10.156 
Jan  4 16:54:05 LabSZ sshd[3219]: PAM service(sshd) ignoring max retries; 5 > 3
Jan  4 16:54:06 LabSZ sshd[3243]: pam_unix(sshd:auth): authentication failure; logname= uid=0 euid=0 tty=ssh ruser= rhost=59.63.188.30  user=root
Jan  4 16:54:07 LabSZ sshd[3239]: Failed password for invalid user pop from 218.4.104.194 port 32663 ssh2
Jan  4 16:54:07 LabSZ sshd[3239]: Received disconnect from 218.4.104.194: 11: Bye Bye [preauth]
