Jan  3 23:27:40 LabSZ sshd[10188]: Disconnecting: Too many authentication failures for root [preauth]
Jan  3 23:27:40 LabSZ sshd[10188]: PAM 5 more authentication failures; logname= uid=0 euid=0 tty=ssh ruser= rhost=218.87.109.156  user=root
Jan  3 23:27:40 LabSZ sshd[10188]: PAM service(sshd) ignoring max retries; 6 > 3
Jan  3 23:27:41 LabSZ sshd[10192]: pam_unix(sshd:auth): authentication failure; logname= uid=0 euid=0 tty=ssh ruser= rhost=218.87.109.156  user=root
Jan  3 23:27:42 LabSZ sshd[10190]: message repeated 5 times: [ Failed password for root from 59.63.188.30 port 4519 ssh2]
Jan  3 23:27:42 LabSZ sshd[10190]: Disconnecting: Too many authentication failures for root [preauth]
Jan  3 23:27:42 LabSZ sshd[10190]: PAM 5 more authentication failures; logname= uid=0 euid=0 tty=ssh ruser= rhost=59.63.188.30  user=root
Jan  3 23:27:42 LabSZ sshd[10190]: PAM service(sshd) ignoring max retries; 6 > 3
Jan  3 23:27:43 LabSZ sshd[10194]: pam_unix(sshd:auth): authentication failure; logname= uid=0 euid=0 tty=ssh ruser= rhost=59.63.188.30  user=root
Jan  3 23:27:44 LabSZ sshd[10192]: Failed password for root from 218.87.109.156 port 39744 ssh2
Jan  3 23:27:45 LabSZ sshd[10194]: Failed password for root from 59.63.188.30 port 21738 ssh2
Jan  3 23:27:56 LabSZ sshd[10196]: Invalid user  0101 from 5.188.10.182
Jan  3 23:27:56 LabSZ sshd[10196]: input_userauth_request: invalid user  0101 [preauth]
Jan  3 23:27:56 LabSZ sshd[10196]: pam_unix(sshd:auth): check pass; user unknown
Jan  3 23:27:56 LabSZ sshd[10196]: pam_unix(sshd:auth): authentication failure; logname= uid=0 euid=0 tty=ssh ruser= rhost=5.188.10.182 
Jan  3 23:27:58 LabSZ sshd[10192]: message repeated 5 times: [ Failed password for root from 218.87.109.156 port 39744 ssh2]
Jan  3 23:27:58 LabSZ sshd[10192]: Disconnecting: Too many authentication failures for root [preauth]
Jan  3 23:27:58 LabSZ sshd[10192]: PAM 5 more authentication failures; logname= uid=0 euid=0 tty=ssh ruser= rhost=218.87.109.156  user=root
Jan  3 23:27:58 LabSZ sshd[10192]: PAM service(sshd) ignoring max retries; 6 > 3
Jan  3 23:27:58 LabSZ sshd[10194]: message repeated 5 times: [ Failed password for root from 59.63.188.30 port 21738 ssh2]
Jan  3 23:27:58 LabSZ sshd[10194]: Disconnecting: Too many authentication failures for root [preauth]
Jan  3 23:27:58 LabSZ sshd[10194]: PAM 5 more authentication failures; logname= uid=0 euid=0 tty=ssh ruser= rhost=59.63.188.30  user=root
Jan  3 23:27:58 LabSZ sshd[10194]: PAM service(sshd) ignoring max retries; 6 > 3
Jan  3 23:27:58 LabSZ sshd[10196]: Failed password for invalid user  0101 from 5.188.10.182 port 54572 ssh2
Jan  3 23:27:59 LabSZ sshd[10198]: pam_unix(sshd:auth): authentication failure; logname= uid=0 euid=0 tty=ssh ruser= rhost=218.87.109.156  user=root
Jan  3 23:27:59 LabSZ sshd[10200]: pam_unix(sshd:auth): authentication failure; logname= uid=0 euid=0 tty=ssh ruser= rhost=59.63.188.30  user=root
Jan  3 23:28:01 LabSZ sshd[10198]: Failed password for root from 218.87.109.156 port 18090 ssh2
Jan  3 23:28:01 LabSZ sshd[10200]: Failed password for root from 59.63.188.30 port 39069 ssh2
Jan  3 23:28:09 LabSZ sshd[10196]: Connection closed by 5.188.10.182 [preauth]
Jan  3 23:28:13 LabSZ sshd[10198]: message repeated 5 times: [ Failed password for root from 218.87.109.156 port 18090 ssh2]
Jan  3 23:28:13 LabSZ sshd[10198]: Disconnecting: Too many authentication failures for root [preauth]
Jan  3 23:28:13 LabSZ sshd[10198]: PAM 5 more authentication failures; logname= uid=0 euid=0 tty=ssh ruser= rhost=218.87.109.156  user=root
Jan  3 23:28:13 LabSZ sshd[10198]: PAM service(sshd) ignoring max retries; 6 > 3
Jan  3 23:28:13 LabSZ sshd[10200]: message repeated 5 times: [ Failed password for root from 59.63.188.30 port 39069 ssh2]
Jan  3 23:28:13 LabSZ sshd[10200]: Disconnecting: Too many authentication failures for root [preauth]
Jan  3 23:28:13 LabSZ sshd[10200]: PAM 5 more authentication failures; logname= uid=0 euid=0 tty=ssh ruser= rhost=59.63.188.30  user=root
Jan  3 23:28:13 LabSZ sshd[10200]: PAM service(sshd) ignoring max retries; 6 > 3
Jan  3 23:28:14 LabSZ sshd[10203]: pam_unix(sshd:auth): authentication failure; logname= uid=0 euid=0 tty=ssh ruser= rhost=218.87.109.156  user=root
Jan  3 23:28:15 LabSZ sshd[10205]: pam_unix(sshd:auth): authentication failure; logname= uid=0 euid=0 tty=ssh ruser= rhost=59.63.188.30  user=root
Jan  3 23:28:16 LabSZ sshd[10203]: Failed password for root from 218.87.109.156 port 54488 ssh2
Jan  3 23:28:17 LabSZ sshd[10205]: Failed password for root from 59.63.188.30 port 56501 ssh2
Jan  3 23:28:23 LabSZ sshd[10202]: Invalid user 0 from 5.188.10.182
Jan  3 23:28:23 LabSZ sshd[10202]: input_userauth_request: invalid user 0 [preauth]
Jan  3 23:28:23 LabSZ sshd[10202]: Failed none for invalid user 0 from 5.188.10.182 port 33483 ssh2
Jan  3 23:28:24 LabSZ sshd[10202]: pam_unix(sshd:auth): check pass; user unknown
Jan  3 23:28:24 LabSZ sshd[10202]: pam_unix(sshd:auth): authentication failure; logname= uid=0 euid=0 tty=ssh ruser= rhost=5.188.10.182 
Jan  3 23:28:25 LabSZ sshd[10202]: Failed password for invalid user 0 from 5.188.10.182 port 33483 ssh2
Jan  3 23:28:27 LabSZ sshd[10202]: Connection closed by 5.188.10.182 [preauth]
Jan  3 23:28:29 LabSZ sshd[10203]: message repeated 5 times: [ Failed password for root from 218.87.109.156 port 54488 ssh2]
Jan  3 23:28:29 LabSZ sshd[10203]: Disconnecting: Too many authentication failures for root [preauth]
Jan  3 23:28:29 LabSZ sshd[10203]: PAM 5 more authentication failures; logname= uid=0 euid=0 tty=ssh ruser= rhost=218.87.109.156  user=root
Jan  3 23:28:29 LabSZ sshd[10203]: PAM service(sshd) ignoring max retries; 6 > 3
Jan  3 23:28:29 LabSZ sshd[10205]: message repeated 5 times: [ Failed password for root from 59.63.188.30 port 56501 ssh2]
Jan  3 23:28:29 LabSZ sshd[10205]: Disconnecting: Too many authentication failures for root [preauth]
Jan  3 23:28:29 LabSZ sshd[10205]: PAM 5 more authentication failures; logname= uid=0 euid=0 tty=ssh ruser= rhost=59.63.188.30  user=root
Jan  3 23:28:29 LabSZ sshd[10205]: PAM service(sshd) ignoring max retries; 6 > 3
Jan  3 23:28:30 LabSZ sshd[10211]: pam_unix(sshd:auth): authentication failure; logname= uid=0 euid=0 tty=ssh ruser= rhost=59.63.188.30  user=root
Jan  3 23:28:32 LabSZ sshd[10211]: Failed password for root from 59.63.188.30 port 9703 ssh2
Jan  3 23:28:32 LabSZ sshd[10209]: pam_unix(sshd:auth): authentication failure; logname= uid=0 euid=0 tty=ssh ruser= rhost=218.87.109.156  user=root
Jan  3 23:28:34 LabSZ sshd[10209]: Failed password for root from 218.87.109.156 port 27294 ssh2
Jan  3 23:28:39 LabSZ sshd[10208]: Invalid user 1234 from 5.188.10.182
Jan  3 23:28:39 LabSZ sshd[10208]: input_userauth_request: invalid user 1234 [preauth]
Jan  3 23:28:39 LabSZ sshd[10208]: pam_unix(sshd:auth): check pass; user unknown
Jan  3 23:28:39 LabSZ sshd[10208]: pam_unix(sshd:auth): authentication failure; logname= uid=0 euid=0 tty=ssh ruser= rhost=5.188.10.182 
Jan  3 23:28:41 LabSZ sshd[10208]: Failed password for invalid user 1234 from 5.188.10.182 port 57575 ssh2
Jan  3 23:28:42 LabSZ sshd[10208]: Connection closed by 5.188.10.182 [preauth]
Jan  3 23:28:45 LabSZ sshd[10211]: message repeated 5 times: [ Failed password for root from 59.63.188.30 port 9703 ssh2]
Jan  3 23:28:45 LabSZ sshd[10211]: Disconnecting: Too many authentication failures for root [preauth]
Jan  3 23:28:45 LabSZ sshd[10211]: PAM 5 more authentication failures; logname= uid=0 euid=0 tty=ssh ruser= rhost=59.63.188.30  user=root
Jan  3 23:28:45 LabSZ sshd[10211]: PAM service(sshd) ignoring max retries; 6 > 3
Jan  3 23:28:46 LabSZ sshd[10215]: pam_unix(sshd:auth): authentication failure; logname= uid=0 euid=0 tty=ssh ruser= rhost=59.63.188.30  user=root
Jan  3 23:28:48 LabSZ sshd[10209]: message repeated 5 times: [ Failed password for root from 218.87.109.156 port 27294 ssh2]
Jan  3 23:28:48 LabSZ sshd[10209]: Disconnecting: Too many authentication failures for root [preauth]
Jan  3 23:28:48 LabSZ sshd[10209]: PAM 5 more authentication failures; logname= uid=0 euid=0 tty=ssh ruser= rhost=218.87.109.156  user=root
Jan  3 23:28:48 LabSZ sshd[10209]: PAM service(sshd) ignoring max retries; 6 > 3
Jan  3 23:28:48 LabSZ sshd[10215]: Failed password for root from 59.63.188.30 port 26804 ssh2
Jan  3 23:28:49 LabSZ sshd[10218]: pam_unix(sshd:auth): authentication failure; logname= uid=0 euid=0 tty=ssh ruser= rhost=218.87.109.156  user=root
Jan  3 23:28:49 LabSZ sshd[10214]: Invalid user admin from 5.188.10.182
Jan  3 23:28:49 LabSZ sshd[10214]: input_userauth_request: invalid user admin [preauth]
Jan  3 23:28:49 LabSZ sshd[10214]: Failed none for invalid user admin from 5.188.10.182 port 53260 ssh2
Jan  3 23:28:49 LabSZ sshd[10214]: Connection closed by 5.188.10.182 [preauth]
Jan  3 23:28:51 LabSZ sshd[10218]: Failed password for root from 218.87.109.156 port 7832 ssh2
Jan  3 23:28:58 LabSZ sshd[10220]: Did not receive identification string from 5.188.10.182
Jan  3 23:29:02 LabSZ sshd[10215]: message repeated 5 times: [ Failed password for root from 59.63.188.30 port 26804 ssh2]
Jan  3 23:29:02 LabSZ sshd[10215]: Disconnecting: Too many authentication failures for root [preauth]
Jan  3 23:29:02 LabSZ sshd[10215]: PAM 5 more authentication failures; logname= uid=0 euid=0 tty=ssh ruser= rhost=59.63.188.30  user=root
Jan  3 23:29:02 LabSZ sshd[10215]: PAM service(sshd) ignoring max retries; 6 > 3
Jan  3 23:29:03 LabSZ sshd[10221]: pam_unix(sshd:auth): authentication failure; logname= uid=0 euid=0 tty=ssh ruser= rhost=59.63.188.30  user=root
Jan  3 23:29:05 LabSZ sshd[10218]: message repeated 5 times: [ Failed password for root from 218.87.109.156 port 7832 ssh2]
Jan  3 23:29:05 LabSZ sshd[10218]: Disconnecting: Too many authentication failures for root [preauth]
Jan  3 23:29:05 LabSZ sshd[10218]: PAM 5 more authentication failures; logname= uid=0 euid=0 tty=ssh ruser= rhost=218.87.109.156  user=root
Jan  3 23:29:05 LabSZ sshd[10218]: PAM service(sshd) ignoring max retries; 6 > 3
Jan  3 23:29:06 LabSZ sshd[10221]: Failed password for root from 59.63.188.30 port 45468 ssh2
Jan  3 23:29:11 LabSZ sshd[10223]: pam_unix(sshd:auth): authentication failure; logname= uid=0 euid=0 tty=ssh ruser= rhost=218.87.109.156  user=root
Jan  3 23:29:14 LabSZ sshd[10223]: Failed password for root from 218.87.109.156 port 48210 ssh2
Jan  3 23:29:19 LabSZ sshd[10221]: message repeated 5 times: [ Failed password for root from 59.63.188.30 port 45468 ssh2]
Jan  3 23:29:19 LabSZ sshd[10221]: Disconnecting: Too many authentication failures for root [preauth]
Jan  3 23:29:19 LabSZ sshd[10221]: PAM 5 more authentication failures; logname= uid=0 euid=0 tty=ssh ruser= rhost=59.63.188.30  user=root
Jan  3 23:29:19 LabSZ sshd[10221]: PAM service(sshd) ignoring max retries; 6 > 3
Jan  3 23:29:21 LabSZ sshd[10227]: pam_unix(sshd:auth): authentication failure; logname= uid=0 euid=0 tty=ssh ruser= rhost=59.63.188.30  user=root
