Jan  4 06:41:20 LabSZ sshd[21240]: Disconnecting: Too many authentication failures for root [preauth]
Jan  4 06:41:20 LabSZ sshd[21240]: PAM 5 more authentication failures; logname= uid=0 euid=0 tty=ssh ruser= rhost=182.100.67.52  user=root
Jan  4 06:41:20 LabSZ sshd[21240]: PAM service(sshd) ignoring max retries; 6 > 3
Jan  4 06:41:21 LabSZ sshd[21249]: Invalid user test from 5.188.10.182
Jan  4 06:41:21 LabSZ sshd[21249]: input_userauth_request: invalid user test [preauth]
Jan  4 06:41:21 LabSZ sshd[21249]: pam_unix(sshd:auth): check pass; user unknown
Jan  4 06:41:21 LabSZ sshd[21249]: pam_unix(sshd:auth): authentication failure; logname= uid=0 euid=0 tty=ssh ruser= rhost=5.188.10.182 
Jan  4 06:41:21 LabSZ sshd[21247]: pam_unix(sshd:auth): authentication failure; logname= uid=0 euid=0 tty=ssh ruser= rhost=59.63.188.30  user=root
Jan  4 06:41:24 LabSZ sshd[21249]: Failed password for invalid user test from 5.188.10.182 port 44182 ssh2
Jan  4 06:41:24 LabSZ sshd[21247]: Failed password for root from 59.63.188.30 port 22928 ssh2
Jan  4 06:41:24 LabSZ sshd[21251]: pam_unix(sshd:auth): authentication failure; logname= uid=0 euid=0 tty=ssh ruser= rhost=182.100.67.52  user=root
Jan  4 06:41:26 LabSZ sshd[21249]: Connection closed by 5.188.10.182 [preauth]
Jan  4 06:41:26 LabSZ sshd[21251]: Failed password for root from 182.100.67.52 port 25248 ssh2
Jan  4 06:41:27 LabSZ sshd[21243]: message repeated 5 times: [ Failed password for root from 59.63.188.30 port 6733 ssh2]
Jan  4 06:41:27 LabSZ sshd[21243]: Disconnecting: Too many authentication failures for root [preauth]
Jan  4 06:41:27 LabSZ sshd[21243]: PAM 5 more authentication failures; logname= uid=0 euid=0 tty=ssh ruser= rhost=59.63.188.30  user=root
Jan  4 06:41:27 LabSZ sshd[21243]: PAM service(sshd) ignoring max retries; 6 > 3
Jan  4 06:41:28 LabSZ sshd[21255]: pam_unix(sshd:auth): authentication failure; logname= uid=0 euid=0 tty=ssh ruser= rhost=59.63.188.30  user=root
Jan  4 06:41:29 LabSZ sshd[21253]: Invalid user ubnt from 5.188.10.182
Jan  4 06:41:29 LabSZ sshd[21253]: input_userauth_request: invalid user ubnt [preauth]
Jan  4 06:41:29 LabSZ sshd[21253]: pam_unix(sshd:auth): check pass; user unknown
Jan  4 06:41:29 LabSZ sshd[21253]: pam_unix(sshd:auth): authentication failure; logname= uid=0 euid=0 tty=ssh ruser= rhost=5.188.10.182 
Jan  4 06:41:30 LabSZ sshd[21255]: Failed password for root from 59.63.188.30 port 28176 ssh2
Jan  4 06:41:31 LabSZ sshd[21253]: Failed password for invalid user ubnt from 5.188.10.182 port 41257 ssh2
Jan  4 06:41:32 LabSZ sshd[21253]: Connection closed by 5.188.10.182 [preauth]
Jan  4 06:41:38 LabSZ sshd[21247]: message repeated 5 times: [ Failed password for root from 59.63.188.30 port 22928 ssh2]
Jan  4 06:41:38 LabSZ sshd[21247]: Disconnecting: Too many authentication failures for root [preauth]
Jan  4 06:41:38 LabSZ sshd[21247]: PAM 5 more authentication failures; logname= uid=0 euid=0 tty=ssh ruser= rhost=59.63.188.30  user=root
Jan  4 06:41:38 LabSZ sshd[21247]: PAM service(sshd) ignoring max retries; 6 > 3
Jan  4 06:41:39 LabSZ sshd[21257]: Invalid user user from 5.188.10.182
Jan  4 06:41:39 LabSZ sshd[21257]: input_userauth_request: invalid user user [preauth]
Jan  4 06:41:39 LabSZ sshd[21257]: pam_unix(sshd:auth): check pass; user unknown
Jan  4 06:41:39 LabSZ sshd[21257]: pam_unix(sshd:auth): authentication failure; logname= uid=0 euid=0 tty=ssh ruser= rhost=5.188.10.182 
Jan  4 06:41:41 LabSZ sshd[21257]: Failed password for invalid user user from 5.188.10.182 port 59961 ssh2
Jan  4 06:41:42 LabSZ sshd[21261]: pam_unix(sshd:auth): authentication failure; logname= uid=0 euid=0 tty=ssh ruser= rhost=218.87.109.156  user=root
Jan  4 06:41:42 LabSZ sshd[21257]: Connection closed by 5.188.10.182 [preauth]
Jan  4 06:41:43 LabSZ sshd[21251]: message repeated 5 times: [ Failed password for root from 182.100.67.52 port 25248 ssh2]
Jan  4 06:41:43 LabSZ sshd[21251]: Disconnecting: Too many authentication failures for root [preauth]
Jan  4 06:41:43 LabSZ sshd[21251]: PAM 5 more authentication failures; logname= uid=0 euid=0 tty=ssh ruser= rhost=182.100.67.52  user=root
Jan  4 06:41:43 LabSZ sshd[21251]: PAM service(sshd) ignoring max retries; 6 > 3
Jan  4 06:41:43 LabSZ sshd[21255]: message repeated 5 times: [ Failed password for root from 59.63.188.30 port 28176 ssh2]
Jan  4 06:41:43 LabSZ sshd[21255]: Disconnecting: Too many authentication failures for root [preauth]
Jan  4 06:41:43 LabSZ sshd[21255]: PAM 5 more authentication failures; logname= uid=0 euid=0 tty=ssh ruser= rhost=59.63.188.30  user=root
Jan  4 06:41:43 LabSZ sshd[21255]: PAM service(sshd) ignoring max retries; 6 > 3
Jan  4 06:41:44 LabSZ sshd[21264]: pam_unix(sshd:auth): authentication failure; logname= uid=0 euid=0 tty=ssh ruser= rhost=182.100.67.52  user=root
Jan  4 06:41:44 LabSZ sshd[21259]: pam_unix(sshd:auth): authentication failure; logname= uid=0 euid=0 tty=ssh ruser= rhost=59.63.188.30  user=root
Jan  4 06:41:44 LabSZ sshd[21261]: Failed password for root from 218.87.109.156 port 50380 ssh2
Jan  4 06:41:44 LabSZ sshd[21266]: pam_unix(sshd:auth): authentication failure; logname= uid=0 euid=0 tty=ssh ruser= rhost=59.63.188.30  user=root
Jan  4 06:41:47 LabSZ sshd[21264]: Failed password for root from 182.100.67.52 port 8884 ssh2
Jan  4 06:41:47 LabSZ sshd[21259]: Failed password for root from 59.63.188.30 port 39444 ssh2
Jan  4 06:41:47 LabSZ sshd[21266]: Failed password for root from 59.63.188.30 port 49583 ssh2
Jan  4 06:41:51 LabSZ sshd[21263]: Did not receive identification string from 5.188.10.182
Jan  4 06:42:00 LabSZ sshd[21261]: message repeated 5 times: [ Failed password for root from 218.87.109.156 port 50380 ssh2]
Jan  4 06:42:00 LabSZ sshd[21261]: Disconnecting: Too many authentication failures for root [preauth]
Jan  4 06:42:00 LabSZ sshd[21261]: PAM 5 more authentication failures; logname= uid=0 euid=0 tty=ssh ruser= rhost=218.87.109.156  user=root
Jan  4 06:42:00 LabSZ sshd[21261]: PAM service(sshd) ignoring max retries; 6 > 3
Jan  4 06:42:00 LabSZ sshd[21264]: message repeated 5 times: [ Failed password for root from 182.100.67.52 port 8884 ssh2]
Jan  4 06:42:00 LabSZ sshd[21264]: Disconnecting: Too many authentication failures for root [preauth]
Jan  4 06:42:00 LabSZ sshd[21264]: PAM 5 more authentication failures; logname= uid=0 euid=0 tty=ssh ruser= rhost=182.100.67.52  user=root
Jan  4 06:42:00 LabSZ sshd[21264]: PAM service(sshd) ignoring max retries; 6 > 3
Jan  4 06:42:00 LabSZ sshd[21259]: message repeated 5 times: [ Failed password for root from 59.63.188.30 port 39444 ssh2]
Jan  4 06:42:00 LabSZ sshd[21259]: Disconnecting: Too many authentication failures for root [preauth]
Jan  4 06:42:00 LabSZ sshd[21259]: PAM 5 more authentication failures; logname= uid=0 euid=0 tty=ssh ruser= rhost=59.63.188.30  user=root
Jan  4 06:42:00 LabSZ sshd[21259]: PAM service(sshd) ignoring max retries; 6 > 3
Jan  4 06:42:00 LabSZ sshd[21266]: message repeated 5 times: [ Failed password for root from 59.63.188.30 port 49583 ssh2]
Jan  4 06:42:00 LabSZ sshd[21266]: Disconnecting: Too many authentication failures for root [preauth]
Jan  4 06:42:00 LabSZ sshd[21266]: PAM 5 more authentication failures; logname= uid=0 euid=0 tty=ssh ruser= rhost=59.63.188.30  user=root
Jan  4 06:42:00 LabSZ sshd[21266]: PAM service(sshd) ignoring max retries; 6 > 3
Jan  4 06:42:01 LabSZ sshd[21268]: pam_unix(sshd:auth): authentication failure; logname= uid=0 euid=0 tty=ssh ruser= rhost=218.87.109.156  user=root
Jan  4 06:42:01 LabSZ sshd[21271]: pam_unix(sshd:auth): authentication failure; logname= uid=0 euid=0 tty=ssh ruser= rhost=59.63.188.30  user=root
Jan  4 06:42:01 LabSZ sshd[21270]: pam_unix(sshd:auth): authentication failure; logname= uid=0 euid=0 tty=ssh ruser= rhost=182.100.67.52  user=root
Jan  4 06:42:01 LabSZ sshd[21274]: pam_unix(sshd:auth): authentication failure; logname= uid=0 euid=0 tty=ssh ruser= rhost=59.63.188.30  user=root
Jan  4 06:42:03 LabSZ sshd[21268]: Failed password for root from 218.87.109.156 port 25922 ssh2
Jan  4 06:42:03 LabSZ sshd[21271]: Failed password for root from 59.63.188.30 port 60473 ssh2
Jan  4 06:42:03 LabSZ sshd[21270]: Failed password for root from 182.100.67.52 port 45164 ssh2
Jan  4 06:42:04 LabSZ sshd[21274]: Failed password for root from 59.63.188.30 port 60647 ssh2
Jan  4 06:42:17 LabSZ sshd[21271]: message repeated 5 times: [ Failed password for root from 59.63.188.30 port 60473 ssh2]
Jan  4 06:42:17 LabSZ sshd[21271]: Disconnecting: Too many authentication failures for root [preauth]
Jan  4 06:42:17 LabSZ sshd[21271]: PAM 5 more authentication failures; logname= uid=0 euid=0 tty=ssh ruser= rhost=59.63.188.30  user=root
Jan  4 06:42:17 LabSZ sshd[21271]: PAM service(sshd) ignoring max retries; 6 > 3
Jan  4 06:42:17 LabSZ sshd[21268]: message repeated 5 times: [ Failed password for root from 218.87.109.156 port 25922 ssh2]
Jan  4 06:42:17 LabSZ sshd[21268]: Disconnecting: Too many authentication failures for root [preauth]
Jan  4 06:42:17 LabSZ sshd[21268]: PAM 5 more authentication failures; logname= uid=0 euid=0 tty=ssh ruser= rhost=218.87.109.156  user=root
Jan  4 06:42:17 LabSZ sshd[21268]: PAM service(sshd) ignoring max retries; 6 > 3
Jan  4 06:42:17 LabSZ sshd[21274]: message repeated 5 times: [ Failed password for root from 59.63.188.30 port 60647 ssh2]
Jan  4 06:42:17 LabSZ sshd[21274]: Disconnecting: Too many authentication failures for root [preauth]
Jan  4 06:42:17 LabSZ sshd[21274]: PAM 5 more authentication failures; logname= uid=0 euid=0 tty=ssh ruser= rhost=59.63.188.30  user=root
Jan  4 06:42:17 LabSZ sshd[21274]: PAM service(sshd) ignoring max retries; 6 > 3
Jan  4 06:42:17 LabSZ sshd[21270]: message repeated 5 times: [ Failed password for root from 182.100.67.52 port 45164 ssh2]
Jan  4 06:42:17 LabSZ sshd[21270]: Disconnecting: Too many authentication failures for root [preauth]
Jan  4 06:42:17 LabSZ sshd[21270]: PAM 5 more authentication failures; logname= uid=0 euid=0 tty=ssh ruser= rhost=182.100.67.52  user=root
Jan  4 06:42:17 LabSZ sshd[21270]: PAM service(sshd) ignoring max retries; 6 > 3
Jan  4 06:42:19 LabSZ sshd[21276]: pam_unix(sshd:auth): authentication failure; logname= uid=0 euid=0 tty=ssh ruser= rhost=59.63.188.30  user=root
Jan  4 06:42:19 LabSZ sshd[21278]: pam_unix(sshd:auth): authentication failure; logname= uid=0 euid=0 tty=ssh ruser= rhost=218.87.109.156  user=root
Jan  4 06:42:19 LabSZ sshd[21282]: pam_unix(sshd:auth): authentication failure; logname= uid=0 euid=0 tty=ssh ruser= rhost=182.100.67.52  user=root
Jan  4 06:42:19 LabSZ sshd[21280]: pam_unix(sshd:auth): authentication failure; logname= uid=0 euid=0 tty=ssh ruser= rhost=59.63.188.30  user=root
Jan  4 06:42:21 LabSZ sshd[21276]: Failed password for root from 59.63.188.30 port 15729 ssh2
Jan  4 06:42:21 LabSZ sshd[21278]: Failed password for root from 218.87.109.156 port 59758 ssh2
Jan  4 06:42:21 LabSZ sshd[21282]: Failed password for root from 182.100.67.52 port 16118 ssh2
Jan  4 06:42:21 LabSZ sshd[21280]: Failed password for root from 59.63.188.30 port 16216 ssh2
