Dec 16 20:00:03 LabSZ sshd[4219]: Connection closed by 183.238.178.195 [preauth]
Dec 16 20:00:03 LabSZ sshd[4221]: pam_unix(sshd:auth): authentication failure; logname= uid=0 euid=0 tty=ssh ruser= rhost=183.238.178.195  user=root
Dec 16 20:00:05 LabSZ sshd[4223]: Invalid user linuxsj from 115.71.16.143
Dec 16 20:00:05 LabSZ sshd[4223]: input_userauth_request: invalid user linuxsj [preauth]
Dec 16 20:00:05 LabSZ sshd[4223]: pam_unix(sshd:auth): check pass; user unknown
Dec 16 20:00:05 LabSZ sshd[4223]: pam_unix(sshd:auth): authentication failure; logname= uid=0 euid=0 tty=ssh ruser= rhost=115.71.16.143 
Dec 16 20:00:05 LabSZ sshd[4215]: Failed password for root from 159.203.87.8 port 47406 ssh2
Dec 16 20:00:05 LabSZ sshd[4221]: Failed password for root from 183.238.178.195 port 19766 ssh2
Dec 16 20:00:05 LabSZ sshd[4221]: Connection closed by 183.238.178.195 [preauth]
Dec 16 20:00:05 LabSZ sshd[4215]: Received disconnect from 159.203.87.8: 11: Bye Bye [preauth]
Dec 16 20:00:05 LabSZ sshd[4225]: pam_unix(sshd:auth): authentication failure; logname= uid=0 euid=0 tty=ssh ruser= rhost=183.238.178.195  user=root
Dec 16 20:00:06 LabSZ sshd[4223]: Failed password for invalid user linuxsj from 115.71.16.143 port 56373 ssh2
Dec 16 20:00:06 LabSZ sshd[4223]: Received disconnect from 115.71.16.143: 11: Bye Bye [preauth]
Dec 16 20:00:07 LabSZ sshd[4225]: Failed password for root from 183.238.178.195 port 20387 ssh2
Dec 16 20:00:07 LabSZ sshd[4225]: Connection closed by 183.238.178.195 [preauth]
Dec 16 20:00:07 LabSZ sshd[4229]: pam_unix(sshd:auth): authentication failure; logname= uid=0 euid=0 tty=ssh ruser= rhost=183.238.178.195  user=root
Dec 16 20:00:08 LabSZ sshd[4227]: Invalid user 1234 from 159.203.87.8
Dec 16 20:00:08 LabSZ sshd[4227]: input_userauth_request: invalid user 1234 [preauth]
Dec 16 20:00:08 LabSZ sshd[4227]: pam_unix(sshd:auth): check pass; user unknown
Dec 16 20:00:08 LabSZ sshd[4227]: pam_unix(sshd:auth): authentication failure; logname= uid=0 euid=0 tty=ssh ruser= rhost=159.203.87.8 
Dec 16 20:00:09 LabSZ sshd[4229]: Failed password for root from 183.238.178.195 port 20861 ssh2
Dec 16 20:00:09 LabSZ sshd[4229]: Connection closed by 183.238.178.195 [preauth]
Dec 16 20:00:10 LabSZ sshd[4231]: pam_unix(sshd:auth): authentication failure; logname= uid=0 euid=0 tty=ssh ruser= rhost=183.238.178.195  user=root
Dec 16 20:00:11 LabSZ sshd[4227]: Failed password for invalid user 1234 from 159.203.87.8 port 54764 ssh2
Dec 16 20:00:11 LabSZ sshd[4227]: Received disconnect from 159.203.87.8: 11: Bye Bye [preauth]
Dec 16 20:00:12 LabSZ sshd[4231]: Failed password for root from 183.238.178.195 port 21455 ssh2
Dec 16 20:00:12 LabSZ sshd[4231]: Connection closed by 183.238.178.195 [preauth]
Dec 16 20:00:12 LabSZ sshd[4235]: pam_unix(sshd:auth): authentication failure; logname= uid=0 euid=0 tty=ssh ruser= rhost=183.238.178.195  user=root
Dec 16 20:00:14 LabSZ sshd[4233]: Invalid user  from 159.203.87.8
Dec 16 20:00:14 LabSZ sshd[4233]: input_userauth_request: invalid user  [preauth]
Dec 16 20:00:14 LabSZ sshd[4233]: pam_unix(sshd:auth): check pass; user unknown
Dec 16 20:00:14 LabSZ sshd[4233]: pam_unix(sshd:auth): authentication failure; logname= uid=0 euid=0 tty=ssh ruser= rhost=159.203.87.8 
Dec 16 20:00:14 LabSZ sshd[4235]: Failed password for root from 183.238.178.195 port 22139 ssh2
Dec 16 20:00:14 LabSZ sshd[4235]: Connection closed by 183.238.178.195 [preauth]
Dec 16 20:00:14 LabSZ sshd[4237]: pam_unix(sshd:auth): authentication failure; logname= uid=0 euid=0 tty=ssh ruser= rhost=183.238.178.195  user=root
Dec 16 20:00:16 LabSZ sshd[4233]: Failed password for invalid user  from 159.203.87.8 port 60796 ssh2
Dec 16 20:00:16 LabSZ sshd[4237]: Failed password for root from 183.238.178.195 port 22615 ssh2
Dec 16 20:00:16 LabSZ sshd[4237]: Connection closed by 183.238.178.195 [preauth]
Dec 16 20:00:16 LabSZ sshd[4239]: pam_unix(sshd:auth): authentication failure; logname= uid=0 euid=0 tty=ssh ruser= rhost=183.238.178.195  user=root
Dec 16 20:00:16 LabSZ sshd[4233]: Received disconnect from 159.203.87.8: 11: Bye Bye [preauth]
Dec 16 20:00:18 LabSZ sshd[4241]: Invalid user  from 159.203.87.8
Dec 16 20:00:18 LabSZ sshd[4241]: input_userauth_request: invalid user  [preauth]
Dec 16 20:00:18 LabSZ sshd[4241]: pam_unix(sshd:auth): check pass; user unknown
Dec 16 20:00:18 LabSZ sshd[4241]: pam_unix(sshd:auth): authentication failure; logname= uid=0 euid=0 tty=ssh ruser= rhost=159.203.87.8 
Dec 16 20:00:19 LabSZ sshd[4239]: Failed password for root from 183.238.178.195 port 23195 ssh2
Dec 16 20:00:19 LabSZ sshd[4239]: Connection closed by 183.238.178.195 [preauth]
Dec 16 20:00:19 LabSZ sshd[4243]: pam_unix(sshd:auth): authentication failure; logname= uid=0 euid=0 tty=ssh ruser= rhost=183.238.178.195  user=root
Dec 16 20:00:20 LabSZ sshd[4241]: Failed password for invalid user  from 159.203.87.8 port 37920 ssh2
Dec 16 20:00:21 LabSZ sshd[4241]: Received disconnect from 159.203.87.8: 11: Bye Bye [preauth]
Dec 16 20:00:21 LabSZ sshd[4243]: Failed password for root from 183.238.178.195 port 23919 ssh2
Dec 16 20:00:21 LabSZ sshd[4243]: Connection closed by 183.238.178.195 [preauth]
Dec 16 20:00:21 LabSZ sshd[4245]: pam_unix(sshd:auth): authentication failure; logname= uid=0 euid=0 tty=ssh ruser= rhost=183.238.178.195  user=root
Dec 16 20:00:23 LabSZ sshd[4245]: Failed password for root from 183.238.178.195 port 24466 ssh2
Dec 16 20:00:23 LabSZ sshd[4245]: Connection closed by 183.238.178.195 [preauth]
Dec 16 20:00:23 LabSZ sshd[4249]: pam_unix(sshd:auth): authentication failure; logname= uid=0 euid=0 tty=ssh ruser= rhost=183.238.178.195  user=root
Dec 16 20:00:23 LabSZ sshd[4247]: pam_unix(sshd:auth): authentication failure; logname= uid=0 euid=0 tty=ssh ruser= rhost=159.203.87.8  user=root
Dec 16 20:00:26 LabSZ sshd[4249]: Failed password for root from 183.238.178.195 port 25091 ssh2
Dec 16 20:00:26 LabSZ sshd[4249]: Connection closed by 183.238.178.195 [preauth]
Dec 16 20:00:26 LabSZ sshd[4247]: Failed password for root from 159.203.87.8 port 42356 ssh2
Dec 16 20:00:26 LabSZ sshd[4251]: pam_unix(sshd:auth): authentication failure; logname= uid=0 euid=0 tty=ssh ruser= rhost=183.238.178.195  user=root
Dec 16 20:00:26 LabSZ sshd[4247]: Received disconnect from 159.203.87.8: 11: Bye Bye [preauth]
Dec 16 20:00:28 LabSZ sshd[4251]: Failed password for root from 183.238.178.195 port 25685 ssh2
Dec 16 20:00:28 LabSZ sshd[4251]: Connection closed by 183.238.178.195 [preauth]
Dec 16 20:00:28 LabSZ sshd[4255]: pam_unix(sshd:auth): authentication failure; logname= uid=0 euid=0 tty=ssh ruser= rhost=183.238.178.195  user=root
Dec 16 20:00:29 LabSZ sshd[4253]: Invalid user admin from 159.203.87.8
Dec 16 20:00:29 LabSZ sshd[4253]: input_userauth_request: invalid user admin [preauth]
Dec 16 20:00:29 LabSZ sshd[4253]: pam_unix(sshd:auth): check pass; user unknown
Dec 16 20:00:29 LabSZ sshd[4253]: pam_unix(sshd:auth): authentication failure; logname= uid=0 euid=0 tty=ssh ruser= rhost=159.203.87.8 
Dec 16 20:00:30 LabSZ sshd[4255]: Failed password for root from 183.238.178.195 port 26246 ssh2
Dec 16 20:00:30 LabSZ sshd[4255]: Connection closed by 183.238.178.195 [preauth]
Dec 16 20:00:30 LabSZ sshd[4257]: pam_unix(sshd:auth): authentication failure; logname= uid=0 euid=0 tty=ssh ruser= rhost=183.238.178.195  user=root
Dec 16 20:00:31 LabSZ sshd[4253]: Failed password for invalid user admin from 159.203.87.8 port 47694 ssh2
Dec 16 20:00:31 LabSZ sshd[4253]: Received disconnect from 159.203.87.8: 11: Bye Bye [preauth]
Dec 16 20:00:32 LabSZ sshd[4257]: Failed password for root from 183.238.178.195 port 26854 ssh2
Dec 16 20:00:32 LabSZ sshd[4257]: Connection closed by 183.238.178.195 [preauth]
Dec 16 20:00:32 LabSZ sshd[4260]: pam_unix(sshd:auth): authentication failure; logname= uid=0 euid=0 tty=ssh ruser= rhost=183.238.178.195  user=root
Dec 16 20:00:35 LabSZ sshd[4260]: Failed password for root from 183.238.178.195 port 27401 ssh2
Dec 16 20:00:35 LabSZ sshd[4260]: Connection closed by 183.238.178.195 [preauth]
Dec 16 20:00:35 LabSZ sshd[4263]: pam_unix(sshd:auth): authentication failure; logname= uid=0 euid=0 tty=ssh ruser= rhost=183.238.178.195  user=root
Dec 16 20:00:37 LabSZ sshd[4263]: Failed password for root from 183.238.178.195 port 28119 ssh2
Dec 16 20:00:37 LabSZ sshd[4263]: Connection closed by 183.238.178.195 [preauth]
Dec 16 20:00:37 LabSZ sshd[4265]: pam_unix(sshd:auth): authentication failure; logname= uid=0 euid=0 tty=ssh ruser= rhost=183.238.178.195  user=root
Dec 16 20:00:39 LabSZ sshd[4265]: Failed password for root from 183.238.178.195 port 28704 ssh2
Dec 16 20:00:39 LabSZ sshd[4265]: Connection closed by 183.238.178.195 [preauth]
Dec 16 20:00:39 LabSZ sshd[4267]: pam_unix(sshd:auth): authentication failure; logname= uid=0 euid=0 tty=ssh ruser= rhost=183.238.178.195  user=root
Dec 16 20:00:39 LabSZ sshd[4259]: Invalid user 888888 from 159.203.87.8
Dec 16 20:00:39 LabSZ sshd[4259]: input_userauth_request: invalid user 888888 [preauth]
Dec 16 20:00:39 LabSZ sshd[4259]: pam_unix(sshd:auth): check pass; user unknown
Dec 16 20:00:39 LabSZ sshd[4259]: pam_unix(sshd:auth): authentication failure; logname= uid=0 euid=0 tty=ssh ruser= rhost=159.203.87.8 
Dec 16 20:00:41 LabSZ sshd[4267]: Failed password for root from 183.238.178.195 port 29212 ssh2
Dec 16 20:00:41 LabSZ sshd[4267]: Connection closed by 183.238.178.195 [preauth]
Dec 16 20:00:41 LabSZ sshd[4269]: pam_unix(sshd:auth): authentication failure; logname= uid=0 euid=0 tty=ssh ruser= rhost=183.238.178.195  user=root
Dec 16 20:00:41 LabSZ sshd[4259]: Failed password for invalid user 888888 from 159.203.87.8 port 53068 ssh2
Dec 16 20:00:41 LabSZ sshd[4259]: Connection closed by 159.203.87.8 [preauth]
Dec 16 20:00:43 LabSZ sshd[4269]: Failed password for root from 183.238.178.195 port 29803 ssh2
Dec 16 20:00:43 LabSZ sshd[4269]: Connection closed by 183.238.178.195 [preauth]
Dec 16 20:00:43 LabSZ sshd[4271]: pam_unix(sshd:auth): authentication failure; logname= uid=0 euid=0 tty=ssh ruser= rhost=183.238.178.195  user=root
Dec 16 20:00:46 LabSZ sshd[4271]: Failed password for root from 183.238.178.195 port 30343 ssh2
Dec 16 20:00:46 LabSZ sshd[4271]: Connection closed by 183.238.178.195 [preauth]
Dec 16 20:00:46 LabSZ sshd[4273]: pam_unix(sshd:auth): authentication failure; logname= uid=0 euid=0 tty=ssh ruser= rhost=183.238.178.195  user=root
