Jan  2 05:08:18 LabSZ sshd[24495]: pam_unix(sshd:auth): authentication failure; logname= uid=0 euid=0 tty=ssh ruser= rhost=218.65.30.30  user=root
Jan  2 05:08:20 LabSZ sshd[24495]: Failed password for root from 218.65.30.30 port 61074 ssh2
Jan  2 05:08:21 LabSZ sshd[24491]: message repeated 5 times: [ Failed password for root from 182.100.67.120 port 18118 ssh2]
Jan  2 05:08:21 LabSZ sshd[24491]: Disconnecting: Too many authentication failures for root [preauth]
Jan  2 05:08:21 LabSZ sshd[24491]: PAM 5 more authentication failures; logname= uid=0 euid=0 tty=ssh ruser= rhost=182.100.67.120  user=root
Jan  2 05:08:21 LabSZ sshd[24491]: PAM service(sshd) ignoring max retries; 6 > 3
Jan  2 05:08:22 LabSZ sshd[24497]: pam_unix(sshd:auth): authentication failure; logname= uid=0 euid=0 tty=ssh ruser= rhost=182.100.67.120  user=root
Jan  2 05:08:24 LabSZ sshd[24497]: Failed password for root from 182.100.67.120 port 53152 ssh2
Jan  2 05:08:29 LabSZ sshd[24493]: message repeated 5 times: [ Failed password for root from 58.242.83.25 port 10232 ssh2]
Jan  2 05:08:29 LabSZ sshd[24493]: Disconnecting: Too many authentication failures for root [preauth]
Jan  2 05:08:29 LabSZ sshd[24493]: PAM 5 more authentication failures; logname= uid=0 euid=0 tty=ssh ruser= rhost=58.242.83.25  user=root
Jan  2 05:08:29 LabSZ sshd[24493]: PAM service(sshd) ignoring max retries; 6 > 3
Jan  2 05:08:31 LabSZ sshd[24499]: pam_unix(sshd:auth): authentication failure; logname= uid=0 euid=0 tty=ssh ruser= rhost=58.242.83.25  user=root
Jan  2 05:08:32 LabSZ sshd[24499]: Failed password for root from 58.242.83.25 port 32119 ssh2
Jan  2 05:08:34 LabSZ sshd[24495]: message repeated 5 times: [ Failed password for root from 218.65.30.30 port 61074 ssh2]
Jan  2 05:08:34 LabSZ sshd[24495]: Disconnecting: Too many authentication failures for root [preauth]
Jan  2 05:08:34 LabSZ sshd[24495]: PAM 5 more authentication failures; logname= uid=0 euid=0 tty=ssh ruser= rhost=218.65.30.30  user=root
Jan  2 05:08:34 LabSZ sshd[24495]: PAM service(sshd) ignoring max retries; 6 > 3
Jan  2 05:08:36 LabSZ sshd[24501]: reverse mapping checking getaddrinfo for 30.30.65.218.broad.xy.jx.dynamic.163data.com.cn [218.65.30.30] failed - POSSIBLE BREAK-IN ATTEMPT!
Jan  2 05:08:36 LabSZ sshd[24501]: pam_unix(sshd:auth): authentication failure; logname= uid=0 euid=0 tty=ssh ruser= rhost=218.65.30.30  user=root
Jan  2 05:08:37 LabSZ sshd[24497]: message repeated 5 times: [ Failed password for root from 182.100.67.120 port 53152 ssh2]
Jan  2 05:08:37 LabSZ sshd[24497]: Disconnecting: Too many authentication failures for root [preauth]
Jan  2 05:08:37 LabSZ sshd[24497]: PAM 5 more authentication failures; logname= uid=0 euid=0 tty=ssh ruser= rhost=182.100.67.120  user=root
Jan  2 05:08:37 LabSZ sshd[24497]: PAM service(sshd) ignoring max retries; 6 > 3
Jan  2 05:08:38 LabSZ sshd[24503]: pam_unix(sshd:auth): authentication failure; logname= uid=0 euid=0 tty=ssh ruser= rhost=182.100.67.120  user=root
Jan  2 05:08:38 LabSZ sshd[24501]: Failed password for root from 218.65.30.30 port 40320 ssh2
Jan  2 05:08:40 LabSZ sshd[24503]: Failed password for root from 182.100.67.120 port 24066 ssh2
Jan  2 05:08:45 LabSZ sshd[24499]: message repeated 5 times: [ Failed password for root from 58.242.83.25 port 32119 ssh2]
Jan  2 05:08:45 LabSZ sshd[24499]: Disconnecting: Too many authentication failures for root [preauth]
Jan  2 05:08:45 LabSZ sshd[24499]: PAM 5 more authentication failures; logname= uid=0 euid=0 tty=ssh ruser= rhost=58.242.83.25  user=root
Jan  2 05:08:45 LabSZ sshd[24499]: PAM service(sshd) ignoring max retries; 6 > 3
Jan  2 05:08:46 LabSZ sshd[24505]: pam_unix(sshd:auth): authentication failure; logname= uid=0 euid=0 tty=ssh ruser= rhost=58.242.83.25  user=root
Jan  2 05:08:48 LabSZ sshd[24505]: Failed password for root from 58.242.83.25 port 52724 ssh2
Jan  2 05:08:51 LabSZ sshd[24501]: message repeated 5 times: [ Failed password for root from 218.65.30.30 port 40320 ssh2]
Jan  2 05:08:51 LabSZ sshd[24501]: Disconnecting: Too many authentication failures for root [preauth]
Jan  2 05:08:51 LabSZ sshd[24501]: PAM 5 more authentication failures; logname= uid=0 euid=0 tty=ssh ruser= rhost=218.65.30.30  user=root
Jan  2 05:08:51 LabSZ sshd[24501]: PAM service(sshd) ignoring max retries; 6 > 3
Jan  2 05:08:52 LabSZ sshd[24507]: reverse mapping checking getaddrinfo for 30.30.65.218.broad.xy.jx.dynamic.163data.com.cn [218.65.30.30] failed - POSSIBLE BREAK-IN ATTEMPT!
Jan  2 05:08:52 LabSZ sshd[24507]: pam_unix(sshd:auth): authentication failure; logname= uid=0 euid=0 tty=ssh ruser= rhost=218.65.30.30  user=root
Jan  2 05:08:53 LabSZ sshd[24503]: message repeated 5 times: [ Failed password for root from 182.100.67.120 port 24066 ssh2]
Jan  2 05:08:53 LabSZ sshd[24503]: Disconnecting: Too many authentication failures for root [preauth]
Jan  2 05:08:53 LabSZ sshd[24503]: PAM 5 more authentication failures; logname= uid=0 euid=0 tty=ssh ruser= rhost=182.100.67.120  user=root
Jan  2 05:08:53 LabSZ sshd[24503]: PAM service(sshd) ignoring max retries; 6 > 3
Jan  2 05:08:54 LabSZ sshd[24507]: Failed password for root from 218.65.30.30 port 14472 ssh2
Jan  2 05:08:55 LabSZ sshd[24509]: pam_unix(sshd:auth): authentication failure; logname= uid=0 euid=0 tty=ssh ruser= rhost=182.100.67.120  user=root
Jan  2 05:08:57 LabSZ sshd[24509]: Failed password for root from 182.100.67.120 port 61724 ssh2
Jan  2 05:09:02 LabSZ sshd[24505]: message repeated 5 times: [ Failed password for root from 58.242.83.25 port 52724 ssh2]
Jan  2 05:09:02 LabSZ sshd[24505]: Disconnecting: Too many authentication failures for root [preauth]
Jan  2 05:09:02 LabSZ sshd[24505]: PAM 5 more authentication failures; logname= uid=0 euid=0 tty=ssh ruser= rhost=58.242.83.25  user=root
Jan  2 05:09:02 LabSZ sshd[24505]: PAM service(sshd) ignoring max retries; 6 > 3
Jan  2 05:09:03 LabSZ sshd[24525]: pam_unix(sshd:auth): authentication failure; logname= uid=0 euid=0 tty=ssh ruser= rhost=58.242.83.25  user=root
Jan  2 05:09:05 LabSZ sshd[24525]: Failed password for root from 58.242.83.25 port 9924 ssh2
Jan  2 05:09:08 LabSZ sshd[24507]: message repeated 5 times: [ Failed password for root from 218.65.30.30 port 14472 ssh2]
Jan  2 05:09:08 LabSZ sshd[24507]: Disconnecting: Too many authentication failures for root [preauth]
Jan  2 05:09:08 LabSZ sshd[24507]: PAM 5 more authentication failures; logname= uid=0 euid=0 tty=ssh ruser= rhost=218.65.30.30  user=root
Jan  2 05:09:08 LabSZ sshd[24507]: PAM service(sshd) ignoring max retries; 6 > 3
Jan  2 05:09:09 LabSZ sshd[24527]: reverse mapping checking getaddrinfo for 30.30.65.218.broad.xy.jx.dynamic.163data.com.cn [218.65.30.30] failed - POSSIBLE BREAK-IN ATTEMPT!
Jan  2 05:09:09 LabSZ sshd[24527]: pam_unix(sshd:auth): authentication failure; logname= uid=0 euid=0 tty=ssh ruser= rhost=218.65.30.30  user=root
Jan  2 05:09:09 LabSZ sshd[24509]: message repeated 5 times: [ Failed password for root from 182.100.67.120 port 61724 ssh2]
Jan  2 05:09:09 LabSZ sshd[24509]: Disconnecting: Too many authentication failures for root [preauth]
Jan  2 05:09:09 LabSZ sshd[24509]: PAM 5 more authentication failures; logname= uid=0 euid=0 tty=ssh ruser= rhost=182.100.67.120  user=root
Jan  2 05:09:09 LabSZ sshd[24509]: PAM service(sshd) ignoring max retries; 6 > 3
Jan  2 05:09:11 LabSZ sshd[24527]: Failed password for root from 218.65.30.30 port 52080 ssh2
Jan  2 05:09:11 LabSZ sshd[24529]: pam_unix(sshd:auth): authentication failure; logname= uid=0 euid=0 tty=ssh ruser= rhost=182.100.67.120  user=root
Jan  2 05:09:13 LabSZ sshd[24529]: Failed password for root from 182.100.67.120 port 33974 ssh2
Jan  2 05:09:18 LabSZ sshd[24525]: message repeated 5 times: [ Failed password for root from 58.242.83.25 port 9924 ssh2]
Jan  2 05:09:18 LabSZ sshd[24525]: Disconnecting: Too many authentication failures for root [preauth]
Jan  2 05:09:18 LabSZ sshd[24525]: PAM 5 more authentication failures; logname= uid=0 euid=0 tty=ssh ruser= rhost=58.242.83.25  user=root
Jan  2 05:09:18 LabSZ sshd[24525]: PAM service(sshd) ignoring max retries; 6 > 3
Jan  2 05:09:20 LabSZ sshd[24531]: pam_unix(sshd:auth): authentication failure; logname= uid=0 euid=0 tty=ssh ruser= rhost=58.242.83.25  user=root
Jan  2 05:09:21 LabSZ sshd[24531]: Failed password for root from 58.242.83.25 port 31704 ssh2
Jan  2 05:09:24 LabSZ sshd[24527]: message repeated 5 times: [ Failed password for root from 218.65.30.30 port 52080 ssh2]
Jan  2 05:09:24 LabSZ sshd[24527]: Disconnecting: Too many authentication failures for root [preauth]
Jan  2 05:09:24 LabSZ sshd[24527]: PAM 5 more authentication failures; logname= uid=0 euid=0 tty=ssh ruser= rhost=218.65.30.30  user=root
Jan  2 05:09:24 LabSZ sshd[24527]: PAM service(sshd) ignoring max retries; 6 > 3
Jan  2 05:09:25 LabSZ sshd[24533]: reverse mapping checking getaddrinfo for 30.30.65.218.broad.xy.jx.dynamic.163data.com.cn [218.65.30.30] failed - POSSIBLE BREAK-IN ATTEMPT!
Jan  2 05:09:25 LabSZ sshd[24533]: pam_unix(sshd:auth): authentication failure; logname= uid=0 euid=0 tty=ssh ruser= rhost=218.65.30.30  user=root
Jan  2 05:09:27 LabSZ sshd[24529]: message repeated 5 times: [ Failed password for root from 182.100.67.120 port 33974 ssh2]
Jan  2 05:09:27 LabSZ sshd[24529]: Disconnecting: Too many authentication failures for root [preauth]
Jan  2 05:09:27 LabSZ sshd[24529]: PAM 5 more authentication failures; logname= uid=0 euid=0 tty=ssh ruser= rhost=182.100.67.120  user=root
Jan  2 05:09:27 LabSZ sshd[24529]: PAM service(sshd) ignoring max retries; 6 > 3
Jan  2 05:09:27 LabSZ sshd[24533]: Failed password for root from 218.65.30.30 port 24990 ssh2
Jan  2 05:09:29 LabSZ sshd[24535]: pam_unix(sshd:auth): authentication failure; logname= uid=0 euid=0 tty=ssh ruser= rhost=182.100.67.120  user=root
Jan  2 05:09:30 LabSZ sshd[24535]: Failed password for root from 182.100.67.120 port 7784 ssh2
Jan  2 05:09:35 LabSZ sshd[24531]: message repeated 5 times: [ Failed password for root from 58.242.83.25 port 31704 ssh2]
Jan  2 05:09:35 LabSZ sshd[24531]: Disconnecting: Too many authentication failures for root [preauth]
Jan  2 05:09:35 LabSZ sshd[24531]: PAM 5 more authentication failures; logname= uid=0 euid=0 tty=ssh ruser= rhost=58.242.83.25  user=root
Jan  2 05:09:35 LabSZ sshd[24531]: PAM service(sshd) ignoring max retries; 6 > 3
Jan  2 05:09:37 LabSZ sshd[24537]: pam_unix(sshd:auth): authentication failure; logname= uid=0 euid=0 tty=ssh ruser= rhost=58.242.83.25  user=root
Jan  2 05:09:39 LabSZ sshd[24537]: Failed password for root from 58.242.83.25 port 53420 ssh2
Jan  2 05:09:40 LabSZ sshd[24539]: reverse mapping checking getaddrinfo for 14.142.122.26.static-kolkata.vsnl.net.in [14.142.122.26] failed - POSSIBLE BREAK-IN ATTEMPT!
Jan  2 05:09:40 LabSZ sshd[24539]: Invalid user adm from 14.142.122.26
Jan  2 05:09:40 LabSZ sshd[24539]: input_userauth_request: invalid user adm [preauth]
Jan  2 05:09:40 LabSZ sshd[24539]: pam_unix(sshd:auth): check pass; user unknown
Jan  2 05:09:40 LabSZ sshd[24539]: pam_unix(sshd:auth): authentication failure; logname= uid=0 euid=0 tty=ssh ruser= rhost=14.142.122.26 
Jan  2 05:09:41 LabSZ sshd[24533]: message repeated 5 times: [ Failed password for root from 218.65.30.30 port 24990 ssh2]
Jan  2 05:09:41 LabSZ sshd[24533]: Disconnecting: Too many authentication failures for root [preauth]
Jan  2 05:09:41 LabSZ sshd[24533]: PAM 5 more authentication failures; logname= uid=0 euid=0 tty=ssh ruser= rhost=218.65.30.30  user=root
Jan  2 05:09:41 LabSZ sshd[24533]: PAM service(sshd) ignoring max retries; 6 > 3
Jan  2 05:09:42 LabSZ sshd[24539]: Failed password for invalid user adm from 14.142.122.26 port 58848 ssh2
