Jan  2 07:23:24 LabSZ sshd[28166]: Failed password for root from 182.100.67.120 port 22416 ssh2
Jan  2 07:23:24 LabSZ sshd[28168]: reverse mapping checking getaddrinfo for 30.30.65.218.broad.xy.jx.dynamic.163data.com.cn [218.65.30.30] failed - POSSIBLE BREAK-IN ATTEMPT!
Jan  2 07:23:24 LabSZ sshd[28168]: pam_unix(sshd:auth): authentication failure; logname= uid=0 euid=0 tty=ssh ruser= rhost=218.65.30.30  user=root
Jan  2 07:23:24 LabSZ sshd[28170]: pam_unix(sshd:auth): authentication failure; logname= uid=0 euid=0 tty=ssh ruser= rhost=58.242.83.25  user=root
Jan  2 07:23:26 LabSZ sshd[28168]: Failed password for root from 218.65.30.30 port 32674 ssh2
Jan  2 07:23:27 LabSZ sshd[28164]: Connection closed by 5.188.10.180 [preauth]
Jan  2 07:23:27 LabSZ sshd[28170]: Failed password for root from 58.242.83.25 port 12619 ssh2
Jan  2 07:23:36 LabSZ sshd[28172]: Invalid user user1 from 5.188.10.180
Jan  2 07:23:36 LabSZ sshd[28172]: input_userauth_request: invalid user user1 [preauth]
Jan  2 07:23:36 LabSZ sshd[28172]: Failed none for invalid user user1 from 5.188.10.180 port 49361 ssh2
Jan  2 07:23:37 LabSZ sshd[28172]: pam_unix(sshd:auth): check pass; user unknown
Jan  2 07:23:37 LabSZ sshd[28172]: pam_unix(sshd:auth): authentication failure; logname= uid=0 euid=0 tty=ssh ruser= rhost=5.188.10.180 
Jan  2 07:23:37 LabSZ sshd[28166]: message repeated 5 times: [ Failed password for root from 182.100.67.120 port 22416 ssh2]
Jan  2 07:23:37 LabSZ sshd[28166]: Disconnecting: Too many authentication failures for root [preauth]
Jan  2 07:23:37 LabSZ sshd[28166]: PAM 5 more authentication failures; logname= uid=0 euid=0 tty=ssh ruser= rhost=182.100.67.120  user=root
Jan  2 07:23:37 LabSZ sshd[28166]: PAM service(sshd) ignoring max retries; 6 > 3
Jan  2 07:23:38 LabSZ sshd[28174]: pam_unix(sshd:auth): authentication failure; logname= uid=0 euid=0 tty=ssh ruser= rhost=182.100.67.120  user=root
Jan  2 07:23:39 LabSZ sshd[28172]: Failed password for invalid user user1 from 5.188.10.180 port 49361 ssh2
Jan  2 07:23:39 LabSZ sshd[28168]: message repeated 5 times: [ Failed password for root from 218.65.30.30 port 32674 ssh2]
Jan  2 07:23:39 LabSZ sshd[28168]: Disconnecting: Too many authentication failures for root [preauth]
Jan  2 07:23:39 LabSZ sshd[28168]: PAM 5 more authentication failures; logname= uid=0 euid=0 tty=ssh ruser= rhost=218.65.30.30  user=root
Jan  2 07:23:39 LabSZ sshd[28168]: PAM service(sshd) ignoring max retries; 6 > 3
Jan  2 07:23:39 LabSZ sshd[28170]: message repeated 5 times: [ Failed password for root from 58.242.83.25 port 12619 ssh2]
Jan  2 07:23:39 LabSZ sshd[28170]: Disconnecting: Too many authentication failures for root [preauth]
Jan  2 07:23:39 LabSZ sshd[28170]: PAM 5 more authentication failures; logname= uid=0 euid=0 tty=ssh ruser= rhost=58.242.83.25  user=root
Jan  2 07:23:39 LabSZ sshd[28170]: PAM service(sshd) ignoring max retries; 6 > 3
Jan  2 07:23:40 LabSZ sshd[28174]: Failed password for root from 182.100.67.120 port 59140 ssh2
Jan  2 07:23:40 LabSZ sshd[28172]: Connection closed by 5.188.10.180 [preauth]
Jan  2 07:23:41 LabSZ sshd[28176]: reverse mapping checking getaddrinfo for 30.30.65.218.broad.xy.jx.dynamic.163data.com.cn [218.65.30.30] failed - POSSIBLE BREAK-IN ATTEMPT!
Jan  2 07:23:41 LabSZ sshd[28176]: pam_unix(sshd:auth): authentication failure; logname= uid=0 euid=0 tty=ssh ruser= rhost=218.65.30.30  user=root
Jan  2 07:23:41 LabSZ sshd[28178]: pam_unix(sshd:auth): authentication failure; logname= uid=0 euid=0 tty=ssh ruser= rhost=58.242.83.25  user=root
Jan  2 07:23:43 LabSZ sshd[28176]: Failed password for root from 218.65.30.30 port 7152 ssh2
Jan  2 07:23:43 LabSZ sshd[28178]: Failed password for root from 58.242.83.25 port 34115 ssh2
Jan  2 07:23:54 LabSZ sshd[28174]: message repeated 5 times: [ Failed password for root from 182.100.67.120 port 59140 ssh2]
Jan  2 07:23:54 LabSZ sshd[28174]: Disconnecting: Too many authentication failures for root [preauth]
Jan  2 07:23:54 LabSZ sshd[28174]: PAM 5 more authentication failures; logname= uid=0 euid=0 tty=ssh ruser= rhost=182.100.67.120  user=root
Jan  2 07:23:54 LabSZ sshd[28174]: PAM service(sshd) ignoring max retries; 6 > 3
Jan  2 07:23:55 LabSZ sshd[28180]: pam_unix(sshd:auth): authentication failure; logname= uid=0 euid=0 tty=ssh ruser= rhost=182.100.67.120  user=root
Jan  2 07:23:56 LabSZ sshd[28178]: message repeated 5 times: [ Failed password for root from 58.242.83.25 port 34115 ssh2]
Jan  2 07:23:56 LabSZ sshd[28178]: Disconnecting: Too many authentication failures for root [preauth]
Jan  2 07:23:56 LabSZ sshd[28178]: PAM 5 more authentication failures; logname= uid=0 euid=0 tty=ssh ruser= rhost=58.242.83.25  user=root
Jan  2 07:23:56 LabSZ sshd[28178]: PAM service(sshd) ignoring max retries; 6 > 3
Jan  2 07:23:57 LabSZ sshd[28176]: message repeated 5 times: [ Failed password for root from 218.65.30.30 port 7152 ssh2]
Jan  2 07:23:57 LabSZ sshd[28176]: Disconnecting: Too many authentication failures for root [preauth]
Jan  2 07:23:57 LabSZ sshd[28176]: PAM 5 more authentication failures; logname= uid=0 euid=0 tty=ssh ruser= rhost=218.65.30.30  user=root
Jan  2 07:23:57 LabSZ sshd[28176]: PAM service(sshd) ignoring max retries; 6 > 3
Jan  2 07:23:58 LabSZ sshd[28182]: pam_unix(sshd:auth): authentication failure; logname= uid=0 euid=0 tty=ssh ruser= rhost=58.242.83.25  user=root
Jan  2 07:23:58 LabSZ sshd[28180]: Failed password for root from 182.100.67.120 port 32580 ssh2
Jan  2 07:23:58 LabSZ sshd[28184]: reverse mapping checking getaddrinfo for 30.30.65.218.broad.xy.jx.dynamic.163data.com.cn [218.65.30.30] failed - POSSIBLE BREAK-IN ATTEMPT!
Jan  2 07:23:59 LabSZ sshd[28184]: pam_unix(sshd:auth): authentication failure; logname= uid=0 euid=0 tty=ssh ruser= rhost=218.65.30.30  user=root
Jan  2 07:24:00 LabSZ sshd[28182]: Failed password for root from 58.242.83.25 port 55326 ssh2
Jan  2 07:24:01 LabSZ sshd[28184]: Failed password for root from 218.65.30.30 port 47520 ssh2
Jan  2 07:24:11 LabSZ sshd[28180]: message repeated 5 times: [ Failed password for root from 182.100.67.120 port 32580 ssh2]
Jan  2 07:24:11 LabSZ sshd[28180]: Disconnecting: Too many authentication failures for root [preauth]
Jan  2 07:24:11 LabSZ sshd[28180]: PAM 5 more authentication failures; logname= uid=0 euid=0 tty=ssh ruser= rhost=182.100.67.120  user=root
Jan  2 07:24:11 LabSZ sshd[28180]: PAM service(sshd) ignoring max retries; 6 > 3
Jan  2 07:24:13 LabSZ sshd[28186]: pam_unix(sshd:auth): authentication failure; logname= uid=0 euid=0 tty=ssh ruser= rhost=182.100.67.120  user=root
Jan  2 07:24:13 LabSZ sshd[28182]: message repeated 5 times: [ Failed password for root from 58.242.83.25 port 55326 ssh2]
Jan  2 07:24:13 LabSZ sshd[28182]: Disconnecting: Too many authentication failures for root [preauth]
Jan  2 07:24:13 LabSZ sshd[28182]: PAM 5 more authentication failures; logname= uid=0 euid=0 tty=ssh ruser= rhost=58.242.83.25  user=root
Jan  2 07:24:13 LabSZ sshd[28182]: PAM service(sshd) ignoring max retries; 6 > 3
Jan  2 07:24:15 LabSZ sshd[28188]: pam_unix(sshd:auth): authentication failure; logname= uid=0 euid=0 tty=ssh ruser= rhost=58.242.83.25  user=root
Jan  2 07:24:15 LabSZ sshd[28184]: message repeated 5 times: [ Failed password for root from 218.65.30.30 port 47520 ssh2]
Jan  2 07:24:15 LabSZ sshd[28184]: Disconnecting: Too many authentication failures for root [preauth]
Jan  2 07:24:15 LabSZ sshd[28184]: PAM 5 more authentication failures; logname= uid=0 euid=0 tty=ssh ruser= rhost=218.65.30.30  user=root
Jan  2 07:24:15 LabSZ sshd[28184]: PAM service(sshd) ignoring max retries; 6 > 3
Jan  2 07:24:15 LabSZ sshd[28186]: Failed password for root from 182.100.67.120 port 5902 ssh2
Jan  2 07:24:16 LabSZ sshd[28190]: reverse mapping checking getaddrinfo for 30.30.65.218.broad.xy.jx.dynamic.163data.com.cn [218.65.30.30] failed - POSSIBLE BREAK-IN ATTEMPT!
Jan  2 07:24:16 LabSZ sshd[28190]: pam_unix(sshd:auth): authentication failure; logname= uid=0 euid=0 tty=ssh ruser= rhost=218.65.30.30  user=root
Jan  2 07:24:17 LabSZ sshd[28188]: Failed password for root from 58.242.83.25 port 12333 ssh2
Jan  2 07:24:18 LabSZ sshd[28190]: Failed password for root from 218.65.30.30 port 22594 ssh2
Jan  2 07:24:28 LabSZ sshd[28186]: message repeated 5 times: [ Failed password for root from 182.100.67.120 port 5902 ssh2]
Jan  2 07:24:28 LabSZ sshd[28186]: Disconnecting: Too many authentication failures for root [preauth]
Jan  2 07:24:28 LabSZ sshd[28186]: PAM 5 more authentication failures; logname= uid=0 euid=0 tty=ssh ruser= rhost=182.100.67.120  user=root
Jan  2 07:24:28 LabSZ sshd[28186]: PAM service(sshd) ignoring max retries; 6 > 3
Jan  2 07:24:30 LabSZ sshd[28192]: pam_unix(sshd:auth): authentication failure; logname= uid=0 euid=0 tty=ssh ruser= rhost=182.100.67.120  user=root
Jan  2 07:24:30 LabSZ sshd[28188]: message repeated 5 times: [ Failed password for root from 58.242.83.25 port 12333 ssh2]
Jan  2 07:24:30 LabSZ sshd[28188]: Disconnecting: Too many authentication failures for root [preauth]
Jan  2 07:24:30 LabSZ sshd[28188]: PAM 5 more authentication failures; logname= uid=0 euid=0 tty=ssh ruser= rhost=58.242.83.25  user=root
Jan  2 07:24:30 LabSZ sshd[28188]: PAM service(sshd) ignoring max retries; 6 > 3
Jan  2 07:24:32 LabSZ sshd[28194]: pam_unix(sshd:auth): authentication failure; logname= uid=0 euid=0 tty=ssh ruser= rhost=58.242.83.25  user=root
Jan  2 07:24:32 LabSZ sshd[28192]: Failed password for root from 182.100.67.120 port 45192 ssh2
Jan  2 07:24:33 LabSZ sshd[28190]: message repeated 5 times: [ Failed password for root from 218.65.30.30 port 22594 ssh2]
Jan  2 07:24:33 LabSZ sshd[28190]: Disconnecting: Too many authentication failures for root [preauth]
Jan  2 07:24:33 LabSZ sshd[28190]: PAM 5 more authentication failures; logname= uid=0 euid=0 tty=ssh ruser= rhost=218.65.30.30  user=root
Jan  2 07:24:33 LabSZ sshd[28190]: PAM service(sshd) ignoring max retries; 6 > 3
Jan  2 07:24:33 LabSZ sshd[28194]: Failed password for root from 58.242.83.25 port 34221 ssh2
Jan  2 07:24:34 LabSZ sshd[28196]: reverse mapping checking getaddrinfo for 30.30.65.218.broad.xy.jx.dynamic.163data.com.cn [218.65.30.30] failed - POSSIBLE BREAK-IN ATTEMPT!
Jan  2 07:24:34 LabSZ sshd[28196]: pam_unix(sshd:auth): authentication failure; logname= uid=0 euid=0 tty=ssh ruser= rhost=218.65.30.30  user=root
Jan  2 07:24:36 LabSZ sshd[28196]: Failed password for root from 218.65.30.30 port 63304 ssh2
Jan  2 07:24:45 LabSZ sshd[28192]: message repeated 5 times: [ Failed password for root from 182.100.67.120 port 45192 ssh2]
Jan  2 07:24:45 LabSZ sshd[28192]: Disconnecting: Too many authentication failures for root [preauth]
Jan  2 07:24:45 LabSZ sshd[28192]: PAM 5 more authentication failures; logname= uid=0 euid=0 tty=ssh ruser= rhost=182.100.67.120  user=root
Jan  2 07:24:45 LabSZ sshd[28192]: PAM service(sshd) ignoring max retries; 6 > 3
Jan  2 07:24:46 LabSZ sshd[28194]: message repeated 5 times: [ Failed password for root from 58.242.83.25 port 34221 ssh2]
Jan  2 07:24:46 LabSZ sshd[28194]: Disconnecting: Too many authentication failures for root [preauth]
Jan  2 07:24:46 LabSZ sshd[28194]: PAM 5 more authentication failures; logname= uid=0 euid=0 tty=ssh ruser= rhost=58.242.83.25  user=root
Jan  2 07:24:46 LabSZ sshd[28194]: PAM service(sshd) ignoring max retries; 6 > 3
Jan  2 07:24:47 LabSZ sshd[28198]: pam_unix(sshd:auth): authentication failure; logname= uid=0 euid=0 tty=ssh ruser= rhost=182.100.67.120  user=root
Jan  2 07:24:47 LabSZ sshd[28200]: pam_unix(sshd:auth): authentication failure; logname= uid=0 euid=0 tty=ssh ruser= rhost=58.242.83.25  user=root
