Jan  4 03:13:19 LabSZ sshd[14666]: Failed password for invalid user xyz from 202.107.207.123 port 47948 ssh2
Jan  4 03:13:19 LabSZ sshd[14666]: Received disconnect from 202.107.207.123: 11: Bye Bye [preauth]
Jan  4 03:13:20 LabSZ sshd[14668]: pam_unix(sshd:auth): authentication failure; logname= uid=0 euid=0 tty=ssh ruser= rhost=59.63.188.30  user=root
Jan  4 03:13:20 LabSZ sshd[14670]: Invalid user test from 202.107.207.123
Jan  4 03:13:20 LabSZ sshd[14670]: input_userauth_request: invalid user test [preauth]
Jan  4 03:13:20 LabSZ sshd[14670]: pam_unix(sshd:auth): check pass; user unknown
Jan  4 03:13:20 LabSZ sshd[14670]: pam_unix(sshd:auth): authentication failure; logname= uid=0 euid=0 tty=ssh ruser= rhost=202.107.207.123 
Jan  4 03:13:22 LabSZ sshd[14668]: Failed password for root from 59.63.188.30 port 48870 ssh2
Jan  4 03:13:22 LabSZ sshd[14670]: Failed password for invalid user test from 202.107.207.123 port 51278 ssh2
Jan  4 03:13:22 LabSZ sshd[14670]: Received disconnect from 202.107.207.123: 11: Bye Bye [preauth]
Jan  4 03:13:23 LabSZ sshd[14672]: Invalid user info from 202.107.207.123
Jan  4 03:13:23 LabSZ sshd[14672]: input_userauth_request: invalid user info [preauth]
Jan  4 03:13:23 LabSZ sshd[14672]: pam_unix(sshd:auth): check pass; user unknown
Jan  4 03:13:23 LabSZ sshd[14672]: pam_unix(sshd:auth): authentication failure; logname= uid=0 euid=0 tty=ssh ruser= rhost=202.107.207.123 
Jan  4 03:13:25 LabSZ sshd[14672]: Failed password for invalid user info from 202.107.207.123 port 55902 ssh2
Jan  4 03:13:25 LabSZ sshd[14672]: Received disconnect from 202.107.207.123: 11: Bye Bye [preauth]
Jan  4 03:13:25 LabSZ sshd[14674]: pam_unix(sshd:auth): authentication failure; logname= uid=0 euid=0 tty=ssh ruser= rhost=202.107.207.123  user=root
Jan  4 03:13:28 LabSZ sshd[14674]: Failed password for root from 202.107.207.123 port 58482 ssh2
Jan  4 03:13:28 LabSZ sshd[14674]: Received disconnect from 202.107.207.123: 11: Bye Bye [preauth]
Jan  4 03:13:28 LabSZ sshd[14676]: Invalid user oracle from 202.107.207.123
Jan  4 03:13:28 LabSZ sshd[14676]: input_userauth_request: invalid user oracle [preauth]
Jan  4 03:13:28 LabSZ sshd[14676]: pam_unix(sshd:auth): check pass; user unknown
Jan  4 03:13:28 LabSZ sshd[14676]: pam_unix(sshd:auth): authentication failure; logname= uid=0 euid=0 tty=ssh ruser= rhost=202.107.207.123 
Jan  4 03:13:29 LabSZ sshd[14664]: message repeated 5 times: [ Failed password for root from 59.63.188.30 port 41619 ssh2]
Jan  4 03:13:29 LabSZ sshd[14664]: Disconnecting: Too many authentication failures for root [preauth]
Jan  4 03:13:29 LabSZ sshd[14664]: PAM 5 more authentication failures; logname= uid=0 euid=0 tty=ssh ruser= rhost=59.63.188.30  user=root
Jan  4 03:13:29 LabSZ sshd[14664]: PAM service(sshd) ignoring max retries; 6 > 3
Jan  4 03:13:30 LabSZ sshd[14676]: Failed password for invalid user oracle from 202.107.207.123 port 33422 ssh2
Jan  4 03:13:30 LabSZ sshd[14676]: Received disconnect from 202.107.207.123: 11: Bye Bye [preauth]
Jan  4 03:13:30 LabSZ sshd[14678]: Invalid user web from 202.107.207.123
Jan  4 03:13:30 LabSZ sshd[14678]: input_userauth_request: invalid user web [preauth]
Jan  4 03:13:30 LabSZ sshd[14678]: pam_unix(sshd:auth): check pass; user unknown
Jan  4 03:13:30 LabSZ sshd[14678]: pam_unix(sshd:auth): authentication failure; logname= uid=0 euid=0 tty=ssh ruser= rhost=202.107.207.123 
Jan  4 03:13:30 LabSZ sshd[14680]: pam_unix(sshd:auth): authentication failure; logname= uid=0 euid=0 tty=ssh ruser= rhost=59.63.188.30  user=root
Jan  4 03:13:31 LabSZ sshd[14678]: Failed password for invalid user web from 202.107.207.123 port 35956 ssh2
Jan  4 03:13:32 LabSZ sshd[14678]: Received disconnect from 202.107.207.123: 11: Bye Bye [preauth]
Jan  4 03:13:32 LabSZ sshd[14682]: Invalid user www from 202.107.207.123
Jan  4 03:13:32 LabSZ sshd[14682]: input_userauth_request: invalid user www [preauth]
Jan  4 03:13:32 LabSZ sshd[14682]: pam_unix(sshd:auth): check pass; user unknown
Jan  4 03:13:32 LabSZ sshd[14682]: pam_unix(sshd:auth): authentication failure; logname= uid=0 euid=0 tty=ssh ruser= rhost=202.107.207.123 
Jan  4 03:13:32 LabSZ sshd[14680]: Failed password for root from 59.63.188.30 port 62717 ssh2
Jan  4 03:13:34 LabSZ sshd[14682]: Failed password for invalid user www from 202.107.207.123 port 38964 ssh2
Jan  4 03:13:34 LabSZ sshd[14682]: Received disconnect from 202.107.207.123: 11: Bye Bye [preauth]
Jan  4 03:13:35 LabSZ sshd[14668]: message repeated 5 times: [ Failed password for root from 59.63.188.30 port 48870 ssh2]
Jan  4 03:13:35 LabSZ sshd[14668]: Disconnecting: Too many authentication failures for root [preauth]
Jan  4 03:13:35 LabSZ sshd[14668]: PAM 5 more authentication failures; logname= uid=0 euid=0 tty=ssh ruser= rhost=59.63.188.30  user=root
Jan  4 03:13:35 LabSZ sshd[14668]: PAM service(sshd) ignoring max retries; 6 > 3
Jan  4 03:13:35 LabSZ sshd[14684]: Invalid user jenkins from 202.107.207.123
Jan  4 03:13:35 LabSZ sshd[14684]: input_userauth_request: invalid user jenkins [preauth]
Jan  4 03:13:35 LabSZ sshd[14684]: pam_unix(sshd:auth): check pass; user unknown
Jan  4 03:13:35 LabSZ sshd[14684]: pam_unix(sshd:auth): authentication failure; logname= uid=0 euid=0 tty=ssh ruser= rhost=202.107.207.123 
Jan  4 03:13:36 LabSZ sshd[14686]: pam_unix(sshd:auth): authentication failure; logname= uid=0 euid=0 tty=ssh ruser= rhost=59.63.188.30  user=root
Jan  4 03:13:37 LabSZ sshd[14684]: Failed password for invalid user jenkins from 202.107.207.123 port 42846 ssh2
Jan  4 03:13:37 LabSZ sshd[14684]: Received disconnect from 202.107.207.123: 11: Bye Bye [preauth]
Jan  4 03:13:38 LabSZ sshd[14688]: Invalid user jenkins from 202.107.207.123
Jan  4 03:13:38 LabSZ sshd[14688]: input_userauth_request: invalid user jenkins [preauth]
Jan  4 03:13:38 LabSZ sshd[14688]: pam_unix(sshd:auth): check pass; user unknown
Jan  4 03:13:38 LabSZ sshd[14688]: pam_unix(sshd:auth): authentication failure; logname= uid=0 euid=0 tty=ssh ruser= rhost=202.107.207.123 
Jan  4 03:13:38 LabSZ sshd[14686]: Failed password for root from 59.63.188.30 port 5421 ssh2
Jan  4 03:13:40 LabSZ sshd[14688]: Failed password for invalid user jenkins from 202.107.207.123 port 47316 ssh2
Jan  4 03:13:40 LabSZ sshd[14688]: Received disconnect from 202.107.207.123: 11: Bye Bye [preauth]
Jan  4 03:13:41 LabSZ sshd[14690]: Invalid user jenkins from 202.107.207.123
Jan  4 03:13:41 LabSZ sshd[14690]: input_userauth_request: invalid user jenkins [preauth]
Jan  4 03:13:41 LabSZ sshd[14690]: pam_unix(sshd:auth): check pass; user unknown
Jan  4 03:13:41 LabSZ sshd[14690]: pam_unix(sshd:auth): authentication failure; logname= uid=0 euid=0 tty=ssh ruser= rhost=202.107.207.123 
Jan  4 03:13:42 LabSZ sshd[14690]: Failed password for invalid user jenkins from 202.107.207.123 port 50992 ssh2
Jan  4 03:13:42 LabSZ sshd[14690]: Received disconnect from 202.107.207.123: 11: Bye Bye [preauth]
Jan  4 03:13:44 LabSZ sshd[14692]: Invalid user jenkins from 202.107.207.123
Jan  4 03:13:44 LabSZ sshd[14692]: input_userauth_request: invalid user jenkins [preauth]
Jan  4 03:13:44 LabSZ sshd[14692]: pam_unix(sshd:auth): check pass; user unknown
Jan  4 03:13:44 LabSZ sshd[14692]: pam_unix(sshd:auth): authentication failure; logname= uid=0 euid=0 tty=ssh ruser= rhost=202.107.207.123 
Jan  4 03:13:45 LabSZ sshd[14680]: message repeated 5 times: [ Failed password for root from 59.63.188.30 port 62717 ssh2]
Jan  4 03:13:45 LabSZ sshd[14680]: Disconnecting: Too many authentication failures for root [preauth]
Jan  4 03:13:45 LabSZ sshd[14680]: PAM 5 more authentication failures; logname= uid=0 euid=0 tty=ssh ruser= rhost=59.63.188.30  user=root
Jan  4 03:13:45 LabSZ sshd[14680]: PAM service(sshd) ignoring max retries; 6 > 3
Jan  4 03:13:46 LabSZ sshd[14694]: pam_unix(sshd:auth): authentication failure; logname= uid=0 euid=0 tty=ssh ruser= rhost=59.63.188.30  user=root
Jan  4 03:13:47 LabSZ sshd[14692]: Failed password for invalid user jenkins from 202.107.207.123 port 54356 ssh2
Jan  4 03:13:47 LabSZ sshd[14692]: Received disconnect from 202.107.207.123: 11: Bye Bye [preauth]
Jan  4 03:13:48 LabSZ sshd[14696]: Invalid user jenkins from 202.107.207.123
Jan  4 03:13:48 LabSZ sshd[14696]: input_userauth_request: invalid user jenkins [preauth]
Jan  4 03:13:48 LabSZ sshd[14696]: pam_unix(sshd:auth): check pass; user unknown
Jan  4 03:13:48 LabSZ sshd[14696]: pam_unix(sshd:auth): authentication failure; logname= uid=0 euid=0 tty=ssh ruser= rhost=202.107.207.123 
Jan  4 03:13:48 LabSZ sshd[14694]: Failed password for root from 59.63.188.30 port 19412 ssh2
Jan  4 03:13:50 LabSZ sshd[14696]: Failed password for invalid user jenkins from 202.107.207.123 port 60632 ssh2
Jan  4 03:13:50 LabSZ sshd[14696]: Received disconnect from 202.107.207.123: 11: Bye Bye [preauth]
Jan  4 03:13:52 LabSZ sshd[14686]: message repeated 5 times: [ Failed password for root from 59.63.188.30 port 5421 ssh2]
Jan  4 03:13:52 LabSZ sshd[14686]: Disconnecting: Too many authentication failures for root [preauth]
Jan  4 03:13:52 LabSZ sshd[14686]: PAM 5 more authentication failures; logname= uid=0 euid=0 tty=ssh ruser= rhost=59.63.188.30  user=root
Jan  4 03:13:52 LabSZ sshd[14686]: PAM service(sshd) ignoring max retries; 6 > 3
Jan  4 03:13:52 LabSZ sshd[14698]: Invalid user ftpuser1 from 202.107.207.123
Jan  4 03:13:52 LabSZ sshd[14698]: input_userauth_request: invalid user ftpuser1 [preauth]
Jan  4 03:13:52 LabSZ sshd[14698]: pam_unix(sshd:auth): check pass; user unknown
Jan  4 03:13:52 LabSZ sshd[14698]: pam_unix(sshd:auth): authentication failure; logname= uid=0 euid=0 tty=ssh ruser= rhost=202.107.207.123 
Jan  4 03:13:53 LabSZ sshd[14700]: pam_unix(sshd:auth): authentication failure; logname= uid=0 euid=0 tty=ssh ruser= rhost=59.63.188.30  user=root
Jan  4 03:13:54 LabSZ sshd[14698]: Failed password for invalid user ftpuser1 from 202.107.207.123 port 38238 ssh2
Jan  4 03:13:54 LabSZ sshd[14698]: Received disconnect from 202.107.207.123: 11: Bye Bye [preauth]
Jan  4 03:13:54 LabSZ sshd[14700]: Failed password for root from 59.63.188.30 port 27826 ssh2
Jan  4 03:13:55 LabSZ sshd[14702]: Invalid user eric from 202.107.207.123
Jan  4 03:13:55 LabSZ sshd[14702]: input_userauth_request: invalid user eric [preauth]
Jan  4 03:13:55 LabSZ sshd[14702]: pam_unix(sshd:auth): check pass; user unknown
