Dec 12 04:35:53 LabSZ sshd[14651]: pam_unix(sshd:auth): authentication failure; logname= uid=0 euid=0 tty=ssh ruser= rhost=42.159.145.29 
Dec 12 04:35:53 LabSZ sshd[14649]: Failed password for root from 183.238.178.195 port 40060 ssh2
Dec 12 04:35:53 LabSZ sshd[14649]: Connection closed by 183.238.178.195 [preauth]
Dec 12 04:35:53 LabSZ sshd[14653]: pam_unix(sshd:auth): authentication failure; logname= uid=0 euid=0 tty=ssh ruser= rhost=183.238.178.195  user=root
Dec 12 04:35:55 LabSZ sshd[14651]: Failed password for invalid user git1 from 42.159.145.29 port 35021 ssh2
Dec 12 04:35:55 LabSZ sshd[14651]: Received disconnect from 42.159.145.29: 11: Bye Bye [preauth]
Dec 12 04:35:55 LabSZ sshd[14655]: Invalid user coupon from 42.159.145.29
Dec 12 04:35:55 LabSZ sshd[14655]: input_userauth_request: invalid user coupon [preauth]
Dec 12 04:35:55 LabSZ sshd[14655]: pam_unix(sshd:auth): check pass; user unknown
Dec 12 04:35:55 LabSZ sshd[14655]: pam_unix(sshd:auth): authentication failure; logname= uid=0 euid=0 tty=ssh ruser= rhost=42.159.145.29 
Dec 12 04:35:56 LabSZ sshd[14653]: Failed password for root from 183.238.178.195 port 40260 ssh2
Dec 12 04:35:56 LabSZ sshd[14653]: Connection closed by 183.238.178.195 [preauth]
Dec 12 04:35:56 LabSZ sshd[14657]: pam_unix(sshd:auth): authentication failure; logname= uid=0 euid=0 tty=ssh ruser= rhost=183.238.178.195  user=root
Dec 12 04:35:58 LabSZ sshd[14655]: Failed password for invalid user coupon from 42.159.145.29 port 35403 ssh2
Dec 12 04:35:58 LabSZ sshd[14655]: Received disconnect from 42.159.145.29: 11: Bye Bye [preauth]
Dec 12 04:35:58 LabSZ sshd[14657]: Failed password for root from 183.238.178.195 port 40591 ssh2
Dec 12 04:35:58 LabSZ sshd[14657]: Connection closed by 183.238.178.195 [preauth]
Dec 12 04:35:58 LabSZ sshd[14661]: pam_unix(sshd:auth): authentication failure; logname= uid=0 euid=0 tty=ssh ruser= rhost=183.238.178.195  user=root
Dec 12 04:35:58 LabSZ sshd[14659]: pam_unix(sshd:auth): authentication failure; logname= uid=0 euid=0 tty=ssh ruser= rhost=42.159.145.29  user=git
Dec 12 04:36:00 LabSZ sshd[14661]: Failed password for root from 183.238.178.195 port 40851 ssh2
Dec 12 04:36:00 LabSZ sshd[14661]: Connection closed by 183.238.178.195 [preauth]
Dec 12 04:36:00 LabSZ sshd[14659]: Failed password for git from 42.159.145.29 port 35784 ssh2
Dec 12 04:36:00 LabSZ sshd[14659]: Received disconnect from 42.159.145.29: 11: Bye Bye [preauth]
Dec 12 04:36:00 LabSZ sshd[14663]: pam_unix(sshd:auth): authentication failure; logname= uid=0 euid=0 tty=ssh ruser= rhost=183.238.178.195  user=root
Dec 12 04:36:00 LabSZ sshd[14665]: pam_unix(sshd:auth): authentication failure; logname= uid=0 euid=0 tty=ssh ruser= rhost=42.159.145.29  user=git
Dec 12 04:36:02 LabSZ sshd[14663]: Failed password for root from 183.238.178.195 port 41121 ssh2
Dec 12 04:36:02 LabSZ sshd[14663]: Connection closed by 183.238.178.195 [preauth]
Dec 12 04:36:02 LabSZ sshd[14667]: pam_unix(sshd:auth): authentication failure; logname= uid=0 euid=0 tty=ssh ruser= rhost=183.238.178.195  user=root
Dec 12 04:36:03 LabSZ sshd[14665]: Failed password for git from 42.159.145.29 port 36143 ssh2
Dec 12 04:36:03 LabSZ sshd[14665]: Received disconnect from 42.159.145.29: 11: Bye Bye [preauth]
Dec 12 04:36:03 LabSZ sshd[14669]: pam_unix(sshd:auth): authentication failure; logname= uid=0 euid=0 tty=ssh ruser= rhost=42.159.145.29  user=git
Dec 12 04:36:04 LabSZ sshd[14669]: Failed password for git from 42.159.145.29 port 36541 ssh2
Dec 12 04:36:04 LabSZ sshd[14669]: Received disconnect from 42.159.145.29: 11: Bye Bye [preauth]
Dec 12 04:36:05 LabSZ sshd[14671]: pam_unix(sshd:auth): authentication failure; logname= uid=0 euid=0 tty=ssh ruser= rhost=42.159.145.29  user=git
Dec 12 04:36:05 LabSZ sshd[14667]: Failed password for root from 183.238.178.195 port 41425 ssh2
Dec 12 04:36:05 LabSZ sshd[14667]: Connection closed by 183.238.178.195 [preauth]
Dec 12 04:36:05 LabSZ sshd[14673]: pam_unix(sshd:auth): authentication failure; logname= uid=0 euid=0 tty=ssh ruser= rhost=183.238.178.195  user=root
Dec 12 04:36:07 LabSZ sshd[14671]: Failed password for git from 42.159.145.29 port 36820 ssh2
Dec 12 04:36:07 LabSZ sshd[14671]: Received disconnect from 42.159.145.29: 11: Bye Bye [preauth]
Dec 12 04:36:07 LabSZ sshd[14673]: Failed password for root from 183.238.178.195 port 41704 ssh2
Dec 12 04:36:07 LabSZ sshd[14673]: Connection closed by 183.238.178.195 [preauth]
Dec 12 04:36:07 LabSZ sshd[14677]: pam_unix(sshd:auth): authentication failure; logname= uid=0 euid=0 tty=ssh ruser= rhost=183.238.178.195  user=root
Dec 12 04:36:07 LabSZ sshd[14675]: pam_unix(sshd:auth): authentication failure; logname= uid=0 euid=0 tty=ssh ruser= rhost=42.159.145.29  user=git
Dec 12 04:36:10 LabSZ sshd[14677]: Failed password for root from 183.238.178.195 port 42008 ssh2
Dec 12 04:36:10 LabSZ sshd[14677]: Connection closed by 183.238.178.195 [preauth]
Dec 12 04:36:10 LabSZ sshd[14675]: Failed password for git from 42.159.145.29 port 37216 ssh2
Dec 12 04:36:10 LabSZ sshd[14679]: pam_unix(sshd:auth): authentication failure; logname= uid=0 euid=0 tty=ssh ruser= rhost=183.238.178.195  user=root
Dec 12 04:36:10 LabSZ sshd[14675]: Received disconnect from 42.159.145.29: 11: Bye Bye [preauth]
Dec 12 04:36:10 LabSZ sshd[14681]: pam_unix(sshd:auth): authentication failure; logname= uid=0 euid=0 tty=ssh ruser= rhost=42.159.145.29  user=git
Dec 12 04:36:11 LabSZ sshd[14679]: Failed password for root from 183.238.178.195 port 42352 ssh2
Dec 12 04:36:11 LabSZ sshd[14679]: Connection closed by 183.238.178.195 [preauth]
Dec 12 04:36:12 LabSZ sshd[14683]: pam_unix(sshd:auth): authentication failure; logname= uid=0 euid=0 tty=ssh ruser= rhost=183.238.178.195  user=root
Dec 12 04:36:12 LabSZ sshd[14681]: Failed password for git from 42.159.145.29 port 37653 ssh2
Dec 12 04:36:12 LabSZ sshd[14681]: Received disconnect from 42.159.145.29: 11: Bye Bye [preauth]
Dec 12 04:36:12 LabSZ sshd[14685]: pam_unix(sshd:auth): authentication failure; logname= uid=0 euid=0 tty=ssh ruser= rhost=42.159.145.29  user=git
Dec 12 04:36:14 LabSZ sshd[14683]: Failed password for root from 183.238.178.195 port 42568 ssh2
Dec 12 04:36:14 LabSZ sshd[14683]: Connection closed by 183.238.178.195 [preauth]
Dec 12 04:36:14 LabSZ sshd[14687]: pam_unix(sshd:auth): authentication failure; logname= uid=0 euid=0 tty=ssh ruser= rhost=183.238.178.195  user=root
Dec 12 04:36:14 LabSZ sshd[14685]: Failed password for git from 42.159.145.29 port 37972 ssh2
Dec 12 04:36:14 LabSZ sshd[14685]: Received disconnect from 42.159.145.29: 11: Bye Bye [preauth]
Dec 12 04:36:15 LabSZ sshd[14689]: pam_unix(sshd:auth): authentication failure; logname= uid=0 euid=0 tty=ssh ruser= rhost=42.159.145.29  user=git
Dec 12 04:36:16 LabSZ sshd[14687]: Failed password for root from 183.238.178.195 port 42874 ssh2
Dec 12 04:36:16 LabSZ sshd[14687]: Connection closed by 183.238.178.195 [preauth]
Dec 12 04:36:16 LabSZ sshd[14691]: pam_unix(sshd:auth): authentication failure; logname= uid=0 euid=0 tty=ssh ruser= rhost=183.238.178.195  user=root
Dec 12 04:36:16 LabSZ sshd[14689]: Failed password for git from 42.159.145.29 port 38366 ssh2
Dec 12 04:36:16 LabSZ sshd[14689]: Received disconnect from 42.159.145.29: 11: Bye Bye [preauth]
Dec 12 04:36:17 LabSZ sshd[14693]: pam_unix(sshd:auth): authentication failure; logname= uid=0 euid=0 tty=ssh ruser= rhost=42.159.145.29  user=git
Dec 12 04:36:18 LabSZ sshd[14691]: Failed password for root from 183.238.178.195 port 43165 ssh2
Dec 12 04:36:18 LabSZ sshd[14691]: Connection closed by 183.238.178.195 [preauth]
Dec 12 04:36:19 LabSZ sshd[14693]: Failed password for git from 42.159.145.29 port 38685 ssh2
Dec 12 04:36:19 LabSZ sshd[14693]: Received disconnect from 42.159.145.29: 11: Bye Bye [preauth]
Dec 12 04:36:19 LabSZ sshd[14695]: pam_unix(sshd:auth): authentication failure; logname= uid=0 euid=0 tty=ssh ruser= rhost=183.238.178.195  user=root
Dec 12 04:36:19 LabSZ sshd[14697]: pam_unix(sshd:auth): authentication failure; logname= uid=0 euid=0 tty=ssh ruser= rhost=42.159.145.29  user=git
Dec 12 04:36:22 LabSZ sshd[14695]: Failed password for root from 183.238.178.195 port 43450 ssh2
Dec 12 04:36:22 LabSZ sshd[14695]: Connection closed by 183.238.178.195 [preauth]
Dec 12 04:36:22 LabSZ sshd[14697]: Failed password for git from 42.159.145.29 port 39093 ssh2
Dec 12 04:36:22 LabSZ sshd[14697]: Received disconnect from 42.159.145.29: 11: Bye Bye [preauth]
Dec 12 04:36:22 LabSZ sshd[14699]: pam_unix(sshd:auth): authentication failure; logname= uid=0 euid=0 tty=ssh ruser= rhost=183.238.178.195  user=root
Dec 12 04:36:22 LabSZ sshd[14701]: pam_unix(sshd:auth): authentication failure; logname= uid=0 euid=0 tty=ssh ruser= rhost=42.159.145.29  user=git
Dec 12 04:36:24 LabSZ sshd[14699]: Failed password for root from 183.238.178.195 port 43902 ssh2
Dec 12 04:36:24 LabSZ sshd[14699]: Connection closed by 183.238.178.195 [preauth]
Dec 12 04:36:24 LabSZ sshd[14703]: pam_unix(sshd:auth): authentication failure; logname= uid=0 euid=0 tty=ssh ruser= rhost=183.238.178.195  user=root
Dec 12 04:36:24 LabSZ sshd[14701]: Failed password for git from 42.159.145.29 port 39544 ssh2
Dec 12 04:36:24 LabSZ sshd[14701]: Received disconnect from 42.159.145.29: 11: Bye Bye [preauth]
Dec 12 04:36:24 LabSZ sshd[14705]: pam_unix(sshd:auth): authentication failure; logname= uid=0 euid=0 tty=ssh ruser= rhost=42.159.145.29  user=git
Dec 12 04:36:26 LabSZ sshd[14703]: Failed password for root from 183.238.178.195 port 44131 ssh2
Dec 12 04:36:26 LabSZ sshd[14703]: Connection closed by 183.238.178.195 [preauth]
Dec 12 04:36:26 LabSZ sshd[14707]: pam_unix(sshd:auth): authentication failure; logname= uid=0 euid=0 tty=ssh ruser= rhost=183.238.178.195  user=root
Dec 12 04:36:26 LabSZ sshd[14705]: Failed password for git from 42.159.145.29 port 39862 ssh2
Dec 12 04:36:26 LabSZ sshd[14705]: Received disconnect from 42.159.145.29: 11: Bye Bye [preauth]
Dec 12 04:36:27 LabSZ sshd[14709]: pam_unix(sshd:auth): authentication failure; logname= uid=0 euid=0 tty=ssh ruser= rhost=42.159.145.29  user=git
Dec 12 04:36:28 LabSZ sshd[14707]: Failed password for root from 183.238.178.195 port 44430 ssh2
Dec 12 04:36:28 LabSZ sshd[14707]: Connection closed by 183.238.178.195 [preauth]
Dec 12 04:36:28 LabSZ sshd[14711]: pam_unix(sshd:auth): authentication failure; logname= uid=0 euid=0 tty=ssh ruser= rhost=183.238.178.195  user=root
Dec 12 04:36:28 LabSZ sshd[14709]: Failed password for git from 42.159.145.29 port 40264 ssh2
Dec 12 04:36:28 LabSZ sshd[14709]: Received disconnect from 42.159.145.29: 11: Bye Bye [preauth]
Dec 12 04:36:29 LabSZ sshd[14713]: pam_unix(sshd:auth): authentication failure; logname= uid=0 euid=0 tty=ssh ruser= rhost=42.159.145.29  user=git
Dec 12 04:36:30 LabSZ sshd[14711]: Failed password for root from 183.238.178.195 port 44728 ssh2
Dec 12 04:36:30 LabSZ sshd[14711]: Connection closed by 183.238.178.195 [preauth]
Dec 12 04:36:30 LabSZ sshd[14715]: pam_unix(sshd:auth): authentication failure; logname= uid=0 euid=0 tty=ssh ruser= rhost=183.238.178.195  user=root
