Jan  3 20:57:40 LabSZ sshd[8025]: PAM 5 more authentication failures; logname= uid=0 euid=0 tty=ssh ruser= rhost=218.87.109.156  user=root
Jan  3 20:57:40 LabSZ sshd[8025]: PAM service(sshd) ignoring max retries; 6 > 3
Jan  3 20:57:46 LabSZ sshd[8029]: pam_unix(sshd:auth): authentication failure; logname= uid=0 euid=0 tty=ssh ruser= rhost=218.87.109.156  user=root
Jan  3 20:57:48 LabSZ sshd[8029]: Failed password for root from 218.87.109.156 port 18554 ssh2
Jan  3 20:57:49 LabSZ sshd[8027]: message repeated 5 times: [ Failed password for root from 59.63.188.30 port 53969 ssh2]
Jan  3 20:57:49 LabSZ sshd[8027]: Disconnecting: Too many authentication failures for root [preauth]
Jan  3 20:57:49 LabSZ sshd[8027]: PAM 5 more authentication failures; logname= uid=0 euid=0 tty=ssh ruser= rhost=59.63.188.30  user=root
Jan  3 20:57:49 LabSZ sshd[8027]: PAM service(sshd) ignoring max retries; 6 > 3
Jan  3 20:57:50 LabSZ sshd[8031]: pam_unix(sshd:auth): authentication failure; logname= uid=0 euid=0 tty=ssh ruser= rhost=59.63.188.30  user=root
Jan  3 20:57:52 LabSZ sshd[8031]: Failed password for root from 59.63.188.30 port 8448 ssh2
Jan  3 20:58:01 LabSZ sshd[8029]: message repeated 5 times: [ Failed password for root from 218.87.109.156 port 18554 ssh2]
Jan  3 20:58:01 LabSZ sshd[8029]: Disconnecting: Too many authentication failures for root [preauth]
Jan  3 20:58:01 LabSZ sshd[8029]: PAM 5 more authentication failures; logname= uid=0 euid=0 tty=ssh ruser= rhost=218.87.109.156  user=root
Jan  3 20:58:01 LabSZ sshd[8029]: PAM service(sshd) ignoring max retries; 6 > 3
Jan  3 20:58:02 LabSZ sshd[8033]: pam_unix(sshd:auth): authentication failure; logname= uid=0 euid=0 tty=ssh ruser= rhost=218.87.109.156  user=root
Jan  3 20:58:04 LabSZ sshd[8031]: message repeated 5 times: [ Failed password for root from 59.63.188.30 port 8448 ssh2]
Jan  3 20:58:04 LabSZ sshd[8031]: Disconnecting: Too many authentication failures for root [preauth]
Jan  3 20:58:04 LabSZ sshd[8031]: PAM 5 more authentication failures; logname= uid=0 euid=0 tty=ssh ruser= rhost=59.63.188.30  user=root
Jan  3 20:58:04 LabSZ sshd[8031]: PAM service(sshd) ignoring max retries; 6 > 3
Jan  3 20:58:05 LabSZ sshd[8033]: Failed password for root from 218.87.109.156 port 7224 ssh2
Jan  3 20:58:05 LabSZ sshd[8035]: pam_unix(sshd:auth): authentication failure; logname= uid=0 euid=0 tty=ssh ruser= rhost=59.63.188.30  user=root
Jan  3 20:58:06 LabSZ sshd[8035]: Failed password for root from 59.63.188.30 port 25893 ssh2
Jan  3 20:58:17 LabSZ sshd[8033]: message repeated 5 times: [ Failed password for root from 218.87.109.156 port 7224 ssh2]
Jan  3 20:58:17 LabSZ sshd[8033]: Disconnecting: Too many authentication failures for root [preauth]
Jan  3 20:58:17 LabSZ sshd[8033]: PAM 5 more authentication failures; logname= uid=0 euid=0 tty=ssh ruser= rhost=218.87.109.156  user=root
Jan  3 20:58:17 LabSZ sshd[8033]: PAM service(sshd) ignoring max retries; 6 > 3
Jan  3 20:58:19 LabSZ sshd[8035]: message repeated 5 times: [ Failed password for root from 59.63.188.30 port 25893 ssh2]
Jan  3 20:58:19 LabSZ sshd[8035]: Disconnecting: Too many authentication failures for root [preauth]
Jan  3 20:58:19 LabSZ sshd[8035]: PAM 5 more authentication failures; logname= uid=0 euid=0 tty=ssh ruser= rhost=59.63.188.30  user=root
Jan  3 20:58:19 LabSZ sshd[8035]: PAM service(sshd) ignoring max retries; 6 > 3
Jan  3 20:58:21 LabSZ sshd[8039]: pam_unix(sshd:auth): authentication failure; logname= uid=0 euid=0 tty=ssh ruser= rhost=59.63.188.30  user=root
Jan  3 20:58:24 LabSZ sshd[8039]: Failed password for root from 59.63.188.30 port 44179 ssh2
Jan  3 20:58:24 LabSZ sshd[8037]: pam_unix(sshd:auth): authentication failure; logname= uid=0 euid=0 tty=ssh ruser= rhost=218.87.109.156  user=root
Jan  3 20:58:26 LabSZ sshd[8037]: Failed password for root from 218.87.109.156 port 48260 ssh2
Jan  3 20:58:36 LabSZ sshd[8039]: message repeated 5 times: [ Failed password for root from 59.63.188.30 port 44179 ssh2]
Jan  3 20:58:36 LabSZ sshd[8039]: Disconnecting: Too many authentication failures for root [preauth]
Jan  3 20:58:36 LabSZ sshd[8039]: PAM 5 more authentication failures; logname= uid=0 euid=0 tty=ssh ruser= rhost=59.63.188.30  user=root
Jan  3 20:58:36 LabSZ sshd[8039]: PAM service(sshd) ignoring max retries; 6 > 3
Jan  3 20:58:37 LabSZ sshd[8041]: pam_unix(sshd:auth): authentication failure; logname= uid=0 euid=0 tty=ssh ruser= rhost=59.63.188.30  user=root
Jan  3 20:58:39 LabSZ sshd[8037]: message repeated 5 times: [ Failed password for root from 218.87.109.156 port 48260 ssh2]
Jan  3 20:58:39 LabSZ sshd[8037]: Disconnecting: Too many authentication failures for root [preauth]
Jan  3 20:58:39 LabSZ sshd[8037]: PAM 5 more authentication failures; logname= uid=0 euid=0 tty=ssh ruser= rhost=218.87.109.156  user=root
Jan  3 20:58:39 LabSZ sshd[8037]: PAM service(sshd) ignoring max retries; 6 > 3
Jan  3 20:58:39 LabSZ sshd[8041]: Failed password for root from 59.63.188.30 port 62788 ssh2
Jan  3 20:58:45 LabSZ sshd[8043]: pam_unix(sshd:auth): authentication failure; logname= uid=0 euid=0 tty=ssh ruser= rhost=218.87.109.156  user=root
Jan  3 20:58:48 LabSZ sshd[8043]: Failed password for root from 218.87.109.156 port 40126 ssh2
Jan  3 20:58:52 LabSZ sshd[8041]: message repeated 5 times: [ Failed password for root from 59.63.188.30 port 62788 ssh2]
Jan  3 20:58:52 LabSZ sshd[8041]: Disconnecting: Too many authentication failures for root [preauth]
Jan  3 20:58:52 LabSZ sshd[8041]: PAM 5 more authentication failures; logname= uid=0 euid=0 tty=ssh ruser= rhost=59.63.188.30  user=root
Jan  3 20:58:52 LabSZ sshd[8041]: PAM service(sshd) ignoring max retries; 6 > 3
Jan  3 20:58:54 LabSZ sshd[8045]: pam_unix(sshd:auth): authentication failure; logname= uid=0 euid=0 tty=ssh ruser= rhost=59.63.188.30  user=root
Jan  3 20:58:55 LabSZ sshd[8045]: Failed password for root from 59.63.188.30 port 17988 ssh2
Jan  3 20:59:01 LabSZ sshd[8043]: message repeated 5 times: [ Failed password for root from 218.87.109.156 port 40126 ssh2]
Jan  3 20:59:01 LabSZ sshd[8043]: Disconnecting: Too many authentication failures for root [preauth]
Jan  3 20:59:01 LabSZ sshd[8043]: PAM 5 more authentication failures; logname= uid=0 euid=0 tty=ssh ruser= rhost=218.87.109.156  user=root
Jan  3 20:59:01 LabSZ sshd[8043]: PAM service(sshd) ignoring max retries; 6 > 3
Jan  3 20:59:02 LabSZ sshd[8048]: pam_unix(sshd:auth): authentication failure; logname= uid=0 euid=0 tty=ssh ruser= rhost=218.87.109.156  user=root
Jan  3 20:59:04 LabSZ sshd[8048]: Failed password for root from 218.87.109.156 port 32220 ssh2
Jan  3 20:59:04 LabSZ sshd[8047]: pam_unix(sshd:auth): authentication failure; logname= uid=0 euid=0 tty=ssh ruser= rhost=220-252-47-212.rev.cloud.scaleway.com  user=root
Jan  3 20:59:08 LabSZ sshd[8045]: message repeated 5 times: [ Failed password for root from 59.63.188.30 port 17988 ssh2]
Jan  3 20:59:08 LabSZ sshd[8045]: Disconnecting: Too many authentication failures for root [preauth]
Jan  3 20:59:08 LabSZ sshd[8045]: PAM 5 more authentication failures; logname= uid=0 euid=0 tty=ssh ruser= rhost=59.63.188.30  user=root
Jan  3 20:59:08 LabSZ sshd[8045]: PAM service(sshd) ignoring max retries; 6 > 3
Jan  3 20:59:09 LabSZ sshd[8051]: pam_unix(sshd:auth): authentication failure; logname= uid=0 euid=0 tty=ssh ruser= rhost=59.63.188.30  user=root
Jan  3 20:59:11 LabSZ sshd[8047]: Failed password for root from 212.47.252.220 port 44548 ssh2
Jan  3 20:59:11 LabSZ sshd[8047]: Received disconnect from 212.47.252.220: 11: Bye Bye [preauth]
Jan  3 20:59:12 LabSZ sshd[8051]: Failed password for root from 59.63.188.30 port 36496 ssh2
Jan  3 20:59:14 LabSZ sshd[8053]: pam_unix(sshd:auth): authentication failure; logname= uid=0 euid=0 tty=ssh ruser= rhost=220-252-47-212.rev.cloud.scaleway.com  user=root
Jan  3 20:59:17 LabSZ sshd[8048]: message repeated 5 times: [ Failed password for root from 218.87.109.156 port 32220 ssh2]
Jan  3 20:59:17 LabSZ sshd[8048]: Disconnecting: Too many authentication failures for root [preauth]
Jan  3 20:59:17 LabSZ sshd[8048]: PAM 5 more authentication failures; logname= uid=0 euid=0 tty=ssh ruser= rhost=218.87.109.156  user=root
Jan  3 20:59:17 LabSZ sshd[8048]: PAM service(sshd) ignoring max retries; 6 > 3
Jan  3 20:59:21 LabSZ sshd[8053]: Failed password for root from 212.47.252.220 port 59788 ssh2
Jan  3 20:59:21 LabSZ sshd[8055]: pam_unix(sshd:auth): authentication failure; logname= uid=0 euid=0 tty=ssh ruser= rhost=218.87.109.156  user=root
Jan  3 20:59:21 LabSZ sshd[8053]: Received disconnect from 212.47.252.220: 11: Bye Bye [preauth]
Jan  3 20:59:23 LabSZ sshd[8051]: message repeated 5 times: [ Failed password for root from 59.63.188.30 port 36496 ssh2]
Jan  3 20:59:23 LabSZ sshd[8051]: Disconnecting: Too many authentication failures for root [preauth]
Jan  3 20:59:23 LabSZ sshd[8051]: PAM 5 more authentication failures; logname= uid=0 euid=0 tty=ssh ruser= rhost=59.63.188.30  user=root
Jan  3 20:59:23 LabSZ sshd[8051]: PAM service(sshd) ignoring max retries; 6 > 3
Jan  3 20:59:24 LabSZ sshd[8055]: Failed password for root from 218.87.109.156 port 9414 ssh2
Jan  3 20:59:24 LabSZ sshd[8057]: pam_unix(sshd:auth): authentication failure; logname= uid=0 euid=0 tty=ssh ruser= rhost=220-252-47-212.rev.cloud.scaleway.com  user=root
Jan  3 20:59:24 LabSZ sshd[8059]: pam_unix(sshd:auth): authentication failure; logname= uid=0 euid=0 tty=ssh ruser= rhost=59.63.188.30  user=root
Jan  3 20:59:26 LabSZ sshd[8059]: Failed password for root from 59.63.188.30 port 54530 ssh2
Jan  3 20:59:31 LabSZ sshd[8057]: Failed password for root from 212.47.252.220 port 51432 ssh2
Jan  3 20:59:31 LabSZ sshd[8057]: Received disconnect from 212.47.252.220: 11: Bye Bye [preauth]
Jan  3 20:59:34 LabSZ sshd[8061]: Invalid user admin from 212.47.252.220
Jan  3 20:59:34 LabSZ sshd[8061]: input_userauth_request: invalid user admin [preauth]
Jan  3 20:59:34 LabSZ sshd[8061]: pam_unix(sshd:auth): check pass; user unknown
Jan  3 20:59:34 LabSZ sshd[8061]: pam_unix(sshd:auth): authentication failure; logname= uid=0 euid=0 tty=ssh ruser= rhost=220-252-47-212.rev.cloud.scaleway.com 
Jan  3 20:59:36 LabSZ sshd[8055]: message repeated 5 times: [ Failed password for root from 218.87.109.156 port 9414 ssh2]
Jan  3 20:59:36 LabSZ sshd[8055]: Disconnecting: Too many authentication failures for root [preauth]
Jan  3 20:59:36 LabSZ sshd[8055]: PAM 5 more authentication failures; logname= uid=0 euid=0 tty=ssh ruser= rhost=218.87.109.156  user=root
Jan  3 20:59:36 LabSZ sshd[8055]: PAM service(sshd) ignoring max retries; 6 > 3
Jan  3 20:59:39 LabSZ sshd[8059]: message repeated 5 times: [ Failed password for root from 59.63.188.30 port 54530 ssh2]
Jan  3 20:59:39 LabSZ sshd[8059]: Disconnecting: Too many authentication failures for root [preauth]
Jan  3 20:59:39 LabSZ sshd[8059]: PAM 5 more authentication failures; logname= uid=0 euid=0 tty=ssh ruser= rhost=59.63.188.30  user=root
Jan  3 20:59:39 LabSZ sshd[8059]: PAM service(sshd) ignoring max retries; 6 > 3
Jan  3 20:59:40 LabSZ sshd[8065]: pam_unix(sshd:auth): authentication failure; logname= uid=0 euid=0 tty=ssh ruser= rhost=59.63.188.30  user=root
Jan  3 20:59:41 LabSZ sshd[8061]: Failed password for invalid user admin from 212.47.252.220 port 45170 ssh2
Jan  3 20:59:41 LabSZ sshd[8065]: Failed password for root from 59.63.188.30 port 8696 ssh2
