Jan  3 12:14:38 LabSZ sshd[32091]: Received disconnect from 119.7.221.129: 11: Bye Bye [preauth]
Jan  3 12:14:38 LabSZ sshd[32095]: Invalid user wuzhaohuan from 119.7.221.129
Jan  3 12:14:38 LabSZ sshd[32095]: input_userauth_request: invalid user wuzhaohuan [preauth]
Jan  3 12:14:38 LabSZ sshd[32095]: pam_unix(sshd:auth): check pass; user unknown
Jan  3 12:14:38 LabSZ sshd[32095]: pam_unix(sshd:auth): authentication failure; logname= uid=0 euid=0 tty=ssh ruser= rhost=119.7.221.129 
Jan  3 12:14:39 LabSZ sshd[32093]: Failed password for root from 59.63.188.30 port 17962 ssh2
Jan  3 12:14:41 LabSZ sshd[32095]: Failed password for invalid user wuzhaohuan from 119.7.221.129 port 49529 ssh2
Jan  3 12:14:41 LabSZ sshd[32095]: Received disconnect from 119.7.221.129: 11: Bye Bye [preauth]
Jan  3 12:14:41 LabSZ sshd[32097]: Invalid user pangzidong from 119.7.221.129
Jan  3 12:14:41 LabSZ sshd[32097]: input_userauth_request: invalid user pangzidong [preauth]
Jan  3 12:14:41 LabSZ sshd[32097]: pam_unix(sshd:auth): check pass; user unknown
Jan  3 12:14:41 LabSZ sshd[32097]: pam_unix(sshd:auth): authentication failure; logname= uid=0 euid=0 tty=ssh ruser= rhost=119.7.221.129 
Jan  3 12:14:43 LabSZ sshd[32087]: reverse mapping checking getaddrinfo for . [183.192.189.131] failed - POSSIBLE BREAK-IN ATTEMPT!
Jan  3 12:14:43 LabSZ sshd[32087]: pam_unix(sshd:auth): authentication failure; logname= uid=0 euid=0 tty=ssh ruser= rhost=183.192.189.131  user=root
Jan  3 12:14:43 LabSZ sshd[32097]: Failed password for invalid user pangzidong from 119.7.221.129 port 52332 ssh2
Jan  3 12:14:43 LabSZ sshd[32097]: Received disconnect from 119.7.221.129: 11: Bye Bye [preauth]
Jan  3 12:14:44 LabSZ sshd[32099]: Invalid user xiaolong from 119.7.221.129
Jan  3 12:14:44 LabSZ sshd[32099]: input_userauth_request: invalid user xiaolong [preauth]
Jan  3 12:14:44 LabSZ sshd[32099]: pam_unix(sshd:auth): check pass; user unknown
Jan  3 12:14:44 LabSZ sshd[32099]: pam_unix(sshd:auth): authentication failure; logname= uid=0 euid=0 tty=ssh ruser= rhost=119.7.221.129 
Jan  3 12:14:45 LabSZ sshd[32087]: Failed password for root from 183.192.189.131 port 22245 ssh2
Jan  3 12:14:45 LabSZ sshd[32087]: Connection closed by 183.192.189.131 [preauth]
Jan  3 12:14:45 LabSZ sshd[32101]: reverse mapping checking getaddrinfo for . [183.192.189.131] failed - POSSIBLE BREAK-IN ATTEMPT!
Jan  3 12:14:45 LabSZ sshd[32101]: pam_unix(sshd:auth): authentication failure; logname= uid=0 euid=0 tty=ssh ruser= rhost=183.192.189.131  user=root
Jan  3 12:14:46 LabSZ sshd[32099]: Failed password for invalid user xiaolong from 119.7.221.129 port 54379 ssh2
Jan  3 12:14:46 LabSZ sshd[32099]: Received disconnect from 119.7.221.129: 11: Bye Bye [preauth]
Jan  3 12:14:46 LabSZ sshd[32103]: Invalid user zjt from 119.7.221.129
Jan  3 12:14:46 LabSZ sshd[32103]: input_userauth_request: invalid user zjt [preauth]
Jan  3 12:14:46 LabSZ sshd[32103]: pam_unix(sshd:auth): check pass; user unknown
Jan  3 12:14:46 LabSZ sshd[32103]: pam_unix(sshd:auth): authentication failure; logname= uid=0 euid=0 tty=ssh ruser= rhost=119.7.221.129 
Jan  3 12:14:47 LabSZ sshd[32101]: Failed password for root from 183.192.189.131 port 22246 ssh2
Jan  3 12:14:47 LabSZ sshd[32101]: Connection closed by 183.192.189.131 [preauth]
Jan  3 12:14:48 LabSZ sshd[32103]: Failed password for invalid user zjt from 119.7.221.129 port 56809 ssh2
Jan  3 12:14:48 LabSZ sshd[32103]: Received disconnect from 119.7.221.129: 11: Bye Bye [preauth]
Jan  3 12:14:49 LabSZ sshd[32107]: Invalid user yanchao from 119.7.221.129
Jan  3 12:14:49 LabSZ sshd[32107]: input_userauth_request: invalid user yanchao [preauth]
Jan  3 12:14:49 LabSZ sshd[32107]: pam_unix(sshd:auth): check pass; user unknown
Jan  3 12:14:49 LabSZ sshd[32107]: pam_unix(sshd:auth): authentication failure; logname= uid=0 euid=0 tty=ssh ruser= rhost=119.7.221.129 
Jan  3 12:14:51 LabSZ sshd[32107]: Failed password for invalid user yanchao from 119.7.221.129 port 59062 ssh2
Jan  3 12:14:51 LabSZ sshd[32107]: Received disconnect from 119.7.221.129: 11: Bye Bye [preauth]
Jan  3 12:14:52 LabSZ sshd[32109]: Invalid user icpuser from 119.7.221.129
Jan  3 12:14:52 LabSZ sshd[32109]: input_userauth_request: invalid user icpuser [preauth]
Jan  3 12:14:52 LabSZ sshd[32109]: pam_unix(sshd:auth): check pass; user unknown
Jan  3 12:14:52 LabSZ sshd[32109]: pam_unix(sshd:auth): authentication failure; logname= uid=0 euid=0 tty=ssh ruser= rhost=119.7.221.129 
Jan  3 12:14:53 LabSZ sshd[32093]: message repeated 5 times: [ Failed password for root from 59.63.188.30 port 17962 ssh2]
Jan  3 12:14:53 LabSZ sshd[32093]: Disconnecting: Too many authentication failures for root [preauth]
Jan  3 12:14:53 LabSZ sshd[32093]: PAM 5 more authentication failures; logname= uid=0 euid=0 tty=ssh ruser= rhost=59.63.188.30  user=root
Jan  3 12:14:53 LabSZ sshd[32093]: PAM service(sshd) ignoring max retries; 6 > 3
Jan  3 12:14:53 LabSZ sshd[32109]: Failed password for invalid user icpuser from 119.7.221.129 port 33390 ssh2
Jan  3 12:14:54 LabSZ sshd[32109]: Received disconnect from 119.7.221.129: 11: Bye Bye [preauth]
Jan  3 12:14:54 LabSZ sshd[32111]: Invalid user omu from 119.7.221.129
Jan  3 12:14:54 LabSZ sshd[32111]: input_userauth_request: invalid user omu [preauth]
Jan  3 12:14:54 LabSZ sshd[32111]: pam_unix(sshd:auth): check pass; user unknown
Jan  3 12:14:54 LabSZ sshd[32111]: pam_unix(sshd:auth): authentication failure; logname= uid=0 euid=0 tty=ssh ruser= rhost=119.7.221.129 
Jan  3 12:14:54 LabSZ sshd[32113]: pam_unix(sshd:auth): authentication failure; logname= uid=0 euid=0 tty=ssh ruser= rhost=59.63.188.30  user=root
Jan  3 12:14:56 LabSZ sshd[32111]: Failed password for invalid user omu from 119.7.221.129 port 35185 ssh2
Jan  3 12:14:56 LabSZ sshd[32111]: Received disconnect from 119.7.221.129: 11: Bye Bye [preauth]
Jan  3 12:14:56 LabSZ sshd[32113]: Failed password for root from 59.63.188.30 port 36620 ssh2
Jan  3 12:14:57 LabSZ sshd[32115]: Invalid user quartz from 119.7.221.129
Jan  3 12:14:57 LabSZ sshd[32115]: input_userauth_request: invalid user quartz [preauth]
Jan  3 12:14:57 LabSZ sshd[32115]: pam_unix(sshd:auth): check pass; user unknown
Jan  3 12:14:57 LabSZ sshd[32115]: pam_unix(sshd:auth): authentication failure; logname= uid=0 euid=0 tty=ssh ruser= rhost=119.7.221.129 
Jan  3 12:14:57 LabSZ sshd[32105]: reverse mapping checking getaddrinfo for . [183.192.189.131] failed - POSSIBLE BREAK-IN ATTEMPT!
Jan  3 12:14:57 LabSZ sshd[32105]: pam_unix(sshd:auth): authentication failure; logname= uid=0 euid=0 tty=ssh ruser= rhost=183.192.189.131  user=root
Jan  3 12:14:59 LabSZ sshd[32115]: Failed password for invalid user quartz from 119.7.221.129 port 37627 ssh2
Jan  3 12:14:59 LabSZ sshd[32115]: Received disconnect from 119.7.221.129: 11: Bye Bye [preauth]
Jan  3 12:14:59 LabSZ sshd[32117]: pam_unix(sshd:auth): authentication failure; logname= uid=0 euid=0 tty=ssh ruser= rhost=119.7.221.129  user=root
Jan  3 12:15:00 LabSZ sshd[32105]: Failed password for root from 183.192.189.131 port 22247 ssh2
Jan  3 12:15:00 LabSZ sshd[32105]: Connection closed by 183.192.189.131 [preauth]
Jan  3 12:15:00 LabSZ sshd[32119]: reverse mapping checking getaddrinfo for . [183.192.189.131] failed - POSSIBLE BREAK-IN ATTEMPT!
Jan  3 12:15:00 LabSZ sshd[32119]: pam_unix(sshd:auth): authentication failure; logname= uid=0 euid=0 tty=ssh ruser= rhost=183.192.189.131  user=root
Jan  3 12:15:02 LabSZ sshd[32117]: Failed password for root from 119.7.221.129 port 40353 ssh2
Jan  3 12:15:02 LabSZ sshd[32117]: Received disconnect from 119.7.221.129: 11: Bye Bye [preauth]
Jan  3 12:15:02 LabSZ sshd[32119]: Failed password for root from 183.192.189.131 port 22248 ssh2
Jan  3 12:15:02 LabSZ sshd[32121]: Invalid user Huawei from 119.7.221.129
Jan  3 12:15:02 LabSZ sshd[32121]: input_userauth_request: invalid user Huawei [preauth]
Jan  3 12:15:02 LabSZ sshd[32121]: pam_unix(sshd:auth): check pass; user unknown
Jan  3 12:15:02 LabSZ sshd[32121]: pam_unix(sshd:auth): authentication failure; logname= uid=0 euid=0 tty=ssh ruser= rhost=119.7.221.129 
Jan  3 12:15:02 LabSZ sshd[32119]: Connection closed by 183.192.189.131 [preauth]
Jan  3 12:15:02 LabSZ sshd[32123]: reverse mapping checking getaddrinfo for . [183.192.189.131] failed - POSSIBLE BREAK-IN ATTEMPT!
Jan  3 12:15:02 LabSZ sshd[32123]: pam_unix(sshd:auth): authentication failure; logname= uid=0 euid=0 tty=ssh ruser= rhost=183.192.189.131  user=root
Jan  3 12:15:04 LabSZ sshd[32121]: Failed password for invalid user Huawei from 119.7.221.129 port 43317 ssh2
Jan  3 12:15:04 LabSZ sshd[32121]: Received disconnect from 119.7.221.129: 11: Bye Bye [preauth]
Jan  3 12:15:05 LabSZ sshd[32123]: Failed password for root from 183.192.189.131 port 22249 ssh2
Jan  3 12:15:05 LabSZ sshd[32123]: Connection closed by 183.192.189.131 [preauth]
Jan  3 12:15:05 LabSZ sshd[32125]: Invalid user huawei from 119.7.221.129
Jan  3 12:15:05 LabSZ sshd[32125]: input_userauth_request: invalid user huawei [preauth]
Jan  3 12:15:05 LabSZ sshd[32125]: pam_unix(sshd:auth): check pass; user unknown
Jan  3 12:15:05 LabSZ sshd[32125]: pam_unix(sshd:auth): authentication failure; logname= uid=0 euid=0 tty=ssh ruser= rhost=119.7.221.129 
Jan  3 12:15:05 LabSZ sshd[32127]: reverse mapping checking getaddrinfo for . [183.192.189.131] failed - POSSIBLE BREAK-IN ATTEMPT!
Jan  3 12:15:05 LabSZ sshd[32127]: pam_unix(sshd:auth): authentication failure; logname= uid=0 euid=0 tty=ssh ruser= rhost=183.192.189.131  user=root
Jan  3 12:15:07 LabSZ sshd[32125]: Failed password for invalid user huawei from 119.7.221.129 port 46404 ssh2
Jan  3 12:15:07 LabSZ sshd[32125]: Received disconnect from 119.7.221.129: 11: Bye Bye [preauth]
Jan  3 12:15:07 LabSZ sshd[32127]: Failed password for root from 183.192.189.131 port 22250 ssh2
Jan  3 12:15:07 LabSZ sshd[32127]: Connection closed by 183.192.189.131 [preauth]
Jan  3 12:15:07 LabSZ sshd[32131]: reverse mapping checking getaddrinfo for . [183.192.189.131] failed - POSSIBLE BREAK-IN ATTEMPT!
Jan  3 12:15:07 LabSZ sshd[32129]: Invalid user HUAWEI from 119.7.221.129
Jan  3 12:15:07 LabSZ sshd[32129]: input_userauth_request: invalid user HUAWEI [preauth]
Jan  3 12:15:07 LabSZ sshd[32129]: pam_unix(sshd:auth): check pass; user unknown
Jan  3 12:15:07 LabSZ sshd[32129]: pam_unix(sshd:auth): authentication failure; logname= uid=0 euid=0 tty=ssh ruser= rhost=119.7.221.129 
