Dec 16 21:16:52 LabSZ sshd[8512]: Failed password for root from 183.238.178.195 port 57763 ssh2
Dec 16 21:16:52 LabSZ sshd[8512]: Connection closed by 183.238.178.195 [preauth]
Dec 16 21:16:52 LabSZ sshd[8514]: pam_unix(sshd:auth): authentication failure; logname= uid=0 euid=0 tty=ssh ruser= rhost=183.238.178.195  user=root
Dec 16 21:16:54 LabSZ sshd[8514]: Failed password for root from 183.238.178.195 port 58529 ssh2
Dec 16 21:16:54 LabSZ sshd[8514]: Connection closed by 183.238.178.195 [preauth]
Dec 16 21:16:54 LabSZ sshd[8516]: pam_unix(sshd:auth): authentication failure; logname= uid=0 euid=0 tty=ssh ruser= rhost=183.238.178.195  user=root
Dec 16 21:16:56 LabSZ sshd[8516]: Failed password for root from 183.238.178.195 port 59049 ssh2
Dec 16 21:16:57 LabSZ sshd[8516]: Connection closed by 183.238.178.195 [preauth]
Dec 16 21:16:57 LabSZ sshd[8518]: pam_unix(sshd:auth): authentication failure; logname= uid=0 euid=0 tty=ssh ruser= rhost=183.238.178.195  user=root
Dec 16 21:16:59 LabSZ sshd[8518]: Failed password for root from 183.238.178.195 port 59601 ssh2
Dec 16 21:16:59 LabSZ sshd[8518]: Connection closed by 183.238.178.195 [preauth]
Dec 16 21:16:59 LabSZ sshd[8520]: pam_unix(sshd:auth): authentication failure; logname= uid=0 euid=0 tty=ssh ruser= rhost=183.238.178.195  user=root
Dec 16 21:17:01 LabSZ sshd[8520]: Failed password for root from 183.238.178.195 port 60185 ssh2
Dec 16 21:17:01 LabSZ sshd[8520]: Connection closed by 183.238.178.195 [preauth]
Dec 16 21:17:01 LabSZ sshd[8522]: pam_unix(sshd:auth): authentication failure; logname= uid=0 euid=0 tty=ssh ruser= rhost=183.238.178.195  user=root
Dec 16 21:17:04 LabSZ sshd[8522]: Failed password for root from 183.238.178.195 port 60765 ssh2
Dec 16 21:17:04 LabSZ sshd[8522]: Connection closed by 183.238.178.195 [preauth]
Dec 16 21:17:04 LabSZ sshd[8527]: pam_unix(sshd:auth): authentication failure; logname= uid=0 euid=0 tty=ssh ruser= rhost=183.238.178.195  user=root
Dec 16 21:17:06 LabSZ sshd[8527]: Failed password for root from 183.238.178.195 port 61508 ssh2
Dec 16 21:17:06 LabSZ sshd[8527]: Connection closed by 183.238.178.195 [preauth]
Dec 16 21:17:06 LabSZ sshd[8529]: pam_unix(sshd:auth): authentication failure; logname= uid=0 euid=0 tty=ssh ruser= rhost=183.238.178.195  user=root
Dec 16 21:17:08 LabSZ sshd[8529]: Failed password for root from 183.238.178.195 port 62009 ssh2
Dec 16 21:17:08 LabSZ sshd[8529]: Connection closed by 183.238.178.195 [preauth]
Dec 16 21:17:08 LabSZ sshd[8531]: pam_unix(sshd:auth): authentication failure; logname= uid=0 euid=0 tty=ssh ruser= rhost=183.238.178.195  user=root
Dec 16 21:17:10 LabSZ sshd[8531]: Failed password for root from 183.238.178.195 port 62521 ssh2
Dec 16 21:17:10 LabSZ sshd[8531]: Connection closed by 183.238.178.195 [preauth]
Dec 16 21:17:10 LabSZ sshd[8535]: pam_unix(sshd:auth): authentication failure; logname= uid=0 euid=0 tty=ssh ruser= rhost=183.238.178.195  user=root
Dec 16 21:17:12 LabSZ sshd[8533]: pam_unix(sshd:auth): authentication failure; logname= uid=0 euid=0 tty=ssh ruser= rhost=182.23.64.18  user=root
Dec 16 21:17:12 LabSZ sshd[8535]: Failed password for root from 183.238.178.195 port 63028 ssh2
Dec 16 21:17:12 LabSZ sshd[8535]: Connection closed by 183.238.178.195 [preauth]
Dec 16 21:17:14 LabSZ sshd[8533]: Failed password for root from 182.23.64.18 port 47779 ssh2
Dec 16 21:17:14 LabSZ sshd[8533]: Received disconnect from 182.23.64.18: 11: Bye Bye [preauth]
Dec 16 21:17:17 LabSZ sshd[8539]: Invalid user appldev from 182.23.64.18
Dec 16 21:17:17 LabSZ sshd[8539]: input_userauth_request: invalid user appldev [preauth]
Dec 16 21:17:17 LabSZ sshd[8539]: pam_unix(sshd:auth): check pass; user unknown
Dec 16 21:17:17 LabSZ sshd[8539]: pam_unix(sshd:auth): authentication failure; logname= uid=0 euid=0 tty=ssh ruser= rhost=182.23.64.18 
Dec 16 21:17:18 LabSZ sshd[8537]: pam_unix(sshd:auth): authentication failure; logname= uid=0 euid=0 tty=ssh ruser= rhost=183.238.178.195  user=root
Dec 16 21:17:19 LabSZ sshd[8539]: Failed password for invalid user appldev from 182.23.64.18 port 50199 ssh2
Dec 16 21:17:19 LabSZ sshd[8539]: Received disconnect from 182.23.64.18: 11: Bye Bye [preauth]
Dec 16 21:17:19 LabSZ sshd[8537]: Failed password for root from 183.238.178.195 port 63683 ssh2
Dec 16 21:17:19 LabSZ sshd[8537]: Connection closed by 183.238.178.195 [preauth]
Dec 16 21:17:20 LabSZ sshd[8541]: pam_unix(sshd:auth): authentication failure; logname= uid=0 euid=0 tty=ssh ruser= rhost=183.238.178.195  user=root
Dec 16 21:17:21 LabSZ sshd[8541]: Failed password for root from 183.238.178.195 port 65463 ssh2
Dec 16 21:17:21 LabSZ sshd[8541]: Connection closed by 183.238.178.195 [preauth]
Dec 16 21:17:21 LabSZ sshd[8545]: pam_unix(sshd:auth): authentication failure; logname= uid=0 euid=0 tty=ssh ruser= rhost=183.238.178.195  user=root
Dec 16 21:17:22 LabSZ sshd[8543]: Invalid user gdesigns from 182.23.64.18
Dec 16 21:17:22 LabSZ sshd[8543]: input_userauth_request: invalid user gdesigns [preauth]
Dec 16 21:17:22 LabSZ sshd[8543]: pam_unix(sshd:auth): check pass; user unknown
Dec 16 21:17:22 LabSZ sshd[8543]: pam_unix(sshd:auth): authentication failure; logname= uid=0 euid=0 tty=ssh ruser= rhost=182.23.64.18 
Dec 16 21:17:24 LabSZ sshd[8543]: Failed password for invalid user gdesigns from 182.23.64.18 port 52960 ssh2
Dec 16 21:17:24 LabSZ sshd[8545]: Failed password for root from 183.238.178.195 port 1445 ssh2
Dec 16 21:17:24 LabSZ sshd[8545]: Connection closed by 183.238.178.195 [preauth]
Dec 16 21:17:24 LabSZ sshd[8547]: pam_unix(sshd:auth): authentication failure; logname= uid=0 euid=0 tty=ssh ruser= rhost=183.238.178.195  user=root
Dec 16 21:17:24 LabSZ sshd[8543]: Received disconnect from 182.23.64.18: 11: Bye Bye [preauth]
Dec 16 21:17:26 LabSZ sshd[8549]: Invalid user root1 from 182.23.64.18
Dec 16 21:17:26 LabSZ sshd[8549]: input_userauth_request: invalid user root1 [preauth]
Dec 16 21:17:26 LabSZ sshd[8549]: pam_unix(sshd:auth): check pass; user unknown
Dec 16 21:17:26 LabSZ sshd[8549]: pam_unix(sshd:auth): authentication failure; logname= uid=0 euid=0 tty=ssh ruser= rhost=182.23.64.18 
Dec 16 21:17:26 LabSZ sshd[8547]: Failed password for root from 183.238.178.195 port 2053 ssh2
Dec 16 21:17:26 LabSZ sshd[8547]: Connection closed by 183.238.178.195 [preauth]
Dec 16 21:17:27 LabSZ sshd[8551]: pam_unix(sshd:auth): authentication failure; logname= uid=0 euid=0 tty=ssh ruser= rhost=183.238.178.195  user=root
Dec 16 21:17:28 LabSZ sshd[8549]: Failed password for invalid user root1 from 182.23.64.18 port 55279 ssh2
Dec 16 21:17:28 LabSZ sshd[8551]: Failed password for root from 183.238.178.195 port 2807 ssh2
Dec 16 21:17:28 LabSZ sshd[8551]: Connection closed by 183.238.178.195 [preauth]
Dec 16 21:17:28 LabSZ sshd[8549]: Received disconnect from 182.23.64.18: 11: Bye Bye [preauth]
Dec 16 21:17:28 LabSZ sshd[8553]: pam_unix(sshd:auth): authentication failure; logname= uid=0 euid=0 tty=ssh ruser= rhost=183.238.178.195  user=root
Dec 16 21:17:30 LabSZ sshd[8553]: Failed password for root from 183.238.178.195 port 3257 ssh2
Dec 16 21:17:30 LabSZ sshd[8553]: Connection closed by 183.238.178.195 [preauth]
Dec 16 21:17:30 LabSZ sshd[8557]: pam_unix(sshd:auth): authentication failure; logname= uid=0 euid=0 tty=ssh ruser= rhost=183.238.178.195  user=root
Dec 16 21:17:32 LabSZ sshd[8555]: Invalid user two from 182.23.64.18
Dec 16 21:17:32 LabSZ sshd[8555]: input_userauth_request: invalid user two [preauth]
Dec 16 21:17:32 LabSZ sshd[8555]: pam_unix(sshd:auth): check pass; user unknown
Dec 16 21:17:32 LabSZ sshd[8555]: pam_unix(sshd:auth): authentication failure; logname= uid=0 euid=0 tty=ssh ruser= rhost=182.23.64.18 
Dec 16 21:17:32 LabSZ sshd[8557]: Failed password for root from 183.238.178.195 port 3756 ssh2
Dec 16 21:17:32 LabSZ sshd[8557]: Connection closed by 183.238.178.195 [preauth]
Dec 16 21:17:32 LabSZ sshd[8559]: pam_unix(sshd:auth): authentication failure; logname= uid=0 euid=0 tty=ssh ruser= rhost=183.238.178.195  user=root
Dec 16 21:17:34 LabSZ sshd[8555]: Failed password for invalid user two from 182.23.64.18 port 57528 ssh2
Dec 16 21:17:34 LabSZ sshd[8555]: Received disconnect from 182.23.64.18: 11: Bye Bye [preauth]
Dec 16 21:17:35 LabSZ sshd[8559]: Failed password for root from 183.238.178.195 port 4261 ssh2
Dec 16 21:17:35 LabSZ sshd[8559]: Connection closed by 183.238.178.195 [preauth]
Dec 16 21:17:35 LabSZ sshd[8562]: pam_unix(sshd:auth): authentication failure; logname= uid=0 euid=0 tty=ssh ruser= rhost=183.238.178.195  user=root
Dec 16 21:17:37 LabSZ sshd[8561]: Invalid user billing from 182.23.64.18
Dec 16 21:17:37 LabSZ sshd[8561]: input_userauth_request: invalid user billing [preauth]
Dec 16 21:17:37 LabSZ sshd[8561]: pam_unix(sshd:auth): check pass; user unknown
Dec 16 21:17:37 LabSZ sshd[8561]: pam_unix(sshd:auth): authentication failure; logname= uid=0 euid=0 tty=ssh ruser= rhost=182.23.64.18 
Dec 16 21:17:37 LabSZ sshd[8562]: Failed password for root from 183.238.178.195 port 4978 ssh2
Dec 16 21:17:37 LabSZ sshd[8562]: Connection closed by 183.238.178.195 [preauth]
Dec 16 21:17:38 LabSZ sshd[8565]: pam_unix(sshd:auth): authentication failure; logname= uid=0 euid=0 tty=ssh ruser= rhost=183.238.178.195  user=root
Dec 16 21:17:39 LabSZ sshd[8561]: Failed password for invalid user billing from 182.23.64.18 port 60581 ssh2
Dec 16 21:17:39 LabSZ sshd[8561]: Received disconnect from 182.23.64.18: 11: Bye Bye [preauth]
Dec 16 21:17:40 LabSZ sshd[8565]: Failed password for root from 183.238.178.195 port 5704 ssh2
Dec 16 21:17:40 LabSZ sshd[8565]: Connection closed by 183.238.178.195 [preauth]
Dec 16 21:17:40 LabSZ sshd[8568]: pam_unix(sshd:auth): authentication failure; logname= uid=0 euid=0 tty=ssh ruser= rhost=183.238.178.195  user=root
Dec 16 21:17:41 LabSZ sshd[8567]: Invalid user Bjarne from 182.23.64.18
Dec 16 21:17:41 LabSZ sshd[8567]: input_userauth_request: invalid user Bjarne [preauth]
Dec 16 21:17:41 LabSZ sshd[8567]: pam_unix(sshd:auth): check pass; user unknown
Dec 16 21:17:41 LabSZ sshd[8567]: pam_unix(sshd:auth): authentication failure; logname= uid=0 euid=0 tty=ssh ruser= rhost=182.23.64.18 
Dec 16 21:17:42 LabSZ sshd[8568]: Failed password for root from 183.238.178.195 port 6303 ssh2
Dec 16 21:17:42 LabSZ sshd[8568]: Connection closed by 183.238.178.195 [preauth]
Dec 16 21:17:42 LabSZ sshd[8571]: pam_unix(sshd:auth): authentication failure; logname= uid=0 euid=0 tty=ssh ruser= rhost=183.238.178.195  user=root
