Dec 17 09:41:08 LabSZ sshd[31516]: Connection closed by 183.129.170.130 [preauth]
Dec 17 09:41:08 LabSZ sshd[31518]: pam_unix(sshd:auth): authentication failure; logname= uid=0 euid=0 tty=ssh ruser= rhost=183.129.170.130  user=root
Dec 17 09:41:08 LabSZ sshd[31514]: pam_unix(sshd:auth): check pass; user unknown
Dec 17 09:41:08 LabSZ sshd[31514]: pam_unix(sshd:auth): authentication failure; logname= uid=0 euid=0 tty=ssh ruser= rhost=103.207.39.38 
Dec 17 09:41:10 LabSZ sshd[31518]: Failed password for root from 183.129.170.130 port 48917 ssh2
Dec 17 09:41:10 LabSZ sshd[31518]: Connection closed by 183.129.170.130 [preauth]
Dec 17 09:41:10 LabSZ sshd[31520]: pam_unix(sshd:auth): authentication failure; logname= uid=0 euid=0 tty=ssh ruser= rhost=183.129.170.130  user=root
Dec 17 09:41:10 LabSZ sshd[31514]: Failed password for invalid user boss from 103.207.39.38 port 53617 ssh2
Dec 17 09:41:11 LabSZ sshd[31514]: Received disconnect from 103.207.39.38: 11: Closed due to user request. [preauth]
Dec 17 09:41:12 LabSZ sshd[31520]: Failed password for root from 183.129.170.130 port 49020 ssh2
Dec 17 09:41:12 LabSZ sshd[31520]: Connection closed by 183.129.170.130 [preauth]
Dec 17 09:41:13 LabSZ sshd[31522]: pam_unix(sshd:auth): authentication failure; logname= uid=0 euid=0 tty=ssh ruser= rhost=183.129.170.130  user=root
Dec 17 09:41:14 LabSZ sshd[31524]: Invalid user China from 103.207.39.38
Dec 17 09:41:14 LabSZ sshd[31524]: input_userauth_request: invalid user China [preauth]
Dec 17 09:41:14 LabSZ sshd[31524]: pam_unix(sshd:auth): check pass; user unknown
Dec 17 09:41:14 LabSZ sshd[31524]: pam_unix(sshd:auth): authentication failure; logname= uid=0 euid=0 tty=ssh ruser= rhost=103.207.39.38 
Dec 17 09:41:15 LabSZ sshd[31522]: Failed password for root from 183.129.170.130 port 49126 ssh2
Dec 17 09:41:15 LabSZ sshd[31522]: Connection closed by 183.129.170.130 [preauth]
Dec 17 09:41:15 LabSZ sshd[31526]: pam_unix(sshd:auth): authentication failure; logname= uid=0 euid=0 tty=ssh ruser= rhost=183.129.170.130  user=root
Dec 17 09:41:16 LabSZ sshd[31524]: Failed password for invalid user China from 103.207.39.38 port 58950 ssh2
Dec 17 09:41:16 LabSZ sshd[31524]: Received disconnect from 103.207.39.38: 11: Closed due to user request. [preauth]
Dec 17 09:41:17 LabSZ sshd[31526]: Failed password for root from 183.129.170.130 port 49228 ssh2
Dec 17 09:41:17 LabSZ sshd[31526]: Connection closed by 183.129.170.130 [preauth]
Dec 17 09:41:17 LabSZ sshd[31528]: pam_unix(sshd:auth): authentication failure; logname= uid=0 euid=0 tty=ssh ruser= rhost=183.129.170.130  user=root
Dec 17 09:41:19 LabSZ sshd[31528]: Failed password for root from 183.129.170.130 port 49315 ssh2
Dec 17 09:41:19 LabSZ sshd[31528]: Connection closed by 183.129.170.130 [preauth]
Dec 17 09:41:19 LabSZ sshd[31532]: pam_unix(sshd:auth): authentication failure; logname= uid=0 euid=0 tty=ssh ruser= rhost=183.129.170.130  user=root
Dec 17 09:41:20 LabSZ sshd[31530]: pam_unix(sshd:auth): authentication failure; logname= uid=0 euid=0 tty=ssh ruser= rhost=103.207.39.38  user=ftp
Dec 17 09:41:22 LabSZ sshd[31530]: Failed password for ftp from 103.207.39.38 port 62199 ssh2
Dec 17 09:41:22 LabSZ sshd[31532]: Failed password for root from 183.129.170.130 port 49411 ssh2
Dec 17 09:41:22 LabSZ sshd[31530]: Received disconnect from 103.207.39.38: 11: Closed due to user request. [preauth]
Dec 17 09:41:22 LabSZ sshd[31532]: Connection closed by 183.129.170.130 [preauth]
Dec 17 09:41:22 LabSZ sshd[31534]: pam_unix(sshd:auth): authentication failure; logname= uid=0 euid=0 tty=ssh ruser= rhost=183.129.170.130  user=root
Dec 17 09:41:25 LabSZ sshd[31534]: Failed password for root from 183.129.170.130 port 49535 ssh2
Dec 17 09:41:25 LabSZ sshd[31534]: Connection closed by 183.129.170.130 [preauth]
Dec 17 09:41:25 LabSZ sshd[31538]: pam_unix(sshd:auth): authentication failure; logname= uid=0 euid=0 tty=ssh ruser= rhost=183.129.170.130  user=root
Dec 17 09:41:25 LabSZ sshd[31536]: pam_unix(sshd:auth): authentication failure; logname= uid=0 euid=0 tty=ssh ruser= rhost=103.207.39.38  user=git
Dec 17 09:41:27 LabSZ sshd[31538]: Failed password for root from 183.129.170.130 port 49647 ssh2
Dec 17 09:41:27 LabSZ sshd[31538]: Connection closed by 183.129.170.130 [preauth]
Dec 17 09:41:27 LabSZ sshd[31536]: Failed password for git from 103.207.39.38 port 64894 ssh2
Dec 17 09:41:27 LabSZ sshd[31536]: Received disconnect from 103.207.39.38: 11: Closed due to user request. [preauth]
Dec 17 09:41:28 LabSZ sshd[31540]: pam_unix(sshd:auth): authentication failure; logname= uid=0 euid=0 tty=ssh ruser= rhost=183.129.170.130  user=root
Dec 17 09:41:29 LabSZ sshd[31542]: pam_unix(sshd:auth): authentication failure; logname= uid=0 euid=0 tty=ssh ruser= rhost=103.207.39.38  user=mysql
Dec 17 09:41:31 LabSZ sshd[31540]: Failed password for root from 183.129.170.130 port 49743 ssh2
Dec 17 09:41:31 LabSZ sshd[31540]: Connection closed by 183.129.170.130 [preauth]
Dec 17 09:41:31 LabSZ sshd[31544]: pam_unix(sshd:auth): authentication failure; logname= uid=0 euid=0 tty=ssh ruser= rhost=183.129.170.130  user=root
Dec 17 09:41:31 LabSZ sshd[31542]: Failed password for mysql from 103.207.39.38 port 51189 ssh2
Dec 17 09:41:31 LabSZ sshd[31542]: Received disconnect from 103.207.39.38: 11: Closed due to user request. [preauth]
Dec 17 09:41:34 LabSZ sshd[31544]: Failed password for root from 183.129.170.130 port 49911 ssh2
Dec 17 09:41:34 LabSZ sshd[31544]: Connection closed by 183.129.170.130 [preauth]
Dec 17 09:41:34 LabSZ sshd[31548]: pam_unix(sshd:auth): authentication failure; logname= uid=0 euid=0 tty=ssh ruser= rhost=183.129.170.130  user=root
Dec 17 09:41:34 LabSZ sshd[31546]: pam_unix(sshd:auth): authentication failure; logname= uid=0 euid=0 tty=ssh ruser= rhost=103.207.39.38  user=mysql
Dec 17 09:41:36 LabSZ sshd[31548]: Failed password for root from 183.129.170.130 port 50032 ssh2
Dec 17 09:41:36 LabSZ sshd[31548]: Connection closed by 183.129.170.130 [preauth]
Dec 17 09:41:36 LabSZ sshd[31550]: pam_unix(sshd:auth): authentication failure; logname= uid=0 euid=0 tty=ssh ruser= rhost=183.129.170.130  user=root
Dec 17 09:41:37 LabSZ sshd[31546]: Failed password for mysql from 103.207.39.38 port 53933 ssh2
Dec 17 09:41:37 LabSZ sshd[31546]: Received disconnect from 103.207.39.38: 11: Closed due to user request. [preauth]
Dec 17 09:41:38 LabSZ sshd[31550]: Failed password for root from 183.129.170.130 port 50138 ssh2
Dec 17 09:41:38 LabSZ sshd[31550]: Connection closed by 183.129.170.130 [preauth]
Dec 17 09:41:38 LabSZ sshd[31554]: pam_unix(sshd:auth): authentication failure; logname= uid=0 euid=0 tty=ssh ruser= rhost=183.129.170.130  user=root
Dec 17 09:41:40 LabSZ sshd[31552]: Invalid user fax from 103.207.39.38
Dec 17 09:41:40 LabSZ sshd[31552]: input_userauth_request: invalid user fax [preauth]
Dec 17 09:41:40 LabSZ sshd[31554]: Failed password for root from 183.129.170.130 port 50226 ssh2
Dec 17 09:41:40 LabSZ sshd[31554]: Connection closed by 183.129.170.130 [preauth]
Dec 17 09:41:40 LabSZ sshd[31552]: pam_unix(sshd:auth): check pass; user unknown
Dec 17 09:41:40 LabSZ sshd[31552]: pam_unix(sshd:auth): authentication failure; logname= uid=0 euid=0 tty=ssh ruser= rhost=103.207.39.38 
Dec 17 09:41:40 LabSZ sshd[31556]: pam_unix(sshd:auth): authentication failure; logname= uid=0 euid=0 tty=ssh ruser= rhost=183.129.170.130  user=root
Dec 17 09:41:43 LabSZ sshd[31552]: Failed password for invalid user fax from 103.207.39.38 port 56837 ssh2
Dec 17 09:41:43 LabSZ sshd[31552]: Received disconnect from 103.207.39.38: 11: Closed due to user request. [preauth]
Dec 17 09:41:43 LabSZ sshd[31556]: Failed password for root from 183.129.170.130 port 50299 ssh2
Dec 17 09:41:43 LabSZ sshd[31556]: Connection closed by 183.129.170.130 [preauth]
Dec 17 09:41:43 LabSZ sshd[31558]: Invalid user oracle from 103.207.39.38
Dec 17 09:41:43 LabSZ sshd[31558]: input_userauth_request: invalid user oracle [preauth]
Dec 17 09:41:43 LabSZ sshd[31560]: pam_unix(sshd:auth): authentication failure; logname= uid=0 euid=0 tty=ssh ruser= rhost=183.129.170.130  user=root
Dec 17 09:41:43 LabSZ sshd[31558]: pam_unix(sshd:auth): check pass; user unknown
Dec 17 09:41:43 LabSZ sshd[31558]: pam_unix(sshd:auth): authentication failure; logname= uid=0 euid=0 tty=ssh ruser= rhost=103.207.39.38 
Dec 17 09:41:46 LabSZ sshd[31560]: Failed password for root from 183.129.170.130 port 50425 ssh2
Dec 17 09:41:46 LabSZ sshd[31560]: Connection closed by 183.129.170.130 [preauth]
Dec 17 09:41:46 LabSZ sshd[31558]: Failed password for invalid user oracle from 103.207.39.38 port 64577 ssh2
Dec 17 09:41:46 LabSZ sshd[31558]: Received disconnect from 103.207.39.38: 11: Closed due to user request. [preauth]
Dec 17 09:41:46 LabSZ sshd[31562]: pam_unix(sshd:auth): authentication failure; logname= uid=0 euid=0 tty=ssh ruser= rhost=183.129.170.130  user=root
Dec 17 09:41:48 LabSZ sshd[31562]: Failed password for root from 183.129.170.130 port 50548 ssh2
Dec 17 09:41:48 LabSZ sshd[31562]: Connection closed by 183.129.170.130 [preauth]
Dec 17 09:41:49 LabSZ sshd[31564]: pam_unix(sshd:auth): authentication failure; logname= uid=0 euid=0 tty=ssh ruser= rhost=183.129.170.130  user=root
Dec 17 09:41:49 LabSZ sshd[31566]: Invalid user .243.22 from 103.207.39.38
Dec 17 09:41:49 LabSZ sshd[31566]: input_userauth_request: invalid user .243.22 [preauth]
Dec 17 09:41:49 LabSZ sshd[31566]: pam_unix(sshd:auth): check pass; user unknown
Dec 17 09:41:49 LabSZ sshd[31566]: pam_unix(sshd:auth): authentication failure; logname= uid=0 euid=0 tty=ssh ruser= rhost=103.207.39.38 
Dec 17 09:41:50 LabSZ sshd[31564]: Failed password for root from 183.129.170.130 port 50649 ssh2
Dec 17 09:41:50 LabSZ sshd[31564]: Connection closed by 183.129.170.130 [preauth]
Dec 17 09:41:50 LabSZ sshd[31568]: pam_unix(sshd:auth): authentication failure; logname= uid=0 euid=0 tty=ssh ruser= rhost=183.129.170.130  user=root
Dec 17 09:41:51 LabSZ sshd[31566]: Failed password for invalid user .243.22 from 103.207.39.38 port 52363 ssh2
Dec 17 09:41:51 LabSZ sshd[31566]: Received disconnect from 103.207.39.38: 11: Closed due to user request. [preauth]
Dec 17 09:41:52 LabSZ sshd[31568]: Failed password for root from 183.129.170.130 port 50736 ssh2
Dec 17 09:41:52 LabSZ sshd[31568]: Connection closed by 183.129.170.130 [preauth]
Dec 17 09:41:52 LabSZ sshd[31571]: pam_unix(sshd:auth): authentication failure; logname= uid=0 euid=0 tty=ssh ruser= rhost=183.129.170.130  user=root
Dec 17 09:41:55 LabSZ sshd[31571]: Failed password for root from 183.129.170.130 port 50806 ssh2
Dec 17 09:41:55 LabSZ sshd[31571]: Connection closed by 183.129.170.130 [preauth]
Dec 17 09:41:55 LabSZ sshd[31573]: pam_unix(sshd:auth): authentication failure; logname= uid=0 euid=0 tty=ssh ruser= rhost=183.129.170.130  user=root
Dec 17 09:41:57 LabSZ sshd[31573]: Failed password for root from 183.129.170.130 port 54218 ssh2
