Jan  4 23:46:00 LabSZ sshd[9032]: pam_unix(sshd:auth): authentication failure; logname= uid=0 euid=0 tty=ssh ruser= rhost=119.7.221.129  user=root
Jan  4 23:46:02 LabSZ sshd[9032]: Failed password for root from 119.7.221.129 port 60667 ssh2
Jan  4 23:46:02 LabSZ sshd[9032]: Received disconnect from 119.7.221.129: 11: Bye Bye [preauth]
Jan  4 23:46:02 LabSZ sshd[9034]: pam_unix(sshd:auth): authentication failure; logname= uid=0 euid=0 tty=ssh ruser= rhost=119.7.221.129  user=root
Jan  4 23:46:05 LabSZ sshd[9034]: Failed password for root from 119.7.221.129 port 35528 ssh2
Jan  4 23:46:05 LabSZ sshd[9034]: Received disconnect from 119.7.221.129: 11: Bye Bye [preauth]
Jan  4 23:46:05 LabSZ sshd[9036]: Invalid user zabbix from 119.7.221.129
Jan  4 23:46:05 LabSZ sshd[9036]: input_userauth_request: invalid user zabbix [preauth]
Jan  4 23:46:05 LabSZ sshd[9036]: pam_unix(sshd:auth): check pass; user unknown
Jan  4 23:46:05 LabSZ sshd[9036]: pam_unix(sshd:auth): authentication failure; logname= uid=0 euid=0 tty=ssh ruser= rhost=119.7.221.129 
Jan  4 23:46:07 LabSZ sshd[9024]: message repeated 5 times: [ Failed password for root from 59.63.188.30 port 45369 ssh2]
Jan  4 23:46:07 LabSZ sshd[9024]: Disconnecting: Too many authentication failures for root [preauth]
Jan  4 23:46:07 LabSZ sshd[9024]: PAM 5 more authentication failures; logname= uid=0 euid=0 tty=ssh ruser= rhost=59.63.188.30  user=root
Jan  4 23:46:07 LabSZ sshd[9024]: PAM service(sshd) ignoring max retries; 6 > 3
Jan  4 23:46:07 LabSZ sshd[9036]: Failed password for invalid user zabbix from 119.7.221.129 port 39485 ssh2
Jan  4 23:46:07 LabSZ sshd[9036]: Received disconnect from 119.7.221.129: 11: Bye Bye [preauth]
Jan  4 23:46:07 LabSZ sshd[9038]: pam_unix(sshd:auth): authentication failure; logname= uid=0 euid=0 tty=ssh ruser= rhost=119.7.221.129  user=root
Jan  4 23:46:08 LabSZ sshd[9040]: pam_unix(sshd:auth): authentication failure; logname= uid=0 euid=0 tty=ssh ruser= rhost=59.63.188.30  user=root
Jan  4 23:46:09 LabSZ sshd[9038]: Failed password for root from 119.7.221.129 port 42594 ssh2
Jan  4 23:46:09 LabSZ sshd[9038]: Received disconnect from 119.7.221.129: 11: Bye Bye [preauth]
Jan  4 23:46:10 LabSZ sshd[9042]: pam_unix(sshd:auth): authentication failure; logname= uid=0 euid=0 tty=ssh ruser= rhost=119.7.221.129  user=root
Jan  4 23:46:10 LabSZ sshd[9040]: Failed password for root from 59.63.188.30 port 63287 ssh2
Jan  4 23:46:11 LabSZ sshd[9042]: Failed password for root from 119.7.221.129 port 46057 ssh2
Jan  4 23:46:11 LabSZ sshd[9042]: Received disconnect from 119.7.221.129: 11: Bye Bye [preauth]
Jan  4 23:46:12 LabSZ sshd[9044]: pam_unix(sshd:auth): authentication failure; logname= uid=0 euid=0 tty=ssh ruser= rhost=119.7.221.129  user=root
Jan  4 23:46:13 LabSZ sshd[9044]: Failed password for root from 119.7.221.129 port 49173 ssh2
Jan  4 23:46:14 LabSZ sshd[9044]: Received disconnect from 119.7.221.129: 11: Bye Bye [preauth]
Jan  4 23:46:14 LabSZ sshd[9046]: pam_unix(sshd:auth): authentication failure; logname= uid=0 euid=0 tty=ssh ruser= rhost=119.7.221.129  user=root
Jan  4 23:46:16 LabSZ sshd[9046]: Failed password for root from 119.7.221.129 port 52090 ssh2
Jan  4 23:46:16 LabSZ sshd[9046]: Received disconnect from 119.7.221.129: 11: Bye Bye [preauth]
Jan  4 23:46:17 LabSZ sshd[9048]: pam_unix(sshd:auth): authentication failure; logname= uid=0 euid=0 tty=ssh ruser= rhost=119.7.221.129  user=root
Jan  4 23:46:19 LabSZ sshd[9048]: Failed password for root from 119.7.221.129 port 55769 ssh2
Jan  4 23:46:19 LabSZ sshd[9048]: Received disconnect from 119.7.221.129: 11: Bye Bye [preauth]
Jan  4 23:46:19 LabSZ sshd[9050]: pam_unix(sshd:auth): authentication failure; logname= uid=0 euid=0 tty=ssh ruser= rhost=119.7.221.129  user=root
Jan  4 23:46:21 LabSZ sshd[9050]: Failed password for root from 119.7.221.129 port 59016 ssh2
Jan  4 23:46:21 LabSZ sshd[9050]: Received disconnect from 119.7.221.129: 11: Bye Bye [preauth]
Jan  4 23:46:21 LabSZ sshd[9052]: pam_unix(sshd:auth): authentication failure; logname= uid=0 euid=0 tty=ssh ruser= rhost=119.7.221.129  user=root
Jan  4 23:46:24 LabSZ sshd[9040]: message repeated 5 times: [ Failed password for root from 59.63.188.30 port 63287 ssh2]
Jan  4 23:46:24 LabSZ sshd[9040]: Disconnecting: Too many authentication failures for root [preauth]
Jan  4 23:46:24 LabSZ sshd[9040]: PAM 5 more authentication failures; logname= uid=0 euid=0 tty=ssh ruser= rhost=59.63.188.30  user=root
Jan  4 23:46:24 LabSZ sshd[9040]: PAM service(sshd) ignoring max retries; 6 > 3
Jan  4 23:46:24 LabSZ sshd[9052]: Failed password for root from 119.7.221.129 port 33898 ssh2
Jan  4 23:46:24 LabSZ sshd[9052]: Received disconnect from 119.7.221.129: 11: Bye Bye [preauth]
Jan  4 23:46:24 LabSZ sshd[9054]: pam_unix(sshd:auth): authentication failure; logname= uid=0 euid=0 tty=ssh ruser= rhost=119.7.221.129  user=root
Jan  4 23:46:25 LabSZ sshd[9056]: pam_unix(sshd:auth): authentication failure; logname= uid=0 euid=0 tty=ssh ruser= rhost=59.63.188.30  user=root
Jan  4 23:46:26 LabSZ sshd[9054]: Failed password for root from 119.7.221.129 port 37791 ssh2
Jan  4 23:46:26 LabSZ sshd[9054]: Received disconnect from 119.7.221.129: 11: Bye Bye [preauth]
Jan  4 23:46:26 LabSZ sshd[9058]: Invalid user ncs from 119.7.221.129
Jan  4 23:46:26 LabSZ sshd[9058]: input_userauth_request: invalid user ncs [preauth]
Jan  4 23:46:26 LabSZ sshd[9058]: pam_unix(sshd:auth): check pass; user unknown
Jan  4 23:46:26 LabSZ sshd[9058]: pam_unix(sshd:auth): authentication failure; logname= uid=0 euid=0 tty=ssh ruser= rhost=119.7.221.129 
Jan  4 23:46:27 LabSZ sshd[9056]: Failed password for root from 59.63.188.30 port 18083 ssh2
Jan  4 23:46:29 LabSZ sshd[9058]: Failed password for invalid user ncs from 119.7.221.129 port 40521 ssh2
Jan  4 23:46:29 LabSZ sshd[9058]: Received disconnect from 119.7.221.129: 11: Bye Bye [preauth]
Jan  4 23:46:29 LabSZ sshd[9060]: pam_unix(sshd:auth): authentication failure; logname= uid=0 euid=0 tty=ssh ruser= rhost=119.7.221.129  user=root
Jan  4 23:46:31 LabSZ sshd[9060]: Failed password for root from 119.7.221.129 port 44039 ssh2
Jan  4 23:46:31 LabSZ sshd[9060]: Received disconnect from 119.7.221.129: 11: Bye Bye [preauth]
Jan  4 23:46:32 LabSZ sshd[9062]: pam_unix(sshd:auth): authentication failure; logname= uid=0 euid=0 tty=ssh ruser= rhost=119.7.221.129  user=root
Jan  4 23:46:34 LabSZ sshd[9062]: Failed password for root from 119.7.221.129 port 47372 ssh2
Jan  4 23:46:34 LabSZ sshd[9062]: Received disconnect from 119.7.221.129: 11: Bye Bye [preauth]
Jan  4 23:46:34 LabSZ sshd[9064]: pam_unix(sshd:auth): authentication failure; logname= uid=0 euid=0 tty=ssh ruser= rhost=119.7.221.129  user=root
Jan  4 23:46:36 LabSZ sshd[9064]: Failed password for root from 119.7.221.129 port 51286 ssh2
Jan  4 23:46:36 LabSZ sshd[9064]: Received disconnect from 119.7.221.129: 11: Bye Bye [preauth]
Jan  4 23:46:36 LabSZ sshd[9066]: pam_unix(sshd:auth): authentication failure; logname= uid=0 euid=0 tty=ssh ruser= rhost=119.7.221.129  user=root
Jan  4 23:46:39 LabSZ sshd[9066]: Failed password for root from 119.7.221.129 port 54241 ssh2
Jan  4 23:46:39 LabSZ sshd[9066]: Received disconnect from 119.7.221.129: 11: Bye Bye [preauth]
Jan  4 23:46:39 LabSZ sshd[9068]: pam_unix(sshd:auth): authentication failure; logname= uid=0 euid=0 tty=ssh ruser= rhost=119.7.221.129  user=root
Jan  4 23:46:41 LabSZ sshd[9056]: message repeated 5 times: [ Failed password for root from 59.63.188.30 port 18083 ssh2]
Jan  4 23:46:41 LabSZ sshd[9056]: Disconnecting: Too many authentication failures for root [preauth]
Jan  4 23:46:41 LabSZ sshd[9056]: PAM 5 more authentication failures; logname= uid=0 euid=0 tty=ssh ruser= rhost=59.63.188.30  user=root
Jan  4 23:46:41 LabSZ sshd[9056]: PAM service(sshd) ignoring max retries; 6 > 3
Jan  4 23:46:42 LabSZ sshd[9068]: Failed password for root from 119.7.221.129 port 58010 ssh2
Jan  4 23:46:42 LabSZ sshd[9068]: Received disconnect from 119.7.221.129: 11: Bye Bye [preauth]
Jan  4 23:46:42 LabSZ sshd[9070]: pam_unix(sshd:auth): authentication failure; logname= uid=0 euid=0 tty=ssh ruser= rhost=119.7.221.129  user=root
Jan  4 23:46:43 LabSZ sshd[9072]: pam_unix(sshd:auth): authentication failure; logname= uid=0 euid=0 tty=ssh ruser= rhost=59.63.188.30  user=root
Jan  4 23:46:44 LabSZ sshd[9070]: Failed password for root from 119.7.221.129 port 34097 ssh2
Jan  4 23:46:44 LabSZ sshd[9070]: Received disconnect from 119.7.221.129: 11: Bye Bye [preauth]
Jan  4 23:46:44 LabSZ sshd[9074]: pam_unix(sshd:auth): authentication failure; logname= uid=0 euid=0 tty=ssh ruser= rhost=119.7.221.129  user=root
Jan  4 23:46:45 LabSZ sshd[9072]: Failed password for root from 59.63.188.30 port 38226 ssh2
Jan  4 23:46:47 LabSZ sshd[9074]: Failed password for root from 119.7.221.129 port 37179 ssh2
Jan  4 23:46:47 LabSZ sshd[9074]: Received disconnect from 119.7.221.129: 11: Bye Bye [preauth]
Jan  4 23:46:47 LabSZ sshd[9076]: pam_unix(sshd:auth): authentication failure; logname= uid=0 euid=0 tty=ssh ruser= rhost=119.7.221.129  user=root
Jan  4 23:46:49 LabSZ sshd[9076]: Failed password for root from 119.7.221.129 port 41105 ssh2
Jan  4 23:46:49 LabSZ sshd[9076]: Received disconnect from 119.7.221.129: 11: Bye Bye [preauth]
Jan  4 23:46:49 LabSZ sshd[9078]: pam_unix(sshd:auth): authentication failure; logname= uid=0 euid=0 tty=ssh ruser= rhost=119.7.221.129  user=root
Jan  4 23:46:51 LabSZ sshd[9078]: Failed password for root from 119.7.221.129 port 43675 ssh2
Jan  4 23:46:51 LabSZ sshd[9078]: Received disconnect from 119.7.221.129: 11: Bye Bye [preauth]
Jan  4 23:46:52 LabSZ sshd[9080]: pam_unix(sshd:auth): authentication failure; logname= uid=0 euid=0 tty=ssh ruser= rhost=119.7.221.129  user=root
Jan  4 23:46:53 LabSZ sshd[9080]: Failed password for root from 119.7.221.129 port 47054 ssh2
Jan  4 23:46:53 LabSZ sshd[9080]: Received disconnect from 119.7.221.129: 11: Bye Bye [preauth]
Jan  4 23:46:54 LabSZ sshd[9082]: pam_unix(sshd:auth): authentication failure; logname= uid=0 euid=0 tty=ssh ruser= rhost=119.7.221.129  user=root
Jan  4 23:46:56 LabSZ sshd[9082]: Failed password for root from 119.7.221.129 port 50084 ssh2
Jan  4 23:46:56 LabSZ sshd[9082]: Received disconnect from 119.7.221.129: 11: Bye Bye [preauth]
Jan  4 23:46:56 LabSZ sshd[9084]: pam_unix(sshd:auth): authentication failure; logname= uid=0 euid=0 tty=ssh ruser= rhost=119.7.221.129  user=root
Jan  4 23:46:58 LabSZ sshd[9084]: Failed password for root from 119.7.221.129 port 53058 ssh2
Jan  4 23:46:58 LabSZ sshd[9072]: message repeated 5 times: [ Failed password for root from 59.63.188.30 port 38226 ssh2]
Jan  4 23:46:58 LabSZ sshd[9072]: Disconnecting: Too many authentication failures for root [preauth]
Jan  4 23:46:58 LabSZ sshd[9072]: PAM 5 more authentication failures; logname= uid=0 euid=0 tty=ssh ruser= rhost=59.63.188.30  user=root
Jan  4 23:46:58 LabSZ sshd[9072]: PAM service(sshd) ignoring max retries; 6 > 3
Jan  4 23:46:58 LabSZ sshd[9084]: Received disconnect from 119.7.221.129: 11: Bye Bye [preauth]
