Jan  2 05:35:23 LabSZ sshd[25172]: PAM service(sshd) ignoring max retries; 6 > 3
Jan  2 05:35:25 LabSZ sshd[25176]: pam_unix(sshd:auth): authentication failure; logname= uid=0 euid=0 tty=ssh ruser= rhost=182.100.67.120  user=root
Jan  2 05:35:26 LabSZ sshd[25170]: message repeated 5 times: [ Failed password for root from 218.65.30.30 port 8742 ssh2]
Jan  2 05:35:26 LabSZ sshd[25170]: Disconnecting: Too many authentication failures for root [preauth]
Jan  2 05:35:26 LabSZ sshd[25170]: PAM 5 more authentication failures; logname= uid=0 euid=0 tty=ssh ruser= rhost=218.65.30.30  user=root
Jan  2 05:35:26 LabSZ sshd[25170]: PAM service(sshd) ignoring max retries; 6 > 3
Jan  2 05:35:27 LabSZ sshd[25176]: Failed password for root from 182.100.67.120 port 52358 ssh2
Jan  2 05:35:27 LabSZ sshd[25178]: reverse mapping checking getaddrinfo for 30.30.65.218.broad.xy.jx.dynamic.163data.com.cn [218.65.30.30] failed - POSSIBLE BREAK-IN ATTEMPT!
Jan  2 05:35:27 LabSZ sshd[25178]: pam_unix(sshd:auth): authentication failure; logname= uid=0 euid=0 tty=ssh ruser= rhost=218.65.30.30  user=root
Jan  2 05:35:30 LabSZ sshd[25178]: Failed password for root from 218.65.30.30 port 52420 ssh2
Jan  2 05:35:32 LabSZ sshd[25174]: message repeated 5 times: [ Failed password for root from 58.242.83.25 port 34495 ssh2]
Jan  2 05:35:32 LabSZ sshd[25174]: Disconnecting: Too many authentication failures for root [preauth]
Jan  2 05:35:32 LabSZ sshd[25174]: PAM 5 more authentication failures; logname= uid=0 euid=0 tty=ssh ruser= rhost=58.242.83.25  user=root
Jan  2 05:35:32 LabSZ sshd[25174]: PAM service(sshd) ignoring max retries; 6 > 3
Jan  2 05:35:33 LabSZ sshd[25180]: pam_unix(sshd:auth): authentication failure; logname= uid=0 euid=0 tty=ssh ruser= rhost=58.242.83.25  user=root
Jan  2 05:35:35 LabSZ sshd[25180]: Failed password for root from 58.242.83.25 port 56614 ssh2
Jan  2 05:35:40 LabSZ sshd[25176]: message repeated 5 times: [ Failed password for root from 182.100.67.120 port 52358 ssh2]
Jan  2 05:35:40 LabSZ sshd[25176]: Disconnecting: Too many authentication failures for root [preauth]
Jan  2 05:35:40 LabSZ sshd[25176]: PAM 5 more authentication failures; logname= uid=0 euid=0 tty=ssh ruser= rhost=182.100.67.120  user=root
Jan  2 05:35:40 LabSZ sshd[25176]: PAM service(sshd) ignoring max retries; 6 > 3
Jan  2 05:35:41 LabSZ sshd[25184]: pam_unix(sshd:auth): authentication failure; logname= uid=0 euid=0 tty=ssh ruser= rhost=182.100.67.120  user=root
Jan  2 05:35:43 LabSZ sshd[25178]: message repeated 5 times: [ Failed password for root from 218.65.30.30 port 52420 ssh2]
Jan  2 05:35:43 LabSZ sshd[25178]: Disconnecting: Too many authentication failures for root [preauth]
Jan  2 05:35:43 LabSZ sshd[25178]: PAM 5 more authentication failures; logname= uid=0 euid=0 tty=ssh ruser= rhost=218.65.30.30  user=root
Jan  2 05:35:43 LabSZ sshd[25178]: PAM service(sshd) ignoring max retries; 6 > 3
Jan  2 05:35:44 LabSZ sshd[25184]: Failed password for root from 182.100.67.120 port 25820 ssh2
Jan  2 05:35:44 LabSZ sshd[25182]: pam_unix(sshd:auth): authentication failure; logname= uid=0 euid=0 tty=ssh ruser= rhost=43.227.135.250  user=root
Jan  2 05:35:45 LabSZ sshd[25186]: reverse mapping checking getaddrinfo for 30.30.65.218.broad.xy.jx.dynamic.163data.com.cn [218.65.30.30] failed - POSSIBLE BREAK-IN ATTEMPT!
Jan  2 05:35:45 LabSZ sshd[25186]: pam_unix(sshd:auth): authentication failure; logname= uid=0 euid=0 tty=ssh ruser= rhost=218.65.30.30  user=root
Jan  2 05:35:46 LabSZ sshd[25182]: Failed password for root from 43.227.135.250 port 46478 ssh2
Jan  2 05:35:47 LabSZ sshd[25186]: Failed password for root from 218.65.30.30 port 26854 ssh2
Jan  2 05:35:47 LabSZ sshd[25182]: Received disconnect from 43.227.135.250: 11: Bye Bye [preauth]
Jan  2 05:35:48 LabSZ sshd[25180]: message repeated 5 times: [ Failed password for root from 58.242.83.25 port 56614 ssh2]
Jan  2 05:35:48 LabSZ sshd[25180]: Disconnecting: Too many authentication failures for root [preauth]
Jan  2 05:35:48 LabSZ sshd[25180]: PAM 5 more authentication failures; logname= uid=0 euid=0 tty=ssh ruser= rhost=58.242.83.25  user=root
Jan  2 05:35:48 LabSZ sshd[25180]: PAM service(sshd) ignoring max retries; 6 > 3
Jan  2 05:35:50 LabSZ sshd[25188]: pam_unix(sshd:auth): authentication failure; logname= uid=0 euid=0 tty=ssh ruser= rhost=58.242.83.25  user=root
Jan  2 05:35:52 LabSZ sshd[25188]: Failed password for root from 58.242.83.25 port 12707 ssh2
Jan  2 05:35:58 LabSZ sshd[25184]: message repeated 5 times: [ Failed password for root from 182.100.67.120 port 25820 ssh2]
Jan  2 05:35:58 LabSZ sshd[25184]: Disconnecting: Too many authentication failures for root [preauth]
Jan  2 05:35:58 LabSZ sshd[25184]: PAM 5 more authentication failures; logname= uid=0 euid=0 tty=ssh ruser= rhost=182.100.67.120  user=root
Jan  2 05:35:58 LabSZ sshd[25184]: PAM service(sshd) ignoring max retries; 6 > 3
Jan  2 05:35:59 LabSZ sshd[25190]: pam_unix(sshd:auth): authentication failure; logname= uid=0 euid=0 tty=ssh ruser= rhost=182.100.67.120  user=root
Jan  2 05:36:00 LabSZ sshd[25186]: message repeated 5 times: [ Failed password for root from 218.65.30.30 port 26854 ssh2]
Jan  2 05:36:00 LabSZ sshd[25186]: Disconnecting: Too many authentication failures for root [preauth]
Jan  2 05:36:00 LabSZ sshd[25186]: PAM 5 more authentication failures; logname= uid=0 euid=0 tty=ssh ruser= rhost=218.65.30.30  user=root
Jan  2 05:36:00 LabSZ sshd[25186]: PAM service(sshd) ignoring max retries; 6 > 3
Jan  2 05:36:01 LabSZ sshd[25190]: Failed password for root from 182.100.67.120 port 63124 ssh2
Jan  2 05:36:02 LabSZ sshd[25192]: reverse mapping checking getaddrinfo for 30.30.65.218.broad.xy.jx.dynamic.163data.com.cn [218.65.30.30] failed - POSSIBLE BREAK-IN ATTEMPT!
Jan  2 05:36:02 LabSZ sshd[25192]: pam_unix(sshd:auth): authentication failure; logname= uid=0 euid=0 tty=ssh ruser= rhost=218.65.30.30  user=root
Jan  2 05:36:04 LabSZ sshd[25192]: Failed password for root from 218.65.30.30 port 1858 ssh2
Jan  2 05:36:06 LabSZ sshd[25188]: message repeated 5 times: [ Failed password for root from 58.242.83.25 port 12707 ssh2]
Jan  2 05:36:06 LabSZ sshd[25188]: Disconnecting: Too many authentication failures for root [preauth]
Jan  2 05:36:06 LabSZ sshd[25188]: PAM 5 more authentication failures; logname= uid=0 euid=0 tty=ssh ruser= rhost=58.242.83.25  user=root
Jan  2 05:36:06 LabSZ sshd[25188]: PAM service(sshd) ignoring max retries; 6 > 3
Jan  2 05:36:07 LabSZ sshd[25194]: pam_unix(sshd:auth): authentication failure; logname= uid=0 euid=0 tty=ssh ruser= rhost=58.242.83.25  user=root
Jan  2 05:36:09 LabSZ sshd[25194]: Failed password for root from 58.242.83.25 port 35666 ssh2
Jan  2 05:36:14 LabSZ sshd[25190]: message repeated 5 times: [ Failed password for root from 182.100.67.120 port 63124 ssh2]
Jan  2 05:36:14 LabSZ sshd[25190]: Disconnecting: Too many authentication failures for root [preauth]
Jan  2 05:36:14 LabSZ sshd[25190]: PAM 5 more authentication failures; logname= uid=0 euid=0 tty=ssh ruser= rhost=182.100.67.120  user=root
Jan  2 05:36:14 LabSZ sshd[25190]: PAM service(sshd) ignoring max retries; 6 > 3
Jan  2 05:36:16 LabSZ sshd[25196]: pam_unix(sshd:auth): authentication failure; logname= uid=0 euid=0 tty=ssh ruser= rhost=182.100.67.120  user=root
Jan  2 05:36:18 LabSZ sshd[25192]: message repeated 5 times: [ Failed password for root from 218.65.30.30 port 1858 ssh2]
Jan  2 05:36:18 LabSZ sshd[25192]: Disconnecting: Too many authentication failures for root [preauth]
Jan  2 05:36:18 LabSZ sshd[25192]: PAM 5 more authentication failures; logname= uid=0 euid=0 tty=ssh ruser= rhost=218.65.30.30  user=root
Jan  2 05:36:18 LabSZ sshd[25192]: PAM service(sshd) ignoring max retries; 6 > 3
Jan  2 05:36:18 LabSZ sshd[25196]: Failed password for root from 182.100.67.120 port 37350 ssh2
Jan  2 05:36:19 LabSZ sshd[25198]: reverse mapping checking getaddrinfo for 30.30.65.218.broad.xy.jx.dynamic.163data.com.cn [218.65.30.30] failed - POSSIBLE BREAK-IN ATTEMPT!
Jan  2 05:36:19 LabSZ sshd[25198]: pam_unix(sshd:auth): authentication failure; logname= uid=0 euid=0 tty=ssh ruser= rhost=218.65.30.30  user=root
Jan  2 05:36:21 LabSZ sshd[25198]: Failed password for root from 218.65.30.30 port 41244 ssh2
Jan  2 05:36:22 LabSZ sshd[25194]: message repeated 5 times: [ Failed password for root from 58.242.83.25 port 35666 ssh2]
Jan  2 05:36:22 LabSZ sshd[25194]: Disconnecting: Too many authentication failures for root [preauth]
Jan  2 05:36:22 LabSZ sshd[25194]: PAM 5 more authentication failures; logname= uid=0 euid=0 tty=ssh ruser= rhost=58.242.83.25  user=root
Jan  2 05:36:22 LabSZ sshd[25194]: PAM service(sshd) ignoring max retries; 6 > 3
Jan  2 05:36:23 LabSZ sshd[25200]: pam_unix(sshd:auth): authentication failure; logname= uid=0 euid=0 tty=ssh ruser= rhost=58.242.83.25  user=root
Jan  2 05:36:26 LabSZ sshd[25200]: Failed password for root from 58.242.83.25 port 56015 ssh2
Jan  2 05:36:32 LabSZ sshd[25196]: message repeated 5 times: [ Failed password for root from 182.100.67.120 port 37350 ssh2]
Jan  2 05:36:32 LabSZ sshd[25196]: Disconnecting: Too many authentication failures for root [preauth]
Jan  2 05:36:32 LabSZ sshd[25196]: PAM 5 more authentication failures; logname= uid=0 euid=0 tty=ssh ruser= rhost=182.100.67.120  user=root
Jan  2 05:36:32 LabSZ sshd[25196]: PAM service(sshd) ignoring max retries; 6 > 3
Jan  2 05:36:33 LabSZ sshd[25202]: pam_unix(sshd:auth): authentication failure; logname= uid=0 euid=0 tty=ssh ruser= rhost=182.100.67.120  user=root
Jan  2 05:36:34 LabSZ sshd[25198]: message repeated 5 times: [ Failed password for root from 218.65.30.30 port 41244 ssh2]
Jan  2 05:36:34 LabSZ sshd[25198]: Disconnecting: Too many authentication failures for root [preauth]
Jan  2 05:36:34 LabSZ sshd[25198]: PAM 5 more authentication failures; logname= uid=0 euid=0 tty=ssh ruser= rhost=218.65.30.30  user=root
Jan  2 05:36:34 LabSZ sshd[25198]: PAM service(sshd) ignoring max retries; 6 > 3
Jan  2 05:36:35 LabSZ sshd[25202]: Failed password for root from 182.100.67.120 port 12260 ssh2
Jan  2 05:36:36 LabSZ sshd[25204]: reverse mapping checking getaddrinfo for 30.30.65.218.broad.xy.jx.dynamic.163data.com.cn [218.65.30.30] failed - POSSIBLE BREAK-IN ATTEMPT!
Jan  2 05:36:36 LabSZ sshd[25204]: pam_unix(sshd:auth): authentication failure; logname= uid=0 euid=0 tty=ssh ruser= rhost=218.65.30.30  user=root
Jan  2 05:36:38 LabSZ sshd[25204]: Failed password for root from 218.65.30.30 port 16184 ssh2
Jan  2 05:36:38 LabSZ sshd[25200]: message repeated 5 times: [ Failed password for root from 58.242.83.25 port 56015 ssh2]
Jan  2 05:36:38 LabSZ sshd[25200]: Disconnecting: Too many authentication failures for root [preauth]
Jan  2 05:36:38 LabSZ sshd[25200]: PAM 5 more authentication failures; logname= uid=0 euid=0 tty=ssh ruser= rhost=58.242.83.25  user=root
Jan  2 05:36:38 LabSZ sshd[25200]: PAM service(sshd) ignoring max retries; 6 > 3
Jan  2 05:36:40 LabSZ sshd[25206]: pam_unix(sshd:auth): authentication failure; logname= uid=0 euid=0 tty=ssh ruser= rhost=58.242.83.25  user=root
Jan  2 05:36:42 LabSZ sshd[25208]: Invalid user ubnt from 207.154.196.10
Jan  2 05:36:42 LabSZ sshd[25208]: input_userauth_request: invalid user ubnt [preauth]
Jan  2 05:36:42 LabSZ sshd[25208]: pam_unix(sshd:auth): check pass; user unknown
Jan  2 05:36:42 LabSZ sshd[25208]: pam_unix(sshd:auth): authentication failure; logname= uid=0 euid=0 tty=ssh ruser= rhost=207.154.196.10 
Jan  2 05:36:42 LabSZ sshd[25206]: Failed password for root from 58.242.83.25 port 14118 ssh2
Jan  2 05:36:43 LabSZ sshd[25208]: Failed password for invalid user ubnt from 207.154.196.10 port 50892 ssh2
