Dec 16 19:52:57 LabSZ sshd[3783]: pam_unix(sshd:auth): authentication failure; logname= uid=0 euid=0 tty=ssh ruser= rhost=183.238.178.195  user=root
Dec 16 19:52:59 LabSZ sshd[3759]: Connection closed by 5.188.10.182 [preauth]
Dec 16 19:52:59 LabSZ sshd[3783]: Failed password for root from 183.238.178.195 port 38581 ssh2
Dec 16 19:52:59 LabSZ sshd[3783]: Connection closed by 183.238.178.195 [preauth]
Dec 16 19:52:59 LabSZ sshd[3786]: pam_unix(sshd:auth): authentication failure; logname= uid=0 euid=0 tty=ssh ruser= rhost=183.238.178.195  user=root
Dec 16 19:53:02 LabSZ sshd[3786]: Failed password for root from 183.238.178.195 port 39249 ssh2
Dec 16 19:53:02 LabSZ sshd[3786]: Connection closed by 183.238.178.195 [preauth]
Dec 16 19:53:02 LabSZ sshd[3788]: pam_unix(sshd:auth): authentication failure; logname= uid=0 euid=0 tty=ssh ruser= rhost=183.238.178.195  user=root
Dec 16 19:53:04 LabSZ sshd[3788]: Failed password for root from 183.238.178.195 port 39857 ssh2
Dec 16 19:53:04 LabSZ sshd[3788]: Connection closed by 183.238.178.195 [preauth]
Dec 16 19:53:04 LabSZ sshd[3790]: pam_unix(sshd:auth): authentication failure; logname= uid=0 euid=0 tty=ssh ruser= rhost=183.238.178.195  user=root
Dec 16 19:53:06 LabSZ sshd[3790]: Failed password for root from 183.238.178.195 port 40383 ssh2
Dec 16 19:53:06 LabSZ sshd[3790]: Connection closed by 183.238.178.195 [preauth]
Dec 16 19:53:06 LabSZ sshd[3792]: pam_unix(sshd:auth): authentication failure; logname= uid=0 euid=0 tty=ssh ruser= rhost=183.238.178.195  user=root
Dec 16 19:53:08 LabSZ sshd[3792]: Failed password for root from 183.238.178.195 port 40950 ssh2
Dec 16 19:53:08 LabSZ sshd[3792]: Connection closed by 183.238.178.195 [preauth]
Dec 16 19:53:08 LabSZ sshd[3794]: pam_unix(sshd:auth): authentication failure; logname= uid=0 euid=0 tty=ssh ruser= rhost=183.238.178.195  user=root
Dec 16 19:53:10 LabSZ sshd[3794]: Failed password for root from 183.238.178.195 port 41550 ssh2
Dec 16 19:53:10 LabSZ sshd[3794]: Connection closed by 183.238.178.195 [preauth]
Dec 16 19:53:10 LabSZ sshd[3797]: pam_unix(sshd:auth): authentication failure; logname= uid=0 euid=0 tty=ssh ruser= rhost=183.238.178.195  user=root
Dec 16 19:53:13 LabSZ sshd[3797]: Failed password for root from 183.238.178.195 port 42107 ssh2
Dec 16 19:53:13 LabSZ sshd[3797]: Connection closed by 183.238.178.195 [preauth]
Dec 16 19:53:13 LabSZ sshd[3799]: pam_unix(sshd:auth): authentication failure; logname= uid=0 euid=0 tty=ssh ruser= rhost=183.238.178.195  user=root
Dec 16 19:53:14 LabSZ sshd[3785]: Invalid user admin from 5.188.10.182
Dec 16 19:53:14 LabSZ sshd[3785]: input_userauth_request: invalid user admin [preauth]
Dec 16 19:53:14 LabSZ sshd[3785]: pam_unix(sshd:auth): check pass; user unknown
Dec 16 19:53:14 LabSZ sshd[3785]: pam_unix(sshd:auth): authentication failure; logname= uid=0 euid=0 tty=ssh ruser= rhost=5.188.10.182 
Dec 16 19:53:15 LabSZ sshd[3799]: Failed password for root from 183.238.178.195 port 42794 ssh2
Dec 16 19:53:15 LabSZ sshd[3799]: Connection closed by 183.238.178.195 [preauth]
Dec 16 19:53:15 LabSZ sshd[3801]: pam_unix(sshd:auth): authentication failure; logname= uid=0 euid=0 tty=ssh ruser= rhost=183.238.178.195  user=root
Dec 16 19:53:16 LabSZ sshd[3785]: Failed password for invalid user admin from 5.188.10.182 port 50417 ssh2
Dec 16 19:53:17 LabSZ sshd[3801]: Failed password for root from 183.238.178.195 port 43292 ssh2
Dec 16 19:53:17 LabSZ sshd[3801]: Connection closed by 183.238.178.195 [preauth]
Dec 16 19:53:17 LabSZ sshd[3803]: pam_unix(sshd:auth): authentication failure; logname= uid=0 euid=0 tty=ssh ruser= rhost=183.238.178.195  user=root
Dec 16 19:53:18 LabSZ sshd[3785]: pam_unix(sshd:auth): check pass; user unknown
Dec 16 19:53:19 LabSZ sshd[3803]: Failed password for root from 183.238.178.195 port 43801 ssh2
Dec 16 19:53:19 LabSZ sshd[3803]: Connection closed by 183.238.178.195 [preauth]
Dec 16 19:53:19 LabSZ sshd[3805]: pam_unix(sshd:auth): authentication failure; logname= uid=0 euid=0 tty=ssh ruser= rhost=183.238.178.195  user=root
Dec 16 19:53:21 LabSZ sshd[3785]: Failed password for invalid user admin from 5.188.10.182 port 50417 ssh2
Dec 16 19:53:21 LabSZ sshd[3805]: Failed password for root from 183.238.178.195 port 44461 ssh2
Dec 16 19:53:21 LabSZ sshd[3805]: Connection closed by 183.238.178.195 [preauth]
Dec 16 19:53:21 LabSZ sshd[3807]: pam_unix(sshd:auth): authentication failure; logname= uid=0 euid=0 tty=ssh ruser= rhost=183.238.178.195  user=root
Dec 16 19:53:23 LabSZ sshd[3785]: pam_unix(sshd:auth): check pass; user unknown
Dec 16 19:53:23 LabSZ sshd[3807]: Failed password for root from 183.238.178.195 port 44972 ssh2
Dec 16 19:53:23 LabSZ sshd[3807]: Connection closed by 183.238.178.195 [preauth]
Dec 16 19:53:24 LabSZ sshd[3809]: pam_unix(sshd:auth): authentication failure; logname= uid=0 euid=0 tty=ssh ruser= rhost=183.238.178.195  user=root
Dec 16 19:53:25 LabSZ sshd[3785]: Failed password for invalid user admin from 5.188.10.182 port 50417 ssh2
Dec 16 19:53:26 LabSZ sshd[3809]: Failed password for root from 183.238.178.195 port 45622 ssh2
Dec 16 19:53:26 LabSZ sshd[3809]: Connection closed by 183.238.178.195 [preauth]
Dec 16 19:53:26 LabSZ sshd[3811]: pam_unix(sshd:auth): authentication failure; logname= uid=0 euid=0 tty=ssh ruser= rhost=183.238.178.195  user=root
Dec 16 19:53:26 LabSZ sshd[3785]: pam_unix(sshd:auth): check pass; user unknown
Dec 16 19:53:28 LabSZ sshd[3811]: Failed password for root from 183.238.178.195 port 46183 ssh2
Dec 16 19:53:28 LabSZ sshd[3811]: Connection closed by 183.238.178.195 [preauth]
Dec 16 19:53:28 LabSZ sshd[3813]: pam_unix(sshd:auth): authentication failure; logname= uid=0 euid=0 tty=ssh ruser= rhost=183.238.178.195  user=root
Dec 16 19:53:28 LabSZ sshd[3785]: Failed password for invalid user admin from 5.188.10.182 port 50417 ssh2
Dec 16 19:53:29 LabSZ sshd[3785]: pam_unix(sshd:auth): check pass; user unknown
Dec 16 19:53:30 LabSZ sshd[3813]: Failed password for root from 183.238.178.195 port 46770 ssh2
Dec 16 19:53:30 LabSZ sshd[3813]: Connection closed by 183.238.178.195 [preauth]
Dec 16 19:53:30 LabSZ sshd[3815]: pam_unix(sshd:auth): authentication failure; logname= uid=0 euid=0 tty=ssh ruser= rhost=183.238.178.195  user=root
Dec 16 19:53:32 LabSZ sshd[3785]: Failed password for invalid user admin from 5.188.10.182 port 50417 ssh2
Dec 16 19:53:33 LabSZ sshd[3815]: Failed password for root from 183.238.178.195 port 47409 ssh2
Dec 16 19:53:33 LabSZ sshd[3815]: Connection closed by 183.238.178.195 [preauth]
Dec 16 19:53:33 LabSZ sshd[3817]: pam_unix(sshd:auth): authentication failure; logname= uid=0 euid=0 tty=ssh ruser= rhost=183.238.178.195  user=root
Dec 16 19:53:34 LabSZ sshd[3785]: Connection closed by 5.188.10.182 [preauth]
Dec 16 19:53:34 LabSZ sshd[3785]: PAM 4 more authentication failures; logname= uid=0 euid=0 tty=ssh ruser= rhost=5.188.10.182 
Dec 16 19:53:34 LabSZ sshd[3785]: PAM service(sshd) ignoring max retries; 5 > 3
Dec 16 19:53:35 LabSZ sshd[3817]: Failed password for root from 183.238.178.195 port 48113 ssh2
Dec 16 19:53:35 LabSZ sshd[3817]: Connection closed by 183.238.178.195 [preauth]
Dec 16 19:53:35 LabSZ sshd[3820]: pam_unix(sshd:auth): authentication failure; logname= uid=0 euid=0 tty=ssh ruser= rhost=183.238.178.195  user=root
Dec 16 19:53:38 LabSZ sshd[3820]: Failed password for root from 183.238.178.195 port 48771 ssh2
Dec 16 19:53:38 LabSZ sshd[3820]: Connection closed by 183.238.178.195 [preauth]
Dec 16 19:53:38 LabSZ sshd[3822]: pam_unix(sshd:auth): authentication failure; logname= uid=0 euid=0 tty=ssh ruser= rhost=183.238.178.195  user=root
Dec 16 19:53:40 LabSZ sshd[3822]: Failed password for root from 183.238.178.195 port 49467 ssh2
Dec 16 19:53:40 LabSZ sshd[3822]: Connection closed by 183.238.178.195 [preauth]
Dec 16 19:53:40 LabSZ sshd[3824]: pam_unix(sshd:auth): authentication failure; logname= uid=0 euid=0 tty=ssh ruser= rhost=183.238.178.195  user=root
Dec 16 19:53:42 LabSZ sshd[3824]: Failed password for root from 183.238.178.195 port 49955 ssh2
Dec 16 19:53:42 LabSZ sshd[3824]: Connection closed by 183.238.178.195 [preauth]
Dec 16 19:53:42 LabSZ sshd[3826]: pam_unix(sshd:auth): authentication failure; logname= uid=0 euid=0 tty=ssh ruser= rhost=183.238.178.195  user=root
Dec 16 19:53:43 LabSZ sshd[3819]: Did not receive identification string from 5.188.10.182
Dec 16 19:53:45 LabSZ sshd[3826]: Failed password for root from 183.238.178.195 port 50649 ssh2
Dec 16 19:53:45 LabSZ sshd[3826]: Connection closed by 183.238.178.195 [preauth]
Dec 16 19:53:45 LabSZ sshd[3828]: pam_unix(sshd:auth): authentication failure; logname= uid=0 euid=0 tty=ssh ruser= rhost=183.238.178.195  user=root
Dec 16 19:53:47 LabSZ sshd[3828]: Failed password for root from 183.238.178.195 port 51361 ssh2
Dec 16 19:53:47 LabSZ sshd[3828]: Connection closed by 183.238.178.195 [preauth]
Dec 16 19:53:47 LabSZ sshd[3830]: pam_unix(sshd:auth): authentication failure; logname= uid=0 euid=0 tty=ssh ruser= rhost=183.238.178.195  user=root
Dec 16 19:53:50 LabSZ sshd[3830]: Failed password for root from 183.238.178.195 port 52002 ssh2
Dec 16 19:53:50 LabSZ sshd[3830]: Connection closed by 183.238.178.195 [preauth]
Dec 16 19:53:50 LabSZ sshd[3832]: pam_unix(sshd:auth): authentication failure; logname= uid=0 euid=0 tty=ssh ruser= rhost=183.238.178.195  user=root
Dec 16 19:53:52 LabSZ sshd[3832]: Failed password for root from 183.238.178.195 port 52694 ssh2
Dec 16 19:53:52 LabSZ sshd[3832]: Connection closed by 183.238.178.195 [preauth]
Dec 16 19:53:52 LabSZ sshd[3834]: pam_unix(sshd:auth): authentication failure; logname= uid=0 euid=0 tty=ssh ruser= rhost=183.238.178.195  user=root
Dec 16 19:53:54 LabSZ sshd[3834]: Failed password for root from 183.238.178.195 port 53143 ssh2
Dec 16 19:53:54 LabSZ sshd[3834]: Connection closed by 183.238.178.195 [preauth]
Dec 16 19:53:54 LabSZ sshd[3836]: pam_unix(sshd:auth): authentication failure; logname= uid=0 euid=0 tty=ssh ruser= rhost=183.238.178.195  user=root
Dec 16 19:53:57 LabSZ sshd[3836]: Failed password for root from 183.238.178.195 port 53852 ssh2
Dec 16 19:53:57 LabSZ sshd[3836]: Connection closed by 183.238.178.195 [preauth]
Dec 16 19:53:57 LabSZ sshd[3838]: pam_unix(sshd:auth): authentication failure; logname= uid=0 euid=0 tty=ssh ruser= rhost=183.238.178.195  user=root
Dec 16 19:53:59 LabSZ sshd[3838]: Failed password for root from 183.238.178.195 port 54664 ssh2
Dec 16 19:53:59 LabSZ sshd[3838]: Connection closed by 183.238.178.195 [preauth]
Dec 16 19:53:59 LabSZ sshd[3840]: pam_unix(sshd:auth): authentication failure; logname= uid=0 euid=0 tty=ssh ruser= rhost=183.238.178.195  user=root
