Jan  4 06:39:29 LabSZ sshd[21181]: pam_unix(sshd:auth): authentication failure; logname= uid=0 euid=0 tty=ssh ruser= rhost=59.63.188.30  user=root
Jan  4 06:39:29 LabSZ sshd[21183]: Failed password for root from 218.87.109.156 port 36726 ssh2
Jan  4 06:39:30 LabSZ sshd[21175]: Failed password for invalid user admin from 5.188.10.182 port 56250 ssh2
Jan  4 06:39:31 LabSZ sshd[21181]: Failed password for root from 59.63.188.30 port 35227 ssh2
Jan  4 06:39:31 LabSZ sshd[21175]: pam_unix(sshd:auth): check pass; user unknown
Jan  4 06:39:33 LabSZ sshd[21175]: Failed password for invalid user admin from 5.188.10.182 port 56250 ssh2
Jan  4 06:39:34 LabSZ sshd[21175]: pam_unix(sshd:auth): check pass; user unknown
Jan  4 06:39:36 LabSZ sshd[21175]: Failed password for invalid user admin from 5.188.10.182 port 56250 ssh2
Jan  4 06:39:36 LabSZ sshd[21175]: Connection closed by 5.188.10.182 [preauth]
Jan  4 06:39:36 LabSZ sshd[21175]: PAM 4 more authentication failures; logname= uid=0 euid=0 tty=ssh ruser= rhost=5.188.10.182 
Jan  4 06:39:36 LabSZ sshd[21175]: PAM service(sshd) ignoring max retries; 5 > 3
Jan  4 06:39:38 LabSZ sshd[21179]: message repeated 5 times: [ Failed password for root from 182.100.67.52 port 33796 ssh2]
Jan  4 06:39:38 LabSZ sshd[21179]: Disconnecting: Too many authentication failures for root [preauth]
Jan  4 06:39:38 LabSZ sshd[21179]: PAM 5 more authentication failures; logname= uid=0 euid=0 tty=ssh ruser= rhost=182.100.67.52  user=root
Jan  4 06:39:38 LabSZ sshd[21179]: PAM service(sshd) ignoring max retries; 6 > 3
Jan  4 06:39:39 LabSZ sshd[21185]: Invalid user admin from 5.188.10.182
Jan  4 06:39:39 LabSZ sshd[21185]: input_userauth_request: invalid user admin [preauth]
Jan  4 06:39:39 LabSZ sshd[21185]: pam_unix(sshd:auth): check pass; user unknown
Jan  4 06:39:39 LabSZ sshd[21185]: pam_unix(sshd:auth): authentication failure; logname= uid=0 euid=0 tty=ssh ruser= rhost=5.188.10.182 
Jan  4 06:39:40 LabSZ sshd[21187]: pam_unix(sshd:auth): authentication failure; logname= uid=0 euid=0 tty=ssh ruser= rhost=182.100.67.52  user=root
Jan  4 06:39:41 LabSZ sshd[21185]: Failed password for invalid user admin from 5.188.10.182 port 49981 ssh2
Jan  4 06:39:41 LabSZ sshd[21176]: message repeated 5 times: [ Failed password for root from 59.63.188.30 port 17845 ssh2]
Jan  4 06:39:41 LabSZ sshd[21176]: Disconnecting: Too many authentication failures for root [preauth]
Jan  4 06:39:41 LabSZ sshd[21176]: PAM 5 more authentication failures; logname= uid=0 euid=0 tty=ssh ruser= rhost=59.63.188.30  user=root
Jan  4 06:39:41 LabSZ sshd[21176]: PAM service(sshd) ignoring max retries; 6 > 3
Jan  4 06:39:41 LabSZ sshd[21187]: Failed password for root from 182.100.67.52 port 3158 ssh2
Jan  4 06:39:41 LabSZ sshd[21183]: message repeated 5 times: [ Failed password for root from 218.87.109.156 port 36726 ssh2]
Jan  4 06:39:41 LabSZ sshd[21183]: Disconnecting: Too many authentication failures for root [preauth]
Jan  4 06:39:41 LabSZ sshd[21183]: PAM 5 more authentication failures; logname= uid=0 euid=0 tty=ssh ruser= rhost=218.87.109.156  user=root
Jan  4 06:39:41 LabSZ sshd[21183]: PAM service(sshd) ignoring max retries; 6 > 3
Jan  4 06:39:42 LabSZ sshd[21185]: pam_unix(sshd:auth): check pass; user unknown
Jan  4 06:39:42 LabSZ sshd[21189]: pam_unix(sshd:auth): authentication failure; logname= uid=0 euid=0 tty=ssh ruser= rhost=59.63.188.30  user=root
Jan  4 06:39:43 LabSZ sshd[21191]: pam_unix(sshd:auth): authentication failure; logname= uid=0 euid=0 tty=ssh ruser= rhost=218.87.109.156  user=root
Jan  4 06:39:43 LabSZ sshd[21181]: message repeated 5 times: [ Failed password for root from 59.63.188.30 port 35227 ssh2]
Jan  4 06:39:43 LabSZ sshd[21181]: Disconnecting: Too many authentication failures for root [preauth]
Jan  4 06:39:43 LabSZ sshd[21181]: PAM 5 more authentication failures; logname= uid=0 euid=0 tty=ssh ruser= rhost=59.63.188.30  user=root
Jan  4 06:39:43 LabSZ sshd[21181]: PAM service(sshd) ignoring max retries; 6 > 3
Jan  4 06:39:44 LabSZ sshd[21185]: Failed password for invalid user admin from 5.188.10.182 port 49981 ssh2
Jan  4 06:39:44 LabSZ sshd[21189]: Failed password for root from 59.63.188.30 port 40459 ssh2
Jan  4 06:39:44 LabSZ sshd[21185]: pam_unix(sshd:auth): check pass; user unknown
Jan  4 06:39:45 LabSZ sshd[21191]: Failed password for root from 218.87.109.156 port 3762 ssh2
Jan  4 06:39:47 LabSZ sshd[21185]: Failed password for invalid user admin from 5.188.10.182 port 49981 ssh2
Jan  4 06:39:47 LabSZ sshd[21185]: pam_unix(sshd:auth): check pass; user unknown
Jan  4 06:39:49 LabSZ sshd[21185]: Failed password for invalid user admin from 5.188.10.182 port 49981 ssh2
Jan  4 06:39:49 LabSZ sshd[21185]: pam_unix(sshd:auth): check pass; user unknown
Jan  4 06:39:50 LabSZ sshd[21193]: pam_unix(sshd:auth): authentication failure; logname= uid=0 euid=0 tty=ssh ruser= rhost=59.63.188.30  user=root
Jan  4 06:39:52 LabSZ sshd[21185]: Failed password for invalid user admin from 5.188.10.182 port 49981 ssh2
Jan  4 06:39:52 LabSZ sshd[21185]: Connection closed by 5.188.10.182 [preauth]
Jan  4 06:39:52 LabSZ sshd[21185]: PAM 4 more authentication failures; logname= uid=0 euid=0 tty=ssh ruser= rhost=5.188.10.182 
Jan  4 06:39:52 LabSZ sshd[21185]: PAM service(sshd) ignoring max retries; 5 > 3
Jan  4 06:39:53 LabSZ sshd[21193]: Failed password for root from 59.63.188.30 port 42780 ssh2
Jan  4 06:39:54 LabSZ sshd[21187]: message repeated 5 times: [ Failed password for root from 182.100.67.52 port 3158 ssh2]
Jan  4 06:39:54 LabSZ sshd[21187]: Disconnecting: Too many authentication failures for root [preauth]
Jan  4 06:39:54 LabSZ sshd[21187]: PAM 5 more authentication failures; logname= uid=0 euid=0 tty=ssh ruser= rhost=182.100.67.52  user=root
Jan  4 06:39:54 LabSZ sshd[21187]: PAM service(sshd) ignoring max retries; 6 > 3
Jan  4 06:39:55 LabSZ sshd[21197]: pam_unix(sshd:auth): authentication failure; logname= uid=0 euid=0 tty=ssh ruser= rhost=182.100.67.52  user=root
Jan  4 06:39:56 LabSZ sshd[21195]: Invalid user admin from 5.188.10.182
Jan  4 06:39:56 LabSZ sshd[21195]: input_userauth_request: invalid user admin [preauth]
Jan  4 06:39:56 LabSZ sshd[21195]: pam_unix(sshd:auth): check pass; user unknown
Jan  4 06:39:56 LabSZ sshd[21195]: pam_unix(sshd:auth): authentication failure; logname= uid=0 euid=0 tty=ssh ruser= rhost=5.188.10.182 
Jan  4 06:39:57 LabSZ sshd[21189]: message repeated 5 times: [ Failed password for root from 59.63.188.30 port 40459 ssh2]
Jan  4 06:39:57 LabSZ sshd[21189]: Disconnecting: Too many authentication failures for root [preauth]
Jan  4 06:39:57 LabSZ sshd[21189]: PAM 5 more authentication failures; logname= uid=0 euid=0 tty=ssh ruser= rhost=59.63.188.30  user=root
Jan  4 06:39:57 LabSZ sshd[21189]: PAM service(sshd) ignoring max retries; 6 > 3
Jan  4 06:39:57 LabSZ sshd[21197]: Failed password for root from 182.100.67.52 port 37238 ssh2
Jan  4 06:39:57 LabSZ sshd[21191]: message repeated 5 times: [ Failed password for root from 218.87.109.156 port 3762 ssh2]
Jan  4 06:39:57 LabSZ sshd[21191]: Disconnecting: Too many authentication failures for root [preauth]
Jan  4 06:39:57 LabSZ sshd[21191]: PAM 5 more authentication failures; logname= uid=0 euid=0 tty=ssh ruser= rhost=218.87.109.156  user=root
Jan  4 06:39:57 LabSZ sshd[21191]: PAM service(sshd) ignoring max retries; 6 > 3
Jan  4 06:39:58 LabSZ sshd[21199]: pam_unix(sshd:auth): authentication failure; logname= uid=0 euid=0 tty=ssh ruser= rhost=59.63.188.30  user=root
Jan  4 06:39:58 LabSZ sshd[21195]: Failed password for invalid user admin from 5.188.10.182 port 44328 ssh2
Jan  4 06:39:59 LabSZ sshd[21195]: Connection closed by 5.188.10.182 [preauth]
Jan  4 06:40:00 LabSZ sshd[21199]: Failed password for root from 59.63.188.30 port 61861 ssh2
Jan  4 06:40:02 LabSZ sshd[21203]: Invalid user default from 5.188.10.182
Jan  4 06:40:02 LabSZ sshd[21203]: input_userauth_request: invalid user default [preauth]
Jan  4 06:40:02 LabSZ sshd[21203]: pam_unix(sshd:auth): check pass; user unknown
Jan  4 06:40:02 LabSZ sshd[21203]: pam_unix(sshd:auth): authentication failure; logname= uid=0 euid=0 tty=ssh ruser= rhost=5.188.10.182 
Jan  4 06:40:04 LabSZ sshd[21203]: Failed password for invalid user default from 5.188.10.182 port 42749 ssh2
Jan  4 06:40:05 LabSZ sshd[21203]: pam_unix(sshd:auth): check pass; user unknown
Jan  4 06:40:06 LabSZ sshd[21193]: message repeated 5 times: [ Failed password for root from 59.63.188.30 port 42780 ssh2]
Jan  4 06:40:06 LabSZ sshd[21193]: Disconnecting: Too many authentication failures for root [preauth]
Jan  4 06:40:06 LabSZ sshd[21193]: PAM 5 more authentication failures; logname= uid=0 euid=0 tty=ssh ruser= rhost=59.63.188.30  user=root
Jan  4 06:40:06 LabSZ sshd[21193]: PAM service(sshd) ignoring max retries; 6 > 3
Jan  4 06:40:07 LabSZ sshd[21203]: Failed password for invalid user default from 5.188.10.182 port 42749 ssh2
Jan  4 06:40:07 LabSZ sshd[21203]: Connection closed by 5.188.10.182 [preauth]
Jan  4 06:40:07 LabSZ sshd[21203]: PAM 1 more authentication failure; logname= uid=0 euid=0 tty=ssh ruser= rhost=5.188.10.182 
Jan  4 06:40:09 LabSZ sshd[21197]: message repeated 5 times: [ Failed password for root from 182.100.67.52 port 37238 ssh2]
Jan  4 06:40:09 LabSZ sshd[21197]: Disconnecting: Too many authentication failures for root [preauth]
Jan  4 06:40:09 LabSZ sshd[21197]: PAM 5 more authentication failures; logname= uid=0 euid=0 tty=ssh ruser= rhost=182.100.67.52  user=root
Jan  4 06:40:09 LabSZ sshd[21197]: PAM service(sshd) ignoring max retries; 6 > 3
Jan  4 06:40:11 LabSZ sshd[21209]: pam_unix(sshd:auth): authentication failure; logname= uid=0 euid=0 tty=ssh ruser= rhost=182.100.67.52  user=root
Jan  4 06:40:11 LabSZ sshd[21207]: pam_unix(sshd:auth): authentication failure; logname= uid=0 euid=0 tty=ssh ruser= rhost=5.188.10.182  user=ftp
Jan  4 06:40:13 LabSZ sshd[21199]: message repeated 5 times: [ Failed password for root from 59.63.188.30 port 61861 ssh2]
Jan  4 06:40:13 LabSZ sshd[21199]: Disconnecting: Too many authentication failures for root [preauth]
Jan  4 06:40:13 LabSZ sshd[21199]: PAM 5 more authentication failures; logname= uid=0 euid=0 tty=ssh ruser= rhost=59.63.188.30  user=root
Jan  4 06:40:13 LabSZ sshd[21199]: PAM service(sshd) ignoring max retries; 6 > 3
Jan  4 06:40:13 LabSZ sshd[21209]: Failed password for root from 182.100.67.52 port 5422 ssh2
Jan  4 06:40:13 LabSZ sshd[21205]: pam_unix(sshd:auth): authentication failure; logname= uid=0 euid=0 tty=ssh ruser= rhost=59.63.188.30  user=root
Jan  4 06:40:13 LabSZ sshd[21207]: Failed password for ftp from 5.188.10.182 port 44669 ssh2
Jan  4 06:40:14 LabSZ sshd[21207]: Connection closed by 5.188.10.182 [preauth]
