Jan  5 07:26:36 LabSZ sshd[15836]: PAM service(sshd) ignoring max retries; 5 > 3
Jan  5 07:26:39 LabSZ sshd[15852]: message repeated 5 times: [ Failed password for root from 59.63.188.30 port 40902 ssh2]
Jan  5 07:26:39 LabSZ sshd[15852]: Disconnecting: Too many authentication failures for root [preauth]
Jan  5 07:26:39 LabSZ sshd[15852]: PAM 5 more authentication failures; logname= uid=0 euid=0 tty=ssh ruser= rhost=59.63.188.30  user=root
Jan  5 07:26:39 LabSZ sshd[15852]: PAM service(sshd) ignoring max retries; 6 > 3
Jan  5 07:26:41 LabSZ sshd[15857]: pam_unix(sshd:auth): authentication failure; logname= uid=0 euid=0 tty=ssh ruser= rhost=59.63.188.30  user=root
Jan  5 07:26:43 LabSZ sshd[15854]: message repeated 5 times: [ Failed password for root from 182.100.67.52 port 10120 ssh2]
Jan  5 07:26:43 LabSZ sshd[15854]: Disconnecting: Too many authentication failures for root [preauth]
Jan  5 07:26:43 LabSZ sshd[15854]: PAM 5 more authentication failures; logname= uid=0 euid=0 tty=ssh ruser= rhost=182.100.67.52  user=root
Jan  5 07:26:43 LabSZ sshd[15854]: PAM service(sshd) ignoring max retries; 6 > 3
Jan  5 07:26:43 LabSZ sshd[15857]: Failed password for root from 59.63.188.30 port 62739 ssh2
Jan  5 07:26:44 LabSZ sshd[15859]: pam_unix(sshd:auth): authentication failure; logname= uid=0 euid=0 tty=ssh ruser= rhost=182.100.67.52  user=root
Jan  5 07:26:46 LabSZ sshd[15859]: Failed password for root from 182.100.67.52 port 29168 ssh2
Jan  5 07:26:55 LabSZ sshd[15857]: message repeated 5 times: [ Failed password for root from 59.63.188.30 port 62739 ssh2]
Jan  5 07:26:55 LabSZ sshd[15857]: Disconnecting: Too many authentication failures for root [preauth]
Jan  5 07:26:55 LabSZ sshd[15857]: PAM 5 more authentication failures; logname= uid=0 euid=0 tty=ssh ruser= rhost=59.63.188.30  user=root
Jan  5 07:26:55 LabSZ sshd[15857]: PAM service(sshd) ignoring max retries; 6 > 3
Jan  5 07:26:56 LabSZ sshd[15861]: pam_unix(sshd:auth): authentication failure; logname= uid=0 euid=0 tty=ssh ruser= rhost=59.63.188.30  user=root
Jan  5 07:26:58 LabSZ sshd[15861]: Failed password for root from 59.63.188.30 port 18978 ssh2
Jan  5 07:26:59 LabSZ sshd[15859]: message repeated 5 times: [ Failed password for root from 182.100.67.52 port 29168 ssh2]
Jan  5 07:26:59 LabSZ sshd[15859]: Disconnecting: Too many authentication failures for root [preauth]
Jan  5 07:26:59 LabSZ sshd[15859]: PAM 5 more authentication failures; logname= uid=0 euid=0 tty=ssh ruser= rhost=182.100.67.52  user=root
Jan  5 07:26:59 LabSZ sshd[15859]: PAM service(sshd) ignoring max retries; 6 > 3
Jan  5 07:27:10 LabSZ sshd[15864]: pam_unix(sshd:auth): authentication failure; logname= uid=0 euid=0 tty=ssh ruser= rhost=182.100.67.52  user=root
Jan  5 07:27:10 LabSZ sshd[15861]: message repeated 5 times: [ Failed password for root from 59.63.188.30 port 18978 ssh2]
Jan  5 07:27:10 LabSZ sshd[15861]: Disconnecting: Too many authentication failures for root [preauth]
Jan  5 07:27:10 LabSZ sshd[15861]: PAM 5 more authentication failures; logname= uid=0 euid=0 tty=ssh ruser= rhost=59.63.188.30  user=root
Jan  5 07:27:10 LabSZ sshd[15861]: PAM service(sshd) ignoring max retries; 6 > 3
Jan  5 07:27:12 LabSZ sshd[15864]: Failed password for root from 182.100.67.52 port 60370 ssh2
Jan  5 07:27:12 LabSZ sshd[15866]: pam_unix(sshd:auth): authentication failure; logname= uid=0 euid=0 tty=ssh ruser= rhost=59.63.188.30  user=root
Jan  5 07:27:15 LabSZ sshd[15866]: Failed password for root from 59.63.188.30 port 39806 ssh2
Jan  5 07:27:15 LabSZ sshd[15856]: Invalid user admin from 185.222.209.151
Jan  5 07:27:15 LabSZ sshd[15856]: input_userauth_request: invalid user admin [preauth]
Jan  5 07:27:15 LabSZ sshd[15856]: pam_unix(sshd:auth): check pass; user unknown
Jan  5 07:27:15 LabSZ sshd[15856]: pam_unix(sshd:auth): authentication failure; logname= uid=0 euid=0 tty=ssh ruser= rhost=185.222.209.151 
Jan  5 07:27:18 LabSZ sshd[15856]: Failed password for invalid user admin from 185.222.209.151 port 46845 ssh2
Jan  5 07:27:22 LabSZ sshd[15856]: pam_unix(sshd:auth): check pass; user unknown
Jan  5 07:27:24 LabSZ sshd[15856]: Failed password for invalid user admin from 185.222.209.151 port 46845 ssh2
Jan  5 07:27:25 LabSZ sshd[15864]: message repeated 5 times: [ Failed password for root from 182.100.67.52 port 60370 ssh2]
Jan  5 07:27:25 LabSZ sshd[15864]: Disconnecting: Too many authentication failures for root [preauth]
Jan  5 07:27:25 LabSZ sshd[15864]: PAM 5 more authentication failures; logname= uid=0 euid=0 tty=ssh ruser= rhost=182.100.67.52  user=root
Jan  5 07:27:25 LabSZ sshd[15864]: PAM service(sshd) ignoring max retries; 6 > 3
Jan  5 07:27:26 LabSZ sshd[15868]: pam_unix(sshd:auth): authentication failure; logname= uid=0 euid=0 tty=ssh ruser= rhost=182.100.67.52  user=root
Jan  5 07:27:28 LabSZ sshd[15866]: message repeated 5 times: [ Failed password for root from 59.63.188.30 port 39806 ssh2]
Jan  5 07:27:28 LabSZ sshd[15866]: Disconnecting: Too many authentication failures for root [preauth]
Jan  5 07:27:28 LabSZ sshd[15866]: PAM 5 more authentication failures; logname= uid=0 euid=0 tty=ssh ruser= rhost=59.63.188.30  user=root
Jan  5 07:27:28 LabSZ sshd[15866]: PAM service(sshd) ignoring max retries; 6 > 3
Jan  5 07:27:28 LabSZ sshd[15868]: Failed password for root from 182.100.67.52 port 14774 ssh2
Jan  5 07:27:29 LabSZ sshd[15870]: pam_unix(sshd:auth): authentication failure; logname= uid=0 euid=0 tty=ssh ruser= rhost=59.63.188.30  user=root
Jan  5 07:27:31 LabSZ sshd[15856]: pam_unix(sshd:auth): check pass; user unknown
Jan  5 07:27:31 LabSZ sshd[15870]: Failed password for root from 59.63.188.30 port 50492 ssh2
Jan  5 07:27:32 LabSZ sshd[15856]: Failed password for invalid user admin from 185.222.209.151 port 46845 ssh2
Jan  5 07:27:41 LabSZ sshd[15868]: message repeated 5 times: [ Failed password for root from 182.100.67.52 port 14774 ssh2]
Jan  5 07:27:41 LabSZ sshd[15868]: Disconnecting: Too many authentication failures for root [preauth]
Jan  5 07:27:41 LabSZ sshd[15868]: PAM 5 more authentication failures; logname= uid=0 euid=0 tty=ssh ruser= rhost=182.100.67.52  user=root
Jan  5 07:27:41 LabSZ sshd[15868]: PAM service(sshd) ignoring max retries; 6 > 3
Jan  5 07:27:42 LabSZ sshd[15872]: pam_unix(sshd:auth): authentication failure; logname= uid=0 euid=0 tty=ssh ruser= rhost=182.100.67.52  user=root
Jan  5 07:27:44 LabSZ sshd[15856]: pam_unix(sshd:auth): check pass; user unknown
Jan  5 07:27:44 LabSZ sshd[15872]: Failed password for root from 182.100.67.52 port 34274 ssh2
Jan  5 07:27:45 LabSZ sshd[15856]: Failed password for invalid user admin from 185.222.209.151 port 46845 ssh2
Jan  5 07:27:47 LabSZ sshd[15870]: message repeated 5 times: [ Failed password for root from 59.63.188.30 port 50492 ssh2]
Jan  5 07:27:47 LabSZ sshd[15870]: Disconnecting: Too many authentication failures for root [preauth]
Jan  5 07:27:47 LabSZ sshd[15870]: PAM 5 more authentication failures; logname= uid=0 euid=0 tty=ssh ruser= rhost=59.63.188.30  user=root
Jan  5 07:27:47 LabSZ sshd[15870]: PAM service(sshd) ignoring max retries; 6 > 3
Jan  5 07:27:48 LabSZ sshd[15874]: pam_unix(sshd:auth): authentication failure; logname= uid=0 euid=0 tty=ssh ruser= rhost=59.63.188.30  user=root
Jan  5 07:27:51 LabSZ sshd[15874]: Failed password for root from 59.63.188.30 port 6626 ssh2
Jan  5 07:27:53 LabSZ sshd[15856]: pam_unix(sshd:auth): check pass; user unknown
Jan  5 07:27:56 LabSZ sshd[15856]: Failed password for invalid user admin from 185.222.209.151 port 46845 ssh2
Jan  5 07:27:57 LabSZ sshd[15872]: message repeated 5 times: [ Failed password for root from 182.100.67.52 port 34274 ssh2]
Jan  5 07:27:57 LabSZ sshd[15872]: Disconnecting: Too many authentication failures for root [preauth]
Jan  5 07:27:57 LabSZ sshd[15872]: PAM 5 more authentication failures; logname= uid=0 euid=0 tty=ssh ruser= rhost=182.100.67.52  user=root
Jan  5 07:27:57 LabSZ sshd[15872]: PAM service(sshd) ignoring max retries; 6 > 3
Jan  5 07:27:58 LabSZ sshd[15876]: pam_unix(sshd:auth): authentication failure; logname= uid=0 euid=0 tty=ssh ruser= rhost=182.100.67.52  user=root
Jan  5 07:28:00 LabSZ sshd[15876]: Failed password for root from 182.100.67.52 port 52750 ssh2
Jan  5 07:28:02 LabSZ sshd[15874]: message repeated 5 times: [ Failed password for root from 59.63.188.30 port 6626 ssh2]
Jan  5 07:28:02 LabSZ sshd[15874]: Disconnecting: Too many authentication failures for root [preauth]
Jan  5 07:28:02 LabSZ sshd[15874]: PAM 5 more authentication failures; logname= uid=0 euid=0 tty=ssh ruser= rhost=59.63.188.30  user=root
Jan  5 07:28:02 LabSZ sshd[15874]: PAM service(sshd) ignoring max retries; 6 > 3
Jan  5 07:28:03 LabSZ sshd[15878]: pam_unix(sshd:auth): authentication failure; logname= uid=0 euid=0 tty=ssh ruser= rhost=59.63.188.30  user=root
Jan  5 07:28:05 LabSZ sshd[15878]: Failed password for root from 59.63.188.30 port 27110 ssh2
Jan  5 07:28:05 LabSZ sshd[15856]: Connection closed by 185.222.209.151 [preauth]
Jan  5 07:28:05 LabSZ sshd[15856]: PAM 4 more authentication failures; logname= uid=0 euid=0 tty=ssh ruser= rhost=185.222.209.151 
Jan  5 07:28:05 LabSZ sshd[15856]: PAM service(sshd) ignoring max retries; 5 > 3
Jan  5 07:28:12 LabSZ sshd[15876]: message repeated 5 times: [ Failed password for root from 182.100.67.52 port 52750 ssh2]
Jan  5 07:28:12 LabSZ sshd[15876]: Disconnecting: Too many authentication failures for root [preauth]
Jan  5 07:28:12 LabSZ sshd[15876]: PAM 5 more authentication failures; logname= uid=0 euid=0 tty=ssh ruser= rhost=182.100.67.52  user=root
Jan  5 07:28:12 LabSZ sshd[15876]: PAM service(sshd) ignoring max retries; 6 > 3
Jan  5 07:28:13 LabSZ sshd[15881]: pam_unix(sshd:auth): authentication failure; logname= uid=0 euid=0 tty=ssh ruser= rhost=182.100.67.52  user=root
Jan  5 07:28:14 LabSZ sshd[15881]: Failed password for root from 182.100.67.52 port 14256 ssh2
Jan  5 07:28:17 LabSZ sshd[15878]: message repeated 5 times: [ Failed password for root from 59.63.188.30 port 27110 ssh2]
Jan  5 07:28:17 LabSZ sshd[15878]: Disconnecting: Too many authentication failures for root [preauth]
Jan  5 07:28:17 LabSZ sshd[15878]: PAM 5 more authentication failures; logname= uid=0 euid=0 tty=ssh ruser= rhost=59.63.188.30  user=root
Jan  5 07:28:17 LabSZ sshd[15878]: PAM service(sshd) ignoring max retries; 6 > 3
Jan  5 07:28:20 LabSZ sshd[15883]: pam_unix(sshd:auth): authentication failure; logname= uid=0 euid=0 tty=ssh ruser= rhost=59.63.188.30  user=root
Jan  5 07:28:21 LabSZ sshd[15883]: Failed password for root from 59.63.188.30 port 47493 ssh2
Jan  5 07:28:26 LabSZ sshd[15881]: message repeated 5 times: [ Failed password for root from 182.100.67.52 port 14256 ssh2]
Jan  5 07:28:26 LabSZ sshd[15881]: Disconnecting: Too many authentication failures for root [preauth]
Jan  5 07:28:26 LabSZ sshd[15881]: PAM 5 more authentication failures; logname= uid=0 euid=0 tty=ssh ruser= rhost=182.100.67.52  user=root
Jan  5 07:28:26 LabSZ sshd[15881]: PAM service(sshd) ignoring max retries; 6 > 3
Jan  5 07:28:28 LabSZ sshd[15885]: pam_unix(sshd:auth): authentication failure; logname= uid=0 euid=0 tty=ssh ruser= rhost=182.100.67.52  user=root
