Jan  5 07:24:44 LabSZ sshd[15816]: Failed password for invalid user admin from 185.222.209.151 port 37431 ssh2
Jan  5 07:24:49 LabSZ sshd[15824]: message repeated 5 times: [ Failed password for root from 59.63.188.30 port 63498 ssh2]
Jan  5 07:24:49 LabSZ sshd[15824]: Disconnecting: Too many authentication failures for root [preauth]
Jan  5 07:24:49 LabSZ sshd[15824]: PAM 5 more authentication failures; logname= uid=0 euid=0 tty=ssh ruser= rhost=59.63.188.30  user=root
Jan  5 07:24:49 LabSZ sshd[15824]: PAM service(sshd) ignoring max retries; 6 > 3
Jan  5 07:24:50 LabSZ sshd[15826]: message repeated 5 times: [ Failed password for root from 182.100.67.52 port 60038 ssh2]
Jan  5 07:24:50 LabSZ sshd[15826]: Disconnecting: Too many authentication failures for root [preauth]
Jan  5 07:24:50 LabSZ sshd[15826]: PAM 5 more authentication failures; logname= uid=0 euid=0 tty=ssh ruser= rhost=182.100.67.52  user=root
Jan  5 07:24:50 LabSZ sshd[15826]: PAM service(sshd) ignoring max retries; 6 > 3
Jan  5 07:24:51 LabSZ sshd[15828]: pam_unix(sshd:auth): authentication failure; logname= uid=0 euid=0 tty=ssh ruser= rhost=59.63.188.30  user=root
Jan  5 07:24:52 LabSZ sshd[15830]: pam_unix(sshd:auth): authentication failure; logname= uid=0 euid=0 tty=ssh ruser= rhost=182.100.67.52  user=root
Jan  5 07:24:53 LabSZ sshd[15828]: Failed password for root from 59.63.188.30 port 9666 ssh2
Jan  5 07:24:54 LabSZ sshd[15830]: Failed password for root from 182.100.67.52 port 15014 ssh2
Jan  5 07:24:55 LabSZ sshd[15816]: pam_unix(sshd:auth): check pass; user unknown
Jan  5 07:24:57 LabSZ sshd[15816]: Failed password for invalid user admin from 185.222.209.151 port 37431 ssh2
Jan  5 07:25:04 LabSZ sshd[15816]: pam_unix(sshd:auth): check pass; user unknown
Jan  5 07:25:06 LabSZ sshd[15816]: Failed password for invalid user admin from 185.222.209.151 port 37431 ssh2
Jan  5 07:25:07 LabSZ sshd[15830]: message repeated 5 times: [ Failed password for root from 182.100.67.52 port 15014 ssh2]
Jan  5 07:25:07 LabSZ sshd[15830]: Disconnecting: Too many authentication failures for root [preauth]
Jan  5 07:25:07 LabSZ sshd[15830]: PAM 5 more authentication failures; logname= uid=0 euid=0 tty=ssh ruser= rhost=182.100.67.52  user=root
Jan  5 07:25:07 LabSZ sshd[15830]: PAM service(sshd) ignoring max retries; 6 > 3
Jan  5 07:25:07 LabSZ sshd[15828]: message repeated 5 times: [ Failed password for root from 59.63.188.30 port 9666 ssh2]
Jan  5 07:25:07 LabSZ sshd[15828]: Disconnecting: Too many authentication failures for root [preauth]
Jan  5 07:25:07 LabSZ sshd[15828]: PAM 5 more authentication failures; logname= uid=0 euid=0 tty=ssh ruser= rhost=59.63.188.30  user=root
Jan  5 07:25:07 LabSZ sshd[15828]: PAM service(sshd) ignoring max retries; 6 > 3
Jan  5 07:25:08 LabSZ sshd[15832]: pam_unix(sshd:auth): authentication failure; logname= uid=0 euid=0 tty=ssh ruser= rhost=59.63.188.30  user=root
Jan  5 07:25:08 LabSZ sshd[15833]: pam_unix(sshd:auth): authentication failure; logname= uid=0 euid=0 tty=ssh ruser= rhost=182.100.67.52  user=root
Jan  5 07:25:10 LabSZ sshd[15816]: Connection closed by 185.222.209.151 [preauth]
Jan  5 07:25:10 LabSZ sshd[15816]: PAM 2 more authentication failures; logname= uid=0 euid=0 tty=ssh ruser= rhost=185.222.209.151 
Jan  5 07:25:11 LabSZ sshd[15832]: Failed password for root from 59.63.188.30 port 30821 ssh2
Jan  5 07:25:11 LabSZ sshd[15833]: Failed password for root from 182.100.67.52 port 35780 ssh2
Jan  5 07:25:24 LabSZ sshd[15832]: message repeated 5 times: [ Failed password for root from 59.63.188.30 port 30821 ssh2]
Jan  5 07:25:24 LabSZ sshd[15832]: Disconnecting: Too many authentication failures for root [preauth]
Jan  5 07:25:24 LabSZ sshd[15832]: PAM 5 more authentication failures; logname= uid=0 euid=0 tty=ssh ruser= rhost=59.63.188.30  user=root
Jan  5 07:25:24 LabSZ sshd[15832]: PAM service(sshd) ignoring max retries; 6 > 3
Jan  5 07:25:24 LabSZ sshd[15833]: message repeated 5 times: [ Failed password for root from 182.100.67.52 port 35780 ssh2]
Jan  5 07:25:24 LabSZ sshd[15833]: Disconnecting: Too many authentication failures for root [preauth]
Jan  5 07:25:24 LabSZ sshd[15833]: PAM 5 more authentication failures; logname= uid=0 euid=0 tty=ssh ruser= rhost=182.100.67.52  user=root
Jan  5 07:25:24 LabSZ sshd[15833]: PAM service(sshd) ignoring max retries; 6 > 3
Jan  5 07:25:26 LabSZ sshd[15837]: pam_unix(sshd:auth): authentication failure; logname= uid=0 euid=0 tty=ssh ruser= rhost=59.63.188.30  user=root
Jan  5 07:25:26 LabSZ sshd[15839]: pam_unix(sshd:auth): authentication failure; logname= uid=0 euid=0 tty=ssh ruser= rhost=182.100.67.52  user=root
Jan  5 07:25:27 LabSZ sshd[15837]: Failed password for root from 59.63.188.30 port 51849 ssh2
Jan  5 07:25:27 LabSZ sshd[15839]: Failed password for root from 182.100.67.52 port 57560 ssh2
Jan  5 07:25:40 LabSZ sshd[15837]: message repeated 5 times: [ Failed password for root from 59.63.188.30 port 51849 ssh2]
Jan  5 07:25:40 LabSZ sshd[15837]: Disconnecting: Too many authentication failures for root [preauth]
Jan  5 07:25:40 LabSZ sshd[15837]: PAM 5 more authentication failures; logname= uid=0 euid=0 tty=ssh ruser= rhost=59.63.188.30  user=root
Jan  5 07:25:40 LabSZ sshd[15837]: PAM service(sshd) ignoring max retries; 6 > 3
Jan  5 07:25:40 LabSZ sshd[15839]: message repeated 5 times: [ Failed password for root from 182.100.67.52 port 57560 ssh2]
Jan  5 07:25:40 LabSZ sshd[15839]: Disconnecting: Too many authentication failures for root [preauth]
Jan  5 07:25:40 LabSZ sshd[15839]: PAM 5 more authentication failures; logname= uid=0 euid=0 tty=ssh ruser= rhost=182.100.67.52  user=root
Jan  5 07:25:40 LabSZ sshd[15839]: PAM service(sshd) ignoring max retries; 6 > 3
Jan  5 07:25:41 LabSZ sshd[15844]: pam_unix(sshd:auth): authentication failure; logname= uid=0 euid=0 tty=ssh ruser= rhost=182.100.67.52  user=root
Jan  5 07:25:42 LabSZ sshd[15842]: pam_unix(sshd:auth): authentication failure; logname= uid=0 euid=0 tty=ssh ruser= rhost=59.63.188.30  user=root
Jan  5 07:25:44 LabSZ sshd[15844]: Failed password for root from 182.100.67.52 port 12116 ssh2
Jan  5 07:25:44 LabSZ sshd[15842]: Failed password for root from 59.63.188.30 port 6593 ssh2
Jan  5 07:25:50 LabSZ sshd[15836]: Invalid user admin from 185.222.209.151
Jan  5 07:25:50 LabSZ sshd[15836]: input_userauth_request: invalid user admin [preauth]
Jan  5 07:25:50 LabSZ sshd[15836]: pam_unix(sshd:auth): check pass; user unknown
Jan  5 07:25:50 LabSZ sshd[15836]: pam_unix(sshd:auth): authentication failure; logname= uid=0 euid=0 tty=ssh ruser= rhost=185.222.209.151 
Jan  5 07:25:52 LabSZ sshd[15836]: Failed password for invalid user admin from 185.222.209.151 port 41392 ssh2
Jan  5 07:25:56 LabSZ sshd[15844]: message repeated 5 times: [ Failed password for root from 182.100.67.52 port 12116 ssh2]
Jan  5 07:25:56 LabSZ sshd[15844]: Disconnecting: Too many authentication failures for root [preauth]
Jan  5 07:25:56 LabSZ sshd[15844]: PAM 5 more authentication failures; logname= uid=0 euid=0 tty=ssh ruser= rhost=182.100.67.52  user=root
Jan  5 07:25:56 LabSZ sshd[15844]: PAM service(sshd) ignoring max retries; 6 > 3
Jan  5 07:25:56 LabSZ sshd[15836]: pam_unix(sshd:auth): check pass; user unknown
Jan  5 07:25:57 LabSZ sshd[15846]: pam_unix(sshd:auth): authentication failure; logname= uid=0 euid=0 tty=ssh ruser= rhost=182.100.67.52  user=root
Jan  5 07:25:58 LabSZ sshd[15836]: Failed password for invalid user admin from 185.222.209.151 port 41392 ssh2
Jan  5 07:25:58 LabSZ sshd[15842]: message repeated 5 times: [ Failed password for root from 59.63.188.30 port 6593 ssh2]
Jan  5 07:25:58 LabSZ sshd[15842]: Disconnecting: Too many authentication failures for root [preauth]
Jan  5 07:25:58 LabSZ sshd[15842]: PAM 5 more authentication failures; logname= uid=0 euid=0 tty=ssh ruser= rhost=59.63.188.30  user=root
Jan  5 07:25:58 LabSZ sshd[15842]: PAM service(sshd) ignoring max retries; 6 > 3
Jan  5 07:25:59 LabSZ sshd[15846]: Failed password for root from 182.100.67.52 port 31092 ssh2
Jan  5 07:26:05 LabSZ sshd[15848]: pam_unix(sshd:auth): authentication failure; logname= uid=0 euid=0 tty=ssh ruser= rhost=59.63.188.30  user=root
Jan  5 07:26:05 LabSZ sshd[15836]: pam_unix(sshd:auth): check pass; user unknown
Jan  5 07:26:07 LabSZ sshd[15848]: Failed password for root from 59.63.188.30 port 20534 ssh2
Jan  5 07:26:08 LabSZ sshd[15836]: Failed password for invalid user admin from 185.222.209.151 port 41392 ssh2
Jan  5 07:26:12 LabSZ sshd[15846]: message repeated 5 times: [ Failed password for root from 182.100.67.52 port 31092 ssh2]
Jan  5 07:26:12 LabSZ sshd[15846]: Disconnecting: Too many authentication failures for root [preauth]
Jan  5 07:26:12 LabSZ sshd[15846]: PAM 5 more authentication failures; logname= uid=0 euid=0 tty=ssh ruser= rhost=182.100.67.52  user=root
Jan  5 07:26:12 LabSZ sshd[15846]: PAM service(sshd) ignoring max retries; 6 > 3
Jan  5 07:26:13 LabSZ sshd[15850]: pam_unix(sshd:auth): authentication failure; logname= uid=0 euid=0 tty=ssh ruser= rhost=182.100.67.52  user=root
Jan  5 07:26:15 LabSZ sshd[15850]: Failed password for root from 182.100.67.52 port 55596 ssh2
Jan  5 07:26:15 LabSZ sshd[15836]: pam_unix(sshd:auth): check pass; user unknown
Jan  5 07:26:17 LabSZ sshd[15836]: Failed password for invalid user admin from 185.222.209.151 port 41392 ssh2
Jan  5 07:26:19 LabSZ sshd[15848]: message repeated 5 times: [ Failed password for root from 59.63.188.30 port 20534 ssh2]
Jan  5 07:26:19 LabSZ sshd[15848]: Disconnecting: Too many authentication failures for root [preauth]
Jan  5 07:26:19 LabSZ sshd[15848]: PAM 5 more authentication failures; logname= uid=0 euid=0 tty=ssh ruser= rhost=59.63.188.30  user=root
Jan  5 07:26:19 LabSZ sshd[15848]: PAM service(sshd) ignoring max retries; 6 > 3
Jan  5 07:26:21 LabSZ sshd[15852]: pam_unix(sshd:auth): authentication failure; logname= uid=0 euid=0 tty=ssh ruser= rhost=59.63.188.30  user=root
Jan  5 07:26:23 LabSZ sshd[15852]: Failed password for root from 59.63.188.30 port 40902 ssh2
Jan  5 07:26:27 LabSZ sshd[15836]: pam_unix(sshd:auth): check pass; user unknown
Jan  5 07:26:28 LabSZ sshd[15850]: message repeated 5 times: [ Failed password for root from 182.100.67.52 port 55596 ssh2]
Jan  5 07:26:28 LabSZ sshd[15850]: Disconnecting: Too many authentication failures for root [preauth]
Jan  5 07:26:28 LabSZ sshd[15850]: PAM 5 more authentication failures; logname= uid=0 euid=0 tty=ssh ruser= rhost=182.100.67.52  user=root
Jan  5 07:26:28 LabSZ sshd[15850]: PAM service(sshd) ignoring max retries; 6 > 3
Jan  5 07:26:29 LabSZ sshd[15836]: Failed password for invalid user admin from 185.222.209.151 port 41392 ssh2
Jan  5 07:26:29 LabSZ sshd[15854]: pam_unix(sshd:auth): authentication failure; logname= uid=0 euid=0 tty=ssh ruser= rhost=182.100.67.52  user=root
Jan  5 07:26:31 LabSZ sshd[15854]: Failed password for root from 182.100.67.52 port 10120 ssh2
Jan  5 07:26:36 LabSZ sshd[15836]: Connection closed by 185.222.209.151 [preauth]
Jan  5 07:26:36 LabSZ sshd[15836]: PAM 4 more authentication failures; logname= uid=0 euid=0 tty=ssh ruser= rhost=185.222.209.151 
