Jan  2 09:24:41 LabSZ sshd[32103]: message repeated 5 times: [ Failed password for root from 58.242.83.25 port 5323 ssh2]
Jan  2 09:24:41 LabSZ sshd[32103]: Disconnecting: Too many authentication failures for root [preauth]
Jan  2 09:24:41 LabSZ sshd[32103]: PAM 5 more authentication failures; logname= uid=0 euid=0 tty=ssh ruser= rhost=58.242.83.25  user=root
Jan  2 09:24:41 LabSZ sshd[32103]: PAM service(sshd) ignoring max retries; 6 > 3
Jan  2 09:24:41 LabSZ sshd[32127]: Failed password for root from 139.219.239.13 port 21433 ssh2
Jan  2 09:24:41 LabSZ sshd[32127]: Received disconnect from 139.219.239.13: 11: Bye Bye [preauth]
Jan  2 09:24:41 LabSZ sshd[32133]: pam_unix(sshd:auth): authentication failure; logname= uid=0 euid=0 tty=ssh ruser= rhost=139.219.239.13  user=root
Jan  2 09:24:42 LabSZ sshd[32115]: Failed password for invalid user 0 from 5.188.10.182 port 60938 ssh2
Jan  2 09:24:42 LabSZ sshd[32135]: pam_unix(sshd:auth): authentication failure; logname= uid=0 euid=0 tty=ssh ruser= rhost=58.242.83.25  user=root
Jan  2 09:24:42 LabSZ sshd[32130]: Failed password for root from 218.65.30.30 port 41632 ssh2
Jan  2 09:24:42 LabSZ sshd[32115]: Connection closed by 5.188.10.182 [preauth]
Jan  2 09:24:43 LabSZ sshd[32129]: Failed password for root from 218.31.113.113 port 36949 ssh2
Jan  2 09:24:43 LabSZ sshd[32129]: Received disconnect from 218.31.113.113: 11: Bye Bye [preauth]
Jan  2 09:24:43 LabSZ sshd[32133]: Failed password for root from 139.219.239.13 port 21744 ssh2
Jan  2 09:24:43 LabSZ sshd[32133]: Received disconnect from 139.219.239.13: 11: Bye Bye [preauth]
Jan  2 09:24:43 LabSZ sshd[32138]: pam_unix(sshd:auth): authentication failure; logname= uid=0 euid=0 tty=ssh ruser= rhost=218.31.113.113  user=root
Jan  2 09:24:44 LabSZ sshd[32140]: pam_unix(sshd:auth): authentication failure; logname= uid=0 euid=0 tty=ssh ruser= rhost=139.219.239.13  user=root
Jan  2 09:24:44 LabSZ sshd[32135]: Failed password for root from 58.242.83.25 port 26601 ssh2
Jan  2 09:24:45 LabSZ sshd[32140]: Failed password for root from 139.219.239.13 port 21464 ssh2
Jan  2 09:24:45 LabSZ sshd[32140]: Received disconnect from 139.219.239.13: 11: Bye Bye [preauth]
Jan  2 09:24:46 LabSZ sshd[32142]: pam_unix(sshd:auth): authentication failure; logname= uid=0 euid=0 tty=ssh ruser= rhost=139.219.239.13  user=root
Jan  2 09:24:46 LabSZ sshd[32138]: Failed password for root from 218.31.113.113 port 38688 ssh2
Jan  2 09:24:46 LabSZ sshd[32138]: Received disconnect from 218.31.113.113: 11: Bye Bye [preauth]
Jan  2 09:24:47 LabSZ sshd[32144]: pam_unix(sshd:auth): authentication failure; logname= uid=0 euid=0 tty=ssh ruser= rhost=218.31.113.113  user=root
Jan  2 09:24:48 LabSZ sshd[32142]: Failed password for root from 139.219.239.13 port 21144 ssh2
Jan  2 09:24:48 LabSZ sshd[32142]: Received disconnect from 139.219.239.13: 11: Bye Bye [preauth]
Jan  2 09:24:48 LabSZ sshd[32146]: pam_unix(sshd:auth): authentication failure; logname= uid=0 euid=0 tty=ssh ruser= rhost=139.219.239.13  user=root
Jan  2 09:24:49 LabSZ sshd[32144]: Failed password for root from 218.31.113.113 port 40637 ssh2
Jan  2 09:24:49 LabSZ sshd[32144]: Received disconnect from 218.31.113.113: 11: Bye Bye [preauth]
Jan  2 09:24:50 LabSZ sshd[32149]: pam_unix(sshd:auth): authentication failure; logname= uid=0 euid=0 tty=ssh ruser= rhost=218.31.113.113  user=root
Jan  2 09:24:51 LabSZ sshd[32146]: Failed password for root from 139.219.239.13 port 21824 ssh2
Jan  2 09:24:51 LabSZ sshd[32146]: Received disconnect from 139.219.239.13: 11: Bye Bye [preauth]
Jan  2 09:24:51 LabSZ sshd[32151]: pam_unix(sshd:auth): authentication failure; logname= uid=0 euid=0 tty=ssh ruser= rhost=139.219.239.13  user=root
Jan  2 09:24:51 LabSZ sshd[32137]: Invalid user 1234 from 5.188.10.182
Jan  2 09:24:51 LabSZ sshd[32137]: input_userauth_request: invalid user 1234 [preauth]
Jan  2 09:24:51 LabSZ sshd[32137]: pam_unix(sshd:auth): check pass; user unknown
Jan  2 09:24:51 LabSZ sshd[32137]: pam_unix(sshd:auth): authentication failure; logname= uid=0 euid=0 tty=ssh ruser= rhost=5.188.10.182 
Jan  2 09:24:52 LabSZ sshd[32149]: Failed password for root from 218.31.113.113 port 42346 ssh2
Jan  2 09:24:52 LabSZ sshd[32149]: Received disconnect from 218.31.113.113: 11: Bye Bye [preauth]
Jan  2 09:24:53 LabSZ sshd[32153]: pam_unix(sshd:auth): authentication failure; logname= uid=0 euid=0 tty=ssh ruser= rhost=218.31.113.113  user=root
Jan  2 09:24:53 LabSZ sshd[32151]: Failed password for root from 139.219.239.13 port 20848 ssh2
Jan  2 09:24:53 LabSZ sshd[32151]: Received disconnect from 139.219.239.13: 11: Bye Bye [preauth]
Jan  2 09:24:53 LabSZ sshd[32137]: Failed password for invalid user 1234 from 5.188.10.182 port 52483 ssh2
Jan  2 09:24:53 LabSZ sshd[32155]: pam_unix(sshd:auth): authentication failure; logname= uid=0 euid=0 tty=ssh ruser= rhost=139.219.239.13  user=root
Jan  2 09:24:54 LabSZ sshd[32125]: message repeated 5 times: [ Failed password for root from 182.100.67.120 port 48650 ssh2]
Jan  2 09:24:54 LabSZ sshd[32125]: Disconnecting: Too many authentication failures for root [preauth]
Jan  2 09:24:54 LabSZ sshd[32125]: PAM 5 more authentication failures; logname= uid=0 euid=0 tty=ssh ruser= rhost=182.100.67.120  user=root
Jan  2 09:24:54 LabSZ sshd[32125]: PAM service(sshd) ignoring max retries; 6 > 3
Jan  2 09:24:54 LabSZ sshd[32137]: Connection closed by 5.188.10.182 [preauth]
Jan  2 09:24:54 LabSZ sshd[32153]: Failed password for root from 218.31.113.113 port 43964 ssh2
Jan  2 09:24:55 LabSZ sshd[32153]: Received disconnect from 218.31.113.113: 11: Bye Bye [preauth]
Jan  2 09:24:55 LabSZ sshd[32155]: Failed password for root from 139.219.239.13 port 1136 ssh2
Jan  2 09:24:55 LabSZ sshd[32155]: Received disconnect from 139.219.239.13: 11: Bye Bye [preauth]
Jan  2 09:24:55 LabSZ sshd[32159]: pam_unix(sshd:auth): authentication failure; logname= uid=0 euid=0 tty=ssh ruser= rhost=182.100.67.120  user=root
Jan  2 09:24:55 LabSZ sshd[32158]: pam_unix(sshd:auth): authentication failure; logname= uid=0 euid=0 tty=ssh ruser= rhost=218.31.113.113  user=root
Jan  2 09:24:56 LabSZ sshd[32162]: pam_unix(sshd:auth): authentication failure; logname= uid=0 euid=0 tty=ssh ruser= rhost=139.219.239.13  user=root
Jan  2 09:24:56 LabSZ sshd[32130]: message repeated 5 times: [ Failed password for root from 218.65.30.30 port 41632 ssh2]
Jan  2 09:24:56 LabSZ sshd[32130]: Disconnecting: Too many authentication failures for root [preauth]
Jan  2 09:24:56 LabSZ sshd[32130]: PAM 5 more authentication failures; logname= uid=0 euid=0 tty=ssh ruser= rhost=218.65.30.30  user=root
Jan  2 09:24:56 LabSZ sshd[32130]: PAM service(sshd) ignoring max retries; 6 > 3
Jan  2 09:24:57 LabSZ sshd[32164]: reverse mapping checking getaddrinfo for 30.30.65.218.broad.xy.jx.dynamic.163data.com.cn [218.65.30.30] failed - POSSIBLE BREAK-IN ATTEMPT!
Jan  2 09:24:57 LabSZ sshd[32164]: pam_unix(sshd:auth): authentication failure; logname= uid=0 euid=0 tty=ssh ruser= rhost=218.65.30.30  user=root
Jan  2 09:24:58 LabSZ sshd[32135]: message repeated 5 times: [ Failed password for root from 58.242.83.25 port 26601 ssh2]
Jan  2 09:24:58 LabSZ sshd[32135]: Disconnecting: Too many authentication failures for root [preauth]
Jan  2 09:24:58 LabSZ sshd[32135]: PAM 5 more authentication failures; logname= uid=0 euid=0 tty=ssh ruser= rhost=58.242.83.25  user=root
Jan  2 09:24:58 LabSZ sshd[32135]: PAM service(sshd) ignoring max retries; 6 > 3
Jan  2 09:24:58 LabSZ sshd[32159]: Failed password for root from 182.100.67.120 port 22484 ssh2
Jan  2 09:24:58 LabSZ sshd[32158]: Failed password for root from 218.31.113.113 port 45667 ssh2
Jan  2 09:24:58 LabSZ sshd[32158]: Received disconnect from 218.31.113.113: 11: Bye Bye [preauth]
Jan  2 09:24:58 LabSZ sshd[32162]: Failed password for root from 139.219.239.13 port 21200 ssh2
Jan  2 09:24:58 LabSZ sshd[32162]: Received disconnect from 139.219.239.13: 11: Bye Bye [preauth]
Jan  2 09:24:58 LabSZ sshd[32166]: pam_unix(sshd:auth): authentication failure; logname= uid=0 euid=0 tty=ssh ruser= rhost=139.219.239.13  user=root
Jan  2 09:24:59 LabSZ sshd[32167]: pam_unix(sshd:auth): authentication failure; logname= uid=0 euid=0 tty=ssh ruser= rhost=218.31.113.113  user=root
Jan  2 09:24:59 LabSZ sshd[32170]: pam_unix(sshd:auth): authentication failure; logname= uid=0 euid=0 tty=ssh ruser= rhost=58.242.83.25  user=root
Jan  2 09:24:59 LabSZ sshd[32164]: Failed password for root from 218.65.30.30 port 14670 ssh2
Jan  2 09:25:00 LabSZ sshd[32166]: Failed password for root from 139.219.239.13 port 21136 ssh2
Jan  2 09:25:00 LabSZ sshd[32166]: Received disconnect from 139.219.239.13: 11: Bye Bye [preauth]
Jan  2 09:25:01 LabSZ sshd[32172]: pam_unix(sshd:auth): authentication failure; logname= uid=0 euid=0 tty=ssh ruser= rhost=139.219.239.13  user=root
Jan  2 09:25:01 LabSZ sshd[32167]: Failed password for root from 218.31.113.113 port 47650 ssh2
Jan  2 09:25:01 LabSZ sshd[32167]: Received disconnect from 218.31.113.113: 11: Bye Bye [preauth]
Jan  2 09:25:02 LabSZ sshd[32170]: Failed password for root from 58.242.83.25 port 48597 ssh2
Jan  2 09:25:02 LabSZ sshd[32175]: pam_unix(sshd:auth): authentication failure; logname= uid=0 euid=0 tty=ssh ruser= rhost=218.31.113.113  user=root
Jan  2 09:25:03 LabSZ sshd[32172]: Failed password for root from 139.219.239.13 port 1096 ssh2
Jan  2 09:25:03 LabSZ sshd[32172]: Received disconnect from 139.219.239.13: 11: Bye Bye [preauth]
Jan  2 09:25:04 LabSZ sshd[32177]: pam_unix(sshd:auth): authentication failure; logname= uid=0 euid=0 tty=ssh ruser= rhost=139.219.239.13  user=root
Jan  2 09:25:04 LabSZ sshd[32157]: Invalid user admin from 5.188.10.182
Jan  2 09:25:04 LabSZ sshd[32157]: input_userauth_request: invalid user admin [preauth]
Jan  2 09:25:04 LabSZ sshd[32157]: Failed none for invalid user admin from 5.188.10.182 port 49291 ssh2
Jan  2 09:25:04 LabSZ sshd[32175]: Failed password for root from 218.31.113.113 port 49577 ssh2
Jan  2 09:25:04 LabSZ sshd[32175]: Received disconnect from 218.31.113.113: 11: Bye Bye [preauth]
Jan  2 09:25:04 LabSZ sshd[32179]: pam_unix(sshd:auth): authentication failure; logname= uid=0 euid=0 tty=ssh ruser= rhost=218.31.113.113  user=root
Jan  2 09:25:05 LabSZ sshd[32157]: Connection closed by 5.188.10.182 [preauth]
Jan  2 09:25:06 LabSZ sshd[32177]: Failed password for root from 139.219.239.13 port 21888 ssh2
Jan  2 09:25:06 LabSZ sshd[32177]: Received disconnect from 139.219.239.13: 11: Bye Bye [preauth]
Jan  2 09:25:06 LabSZ sshd[32182]: pam_unix(sshd:auth): authentication failure; logname= uid=0 euid=0 tty=ssh ruser= rhost=139.219.239.13  user=root
Jan  2 09:25:07 LabSZ sshd[32179]: Failed password for root from 218.31.113.113 port 50994 ssh2
Jan  2 09:25:07 LabSZ sshd[32179]: Received disconnect from 218.31.113.113: 11: Bye Bye [preauth]
Jan  2 09:25:07 LabSZ sshd[32184]: pam_unix(sshd:auth): authentication failure; logname= uid=0 euid=0 tty=ssh ruser= rhost=218.31.113.113  user=root
Jan  2 09:25:08 LabSZ sshd[32182]: Failed password for root from 139.219.239.13 port 20832 ssh2
Jan  2 09:25:08 LabSZ sshd[32182]: Received disconnect from 139.219.239.13: 11: Bye Bye [preauth]
