Dec 10 11:04:45 LabSZ sshd[25539]: error: Received disconnect from 103.99.0.122: 14: No more user authentication methods available. [preauth]
Dec 10 11:04:46 LabSZ sshd[25544]: Failed password for root from 183.62.140.253 port 36732 ssh2
Dec 10 11:04:46 LabSZ sshd[25544]: Received disconnect from 183.62.140.253: 11: Bye Bye [preauth]
Dec 10 11:04:46 LabSZ sshd[25548]: pam_unix(sshd:auth): authentication failure; logname= uid=0 euid=0 tty=ssh ruser= rhost=183.62.140.253  user=root
Dec 10 11:04:47 LabSZ sshd[25546]: Invalid user operator from 103.99.0.122
Dec 10 11:04:47 LabSZ sshd[25546]: input_userauth_request: invalid user operator [preauth]
Dec 10 11:04:47 LabSZ sshd[25546]: pam_unix(sshd:auth): check pass; user unknown
Dec 10 11:04:47 LabSZ sshd[25546]: pam_unix(sshd:auth): authentication failure; logname= uid=0 euid=0 tty=ssh ruser= rhost=103.99.0.122 
Dec 10 11:04:48 LabSZ sshd[25548]: Failed password for root from 183.62.140.253 port 37178 ssh2
Dec 10 11:04:48 LabSZ sshd[25548]: Received disconnect from 183.62.140.253: 11: Bye Bye [preauth]
Dec 10 11:04:48 LabSZ sshd[25550]: pam_unix(sshd:auth): authentication failure; logname= uid=0 euid=0 tty=ssh ruser= rhost=183.62.140.253  user=root
Dec 10 11:04:49 LabSZ sshd[25546]: Failed password for invalid user operator from 103.99.0.122 port 53264 ssh2
Dec 10 11:04:49 LabSZ sshd[25546]: error: Received disconnect from 103.99.0.122: 14: No more user authentication methods available. [preauth]
Dec 10 11:04:50 LabSZ sshd[25550]: Failed password for root from 183.62.140.253 port 37608 ssh2
Dec 10 11:04:50 LabSZ sshd[25550]: Received disconnect from 183.62.140.253: 11: Bye Bye [preauth]
Dec 10 11:04:50 LabSZ sshd[25554]: pam_unix(sshd:auth): authentication failure; logname= uid=0 euid=0 tty=ssh ruser= rhost=183.62.140.253  user=root
Dec 10 11:04:51 LabSZ sshd[25552]: Invalid user admin from 103.99.0.122
Dec 10 11:04:51 LabSZ sshd[25552]: input_userauth_request: invalid user admin [preauth]
Dec 10 11:04:51 LabSZ sshd[25552]: pam_unix(sshd:auth): check pass; user unknown
Dec 10 11:04:51 LabSZ sshd[25552]: pam_unix(sshd:auth): authentication failure; logname= uid=0 euid=0 tty=ssh ruser= rhost=103.99.0.122 
Dec 10 11:04:52 LabSZ sshd[25554]: Failed password for root from 183.62.140.253 port 37990 ssh2
Dec 10 11:04:52 LabSZ sshd[25554]: Received disconnect from 183.62.140.253: 11: Bye Bye [preauth]
Dec 10 11:04:52 LabSZ sshd[25556]: pam_unix(sshd:auth): authentication failure; logname= uid=0 euid=0 tty=ssh ruser= rhost=183.62.140.253  user=root
Dec 10 11:04:53 LabSZ sshd[25552]: Failed password for invalid user admin from 103.99.0.122 port 53902 ssh2
Dec 10 11:04:54 LabSZ sshd[25556]: Failed password for root from 183.62.140.253 port 38338 ssh2
Dec 10 11:04:54 LabSZ sshd[25556]: Received disconnect from 183.62.140.253: 11: Bye Bye [preauth]
Dec 10 11:04:54 LabSZ sshd[25552]: error: Received disconnect from 103.99.0.122: 14: No more user authentication methods available. [preauth]
Dec 10 11:04:54 LabSZ sshd[25558]: pam_unix(sshd:auth): authentication failure; logname= uid=0 euid=0 tty=ssh ruser= rhost=183.62.140.253  user=root
Dec 10 11:04:56 LabSZ sshd[25560]: pam_unix(sshd:auth): authentication failure; logname= uid=0 euid=0 tty=ssh ruser= rhost=103.99.0.122  user=root
Dec 10 11:04:56 LabSZ sshd[25558]: Failed password for root from 183.62.140.253 port 38713 ssh2
Dec 10 11:04:56 LabSZ sshd[25558]: Received disconnect from 183.62.140.253: 11: Bye Bye [preauth]
Dec 10 11:04:57 LabSZ sshd[25563]: pam_unix(sshd:auth): authentication failure; logname= uid=0 euid=0 tty=ssh ruser= rhost=183.62.140.253  user=root
Dec 10 11:04:58 LabSZ sshd[25560]: Failed password for root from 103.99.0.122 port 54505 ssh2
Dec 10 11:04:58 LabSZ sshd[25560]: error: Received disconnect from 103.99.0.122: 14: No more user authentication methods available. [preauth]
Dec 10 11:04:59 LabSZ sshd[25563]: Failed password for root from 183.62.140.253 port 39210 ssh2
Dec 10 11:04:59 LabSZ sshd[25563]: Received disconnect from 183.62.140.253: 11: Bye Bye [preauth]
Dec 10 11:04:59 LabSZ sshd[25567]: pam_unix(sshd:auth): authentication failure; logname= uid=0 euid=0 tty=ssh ruser= rhost=183.62.140.253  user=root
Dec 10 11:05:00 LabSZ sshd[25565]: Invalid user admin from 103.99.0.122
Dec 10 11:05:00 LabSZ sshd[25565]: input_userauth_request: invalid user admin [preauth]
Dec 10 11:05:00 LabSZ sshd[25565]: pam_unix(sshd:auth): check pass; user unknown
Dec 10 11:05:00 LabSZ sshd[25565]: pam_unix(sshd:auth): authentication failure; logname= uid=0 euid=0 tty=ssh ruser= rhost=103.99.0.122 
Dec 10 11:05:01 LabSZ sshd[25567]: Failed password for root from 183.62.140.253 port 39657 ssh2
Dec 10 11:05:01 LabSZ sshd[25567]: Received disconnect from 183.62.140.253: 11: Bye Bye [preauth]
Dec 10 11:05:01 LabSZ sshd[25570]: pam_unix(sshd:auth): authentication failure; logname= uid=0 euid=0 tty=ssh ruser= rhost=183.62.140.253  user=root
Dec 10 11:05:02 LabSZ sshd[25565]: Failed password for invalid user admin from 103.99.0.122 port 55253 ssh2
Dec 10 11:05:02 LabSZ sshd[25565]: error: Received disconnect from 103.99.0.122: 14: No more user authentication methods available. [preauth]
Dec 10 11:05:03 LabSZ sshd[25570]: Failed password for root from 183.62.140.253 port 40026 ssh2
Dec 10 11:05:03 LabSZ sshd[25570]: Received disconnect from 183.62.140.253: 11: Bye Bye [preauth]
Dec 10 11:05:03 LabSZ sshd[25574]: pam_unix(sshd:auth): authentication failure; logname= uid=0 euid=0 tty=ssh ruser= rhost=183.62.140.253  user=root
Dec 10 11:05:03 LabSZ sshd[25572]: Invalid user admin from 103.99.0.122
Dec 10 11:05:03 LabSZ sshd[25572]: input_userauth_request: invalid user admin [preauth]
Dec 10 11:05:03 LabSZ sshd[25572]: pam_unix(sshd:auth): check pass; user unknown
Dec 10 11:05:03 LabSZ sshd[25572]: pam_unix(sshd:auth): authentication failure; logname= uid=0 euid=0 tty=ssh ruser= rhost=103.99.0.122 
Dec 10 11:05:05 LabSZ sshd[25574]: Failed password for root from 183.62.140.253 port 40449 ssh2
Dec 10 11:05:05 LabSZ sshd[25574]: Received disconnect from 183.62.140.253: 11: Bye Bye [preauth]
Dec 10 11:05:05 LabSZ sshd[25572]: Failed password for invalid user admin from 103.99.0.122 port 56362 ssh2
Dec 10 11:05:05 LabSZ sshd[25577]: pam_unix(sshd:auth): authentication failure; logname= uid=0 euid=0 tty=ssh ruser= rhost=183.62.140.253  user=root
Dec 10 11:05:06 LabSZ sshd[25572]: error: Received disconnect from 103.99.0.122: 14: No more user authentication methods available. [preauth]
Dec 10 11:05:07 LabSZ sshd[25579]: Invalid user admin from 103.99.0.122
Dec 10 11:05:07 LabSZ sshd[25579]: input_userauth_request: invalid user admin [preauth]
Dec 10 11:05:07 LabSZ sshd[25579]: pam_unix(sshd:auth): check pass; user unknown
Dec 10 11:05:07 LabSZ sshd[25579]: pam_unix(sshd:auth): authentication failure; logname= uid=0 euid=0 tty=ssh ruser= rhost=103.99.0.122 
Dec 10 11:05:08 LabSZ sshd[25577]: Failed password for root from 183.62.140.253 port 40859 ssh2
Dec 10 11:05:08 LabSZ sshd[25577]: Received disconnect from 183.62.140.253: 11: Bye Bye [preauth]
Dec 10 11:05:08 LabSZ sshd[25582]: pam_unix(sshd:auth): authentication failure; logname= uid=0 euid=0 tty=ssh ruser= rhost=183.62.140.253  user=root
Dec 10 11:05:09 LabSZ sshd[25579]: Failed password for invalid user admin from 103.99.0.122 port 58808 ssh2
Dec 10 11:05:09 LabSZ sshd[25579]: error: Received disconnect from 103.99.0.122: 14: No more user authentication methods available. [preauth]
Dec 10 11:05:10 LabSZ sshd[25584]: pam_unix(sshd:auth): authentication failure; logname= uid=0 euid=0 tty=ssh ruser= rhost=103.99.0.122  user=ftp
Dec 10 11:05:10 LabSZ sshd[25582]: Failed password for root from 183.62.140.253 port 41341 ssh2
Dec 10 11:05:10 LabSZ sshd[25582]: Received disconnect from 183.62.140.253: 11: Bye Bye [preauth]
Dec 10 11:05:10 LabSZ sshd[25586]: pam_unix(sshd:auth): authentication failure; logname= uid=0 euid=0 tty=ssh ruser= rhost=183.62.140.253  user=root
Dec 10 11:05:12 LabSZ sshd[25584]: Failed password for ftp from 103.99.0.122 port 61739 ssh2
Dec 10 11:05:12 LabSZ sshd[25586]: Failed password for root from 183.62.140.253 port 41758 ssh2
Dec 10 11:05:12 LabSZ sshd[25586]: Received disconnect from 183.62.140.253: 11: Bye Bye [preauth]
Dec 10 11:05:12 LabSZ sshd[25588]: pam_unix(sshd:auth): authentication failure; logname= uid=0 euid=0 tty=ssh ruser= rhost=183.62.140.253  user=root
Dec 10 11:05:12 LabSZ sshd[25584]: error: Received disconnect from 103.99.0.122: 14: No more user authentication methods available. [preauth]
Dec 10 11:05:14 LabSZ sshd[25590]: Invalid user monitor from 103.99.0.122
Dec 10 11:05:14 LabSZ sshd[25590]: input_userauth_request: invalid user monitor [preauth]
Dec 10 11:05:14 LabSZ sshd[25590]: pam_unix(sshd:auth): check pass; user unknown
Dec 10 11:05:14 LabSZ sshd[25590]: pam_unix(sshd:auth): authentication failure; logname= uid=0 euid=0 tty=ssh ruser= rhost=103.99.0.122 
Dec 10 11:05:14 LabSZ sshd[25588]: Failed password for root from 183.62.140.253 port 42176 ssh2
Dec 10 11:05:14 LabSZ sshd[25588]: Received disconnect from 183.62.140.253: 11: Bye Bye [preauth]
Dec 10 11:05:14 LabSZ sshd[25592]: pam_unix(sshd:auth): authentication failure; logname= uid=0 euid=0 tty=ssh ruser= rhost=183.62.140.253  user=root
Dec 10 11:05:15 LabSZ sshd[25590]: Failed password for invalid user monitor from 103.99.0.122 port 64373 ssh2
Dec 10 11:05:16 LabSZ sshd[25590]: error: Received disconnect from 103.99.0.122: 14: No more user authentication methods available. [preauth]
Dec 10 11:05:16 LabSZ sshd[25592]: Failed password for root from 183.62.140.253 port 42560 ssh2
Dec 10 11:05:16 LabSZ sshd[25592]: Received disconnect from 183.62.140.253: 11: Bye Bye [preauth]
Dec 10 11:05:16 LabSZ sshd[25596]: pam_unix(sshd:auth): authentication failure; logname= uid=0 euid=0 tty=ssh ruser= rhost=183.62.140.253  user=root
Dec 10 11:05:16 LabSZ sshd[25594]: Invalid user ftpuser from 103.99.0.122
Dec 10 11:05:16 LabSZ sshd[25594]: input_userauth_request: invalid user ftpuser [preauth]
Dec 10 11:05:16 LabSZ sshd[25594]: pam_unix(sshd:auth): check pass; user unknown
Dec 10 11:05:16 LabSZ sshd[25594]: pam_unix(sshd:auth): authentication failure; logname= uid=0 euid=0 tty=ssh ruser= rhost=103.99.0.122 
Dec 10 11:05:18 LabSZ sshd[25596]: Failed password for root from 183.62.140.253 port 42946 ssh2
Dec 10 11:05:18 LabSZ sshd[25596]: Received disconnect from 183.62.140.253: 11: Bye Bye [preauth]
Dec 10 11:05:18 LabSZ sshd[25599]: pam_unix(sshd:auth): authentication failure; logname= uid=0 euid=0 tty=ssh ruser= rhost=183.62.140.253  user=root
Dec 10 11:05:18 LabSZ sshd[25594]: Failed password for invalid user ftpuser from 103.99.0.122 port 50837 ssh2
Dec 10 11:05:19 LabSZ sshd[25594]: error: Received disconnect from 103.99.0.122: 14: No more user authentication methods available. [preauth]
Dec 10 11:05:20 LabSZ sshd[25601]: Invalid user pi from 103.99.0.122
Dec 10 11:05:20 LabSZ sshd[25601]: input_userauth_request: invalid user pi [preauth]
Dec 10 11:05:20 LabSZ sshd[25601]: pam_unix(sshd:auth): check pass; user unknown
