Jan  4 05:23:20 LabSZ sshd[18885]: Disconnecting: Too many authentication failures for root [preauth]
Jan  4 05:23:20 LabSZ sshd[18885]: PAM 5 more authentication failures; logname= uid=0 euid=0 tty=ssh ruser= rhost=59.63.188.30  user=root
Jan  4 05:23:20 LabSZ sshd[18885]: PAM service(sshd) ignoring max retries; 6 > 3
Jan  4 05:23:23 LabSZ sshd[18893]: pam_unix(sshd:auth): authentication failure; logname= uid=0 euid=0 tty=ssh ruser= rhost=59.63.188.30  user=root
Jan  4 05:23:25 LabSZ sshd[18893]: Failed password for root from 59.63.188.30 port 9538 ssh2
Jan  4 05:23:29 LabSZ sshd[18887]: message repeated 5 times: [ Failed password for root from 182.100.67.52 port 10298 ssh2]
Jan  4 05:23:29 LabSZ sshd[18887]: Disconnecting: Too many authentication failures for root [preauth]
Jan  4 05:23:29 LabSZ sshd[18887]: PAM 5 more authentication failures; logname= uid=0 euid=0 tty=ssh ruser= rhost=182.100.67.52  user=root
Jan  4 05:23:29 LabSZ sshd[18887]: PAM service(sshd) ignoring max retries; 6 > 3
Jan  4 05:23:30 LabSZ sshd[18895]: pam_unix(sshd:auth): authentication failure; logname= uid=0 euid=0 tty=ssh ruser= rhost=182.100.67.52  user=root
Jan  4 05:23:30 LabSZ sshd[18891]: message repeated 5 times: [ Failed password for root from 218.87.109.156 port 29872 ssh2]
Jan  4 05:23:30 LabSZ sshd[18891]: Disconnecting: Too many authentication failures for root [preauth]
Jan  4 05:23:30 LabSZ sshd[18891]: PAM 5 more authentication failures; logname= uid=0 euid=0 tty=ssh ruser= rhost=218.87.109.156  user=root
Jan  4 05:23:30 LabSZ sshd[18891]: PAM service(sshd) ignoring max retries; 6 > 3
Jan  4 05:23:32 LabSZ sshd[18897]: pam_unix(sshd:auth): authentication failure; logname= uid=0 euid=0 tty=ssh ruser= rhost=218.87.109.156  user=root
Jan  4 05:23:32 LabSZ sshd[18895]: Failed password for root from 182.100.67.52 port 52816 ssh2
Jan  4 05:23:34 LabSZ sshd[18897]: Failed password for root from 218.87.109.156 port 64228 ssh2
Jan  4 05:23:35 LabSZ sshd[18889]: message repeated 5 times: [ Failed password for root from 59.63.188.30 port 58252 ssh2]
Jan  4 05:23:35 LabSZ sshd[18889]: Disconnecting: Too many authentication failures for root [preauth]
Jan  4 05:23:35 LabSZ sshd[18889]: PAM 5 more authentication failures; logname= uid=0 euid=0 tty=ssh ruser= rhost=59.63.188.30  user=root
Jan  4 05:23:35 LabSZ sshd[18889]: PAM service(sshd) ignoring max retries; 6 > 3
Jan  4 05:23:36 LabSZ sshd[18899]: pam_unix(sshd:auth): authentication failure; logname= uid=0 euid=0 tty=ssh ruser= rhost=59.63.188.30  user=root
Jan  4 05:23:37 LabSZ sshd[18893]: message repeated 5 times: [ Failed password for root from 59.63.188.30 port 9538 ssh2]
Jan  4 05:23:37 LabSZ sshd[18893]: Disconnecting: Too many authentication failures for root [preauth]
Jan  4 05:23:37 LabSZ sshd[18893]: PAM 5 more authentication failures; logname= uid=0 euid=0 tty=ssh ruser= rhost=59.63.188.30  user=root
Jan  4 05:23:37 LabSZ sshd[18893]: PAM service(sshd) ignoring max retries; 6 > 3
Jan  4 05:23:38 LabSZ sshd[18899]: Failed password for root from 59.63.188.30 port 17084 ssh2
Jan  4 05:23:45 LabSZ sshd[18895]: message repeated 5 times: [ Failed password for root from 182.100.67.52 port 52816 ssh2]
Jan  4 05:23:45 LabSZ sshd[18895]: Disconnecting: Too many authentication failures for root [preauth]
Jan  4 05:23:45 LabSZ sshd[18895]: PAM 5 more authentication failures; logname= uid=0 euid=0 tty=ssh ruser= rhost=182.100.67.52  user=root
Jan  4 05:23:45 LabSZ sshd[18895]: PAM service(sshd) ignoring max retries; 6 > 3
Jan  4 05:23:46 LabSZ sshd[18901]: pam_unix(sshd:auth): authentication failure; logname= uid=0 euid=0 tty=ssh ruser= rhost=59.63.188.30  user=root
Jan  4 05:23:47 LabSZ sshd[18897]: message repeated 5 times: [ Failed password for root from 218.87.109.156 port 64228 ssh2]
Jan  4 05:23:47 LabSZ sshd[18897]: Disconnecting: Too many authentication failures for root [preauth]
Jan  4 05:23:47 LabSZ sshd[18897]: PAM 5 more authentication failures; logname= uid=0 euid=0 tty=ssh ruser= rhost=218.87.109.156  user=root
Jan  4 05:23:47 LabSZ sshd[18897]: PAM service(sshd) ignoring max retries; 6 > 3
Jan  4 05:23:47 LabSZ sshd[18901]: Failed password for root from 59.63.188.30 port 20065 ssh2
Jan  4 05:23:48 LabSZ sshd[18905]: pam_unix(sshd:auth): authentication failure; logname= uid=0 euid=0 tty=ssh ruser= rhost=218.87.109.156  user=root
Jan  4 05:23:50 LabSZ sshd[18905]: Failed password for root from 218.87.109.156 port 34776 ssh2
Jan  4 05:23:50 LabSZ sshd[18899]: message repeated 5 times: [ Failed password for root from 59.63.188.30 port 17084 ssh2]
Jan  4 05:23:50 LabSZ sshd[18899]: Disconnecting: Too many authentication failures for root [preauth]
Jan  4 05:23:50 LabSZ sshd[18899]: PAM 5 more authentication failures; logname= uid=0 euid=0 tty=ssh ruser= rhost=59.63.188.30  user=root
Jan  4 05:23:50 LabSZ sshd[18899]: PAM service(sshd) ignoring max retries; 6 > 3
Jan  4 05:23:51 LabSZ sshd[18903]: pam_unix(sshd:auth): authentication failure; logname= uid=0 euid=0 tty=ssh ruser= rhost=182.100.67.52  user=root
Jan  4 05:23:51 LabSZ sshd[18907]: pam_unix(sshd:auth): authentication failure; logname= uid=0 euid=0 tty=ssh ruser= rhost=59.63.188.30  user=root
Jan  4 05:23:53 LabSZ sshd[18903]: Failed password for root from 182.100.67.52 port 22930 ssh2
Jan  4 05:23:54 LabSZ sshd[18907]: Failed password for root from 59.63.188.30 port 38229 ssh2
Jan  4 05:23:59 LabSZ sshd[18909]: Invalid user ubnt from 103.207.39.19
Jan  4 05:23:59 LabSZ sshd[18909]: input_userauth_request: invalid user ubnt [preauth]
Jan  4 05:23:59 LabSZ sshd[18909]: pam_unix(sshd:auth): check pass; user unknown
Jan  4 05:23:59 LabSZ sshd[18909]: pam_unix(sshd:auth): authentication failure; logname= uid=0 euid=0 tty=ssh ruser= rhost=103.207.39.19 
Jan  4 05:23:59 LabSZ sshd[18901]: message repeated 5 times: [ Failed password for root from 59.63.188.30 port 20065 ssh2]
Jan  4 05:23:59 LabSZ sshd[18901]: Disconnecting: Too many authentication failures for root [preauth]
Jan  4 05:23:59 LabSZ sshd[18901]: PAM 5 more authentication failures; logname= uid=0 euid=0 tty=ssh ruser= rhost=59.63.188.30  user=root
Jan  4 05:23:59 LabSZ sshd[18901]: PAM service(sshd) ignoring max retries; 6 > 3
Jan  4 05:24:00 LabSZ sshd[18911]: pam_unix(sshd:auth): authentication failure; logname= uid=0 euid=0 tty=ssh ruser= rhost=59.63.188.30  user=root
Jan  4 05:24:01 LabSZ sshd[18909]: Failed password for invalid user ubnt from 103.207.39.19 port 58876 ssh2
Jan  4 05:24:02 LabSZ sshd[18909]: fatal: Read from socket failed: Connection reset by peer [preauth]
Jan  4 05:24:02 LabSZ sshd[18911]: Failed password for root from 59.63.188.30 port 41805 ssh2
Jan  4 05:24:02 LabSZ sshd[18913]: Invalid user user from 103.207.39.19
Jan  4 05:24:02 LabSZ sshd[18913]: input_userauth_request: invalid user user [preauth]
Jan  4 05:24:02 LabSZ sshd[18913]: pam_unix(sshd:auth): check pass; user unknown
Jan  4 05:24:02 LabSZ sshd[18913]: pam_unix(sshd:auth): authentication failure; logname= uid=0 euid=0 tty=ssh ruser= rhost=103.207.39.19 
Jan  4 05:24:03 LabSZ sshd[18905]: message repeated 5 times: [ Failed password for root from 218.87.109.156 port 34776 ssh2]
Jan  4 05:24:03 LabSZ sshd[18905]: Disconnecting: Too many authentication failures for root [preauth]
Jan  4 05:24:03 LabSZ sshd[18905]: PAM 5 more authentication failures; logname= uid=0 euid=0 tty=ssh ruser= rhost=218.87.109.156  user=root
Jan  4 05:24:03 LabSZ sshd[18905]: PAM service(sshd) ignoring max retries; 6 > 3
Jan  4 05:24:04 LabSZ sshd[18913]: Failed password for invalid user user from 103.207.39.19 port 59777 ssh2
Jan  4 05:24:05 LabSZ sshd[18903]: message repeated 5 times: [ Failed password for root from 182.100.67.52 port 22930 ssh2]
Jan  4 05:24:05 LabSZ sshd[18903]: Disconnecting: Too many authentication failures for root [preauth]
Jan  4 05:24:05 LabSZ sshd[18903]: PAM 5 more authentication failures; logname= uid=0 euid=0 tty=ssh ruser= rhost=182.100.67.52  user=root
Jan  4 05:24:05 LabSZ sshd[18903]: PAM service(sshd) ignoring max retries; 6 > 3
Jan  4 05:24:06 LabSZ sshd[18907]: message repeated 5 times: [ Failed password for root from 59.63.188.30 port 38229 ssh2]
Jan  4 05:24:06 LabSZ sshd[18907]: Disconnecting: Too many authentication failures for root [preauth]
Jan  4 05:24:06 LabSZ sshd[18907]: PAM 5 more authentication failures; logname= uid=0 euid=0 tty=ssh ruser= rhost=59.63.188.30  user=root
Jan  4 05:24:06 LabSZ sshd[18907]: PAM service(sshd) ignoring max retries; 6 > 3
Jan  4 05:24:06 LabSZ sshd[18913]: fatal: Read from socket failed: Connection reset by peer [preauth]
Jan  4 05:24:07 LabSZ sshd[18918]: pam_unix(sshd:auth): authentication failure; logname= uid=0 euid=0 tty=ssh ruser= rhost=182.100.67.52  user=root
Jan  4 05:24:07 LabSZ sshd[18917]: Invalid user admin from 103.207.39.19
Jan  4 05:24:07 LabSZ sshd[18917]: input_userauth_request: invalid user admin [preauth]
Jan  4 05:24:07 LabSZ sshd[18917]: pam_unix(sshd:auth): check pass; user unknown
Jan  4 05:24:07 LabSZ sshd[18917]: pam_unix(sshd:auth): authentication failure; logname= uid=0 euid=0 tty=ssh ruser= rhost=103.207.39.19 
Jan  4 05:24:08 LabSZ sshd[18915]: pam_unix(sshd:auth): authentication failure; logname= uid=0 euid=0 tty=ssh ruser= rhost=218.87.109.156  user=root
Jan  4 05:24:08 LabSZ sshd[18921]: pam_unix(sshd:auth): authentication failure; logname= uid=0 euid=0 tty=ssh ruser= rhost=59.63.188.30  user=root
Jan  4 05:24:09 LabSZ sshd[18918]: Failed password for root from 182.100.67.52 port 2876 ssh2
Jan  4 05:24:09 LabSZ sshd[18917]: Failed password for invalid user admin from 103.207.39.19 port 60071 ssh2
Jan  4 05:24:10 LabSZ sshd[18915]: Failed password for root from 218.87.109.156 port 5636 ssh2
Jan  4 05:24:10 LabSZ sshd[18921]: Failed password for root from 59.63.188.30 port 59913 ssh2
Jan  4 05:24:12 LabSZ sshd[18917]: fatal: Read from socket failed: Connection reset by peer [preauth]
Jan  4 05:24:14 LabSZ sshd[18923]: Invalid user oper from 103.207.39.19
Jan  4 05:24:14 LabSZ sshd[18923]: input_userauth_request: invalid user oper [preauth]
Jan  4 05:24:14 LabSZ sshd[18923]: pam_unix(sshd:auth): check pass; user unknown
Jan  4 05:24:14 LabSZ sshd[18923]: pam_unix(sshd:auth): authentication failure; logname= uid=0 euid=0 tty=ssh ruser= rhost=103.207.39.19 
Jan  4 05:24:15 LabSZ sshd[18911]: message repeated 5 times: [ Failed password for root from 59.63.188.30 port 41805 ssh2]
Jan  4 05:24:15 LabSZ sshd[18911]: Disconnecting: Too many authentication failures for root [preauth]
Jan  4 05:24:15 LabSZ sshd[18911]: PAM 5 more authentication failures; logname= uid=0 euid=0 tty=ssh ruser= rhost=59.63.188.30  user=root
Jan  4 05:24:15 LabSZ sshd[18911]: PAM service(sshd) ignoring max retries; 6 > 3
Jan  4 05:24:16 LabSZ sshd[18923]: Failed password for invalid user oper from 103.207.39.19 port 61540 ssh2
Jan  4 05:24:17 LabSZ sshd[18925]: pam_unix(sshd:auth): authentication failure; logname= uid=0 euid=0 tty=ssh ruser= rhost=59.63.188.30  user=root
Jan  4 05:24:17 LabSZ sshd[18923]: fatal: Read from socket failed: Connection reset by peer [preauth]
