Jan  4 01:57:11 LabSZ sshd[12949]: message repeated 5 times: [ Failed password for root from 59.63.188.30 port 50387 ssh2]
Jan  4 01:57:11 LabSZ sshd[12949]: Disconnecting: Too many authentication failures for root [preauth]
Jan  4 01:57:11 LabSZ sshd[12949]: PAM 5 more authentication failures; logname= uid=0 euid=0 tty=ssh ruser= rhost=59.63.188.30  user=root
Jan  4 01:57:11 LabSZ sshd[12949]: PAM service(sshd) ignoring max retries; 6 > 3
Jan  4 01:57:12 LabSZ sshd[12955]: Failed password for invalid user 0 from 181.214.87.4 port 34733 ssh2
Jan  4 01:57:13 LabSZ sshd[12959]: pam_unix(sshd:auth): authentication failure; logname= uid=0 euid=0 tty=ssh ruser= rhost=59.63.188.30  user=root
Jan  4 01:57:15 LabSZ sshd[12959]: Failed password for root from 59.63.188.30 port 6033 ssh2
Jan  4 01:57:15 LabSZ sshd[12955]: Connection closed by 181.214.87.4 [preauth]
Jan  4 01:57:16 LabSZ sshd[12953]: message repeated 5 times: [ Failed password for root from 59.63.188.30 port 55829 ssh2]
Jan  4 01:57:16 LabSZ sshd[12953]: Disconnecting: Too many authentication failures for root [preauth]
Jan  4 01:57:16 LabSZ sshd[12953]: PAM 5 more authentication failures; logname= uid=0 euid=0 tty=ssh ruser= rhost=59.63.188.30  user=root
Jan  4 01:57:16 LabSZ sshd[12953]: PAM service(sshd) ignoring max retries; 6 > 3
Jan  4 01:57:17 LabSZ sshd[12962]: pam_unix(sshd:auth): authentication failure; logname= uid=0 euid=0 tty=ssh ruser= rhost=59.63.188.30  user=root
Jan  4 01:57:19 LabSZ sshd[12962]: Failed password for root from 59.63.188.30 port 11959 ssh2
Jan  4 01:57:22 LabSZ sshd[12961]: Invalid user 1234 from 181.214.87.4
Jan  4 01:57:22 LabSZ sshd[12961]: input_userauth_request: invalid user 1234 [preauth]
Jan  4 01:57:22 LabSZ sshd[12961]: pam_unix(sshd:auth): check pass; user unknown
Jan  4 01:57:22 LabSZ sshd[12961]: pam_unix(sshd:auth): authentication failure; logname= uid=0 euid=0 tty=ssh ruser= rhost=181.214.87.4 
Jan  4 01:57:24 LabSZ sshd[12957]: message repeated 5 times: [ Failed password for root from 218.87.109.156 port 48304 ssh2]
Jan  4 01:57:24 LabSZ sshd[12957]: Disconnecting: Too many authentication failures for root [preauth]
Jan  4 01:57:24 LabSZ sshd[12957]: PAM 5 more authentication failures; logname= uid=0 euid=0 tty=ssh ruser= rhost=218.87.109.156  user=root
Jan  4 01:57:24 LabSZ sshd[12957]: PAM service(sshd) ignoring max retries; 6 > 3
Jan  4 01:57:24 LabSZ sshd[12961]: Failed password for invalid user 1234 from 181.214.87.4 port 42942 ssh2
Jan  4 01:57:26 LabSZ sshd[12965]: pam_unix(sshd:auth): authentication failure; logname= uid=0 euid=0 tty=ssh ruser= rhost=218.87.109.156  user=root
Jan  4 01:57:27 LabSZ sshd[12959]: message repeated 5 times: [ Failed password for root from 59.63.188.30 port 6033 ssh2]
Jan  4 01:57:27 LabSZ sshd[12959]: Disconnecting: Too many authentication failures for root [preauth]
Jan  4 01:57:27 LabSZ sshd[12959]: PAM 5 more authentication failures; logname= uid=0 euid=0 tty=ssh ruser= rhost=59.63.188.30  user=root
Jan  4 01:57:27 LabSZ sshd[12959]: PAM service(sshd) ignoring max retries; 6 > 3
Jan  4 01:57:28 LabSZ sshd[12961]: Connection closed by 181.214.87.4 [preauth]
Jan  4 01:57:28 LabSZ sshd[12965]: Failed password for root from 218.87.109.156 port 29270 ssh2
Jan  4 01:57:29 LabSZ sshd[12968]: pam_unix(sshd:auth): authentication failure; logname= uid=0 euid=0 tty=ssh ruser= rhost=59.63.188.30  user=root
Jan  4 01:57:31 LabSZ sshd[12968]: Failed password for root from 59.63.188.30 port 27403 ssh2
Jan  4 01:57:32 LabSZ sshd[12962]: message repeated 5 times: [ Failed password for root from 59.63.188.30 port 11959 ssh2]
Jan  4 01:57:32 LabSZ sshd[12962]: Disconnecting: Too many authentication failures for root [preauth]
Jan  4 01:57:32 LabSZ sshd[12962]: PAM 5 more authentication failures; logname= uid=0 euid=0 tty=ssh ruser= rhost=59.63.188.30  user=root
Jan  4 01:57:32 LabSZ sshd[12962]: PAM service(sshd) ignoring max retries; 6 > 3
Jan  4 01:57:33 LabSZ sshd[12970]: pam_unix(sshd:auth): authentication failure; logname= uid=0 euid=0 tty=ssh ruser= rhost=59.63.188.30  user=root
Jan  4 01:57:35 LabSZ sshd[12967]: Invalid user admin from 181.214.87.4
Jan  4 01:57:35 LabSZ sshd[12967]: input_userauth_request: invalid user admin [preauth]
Jan  4 01:57:35 LabSZ sshd[12967]: Failed none for invalid user admin from 181.214.87.4 port 43179 ssh2
Jan  4 01:57:35 LabSZ sshd[12970]: Failed password for root from 59.63.188.30 port 32650 ssh2
Jan  4 01:57:36 LabSZ sshd[12967]: Connection closed by 181.214.87.4 [preauth]
Jan  4 01:57:40 LabSZ sshd[12965]: message repeated 5 times: [ Failed password for root from 218.87.109.156 port 29270 ssh2]
Jan  4 01:57:40 LabSZ sshd[12965]: Disconnecting: Too many authentication failures for root [preauth]
Jan  4 01:57:40 LabSZ sshd[12965]: PAM 5 more authentication failures; logname= uid=0 euid=0 tty=ssh ruser= rhost=218.87.109.156  user=root
Jan  4 01:57:40 LabSZ sshd[12965]: PAM service(sshd) ignoring max retries; 6 > 3
Jan  4 01:57:41 LabSZ sshd[12974]: pam_unix(sshd:auth): authentication failure; logname= uid=0 euid=0 tty=ssh ruser= rhost=218.87.109.156  user=root
Jan  4 01:57:44 LabSZ sshd[12968]: message repeated 5 times: [ Failed password for root from 59.63.188.30 port 27403 ssh2]
Jan  4 01:57:44 LabSZ sshd[12968]: Disconnecting: Too many authentication failures for root [preauth]
Jan  4 01:57:44 LabSZ sshd[12968]: PAM 5 more authentication failures; logname= uid=0 euid=0 tty=ssh ruser= rhost=59.63.188.30  user=root
Jan  4 01:57:44 LabSZ sshd[12968]: PAM service(sshd) ignoring max retries; 6 > 3
Jan  4 01:57:44 LabSZ sshd[12974]: Failed password for root from 218.87.109.156 port 4970 ssh2
Jan  4 01:57:45 LabSZ sshd[12977]: pam_unix(sshd:auth): authentication failure; logname= uid=0 euid=0 tty=ssh ruser= rhost=59.63.188.30  user=root
Jan  4 01:57:46 LabSZ sshd[12973]: Invalid user admin from 181.214.87.4
Jan  4 01:57:46 LabSZ sshd[12973]: input_userauth_request: invalid user admin [preauth]
Jan  4 01:57:46 LabSZ sshd[12973]: pam_unix(sshd:auth): check pass; user unknown
Jan  4 01:57:46 LabSZ sshd[12973]: pam_unix(sshd:auth): authentication failure; logname= uid=0 euid=0 tty=ssh ruser= rhost=181.214.87.4 
Jan  4 01:57:48 LabSZ sshd[12977]: Failed password for root from 59.63.188.30 port 49213 ssh2
Jan  4 01:57:48 LabSZ sshd[12970]: message repeated 5 times: [ Failed password for root from 59.63.188.30 port 32650 ssh2]
Jan  4 01:57:48 LabSZ sshd[12970]: Disconnecting: Too many authentication failures for root [preauth]
Jan  4 01:57:48 LabSZ sshd[12970]: PAM 5 more authentication failures; logname= uid=0 euid=0 tty=ssh ruser= rhost=59.63.188.30  user=root
Jan  4 01:57:48 LabSZ sshd[12970]: PAM service(sshd) ignoring max retries; 6 > 3
Jan  4 01:57:48 LabSZ sshd[12973]: Failed password for invalid user admin from 181.214.87.4 port 42956 ssh2
Jan  4 01:57:48 LabSZ sshd[12973]: pam_unix(sshd:auth): check pass; user unknown
Jan  4 01:57:49 LabSZ sshd[12979]: pam_unix(sshd:auth): authentication failure; logname= uid=0 euid=0 tty=ssh ruser= rhost=59.63.188.30  user=root
Jan  4 01:57:50 LabSZ sshd[12973]: Failed password for invalid user admin from 181.214.87.4 port 42956 ssh2
Jan  4 01:57:50 LabSZ sshd[12979]: Failed password for root from 59.63.188.30 port 53971 ssh2
Jan  4 01:57:51 LabSZ sshd[12973]: pam_unix(sshd:auth): check pass; user unknown
Jan  4 01:57:52 LabSZ sshd[12973]: Failed password for invalid user admin from 181.214.87.4 port 42956 ssh2
Jan  4 01:57:53 LabSZ sshd[12973]: pam_unix(sshd:auth): check pass; user unknown
Jan  4 01:57:56 LabSZ sshd[12973]: Failed password for invalid user admin from 181.214.87.4 port 42956 ssh2
Jan  4 01:57:57 LabSZ sshd[12974]: message repeated 5 times: [ Failed password for root from 218.87.109.156 port 4970 ssh2]
Jan  4 01:57:57 LabSZ sshd[12974]: Disconnecting: Too many authentication failures for root [preauth]
Jan  4 01:57:57 LabSZ sshd[12974]: PAM 5 more authentication failures; logname= uid=0 euid=0 tty=ssh ruser= rhost=218.87.109.156  user=root
Jan  4 01:57:57 LabSZ sshd[12974]: PAM service(sshd) ignoring max retries; 6 > 3
Jan  4 01:57:58 LabSZ sshd[12973]: pam_unix(sshd:auth): check pass; user unknown
Jan  4 01:57:58 LabSZ sshd[12981]: pam_unix(sshd:auth): authentication failure; logname= uid=0 euid=0 tty=ssh ruser= rhost=218.87.109.156  user=root
Jan  4 01:58:00 LabSZ sshd[12973]: Failed password for invalid user admin from 181.214.87.4 port 42956 ssh2
Jan  4 01:58:00 LabSZ sshd[12977]: message repeated 5 times: [ Failed password for root from 59.63.188.30 port 49213 ssh2]
Jan  4 01:58:00 LabSZ sshd[12977]: Disconnecting: Too many authentication failures for root [preauth]
Jan  4 01:58:00 LabSZ sshd[12977]: PAM 5 more authentication failures; logname= uid=0 euid=0 tty=ssh ruser= rhost=59.63.188.30  user=root
Jan  4 01:58:00 LabSZ sshd[12977]: PAM service(sshd) ignoring max retries; 6 > 3
Jan  4 01:58:00 LabSZ sshd[12981]: Failed password for root from 218.87.109.156 port 48600 ssh2
Jan  4 01:58:01 LabSZ sshd[12973]: Connection closed by 181.214.87.4 [preauth]
Jan  4 01:58:01 LabSZ sshd[12973]: PAM 4 more authentication failures; logname= uid=0 euid=0 tty=ssh ruser= rhost=181.214.87.4 
Jan  4 01:58:01 LabSZ sshd[12973]: PAM service(sshd) ignoring max retries; 5 > 3
Jan  4 01:58:01 LabSZ sshd[12983]: pam_unix(sshd:auth): authentication failure; logname= uid=0 euid=0 tty=ssh ruser= rhost=59.63.188.30  user=root
Jan  4 01:58:03 LabSZ sshd[12979]: message repeated 5 times: [ Failed password for root from 59.63.188.30 port 53971 ssh2]
Jan  4 01:58:03 LabSZ sshd[12979]: Disconnecting: Too many authentication failures for root [preauth]
Jan  4 01:58:03 LabSZ sshd[12979]: PAM 5 more authentication failures; logname= uid=0 euid=0 tty=ssh ruser= rhost=59.63.188.30  user=root
Jan  4 01:58:03 LabSZ sshd[12979]: PAM service(sshd) ignoring max retries; 6 > 3
Jan  4 01:58:03 LabSZ sshd[12983]: Failed password for root from 59.63.188.30 port 6072 ssh2
Jan  4 01:58:04 LabSZ sshd[12986]: pam_unix(sshd:auth): authentication failure; logname= uid=0 euid=0 tty=ssh ruser= rhost=59.63.188.30  user=root
Jan  4 01:58:07 LabSZ sshd[12986]: Failed password for root from 59.63.188.30 port 9403 ssh2
Jan  4 01:58:12 LabSZ sshd[12985]: Invalid user admin from 181.214.87.4
Jan  4 01:58:12 LabSZ sshd[12985]: input_userauth_request: invalid user admin [preauth]
Jan  4 01:58:12 LabSZ sshd[12985]: pam_unix(sshd:auth): check pass; user unknown
Jan  4 01:58:12 LabSZ sshd[12985]: pam_unix(sshd:auth): authentication failure; logname= uid=0 euid=0 tty=ssh ruser= rhost=181.214.87.4 
Jan  4 01:58:13 LabSZ sshd[12981]: message repeated 5 times: [ Failed password for root from 218.87.109.156 port 48600 ssh2]
Jan  4 01:58:13 LabSZ sshd[12981]: Disconnecting: Too many authentication failures for root [preauth]
