Jan  4 04:02:30 LabSZ sshd[16176]: Failed password for root from 183.196.29.120 port 41845 ssh2
Jan  4 04:02:30 LabSZ sshd[16176]: Received disconnect from 183.196.29.120: 11: Bye Bye [preauth]
Jan  4 04:02:31 LabSZ sshd[16178]: Invalid user ubnt from 183.196.29.120
Jan  4 04:02:31 LabSZ sshd[16178]: input_userauth_request: invalid user ubnt [preauth]
Jan  4 04:02:31 LabSZ sshd[16178]: pam_unix(sshd:auth): check pass; user unknown
Jan  4 04:02:31 LabSZ sshd[16178]: pam_unix(sshd:auth): authentication failure; logname= uid=0 euid=0 tty=ssh ruser= rhost=183.196.29.120 
Jan  4 04:02:31 LabSZ sshd[16180]: pam_unix(sshd:auth): authentication failure; logname= uid=0 euid=0 tty=ssh ruser= rhost=182.100.67.52  user=root
Jan  4 04:02:33 LabSZ sshd[16178]: Failed password for invalid user ubnt from 183.196.29.120 port 41997 ssh2
Jan  4 04:02:33 LabSZ sshd[16178]: Received disconnect from 183.196.29.120: 11: Bye Bye [preauth]
Jan  4 04:02:33 LabSZ sshd[16168]: message repeated 5 times: [ Failed password for root from 218.87.109.156 port 12788 ssh2]
Jan  4 04:02:33 LabSZ sshd[16168]: Disconnecting: Too many authentication failures for root [preauth]
Jan  4 04:02:33 LabSZ sshd[16168]: PAM 5 more authentication failures; logname= uid=0 euid=0 tty=ssh ruser= rhost=218.87.109.156  user=root
Jan  4 04:02:33 LabSZ sshd[16168]: PAM service(sshd) ignoring max retries; 6 > 3
Jan  4 04:02:33 LabSZ sshd[16180]: Failed password for root from 182.100.67.52 port 51624 ssh2
Jan  4 04:02:34 LabSZ sshd[16182]: pam_unix(sshd:auth): authentication failure; logname= uid=0 euid=0 tty=ssh ruser= rhost=183.196.29.120  user=root
Jan  4 04:02:34 LabSZ sshd[16184]: pam_unix(sshd:auth): authentication failure; logname= uid=0 euid=0 tty=ssh ruser= rhost=218.87.109.156  user=root
Jan  4 04:02:35 LabSZ sshd[16182]: Failed password for root from 183.196.29.120 port 42098 ssh2
Jan  4 04:02:35 LabSZ sshd[16182]: Received disconnect from 183.196.29.120: 11: Bye Bye [preauth]
Jan  4 04:02:36 LabSZ sshd[16170]: message repeated 5 times: [ Failed password for root from 59.63.188.30 port 1358 ssh2]
Jan  4 04:02:36 LabSZ sshd[16170]: Disconnecting: Too many authentication failures for root [preauth]
Jan  4 04:02:36 LabSZ sshd[16170]: PAM 5 more authentication failures; logname= uid=0 euid=0 tty=ssh ruser= rhost=59.63.188.30  user=root
Jan  4 04:02:36 LabSZ sshd[16170]: PAM service(sshd) ignoring max retries; 6 > 3
Jan  4 04:02:36 LabSZ sshd[16184]: Failed password for root from 218.87.109.156 port 48882 ssh2
Jan  4 04:02:37 LabSZ sshd[16186]: pam_unix(sshd:auth): authentication failure; logname= uid=0 euid=0 tty=ssh ruser= rhost=183.196.29.120  user=root
Jan  4 04:02:37 LabSZ sshd[16174]: message repeated 5 times: [ Failed password for root from 59.63.188.30 port 1955 ssh2]
Jan  4 04:02:37 LabSZ sshd[16174]: Disconnecting: Too many authentication failures for root [preauth]
Jan  4 04:02:37 LabSZ sshd[16174]: PAM 5 more authentication failures; logname= uid=0 euid=0 tty=ssh ruser= rhost=59.63.188.30  user=root
Jan  4 04:02:37 LabSZ sshd[16174]: PAM service(sshd) ignoring max retries; 6 > 3
Jan  4 04:02:37 LabSZ sshd[16188]: pam_unix(sshd:auth): authentication failure; logname= uid=0 euid=0 tty=ssh ruser= rhost=59.63.188.30  user=root
Jan  4 04:02:38 LabSZ sshd[16190]: pam_unix(sshd:auth): authentication failure; logname= uid=0 euid=0 tty=ssh ruser= rhost=59.63.188.30  user=root
Jan  4 04:02:39 LabSZ sshd[16186]: Failed password for root from 183.196.29.120 port 42196 ssh2
Jan  4 04:02:39 LabSZ sshd[16186]: Received disconnect from 183.196.29.120: 11: Bye Bye [preauth]
Jan  4 04:02:40 LabSZ sshd[16188]: Failed password for root from 59.63.188.30 port 21607 ssh2
Jan  4 04:02:40 LabSZ sshd[16192]: pam_unix(sshd:auth): authentication failure; logname= uid=0 euid=0 tty=ssh ruser= rhost=183.196.29.120  user=root
Jan  4 04:02:40 LabSZ sshd[16190]: Failed password for root from 59.63.188.30 port 22522 ssh2
Jan  4 04:02:42 LabSZ sshd[16192]: Failed password for root from 183.196.29.120 port 42300 ssh2
Jan  4 04:02:42 LabSZ sshd[16192]: Received disconnect from 183.196.29.120: 11: Bye Bye [preauth]
Jan  4 04:02:43 LabSZ sshd[16194]: pam_unix(sshd:auth): authentication failure; logname= uid=0 euid=0 tty=ssh ruser= rhost=183.196.29.120  user=root
Jan  4 04:02:45 LabSZ sshd[16194]: Failed password for root from 183.196.29.120 port 42405 ssh2
Jan  4 04:02:46 LabSZ sshd[16194]: Received disconnect from 183.196.29.120: 11: Bye Bye [preauth]
Jan  4 04:02:47 LabSZ sshd[16196]: pam_unix(sshd:auth): authentication failure; logname= uid=0 euid=0 tty=ssh ruser= rhost=183.196.29.120  user=root
Jan  4 04:02:48 LabSZ sshd[16180]: message repeated 5 times: [ Failed password for root from 182.100.67.52 port 51624 ssh2]
Jan  4 04:02:48 LabSZ sshd[16180]: Disconnecting: Too many authentication failures for root [preauth]
Jan  4 04:02:48 LabSZ sshd[16180]: PAM 5 more authentication failures; logname= uid=0 euid=0 tty=ssh ruser= rhost=182.100.67.52  user=root
Jan  4 04:02:48 LabSZ sshd[16180]: PAM service(sshd) ignoring max retries; 6 > 3
Jan  4 04:02:48 LabSZ sshd[16196]: Failed password for root from 183.196.29.120 port 42526 ssh2
Jan  4 04:02:49 LabSZ sshd[16196]: Received disconnect from 183.196.29.120: 11: Bye Bye [preauth]
Jan  4 04:02:49 LabSZ sshd[16184]: message repeated 5 times: [ Failed password for root from 218.87.109.156 port 48882 ssh2]
Jan  4 04:02:49 LabSZ sshd[16184]: Disconnecting: Too many authentication failures for root [preauth]
Jan  4 04:02:49 LabSZ sshd[16184]: PAM 5 more authentication failures; logname= uid=0 euid=0 tty=ssh ruser= rhost=218.87.109.156  user=root
Jan  4 04:02:49 LabSZ sshd[16184]: PAM service(sshd) ignoring max retries; 6 > 3
Jan  4 04:02:50 LabSZ sshd[16198]: pam_unix(sshd:auth): authentication failure; logname= uid=0 euid=0 tty=ssh ruser= rhost=183.196.29.120  user=root
Jan  4 04:02:50 LabSZ sshd[16202]: pam_unix(sshd:auth): authentication failure; logname= uid=0 euid=0 tty=ssh ruser= rhost=218.87.109.156  user=root
Jan  4 04:02:50 LabSZ sshd[16200]: pam_unix(sshd:auth): authentication failure; logname= uid=0 euid=0 tty=ssh ruser= rhost=182.100.67.52  user=root
Jan  4 04:02:52 LabSZ sshd[16198]: Failed password for root from 183.196.29.120 port 42628 ssh2
Jan  4 04:02:52 LabSZ sshd[16198]: Received disconnect from 183.196.29.120: 11: Bye Bye [preauth]
Jan  4 04:02:52 LabSZ sshd[16202]: Failed password for root from 218.87.109.156 port 20542 ssh2
Jan  4 04:02:52 LabSZ sshd[16200]: Failed password for root from 182.100.67.52 port 26572 ssh2
Jan  4 04:02:53 LabSZ sshd[16204]: pam_unix(sshd:auth): authentication failure; logname= uid=0 euid=0 tty=ssh ruser= rhost=183.196.29.120  user=root
Jan  4 04:02:53 LabSZ sshd[16188]: message repeated 5 times: [ Failed password for root from 59.63.188.30 port 21607 ssh2]
Jan  4 04:02:53 LabSZ sshd[16188]: Disconnecting: Too many authentication failures for root [preauth]
Jan  4 04:02:53 LabSZ sshd[16188]: PAM 5 more authentication failures; logname= uid=0 euid=0 tty=ssh ruser= rhost=59.63.188.30  user=root
Jan  4 04:02:53 LabSZ sshd[16188]: PAM service(sshd) ignoring max retries; 6 > 3
Jan  4 04:02:54 LabSZ sshd[16190]: message repeated 5 times: [ Failed password for root from 59.63.188.30 port 22522 ssh2]
Jan  4 04:02:54 LabSZ sshd[16190]: Disconnecting: Too many authentication failures for root [preauth]
Jan  4 04:02:54 LabSZ sshd[16190]: PAM 5 more authentication failures; logname= uid=0 euid=0 tty=ssh ruser= rhost=59.63.188.30  user=root
Jan  4 04:02:54 LabSZ sshd[16190]: PAM service(sshd) ignoring max retries; 6 > 3
Jan  4 04:02:54 LabSZ sshd[16206]: pam_unix(sshd:auth): authentication failure; logname= uid=0 euid=0 tty=ssh ruser= rhost=59.63.188.30  user=root
Jan  4 04:02:55 LabSZ sshd[16204]: Failed password for root from 183.196.29.120 port 42735 ssh2
Jan  4 04:02:55 LabSZ sshd[16204]: Received disconnect from 183.196.29.120: 11: Bye Bye [preauth]
Jan  4 04:02:55 LabSZ sshd[16209]: pam_unix(sshd:auth): authentication failure; logname= uid=0 euid=0 tty=ssh ruser= rhost=59.63.188.30  user=root
Jan  4 04:02:56 LabSZ sshd[16208]: pam_unix(sshd:auth): authentication failure; logname= uid=0 euid=0 tty=ssh ruser= rhost=183.196.29.120  user=root
Jan  4 04:02:57 LabSZ sshd[16206]: Failed password for root from 59.63.188.30 port 42974 ssh2
Jan  4 04:02:58 LabSZ sshd[16209]: Failed password for root from 59.63.188.30 port 44298 ssh2
Jan  4 04:02:58 LabSZ sshd[16208]: Failed password for root from 183.196.29.120 port 42833 ssh2
Jan  4 04:02:58 LabSZ sshd[16208]: Received disconnect from 183.196.29.120: 11: Bye Bye [preauth]
Jan  4 04:02:59 LabSZ sshd[16212]: pam_unix(sshd:auth): authentication failure; logname= uid=0 euid=0 tty=ssh ruser= rhost=183.196.29.120  user=root
Jan  4 04:03:01 LabSZ sshd[16212]: Failed password for root from 183.196.29.120 port 42953 ssh2
Jan  4 04:03:01 LabSZ sshd[16212]: Received disconnect from 183.196.29.120: 11: Bye Bye [preauth]
Jan  4 04:03:02 LabSZ sshd[16214]: pam_unix(sshd:auth): authentication failure; logname= uid=0 euid=0 tty=ssh ruser= rhost=183.196.29.120  user=root
Jan  4 04:03:04 LabSZ sshd[16214]: Failed password for root from 183.196.29.120 port 43056 ssh2
Jan  4 04:03:04 LabSZ sshd[16214]: Received disconnect from 183.196.29.120: 11: Bye Bye [preauth]
Jan  4 04:03:05 LabSZ sshd[16202]: message repeated 5 times: [ Failed password for root from 218.87.109.156 port 20542 ssh2]
Jan  4 04:03:05 LabSZ sshd[16202]: Disconnecting: Too many authentication failures for root [preauth]
Jan  4 04:03:05 LabSZ sshd[16202]: PAM 5 more authentication failures; logname= uid=0 euid=0 tty=ssh ruser= rhost=218.87.109.156  user=root
Jan  4 04:03:05 LabSZ sshd[16202]: PAM service(sshd) ignoring max retries; 6 > 3
Jan  4 04:03:05 LabSZ sshd[16216]: pam_unix(sshd:auth): authentication failure; logname= uid=0 euid=0 tty=ssh ruser= rhost=183.196.29.120  user=root
Jan  4 04:03:06 LabSZ sshd[16200]: message repeated 5 times: [ Failed password for root from 182.100.67.52 port 26572 ssh2]
Jan  4 04:03:06 LabSZ sshd[16200]: Disconnecting: Too many authentication failures for root [preauth]
Jan  4 04:03:06 LabSZ sshd[16200]: PAM 5 more authentication failures; logname= uid=0 euid=0 tty=ssh ruser= rhost=182.100.67.52  user=root
Jan  4 04:03:06 LabSZ sshd[16200]: PAM service(sshd) ignoring max retries; 6 > 3
Jan  4 04:03:07 LabSZ sshd[16218]: pam_unix(sshd:auth): authentication failure; logname= uid=0 euid=0 tty=ssh ruser= rhost=218.87.109.156  user=root
Jan  4 04:03:07 LabSZ sshd[16220]: pam_unix(sshd:auth): authentication failure; logname= uid=0 euid=0 tty=ssh ruser= rhost=182.100.67.52  user=root
Jan  4 04:03:08 LabSZ sshd[16216]: Failed password for root from 183.196.29.120 port 43153 ssh2
Jan  4 04:03:08 LabSZ sshd[16216]: Received disconnect from 183.196.29.120: 11: Bye Bye [preauth]
Jan  4 04:03:09 LabSZ sshd[16222]: pam_unix(sshd:auth): authentication failure; logname= uid=0 euid=0 tty=ssh ruser= rhost=183.196.29.120  user=root
Jan  4 04:03:10 LabSZ sshd[16218]: Failed password for root from 218.87.109.156 port 57940 ssh2
Jan  4 04:03:10 LabSZ sshd[16220]: Failed password for root from 182.100.67.52 port 2308 ssh2
Jan  4 04:03:11 LabSZ sshd[16206]: message repeated 5 times: [ Failed password for root from 59.63.188.30 port 42974 ssh2]
Jan  4 04:03:11 LabSZ sshd[16206]: Disconnecting: Too many authentication failures for root [preauth]
