Jan  1 11:22:29 LabSZ sshd[5721]: Disconnecting: Too many authentication failures for root [preauth]
Jan  1 11:22:29 LabSZ sshd[5721]: PAM 5 more authentication failures; logname= uid=0 euid=0 tty=ssh ruser= rhost=58.242.83.25  user=root
Jan  1 11:22:29 LabSZ sshd[5721]: PAM service(sshd) ignoring max retries; 6 > 3
Jan  1 11:22:30 LabSZ sshd[5723]: pam_unix(sshd:auth): authentication failure; logname= uid=0 euid=0 tty=ssh ruser= rhost=58.242.83.25  user=root
Jan  1 11:22:32 LabSZ sshd[5723]: Failed password for root from 58.242.83.25 port 33803 ssh2
Jan  1 11:22:45 LabSZ sshd[5723]: message repeated 5 times: [ Failed password for root from 58.242.83.25 port 33803 ssh2]
Jan  1 11:22:45 LabSZ sshd[5723]: Disconnecting: Too many authentication failures for root [preauth]
Jan  1 11:22:45 LabSZ sshd[5723]: PAM 5 more authentication failures; logname= uid=0 euid=0 tty=ssh ruser= rhost=58.242.83.25  user=root
Jan  1 11:22:45 LabSZ sshd[5723]: PAM service(sshd) ignoring max retries; 6 > 3
Jan  1 11:22:46 LabSZ sshd[5725]: pam_unix(sshd:auth): authentication failure; logname= uid=0 euid=0 tty=ssh ruser= rhost=58.242.83.25  user=root
Jan  1 11:22:49 LabSZ sshd[5725]: Failed password for root from 58.242.83.25 port 52905 ssh2
Jan  1 11:23:02 LabSZ sshd[5725]: message repeated 5 times: [ Failed password for root from 58.242.83.25 port 52905 ssh2]
Jan  1 11:23:02 LabSZ sshd[5725]: Disconnecting: Too many authentication failures for root [preauth]
Jan  1 11:23:02 LabSZ sshd[5725]: PAM 5 more authentication failures; logname= uid=0 euid=0 tty=ssh ruser= rhost=58.242.83.25  user=root
Jan  1 11:23:02 LabSZ sshd[5725]: PAM service(sshd) ignoring max retries; 6 > 3
Jan  1 11:23:03 LabSZ sshd[5727]: pam_unix(sshd:auth): authentication failure; logname= uid=0 euid=0 tty=ssh ruser= rhost=58.242.83.25  user=root
Jan  1 11:23:05 LabSZ sshd[5727]: Failed password for root from 58.242.83.25 port 8460 ssh2
Jan  1 11:23:18 LabSZ sshd[5727]: message repeated 5 times: [ Failed password for root from 58.242.83.25 port 8460 ssh2]
Jan  1 11:23:18 LabSZ sshd[5727]: Disconnecting: Too many authentication failures for root [preauth]
Jan  1 11:23:18 LabSZ sshd[5727]: PAM 5 more authentication failures; logname= uid=0 euid=0 tty=ssh ruser= rhost=58.242.83.25  user=root
Jan  1 11:23:18 LabSZ sshd[5727]: PAM service(sshd) ignoring max retries; 6 > 3
Jan  1 11:23:19 LabSZ sshd[5729]: pam_unix(sshd:auth): authentication failure; logname= uid=0 euid=0 tty=ssh ruser= rhost=58.242.83.25  user=root
Jan  1 11:23:21 LabSZ sshd[5729]: Failed password for root from 58.242.83.25 port 26838 ssh2
Jan  1 11:23:33 LabSZ sshd[5729]: message repeated 5 times: [ Failed password for root from 58.242.83.25 port 26838 ssh2]
Jan  1 11:23:33 LabSZ sshd[5729]: Disconnecting: Too many authentication failures for root [preauth]
Jan  1 11:23:33 LabSZ sshd[5729]: PAM 5 more authentication failures; logname= uid=0 euid=0 tty=ssh ruser= rhost=58.242.83.25  user=root
Jan  1 11:23:33 LabSZ sshd[5729]: PAM service(sshd) ignoring max retries; 6 > 3
Jan  1 11:23:34 LabSZ sshd[5732]: pam_unix(sshd:auth): authentication failure; logname= uid=0 euid=0 tty=ssh ruser= rhost=58.242.83.25  user=root
Jan  1 11:23:37 LabSZ sshd[5732]: Failed password for root from 58.242.83.25 port 44290 ssh2
Jan  1 11:23:37 LabSZ sshd[5731]: Invalid user  0101 from 5.188.10.180
Jan  1 11:23:37 LabSZ sshd[5731]: input_userauth_request: invalid user  0101 [preauth]
Jan  1 11:23:37 LabSZ sshd[5731]: pam_unix(sshd:auth): check pass; user unknown
Jan  1 11:23:37 LabSZ sshd[5731]: pam_unix(sshd:auth): authentication failure; logname= uid=0 euid=0 tty=ssh ruser= rhost=5.188.10.180 
Jan  1 11:23:38 LabSZ sshd[5731]: Failed password for invalid user  0101 from 5.188.10.180 port 48984 ssh2
Jan  1 11:23:39 LabSZ sshd[5731]: Connection closed by 5.188.10.180 [preauth]
Jan  1 11:23:49 LabSZ sshd[5735]: Invalid user 0 from 5.188.10.180
Jan  1 11:23:49 LabSZ sshd[5735]: input_userauth_request: invalid user 0 [preauth]
Jan  1 11:23:49 LabSZ sshd[5735]: Failed none for invalid user 0 from 5.188.10.180 port 39580 ssh2
Jan  1 11:23:50 LabSZ sshd[5732]: message repeated 5 times: [ Failed password for root from 58.242.83.25 port 44290 ssh2]
Jan  1 11:23:50 LabSZ sshd[5732]: Disconnecting: Too many authentication failures for root [preauth]
Jan  1 11:23:50 LabSZ sshd[5732]: PAM 5 more authentication failures; logname= uid=0 euid=0 tty=ssh ruser= rhost=58.242.83.25  user=root
Jan  1 11:23:50 LabSZ sshd[5732]: PAM service(sshd) ignoring max retries; 6 > 3
Jan  1 11:23:50 LabSZ sshd[5735]: pam_unix(sshd:auth): check pass; user unknown
Jan  1 11:23:50 LabSZ sshd[5735]: pam_unix(sshd:auth): authentication failure; logname= uid=0 euid=0 tty=ssh ruser= rhost=5.188.10.180 
Jan  1 11:23:51 LabSZ sshd[5737]: pam_unix(sshd:auth): authentication failure; logname= uid=0 euid=0 tty=ssh ruser= rhost=58.242.83.25  user=root
Jan  1 11:23:52 LabSZ sshd[5735]: Failed password for invalid user 0 from 5.188.10.180 port 39580 ssh2
Jan  1 11:23:53 LabSZ sshd[5737]: Failed password for root from 58.242.83.25 port 64070 ssh2
Jan  1 11:23:53 LabSZ sshd[5735]: Connection closed by 5.188.10.180 [preauth]
Jan  1 11:23:57 LabSZ sshd[5739]: Invalid user 1234 from 5.188.10.180
Jan  1 11:23:57 LabSZ sshd[5739]: input_userauth_request: invalid user 1234 [preauth]
Jan  1 11:23:57 LabSZ sshd[5739]: pam_unix(sshd:auth): check pass; user unknown
Jan  1 11:23:57 LabSZ sshd[5739]: pam_unix(sshd:auth): authentication failure; logname= uid=0 euid=0 tty=ssh ruser= rhost=5.188.10.180 
Jan  1 11:23:59 LabSZ sshd[5739]: Failed password for invalid user 1234 from 5.188.10.180 port 39137 ssh2
Jan  1 11:24:00 LabSZ sshd[5739]: Connection closed by 5.188.10.180 [preauth]
Jan  1 11:24:05 LabSZ sshd[5737]: message repeated 5 times: [ Failed password for root from 58.242.83.25 port 64070 ssh2]
Jan  1 11:24:05 LabSZ sshd[5737]: Disconnecting: Too many authentication failures for root [preauth]
Jan  1 11:24:05 LabSZ sshd[5737]: PAM 5 more authentication failures; logname= uid=0 euid=0 tty=ssh ruser= rhost=58.242.83.25  user=root
Jan  1 11:24:05 LabSZ sshd[5737]: PAM service(sshd) ignoring max retries; 6 > 3
Jan  1 11:24:06 LabSZ sshd[5743]: pam_unix(sshd:auth): authentication failure; logname= uid=0 euid=0 tty=ssh ruser= rhost=58.242.83.25  user=root
Jan  1 11:24:07 LabSZ sshd[5741]: Invalid user admin from 5.188.10.180
Jan  1 11:24:07 LabSZ sshd[5741]: input_userauth_request: invalid user admin [preauth]
Jan  1 11:24:07 LabSZ sshd[5741]: Failed none for invalid user admin from 5.188.10.180 port 37309 ssh2
Jan  1 11:24:08 LabSZ sshd[5741]: Connection closed by 5.188.10.180 [preauth]
Jan  1 11:24:08 LabSZ sshd[5743]: Failed password for root from 58.242.83.25 port 18395 ssh2
Jan  1 11:24:16 LabSZ sshd[5745]: Invalid user admin from 5.188.10.180
Jan  1 11:24:16 LabSZ sshd[5745]: input_userauth_request: invalid user admin [preauth]
Jan  1 11:24:16 LabSZ sshd[5745]: pam_unix(sshd:auth): check pass; user unknown
Jan  1 11:24:16 LabSZ sshd[5745]: pam_unix(sshd:auth): authentication failure; logname= uid=0 euid=0 tty=ssh ruser= rhost=5.188.10.180 
Jan  1 11:24:18 LabSZ sshd[5745]: Failed password for invalid user admin from 5.188.10.180 port 60413 ssh2
Jan  1 11:24:20 LabSZ sshd[5743]: message repeated 5 times: [ Failed password for root from 58.242.83.25 port 18395 ssh2]
Jan  1 11:24:20 LabSZ sshd[5743]: Disconnecting: Too many authentication failures for root [preauth]
Jan  1 11:24:20 LabSZ sshd[5743]: PAM 5 more authentication failures; logname= uid=0 euid=0 tty=ssh ruser= rhost=58.242.83.25  user=root
Jan  1 11:24:20 LabSZ sshd[5743]: PAM service(sshd) ignoring max retries; 6 > 3
Jan  1 11:24:21 LabSZ sshd[5747]: pam_unix(sshd:auth): authentication failure; logname= uid=0 euid=0 tty=ssh ruser= rhost=58.242.83.25  user=root
Jan  1 11:24:22 LabSZ sshd[5745]: pam_unix(sshd:auth): check pass; user unknown
Jan  1 11:24:24 LabSZ sshd[5747]: Failed password for root from 58.242.83.25 port 37001 ssh2
Jan  1 11:24:24 LabSZ sshd[5745]: Failed password for invalid user admin from 5.188.10.180 port 60413 ssh2
Jan  1 11:24:25 LabSZ sshd[5745]: pam_unix(sshd:auth): check pass; user unknown
Jan  1 11:24:27 LabSZ sshd[5745]: Failed password for invalid user admin from 5.188.10.180 port 60413 ssh2
Jan  1 11:24:27 LabSZ sshd[5745]: pam_unix(sshd:auth): check pass; user unknown
Jan  1 11:24:29 LabSZ sshd[5745]: Failed password for invalid user admin from 5.188.10.180 port 60413 ssh2
Jan  1 11:24:29 LabSZ sshd[5745]: pam_unix(sshd:auth): check pass; user unknown
Jan  1 11:24:32 LabSZ sshd[5745]: Failed password for invalid user admin from 5.188.10.180 port 60413 ssh2
Jan  1 11:24:33 LabSZ sshd[5745]: Connection closed by 5.188.10.180 [preauth]
Jan  1 11:24:33 LabSZ sshd[5745]: PAM 4 more authentication failures; logname= uid=0 euid=0 tty=ssh ruser= rhost=5.188.10.180 
Jan  1 11:24:33 LabSZ sshd[5745]: PAM service(sshd) ignoring max retries; 5 > 3
Jan  1 11:24:36 LabSZ sshd[5747]: message repeated 5 times: [ Failed password for root from 58.242.83.25 port 37001 ssh2]
Jan  1 11:24:36 LabSZ sshd[5747]: Disconnecting: Too many authentication failures for root [preauth]
Jan  1 11:24:36 LabSZ sshd[5747]: PAM 5 more authentication failures; logname= uid=0 euid=0 tty=ssh ruser= rhost=58.242.83.25  user=root
Jan  1 11:24:36 LabSZ sshd[5747]: PAM service(sshd) ignoring max retries; 6 > 3
Jan  1 11:24:36 LabSZ sshd[5749]: Invalid user admin from 5.188.10.180
Jan  1 11:24:36 LabSZ sshd[5749]: input_userauth_request: invalid user admin [preauth]
Jan  1 11:24:36 LabSZ sshd[5749]: pam_unix(sshd:auth): check pass; user unknown
Jan  1 11:24:36 LabSZ sshd[5749]: pam_unix(sshd:auth): authentication failure; logname= uid=0 euid=0 tty=ssh ruser= rhost=5.188.10.180 
Jan  1 11:24:37 LabSZ sshd[5751]: pam_unix(sshd:auth): authentication failure; logname= uid=0 euid=0 tty=ssh ruser= rhost=58.242.83.25  user=root
Jan  1 11:24:38 LabSZ sshd[5749]: Failed password for invalid user admin from 5.188.10.180 port 34851 ssh2
Jan  1 11:24:39 LabSZ sshd[5751]: Failed password for root from 58.242.83.25 port 55927 ssh2
Jan  1 11:24:39 LabSZ sshd[5749]: pam_unix(sshd:auth): check pass; user unknown
Jan  1 11:24:40 LabSZ sshd[5749]: Failed password for invalid user admin from 5.188.10.180 port 34851 ssh2
Jan  1 11:24:41 LabSZ sshd[5749]: pam_unix(sshd:auth): check pass; user unknown
