Jan  3 12:11:05 LabSZ sshd[31789]: pam_unix(sshd:auth): check pass; user unknown
Jan  3 12:11:05 LabSZ sshd[31789]: pam_unix(sshd:auth): authentication failure; logname= uid=0 euid=0 tty=ssh ruser= rhost=119.7.221.129 
Jan  3 12:11:05 LabSZ sshd[31791]: reverse mapping checking getaddrinfo for . [183.192.189.131] failed - POSSIBLE BREAK-IN ATTEMPT!
Jan  3 12:11:05 LabSZ sshd[31791]: pam_unix(sshd:auth): authentication failure; logname= uid=0 euid=0 tty=ssh ruser= rhost=183.192.189.131  user=root
Jan  3 12:11:07 LabSZ sshd[31789]: Failed password for invalid user wangzy from 119.7.221.129 port 34218 ssh2
Jan  3 12:11:07 LabSZ sshd[31789]: Received disconnect from 119.7.221.129: 11: Bye Bye [preauth]
Jan  3 12:11:07 LabSZ sshd[31791]: Failed password for root from 183.192.189.131 port 22129 ssh2
Jan  3 12:11:07 LabSZ sshd[31791]: Connection closed by 183.192.189.131 [preauth]
Jan  3 12:11:07 LabSZ sshd[31793]: Invalid user chenll from 119.7.221.129
Jan  3 12:11:07 LabSZ sshd[31793]: input_userauth_request: invalid user chenll [preauth]
Jan  3 12:11:07 LabSZ sshd[31793]: pam_unix(sshd:auth): check pass; user unknown
Jan  3 12:11:07 LabSZ sshd[31793]: pam_unix(sshd:auth): authentication failure; logname= uid=0 euid=0 tty=ssh ruser= rhost=119.7.221.129 
Jan  3 12:11:08 LabSZ sshd[31795]: reverse mapping checking getaddrinfo for . [183.192.189.131] failed - POSSIBLE BREAK-IN ATTEMPT!
Jan  3 12:11:08 LabSZ sshd[31795]: pam_unix(sshd:auth): authentication failure; logname= uid=0 euid=0 tty=ssh ruser= rhost=183.192.189.131  user=root
Jan  3 12:11:10 LabSZ sshd[31793]: Failed password for invalid user chenll from 119.7.221.129 port 36141 ssh2
Jan  3 12:11:10 LabSZ sshd[31793]: Received disconnect from 119.7.221.129: 11: Bye Bye [preauth]
Jan  3 12:11:10 LabSZ sshd[31795]: Failed password for root from 183.192.189.131 port 22130 ssh2
Jan  3 12:11:10 LabSZ sshd[31795]: Connection closed by 183.192.189.131 [preauth]
Jan  3 12:11:10 LabSZ sshd[31797]: Invalid user huangzq from 119.7.221.129
Jan  3 12:11:10 LabSZ sshd[31797]: input_userauth_request: invalid user huangzq [preauth]
Jan  3 12:11:10 LabSZ sshd[31797]: pam_unix(sshd:auth): check pass; user unknown
Jan  3 12:11:10 LabSZ sshd[31797]: pam_unix(sshd:auth): authentication failure; logname= uid=0 euid=0 tty=ssh ruser= rhost=119.7.221.129 
Jan  3 12:11:10 LabSZ sshd[31799]: reverse mapping checking getaddrinfo for . [183.192.189.131] failed - POSSIBLE BREAK-IN ATTEMPT!
Jan  3 12:11:10 LabSZ sshd[31799]: pam_unix(sshd:auth): authentication failure; logname= uid=0 euid=0 tty=ssh ruser= rhost=183.192.189.131  user=root
Jan  3 12:11:12 LabSZ sshd[31797]: Failed password for invalid user huangzq from 119.7.221.129 port 38245 ssh2
Jan  3 12:11:12 LabSZ sshd[31797]: Received disconnect from 119.7.221.129: 11: Bye Bye [preauth]
Jan  3 12:11:12 LabSZ sshd[31799]: Failed password for root from 183.192.189.131 port 22131 ssh2
Jan  3 12:11:12 LabSZ sshd[31799]: Connection closed by 183.192.189.131 [preauth]
Jan  3 12:11:12 LabSZ sshd[31803]: reverse mapping checking getaddrinfo for . [183.192.189.131] failed - POSSIBLE BREAK-IN ATTEMPT!
Jan  3 12:11:12 LabSZ sshd[31803]: pam_unix(sshd:auth): authentication failure; logname= uid=0 euid=0 tty=ssh ruser= rhost=183.192.189.131  user=root
Jan  3 12:11:12 LabSZ sshd[31801]: Invalid user yuhao from 119.7.221.129
Jan  3 12:11:12 LabSZ sshd[31801]: input_userauth_request: invalid user yuhao [preauth]
Jan  3 12:11:12 LabSZ sshd[31801]: pam_unix(sshd:auth): check pass; user unknown
Jan  3 12:11:12 LabSZ sshd[31801]: pam_unix(sshd:auth): authentication failure; logname= uid=0 euid=0 tty=ssh ruser= rhost=119.7.221.129 
Jan  3 12:11:14 LabSZ sshd[31803]: Failed password for root from 183.192.189.131 port 22132 ssh2
Jan  3 12:11:14 LabSZ sshd[31803]: Connection closed by 183.192.189.131 [preauth]
Jan  3 12:11:14 LabSZ sshd[31801]: Failed password for invalid user yuhao from 119.7.221.129 port 40226 ssh2
Jan  3 12:11:14 LabSZ sshd[31801]: Received disconnect from 119.7.221.129: 11: Bye Bye [preauth]
Jan  3 12:11:14 LabSZ sshd[31805]: reverse mapping checking getaddrinfo for . [183.192.189.131] failed - POSSIBLE BREAK-IN ATTEMPT!
Jan  3 12:11:14 LabSZ sshd[31779]: message repeated 5 times: [ Failed password for root from 59.63.188.30 port 28973 ssh2]
Jan  3 12:11:14 LabSZ sshd[31779]: Disconnecting: Too many authentication failures for root [preauth]
Jan  3 12:11:14 LabSZ sshd[31779]: PAM 5 more authentication failures; logname= uid=0 euid=0 tty=ssh ruser= rhost=59.63.188.30  user=root
Jan  3 12:11:14 LabSZ sshd[31779]: PAM service(sshd) ignoring max retries; 6 > 3
Jan  3 12:11:14 LabSZ sshd[31807]: Invalid user cloudadmin from 119.7.221.129
Jan  3 12:11:14 LabSZ sshd[31807]: input_userauth_request: invalid user cloudadmin [preauth]
Jan  3 12:11:14 LabSZ sshd[31807]: pam_unix(sshd:auth): check pass; user unknown
Jan  3 12:11:14 LabSZ sshd[31807]: pam_unix(sshd:auth): authentication failure; logname= uid=0 euid=0 tty=ssh ruser= rhost=119.7.221.129 
Jan  3 12:11:14 LabSZ sshd[31805]: pam_unix(sshd:auth): authentication failure; logname= uid=0 euid=0 tty=ssh ruser= rhost=183.192.189.131  user=root
Jan  3 12:11:15 LabSZ sshd[31809]: pam_unix(sshd:auth): authentication failure; logname= uid=0 euid=0 tty=ssh ruser= rhost=59.63.188.30  user=root
Jan  3 12:11:17 LabSZ sshd[31807]: Failed password for invalid user cloudadmin from 119.7.221.129 port 42100 ssh2
Jan  3 12:11:17 LabSZ sshd[31805]: Failed password for root from 183.192.189.131 port 22133 ssh2
Jan  3 12:11:17 LabSZ sshd[31807]: Received disconnect from 119.7.221.129: 11: Bye Bye [preauth]
Jan  3 12:11:17 LabSZ sshd[31805]: Connection closed by 183.192.189.131 [preauth]
Jan  3 12:11:17 LabSZ sshd[31811]: Invalid user wangmj from 119.7.221.129
Jan  3 12:11:17 LabSZ sshd[31811]: input_userauth_request: invalid user wangmj [preauth]
Jan  3 12:11:17 LabSZ sshd[31811]: pam_unix(sshd:auth): check pass; user unknown
Jan  3 12:11:17 LabSZ sshd[31811]: pam_unix(sshd:auth): authentication failure; logname= uid=0 euid=0 tty=ssh ruser= rhost=119.7.221.129 
Jan  3 12:11:18 LabSZ sshd[31809]: Failed password for root from 59.63.188.30 port 46619 ssh2
Jan  3 12:11:19 LabSZ sshd[31811]: Failed password for invalid user wangmj from 119.7.221.129 port 44456 ssh2
Jan  3 12:11:19 LabSZ sshd[31811]: Received disconnect from 119.7.221.129: 11: Bye Bye [preauth]
Jan  3 12:11:19 LabSZ sshd[31815]: Invalid user dengjh from 119.7.221.129
Jan  3 12:11:19 LabSZ sshd[31815]: input_userauth_request: invalid user dengjh [preauth]
Jan  3 12:11:19 LabSZ sshd[31815]: pam_unix(sshd:auth): check pass; user unknown
Jan  3 12:11:19 LabSZ sshd[31815]: pam_unix(sshd:auth): authentication failure; logname= uid=0 euid=0 tty=ssh ruser= rhost=119.7.221.129 
Jan  3 12:11:21 LabSZ sshd[31815]: Failed password for invalid user dengjh from 119.7.221.129 port 46392 ssh2
Jan  3 12:11:22 LabSZ sshd[31815]: Received disconnect from 119.7.221.129: 11: Bye Bye [preauth]
Jan  3 12:11:22 LabSZ sshd[31817]: Invalid user chenxu from 119.7.221.129
Jan  3 12:11:22 LabSZ sshd[31817]: input_userauth_request: invalid user chenxu [preauth]
Jan  3 12:11:22 LabSZ sshd[31817]: pam_unix(sshd:auth): check pass; user unknown
Jan  3 12:11:22 LabSZ sshd[31817]: pam_unix(sshd:auth): authentication failure; logname= uid=0 euid=0 tty=ssh ruser= rhost=119.7.221.129 
Jan  3 12:11:24 LabSZ sshd[31817]: Failed password for invalid user chenxu from 119.7.221.129 port 48501 ssh2
Jan  3 12:11:24 LabSZ sshd[31817]: Received disconnect from 119.7.221.129: 11: Bye Bye [preauth]
Jan  3 12:11:24 LabSZ sshd[31819]: pam_unix(sshd:auth): authentication failure; logname= uid=0 euid=0 tty=ssh ruser= rhost=119.7.221.129  user=root
Jan  3 12:11:26 LabSZ sshd[31819]: Failed password for root from 119.7.221.129 port 50464 ssh2
Jan  3 12:11:26 LabSZ sshd[31819]: Received disconnect from 119.7.221.129: 11: Bye Bye [preauth]
Jan  3 12:11:26 LabSZ sshd[31821]: Invalid user onewaygate from 119.7.221.129
Jan  3 12:11:26 LabSZ sshd[31821]: input_userauth_request: invalid user onewaygate [preauth]
Jan  3 12:11:26 LabSZ sshd[31821]: pam_unix(sshd:auth): check pass; user unknown
Jan  3 12:11:26 LabSZ sshd[31821]: pam_unix(sshd:auth): authentication failure; logname= uid=0 euid=0 tty=ssh ruser= rhost=119.7.221.129 
Jan  3 12:11:27 LabSZ sshd[31812]: reverse mapping checking getaddrinfo for . [183.192.189.131] failed - POSSIBLE BREAK-IN ATTEMPT!
Jan  3 12:11:27 LabSZ sshd[31812]: pam_unix(sshd:auth): authentication failure; logname= uid=0 euid=0 tty=ssh ruser= rhost=183.192.189.131  user=root
Jan  3 12:11:29 LabSZ sshd[31809]: message repeated 5 times: [ Failed password for root from 59.63.188.30 port 46619 ssh2]
Jan  3 12:11:29 LabSZ sshd[31809]: Disconnecting: Too many authentication failures for root [preauth]
Jan  3 12:11:29 LabSZ sshd[31809]: PAM 5 more authentication failures; logname= uid=0 euid=0 tty=ssh ruser= rhost=59.63.188.30  user=root
Jan  3 12:11:29 LabSZ sshd[31809]: PAM service(sshd) ignoring max retries; 6 > 3
Jan  3 12:11:29 LabSZ sshd[31812]: Failed password for root from 183.192.189.131 port 22134 ssh2
Jan  3 12:11:29 LabSZ sshd[31812]: Connection closed by 183.192.189.131 [preauth]
Jan  3 12:11:29 LabSZ sshd[31821]: Failed password for invalid user onewaygate from 119.7.221.129 port 52300 ssh2
Jan  3 12:11:29 LabSZ sshd[31821]: Received disconnect from 119.7.221.129: 11: Bye Bye [preauth]
Jan  3 12:11:29 LabSZ sshd[31823]: reverse mapping checking getaddrinfo for . [183.192.189.131] failed - POSSIBLE BREAK-IN ATTEMPT!
Jan  3 12:11:29 LabSZ sshd[31823]: pam_unix(sshd:auth): authentication failure; logname= uid=0 euid=0 tty=ssh ruser= rhost=183.192.189.131  user=root
Jan  3 12:11:29 LabSZ sshd[31825]: pam_unix(sshd:auth): authentication failure; logname= uid=0 euid=0 tty=ssh ruser= rhost=119.7.221.129  user=root
Jan  3 12:11:30 LabSZ sshd[31827]: pam_unix(sshd:auth): authentication failure; logname= uid=0 euid=0 tty=ssh ruser= rhost=59.63.188.30  user=root
Jan  3 12:11:31 LabSZ sshd[31823]: Failed password for root from 183.192.189.131 port 22135 ssh2
Jan  3 12:11:31 LabSZ sshd[31823]: Connection closed by 183.192.189.131 [preauth]
Jan  3 12:11:32 LabSZ sshd[31829]: reverse mapping checking getaddrinfo for . [183.192.189.131] failed - POSSIBLE BREAK-IN ATTEMPT!
Jan  3 12:11:32 LabSZ sshd[31825]: Failed password for root from 119.7.221.129 port 54784 ssh2
Jan  3 12:11:32 LabSZ sshd[31829]: pam_unix(sshd:auth): authentication failure; logname= uid=0 euid=0 tty=ssh ruser= rhost=183.192.189.131  user=root
Jan  3 12:11:32 LabSZ sshd[31825]: Received disconnect from 119.7.221.129: 11: Bye Bye [preauth]
Jan  3 12:11:32 LabSZ sshd[31831]: pam_unix(sshd:auth): authentication failure; logname= uid=0 euid=0 tty=ssh ruser= rhost=119.7.221.129  user=root
