Jan  5 07:21:10 LabSZ sshd[15760]: input_userauth_request: invalid user telecomadmin [preauth]
Jan  5 07:21:10 LabSZ sshd[15760]: pam_unix(sshd:auth): check pass; user unknown
Jan  5 07:21:10 LabSZ sshd[15760]: pam_unix(sshd:auth): authentication failure; logname= uid=0 euid=0 tty=ssh ruser= rhost=5.188.10.182 
Jan  5 07:21:13 LabSZ sshd[15760]: Failed password for invalid user telecomadmin from 5.188.10.182 port 45796 ssh2
Jan  5 07:21:13 LabSZ sshd[15760]: Connection closed by 5.188.10.182 [preauth]
Jan  5 07:21:16 LabSZ sshd[15762]: Invalid user test from 5.188.10.182
Jan  5 07:21:16 LabSZ sshd[15762]: input_userauth_request: invalid user test [preauth]
Jan  5 07:21:16 LabSZ sshd[15762]: pam_unix(sshd:auth): check pass; user unknown
Jan  5 07:21:16 LabSZ sshd[15762]: pam_unix(sshd:auth): authentication failure; logname= uid=0 euid=0 tty=ssh ruser= rhost=5.188.10.182 
Jan  5 07:21:17 LabSZ sshd[15762]: Failed password for invalid user test from 5.188.10.182 port 60314 ssh2
Jan  5 07:21:18 LabSZ sshd[15762]: Connection closed by 5.188.10.182 [preauth]
Jan  5 07:21:20 LabSZ sshd[15764]: Invalid user ubnt from 5.188.10.182
Jan  5 07:21:20 LabSZ sshd[15764]: input_userauth_request: invalid user ubnt [preauth]
Jan  5 07:21:20 LabSZ sshd[15764]: pam_unix(sshd:auth): check pass; user unknown
Jan  5 07:21:20 LabSZ sshd[15764]: pam_unix(sshd:auth): authentication failure; logname= uid=0 euid=0 tty=ssh ruser= rhost=5.188.10.182 
Jan  5 07:21:20 LabSZ sshd[15757]: message repeated 5 times: [ Failed password for root from 182.100.67.52 port 7328 ssh2]
Jan  5 07:21:20 LabSZ sshd[15757]: Disconnecting: Too many authentication failures for root [preauth]
Jan  5 07:21:20 LabSZ sshd[15757]: PAM 5 more authentication failures; logname= uid=0 euid=0 tty=ssh ruser= rhost=182.100.67.52  user=root
Jan  5 07:21:20 LabSZ sshd[15757]: PAM service(sshd) ignoring max retries; 6 > 3
Jan  5 07:21:21 LabSZ sshd[15766]: pam_unix(sshd:auth): authentication failure; logname= uid=0 euid=0 tty=ssh ruser= rhost=182.100.67.52  user=root
Jan  5 07:21:22 LabSZ sshd[15764]: Failed password for invalid user ubnt from 5.188.10.182 port 51858 ssh2
Jan  5 07:21:22 LabSZ sshd[15764]: Connection closed by 5.188.10.182 [preauth]
Jan  5 07:21:24 LabSZ sshd[15766]: Failed password for root from 182.100.67.52 port 32288 ssh2
Jan  5 07:21:25 LabSZ sshd[15756]: message repeated 5 times: [ Failed password for root from 59.63.188.30 port 32726 ssh2]
Jan  5 07:21:25 LabSZ sshd[15756]: Disconnecting: Too many authentication failures for root [preauth]
Jan  5 07:21:25 LabSZ sshd[15756]: PAM 5 more authentication failures; logname= uid=0 euid=0 tty=ssh ruser= rhost=59.63.188.30  user=root
Jan  5 07:21:25 LabSZ sshd[15756]: PAM service(sshd) ignoring max retries; 6 > 3
Jan  5 07:21:26 LabSZ sshd[15768]: Invalid user user from 5.188.10.182
Jan  5 07:21:26 LabSZ sshd[15768]: input_userauth_request: invalid user user [preauth]
Jan  5 07:21:26 LabSZ sshd[15768]: pam_unix(sshd:auth): check pass; user unknown
Jan  5 07:21:26 LabSZ sshd[15768]: pam_unix(sshd:auth): authentication failure; logname= uid=0 euid=0 tty=ssh ruser= rhost=5.188.10.182 
Jan  5 07:21:26 LabSZ sshd[15770]: pam_unix(sshd:auth): authentication failure; logname= uid=0 euid=0 tty=ssh ruser= rhost=59.63.188.30  user=root
Jan  5 07:21:27 LabSZ sshd[15768]: Failed password for invalid user user from 5.188.10.182 port 50041 ssh2
Jan  5 07:21:27 LabSZ sshd[15770]: Failed password for root from 59.63.188.30 port 51064 ssh2
Jan  5 07:21:28 LabSZ sshd[15768]: Connection closed by 5.188.10.182 [preauth]
Jan  5 07:21:30 LabSZ sshd[15772]: Invalid user user from 5.188.10.182
Jan  5 07:21:30 LabSZ sshd[15772]: input_userauth_request: invalid user user [preauth]
Jan  5 07:21:30 LabSZ sshd[15772]: pam_unix(sshd:auth): check pass; user unknown
Jan  5 07:21:30 LabSZ sshd[15772]: pam_unix(sshd:auth): authentication failure; logname= uid=0 euid=0 tty=ssh ruser= rhost=5.188.10.182 
Jan  5 07:21:31 LabSZ sshd[15772]: Failed password for invalid user user from 5.188.10.182 port 47498 ssh2
Jan  5 07:21:32 LabSZ sshd[15772]: Connection closed by 5.188.10.182 [preauth]
Jan  5 07:21:34 LabSZ sshd[15774]: Invalid user user1 from 5.188.10.182
Jan  5 07:21:34 LabSZ sshd[15774]: input_userauth_request: invalid user user1 [preauth]
Jan  5 07:21:34 LabSZ sshd[15774]: Failed none for invalid user user1 from 5.188.10.182 port 58739 ssh2
Jan  5 07:21:34 LabSZ sshd[15774]: pam_unix(sshd:auth): check pass; user unknown
Jan  5 07:21:34 LabSZ sshd[15774]: pam_unix(sshd:auth): authentication failure; logname= uid=0 euid=0 tty=ssh ruser= rhost=5.188.10.182 
Jan  5 07:21:35 LabSZ sshd[15766]: message repeated 5 times: [ Failed password for root from 182.100.67.52 port 32288 ssh2]
Jan  5 07:21:35 LabSZ sshd[15766]: Disconnecting: Too many authentication failures for root [preauth]
Jan  5 07:21:35 LabSZ sshd[15766]: PAM 5 more authentication failures; logname= uid=0 euid=0 tty=ssh ruser= rhost=182.100.67.52  user=root
Jan  5 07:21:35 LabSZ sshd[15766]: PAM service(sshd) ignoring max retries; 6 > 3
Jan  5 07:21:36 LabSZ sshd[15774]: Failed password for invalid user user1 from 5.188.10.182 port 58739 ssh2
Jan  5 07:21:36 LabSZ sshd[15774]: Connection closed by 5.188.10.182 [preauth]
Jan  5 07:21:37 LabSZ sshd[15776]: pam_unix(sshd:auth): authentication failure; logname= uid=0 euid=0 tty=ssh ruser= rhost=182.100.67.52  user=root
Jan  5 07:21:38 LabSZ sshd[15776]: Failed password for root from 182.100.67.52 port 58538 ssh2
Jan  5 07:21:41 LabSZ sshd[15770]: message repeated 5 times: [ Failed password for root from 59.63.188.30 port 51064 ssh2]
Jan  5 07:21:41 LabSZ sshd[15770]: Disconnecting: Too many authentication failures for root [preauth]
Jan  5 07:21:41 LabSZ sshd[15770]: PAM 5 more authentication failures; logname= uid=0 euid=0 tty=ssh ruser= rhost=59.63.188.30  user=root
Jan  5 07:21:41 LabSZ sshd[15770]: PAM service(sshd) ignoring max retries; 6 > 3
Jan  5 07:21:42 LabSZ sshd[15778]: pam_unix(sshd:auth): authentication failure; logname= uid=0 euid=0 tty=ssh ruser= rhost=59.63.188.30  user=root
Jan  5 07:21:44 LabSZ sshd[15778]: Failed password for root from 59.63.188.30 port 7538 ssh2
Jan  5 07:21:50 LabSZ sshd[15776]: message repeated 5 times: [ Failed password for root from 182.100.67.52 port 58538 ssh2]
Jan  5 07:21:50 LabSZ sshd[15776]: Disconnecting: Too many authentication failures for root [preauth]
Jan  5 07:21:50 LabSZ sshd[15776]: PAM 5 more authentication failures; logname= uid=0 euid=0 tty=ssh ruser= rhost=182.100.67.52  user=root
Jan  5 07:21:50 LabSZ sshd[15776]: PAM service(sshd) ignoring max retries; 6 > 3
Jan  5 07:21:51 LabSZ sshd[15780]: pam_unix(sshd:auth): authentication failure; logname= uid=0 euid=0 tty=ssh ruser= rhost=182.100.67.52  user=root
Jan  5 07:21:53 LabSZ sshd[15780]: Failed password for root from 182.100.67.52 port 17732 ssh2
Jan  5 07:21:55 LabSZ sshd[15778]: message repeated 5 times: [ Failed password for root from 59.63.188.30 port 7538 ssh2]
Jan  5 07:21:55 LabSZ sshd[15778]: Disconnecting: Too many authentication failures for root [preauth]
Jan  5 07:21:55 LabSZ sshd[15778]: PAM 5 more authentication failures; logname= uid=0 euid=0 tty=ssh ruser= rhost=59.63.188.30  user=root
Jan  5 07:21:55 LabSZ sshd[15778]: PAM service(sshd) ignoring max retries; 6 > 3
Jan  5 07:21:56 LabSZ sshd[15782]: pam_unix(sshd:auth): authentication failure; logname= uid=0 euid=0 tty=ssh ruser= rhost=59.63.188.30  user=root
Jan  5 07:21:58 LabSZ sshd[15782]: Failed password for root from 59.63.188.30 port 27621 ssh2
Jan  5 07:22:04 LabSZ sshd[15780]: message repeated 5 times: [ Failed password for root from 182.100.67.52 port 17732 ssh2]
Jan  5 07:22:04 LabSZ sshd[15780]: Disconnecting: Too many authentication failures for root [preauth]
Jan  5 07:22:04 LabSZ sshd[15780]: PAM 5 more authentication failures; logname= uid=0 euid=0 tty=ssh ruser= rhost=182.100.67.52  user=root
Jan  5 07:22:04 LabSZ sshd[15780]: PAM service(sshd) ignoring max retries; 6 > 3
Jan  5 07:22:05 LabSZ sshd[15784]: pam_unix(sshd:auth): authentication failure; logname= uid=0 euid=0 tty=ssh ruser= rhost=182.100.67.52  user=root
Jan  5 07:22:07 LabSZ sshd[15784]: Failed password for root from 182.100.67.52 port 40412 ssh2
Jan  5 07:22:11 LabSZ sshd[15782]: message repeated 5 times: [ Failed password for root from 59.63.188.30 port 27621 ssh2]
Jan  5 07:22:11 LabSZ sshd[15782]: Disconnecting: Too many authentication failures for root [preauth]
Jan  5 07:22:11 LabSZ sshd[15782]: PAM 5 more authentication failures; logname= uid=0 euid=0 tty=ssh ruser= rhost=59.63.188.30  user=root
Jan  5 07:22:11 LabSZ sshd[15782]: PAM service(sshd) ignoring max retries; 6 > 3
Jan  5 07:22:13 LabSZ sshd[15786]: pam_unix(sshd:auth): authentication failure; logname= uid=0 euid=0 tty=ssh ruser= rhost=59.63.188.30  user=root
Jan  5 07:22:14 LabSZ sshd[15786]: Failed password for root from 59.63.188.30 port 38955 ssh2
Jan  5 07:22:18 LabSZ sshd[15784]: message repeated 5 times: [ Failed password for root from 182.100.67.52 port 40412 ssh2]
Jan  5 07:22:18 LabSZ sshd[15784]: Disconnecting: Too many authentication failures for root [preauth]
Jan  5 07:22:18 LabSZ sshd[15784]: PAM 5 more authentication failures; logname= uid=0 euid=0 tty=ssh ruser= rhost=182.100.67.52  user=root
Jan  5 07:22:18 LabSZ sshd[15784]: PAM service(sshd) ignoring max retries; 6 > 3
Jan  5 07:22:20 LabSZ sshd[15788]: pam_unix(sshd:auth): authentication failure; logname= uid=0 euid=0 tty=ssh ruser= rhost=182.100.67.52  user=root
Jan  5 07:22:22 LabSZ sshd[15788]: Failed password for root from 182.100.67.52 port 63614 ssh2
Jan  5 07:22:29 LabSZ sshd[15786]: message repeated 5 times: [ Failed password for root from 59.63.188.30 port 38955 ssh2]
Jan  5 07:22:29 LabSZ sshd[15786]: Disconnecting: Too many authentication failures for root [preauth]
Jan  5 07:22:29 LabSZ sshd[15786]: PAM 5 more authentication failures; logname= uid=0 euid=0 tty=ssh ruser= rhost=59.63.188.30  user=root
Jan  5 07:22:29 LabSZ sshd[15786]: PAM service(sshd) ignoring max retries; 6 > 3
Jan  5 07:22:31 LabSZ sshd[15790]: pam_unix(sshd:auth): authentication failure; logname= uid=0 euid=0 tty=ssh ruser= rhost=59.63.188.30  user=root
Jan  5 07:22:32 LabSZ sshd[15790]: Failed password for root from 59.63.188.30 port 58350 ssh2
Jan  5 07:22:34 LabSZ sshd[15788]: message repeated 5 times: [ Failed password for root from 182.100.67.52 port 63614 ssh2]
Jan  5 07:22:34 LabSZ sshd[15788]: Disconnecting: Too many authentication failures for root [preauth]
Jan  5 07:22:34 LabSZ sshd[15788]: PAM 5 more authentication failures; logname= uid=0 euid=0 tty=ssh ruser= rhost=182.100.67.52  user=root
Jan  5 07:22:34 LabSZ sshd[15788]: PAM service(sshd) ignoring max retries; 6 > 3
