Jan  1 17:52:43 LabSZ sshd[10871]: Disconnecting: Too many authentication failures for root [preauth]
Jan  1 17:52:43 LabSZ sshd[10871]: PAM 5 more authentication failures; logname= uid=0 euid=0 tty=ssh ruser= rhost=58.242.83.25  user=root
Jan  1 17:52:43 LabSZ sshd[10871]: PAM service(sshd) ignoring max retries; 6 > 3
Jan  1 17:52:45 LabSZ sshd[10875]: pam_unix(sshd:auth): authentication failure; logname= uid=0 euid=0 tty=ssh ruser= rhost=58.242.83.25  user=root
Jan  1 17:52:46 LabSZ sshd[10877]: reverse mapping checking getaddrinfo for 30.30.65.218.broad.xy.jx.dynamic.163data.com.cn [218.65.30.30] failed - POSSIBLE BREAK-IN ATTEMPT!
Jan  1 17:52:46 LabSZ sshd[10877]: pam_unix(sshd:auth): authentication failure; logname= uid=0 euid=0 tty=ssh ruser= rhost=218.65.30.30  user=root
Jan  1 17:52:46 LabSZ sshd[10875]: Failed password for root from 58.242.83.25 port 56026 ssh2
Jan  1 17:52:47 LabSZ sshd[10877]: Failed password for root from 218.65.30.30 port 42746 ssh2
Jan  1 17:52:58 LabSZ sshd[10875]: message repeated 5 times: [ Failed password for root from 58.242.83.25 port 56026 ssh2]
Jan  1 17:52:58 LabSZ sshd[10875]: Disconnecting: Too many authentication failures for root [preauth]
Jan  1 17:52:58 LabSZ sshd[10875]: PAM 5 more authentication failures; logname= uid=0 euid=0 tty=ssh ruser= rhost=58.242.83.25  user=root
Jan  1 17:52:58 LabSZ sshd[10875]: PAM service(sshd) ignoring max retries; 6 > 3
Jan  1 17:52:59 LabSZ sshd[10879]: pam_unix(sshd:auth): authentication failure; logname= uid=0 euid=0 tty=ssh ruser= rhost=58.242.83.25  user=root
Jan  1 17:53:01 LabSZ sshd[10879]: Failed password for root from 58.242.83.25 port 11398 ssh2
Jan  1 17:53:13 LabSZ sshd[10879]: message repeated 5 times: [ Failed password for root from 58.242.83.25 port 11398 ssh2]
Jan  1 17:53:13 LabSZ sshd[10879]: Disconnecting: Too many authentication failures for root [preauth]
Jan  1 17:53:13 LabSZ sshd[10879]: PAM 5 more authentication failures; logname= uid=0 euid=0 tty=ssh ruser= rhost=58.242.83.25  user=root
Jan  1 17:53:13 LabSZ sshd[10879]: PAM service(sshd) ignoring max retries; 6 > 3
Jan  1 17:53:14 LabSZ sshd[10881]: pam_unix(sshd:auth): authentication failure; logname= uid=0 euid=0 tty=ssh ruser= rhost=58.242.83.25  user=root
Jan  1 17:53:14 LabSZ sshd[10883]: reverse mapping checking getaddrinfo for 30.30.65.218.broad.xy.jx.dynamic.163data.com.cn [218.65.30.30] failed - POSSIBLE BREAK-IN ATTEMPT!
Jan  1 17:53:14 LabSZ sshd[10883]: pam_unix(sshd:auth): authentication failure; logname= uid=0 euid=0 tty=ssh ruser= rhost=218.65.30.30  user=root
Jan  1 17:53:16 LabSZ sshd[10881]: Failed password for root from 58.242.83.25 port 31245 ssh2
Jan  1 17:53:17 LabSZ sshd[10883]: Failed password for root from 218.65.30.30 port 49796 ssh2
Jan  1 17:53:22 LabSZ sshd[10877]: message repeated 4 times: [ Failed password for root from 218.65.30.30 port 42746 ssh2]
Jan  1 17:53:22 LabSZ sshd[10877]: Received disconnect from 218.65.30.30: 11:  [preauth]
Jan  1 17:53:22 LabSZ sshd[10877]: PAM 4 more authentication failures; logname= uid=0 euid=0 tty=ssh ruser= rhost=218.65.30.30  user=root
Jan  1 17:53:22 LabSZ sshd[10877]: PAM service(sshd) ignoring max retries; 5 > 3
Jan  1 17:53:29 LabSZ sshd[10881]: message repeated 5 times: [ Failed password for root from 58.242.83.25 port 31245 ssh2]
Jan  1 17:53:29 LabSZ sshd[10881]: Disconnecting: Too many authentication failures for root [preauth]
Jan  1 17:53:29 LabSZ sshd[10881]: PAM 5 more authentication failures; logname= uid=0 euid=0 tty=ssh ruser= rhost=58.242.83.25  user=root
Jan  1 17:53:29 LabSZ sshd[10881]: PAM service(sshd) ignoring max retries; 6 > 3
Jan  1 17:53:30 LabSZ sshd[10883]: message repeated 5 times: [ Failed password for root from 218.65.30.30 port 49796 ssh2]
Jan  1 17:53:30 LabSZ sshd[10883]: Disconnecting: Too many authentication failures for root [preauth]
Jan  1 17:53:30 LabSZ sshd[10883]: PAM 5 more authentication failures; logname= uid=0 euid=0 tty=ssh ruser= rhost=218.65.30.30  user=root
Jan  1 17:53:30 LabSZ sshd[10883]: PAM service(sshd) ignoring max retries; 6 > 3
Jan  1 17:53:30 LabSZ sshd[10885]: pam_unix(sshd:auth): authentication failure; logname= uid=0 euid=0 tty=ssh ruser= rhost=58.242.83.25  user=root
Jan  1 17:53:31 LabSZ sshd[10887]: reverse mapping checking getaddrinfo for 30.30.65.218.broad.xy.jx.dynamic.163data.com.cn [218.65.30.30] failed - POSSIBLE BREAK-IN ATTEMPT!
Jan  1 17:53:31 LabSZ sshd[10887]: pam_unix(sshd:auth): authentication failure; logname= uid=0 euid=0 tty=ssh ruser= rhost=218.65.30.30  user=root
Jan  1 17:53:32 LabSZ sshd[10885]: Failed password for root from 58.242.83.25 port 52736 ssh2
Jan  1 17:53:33 LabSZ sshd[10887]: Failed password for root from 218.65.30.30 port 24440 ssh2
Jan  1 17:53:45 LabSZ sshd[10885]: message repeated 5 times: [ Failed password for root from 58.242.83.25 port 52736 ssh2]
Jan  1 17:53:45 LabSZ sshd[10885]: Disconnecting: Too many authentication failures for root [preauth]
Jan  1 17:53:45 LabSZ sshd[10885]: PAM 5 more authentication failures; logname= uid=0 euid=0 tty=ssh ruser= rhost=58.242.83.25  user=root
Jan  1 17:53:45 LabSZ sshd[10885]: PAM service(sshd) ignoring max retries; 6 > 3
Jan  1 17:53:45 LabSZ sshd[10887]: message repeated 5 times: [ Failed password for root from 218.65.30.30 port 24440 ssh2]
Jan  1 17:53:45 LabSZ sshd[10887]: Disconnecting: Too many authentication failures for root [preauth]
Jan  1 17:53:45 LabSZ sshd[10887]: PAM 5 more authentication failures; logname= uid=0 euid=0 tty=ssh ruser= rhost=218.65.30.30  user=root
Jan  1 17:53:45 LabSZ sshd[10887]: PAM service(sshd) ignoring max retries; 6 > 3
Jan  1 17:53:46 LabSZ sshd[10889]: pam_unix(sshd:auth): authentication failure; logname= uid=0 euid=0 tty=ssh ruser= rhost=58.242.83.25  user=root
Jan  1 17:53:47 LabSZ sshd[10891]: reverse mapping checking getaddrinfo for 30.30.65.218.broad.xy.jx.dynamic.163data.com.cn [218.65.30.30] failed - POSSIBLE BREAK-IN ATTEMPT!
Jan  1 17:53:47 LabSZ sshd[10891]: pam_unix(sshd:auth): authentication failure; logname= uid=0 euid=0 tty=ssh ruser= rhost=218.65.30.30  user=root
Jan  1 17:53:48 LabSZ sshd[10889]: Failed password for root from 58.242.83.25 port 9599 ssh2
Jan  1 17:53:49 LabSZ sshd[10891]: Failed password for root from 218.65.30.30 port 60526 ssh2
Jan  1 17:53:59 LabSZ sshd[10889]: message repeated 5 times: [ Failed password for root from 58.242.83.25 port 9599 ssh2]
Jan  1 17:53:59 LabSZ sshd[10889]: Disconnecting: Too many authentication failures for root [preauth]
Jan  1 17:53:59 LabSZ sshd[10889]: PAM 5 more authentication failures; logname= uid=0 euid=0 tty=ssh ruser= rhost=58.242.83.25  user=root
Jan  1 17:53:59 LabSZ sshd[10889]: PAM service(sshd) ignoring max retries; 6 > 3
Jan  1 17:54:01 LabSZ sshd[10895]: pam_unix(sshd:auth): authentication failure; logname= uid=0 euid=0 tty=ssh ruser= rhost=58.242.83.25  user=root
Jan  1 17:54:02 LabSZ sshd[10891]: message repeated 5 times: [ Failed password for root from 218.65.30.30 port 60526 ssh2]
Jan  1 17:54:02 LabSZ sshd[10891]: Disconnecting: Too many authentication failures for root [preauth]
Jan  1 17:54:02 LabSZ sshd[10891]: PAM 5 more authentication failures; logname= uid=0 euid=0 tty=ssh ruser= rhost=218.65.30.30  user=root
Jan  1 17:54:02 LabSZ sshd[10891]: PAM service(sshd) ignoring max retries; 6 > 3
Jan  1 17:54:03 LabSZ sshd[10897]: reverse mapping checking getaddrinfo for 30.30.65.218.broad.xy.jx.dynamic.163data.com.cn [218.65.30.30] failed - POSSIBLE BREAK-IN ATTEMPT!
Jan  1 17:54:03 LabSZ sshd[10897]: pam_unix(sshd:auth): authentication failure; logname= uid=0 euid=0 tty=ssh ruser= rhost=218.65.30.30  user=root
Jan  1 17:54:03 LabSZ sshd[10895]: Failed password for root from 58.242.83.25 port 28587 ssh2
Jan  1 17:54:04 LabSZ sshd[10897]: Failed password for root from 218.65.30.30 port 33316 ssh2
Jan  1 17:54:07 LabSZ sshd[10893]: Invalid user  0101 from 5.188.10.180
Jan  1 17:54:07 LabSZ sshd[10893]: input_userauth_request: invalid user  0101 [preauth]
Jan  1 17:54:07 LabSZ sshd[10893]: pam_unix(sshd:auth): check pass; user unknown
Jan  1 17:54:07 LabSZ sshd[10893]: pam_unix(sshd:auth): authentication failure; logname= uid=0 euid=0 tty=ssh ruser= rhost=5.188.10.180 
Jan  1 17:54:08 LabSZ sshd[10893]: Failed password for invalid user  0101 from 5.188.10.180 port 33068 ssh2
Jan  1 17:54:09 LabSZ sshd[10893]: Connection closed by 5.188.10.180 [preauth]
Jan  1 17:54:16 LabSZ sshd[10895]: message repeated 5 times: [ Failed password for root from 58.242.83.25 port 28587 ssh2]
Jan  1 17:54:16 LabSZ sshd[10895]: Disconnecting: Too many authentication failures for root [preauth]
Jan  1 17:54:16 LabSZ sshd[10895]: PAM 5 more authentication failures; logname= uid=0 euid=0 tty=ssh ruser= rhost=58.242.83.25  user=root
Jan  1 17:54:16 LabSZ sshd[10895]: PAM service(sshd) ignoring max retries; 6 > 3
Jan  1 17:54:17 LabSZ sshd[10899]: Did not receive identification string from 5.188.10.180
Jan  1 17:54:17 LabSZ sshd[10897]: message repeated 5 times: [ Failed password for root from 218.65.30.30 port 33316 ssh2]
Jan  1 17:54:17 LabSZ sshd[10897]: Disconnecting: Too many authentication failures for root [preauth]
Jan  1 17:54:17 LabSZ sshd[10897]: PAM 5 more authentication failures; logname= uid=0 euid=0 tty=ssh ruser= rhost=218.65.30.30  user=root
Jan  1 17:54:17 LabSZ sshd[10897]: PAM service(sshd) ignoring max retries; 6 > 3
Jan  1 17:54:18 LabSZ sshd[10900]: pam_unix(sshd:auth): authentication failure; logname= uid=0 euid=0 tty=ssh ruser= rhost=58.242.83.25  user=root
Jan  1 17:54:20 LabSZ sshd[10900]: Failed password for root from 58.242.83.25 port 50392 ssh2
Jan  1 17:54:24 LabSZ sshd[10902]: reverse mapping checking getaddrinfo for 30.30.65.218.broad.xy.jx.dynamic.163data.com.cn [218.65.30.30] failed - POSSIBLE BREAK-IN ATTEMPT!
Jan  1 17:54:25 LabSZ sshd[10902]: pam_unix(sshd:auth): authentication failure; logname= uid=0 euid=0 tty=ssh ruser= rhost=218.65.30.30  user=root
Jan  1 17:54:27 LabSZ sshd[10902]: Failed password for root from 218.65.30.30 port 5746 ssh2
Jan  1 17:54:34 LabSZ sshd[10900]: message repeated 5 times: [ Failed password for root from 58.242.83.25 port 50392 ssh2]
Jan  1 17:54:34 LabSZ sshd[10900]: Disconnecting: Too many authentication failures for root [preauth]
Jan  1 17:54:34 LabSZ sshd[10900]: PAM 5 more authentication failures; logname= uid=0 euid=0 tty=ssh ruser= rhost=58.242.83.25  user=root
Jan  1 17:54:34 LabSZ sshd[10900]: PAM service(sshd) ignoring max retries; 6 > 3
Jan  1 17:54:37 LabSZ sshd[10904]: pam_unix(sshd:auth): authentication failure; logname= uid=0 euid=0 tty=ssh ruser= rhost=58.242.83.25  user=root
Jan  1 17:54:39 LabSZ sshd[10904]: Failed password for root from 58.242.83.25 port 9056 ssh2
Jan  1 17:54:41 LabSZ sshd[10902]: message repeated 5 times: [ Failed password for root from 218.65.30.30 port 5746 ssh2]
Jan  1 17:54:41 LabSZ sshd[10902]: Disconnecting: Too many authentication failures for root [preauth]
Jan  1 17:54:41 LabSZ sshd[10902]: PAM 5 more authentication failures; logname= uid=0 euid=0 tty=ssh ruser= rhost=218.65.30.30  user=root
Jan  1 17:54:41 LabSZ sshd[10902]: PAM service(sshd) ignoring max retries; 6 > 3
Jan  1 17:54:42 LabSZ sshd[10906]: reverse mapping checking getaddrinfo for 30.30.65.218.broad.xy.jx.dynamic.163data.com.cn [218.65.30.30] failed - POSSIBLE BREAK-IN ATTEMPT!
Jan  1 17:54:42 LabSZ sshd[10906]: pam_unix(sshd:auth): authentication failure; logname= uid=0 euid=0 tty=ssh ruser= rhost=218.65.30.30  user=root
Jan  1 17:54:44 LabSZ sshd[10906]: Failed password for root from 218.65.30.30 port 59686 ssh2
Jan  1 17:54:51 LabSZ sshd[10904]: message repeated 5 times: [ Failed password for root from 58.242.83.25 port 9056 ssh2]
