Jan  2 05:11:57 LabSZ sshd[24607]: PAM 5 more authentication failures; logname= uid=0 euid=0 tty=ssh ruser= rhost=218.65.30.30  user=root
Jan  2 05:11:57 LabSZ sshd[24607]: PAM service(sshd) ignoring max retries; 6 > 3
Jan  2 05:11:58 LabSZ sshd[24621]: Failed password for root from 123.235.32.19 port 45560 ssh2
Jan  2 05:11:58 LabSZ sshd[24621]: Received disconnect from 123.235.32.19: 11: Bye Bye [preauth]
Jan  2 05:11:58 LabSZ sshd[24623]: pam_unix(sshd:auth): authentication failure; logname= uid=0 euid=0 tty=ssh ruser= rhost=123.235.32.19  user=root
Jan  2 05:11:59 LabSZ sshd[24625]: reverse mapping checking getaddrinfo for 30.30.65.218.broad.xy.jx.dynamic.163data.com.cn [218.65.30.30] failed - POSSIBLE BREAK-IN ATTEMPT!
Jan  2 05:11:59 LabSZ sshd[24625]: pam_unix(sshd:auth): authentication failure; logname= uid=0 euid=0 tty=ssh ruser= rhost=218.65.30.30  user=root
Jan  2 05:12:00 LabSZ sshd[24623]: Failed password for root from 123.235.32.19 port 50550 ssh2
Jan  2 05:12:00 LabSZ sshd[24623]: Received disconnect from 123.235.32.19: 11: Bye Bye [preauth]
Jan  2 05:12:01 LabSZ sshd[24625]: Failed password for root from 218.65.30.30 port 55148 ssh2
Jan  2 05:12:01 LabSZ sshd[24629]: pam_unix(sshd:auth): authentication failure; logname= uid=0 euid=0 tty=ssh ruser= rhost=123.235.32.19  user=root
Jan  2 05:12:02 LabSZ sshd[24627]: reverse mapping checking getaddrinfo for 14.142.122.26.static-kolkata.vsnl.net.in [14.142.122.26] failed - POSSIBLE BREAK-IN ATTEMPT!
Jan  2 05:12:02 LabSZ sshd[24627]: Invalid user www from 14.142.122.26
Jan  2 05:12:02 LabSZ sshd[24627]: input_userauth_request: invalid user www [preauth]
Jan  2 05:12:02 LabSZ sshd[24627]: pam_unix(sshd:auth): check pass; user unknown
Jan  2 05:12:02 LabSZ sshd[24627]: pam_unix(sshd:auth): authentication failure; logname= uid=0 euid=0 tty=ssh ruser= rhost=14.142.122.26 
Jan  2 05:12:03 LabSZ sshd[24629]: Failed password for root from 123.235.32.19 port 55618 ssh2
Jan  2 05:12:03 LabSZ sshd[24629]: Received disconnect from 123.235.32.19: 11: Bye Bye [preauth]
Jan  2 05:12:04 LabSZ sshd[24613]: message repeated 5 times: [ Failed password for root from 182.100.67.120 port 63074 ssh2]
Jan  2 05:12:04 LabSZ sshd[24613]: Disconnecting: Too many authentication failures for root [preauth]
Jan  2 05:12:04 LabSZ sshd[24613]: PAM 5 more authentication failures; logname= uid=0 euid=0 tty=ssh ruser= rhost=182.100.67.120  user=root
Jan  2 05:12:04 LabSZ sshd[24613]: PAM service(sshd) ignoring max retries; 6 > 3
Jan  2 05:12:04 LabSZ sshd[24615]: message repeated 5 times: [ Failed password for root from 58.242.83.25 port 32523 ssh2]
Jan  2 05:12:04 LabSZ sshd[24615]: Disconnecting: Too many authentication failures for root [preauth]
Jan  2 05:12:04 LabSZ sshd[24615]: PAM 5 more authentication failures; logname= uid=0 euid=0 tty=ssh ruser= rhost=58.242.83.25  user=root
Jan  2 05:12:04 LabSZ sshd[24615]: PAM service(sshd) ignoring max retries; 6 > 3
Jan  2 05:12:04 LabSZ sshd[24627]: Failed password for invalid user www from 14.142.122.26 port 34629 ssh2
Jan  2 05:12:04 LabSZ sshd[24627]: Received disconnect from 14.142.122.26: 11: Bye Bye [preauth]
Jan  2 05:12:05 LabSZ sshd[24631]: pam_unix(sshd:auth): authentication failure; logname= uid=0 euid=0 tty=ssh ruser= rhost=182.100.67.120  user=root
Jan  2 05:12:05 LabSZ sshd[24633]: pam_unix(sshd:auth): authentication failure; logname= uid=0 euid=0 tty=ssh ruser= rhost=58.242.83.25  user=root
Jan  2 05:12:07 LabSZ sshd[24631]: Failed password for root from 182.100.67.120 port 35400 ssh2
Jan  2 05:12:08 LabSZ sshd[24633]: Failed password for root from 58.242.83.25 port 54120 ssh2
Jan  2 05:12:09 LabSZ sshd[24635]: pam_unix(sshd:auth): authentication failure; logname= uid=0 euid=0 tty=ssh ruser= rhost=123.235.32.19  user=root
Jan  2 05:12:11 LabSZ sshd[24635]: Failed password for root from 123.235.32.19 port 36868 ssh2
Jan  2 05:12:11 LabSZ sshd[24635]: Received disconnect from 123.235.32.19: 11: Bye Bye [preauth]
Jan  2 05:12:12 LabSZ sshd[24637]: pam_unix(sshd:auth): authentication failure; logname= uid=0 euid=0 tty=ssh ruser= rhost=123.235.32.19  user=root
Jan  2 05:12:15 LabSZ sshd[24625]: message repeated 5 times: [ Failed password for root from 218.65.30.30 port 55148 ssh2]
Jan  2 05:12:15 LabSZ sshd[24625]: Disconnecting: Too many authentication failures for root [preauth]
Jan  2 05:12:15 LabSZ sshd[24625]: PAM 5 more authentication failures; logname= uid=0 euid=0 tty=ssh ruser= rhost=218.65.30.30  user=root
Jan  2 05:12:15 LabSZ sshd[24625]: PAM service(sshd) ignoring max retries; 6 > 3
Jan  2 05:12:15 LabSZ sshd[24637]: Failed password for root from 123.235.32.19 port 56648 ssh2
Jan  2 05:12:15 LabSZ sshd[24637]: Received disconnect from 123.235.32.19: 11: Bye Bye [preauth]
Jan  2 05:12:15 LabSZ sshd[24639]: pam_unix(sshd:auth): authentication failure; logname= uid=0 euid=0 tty=ssh ruser= rhost=123.235.32.19  user=root
Jan  2 05:12:16 LabSZ sshd[24641]: reverse mapping checking getaddrinfo for 30.30.65.218.broad.xy.jx.dynamic.163data.com.cn [218.65.30.30] failed - POSSIBLE BREAK-IN ATTEMPT!
Jan  2 05:12:16 LabSZ sshd[24641]: pam_unix(sshd:auth): authentication failure; logname= uid=0 euid=0 tty=ssh ruser= rhost=218.65.30.30  user=root
Jan  2 05:12:17 LabSZ sshd[24639]: Failed password for root from 123.235.32.19 port 41218 ssh2
Jan  2 05:12:17 LabSZ sshd[24639]: Received disconnect from 123.235.32.19: 11: Bye Bye [preauth]
Jan  2 05:12:19 LabSZ sshd[24641]: Failed password for root from 218.65.30.30 port 31760 ssh2
Jan  2 05:12:20 LabSZ sshd[24633]: message repeated 5 times: [ Failed password for root from 58.242.83.25 port 54120 ssh2]
Jan  2 05:12:20 LabSZ sshd[24633]: Disconnecting: Too many authentication failures for root [preauth]
Jan  2 05:12:20 LabSZ sshd[24633]: PAM 5 more authentication failures; logname= uid=0 euid=0 tty=ssh ruser= rhost=58.242.83.25  user=root
Jan  2 05:12:20 LabSZ sshd[24633]: PAM service(sshd) ignoring max retries; 6 > 3
Jan  2 05:12:20 LabSZ sshd[24631]: message repeated 5 times: [ Failed password for root from 182.100.67.120 port 35400 ssh2]
Jan  2 05:12:20 LabSZ sshd[24631]: Disconnecting: Too many authentication failures for root [preauth]
Jan  2 05:12:20 LabSZ sshd[24631]: PAM 5 more authentication failures; logname= uid=0 euid=0 tty=ssh ruser= rhost=182.100.67.120  user=root
Jan  2 05:12:20 LabSZ sshd[24631]: PAM service(sshd) ignoring max retries; 6 > 3
Jan  2 05:12:21 LabSZ sshd[24643]: pam_unix(sshd:auth): authentication failure; logname= uid=0 euid=0 tty=ssh ruser= rhost=58.242.83.25  user=root
Jan  2 05:12:21 LabSZ sshd[24645]: pam_unix(sshd:auth): authentication failure; logname= uid=0 euid=0 tty=ssh ruser= rhost=182.100.67.120  user=root
Jan  2 05:12:23 LabSZ sshd[24643]: Failed password for root from 58.242.83.25 port 11076 ssh2
Jan  2 05:12:23 LabSZ sshd[24645]: Failed password for root from 182.100.67.120 port 8408 ssh2
Jan  2 05:12:32 LabSZ sshd[24641]: message repeated 5 times: [ Failed password for root from 218.65.30.30 port 31760 ssh2]
Jan  2 05:12:32 LabSZ sshd[24641]: Disconnecting: Too many authentication failures for root [preauth]
Jan  2 05:12:32 LabSZ sshd[24641]: PAM 5 more authentication failures; logname= uid=0 euid=0 tty=ssh ruser= rhost=218.65.30.30  user=root
Jan  2 05:12:32 LabSZ sshd[24641]: PAM service(sshd) ignoring max retries; 6 > 3
Jan  2 05:12:34 LabSZ sshd[24647]: reverse mapping checking getaddrinfo for 30.30.65.218.broad.xy.jx.dynamic.163data.com.cn [218.65.30.30] failed - POSSIBLE BREAK-IN ATTEMPT!
Jan  2 05:12:34 LabSZ sshd[24647]: pam_unix(sshd:auth): authentication failure; logname= uid=0 euid=0 tty=ssh ruser= rhost=218.65.30.30  user=root
Jan  2 05:12:34 LabSZ sshd[24643]: message repeated 5 times: [ Failed password for root from 58.242.83.25 port 11076 ssh2]
Jan  2 05:12:34 LabSZ sshd[24643]: Disconnecting: Too many authentication failures for root [preauth]
Jan  2 05:12:34 LabSZ sshd[24643]: PAM 5 more authentication failures; logname= uid=0 euid=0 tty=ssh ruser= rhost=58.242.83.25  user=root
Jan  2 05:12:34 LabSZ sshd[24643]: PAM service(sshd) ignoring max retries; 6 > 3
Jan  2 05:12:34 LabSZ sshd[24645]: message repeated 5 times: [ Failed password for root from 182.100.67.120 port 8408 ssh2]
Jan  2 05:12:34 LabSZ sshd[24645]: Disconnecting: Too many authentication failures for root [preauth]
Jan  2 05:12:34 LabSZ sshd[24645]: PAM 5 more authentication failures; logname= uid=0 euid=0 tty=ssh ruser= rhost=182.100.67.120  user=root
Jan  2 05:12:34 LabSZ sshd[24645]: PAM service(sshd) ignoring max retries; 6 > 3
Jan  2 05:12:36 LabSZ sshd[24649]: pam_unix(sshd:auth): authentication failure; logname= uid=0 euid=0 tty=ssh ruser= rhost=182.100.67.120  user=root
Jan  2 05:12:36 LabSZ sshd[24651]: pam_unix(sshd:auth): authentication failure; logname= uid=0 euid=0 tty=ssh ruser= rhost=58.242.83.25  user=root
Jan  2 05:12:36 LabSZ sshd[24647]: Failed password for root from 218.65.30.30 port 9136 ssh2
Jan  2 05:12:38 LabSZ sshd[24649]: Failed password for root from 182.100.67.120 port 39950 ssh2
Jan  2 05:12:38 LabSZ sshd[24651]: Failed password for root from 58.242.83.25 port 30137 ssh2
Jan  2 05:12:49 LabSZ sshd[24647]: message repeated 5 times: [ Failed password for root from 218.65.30.30 port 9136 ssh2]
Jan  2 05:12:49 LabSZ sshd[24647]: Disconnecting: Too many authentication failures for root [preauth]
Jan  2 05:12:49 LabSZ sshd[24647]: PAM 5 more authentication failures; logname= uid=0 euid=0 tty=ssh ruser= rhost=218.65.30.30  user=root
Jan  2 05:12:49 LabSZ sshd[24647]: PAM service(sshd) ignoring max retries; 6 > 3
Jan  2 05:12:51 LabSZ sshd[24653]: reverse mapping checking getaddrinfo for 30.30.65.218.broad.xy.jx.dynamic.163data.com.cn [218.65.30.30] failed - POSSIBLE BREAK-IN ATTEMPT!
Jan  2 05:12:51 LabSZ sshd[24653]: pam_unix(sshd:auth): authentication failure; logname= uid=0 euid=0 tty=ssh ruser= rhost=218.65.30.30  user=root
Jan  2 05:12:51 LabSZ sshd[24649]: message repeated 5 times: [ Failed password for root from 182.100.67.120 port 39950 ssh2]
Jan  2 05:12:51 LabSZ sshd[24649]: Disconnecting: Too many authentication failures for root [preauth]
Jan  2 05:12:51 LabSZ sshd[24649]: PAM 5 more authentication failures; logname= uid=0 euid=0 tty=ssh ruser= rhost=182.100.67.120  user=root
Jan  2 05:12:51 LabSZ sshd[24649]: PAM service(sshd) ignoring max retries; 6 > 3
Jan  2 05:12:51 LabSZ sshd[24651]: message repeated 5 times: [ Failed password for root from 58.242.83.25 port 30137 ssh2]
Jan  2 05:12:51 LabSZ sshd[24651]: Disconnecting: Too many authentication failures for root [preauth]
Jan  2 05:12:51 LabSZ sshd[24651]: PAM 5 more authentication failures; logname= uid=0 euid=0 tty=ssh ruser= rhost=58.242.83.25  user=root
Jan  2 05:12:51 LabSZ sshd[24651]: PAM service(sshd) ignoring max retries; 6 > 3
Jan  2 05:12:52 LabSZ sshd[24657]: pam_unix(sshd:auth): authentication failure; logname= uid=0 euid=0 tty=ssh ruser= rhost=58.242.83.25  user=root
Jan  2 05:12:53 LabSZ sshd[24653]: Failed password for root from 218.65.30.30 port 48142 ssh2
Jan  2 05:12:53 LabSZ sshd[24655]: pam_unix(sshd:auth): authentication failure; logname= uid=0 euid=0 tty=ssh ruser= rhost=182.100.67.120  user=root
Jan  2 05:12:54 LabSZ sshd[24657]: Failed password for root from 58.242.83.25 port 53047 ssh2
Jan  2 05:12:55 LabSZ sshd[24655]: Failed password for root from 182.100.67.120 port 13928 ssh2
Jan  2 05:13:05 LabSZ sshd[24653]: message repeated 5 times: [ Failed password for root from 218.65.30.30 port 48142 ssh2]
Jan  2 05:13:05 LabSZ sshd[24653]: Disconnecting: Too many authentication failures for root [preauth]
