Jan  4 16:55:24 LabSZ sshd[3350]: pam_unix(sshd:auth): check pass; user unknown
Jan  4 16:55:24 LabSZ sshd[3350]: pam_unix(sshd:auth): authentication failure; logname= uid=0 euid=0 tty=ssh ruser= rhost=5.188.10.156 
Jan  4 16:55:25 LabSZ sshd[3348]: Failed password for invalid user richard from 218.4.104.194 port 41017 ssh2
Jan  4 16:55:25 LabSZ sshd[3348]: Received disconnect from 218.4.104.194: 11: Bye Bye [preauth]
Jan  4 16:55:25 LabSZ sshd[3352]: Invalid user party from 218.4.104.194
Jan  4 16:55:25 LabSZ sshd[3352]: input_userauth_request: invalid user party [preauth]
Jan  4 16:55:25 LabSZ sshd[3352]: pam_unix(sshd:auth): check pass; user unknown
Jan  4 16:55:25 LabSZ sshd[3352]: pam_unix(sshd:auth): authentication failure; logname= uid=0 euid=0 tty=ssh ruser= rhost=218.4.104.194 
Jan  4 16:55:26 LabSZ sshd[3350]: Failed password for invalid user user from 5.188.10.156 port 40469 ssh2
Jan  4 16:55:26 LabSZ sshd[3350]: Connection closed by 5.188.10.156 [preauth]
Jan  4 16:55:27 LabSZ sshd[3331]: message repeated 5 times: [ Failed password for root from 59.63.188.30 port 59792 ssh2]
Jan  4 16:55:27 LabSZ sshd[3331]: Disconnecting: Too many authentication failures for root [preauth]
Jan  4 16:55:27 LabSZ sshd[3331]: PAM 5 more authentication failures; logname= uid=0 euid=0 tty=ssh ruser= rhost=59.63.188.30  user=root
Jan  4 16:55:27 LabSZ sshd[3331]: PAM service(sshd) ignoring max retries; 6 > 3
Jan  4 16:55:27 LabSZ sshd[3352]: Failed password for invalid user party from 218.4.104.194 port 41257 ssh2
Jan  4 16:55:27 LabSZ sshd[3352]: Received disconnect from 218.4.104.194: 11: Bye Bye [preauth]
Jan  4 16:55:27 LabSZ sshd[3355]: Invalid user amanda from 218.4.104.194
Jan  4 16:55:27 LabSZ sshd[3355]: input_userauth_request: invalid user amanda [preauth]
Jan  4 16:55:27 LabSZ sshd[3355]: pam_unix(sshd:auth): check pass; user unknown
Jan  4 16:55:27 LabSZ sshd[3355]: pam_unix(sshd:auth): authentication failure; logname= uid=0 euid=0 tty=ssh ruser= rhost=218.4.104.194 
Jan  4 16:55:28 LabSZ sshd[3358]: pam_unix(sshd:auth): authentication failure; logname= uid=0 euid=0 tty=ssh ruser= rhost=59.63.188.30  user=root
Jan  4 16:55:29 LabSZ sshd[3355]: Failed password for invalid user amanda from 218.4.104.194 port 41453 ssh2
Jan  4 16:55:29 LabSZ sshd[3355]: Received disconnect from 218.4.104.194: 11: Bye Bye [preauth]
Jan  4 16:55:29 LabSZ sshd[3354]: Invalid user user from 5.188.10.156
Jan  4 16:55:29 LabSZ sshd[3354]: input_userauth_request: invalid user user [preauth]
Jan  4 16:55:29 LabSZ sshd[3354]: pam_unix(sshd:auth): check pass; user unknown
Jan  4 16:55:29 LabSZ sshd[3354]: pam_unix(sshd:auth): authentication failure; logname= uid=0 euid=0 tty=ssh ruser= rhost=5.188.10.156 
Jan  4 16:55:29 LabSZ sshd[3360]: Invalid user rpm from 218.4.104.194
Jan  4 16:55:29 LabSZ sshd[3360]: input_userauth_request: invalid user rpm [preauth]
Jan  4 16:55:29 LabSZ sshd[3360]: pam_unix(sshd:auth): check pass; user unknown
Jan  4 16:55:29 LabSZ sshd[3360]: pam_unix(sshd:auth): authentication failure; logname= uid=0 euid=0 tty=ssh ruser= rhost=218.4.104.194 
Jan  4 16:55:30 LabSZ sshd[3358]: Failed password for root from 59.63.188.30 port 15113 ssh2
Jan  4 16:55:31 LabSZ sshd[3354]: Failed password for invalid user user from 5.188.10.156 port 46835 ssh2
Jan  4 16:55:31 LabSZ sshd[3360]: Failed password for invalid user rpm from 218.4.104.194 port 41641 ssh2
Jan  4 16:55:31 LabSZ sshd[3360]: Received disconnect from 218.4.104.194: 11: Bye Bye [preauth]
Jan  4 16:55:31 LabSZ sshd[3354]: Connection closed by 5.188.10.156 [preauth]
Jan  4 16:55:31 LabSZ sshd[3343]: message repeated 5 times: [ Failed password for root from 59.63.188.30 port 4174 ssh2]
Jan  4 16:55:31 LabSZ sshd[3343]: Disconnecting: Too many authentication failures for root [preauth]
Jan  4 16:55:31 LabSZ sshd[3343]: PAM 5 more authentication failures; logname= uid=0 euid=0 tty=ssh ruser= rhost=59.63.188.30  user=root
Jan  4 16:55:31 LabSZ sshd[3343]: PAM service(sshd) ignoring max retries; 6 > 3
Jan  4 16:55:31 LabSZ sshd[3362]: Invalid user operator from 218.4.104.194
Jan  4 16:55:31 LabSZ sshd[3362]: input_userauth_request: invalid user operator [preauth]
Jan  4 16:55:31 LabSZ sshd[3362]: pam_unix(sshd:auth): check pass; user unknown
Jan  4 16:55:31 LabSZ sshd[3362]: pam_unix(sshd:auth): authentication failure; logname= uid=0 euid=0 tty=ssh ruser= rhost=218.4.104.194 
Jan  4 16:55:33 LabSZ sshd[3366]: pam_unix(sshd:auth): authentication failure; logname= uid=0 euid=0 tty=ssh ruser= rhost=59.63.188.30  user=root
Jan  4 16:55:33 LabSZ sshd[3364]: Invalid user user1 from 5.188.10.156
Jan  4 16:55:33 LabSZ sshd[3364]: input_userauth_request: invalid user user1 [preauth]
Jan  4 16:55:33 LabSZ sshd[3364]: Failed none for invalid user user1 from 5.188.10.156 port 52289 ssh2
Jan  4 16:55:34 LabSZ sshd[3364]: pam_unix(sshd:auth): check pass; user unknown
Jan  4 16:55:34 LabSZ sshd[3364]: pam_unix(sshd:auth): authentication failure; logname= uid=0 euid=0 tty=ssh ruser= rhost=5.188.10.156 
Jan  4 16:55:34 LabSZ sshd[3362]: Failed password for invalid user operator from 218.4.104.194 port 41863 ssh2
Jan  4 16:55:34 LabSZ sshd[3362]: Received disconnect from 218.4.104.194: 11: Bye Bye [preauth]
Jan  4 16:55:34 LabSZ sshd[3368]: Invalid user sgi from 218.4.104.194
Jan  4 16:55:34 LabSZ sshd[3368]: input_userauth_request: invalid user sgi [preauth]
Jan  4 16:55:34 LabSZ sshd[3368]: pam_unix(sshd:auth): check pass; user unknown
Jan  4 16:55:34 LabSZ sshd[3368]: pam_unix(sshd:auth): authentication failure; logname= uid=0 euid=0 tty=ssh ruser= rhost=218.4.104.194 
Jan  4 16:55:35 LabSZ sshd[3366]: Failed password for root from 59.63.188.30 port 21199 ssh2
Jan  4 16:55:36 LabSZ sshd[3364]: Failed password for invalid user user1 from 5.188.10.156 port 52289 ssh2
Jan  4 16:55:36 LabSZ sshd[3364]: Connection closed by 5.188.10.156 [preauth]
Jan  4 16:55:36 LabSZ sshd[3368]: Failed password for invalid user sgi from 218.4.104.194 port 42123 ssh2
Jan  4 16:55:36 LabSZ sshd[3368]: Received disconnect from 218.4.104.194: 11: Bye Bye [preauth]
Jan  4 16:55:37 LabSZ sshd[3370]: pam_unix(sshd:auth): authentication failure; logname= uid=0 euid=0 tty=ssh ruser= rhost=218.4.104.194  user=sshd
Jan  4 16:55:38 LabSZ sshd[3370]: Failed password for sshd from 218.4.104.194 port 42339 ssh2
Jan  4 16:55:39 LabSZ sshd[3370]: Received disconnect from 218.4.104.194: 11: Bye Bye [preauth]
Jan  4 16:55:39 LabSZ sshd[3373]: Invalid user users from 218.4.104.194
Jan  4 16:55:39 LabSZ sshd[3373]: input_userauth_request: invalid user users [preauth]
Jan  4 16:55:39 LabSZ sshd[3373]: pam_unix(sshd:auth): check pass; user unknown
Jan  4 16:55:39 LabSZ sshd[3373]: pam_unix(sshd:auth): authentication failure; logname= uid=0 euid=0 tty=ssh ruser= rhost=218.4.104.194 
Jan  4 16:55:40 LabSZ sshd[3373]: Failed password for invalid user users from 218.4.104.194 port 42517 ssh2
Jan  4 16:55:40 LabSZ sshd[3373]: Received disconnect from 218.4.104.194: 11: Bye Bye [preauth]
Jan  4 16:55:41 LabSZ sshd[3358]: message repeated 5 times: [ Failed password for root from 59.63.188.30 port 15113 ssh2]
Jan  4 16:55:41 LabSZ sshd[3358]: Disconnecting: Too many authentication failures for root [preauth]
Jan  4 16:55:41 LabSZ sshd[3358]: PAM 5 more authentication failures; logname= uid=0 euid=0 tty=ssh ruser= rhost=59.63.188.30  user=root
Jan  4 16:55:41 LabSZ sshd[3358]: PAM service(sshd) ignoring max retries; 6 > 3
Jan  4 16:55:42 LabSZ sshd[3377]: pam_unix(sshd:auth): authentication failure; logname= uid=0 euid=0 tty=ssh ruser= rhost=59.63.188.30  user=root
Jan  4 16:55:45 LabSZ sshd[3377]: Failed password for root from 59.63.188.30 port 32768 ssh2
Jan  4 16:55:46 LabSZ sshd[3375]: Invalid user admins from 218.4.104.194
Jan  4 16:55:46 LabSZ sshd[3375]: input_userauth_request: invalid user admins [preauth]
Jan  4 16:55:46 LabSZ sshd[3375]: pam_unix(sshd:auth): check pass; user unknown
Jan  4 16:55:46 LabSZ sshd[3375]: pam_unix(sshd:auth): authentication failure; logname= uid=0 euid=0 tty=ssh ruser= rhost=218.4.104.194 
Jan  4 16:55:47 LabSZ sshd[3366]: message repeated 5 times: [ Failed password for root from 59.63.188.30 port 21199 ssh2]
Jan  4 16:55:47 LabSZ sshd[3366]: Disconnecting: Too many authentication failures for root [preauth]
Jan  4 16:55:47 LabSZ sshd[3366]: PAM 5 more authentication failures; logname= uid=0 euid=0 tty=ssh ruser= rhost=59.63.188.30  user=root
Jan  4 16:55:47 LabSZ sshd[3366]: PAM service(sshd) ignoring max retries; 6 > 3
Jan  4 16:55:47 LabSZ sshd[3375]: Failed password for invalid user admins from 218.4.104.194 port 42679 ssh2
Jan  4 16:55:47 LabSZ sshd[3375]: Received disconnect from 218.4.104.194: 11: Bye Bye [preauth]
Jan  4 16:55:47 LabSZ sshd[3372]: Invalid user  0101 from 5.188.10.180
Jan  4 16:55:47 LabSZ sshd[3372]: input_userauth_request: invalid user  0101 [preauth]
Jan  4 16:55:47 LabSZ sshd[3372]: pam_unix(sshd:auth): check pass; user unknown
Jan  4 16:55:47 LabSZ sshd[3372]: pam_unix(sshd:auth): authentication failure; logname= uid=0 euid=0 tty=ssh ruser= rhost=5.188.10.180 
Jan  4 16:55:48 LabSZ sshd[3380]: Invalid user admins from 218.4.104.194
Jan  4 16:55:48 LabSZ sshd[3380]: input_userauth_request: invalid user admins [preauth]
Jan  4 16:55:48 LabSZ sshd[3380]: pam_unix(sshd:auth): check pass; user unknown
Jan  4 16:55:48 LabSZ sshd[3380]: pam_unix(sshd:auth): authentication failure; logname= uid=0 euid=0 tty=ssh ruser= rhost=218.4.104.194 
Jan  4 16:55:48 LabSZ sshd[3382]: pam_unix(sshd:auth): authentication failure; logname= uid=0 euid=0 tty=ssh ruser= rhost=59.63.188.30  user=root
Jan  4 16:55:49 LabSZ sshd[3372]: Failed password for invalid user  0101 from 5.188.10.180 port 39838 ssh2
Jan  4 16:55:50 LabSZ sshd[3380]: Failed password for invalid user admins from 218.4.104.194 port 43269 ssh2
Jan  4 16:55:50 LabSZ sshd[3380]: Received disconnect from 218.4.104.194: 11: Bye Bye [preauth]
Jan  4 16:55:50 LabSZ sshd[3384]: pam_unix(sshd:auth): authentication failure; logname= uid=0 euid=0 tty=ssh ruser= rhost=218.4.104.194  user=bin
Jan  4 16:55:51 LabSZ sshd[3382]: Failed password for root from 59.63.188.30 port 40745 ssh2
