Jan  4 04:41:53 LabSZ sshd[17715]: Failed password for invalid user admin from 193.201.224.232 port 25005 ssh2
Jan  4 04:41:54 LabSZ sshd[17715]: pam_unix(sshd:auth): check pass; user unknown
Jan  4 04:41:55 LabSZ sshd[17717]: Failed password for root from 59.63.188.30 port 28730 ssh2
Jan  4 04:41:56 LabSZ sshd[17715]: Failed password for invalid user admin from 193.201.224.232 port 25005 ssh2
Jan  4 04:41:56 LabSZ sshd[17715]: pam_unix(sshd:auth): check pass; user unknown
Jan  4 04:41:59 LabSZ sshd[17711]: message repeated 5 times: [ Failed password for root from 182.100.67.52 port 34074 ssh2]
Jan  4 04:41:59 LabSZ sshd[17711]: Disconnecting: Too many authentication failures for root [preauth]
Jan  4 04:41:59 LabSZ sshd[17711]: PAM 5 more authentication failures; logname= uid=0 euid=0 tty=ssh ruser= rhost=182.100.67.52  user=root
Jan  4 04:41:59 LabSZ sshd[17711]: PAM service(sshd) ignoring max retries; 6 > 3
Jan  4 04:41:59 LabSZ sshd[17715]: Failed password for invalid user admin from 193.201.224.232 port 25005 ssh2
Jan  4 04:41:59 LabSZ sshd[17715]: pam_unix(sshd:auth): check pass; user unknown
Jan  4 04:42:00 LabSZ sshd[17719]: pam_unix(sshd:auth): authentication failure; logname= uid=0 euid=0 tty=ssh ruser= rhost=182.100.67.52  user=root
Jan  4 04:42:01 LabSZ sshd[17713]: message repeated 5 times: [ Failed password for root from 59.63.188.30 port 17304 ssh2]
Jan  4 04:42:01 LabSZ sshd[17713]: Disconnecting: Too many authentication failures for root [preauth]
Jan  4 04:42:01 LabSZ sshd[17713]: PAM 5 more authentication failures; logname= uid=0 euid=0 tty=ssh ruser= rhost=59.63.188.30  user=root
Jan  4 04:42:01 LabSZ sshd[17713]: PAM service(sshd) ignoring max retries; 6 > 3
Jan  4 04:42:01 LabSZ sshd[17715]: Failed password for invalid user admin from 193.201.224.232 port 25005 ssh2
Jan  4 04:42:01 LabSZ sshd[17715]: pam_unix(sshd:auth): check pass; user unknown
Jan  4 04:42:02 LabSZ sshd[17721]: pam_unix(sshd:auth): authentication failure; logname= uid=0 euid=0 tty=ssh ruser= rhost=59.63.188.30  user=root
Jan  4 04:42:02 LabSZ sshd[17719]: Failed password for root from 182.100.67.52 port 4300 ssh2
Jan  4 04:42:04 LabSZ sshd[17715]: Failed password for invalid user admin from 193.201.224.232 port 25005 ssh2
Jan  4 04:42:04 LabSZ sshd[17721]: Failed password for root from 59.63.188.30 port 39788 ssh2
Jan  4 04:42:04 LabSZ sshd[17715]: pam_unix(sshd:auth): check pass; user unknown
Jan  4 04:42:05 LabSZ sshd[17715]: Failed password for invalid user admin from 193.201.224.232 port 25005 ssh2
Jan  4 04:42:05 LabSZ sshd[17715]: Disconnecting: Too many authentication failures for admin [preauth]
Jan  4 04:42:05 LabSZ sshd[17715]: PAM 5 more authentication failures; logname= uid=0 euid=0 tty=ssh ruser= rhost=193.201.224.232 
Jan  4 04:42:05 LabSZ sshd[17715]: PAM service(sshd) ignoring max retries; 6 > 3
Jan  4 04:42:07 LabSZ sshd[17723]: Invalid user admin from 193.201.224.232
Jan  4 04:42:07 LabSZ sshd[17723]: input_userauth_request: invalid user admin [preauth]
Jan  4 04:42:07 LabSZ sshd[17723]: pam_unix(sshd:auth): check pass; user unknown
Jan  4 04:42:07 LabSZ sshd[17723]: pam_unix(sshd:auth): authentication failure; logname= uid=0 euid=0 tty=ssh ruser= rhost=193.201.224.232 
Jan  4 04:42:08 LabSZ sshd[17717]: message repeated 5 times: [ Failed password for root from 59.63.188.30 port 28730 ssh2]
Jan  4 04:42:08 LabSZ sshd[17717]: Disconnecting: Too many authentication failures for root [preauth]
Jan  4 04:42:08 LabSZ sshd[17717]: PAM 5 more authentication failures; logname= uid=0 euid=0 tty=ssh ruser= rhost=59.63.188.30  user=root
Jan  4 04:42:08 LabSZ sshd[17717]: PAM service(sshd) ignoring max retries; 6 > 3
Jan  4 04:42:09 LabSZ sshd[17725]: pam_unix(sshd:auth): authentication failure; logname= uid=0 euid=0 tty=ssh ruser= rhost=59.63.188.30  user=root
Jan  4 04:42:10 LabSZ sshd[17723]: Failed password for invalid user admin from 193.201.224.232 port 53849 ssh2
Jan  4 04:42:10 LabSZ sshd[17723]: pam_unix(sshd:auth): check pass; user unknown
Jan  4 04:42:12 LabSZ sshd[17725]: Failed password for root from 59.63.188.30 port 49288 ssh2
Jan  4 04:42:12 LabSZ sshd[17723]: Failed password for invalid user admin from 193.201.224.232 port 53849 ssh2
Jan  4 04:42:12 LabSZ sshd[17723]: pam_unix(sshd:auth): check pass; user unknown
Jan  4 04:42:14 LabSZ sshd[17723]: Failed password for invalid user admin from 193.201.224.232 port 53849 ssh2
Jan  4 04:42:15 LabSZ sshd[17723]: pam_unix(sshd:auth): check pass; user unknown
Jan  4 04:42:16 LabSZ sshd[17719]: message repeated 5 times: [ Failed password for root from 182.100.67.52 port 4300 ssh2]
Jan  4 04:42:16 LabSZ sshd[17719]: Disconnecting: Too many authentication failures for root [preauth]
Jan  4 04:42:16 LabSZ sshd[17719]: PAM 5 more authentication failures; logname= uid=0 euid=0 tty=ssh ruser= rhost=182.100.67.52  user=root
Jan  4 04:42:16 LabSZ sshd[17719]: PAM service(sshd) ignoring max retries; 6 > 3
Jan  4 04:42:17 LabSZ sshd[17721]: message repeated 5 times: [ Failed password for root from 59.63.188.30 port 39788 ssh2]
Jan  4 04:42:17 LabSZ sshd[17721]: Disconnecting: Too many authentication failures for root [preauth]
Jan  4 04:42:17 LabSZ sshd[17721]: PAM 5 more authentication failures; logname= uid=0 euid=0 tty=ssh ruser= rhost=59.63.188.30  user=root
Jan  4 04:42:17 LabSZ sshd[17721]: PAM service(sshd) ignoring max retries; 6 > 3
Jan  4 04:42:17 LabSZ sshd[17723]: Failed password for invalid user admin from 193.201.224.232 port 53849 ssh2
Jan  4 04:42:17 LabSZ sshd[17723]: pam_unix(sshd:auth): check pass; user unknown
Jan  4 04:42:17 LabSZ sshd[17727]: pam_unix(sshd:auth): authentication failure; logname= uid=0 euid=0 tty=ssh ruser= rhost=182.100.67.52  user=root
Jan  4 04:42:18 LabSZ sshd[17729]: pam_unix(sshd:auth): authentication failure; logname= uid=0 euid=0 tty=ssh ruser= rhost=59.63.188.30  user=root
Jan  4 04:42:20 LabSZ sshd[17723]: Failed password for invalid user admin from 193.201.224.232 port 53849 ssh2
Jan  4 04:42:20 LabSZ sshd[17727]: Failed password for root from 182.100.67.52 port 43000 ssh2
Jan  4 04:42:20 LabSZ sshd[17723]: pam_unix(sshd:auth): check pass; user unknown
Jan  4 04:42:20 LabSZ sshd[17729]: Failed password for root from 59.63.188.30 port 60293 ssh2
Jan  4 04:42:22 LabSZ sshd[17723]: Failed password for invalid user admin from 193.201.224.232 port 53849 ssh2
Jan  4 04:42:22 LabSZ sshd[17723]: Disconnecting: Too many authentication failures for admin [preauth]
Jan  4 04:42:22 LabSZ sshd[17723]: PAM 5 more authentication failures; logname= uid=0 euid=0 tty=ssh ruser= rhost=193.201.224.232 
Jan  4 04:42:22 LabSZ sshd[17723]: PAM service(sshd) ignoring max retries; 6 > 3
Jan  4 04:42:25 LabSZ sshd[17731]: Invalid user admin from 193.201.224.232
Jan  4 04:42:25 LabSZ sshd[17731]: input_userauth_request: invalid user admin [preauth]
Jan  4 04:42:25 LabSZ sshd[17731]: pam_unix(sshd:auth): check pass; user unknown
Jan  4 04:42:25 LabSZ sshd[17731]: pam_unix(sshd:auth): authentication failure; logname= uid=0 euid=0 tty=ssh ruser= rhost=193.201.224.232 
Jan  4 04:42:26 LabSZ sshd[17725]: message repeated 5 times: [ Failed password for root from 59.63.188.30 port 49288 ssh2]
Jan  4 04:42:26 LabSZ sshd[17725]: Disconnecting: Too many authentication failures for root [preauth]
Jan  4 04:42:26 LabSZ sshd[17725]: PAM 5 more authentication failures; logname= uid=0 euid=0 tty=ssh ruser= rhost=59.63.188.30  user=root
Jan  4 04:42:26 LabSZ sshd[17725]: PAM service(sshd) ignoring max retries; 6 > 3
Jan  4 04:42:27 LabSZ sshd[17731]: Failed password for invalid user admin from 193.201.224.232 port 22200 ssh2
Jan  4 04:42:27 LabSZ sshd[17733]: pam_unix(sshd:auth): authentication failure; logname= uid=0 euid=0 tty=ssh ruser= rhost=59.63.188.30  user=root
Jan  4 04:42:27 LabSZ sshd[17731]: pam_unix(sshd:auth): check pass; user unknown
Jan  4 04:42:29 LabSZ sshd[17733]: Failed password for root from 59.63.188.30 port 6732 ssh2
Jan  4 04:42:29 LabSZ sshd[17731]: Failed password for invalid user admin from 193.201.224.232 port 22200 ssh2
Jan  4 04:42:29 LabSZ sshd[17731]: pam_unix(sshd:auth): check pass; user unknown
Jan  4 04:42:32 LabSZ sshd[17731]: Failed password for invalid user admin from 193.201.224.232 port 22200 ssh2
Jan  4 04:42:32 LabSZ sshd[17731]: pam_unix(sshd:auth): check pass; user unknown
Jan  4 04:42:33 LabSZ sshd[17727]: message repeated 5 times: [ Failed password for root from 182.100.67.52 port 43000 ssh2]
Jan  4 04:42:33 LabSZ sshd[17727]: Disconnecting: Too many authentication failures for root [preauth]
Jan  4 04:42:33 LabSZ sshd[17727]: PAM 5 more authentication failures; logname= uid=0 euid=0 tty=ssh ruser= rhost=182.100.67.52  user=root
Jan  4 04:42:33 LabSZ sshd[17727]: PAM service(sshd) ignoring max retries; 6 > 3
Jan  4 04:42:34 LabSZ sshd[17729]: message repeated 5 times: [ Failed password for root from 59.63.188.30 port 60293 ssh2]
Jan  4 04:42:34 LabSZ sshd[17729]: Disconnecting: Too many authentication failures for root [preauth]
Jan  4 04:42:34 LabSZ sshd[17729]: PAM 5 more authentication failures; logname= uid=0 euid=0 tty=ssh ruser= rhost=59.63.188.30  user=root
Jan  4 04:42:34 LabSZ sshd[17729]: PAM service(sshd) ignoring max retries; 6 > 3
Jan  4 04:42:35 LabSZ sshd[17735]: pam_unix(sshd:auth): authentication failure; logname= uid=0 euid=0 tty=ssh ruser= rhost=182.100.67.52  user=root
Jan  4 04:42:35 LabSZ sshd[17731]: Failed password for invalid user admin from 193.201.224.232 port 22200 ssh2
Jan  4 04:42:35 LabSZ sshd[17737]: pam_unix(sshd:auth): authentication failure; logname= uid=0 euid=0 tty=ssh ruser= rhost=59.63.188.30  user=root
Jan  4 04:42:35 LabSZ sshd[17731]: pam_unix(sshd:auth): check pass; user unknown
Jan  4 04:42:36 LabSZ sshd[17735]: Failed password for root from 182.100.67.52 port 13990 ssh2
Jan  4 04:42:37 LabSZ sshd[17737]: Failed password for root from 59.63.188.30 port 17348 ssh2
Jan  4 04:42:37 LabSZ sshd[17731]: Failed password for invalid user admin from 193.201.224.232 port 22200 ssh2
Jan  4 04:42:37 LabSZ sshd[17731]: pam_unix(sshd:auth): check pass; user unknown
Jan  4 04:42:39 LabSZ sshd[17731]: Failed password for invalid user admin from 193.201.224.232 port 22200 ssh2
Jan  4 04:42:39 LabSZ sshd[17731]: Disconnecting: Too many authentication failures for admin [preauth]
Jan  4 04:42:39 LabSZ sshd[17731]: PAM 5 more authentication failures; logname= uid=0 euid=0 tty=ssh ruser= rhost=193.201.224.232 
Jan  4 04:42:39 LabSZ sshd[17731]: PAM service(sshd) ignoring max retries; 6 > 3
Jan  4 04:42:41 LabSZ sshd[17739]: Invalid user admin from 193.201.224.232
