Jan  2 05:56:55 LabSZ sshd[25840]: Failed password for root from 182.100.67.120 port 5490 ssh2
Jan  2 05:56:57 LabSZ sshd[25842]: Failed password for root from 119.1.109.20 port 3340 ssh2
Jan  2 05:57:02 LabSZ sshd[25844]: Invalid user nagios from 125.20.160.106
Jan  2 05:57:02 LabSZ sshd[25844]: input_userauth_request: invalid user nagios [preauth]
Jan  2 05:57:02 LabSZ sshd[25844]: pam_unix(sshd:auth): check pass; user unknown
Jan  2 05:57:02 LabSZ sshd[25844]: pam_unix(sshd:auth): authentication failure; logname= uid=0 euid=0 tty=ssh ruser= rhost=125.20.160.106 
Jan  2 05:57:02 LabSZ sshd[25836]: message repeated 5 times: [ Failed password for root from 218.65.30.30 port 59750 ssh2]
Jan  2 05:57:02 LabSZ sshd[25836]: Disconnecting: Too many authentication failures for root [preauth]
Jan  2 05:57:02 LabSZ sshd[25836]: PAM 5 more authentication failures; logname= uid=0 euid=0 tty=ssh ruser= rhost=218.65.30.30  user=root
Jan  2 05:57:02 LabSZ sshd[25836]: PAM service(sshd) ignoring max retries; 6 > 3
Jan  2 05:57:03 LabSZ sshd[25844]: Failed password for invalid user nagios from 125.20.160.106 port 54371 ssh2
Jan  2 05:57:04 LabSZ sshd[25842]: message repeated 4 times: [ Failed password for root from 119.1.109.20 port 3340 ssh2]
Jan  2 05:57:04 LabSZ sshd[25842]: fatal: Read from socket failed: Connection reset by peer [preauth]
Jan  2 05:57:04 LabSZ sshd[25842]: PAM 4 more authentication failures; logname= uid=0 euid=0 tty=ssh ruser= rhost=119.1.109.20  user=root
Jan  2 05:57:04 LabSZ sshd[25842]: PAM service(sshd) ignoring max retries; 5 > 3
Jan  2 05:57:04 LabSZ sshd[25844]: Received disconnect from 125.20.160.106: 11: Bye Bye [preauth]
Jan  2 05:57:04 LabSZ sshd[25848]: pam_unix(sshd:auth): authentication failure; logname= uid=0 euid=0 tty=ssh ruser= rhost=119.1.109.20  user=root
Jan  2 05:57:04 LabSZ sshd[25846]: reverse mapping checking getaddrinfo for 30.30.65.218.broad.xy.jx.dynamic.163data.com.cn [218.65.30.30] failed - POSSIBLE BREAK-IN ATTEMPT!
Jan  2 05:57:05 LabSZ sshd[25846]: pam_unix(sshd:auth): authentication failure; logname= uid=0 euid=0 tty=ssh ruser= rhost=218.65.30.30  user=root
Jan  2 05:57:06 LabSZ sshd[25848]: Failed password for root from 119.1.109.20 port 4922 ssh2
Jan  2 05:57:07 LabSZ sshd[25846]: Failed password for root from 218.65.30.30 port 33928 ssh2
Jan  2 05:57:09 LabSZ sshd[25838]: message repeated 5 times: [ Failed password for root from 58.242.83.25 port 9653 ssh2]
Jan  2 05:57:09 LabSZ sshd[25838]: Disconnecting: Too many authentication failures for root [preauth]
Jan  2 05:57:09 LabSZ sshd[25838]: PAM 5 more authentication failures; logname= uid=0 euid=0 tty=ssh ruser= rhost=58.242.83.25  user=root
Jan  2 05:57:09 LabSZ sshd[25838]: PAM service(sshd) ignoring max retries; 6 > 3
Jan  2 05:57:09 LabSZ sshd[25840]: message repeated 5 times: [ Failed password for root from 182.100.67.120 port 5490 ssh2]
Jan  2 05:57:09 LabSZ sshd[25840]: Disconnecting: Too many authentication failures for root [preauth]
Jan  2 05:57:09 LabSZ sshd[25840]: PAM 5 more authentication failures; logname= uid=0 euid=0 tty=ssh ruser= rhost=182.100.67.120  user=root
Jan  2 05:57:09 LabSZ sshd[25840]: PAM service(sshd) ignoring max retries; 6 > 3
Jan  2 05:57:10 LabSZ sshd[25850]: pam_unix(sshd:auth): authentication failure; logname= uid=0 euid=0 tty=ssh ruser= rhost=58.242.83.25  user=root
Jan  2 05:57:11 LabSZ sshd[25852]: pam_unix(sshd:auth): authentication failure; logname= uid=0 euid=0 tty=ssh ruser= rhost=182.100.67.120  user=root
Jan  2 05:57:12 LabSZ sshd[25850]: Failed password for root from 58.242.83.25 port 32765 ssh2
Jan  2 05:57:13 LabSZ sshd[25852]: Failed password for root from 182.100.67.120 port 44784 ssh2
Jan  2 05:57:14 LabSZ sshd[25848]: message repeated 4 times: [ Failed password for root from 119.1.109.20 port 4922 ssh2]
Jan  2 05:57:14 LabSZ sshd[25848]: fatal: Read from socket failed: Connection reset by peer [preauth]
Jan  2 05:57:14 LabSZ sshd[25848]: PAM 4 more authentication failures; logname= uid=0 euid=0 tty=ssh ruser= rhost=119.1.109.20  user=root
Jan  2 05:57:14 LabSZ sshd[25848]: PAM service(sshd) ignoring max retries; 5 > 3
Jan  2 05:57:15 LabSZ sshd[25854]: pam_unix(sshd:auth): authentication failure; logname= uid=0 euid=0 tty=ssh ruser= rhost=119.1.109.20  user=root
Jan  2 05:57:17 LabSZ sshd[25854]: Failed password for root from 119.1.109.20 port 1906 ssh2
Jan  2 05:57:20 LabSZ sshd[25846]: message repeated 5 times: [ Failed password for root from 218.65.30.30 port 33928 ssh2]
Jan  2 05:57:20 LabSZ sshd[25846]: Disconnecting: Too many authentication failures for root [preauth]
Jan  2 05:57:20 LabSZ sshd[25846]: PAM 5 more authentication failures; logname= uid=0 euid=0 tty=ssh ruser= rhost=218.65.30.30  user=root
Jan  2 05:57:20 LabSZ sshd[25846]: PAM service(sshd) ignoring max retries; 6 > 3
Jan  2 05:57:22 LabSZ sshd[25856]: reverse mapping checking getaddrinfo for 30.30.65.218.broad.xy.jx.dynamic.163data.com.cn [218.65.30.30] failed - POSSIBLE BREAK-IN ATTEMPT!
Jan  2 05:57:22 LabSZ sshd[25856]: pam_unix(sshd:auth): authentication failure; logname= uid=0 euid=0 tty=ssh ruser= rhost=218.65.30.30  user=root
Jan  2 05:57:24 LabSZ sshd[25856]: Failed password for root from 218.65.30.30 port 11520 ssh2
Jan  2 05:57:24 LabSZ sshd[25850]: message repeated 5 times: [ Failed password for root from 58.242.83.25 port 32765 ssh2]
Jan  2 05:57:24 LabSZ sshd[25850]: Disconnecting: Too many authentication failures for root [preauth]
Jan  2 05:57:24 LabSZ sshd[25850]: PAM 5 more authentication failures; logname= uid=0 euid=0 tty=ssh ruser= rhost=58.242.83.25  user=root
Jan  2 05:57:24 LabSZ sshd[25850]: PAM service(sshd) ignoring max retries; 6 > 3
Jan  2 05:57:25 LabSZ sshd[25854]: message repeated 4 times: [ Failed password for root from 119.1.109.20 port 1906 ssh2]
Jan  2 05:57:25 LabSZ sshd[25854]: fatal: Read from socket failed: Connection reset by peer [preauth]
Jan  2 05:57:25 LabSZ sshd[25854]: PAM 4 more authentication failures; logname= uid=0 euid=0 tty=ssh ruser= rhost=119.1.109.20  user=root
Jan  2 05:57:25 LabSZ sshd[25854]: PAM service(sshd) ignoring max retries; 5 > 3
Jan  2 05:57:25 LabSZ sshd[25858]: pam_unix(sshd:auth): authentication failure; logname= uid=0 euid=0 tty=ssh ruser= rhost=119.1.109.20  user=root
Jan  2 05:57:26 LabSZ sshd[25860]: pam_unix(sshd:auth): authentication failure; logname= uid=0 euid=0 tty=ssh ruser= rhost=58.242.83.25  user=root
Jan  2 05:57:27 LabSZ sshd[25858]: Failed password for root from 119.1.109.20 port 2857 ssh2
Jan  2 05:57:27 LabSZ sshd[25852]: message repeated 5 times: [ Failed password for root from 182.100.67.120 port 44784 ssh2]
Jan  2 05:57:27 LabSZ sshd[25852]: Disconnecting: Too many authentication failures for root [preauth]
Jan  2 05:57:27 LabSZ sshd[25852]: PAM 5 more authentication failures; logname= uid=0 euid=0 tty=ssh ruser= rhost=182.100.67.120  user=root
Jan  2 05:57:27 LabSZ sshd[25852]: PAM service(sshd) ignoring max retries; 6 > 3
Jan  2 05:57:27 LabSZ sshd[25860]: Failed password for root from 58.242.83.25 port 53570 ssh2
Jan  2 05:57:28 LabSZ sshd[25862]: pam_unix(sshd:auth): authentication failure; logname= uid=0 euid=0 tty=ssh ruser= rhost=182.100.67.120  user=root
Jan  2 05:57:30 LabSZ sshd[25862]: Failed password for root from 182.100.67.120 port 20868 ssh2
Jan  2 05:57:35 LabSZ sshd[25858]: message repeated 4 times: [ Failed password for root from 119.1.109.20 port 2857 ssh2]
Jan  2 05:57:35 LabSZ sshd[25858]: fatal: Read from socket failed: Connection reset by peer [preauth]
Jan  2 05:57:35 LabSZ sshd[25858]: PAM 4 more authentication failures; logname= uid=0 euid=0 tty=ssh ruser= rhost=119.1.109.20  user=root
Jan  2 05:57:35 LabSZ sshd[25858]: PAM service(sshd) ignoring max retries; 5 > 3
Jan  2 05:57:35 LabSZ sshd[25864]: pam_unix(sshd:auth): authentication failure; logname= uid=0 euid=0 tty=ssh ruser= rhost=119.1.109.20  user=root
Jan  2 05:57:36 LabSZ sshd[25856]: message repeated 5 times: [ Failed password for root from 218.65.30.30 port 11520 ssh2]
Jan  2 05:57:36 LabSZ sshd[25856]: Disconnecting: Too many authentication failures for root [preauth]
Jan  2 05:57:36 LabSZ sshd[25856]: PAM 5 more authentication failures; logname= uid=0 euid=0 tty=ssh ruser= rhost=218.65.30.30  user=root
Jan  2 05:57:36 LabSZ sshd[25856]: PAM service(sshd) ignoring max retries; 6 > 3
Jan  2 05:57:37 LabSZ sshd[25864]: Failed password for root from 119.1.109.20 port 4247 ssh2
Jan  2 05:57:39 LabSZ sshd[25866]: reverse mapping checking getaddrinfo for 30.30.65.218.broad.xy.jx.dynamic.163data.com.cn [218.65.30.30] failed - POSSIBLE BREAK-IN ATTEMPT!
Jan  2 05:57:39 LabSZ sshd[25866]: pam_unix(sshd:auth): authentication failure; logname= uid=0 euid=0 tty=ssh ruser= rhost=218.65.30.30  user=root
Jan  2 05:57:40 LabSZ sshd[25860]: message repeated 5 times: [ Failed password for root from 58.242.83.25 port 53570 ssh2]
Jan  2 05:57:40 LabSZ sshd[25860]: Disconnecting: Too many authentication failures for root [preauth]
Jan  2 05:57:40 LabSZ sshd[25860]: PAM 5 more authentication failures; logname= uid=0 euid=0 tty=ssh ruser= rhost=58.242.83.25  user=root
Jan  2 05:57:40 LabSZ sshd[25860]: PAM service(sshd) ignoring max retries; 6 > 3
Jan  2 05:57:41 LabSZ sshd[25866]: Failed password for root from 218.65.30.30 port 48746 ssh2
Jan  2 05:57:41 LabSZ sshd[25868]: pam_unix(sshd:auth): authentication failure; logname= uid=0 euid=0 tty=ssh ruser= rhost=58.242.83.25  user=root
Jan  2 05:57:44 LabSZ sshd[25868]: Failed password for root from 58.242.83.25 port 9777 ssh2
Jan  2 05:57:44 LabSZ sshd[25862]: message repeated 5 times: [ Failed password for root from 182.100.67.120 port 20868 ssh2]
Jan  2 05:57:44 LabSZ sshd[25862]: Disconnecting: Too many authentication failures for root [preauth]
Jan  2 05:57:44 LabSZ sshd[25862]: PAM 5 more authentication failures; logname= uid=0 euid=0 tty=ssh ruser= rhost=182.100.67.120  user=root
Jan  2 05:57:44 LabSZ sshd[25862]: PAM service(sshd) ignoring max retries; 6 > 3
Jan  2 05:57:45 LabSZ sshd[25870]: pam_unix(sshd:auth): authentication failure; logname= uid=0 euid=0 tty=ssh ruser= rhost=182.100.67.120  user=root
Jan  2 05:57:45 LabSZ sshd[25864]: message repeated 4 times: [ Failed password for root from 119.1.109.20 port 4247 ssh2]
Jan  2 05:57:45 LabSZ sshd[25864]: fatal: Read from socket failed: Connection reset by peer [preauth]
Jan  2 05:57:45 LabSZ sshd[25864]: PAM 4 more authentication failures; logname= uid=0 euid=0 tty=ssh ruser= rhost=119.1.109.20  user=root
Jan  2 05:57:45 LabSZ sshd[25864]: PAM service(sshd) ignoring max retries; 5 > 3
Jan  2 05:57:47 LabSZ sshd[25870]: Failed password for root from 182.100.67.120 port 60190 ssh2
Jan  2 05:57:47 LabSZ sshd[25872]: pam_unix(sshd:auth): authentication failure; logname= uid=0 euid=0 tty=ssh ruser= rhost=119.1.109.20  user=root
Jan  2 05:57:49 LabSZ sshd[25872]: Failed password for root from 119.1.109.20 port 1489 ssh2
Jan  2 05:57:55 LabSZ sshd[25866]: message repeated 5 times: [ Failed password for root from 218.65.30.30 port 48746 ssh2]
Jan  2 05:57:55 LabSZ sshd[25866]: Disconnecting: Too many authentication failures for root [preauth]
Jan  2 05:57:55 LabSZ sshd[25866]: PAM 5 more authentication failures; logname= uid=0 euid=0 tty=ssh ruser= rhost=218.65.30.30  user=root
Jan  2 05:57:55 LabSZ sshd[25866]: PAM service(sshd) ignoring max retries; 6 > 3
Jan  2 05:57:55 LabSZ sshd[25868]: message repeated 5 times: [ Failed password for root from 58.242.83.25 port 9777 ssh2]
