Jan  4 06:20:18 LabSZ sshd[20438]: pam_unix(sshd:auth): authentication failure; logname= uid=0 euid=0 tty=ssh ruser= rhost=183.196.162.162  user=root
Jan  4 06:20:20 LabSZ sshd[20438]: Failed password for root from 183.196.162.162 port 45611 ssh2
Jan  4 06:20:20 LabSZ sshd[20438]: Received disconnect from 183.196.162.162: 11: Bye Bye [preauth]
Jan  4 06:20:21 LabSZ sshd[20440]: Invalid user ubnt from 183.196.162.162
Jan  4 06:20:21 LabSZ sshd[20440]: input_userauth_request: invalid user ubnt [preauth]
Jan  4 06:20:21 LabSZ sshd[20440]: pam_unix(sshd:auth): check pass; user unknown
Jan  4 06:20:21 LabSZ sshd[20440]: pam_unix(sshd:auth): authentication failure; logname= uid=0 euid=0 tty=ssh ruser= rhost=183.196.162.162 
Jan  4 06:20:23 LabSZ sshd[20428]: message repeated 5 times: [ Failed password for root from 59.63.188.30 port 22429 ssh2]
Jan  4 06:20:23 LabSZ sshd[20428]: Disconnecting: Too many authentication failures for root [preauth]
Jan  4 06:20:23 LabSZ sshd[20428]: PAM 5 more authentication failures; logname= uid=0 euid=0 tty=ssh ruser= rhost=59.63.188.30  user=root
Jan  4 06:20:23 LabSZ sshd[20428]: PAM service(sshd) ignoring max retries; 6 > 3
Jan  4 06:20:23 LabSZ sshd[20429]: message repeated 5 times: [ Failed password for root from 59.63.188.30 port 22433 ssh2]
Jan  4 06:20:23 LabSZ sshd[20429]: Disconnecting: Too many authentication failures for root [preauth]
Jan  4 06:20:23 LabSZ sshd[20429]: PAM 5 more authentication failures; logname= uid=0 euid=0 tty=ssh ruser= rhost=59.63.188.30  user=root
Jan  4 06:20:23 LabSZ sshd[20429]: PAM service(sshd) ignoring max retries; 6 > 3
Jan  4 06:20:23 LabSZ sshd[20440]: Failed password for invalid user ubnt from 183.196.162.162 port 45716 ssh2
Jan  4 06:20:23 LabSZ sshd[20440]: Received disconnect from 183.196.162.162: 11: Bye Bye [preauth]
Jan  4 06:20:24 LabSZ sshd[20442]: pam_unix(sshd:auth): authentication failure; logname= uid=0 euid=0 tty=ssh ruser= rhost=183.196.162.162  user=root
Jan  4 06:20:25 LabSZ sshd[20432]: message repeated 5 times: [ Failed password for root from 218.87.109.156 port 24644 ssh2]
Jan  4 06:20:25 LabSZ sshd[20432]: Disconnecting: Too many authentication failures for root [preauth]
Jan  4 06:20:25 LabSZ sshd[20432]: PAM 5 more authentication failures; logname= uid=0 euid=0 tty=ssh ruser= rhost=218.87.109.156  user=root
Jan  4 06:20:25 LabSZ sshd[20432]: PAM service(sshd) ignoring max retries; 6 > 3
Jan  4 06:20:26 LabSZ sshd[20442]: Failed password for root from 183.196.162.162 port 45830 ssh2
Jan  4 06:20:26 LabSZ sshd[20442]: Received disconnect from 183.196.162.162: 11: Bye Bye [preauth]
Jan  4 06:20:27 LabSZ sshd[20450]: pam_unix(sshd:auth): authentication failure; logname= uid=0 euid=0 tty=ssh ruser= rhost=218.87.109.156  user=root
Jan  4 06:20:27 LabSZ sshd[20448]: pam_unix(sshd:auth): authentication failure; logname= uid=0 euid=0 tty=ssh ruser= rhost=183.196.162.162  user=root
Jan  4 06:20:28 LabSZ sshd[20434]: message repeated 5 times: [ Failed password for root from 182.100.67.52 port 18748 ssh2]
Jan  4 06:20:28 LabSZ sshd[20434]: Disconnecting: Too many authentication failures for root [preauth]
Jan  4 06:20:28 LabSZ sshd[20434]: PAM 5 more authentication failures; logname= uid=0 euid=0 tty=ssh ruser= rhost=182.100.67.52  user=root
Jan  4 06:20:28 LabSZ sshd[20434]: PAM service(sshd) ignoring max retries; 6 > 3
Jan  4 06:20:28 LabSZ sshd[20450]: Failed password for root from 218.87.109.156 port 58384 ssh2
Jan  4 06:20:29 LabSZ sshd[20448]: Failed password for root from 183.196.162.162 port 45923 ssh2
Jan  4 06:20:29 LabSZ sshd[20448]: Received disconnect from 183.196.162.162: 11: Bye Bye [preauth]
Jan  4 06:20:29 LabSZ sshd[20454]: pam_unix(sshd:auth): authentication failure; logname= uid=0 euid=0 tty=ssh ruser= rhost=182.100.67.52  user=root
Jan  4 06:20:30 LabSZ sshd[20452]: pam_unix(sshd:auth): authentication failure; logname= uid=0 euid=0 tty=ssh ruser= rhost=183.196.162.162  user=root
Jan  4 06:20:31 LabSZ sshd[20446]: pam_unix(sshd:auth): authentication failure; logname= uid=0 euid=0 tty=ssh ruser= rhost=59.63.188.30  user=root
Jan  4 06:20:31 LabSZ sshd[20444]: pam_unix(sshd:auth): authentication failure; logname= uid=0 euid=0 tty=ssh ruser= rhost=59.63.188.30  user=root
Jan  4 06:20:31 LabSZ sshd[20454]: Failed password for root from 182.100.67.52 port 52098 ssh2
Jan  4 06:20:31 LabSZ sshd[20452]: Failed password for root from 183.196.162.162 port 46011 ssh2
Jan  4 06:20:32 LabSZ sshd[20452]: Received disconnect from 183.196.162.162: 11: Bye Bye [preauth]
Jan  4 06:20:33 LabSZ sshd[20456]: pam_unix(sshd:auth): authentication failure; logname= uid=0 euid=0 tty=ssh ruser= rhost=183.196.162.162  user=root
Jan  4 06:20:33 LabSZ sshd[20446]: Failed password for root from 59.63.188.30 port 45375 ssh2
Jan  4 06:20:33 LabSZ sshd[20444]: Failed password for root from 59.63.188.30 port 44953 ssh2
Jan  4 06:20:35 LabSZ sshd[20456]: Failed password for root from 183.196.162.162 port 46103 ssh2
Jan  4 06:20:35 LabSZ sshd[20456]: Received disconnect from 183.196.162.162: 11: Bye Bye [preauth]
Jan  4 06:20:36 LabSZ sshd[20458]: pam_unix(sshd:auth): authentication failure; logname= uid=0 euid=0 tty=ssh ruser= rhost=183.196.162.162  user=root
Jan  4 06:20:38 LabSZ sshd[20458]: Failed password for root from 183.196.162.162 port 46203 ssh2
Jan  4 06:20:38 LabSZ sshd[20458]: Received disconnect from 183.196.162.162: 11: Bye Bye [preauth]
Jan  4 06:20:39 LabSZ sshd[20460]: pam_unix(sshd:auth): authentication failure; logname= uid=0 euid=0 tty=ssh ruser= rhost=183.196.162.162  user=root
Jan  4 06:20:40 LabSZ sshd[20450]: message repeated 5 times: [ Failed password for root from 218.87.109.156 port 58384 ssh2]
Jan  4 06:20:40 LabSZ sshd[20450]: Disconnecting: Too many authentication failures for root [preauth]
Jan  4 06:20:40 LabSZ sshd[20450]: PAM 5 more authentication failures; logname= uid=0 euid=0 tty=ssh ruser= rhost=218.87.109.156  user=root
Jan  4 06:20:40 LabSZ sshd[20450]: PAM service(sshd) ignoring max retries; 6 > 3
Jan  4 06:20:40 LabSZ sshd[20460]: Failed password for root from 183.196.162.162 port 46304 ssh2
Jan  4 06:20:41 LabSZ sshd[20460]: Received disconnect from 183.196.162.162: 11: Bye Bye [preauth]
Jan  4 06:20:41 LabSZ sshd[20464]: pam_unix(sshd:auth): authentication failure; logname= uid=0 euid=0 tty=ssh ruser= rhost=218.87.109.156  user=root
Jan  4 06:20:42 LabSZ sshd[20462]: pam_unix(sshd:auth): authentication failure; logname= uid=0 euid=0 tty=ssh ruser= rhost=183.196.162.162  user=root
Jan  4 06:20:43 LabSZ sshd[20464]: Failed password for root from 218.87.109.156 port 24606 ssh2
Jan  4 06:20:44 LabSZ sshd[20462]: Failed password for root from 183.196.162.162 port 46385 ssh2
Jan  4 06:20:44 LabSZ sshd[20462]: Received disconnect from 183.196.162.162: 11: Bye Bye [preauth]
Jan  4 06:20:45 LabSZ sshd[20444]: message repeated 5 times: [ Failed password for root from 59.63.188.30 port 44953 ssh2]
Jan  4 06:20:45 LabSZ sshd[20444]: Disconnecting: Too many authentication failures for root [preauth]
Jan  4 06:20:45 LabSZ sshd[20444]: PAM 5 more authentication failures; logname= uid=0 euid=0 tty=ssh ruser= rhost=59.63.188.30  user=root
Jan  4 06:20:45 LabSZ sshd[20444]: PAM service(sshd) ignoring max retries; 6 > 3
Jan  4 06:20:45 LabSZ sshd[20446]: message repeated 5 times: [ Failed password for root from 59.63.188.30 port 45375 ssh2]
Jan  4 06:20:45 LabSZ sshd[20446]: Disconnecting: Too many authentication failures for root [preauth]
Jan  4 06:20:45 LabSZ sshd[20446]: PAM 5 more authentication failures; logname= uid=0 euid=0 tty=ssh ruser= rhost=59.63.188.30  user=root
Jan  4 06:20:45 LabSZ sshd[20446]: PAM service(sshd) ignoring max retries; 6 > 3
Jan  4 06:20:45 LabSZ sshd[20454]: message repeated 5 times: [ Failed password for root from 182.100.67.52 port 52098 ssh2]
Jan  4 06:20:45 LabSZ sshd[20454]: Disconnecting: Too many authentication failures for root [preauth]
Jan  4 06:20:45 LabSZ sshd[20454]: PAM 5 more authentication failures; logname= uid=0 euid=0 tty=ssh ruser= rhost=182.100.67.52  user=root
Jan  4 06:20:45 LabSZ sshd[20454]: PAM service(sshd) ignoring max retries; 6 > 3
Jan  4 06:20:45 LabSZ sshd[20466]: pam_unix(sshd:auth): authentication failure; logname= uid=0 euid=0 tty=ssh ruser= rhost=183.196.162.162  user=root
Jan  4 06:20:46 LabSZ sshd[20468]: pam_unix(sshd:auth): authentication failure; logname= uid=0 euid=0 tty=ssh ruser= rhost=59.63.188.30  user=root
Jan  4 06:20:46 LabSZ sshd[20470]: pam_unix(sshd:auth): authentication failure; logname= uid=0 euid=0 tty=ssh ruser= rhost=59.63.188.30  user=root
Jan  4 06:20:47 LabSZ sshd[20466]: Failed password for root from 183.196.162.162 port 46503 ssh2
Jan  4 06:20:47 LabSZ sshd[20466]: Received disconnect from 183.196.162.162: 11: Bye Bye [preauth]
Jan  4 06:20:48 LabSZ sshd[20472]: pam_unix(sshd:auth): authentication failure; logname= uid=0 euid=0 tty=ssh ruser= rhost=182.100.67.52  user=root
Jan  4 06:20:48 LabSZ sshd[20468]: Failed password for root from 59.63.188.30 port 2692 ssh2
Jan  4 06:20:48 LabSZ sshd[20470]: Failed password for root from 59.63.188.30 port 2700 ssh2
Jan  4 06:20:49 LabSZ sshd[20474]: pam_unix(sshd:auth): authentication failure; logname= uid=0 euid=0 tty=ssh ruser= rhost=183.196.162.162  user=root
Jan  4 06:20:50 LabSZ sshd[20472]: Failed password for root from 182.100.67.52 port 23916 ssh2
Jan  4 06:20:52 LabSZ sshd[20474]: Failed password for root from 183.196.162.162 port 46605 ssh2
Jan  4 06:20:52 LabSZ sshd[20474]: Received disconnect from 183.196.162.162: 11: Bye Bye [preauth]
Jan  4 06:20:53 LabSZ sshd[20476]: pam_unix(sshd:auth): authentication failure; logname= uid=0 euid=0 tty=ssh ruser= rhost=183.196.162.162  user=root
Jan  4 06:20:54 LabSZ sshd[20476]: Failed password for root from 183.196.162.162 port 46750 ssh2
Jan  4 06:20:54 LabSZ sshd[20476]: Received disconnect from 183.196.162.162: 11: Bye Bye [preauth]
Jan  4 06:20:55 LabSZ sshd[20464]: message repeated 5 times: [ Failed password for root from 218.87.109.156 port 24606 ssh2]
Jan  4 06:20:55 LabSZ sshd[20464]: Disconnecting: Too many authentication failures for root [preauth]
Jan  4 06:20:55 LabSZ sshd[20464]: PAM 5 more authentication failures; logname= uid=0 euid=0 tty=ssh ruser= rhost=218.87.109.156  user=root
Jan  4 06:20:55 LabSZ sshd[20464]: PAM service(sshd) ignoring max retries; 6 > 3
Jan  4 06:20:56 LabSZ sshd[20478]: pam_unix(sshd:auth): authentication failure; logname= uid=0 euid=0 tty=ssh ruser= rhost=183.196.162.162  user=root
Jan  4 06:20:56 LabSZ sshd[20480]: pam_unix(sshd:auth): authentication failure; logname= uid=0 euid=0 tty=ssh ruser= rhost=218.87.109.156  user=root
Jan  4 06:20:57 LabSZ sshd[20478]: Failed password for root from 183.196.162.162 port 46849 ssh2
Jan  4 06:20:58 LabSZ sshd[20478]: Received disconnect from 183.196.162.162: 11: Bye Bye [preauth]
Jan  4 06:20:58 LabSZ sshd[20480]: Failed password for root from 218.87.109.156 port 57166 ssh2
Jan  4 06:20:59 LabSZ sshd[20482]: pam_unix(sshd:auth): authentication failure; logname= uid=0 euid=0 tty=ssh ruser= rhost=183.196.162.162  user=root
Jan  4 06:21:02 LabSZ sshd[20482]: Failed password for root from 183.196.162.162 port 46936 ssh2
Jan  4 06:21:02 LabSZ sshd[20468]: message repeated 5 times: [ Failed password for root from 59.63.188.30 port 2692 ssh2]
Jan  4 06:21:02 LabSZ sshd[20468]: Disconnecting: Too many authentication failures for root [preauth]
