Jan  1 11:24:43 LabSZ sshd[5749]: Failed password for invalid user admin from 5.188.10.180 port 34851 ssh2
Jan  1 11:24:44 LabSZ sshd[5749]: pam_unix(sshd:auth): check pass; user unknown
Jan  1 11:24:45 LabSZ sshd[5749]: Failed password for invalid user admin from 5.188.10.180 port 34851 ssh2
Jan  1 11:24:47 LabSZ sshd[5749]: pam_unix(sshd:auth): check pass; user unknown
Jan  1 11:24:49 LabSZ sshd[5749]: Failed password for invalid user admin from 5.188.10.180 port 34851 ssh2
Jan  1 11:24:50 LabSZ sshd[5751]: message repeated 5 times: [ Failed password for root from 58.242.83.25 port 55927 ssh2]
Jan  1 11:24:50 LabSZ sshd[5751]: Disconnecting: Too many authentication failures for root [preauth]
Jan  1 11:24:50 LabSZ sshd[5751]: PAM 5 more authentication failures; logname= uid=0 euid=0 tty=ssh ruser= rhost=58.242.83.25  user=root
Jan  1 11:24:50 LabSZ sshd[5751]: PAM service(sshd) ignoring max retries; 6 > 3
Jan  1 11:24:50 LabSZ sshd[5749]: Connection closed by 5.188.10.180 [preauth]
Jan  1 11:24:50 LabSZ sshd[5749]: PAM 4 more authentication failures; logname= uid=0 euid=0 tty=ssh ruser= rhost=5.188.10.180 
Jan  1 11:24:50 LabSZ sshd[5749]: PAM service(sshd) ignoring max retries; 5 > 3
Jan  1 11:24:52 LabSZ sshd[5754]: pam_unix(sshd:auth): authentication failure; logname= uid=0 euid=0 tty=ssh ruser= rhost=58.242.83.25  user=root
Jan  1 11:24:54 LabSZ sshd[5754]: Failed password for root from 58.242.83.25 port 8947 ssh2
Jan  1 11:25:00 LabSZ sshd[5753]: Invalid user admin from 5.188.10.180
Jan  1 11:25:00 LabSZ sshd[5753]: input_userauth_request: invalid user admin [preauth]
Jan  1 11:25:00 LabSZ sshd[5753]: pam_unix(sshd:auth): check pass; user unknown
Jan  1 11:25:00 LabSZ sshd[5753]: pam_unix(sshd:auth): authentication failure; logname= uid=0 euid=0 tty=ssh ruser= rhost=5.188.10.180 
Jan  1 11:25:01 LabSZ sshd[5753]: Failed password for invalid user admin from 5.188.10.180 port 57104 ssh2
Jan  1 11:25:03 LabSZ sshd[5753]: Connection closed by 5.188.10.180 [preauth]
Jan  1 11:25:05 LabSZ sshd[5754]: message repeated 5 times: [ Failed password for root from 58.242.83.25 port 8947 ssh2]
Jan  1 11:25:05 LabSZ sshd[5754]: Disconnecting: Too many authentication failures for root [preauth]
Jan  1 11:25:05 LabSZ sshd[5754]: PAM 5 more authentication failures; logname= uid=0 euid=0 tty=ssh ruser= rhost=58.242.83.25  user=root
Jan  1 11:25:05 LabSZ sshd[5754]: PAM service(sshd) ignoring max retries; 6 > 3
Jan  1 11:25:06 LabSZ sshd[5758]: pam_unix(sshd:auth): authentication failure; logname= uid=0 euid=0 tty=ssh ruser= rhost=58.242.83.25  user=root
Jan  1 11:25:08 LabSZ sshd[5758]: Failed password for root from 58.242.83.25 port 26234 ssh2
Jan  1 11:25:10 LabSZ sshd[5757]: Invalid user default from 5.188.10.180
Jan  1 11:25:10 LabSZ sshd[5757]: input_userauth_request: invalid user default [preauth]
Jan  1 11:25:10 LabSZ sshd[5757]: pam_unix(sshd:auth): check pass; user unknown
Jan  1 11:25:10 LabSZ sshd[5757]: pam_unix(sshd:auth): authentication failure; logname= uid=0 euid=0 tty=ssh ruser= rhost=5.188.10.180 
Jan  1 11:25:12 LabSZ sshd[5757]: Failed password for invalid user default from 5.188.10.180 port 56331 ssh2
Jan  1 11:25:13 LabSZ sshd[5757]: pam_unix(sshd:auth): check pass; user unknown
Jan  1 11:25:14 LabSZ sshd[5757]: Failed password for invalid user default from 5.188.10.180 port 56331 ssh2
Jan  1 11:25:16 LabSZ sshd[5757]: Connection closed by 5.188.10.180 [preauth]
Jan  1 11:25:16 LabSZ sshd[5757]: PAM 1 more authentication failure; logname= uid=0 euid=0 tty=ssh ruser= rhost=5.188.10.180 
Jan  1 11:25:21 LabSZ sshd[5758]: message repeated 5 times: [ Failed password for root from 58.242.83.25 port 26234 ssh2]
Jan  1 11:25:21 LabSZ sshd[5758]: Disconnecting: Too many authentication failures for root [preauth]
Jan  1 11:25:21 LabSZ sshd[5758]: PAM 5 more authentication failures; logname= uid=0 euid=0 tty=ssh ruser= rhost=58.242.83.25  user=root
Jan  1 11:25:21 LabSZ sshd[5758]: PAM service(sshd) ignoring max retries; 6 > 3
Jan  1 11:25:22 LabSZ sshd[5763]: pam_unix(sshd:auth): authentication failure; logname= uid=0 euid=0 tty=ssh ruser= rhost=58.242.83.25  user=root
Jan  1 11:25:23 LabSZ sshd[5761]: pam_unix(sshd:auth): authentication failure; logname= uid=0 euid=0 tty=ssh ruser= rhost=5.188.10.180  user=ftp
Jan  1 11:25:24 LabSZ sshd[5763]: Failed password for root from 58.242.83.25 port 45013 ssh2
Jan  1 11:25:25 LabSZ sshd[5761]: Failed password for ftp from 5.188.10.180 port 42277 ssh2
Jan  1 11:25:27 LabSZ sshd[5761]: Connection closed by 5.188.10.180 [preauth]
Jan  1 11:25:32 LabSZ sshd[5765]: Invalid user guest from 5.188.10.180
Jan  1 11:25:32 LabSZ sshd[5765]: input_userauth_request: invalid user guest [preauth]
Jan  1 11:25:32 LabSZ sshd[5765]: pam_unix(sshd:auth): check pass; user unknown
Jan  1 11:25:32 LabSZ sshd[5765]: pam_unix(sshd:auth): authentication failure; logname= uid=0 euid=0 tty=ssh ruser= rhost=5.188.10.180 
Jan  1 11:25:34 LabSZ sshd[5765]: Failed password for invalid user guest from 5.188.10.180 port 36967 ssh2
Jan  1 11:25:35 LabSZ sshd[5765]: Connection closed by 5.188.10.180 [preauth]
Jan  1 11:25:37 LabSZ sshd[5763]: message repeated 5 times: [ Failed password for root from 58.242.83.25 port 45013 ssh2]
Jan  1 11:25:37 LabSZ sshd[5763]: Disconnecting: Too many authentication failures for root [preauth]
Jan  1 11:25:37 LabSZ sshd[5763]: PAM 5 more authentication failures; logname= uid=0 euid=0 tty=ssh ruser= rhost=58.242.83.25  user=root
Jan  1 11:25:37 LabSZ sshd[5763]: PAM service(sshd) ignoring max retries; 6 > 3
Jan  1 11:25:40 LabSZ sshd[5768]: pam_unix(sshd:auth): authentication failure; logname= uid=0 euid=0 tty=ssh ruser= rhost=58.242.83.25  user=root
Jan  1 11:25:41 LabSZ sshd[5768]: Failed password for root from 58.242.83.25 port 64856 ssh2
Jan  1 11:25:45 LabSZ sshd[5767]: Connection closed by 5.188.10.180 [preauth]
Jan  1 11:25:53 LabSZ sshd[5771]: Invalid user operator from 5.188.10.180
Jan  1 11:25:53 LabSZ sshd[5771]: input_userauth_request: invalid user operator [preauth]
Jan  1 11:25:53 LabSZ sshd[5771]: pam_unix(sshd:auth): check pass; user unknown
Jan  1 11:25:53 LabSZ sshd[5771]: pam_unix(sshd:auth): authentication failure; logname= uid=0 euid=0 tty=ssh ruser= rhost=5.188.10.180 
Jan  1 11:25:54 LabSZ sshd[5768]: message repeated 5 times: [ Failed password for root from 58.242.83.25 port 64856 ssh2]
Jan  1 11:25:54 LabSZ sshd[5768]: Disconnecting: Too many authentication failures for root [preauth]
Jan  1 11:25:54 LabSZ sshd[5768]: PAM 5 more authentication failures; logname= uid=0 euid=0 tty=ssh ruser= rhost=58.242.83.25  user=root
Jan  1 11:25:54 LabSZ sshd[5768]: PAM service(sshd) ignoring max retries; 6 > 3
Jan  1 11:25:55 LabSZ sshd[5773]: pam_unix(sshd:auth): authentication failure; logname= uid=0 euid=0 tty=ssh ruser= rhost=58.242.83.25  user=root
Jan  1 11:25:56 LabSZ sshd[5771]: Failed password for invalid user operator from 5.188.10.180 port 60769 ssh2
Jan  1 11:25:57 LabSZ sshd[5773]: Failed password for root from 58.242.83.25 port 19905 ssh2
Jan  1 11:25:58 LabSZ sshd[5771]: Connection closed by 5.188.10.180 [preauth]
Jan  1 11:26:08 LabSZ sshd[5775]: Invalid user osmc from 5.188.10.180
Jan  1 11:26:08 LabSZ sshd[5775]: input_userauth_request: invalid user osmc [preauth]
Jan  1 11:26:08 LabSZ sshd[5775]: pam_unix(sshd:auth): check pass; user unknown
Jan  1 11:26:08 LabSZ sshd[5775]: pam_unix(sshd:auth): authentication failure; logname= uid=0 euid=0 tty=ssh ruser= rhost=5.188.10.180 
Jan  1 11:26:08 LabSZ sshd[5773]: message repeated 5 times: [ Failed password for root from 58.242.83.25 port 19905 ssh2]
Jan  1 11:26:08 LabSZ sshd[5773]: Disconnecting: Too many authentication failures for root [preauth]
Jan  1 11:26:08 LabSZ sshd[5773]: PAM 5 more authentication failures; logname= uid=0 euid=0 tty=ssh ruser= rhost=58.242.83.25  user=root
Jan  1 11:26:08 LabSZ sshd[5773]: PAM service(sshd) ignoring max retries; 6 > 3
Jan  1 11:26:10 LabSZ sshd[5777]: pam_unix(sshd:auth): authentication failure; logname= uid=0 euid=0 tty=ssh ruser= rhost=58.242.83.25  user=root
Jan  1 11:26:10 LabSZ sshd[5775]: Failed password for invalid user osmc from 5.188.10.180 port 40404 ssh2
Jan  1 11:26:12 LabSZ sshd[5777]: Failed password for root from 58.242.83.25 port 37496 ssh2
Jan  1 11:26:14 LabSZ sshd[5775]: Connection closed by 5.188.10.180 [preauth]
Jan  1 11:26:22 LabSZ sshd[5779]: pam_unix(sshd:auth): authentication failure; logname= uid=0 euid=0 tty=ssh ruser= rhost=5.188.10.180  user=root
Jan  1 11:26:24 LabSZ sshd[5779]: Failed password for root from 5.188.10.180 port 36153 ssh2
Jan  1 11:26:25 LabSZ sshd[5777]: message repeated 5 times: [ Failed password for root from 58.242.83.25 port 37496 ssh2]
Jan  1 11:26:25 LabSZ sshd[5777]: Disconnecting: Too many authentication failures for root [preauth]
Jan  1 11:26:25 LabSZ sshd[5777]: PAM 5 more authentication failures; logname= uid=0 euid=0 tty=ssh ruser= rhost=58.242.83.25  user=root
Jan  1 11:26:25 LabSZ sshd[5777]: PAM service(sshd) ignoring max retries; 6 > 3
Jan  1 11:26:26 LabSZ sshd[5781]: pam_unix(sshd:auth): authentication failure; logname= uid=0 euid=0 tty=ssh ruser= rhost=58.242.83.25  user=root
Jan  1 11:26:28 LabSZ sshd[5781]: Failed password for root from 58.242.83.25 port 56164 ssh2
Jan  1 11:26:28 LabSZ sshd[5779]: Failed password for root from 5.188.10.180 port 36153 ssh2
Jan  1 11:26:29 LabSZ sshd[5779]: Connection closed by 5.188.10.180 [preauth]
Jan  1 11:26:29 LabSZ sshd[5779]: PAM 1 more authentication failure; logname= uid=0 euid=0 tty=ssh ruser= rhost=5.188.10.180  user=root
Jan  1 11:26:33 LabSZ sshd[5783]: Connection closed by 5.188.10.180 [preauth]
Jan  1 11:26:41 LabSZ sshd[5781]: message repeated 5 times: [ Failed password for root from 58.242.83.25 port 56164 ssh2]
Jan  1 11:26:41 LabSZ sshd[5781]: Disconnecting: Too many authentication failures for root [preauth]
Jan  1 11:26:41 LabSZ sshd[5781]: PAM 5 more authentication failures; logname= uid=0 euid=0 tty=ssh ruser= rhost=58.242.83.25  user=root
Jan  1 11:26:41 LabSZ sshd[5781]: PAM service(sshd) ignoring max retries; 6 > 3
Jan  1 11:26:42 LabSZ sshd[5785]: Invalid user support from 5.188.10.180
Jan  1 11:26:42 LabSZ sshd[5785]: input_userauth_request: invalid user support [preauth]
Jan  1 11:26:42 LabSZ sshd[5785]: pam_unix(sshd:auth): check pass; user unknown
