Jan  2 06:01:20 LabSZ sshd[25995]: input_userauth_request: invalid user admin [preauth]
Jan  2 06:01:20 LabSZ sshd[25995]: pam_unix(sshd:auth): check pass; user unknown
Jan  2 06:01:20 LabSZ sshd[25995]: pam_unix(sshd:auth): authentication failure; logname= uid=0 euid=0 tty=ssh ruser= rhost=119.1.109.20 
Jan  2 06:01:22 LabSZ sshd[25995]: Failed password for invalid user admin from 119.1.109.20 port 1464 ssh2
Jan  2 06:01:22 LabSZ sshd[25995]: pam_unix(sshd:auth): check pass; user unknown
Jan  2 06:01:24 LabSZ sshd[25995]: Failed password for invalid user admin from 119.1.109.20 port 1464 ssh2
Jan  2 06:01:24 LabSZ sshd[25995]: pam_unix(sshd:auth): check pass; user unknown
Jan  2 06:01:26 LabSZ sshd[25995]: Failed password for invalid user admin from 119.1.109.20 port 1464 ssh2
Jan  2 06:01:26 LabSZ sshd[25995]: pam_unix(sshd:auth): check pass; user unknown
Jan  2 06:01:27 LabSZ sshd[25989]: message repeated 5 times: [ Failed password for root from 58.242.83.25 port 29957 ssh2]
Jan  2 06:01:27 LabSZ sshd[25989]: Disconnecting: Too many authentication failures for root [preauth]
Jan  2 06:01:27 LabSZ sshd[25989]: PAM 5 more authentication failures; logname= uid=0 euid=0 tty=ssh ruser= rhost=58.242.83.25  user=root
Jan  2 06:01:27 LabSZ sshd[25989]: PAM service(sshd) ignoring max retries; 6 > 3
Jan  2 06:01:28 LabSZ sshd[25990]: message repeated 5 times: [ Failed password for root from 218.65.30.30 port 29500 ssh2]
Jan  2 06:01:28 LabSZ sshd[25990]: Disconnecting: Too many authentication failures for root [preauth]
Jan  2 06:01:28 LabSZ sshd[25990]: PAM 5 more authentication failures; logname= uid=0 euid=0 tty=ssh ruser= rhost=218.65.30.30  user=root
Jan  2 06:01:28 LabSZ sshd[25990]: PAM service(sshd) ignoring max retries; 6 > 3
Jan  2 06:01:28 LabSZ sshd[25995]: Failed password for invalid user admin from 119.1.109.20 port 1464 ssh2
Jan  2 06:01:28 LabSZ sshd[25995]: pam_unix(sshd:auth): check pass; user unknown
Jan  2 06:01:29 LabSZ sshd[25997]: pam_unix(sshd:auth): authentication failure; logname= uid=0 euid=0 tty=ssh ruser= rhost=58.242.83.25  user=root
Jan  2 06:01:29 LabSZ sshd[25999]: reverse mapping checking getaddrinfo for 30.30.65.218.broad.xy.jx.dynamic.163data.com.cn [218.65.30.30] failed - POSSIBLE BREAK-IN ATTEMPT!
Jan  2 06:01:29 LabSZ sshd[25999]: pam_unix(sshd:auth): authentication failure; logname= uid=0 euid=0 tty=ssh ruser= rhost=218.65.30.30  user=root
Jan  2 06:01:30 LabSZ sshd[25995]: Failed password for invalid user admin from 119.1.109.20 port 1464 ssh2
Jan  2 06:01:30 LabSZ sshd[25995]: fatal: Read from socket failed: Connection reset by peer [preauth]
Jan  2 06:01:30 LabSZ sshd[25995]: PAM 4 more authentication failures; logname= uid=0 euid=0 tty=ssh ruser= rhost=119.1.109.20 
Jan  2 06:01:30 LabSZ sshd[25995]: PAM service(sshd) ignoring max retries; 5 > 3
Jan  2 06:01:31 LabSZ sshd[26001]: Invalid user admin from 119.1.109.20
Jan  2 06:01:31 LabSZ sshd[26001]: input_userauth_request: invalid user admin [preauth]
Jan  2 06:01:31 LabSZ sshd[26001]: pam_unix(sshd:auth): check pass; user unknown
Jan  2 06:01:31 LabSZ sshd[26001]: pam_unix(sshd:auth): authentication failure; logname= uid=0 euid=0 tty=ssh ruser= rhost=119.1.109.20 
Jan  2 06:01:31 LabSZ sshd[25997]: Failed password for root from 58.242.83.25 port 51897 ssh2
Jan  2 06:01:32 LabSZ sshd[25999]: Failed password for root from 218.65.30.30 port 4368 ssh2
Jan  2 06:01:33 LabSZ sshd[26001]: Failed password for invalid user admin from 119.1.109.20 port 2502 ssh2
Jan  2 06:01:33 LabSZ sshd[26001]: pam_unix(sshd:auth): check pass; user unknown
Jan  2 06:01:33 LabSZ sshd[25993]: message repeated 5 times: [ Failed password for root from 182.100.67.120 port 22820 ssh2]
Jan  2 06:01:33 LabSZ sshd[25993]: Disconnecting: Too many authentication failures for root [preauth]
Jan  2 06:01:33 LabSZ sshd[25993]: PAM 5 more authentication failures; logname= uid=0 euid=0 tty=ssh ruser= rhost=182.100.67.120  user=root
Jan  2 06:01:33 LabSZ sshd[25993]: PAM service(sshd) ignoring max retries; 6 > 3
Jan  2 06:01:35 LabSZ sshd[26001]: Failed password for invalid user admin from 119.1.109.20 port 2502 ssh2
Jan  2 06:01:35 LabSZ sshd[26001]: pam_unix(sshd:auth): check pass; user unknown
Jan  2 06:01:36 LabSZ sshd[26003]: pam_unix(sshd:auth): authentication failure; logname= uid=0 euid=0 tty=ssh ruser= rhost=182.100.67.120  user=root
Jan  2 06:01:37 LabSZ sshd[26001]: Failed password for invalid user admin from 119.1.109.20 port 2502 ssh2
Jan  2 06:01:37 LabSZ sshd[26001]: pam_unix(sshd:auth): check pass; user unknown
Jan  2 06:01:39 LabSZ sshd[26003]: Failed password for root from 182.100.67.120 port 61120 ssh2
Jan  2 06:01:40 LabSZ sshd[26001]: Failed password for invalid user admin from 119.1.109.20 port 2502 ssh2
Jan  2 06:01:40 LabSZ sshd[26001]: pam_unix(sshd:auth): check pass; user unknown
Jan  2 06:01:42 LabSZ sshd[26001]: Failed password for invalid user admin from 119.1.109.20 port 2502 ssh2
Jan  2 06:01:42 LabSZ sshd[26001]: fatal: Read from socket failed: Connection reset by peer [preauth]
Jan  2 06:01:42 LabSZ sshd[26001]: PAM 4 more authentication failures; logname= uid=0 euid=0 tty=ssh ruser= rhost=119.1.109.20 
Jan  2 06:01:42 LabSZ sshd[26001]: PAM service(sshd) ignoring max retries; 5 > 3
Jan  2 06:01:42 LabSZ sshd[26007]: Invalid user admin from 119.1.109.20
Jan  2 06:01:42 LabSZ sshd[26007]: input_userauth_request: invalid user admin [preauth]
Jan  2 06:01:42 LabSZ sshd[26007]: pam_unix(sshd:auth): check pass; user unknown
Jan  2 06:01:42 LabSZ sshd[26007]: pam_unix(sshd:auth): authentication failure; logname= uid=0 euid=0 tty=ssh ruser= rhost=119.1.109.20 
Jan  2 06:01:44 LabSZ sshd[26007]: Failed password for invalid user admin from 119.1.109.20 port 3809 ssh2
Jan  2 06:01:44 LabSZ sshd[26007]: pam_unix(sshd:auth): check pass; user unknown
Jan  2 06:01:44 LabSZ sshd[25997]: message repeated 5 times: [ Failed password for root from 58.242.83.25 port 51897 ssh2]
Jan  2 06:01:44 LabSZ sshd[25997]: Disconnecting: Too many authentication failures for root [preauth]
Jan  2 06:01:44 LabSZ sshd[25997]: PAM 5 more authentication failures; logname= uid=0 euid=0 tty=ssh ruser= rhost=58.242.83.25  user=root
Jan  2 06:01:44 LabSZ sshd[25997]: PAM service(sshd) ignoring max retries; 6 > 3
Jan  2 06:01:45 LabSZ sshd[25999]: message repeated 5 times: [ Failed password for root from 218.65.30.30 port 4368 ssh2]
Jan  2 06:01:45 LabSZ sshd[25999]: Disconnecting: Too many authentication failures for root [preauth]
Jan  2 06:01:45 LabSZ sshd[25999]: PAM 5 more authentication failures; logname= uid=0 euid=0 tty=ssh ruser= rhost=218.65.30.30  user=root
Jan  2 06:01:45 LabSZ sshd[25999]: PAM service(sshd) ignoring max retries; 6 > 3
Jan  2 06:01:46 LabSZ sshd[26009]: pam_unix(sshd:auth): authentication failure; logname= uid=0 euid=0 tty=ssh ruser= rhost=58.242.83.25  user=root
Jan  2 06:01:46 LabSZ sshd[26007]: Failed password for invalid user admin from 119.1.109.20 port 3809 ssh2
Jan  2 06:01:46 LabSZ sshd[26007]: pam_unix(sshd:auth): check pass; user unknown
Jan  2 06:01:46 LabSZ sshd[26011]: reverse mapping checking getaddrinfo for 30.30.65.218.broad.xy.jx.dynamic.163data.com.cn [218.65.30.30] failed - POSSIBLE BREAK-IN ATTEMPT!
Jan  2 06:01:47 LabSZ sshd[26011]: pam_unix(sshd:auth): authentication failure; logname= uid=0 euid=0 tty=ssh ruser= rhost=218.65.30.30  user=root
Jan  2 06:01:48 LabSZ sshd[26009]: Failed password for root from 58.242.83.25 port 8780 ssh2
Jan  2 06:01:48 LabSZ sshd[26005]: Invalid user user from 43.227.135.250
Jan  2 06:01:48 LabSZ sshd[26005]: input_userauth_request: invalid user user [preauth]
Jan  2 06:01:48 LabSZ sshd[26005]: pam_unix(sshd:auth): check pass; user unknown
Jan  2 06:01:48 LabSZ sshd[26005]: pam_unix(sshd:auth): authentication failure; logname= uid=0 euid=0 tty=ssh ruser= rhost=43.227.135.250 
Jan  2 06:01:49 LabSZ sshd[26007]: Failed password for invalid user admin from 119.1.109.20 port 3809 ssh2
Jan  2 06:01:49 LabSZ sshd[26007]: pam_unix(sshd:auth): check pass; user unknown
Jan  2 06:01:49 LabSZ sshd[26011]: Failed password for root from 218.65.30.30 port 43808 ssh2
Jan  2 06:01:51 LabSZ sshd[26007]: Failed password for invalid user admin from 119.1.109.20 port 3809 ssh2
Jan  2 06:01:51 LabSZ sshd[26005]: Failed password for invalid user user from 43.227.135.250 port 34167 ssh2
Jan  2 06:01:51 LabSZ sshd[26007]: pam_unix(sshd:auth): check pass; user unknown
Jan  2 06:01:51 LabSZ sshd[26005]: Received disconnect from 43.227.135.250: 11: Bye Bye [preauth]
Jan  2 06:01:53 LabSZ sshd[26007]: Failed password for invalid user admin from 119.1.109.20 port 3809 ssh2
Jan  2 06:01:53 LabSZ sshd[26007]: fatal: Read from socket failed: Connection reset by peer [preauth]
Jan  2 06:01:53 LabSZ sshd[26007]: PAM 4 more authentication failures; logname= uid=0 euid=0 tty=ssh ruser= rhost=119.1.109.20 
Jan  2 06:01:53 LabSZ sshd[26007]: PAM service(sshd) ignoring max retries; 5 > 3
Jan  2 06:01:53 LabSZ sshd[26013]: Invalid user admin from 119.1.109.20
Jan  2 06:01:53 LabSZ sshd[26013]: input_userauth_request: invalid user admin [preauth]
Jan  2 06:01:53 LabSZ sshd[26013]: pam_unix(sshd:auth): check pass; user unknown
Jan  2 06:01:53 LabSZ sshd[26013]: pam_unix(sshd:auth): authentication failure; logname= uid=0 euid=0 tty=ssh ruser= rhost=119.1.109.20 
Jan  2 06:01:54 LabSZ sshd[26003]: message repeated 5 times: [ Failed password for root from 182.100.67.120 port 61120 ssh2]
Jan  2 06:01:54 LabSZ sshd[26003]: Disconnecting: Too many authentication failures for root [preauth]
Jan  2 06:01:54 LabSZ sshd[26003]: PAM 5 more authentication failures; logname= uid=0 euid=0 tty=ssh ruser= rhost=182.100.67.120  user=root
Jan  2 06:01:54 LabSZ sshd[26003]: PAM service(sshd) ignoring max retries; 6 > 3
Jan  2 06:01:55 LabSZ sshd[26013]: Failed password for invalid user admin from 119.1.109.20 port 1338 ssh2
Jan  2 06:01:55 LabSZ sshd[26013]: pam_unix(sshd:auth): check pass; user unknown
Jan  2 06:01:56 LabSZ sshd[26015]: pam_unix(sshd:auth): authentication failure; logname= uid=0 euid=0 tty=ssh ruser= rhost=182.100.67.120  user=root
Jan  2 06:01:57 LabSZ sshd[26013]: Failed password for invalid user admin from 119.1.109.20 port 1338 ssh2
Jan  2 06:01:57 LabSZ sshd[26013]: pam_unix(sshd:auth): check pass; user unknown
Jan  2 06:01:58 LabSZ sshd[26015]: Failed password for root from 182.100.67.120 port 43308 ssh2
Jan  2 06:02:00 LabSZ sshd[26013]: Failed password for invalid user admin from 119.1.109.20 port 1338 ssh2
