Jan  4 18:22:41 LabSZ sshd[4838]: Failed password for invalid user api from 185.222.209.151 port 35700 ssh2
Jan  4 18:22:41 LabSZ sshd[4846]: message repeated 5 times: [ Failed password for root from 59.63.188.30 port 46425 ssh2]
Jan  4 18:22:41 LabSZ sshd[4846]: Disconnecting: Too many authentication failures for root [preauth]
Jan  4 18:22:41 LabSZ sshd[4846]: PAM 5 more authentication failures; logname= uid=0 euid=0 tty=ssh ruser= rhost=59.63.188.30  user=root
Jan  4 18:22:41 LabSZ sshd[4846]: PAM service(sshd) ignoring max retries; 6 > 3
Jan  4 18:22:42 LabSZ sshd[4838]: Connection closed by 185.222.209.151 [preauth]
Jan  4 18:22:43 LabSZ sshd[4850]: pam_unix(sshd:auth): authentication failure; logname= uid=0 euid=0 tty=ssh ruser= rhost=59.63.188.30  user=root
Jan  4 18:22:43 LabSZ sshd[4848]: Failed password for root from 59.63.188.30 port 62767 ssh2
Jan  4 18:22:45 LabSZ sshd[4850]: Failed password for root from 59.63.188.30 port 64644 ssh2
Jan  4 18:22:57 LabSZ sshd[4848]: message repeated 5 times: [ Failed password for root from 59.63.188.30 port 62767 ssh2]
Jan  4 18:22:57 LabSZ sshd[4848]: Disconnecting: Too many authentication failures for root [preauth]
Jan  4 18:22:57 LabSZ sshd[4848]: PAM 5 more authentication failures; logname= uid=0 euid=0 tty=ssh ruser= rhost=59.63.188.30  user=root
Jan  4 18:22:57 LabSZ sshd[4848]: PAM service(sshd) ignoring max retries; 6 > 3
Jan  4 18:22:58 LabSZ sshd[4853]: pam_unix(sshd:auth): authentication failure; logname= uid=0 euid=0 tty=ssh ruser= rhost=59.63.188.30  user=root
Jan  4 18:22:58 LabSZ sshd[4850]: message repeated 5 times: [ Failed password for root from 59.63.188.30 port 64644 ssh2]
Jan  4 18:22:58 LabSZ sshd[4850]: Disconnecting: Too many authentication failures for root [preauth]
Jan  4 18:22:58 LabSZ sshd[4850]: PAM 5 more authentication failures; logname= uid=0 euid=0 tty=ssh ruser= rhost=59.63.188.30  user=root
Jan  4 18:22:58 LabSZ sshd[4850]: PAM service(sshd) ignoring max retries; 6 > 3
Jan  4 18:23:00 LabSZ sshd[4853]: Failed password for root from 59.63.188.30 port 17860 ssh2
Jan  4 18:23:05 LabSZ sshd[4856]: pam_unix(sshd:auth): authentication failure; logname= uid=0 euid=0 tty=ssh ruser= rhost=59.63.188.30  user=root
Jan  4 18:23:07 LabSZ sshd[4856]: Failed password for root from 59.63.188.30 port 19738 ssh2
Jan  4 18:23:11 LabSZ sshd[4852]: pam_unix(sshd:auth): authentication failure; logname= uid=0 euid=0 tty=ssh ruser= rhost=185.222.209.151  user=ftp
Jan  4 18:23:13 LabSZ sshd[4852]: Failed password for ftp from 185.222.209.151 port 45321 ssh2
Jan  4 18:23:13 LabSZ sshd[4853]: message repeated 5 times: [ Failed password for root from 59.63.188.30 port 17860 ssh2]
Jan  4 18:23:13 LabSZ sshd[4853]: Disconnecting: Too many authentication failures for root [preauth]
Jan  4 18:23:13 LabSZ sshd[4853]: PAM 5 more authentication failures; logname= uid=0 euid=0 tty=ssh ruser= rhost=59.63.188.30  user=root
Jan  4 18:23:13 LabSZ sshd[4853]: PAM service(sshd) ignoring max retries; 6 > 3
Jan  4 18:23:15 LabSZ sshd[4858]: pam_unix(sshd:auth): authentication failure; logname= uid=0 euid=0 tty=ssh ruser= rhost=59.63.188.30  user=root
Jan  4 18:23:16 LabSZ sshd[4858]: Failed password for root from 59.63.188.30 port 37401 ssh2
Jan  4 18:23:19 LabSZ sshd[4856]: message repeated 5 times: [ Failed password for root from 59.63.188.30 port 19738 ssh2]
Jan  4 18:23:19 LabSZ sshd[4856]: Disconnecting: Too many authentication failures for root [preauth]
Jan  4 18:23:19 LabSZ sshd[4856]: PAM 5 more authentication failures; logname= uid=0 euid=0 tty=ssh ruser= rhost=59.63.188.30  user=root
Jan  4 18:23:19 LabSZ sshd[4856]: PAM service(sshd) ignoring max retries; 6 > 3
Jan  4 18:23:20 LabSZ sshd[4852]: Connection closed by 185.222.209.151 [preauth]
Jan  4 18:23:20 LabSZ sshd[4861]: pam_unix(sshd:auth): authentication failure; logname= uid=0 euid=0 tty=ssh ruser= rhost=59.63.188.30  user=root
Jan  4 18:23:23 LabSZ sshd[4861]: Failed password for root from 59.63.188.30 port 44029 ssh2
Jan  4 18:23:28 LabSZ sshd[4858]: message repeated 5 times: [ Failed password for root from 59.63.188.30 port 37401 ssh2]
Jan  4 18:23:28 LabSZ sshd[4858]: Disconnecting: Too many authentication failures for root [preauth]
Jan  4 18:23:28 LabSZ sshd[4858]: PAM 5 more authentication failures; logname= uid=0 euid=0 tty=ssh ruser= rhost=59.63.188.30  user=root
Jan  4 18:23:28 LabSZ sshd[4858]: PAM service(sshd) ignoring max retries; 6 > 3
Jan  4 18:23:29 LabSZ sshd[4864]: pam_unix(sshd:auth): authentication failure; logname= uid=0 euid=0 tty=ssh ruser= rhost=59.63.188.30  user=root
Jan  4 18:23:31 LabSZ sshd[4864]: Failed password for root from 59.63.188.30 port 54505 ssh2
Jan  4 18:23:36 LabSZ sshd[4861]: message repeated 5 times: [ Failed password for root from 59.63.188.30 port 44029 ssh2]
Jan  4 18:23:36 LabSZ sshd[4861]: Disconnecting: Too many authentication failures for root [preauth]
Jan  4 18:23:36 LabSZ sshd[4861]: PAM 5 more authentication failures; logname= uid=0 euid=0 tty=ssh ruser= rhost=59.63.188.30  user=root
Jan  4 18:23:36 LabSZ sshd[4861]: PAM service(sshd) ignoring max retries; 6 > 3
Jan  4 18:23:37 LabSZ sshd[4866]: pam_unix(sshd:auth): authentication failure; logname= uid=0 euid=0 tty=ssh ruser= rhost=59.63.188.30  user=root
Jan  4 18:23:39 LabSZ sshd[4866]: Failed password for root from 59.63.188.30 port 63215 ssh2
Jan  4 18:23:44 LabSZ sshd[4864]: message repeated 5 times: [ Failed password for root from 59.63.188.30 port 54505 ssh2]
Jan  4 18:23:44 LabSZ sshd[4864]: Disconnecting: Too many authentication failures for root [preauth]
Jan  4 18:23:44 LabSZ sshd[4864]: PAM 5 more authentication failures; logname= uid=0 euid=0 tty=ssh ruser= rhost=59.63.188.30  user=root
Jan  4 18:23:44 LabSZ sshd[4864]: PAM service(sshd) ignoring max retries; 6 > 3
Jan  4 18:23:45 LabSZ sshd[4868]: pam_unix(sshd:auth): authentication failure; logname= uid=0 euid=0 tty=ssh ruser= rhost=59.63.188.30  user=root
Jan  4 18:23:48 LabSZ sshd[4868]: Failed password for root from 59.63.188.30 port 8182 ssh2
Jan  4 18:23:52 LabSZ sshd[4866]: message repeated 5 times: [ Failed password for root from 59.63.188.30 port 63215 ssh2]
Jan  4 18:23:52 LabSZ sshd[4866]: Disconnecting: Too many authentication failures for root [preauth]
Jan  4 18:23:52 LabSZ sshd[4866]: PAM 5 more authentication failures; logname= uid=0 euid=0 tty=ssh ruser= rhost=59.63.188.30  user=root
Jan  4 18:23:52 LabSZ sshd[4866]: PAM service(sshd) ignoring max retries; 6 > 3
Jan  4 18:23:53 LabSZ sshd[4860]: Invalid user monitor from 185.222.209.151
Jan  4 18:23:53 LabSZ sshd[4860]: input_userauth_request: invalid user monitor [preauth]
Jan  4 18:23:53 LabSZ sshd[4860]: pam_unix(sshd:auth): check pass; user unknown
Jan  4 18:23:53 LabSZ sshd[4860]: pam_unix(sshd:auth): authentication failure; logname= uid=0 euid=0 tty=ssh ruser= rhost=185.222.209.151 
Jan  4 18:23:53 LabSZ sshd[4870]: pam_unix(sshd:auth): authentication failure; logname= uid=0 euid=0 tty=ssh ruser= rhost=59.63.188.30  user=root
Jan  4 18:23:55 LabSZ sshd[4860]: Failed password for invalid user monitor from 185.222.209.151 port 54583 ssh2
Jan  4 18:23:56 LabSZ sshd[4870]: Failed password for root from 59.63.188.30 port 17246 ssh2
Jan  4 18:24:00 LabSZ sshd[4868]: message repeated 5 times: [ Failed password for root from 59.63.188.30 port 8182 ssh2]
Jan  4 18:24:00 LabSZ sshd[4868]: Disconnecting: Too many authentication failures for root [preauth]
Jan  4 18:24:00 LabSZ sshd[4868]: PAM 5 more authentication failures; logname= uid=0 euid=0 tty=ssh ruser= rhost=59.63.188.30  user=root
Jan  4 18:24:00 LabSZ sshd[4868]: PAM service(sshd) ignoring max retries; 6 > 3
Jan  4 18:24:01 LabSZ sshd[4872]: pam_unix(sshd:auth): authentication failure; logname= uid=0 euid=0 tty=ssh ruser= rhost=59.63.188.30  user=root
Jan  4 18:24:03 LabSZ sshd[4872]: Failed password for root from 59.63.188.30 port 27269 ssh2
Jan  4 18:24:09 LabSZ sshd[4870]: message repeated 5 times: [ Failed password for root from 59.63.188.30 port 17246 ssh2]
Jan  4 18:24:09 LabSZ sshd[4870]: Disconnecting: Too many authentication failures for root [preauth]
Jan  4 18:24:09 LabSZ sshd[4870]: PAM 5 more authentication failures; logname= uid=0 euid=0 tty=ssh ruser= rhost=59.63.188.30  user=root
Jan  4 18:24:09 LabSZ sshd[4870]: PAM service(sshd) ignoring max retries; 6 > 3
Jan  4 18:24:09 LabSZ sshd[4860]: Connection closed by 185.222.209.151 [preauth]
Jan  4 18:24:10 LabSZ sshd[4875]: pam_unix(sshd:auth): authentication failure; logname= uid=0 euid=0 tty=ssh ruser= rhost=59.63.188.30  user=root
Jan  4 18:24:12 LabSZ sshd[4875]: Failed password for root from 59.63.188.30 port 36240 ssh2
Jan  4 18:24:17 LabSZ sshd[4872]: message repeated 5 times: [ Failed password for root from 59.63.188.30 port 27269 ssh2]
Jan  4 18:24:17 LabSZ sshd[4872]: Disconnecting: Too many authentication failures for root [preauth]
Jan  4 18:24:17 LabSZ sshd[4872]: PAM 5 more authentication failures; logname= uid=0 euid=0 tty=ssh ruser= rhost=59.63.188.30  user=root
Jan  4 18:24:17 LabSZ sshd[4872]: PAM service(sshd) ignoring max retries; 6 > 3
Jan  4 18:24:18 LabSZ sshd[4877]: pam_unix(sshd:auth): authentication failure; logname= uid=0 euid=0 tty=ssh ruser= rhost=59.63.188.30  user=root
Jan  4 18:24:20 LabSZ sshd[4877]: Failed password for root from 59.63.188.30 port 46497 ssh2
Jan  4 18:24:25 LabSZ sshd[4875]: message repeated 5 times: [ Failed password for root from 59.63.188.30 port 36240 ssh2]
Jan  4 18:24:25 LabSZ sshd[4875]: Disconnecting: Too many authentication failures for root [preauth]
Jan  4 18:24:25 LabSZ sshd[4875]: PAM 5 more authentication failures; logname= uid=0 euid=0 tty=ssh ruser= rhost=59.63.188.30  user=root
Jan  4 18:24:25 LabSZ sshd[4875]: PAM service(sshd) ignoring max retries; 6 > 3
Jan  4 18:24:26 LabSZ sshd[4879]: pam_unix(sshd:auth): authentication failure; logname= uid=0 euid=0 tty=ssh ruser= rhost=59.63.188.30  user=root
Jan  4 18:24:29 LabSZ sshd[4879]: Failed password for root from 59.63.188.30 port 54801 ssh2
Jan  4 18:24:32 LabSZ sshd[4874]: Did not receive identification string from 185.222.209.151
Jan  4 18:24:34 LabSZ sshd[4877]: message repeated 5 times: [ Failed password for root from 59.63.188.30 port 46497 ssh2]
Jan  4 18:24:34 LabSZ sshd[4877]: Disconnecting: Too many authentication failures for root [preauth]
Jan  4 18:24:34 LabSZ sshd[4877]: PAM 5 more authentication failures; logname= uid=0 euid=0 tty=ssh ruser= rhost=59.63.188.30  user=root
Jan  4 18:24:34 LabSZ sshd[4877]: PAM service(sshd) ignoring max retries; 6 > 3
Jan  4 18:24:35 LabSZ sshd[4881]: pam_unix(sshd:auth): authentication failure; logname= uid=0 euid=0 tty=ssh ruser= rhost=59.63.188.30  user=root
Jan  4 18:24:37 LabSZ sshd[4881]: Failed password for root from 59.63.188.30 port 1561 ssh2
Jan  4 18:24:41 LabSZ sshd[4879]: message repeated 5 times: [ Failed password for root from 59.63.188.30 port 54801 ssh2]
Jan  4 18:24:41 LabSZ sshd[4879]: Disconnecting: Too many authentication failures for root [preauth]
Jan  4 18:24:41 LabSZ sshd[4879]: PAM 5 more authentication failures; logname= uid=0 euid=0 tty=ssh ruser= rhost=59.63.188.30  user=root
