Jan  4 13:58:42 LabSZ sshd[32412]: Failed password for root from 59.63.188.30 port 18933 ssh2
Jan  4 13:58:43 LabSZ sshd[32414]: pam_unix(sshd:auth): authentication failure; logname= uid=0 euid=0 tty=ssh ruser= rhost=5.188.10.180  user=ftp
Jan  4 13:58:43 LabSZ sshd[32406]: message repeated 5 times: [ Failed password for root from 59.63.188.30 port 5764 ssh2]
Jan  4 13:58:43 LabSZ sshd[32406]: Disconnecting: Too many authentication failures for root [preauth]
Jan  4 13:58:43 LabSZ sshd[32406]: PAM 5 more authentication failures; logname= uid=0 euid=0 tty=ssh ruser= rhost=59.63.188.30  user=root
Jan  4 13:58:43 LabSZ sshd[32406]: PAM service(sshd) ignoring max retries; 6 > 3
Jan  4 13:58:44 LabSZ sshd[32416]: pam_unix(sshd:auth): authentication failure; logname= uid=0 euid=0 tty=ssh ruser= rhost=59.63.188.30  user=root
Jan  4 13:58:44 LabSZ sshd[32414]: Failed password for ftp from 5.188.10.180 port 51642 ssh2
Jan  4 13:58:44 LabSZ sshd[32414]: Connection closed by 5.188.10.180 [preauth]
Jan  4 13:58:46 LabSZ sshd[32416]: Failed password for root from 59.63.188.30 port 24230 ssh2
Jan  4 13:58:47 LabSZ sshd[32418]: Invalid user guest from 5.188.10.180
Jan  4 13:58:47 LabSZ sshd[32418]: input_userauth_request: invalid user guest [preauth]
Jan  4 13:58:47 LabSZ sshd[32418]: pam_unix(sshd:auth): check pass; user unknown
Jan  4 13:58:47 LabSZ sshd[32418]: pam_unix(sshd:auth): authentication failure; logname= uid=0 euid=0 tty=ssh ruser= rhost=5.188.10.180 
Jan  4 13:58:49 LabSZ sshd[32418]: Failed password for invalid user guest from 5.188.10.180 port 52660 ssh2
Jan  4 13:58:49 LabSZ sshd[32418]: Connection closed by 5.188.10.180 [preauth]
Jan  4 13:58:51 LabSZ sshd[32420]: Connection closed by 5.188.10.180 [preauth]
Jan  4 13:58:53 LabSZ sshd[32412]: message repeated 5 times: [ Failed password for root from 59.63.188.30 port 18933 ssh2]
Jan  4 13:58:53 LabSZ sshd[32412]: Disconnecting: Too many authentication failures for root [preauth]
Jan  4 13:58:53 LabSZ sshd[32412]: PAM 5 more authentication failures; logname= uid=0 euid=0 tty=ssh ruser= rhost=59.63.188.30  user=root
Jan  4 13:58:53 LabSZ sshd[32412]: PAM service(sshd) ignoring max retries; 6 > 3
Jan  4 13:58:54 LabSZ sshd[32422]: Invalid user operator from 5.188.10.180
Jan  4 13:58:54 LabSZ sshd[32422]: input_userauth_request: invalid user operator [preauth]
Jan  4 13:58:54 LabSZ sshd[32422]: pam_unix(sshd:auth): check pass; user unknown
Jan  4 13:58:54 LabSZ sshd[32422]: pam_unix(sshd:auth): authentication failure; logname= uid=0 euid=0 tty=ssh ruser= rhost=5.188.10.180 
Jan  4 13:58:54 LabSZ sshd[32424]: pam_unix(sshd:auth): authentication failure; logname= uid=0 euid=0 tty=ssh ruser= rhost=59.63.188.30  user=root
Jan  4 13:58:56 LabSZ sshd[32422]: Failed password for invalid user operator from 5.188.10.180 port 44218 ssh2
Jan  4 13:58:56 LabSZ sshd[32422]: Connection closed by 5.188.10.180 [preauth]
Jan  4 13:58:56 LabSZ sshd[32424]: Failed password for root from 59.63.188.30 port 36216 ssh2
Jan  4 13:58:58 LabSZ sshd[32426]: Invalid user osmc from 5.188.10.180
Jan  4 13:58:58 LabSZ sshd[32426]: input_userauth_request: invalid user osmc [preauth]
Jan  4 13:58:58 LabSZ sshd[32426]: pam_unix(sshd:auth): check pass; user unknown
Jan  4 13:58:58 LabSZ sshd[32426]: pam_unix(sshd:auth): authentication failure; logname= uid=0 euid=0 tty=ssh ruser= rhost=5.188.10.180 
Jan  4 13:58:59 LabSZ sshd[32416]: message repeated 5 times: [ Failed password for root from 59.63.188.30 port 24230 ssh2]
Jan  4 13:58:59 LabSZ sshd[32416]: Disconnecting: Too many authentication failures for root [preauth]
Jan  4 13:58:59 LabSZ sshd[32416]: PAM 5 more authentication failures; logname= uid=0 euid=0 tty=ssh ruser= rhost=59.63.188.30  user=root
Jan  4 13:58:59 LabSZ sshd[32416]: PAM service(sshd) ignoring max retries; 6 > 3
Jan  4 13:59:00 LabSZ sshd[32428]: pam_unix(sshd:auth): authentication failure; logname= uid=0 euid=0 tty=ssh ruser= rhost=59.63.188.30  user=root
Jan  4 13:59:00 LabSZ sshd[32426]: Failed password for invalid user osmc from 5.188.10.180 port 46759 ssh2
Jan  4 13:59:00 LabSZ sshd[32426]: Connection closed by 5.188.10.180 [preauth]
Jan  4 13:59:02 LabSZ sshd[32428]: Failed password for root from 59.63.188.30 port 43206 ssh2
Jan  4 13:59:03 LabSZ sshd[32430]: pam_unix(sshd:auth): authentication failure; logname= uid=0 euid=0 tty=ssh ruser= rhost=5.188.10.180  user=root
Jan  4 13:59:05 LabSZ sshd[32430]: Failed password for root from 5.188.10.180 port 51364 ssh2
Jan  4 13:59:07 LabSZ sshd[32430]: Failed password for root from 5.188.10.180 port 51364 ssh2
Jan  4 13:59:08 LabSZ sshd[32430]: Connection closed by 5.188.10.180 [preauth]
Jan  4 13:59:08 LabSZ sshd[32430]: PAM 1 more authentication failure; logname= uid=0 euid=0 tty=ssh ruser= rhost=5.188.10.180  user=root
Jan  4 13:59:08 LabSZ sshd[32424]: message repeated 5 times: [ Failed password for root from 59.63.188.30 port 36216 ssh2]
Jan  4 13:59:08 LabSZ sshd[32424]: Disconnecting: Too many authentication failures for root [preauth]
Jan  4 13:59:08 LabSZ sshd[32424]: PAM 5 more authentication failures; logname= uid=0 euid=0 tty=ssh ruser= rhost=59.63.188.30  user=root
Jan  4 13:59:08 LabSZ sshd[32424]: PAM service(sshd) ignoring max retries; 6 > 3
Jan  4 13:59:09 LabSZ sshd[32433]: pam_unix(sshd:auth): authentication failure; logname= uid=0 euid=0 tty=ssh ruser= rhost=59.63.188.30  user=root
Jan  4 13:59:11 LabSZ sshd[32433]: Failed password for root from 59.63.188.30 port 54329 ssh2
Jan  4 13:59:11 LabSZ sshd[32432]: Connection closed by 5.188.10.180 [preauth]
Jan  4 13:59:15 LabSZ sshd[32428]: message repeated 5 times: [ Failed password for root from 59.63.188.30 port 43206 ssh2]
Jan  4 13:59:15 LabSZ sshd[32428]: Disconnecting: Too many authentication failures for root [preauth]
Jan  4 13:59:15 LabSZ sshd[32428]: PAM 5 more authentication failures; logname= uid=0 euid=0 tty=ssh ruser= rhost=59.63.188.30  user=root
Jan  4 13:59:15 LabSZ sshd[32428]: PAM service(sshd) ignoring max retries; 6 > 3
Jan  4 13:59:16 LabSZ sshd[32438]: pam_unix(sshd:auth): authentication failure; logname= uid=0 euid=0 tty=ssh ruser= rhost=59.63.188.30  user=root
Jan  4 13:59:18 LabSZ sshd[32438]: Failed password for root from 59.63.188.30 port 61573 ssh2
Jan  4 13:59:22 LabSZ sshd[32436]: Invalid user support from 5.188.10.180
Jan  4 13:59:22 LabSZ sshd[32436]: input_userauth_request: invalid user support [preauth]
Jan  4 13:59:22 LabSZ sshd[32436]: pam_unix(sshd:auth): check pass; user unknown
Jan  4 13:59:22 LabSZ sshd[32436]: pam_unix(sshd:auth): authentication failure; logname= uid=0 euid=0 tty=ssh ruser= rhost=5.188.10.180 
Jan  4 13:59:23 LabSZ sshd[32433]: message repeated 5 times: [ Failed password for root from 59.63.188.30 port 54329 ssh2]
Jan  4 13:59:23 LabSZ sshd[32433]: Disconnecting: Too many authentication failures for root [preauth]
Jan  4 13:59:23 LabSZ sshd[32433]: PAM 5 more authentication failures; logname= uid=0 euid=0 tty=ssh ruser= rhost=59.63.188.30  user=root
Jan  4 13:59:23 LabSZ sshd[32433]: PAM service(sshd) ignoring max retries; 6 > 3
Jan  4 13:59:24 LabSZ sshd[32440]: pam_unix(sshd:auth): authentication failure; logname= uid=0 euid=0 tty=ssh ruser= rhost=59.63.188.30  user=root
Jan  4 13:59:25 LabSZ sshd[32436]: Failed password for invalid user support from 5.188.10.180 port 46543 ssh2
Jan  4 13:59:25 LabSZ sshd[32436]: Connection closed by 5.188.10.180 [preauth]
Jan  4 13:59:26 LabSZ sshd[32440]: Failed password for root from 59.63.188.30 port 7073 ssh2
Jan  4 13:59:28 LabSZ sshd[32442]: Invalid user telecomadmin from 5.188.10.180
Jan  4 13:59:28 LabSZ sshd[32442]: input_userauth_request: invalid user telecomadmin [preauth]
Jan  4 13:59:28 LabSZ sshd[32442]: pam_unix(sshd:auth): check pass; user unknown
Jan  4 13:59:28 LabSZ sshd[32442]: pam_unix(sshd:auth): authentication failure; logname= uid=0 euid=0 tty=ssh ruser= rhost=5.188.10.180 
Jan  4 13:59:30 LabSZ sshd[32438]: message repeated 5 times: [ Failed password for root from 59.63.188.30 port 61573 ssh2]
Jan  4 13:59:30 LabSZ sshd[32438]: Disconnecting: Too many authentication failures for root [preauth]
Jan  4 13:59:30 LabSZ sshd[32438]: PAM 5 more authentication failures; logname= uid=0 euid=0 tty=ssh ruser= rhost=59.63.188.30  user=root
Jan  4 13:59:30 LabSZ sshd[32438]: PAM service(sshd) ignoring max retries; 6 > 3
Jan  4 13:59:30 LabSZ sshd[32442]: Failed password for invalid user telecomadmin from 5.188.10.180 port 39171 ssh2
Jan  4 13:59:31 LabSZ sshd[32444]: pam_unix(sshd:auth): authentication failure; logname= uid=0 euid=0 tty=ssh ruser= rhost=59.63.188.30  user=root
Jan  4 13:59:31 LabSZ sshd[32442]: Connection closed by 5.188.10.180 [preauth]
Jan  4 13:59:32 LabSZ sshd[32444]: Failed password for root from 59.63.188.30 port 14340 ssh2
Jan  4 13:59:34 LabSZ sshd[32446]: Invalid user test from 5.188.10.180
Jan  4 13:59:34 LabSZ sshd[32446]: input_userauth_request: invalid user test [preauth]
Jan  4 13:59:34 LabSZ sshd[32446]: pam_unix(sshd:auth): check pass; user unknown
Jan  4 13:59:34 LabSZ sshd[32446]: pam_unix(sshd:auth): authentication failure; logname= uid=0 euid=0 tty=ssh ruser= rhost=5.188.10.180 
Jan  4 13:59:36 LabSZ sshd[32446]: Failed password for invalid user test from 5.188.10.180 port 33579 ssh2
Jan  4 13:59:37 LabSZ sshd[32446]: Connection closed by 5.188.10.180 [preauth]
Jan  4 13:59:38 LabSZ sshd[32440]: message repeated 5 times: [ Failed password for root from 59.63.188.30 port 7073 ssh2]
Jan  4 13:59:38 LabSZ sshd[32440]: Disconnecting: Too many authentication failures for root [preauth]
Jan  4 13:59:38 LabSZ sshd[32440]: PAM 5 more authentication failures; logname= uid=0 euid=0 tty=ssh ruser= rhost=59.63.188.30  user=root
Jan  4 13:59:38 LabSZ sshd[32440]: PAM service(sshd) ignoring max retries; 6 > 3
Jan  4 13:59:40 LabSZ sshd[32450]: pam_unix(sshd:auth): authentication failure; logname= uid=0 euid=0 tty=ssh ruser= rhost=59.63.188.30  user=root
Jan  4 13:59:41 LabSZ sshd[32450]: Failed password for root from 59.63.188.30 port 24783 ssh2
Jan  4 13:59:43 LabSZ sshd[32448]: Invalid user ubnt from 5.188.10.180
Jan  4 13:59:43 LabSZ sshd[32448]: input_userauth_request: invalid user ubnt [preauth]
Jan  4 13:59:43 LabSZ sshd[32448]: pam_unix(sshd:auth): check pass; user unknown
Jan  4 13:59:43 LabSZ sshd[32448]: pam_unix(sshd:auth): authentication failure; logname= uid=0 euid=0 tty=ssh ruser= rhost=5.188.10.180 
Jan  4 13:59:45 LabSZ sshd[32444]: message repeated 5 times: [ Failed password for root from 59.63.188.30 port 14340 ssh2]
