Jan  4 17:42:14 LabSZ sshd[4197]: pam_unix(sshd:auth): check pass; user unknown
Jan  4 17:42:14 LabSZ sshd[4197]: pam_unix(sshd:auth): authentication failure; logname= uid=0 euid=0 tty=ssh ruser= rhost=5.188.10.182 
Jan  4 17:42:16 LabSZ sshd[4201]: pam_unix(sshd:auth): authentication failure; logname= uid=0 euid=0 tty=ssh ruser= rhost=59.63.188.30  user=root
Jan  4 17:42:17 LabSZ sshd[4197]: Failed password for invalid user admin from 5.188.10.182 port 48138 ssh2
Jan  4 17:42:18 LabSZ sshd[4201]: Failed password for root from 59.63.188.30 port 15291 ssh2
Jan  4 17:42:18 LabSZ sshd[4197]: pam_unix(sshd:auth): check pass; user unknown
Jan  4 17:42:20 LabSZ sshd[4197]: Failed password for invalid user admin from 5.188.10.182 port 48138 ssh2
Jan  4 17:42:21 LabSZ sshd[4197]: pam_unix(sshd:auth): check pass; user unknown
Jan  4 17:42:23 LabSZ sshd[4197]: Failed password for invalid user admin from 5.188.10.182 port 48138 ssh2
Jan  4 17:42:23 LabSZ sshd[4197]: pam_unix(sshd:auth): check pass; user unknown
Jan  4 17:42:24 LabSZ sshd[4198]: message repeated 5 times: [ Failed password for root from 59.63.188.30 port 13320 ssh2]
Jan  4 17:42:24 LabSZ sshd[4198]: Disconnecting: Too many authentication failures for root [preauth]
Jan  4 17:42:24 LabSZ sshd[4198]: PAM 5 more authentication failures; logname= uid=0 euid=0 tty=ssh ruser= rhost=59.63.188.30  user=root
Jan  4 17:42:24 LabSZ sshd[4198]: PAM service(sshd) ignoring max retries; 6 > 3
Jan  4 17:42:26 LabSZ sshd[4197]: Failed password for invalid user admin from 5.188.10.182 port 48138 ssh2
Jan  4 17:42:27 LabSZ sshd[4197]: pam_unix(sshd:auth): check pass; user unknown
Jan  4 17:42:29 LabSZ sshd[4197]: Failed password for invalid user admin from 5.188.10.182 port 48138 ssh2
Jan  4 17:42:30 LabSZ sshd[4203]: pam_unix(sshd:auth): authentication failure; logname= uid=0 euid=0 tty=ssh ruser= rhost=59.63.188.30  user=root
Jan  4 17:42:30 LabSZ sshd[4197]: Connection closed by 5.188.10.182 [preauth]
Jan  4 17:42:30 LabSZ sshd[4197]: PAM 4 more authentication failures; logname= uid=0 euid=0 tty=ssh ruser= rhost=5.188.10.182 
Jan  4 17:42:30 LabSZ sshd[4197]: PAM service(sshd) ignoring max retries; 5 > 3
Jan  4 17:42:31 LabSZ sshd[4201]: message repeated 5 times: [ Failed password for root from 59.63.188.30 port 15291 ssh2]
Jan  4 17:42:31 LabSZ sshd[4201]: Disconnecting: Too many authentication failures for root [preauth]
Jan  4 17:42:31 LabSZ sshd[4201]: PAM 5 more authentication failures; logname= uid=0 euid=0 tty=ssh ruser= rhost=59.63.188.30  user=root
Jan  4 17:42:31 LabSZ sshd[4201]: PAM service(sshd) ignoring max retries; 6 > 3
Jan  4 17:42:31 LabSZ sshd[4203]: Failed password for root from 59.63.188.30 port 32100 ssh2
Jan  4 17:42:32 LabSZ sshd[4206]: pam_unix(sshd:auth): authentication failure; logname= uid=0 euid=0 tty=ssh ruser= rhost=59.63.188.30  user=root
Jan  4 17:42:34 LabSZ sshd[4206]: Failed password for root from 59.63.188.30 port 39186 ssh2
Jan  4 17:42:39 LabSZ sshd[4205]: Did not receive identification string from 5.188.10.182
Jan  4 17:42:43 LabSZ sshd[4203]: message repeated 5 times: [ Failed password for root from 59.63.188.30 port 32100 ssh2]
Jan  4 17:42:43 LabSZ sshd[4203]: Disconnecting: Too many authentication failures for root [preauth]
Jan  4 17:42:43 LabSZ sshd[4203]: PAM 5 more authentication failures; logname= uid=0 euid=0 tty=ssh ruser= rhost=59.63.188.30  user=root
Jan  4 17:42:43 LabSZ sshd[4203]: PAM service(sshd) ignoring max retries; 6 > 3
Jan  4 17:42:45 LabSZ sshd[4208]: pam_unix(sshd:auth): authentication failure; logname= uid=0 euid=0 tty=ssh ruser= rhost=59.63.188.30  user=root
Jan  4 17:42:46 LabSZ sshd[4206]: message repeated 5 times: [ Failed password for root from 59.63.188.30 port 39186 ssh2]
Jan  4 17:42:46 LabSZ sshd[4206]: Disconnecting: Too many authentication failures for root [preauth]
Jan  4 17:42:46 LabSZ sshd[4206]: PAM 5 more authentication failures; logname= uid=0 euid=0 tty=ssh ruser= rhost=59.63.188.30  user=root
Jan  4 17:42:46 LabSZ sshd[4206]: PAM service(sshd) ignoring max retries; 6 > 3
Jan  4 17:42:46 LabSZ sshd[4208]: Failed password for root from 59.63.188.30 port 54712 ssh2
Jan  4 17:42:47 LabSZ sshd[4210]: pam_unix(sshd:auth): authentication failure; logname= uid=0 euid=0 tty=ssh ruser= rhost=59.63.188.30  user=root
Jan  4 17:42:50 LabSZ sshd[4210]: Failed password for root from 59.63.188.30 port 57500 ssh2
Jan  4 17:42:59 LabSZ sshd[4208]: message repeated 5 times: [ Failed password for root from 59.63.188.30 port 54712 ssh2]
Jan  4 17:42:59 LabSZ sshd[4208]: Disconnecting: Too many authentication failures for root [preauth]
Jan  4 17:42:59 LabSZ sshd[4208]: PAM 5 more authentication failures; logname= uid=0 euid=0 tty=ssh ruser= rhost=59.63.188.30  user=root
Jan  4 17:42:59 LabSZ sshd[4208]: PAM service(sshd) ignoring max retries; 6 > 3
Jan  4 17:43:00 LabSZ sshd[4212]: pam_unix(sshd:auth): authentication failure; logname= uid=0 euid=0 tty=ssh ruser= rhost=59.63.188.30  user=root
Jan  4 17:43:02 LabSZ sshd[4212]: Failed password for root from 59.63.188.30 port 8230 ssh2
Jan  4 17:43:03 LabSZ sshd[4210]: message repeated 5 times: [ Failed password for root from 59.63.188.30 port 57500 ssh2]
Jan  4 17:43:03 LabSZ sshd[4210]: Disconnecting: Too many authentication failures for root [preauth]
Jan  4 17:43:03 LabSZ sshd[4210]: PAM 5 more authentication failures; logname= uid=0 euid=0 tty=ssh ruser= rhost=59.63.188.30  user=root
Jan  4 17:43:03 LabSZ sshd[4210]: PAM service(sshd) ignoring max retries; 6 > 3
Jan  4 17:43:04 LabSZ sshd[4214]: pam_unix(sshd:auth): authentication failure; logname= uid=0 euid=0 tty=ssh ruser= rhost=59.63.188.30  user=root
Jan  4 17:43:06 LabSZ sshd[4214]: Failed password for root from 59.63.188.30 port 12695 ssh2
Jan  4 17:43:15 LabSZ sshd[4212]: message repeated 5 times: [ Failed password for root from 59.63.188.30 port 8230 ssh2]
Jan  4 17:43:15 LabSZ sshd[4212]: Disconnecting: Too many authentication failures for root [preauth]
Jan  4 17:43:15 LabSZ sshd[4212]: PAM 5 more authentication failures; logname= uid=0 euid=0 tty=ssh ruser= rhost=59.63.188.30  user=root
Jan  4 17:43:15 LabSZ sshd[4212]: PAM service(sshd) ignoring max retries; 6 > 3
Jan  4 17:43:16 LabSZ sshd[4216]: pam_unix(sshd:auth): authentication failure; logname= uid=0 euid=0 tty=ssh ruser= rhost=59.63.188.30  user=root
Jan  4 17:43:18 LabSZ sshd[4216]: Failed password for root from 59.63.188.30 port 26761 ssh2
Jan  4 17:43:18 LabSZ sshd[4214]: message repeated 5 times: [ Failed password for root from 59.63.188.30 port 12695 ssh2]
Jan  4 17:43:18 LabSZ sshd[4214]: Disconnecting: Too many authentication failures for root [preauth]
Jan  4 17:43:18 LabSZ sshd[4214]: PAM 5 more authentication failures; logname= uid=0 euid=0 tty=ssh ruser= rhost=59.63.188.30  user=root
Jan  4 17:43:18 LabSZ sshd[4214]: PAM service(sshd) ignoring max retries; 6 > 3
Jan  4 17:43:19 LabSZ sshd[4218]: pam_unix(sshd:auth): authentication failure; logname= uid=0 euid=0 tty=ssh ruser= rhost=59.63.188.30  user=root
Jan  4 17:43:21 LabSZ sshd[4218]: Failed password for root from 59.63.188.30 port 30567 ssh2
Jan  4 17:43:30 LabSZ sshd[4216]: message repeated 5 times: [ Failed password for root from 59.63.188.30 port 26761 ssh2]
Jan  4 17:43:30 LabSZ sshd[4216]: Disconnecting: Too many authentication failures for root [preauth]
Jan  4 17:43:30 LabSZ sshd[4216]: PAM 5 more authentication failures; logname= uid=0 euid=0 tty=ssh ruser= rhost=59.63.188.30  user=root
Jan  4 17:43:30 LabSZ sshd[4216]: PAM service(sshd) ignoring max retries; 6 > 3
Jan  4 17:43:32 LabSZ sshd[4220]: pam_unix(sshd:auth): authentication failure; logname= uid=0 euid=0 tty=ssh ruser= rhost=59.63.188.30  user=root
Jan  4 17:43:34 LabSZ sshd[4220]: Failed password for root from 59.63.188.30 port 42291 ssh2
Jan  4 17:43:34 LabSZ sshd[4218]: message repeated 5 times: [ Failed password for root from 59.63.188.30 port 30567 ssh2]
Jan  4 17:43:34 LabSZ sshd[4218]: Disconnecting: Too many authentication failures for root [preauth]
Jan  4 17:43:34 LabSZ sshd[4218]: PAM 5 more authentication failures; logname= uid=0 euid=0 tty=ssh ruser= rhost=59.63.188.30  user=root
Jan  4 17:43:34 LabSZ sshd[4218]: PAM service(sshd) ignoring max retries; 6 > 3
Jan  4 17:43:36 LabSZ sshd[4222]: pam_unix(sshd:auth): authentication failure; logname= uid=0 euid=0 tty=ssh ruser= rhost=59.63.188.30  user=root
Jan  4 17:43:38 LabSZ sshd[4222]: Failed password for root from 59.63.188.30 port 49088 ssh2
Jan  4 17:43:47 LabSZ sshd[4220]: message repeated 5 times: [ Failed password for root from 59.63.188.30 port 42291 ssh2]
Jan  4 17:43:47 LabSZ sshd[4220]: Disconnecting: Too many authentication failures for root [preauth]
Jan  4 17:43:47 LabSZ sshd[4220]: PAM 5 more authentication failures; logname= uid=0 euid=0 tty=ssh ruser= rhost=59.63.188.30  user=root
Jan  4 17:43:47 LabSZ sshd[4220]: PAM service(sshd) ignoring max retries; 6 > 3
Jan  4 17:43:48 LabSZ sshd[4224]: pam_unix(sshd:auth): authentication failure; logname= uid=0 euid=0 tty=ssh ruser= rhost=59.63.188.30  user=root
Jan  4 17:43:50 LabSZ sshd[4224]: Failed password for root from 59.63.188.30 port 62118 ssh2
Jan  4 17:43:50 LabSZ sshd[4222]: message repeated 5 times: [ Failed password for root from 59.63.188.30 port 49088 ssh2]
Jan  4 17:43:50 LabSZ sshd[4222]: Disconnecting: Too many authentication failures for root [preauth]
Jan  4 17:43:50 LabSZ sshd[4222]: PAM 5 more authentication failures; logname= uid=0 euid=0 tty=ssh ruser= rhost=59.63.188.30  user=root
Jan  4 17:43:50 LabSZ sshd[4222]: PAM service(sshd) ignoring max retries; 6 > 3
Jan  4 17:43:51 LabSZ sshd[4226]: pam_unix(sshd:auth): authentication failure; logname= uid=0 euid=0 tty=ssh ruser= rhost=59.63.188.30  user=root
Jan  4 17:43:54 LabSZ sshd[4226]: Failed password for root from 59.63.188.30 port 2991 ssh2
Jan  4 17:44:03 LabSZ sshd[4224]: message repeated 5 times: [ Failed password for root from 59.63.188.30 port 62118 ssh2]
Jan  4 17:44:03 LabSZ sshd[4224]: Disconnecting: Too many authentication failures for root [preauth]
Jan  4 17:44:03 LabSZ sshd[4224]: PAM 5 more authentication failures; logname= uid=0 euid=0 tty=ssh ruser= rhost=59.63.188.30  user=root
Jan  4 17:44:03 LabSZ sshd[4224]: PAM service(sshd) ignoring max retries; 6 > 3
Jan  4 17:44:05 LabSZ sshd[4228]: pam_unix(sshd:auth): authentication failure; logname= uid=0 euid=0 tty=ssh ruser= rhost=59.63.188.30  user=root
Jan  4 17:44:07 LabSZ sshd[4226]: message repeated 5 times: [ Failed password for root from 59.63.188.30 port 2991 ssh2]
Jan  4 17:44:07 LabSZ sshd[4226]: Disconnecting: Too many authentication failures for root [preauth]
Jan  4 17:44:07 LabSZ sshd[4226]: PAM 5 more authentication failures; logname= uid=0 euid=0 tty=ssh ruser= rhost=59.63.188.30  user=root
Jan  4 17:44:07 LabSZ sshd[4226]: PAM service(sshd) ignoring max retries; 6 > 3
Jan  4 17:44:07 LabSZ sshd[4228]: Failed password for root from 59.63.188.30 port 16996 ssh2
Jan  4 17:44:09 LabSZ sshd[4230]: pam_unix(sshd:auth): authentication failure; logname= uid=0 euid=0 tty=ssh ruser= rhost=59.63.188.30  user=root
