Jan  3 07:35:33 LabSZ sshd[18199]: Connection closed by 183.63.110.206 [preauth]
Jan  3 07:35:33 LabSZ sshd[18205]: Invalid user admin from 103.99.0.122
Jan  3 07:35:33 LabSZ sshd[18205]: input_userauth_request: invalid user admin [preauth]
Jan  3 07:35:33 LabSZ sshd[18205]: pam_unix(sshd:auth): check pass; user unknown
Jan  3 07:35:33 LabSZ sshd[18205]: pam_unix(sshd:auth): authentication failure; logname= uid=0 euid=0 tty=ssh ruser= rhost=103.99.0.122 
Jan  3 07:35:34 LabSZ sshd[18207]: pam_unix(sshd:auth): authentication failure; logname= uid=0 euid=0 tty=ssh ruser= rhost=183.63.110.206  user=root
Jan  3 07:35:34 LabSZ sshd[18203]: Failed password for root from 183.192.189.131 port 15155 ssh2
Jan  3 07:35:34 LabSZ sshd[18203]: Connection closed by 183.192.189.131 [preauth]
Jan  3 07:35:35 LabSZ sshd[18209]: reverse mapping checking getaddrinfo for . [183.192.189.131] failed - POSSIBLE BREAK-IN ATTEMPT!
Jan  3 07:35:35 LabSZ sshd[18209]: pam_unix(sshd:auth): authentication failure; logname= uid=0 euid=0 tty=ssh ruser= rhost=183.192.189.131  user=root
Jan  3 07:35:36 LabSZ sshd[18205]: Failed password for invalid user admin from 103.99.0.122 port 58947 ssh2
Jan  3 07:35:36 LabSZ sshd[18205]: error: Received disconnect from 103.99.0.122: 14: No more user authentication methods available. [preauth]
Jan  3 07:35:36 LabSZ sshd[18209]: Failed password for root from 183.192.189.131 port 15156 ssh2
Jan  3 07:35:36 LabSZ sshd[18209]: Connection closed by 183.192.189.131 [preauth]
Jan  3 07:35:37 LabSZ sshd[18207]: Failed password for root from 183.63.110.206 port 42995 ssh2
Jan  3 07:35:37 LabSZ sshd[18213]: reverse mapping checking getaddrinfo for . [183.192.189.131] failed - POSSIBLE BREAK-IN ATTEMPT!
Jan  3 07:35:37 LabSZ sshd[18213]: pam_unix(sshd:auth): authentication failure; logname= uid=0 euid=0 tty=ssh ruser= rhost=183.192.189.131  user=root
Jan  3 07:35:37 LabSZ sshd[18207]: Connection closed by 183.63.110.206 [preauth]
Jan  3 07:35:38 LabSZ sshd[18211]: pam_unix(sshd:auth): authentication failure; logname= uid=0 euid=0 tty=ssh ruser= rhost=103.99.0.122  user=ftp
Jan  3 07:35:39 LabSZ sshd[18213]: Failed password for root from 183.192.189.131 port 15157 ssh2
Jan  3 07:35:39 LabSZ sshd[18213]: Connection closed by 183.192.189.131 [preauth]
Jan  3 07:35:39 LabSZ sshd[18215]: pam_unix(sshd:auth): authentication failure; logname= uid=0 euid=0 tty=ssh ruser= rhost=183.63.110.206  user=root
Jan  3 07:35:40 LabSZ sshd[18211]: Failed password for ftp from 103.99.0.122 port 59928 ssh2
Jan  3 07:35:40 LabSZ sshd[18211]: error: Received disconnect from 103.99.0.122: 14: No more user authentication methods available. [preauth]
Jan  3 07:35:41 LabSZ sshd[18215]: Failed password for root from 183.63.110.206 port 43129 ssh2
Jan  3 07:35:41 LabSZ sshd[18215]: Connection closed by 183.63.110.206 [preauth]
Jan  3 07:35:41 LabSZ sshd[18219]: Invalid user monitor from 103.99.0.122
Jan  3 07:35:41 LabSZ sshd[18219]: input_userauth_request: invalid user monitor [preauth]
Jan  3 07:35:41 LabSZ sshd[18219]: pam_unix(sshd:auth): check pass; user unknown
Jan  3 07:35:41 LabSZ sshd[18219]: pam_unix(sshd:auth): authentication failure; logname= uid=0 euid=0 tty=ssh ruser= rhost=103.99.0.122 
Jan  3 07:35:43 LabSZ sshd[18221]: pam_unix(sshd:auth): authentication failure; logname= uid=0 euid=0 tty=ssh ruser= rhost=183.63.110.206  user=root
Jan  3 07:35:43 LabSZ sshd[18219]: Failed password for invalid user monitor from 103.99.0.122 port 60793 ssh2
Jan  3 07:35:44 LabSZ sshd[18219]: error: Received disconnect from 103.99.0.122: 14: No more user authentication methods available. [preauth]
Jan  3 07:35:44 LabSZ sshd[18217]: reverse mapping checking getaddrinfo for . [183.192.189.131] failed - POSSIBLE BREAK-IN ATTEMPT!
Jan  3 07:35:44 LabSZ sshd[18217]: pam_unix(sshd:auth): authentication failure; logname= uid=0 euid=0 tty=ssh ruser= rhost=183.192.189.131  user=root
Jan  3 07:35:45 LabSZ sshd[18221]: Failed password for root from 183.63.110.206 port 43238 ssh2
Jan  3 07:35:46 LabSZ sshd[18221]: Connection closed by 183.63.110.206 [preauth]
Jan  3 07:35:46 LabSZ sshd[18217]: Failed password for root from 183.192.189.131 port 15158 ssh2
Jan  3 07:35:46 LabSZ sshd[18217]: Connection closed by 183.192.189.131 [preauth]
Jan  3 07:35:47 LabSZ sshd[18225]: pam_unix(sshd:auth): authentication failure; logname= uid=0 euid=0 tty=ssh ruser= rhost=183.63.110.206  user=root
Jan  3 07:35:48 LabSZ sshd[18223]: Invalid user ftpuser from 103.99.0.122
Jan  3 07:35:48 LabSZ sshd[18223]: input_userauth_request: invalid user ftpuser [preauth]
Jan  3 07:35:48 LabSZ sshd[18223]: pam_unix(sshd:auth): check pass; user unknown
Jan  3 07:35:48 LabSZ sshd[18223]: pam_unix(sshd:auth): authentication failure; logname= uid=0 euid=0 tty=ssh ruser= rhost=103.99.0.122 
Jan  3 07:35:49 LabSZ sshd[18225]: Failed password for root from 183.63.110.206 port 43402 ssh2
Jan  3 07:35:49 LabSZ sshd[18225]: Connection closed by 183.63.110.206 [preauth]
Jan  3 07:35:50 LabSZ sshd[18223]: Failed password for invalid user ftpuser from 103.99.0.122 port 61509 ssh2
Jan  3 07:35:51 LabSZ sshd[18229]: pam_unix(sshd:auth): authentication failure; logname= uid=0 euid=0 tty=ssh ruser= rhost=183.63.110.206  user=root
Jan  3 07:35:51 LabSZ sshd[18223]: error: Received disconnect from 103.99.0.122: 14: No more user authentication methods available. [preauth]
Jan  3 07:35:52 LabSZ sshd[18229]: Failed password for root from 183.63.110.206 port 43491 ssh2
Jan  3 07:35:53 LabSZ sshd[18229]: Connection closed by 183.63.110.206 [preauth]
Jan  3 07:35:53 LabSZ sshd[18231]: Invalid user pi from 103.99.0.122
Jan  3 07:35:53 LabSZ sshd[18231]: input_userauth_request: invalid user pi [preauth]
Jan  3 07:35:53 LabSZ sshd[18231]: pam_unix(sshd:auth): check pass; user unknown
Jan  3 07:35:53 LabSZ sshd[18231]: pam_unix(sshd:auth): authentication failure; logname= uid=0 euid=0 tty=ssh ruser= rhost=103.99.0.122 
Jan  3 07:35:54 LabSZ sshd[18233]: pam_unix(sshd:auth): authentication failure; logname= uid=0 euid=0 tty=ssh ruser= rhost=183.63.110.206  user=root
Jan  3 07:35:55 LabSZ sshd[18231]: Failed password for invalid user pi from 103.99.0.122 port 63168 ssh2
Jan  3 07:35:55 LabSZ sshd[18231]: error: Received disconnect from 103.99.0.122: 14: No more user authentication methods available. [preauth]
Jan  3 07:35:56 LabSZ sshd[18233]: Failed password for root from 183.63.110.206 port 43603 ssh2
Jan  3 07:35:56 LabSZ sshd[18227]: reverse mapping checking getaddrinfo for . [183.192.189.131] failed - POSSIBLE BREAK-IN ATTEMPT!
Jan  3 07:35:56 LabSZ sshd[18227]: pam_unix(sshd:auth): authentication failure; logname= uid=0 euid=0 tty=ssh ruser= rhost=183.192.189.131  user=root
Jan  3 07:35:56 LabSZ sshd[18233]: Connection closed by 183.63.110.206 [preauth]
Jan  3 07:35:56 LabSZ sshd[18235]: Invalid user PlcmSpIp from 103.99.0.122
Jan  3 07:35:56 LabSZ sshd[18235]: input_userauth_request: invalid user PlcmSpIp [preauth]
Jan  3 07:35:56 LabSZ sshd[18235]: pam_unix(sshd:auth): check pass; user unknown
Jan  3 07:35:56 LabSZ sshd[18235]: pam_unix(sshd:auth): authentication failure; logname= uid=0 euid=0 tty=ssh ruser= rhost=103.99.0.122 
Jan  3 07:35:57 LabSZ sshd[18237]: pam_unix(sshd:auth): authentication failure; logname= uid=0 euid=0 tty=ssh ruser= rhost=183.63.110.206  user=root
Jan  3 07:35:58 LabSZ sshd[18227]: Failed password for root from 183.192.189.131 port 15159 ssh2
Jan  3 07:35:58 LabSZ sshd[18227]: Connection closed by 183.192.189.131 [preauth]
Jan  3 07:35:58 LabSZ sshd[18235]: Failed password for invalid user PlcmSpIp from 103.99.0.122 port 63964 ssh2
Jan  3 07:35:59 LabSZ sshd[18235]: error: Received disconnect from 103.99.0.122: 14: No more user authentication methods available. [preauth]
Jan  3 07:36:00 LabSZ sshd[18237]: Failed password for root from 183.63.110.206 port 43699 ssh2
Jan  3 07:36:00 LabSZ sshd[18237]: Connection closed by 183.63.110.206 [preauth]
Jan  3 07:36:01 LabSZ sshd[18241]: Invalid user Management from 103.99.0.122
Jan  3 07:36:01 LabSZ sshd[18241]: input_userauth_request: invalid user Management [preauth]
Jan  3 07:36:01 LabSZ sshd[18241]: pam_unix(sshd:auth): check pass; user unknown
Jan  3 07:36:01 LabSZ sshd[18241]: pam_unix(sshd:auth): authentication failure; logname= uid=0 euid=0 tty=ssh ruser= rhost=103.99.0.122 
Jan  3 07:36:02 LabSZ sshd[18243]: pam_unix(sshd:auth): authentication failure; logname= uid=0 euid=0 tty=ssh ruser= rhost=183.63.110.206  user=root
Jan  3 07:36:03 LabSZ sshd[18241]: Failed password for invalid user Management from 103.99.0.122 port 64795 ssh2
Jan  3 07:36:03 LabSZ sshd[18241]: error: Received disconnect from 103.99.0.122: 14: No more user authentication methods available. [preauth]
Jan  3 07:36:03 LabSZ sshd[18243]: Failed password for root from 183.63.110.206 port 43816 ssh2
Jan  3 07:36:04 LabSZ sshd[18243]: Connection closed by 183.63.110.206 [preauth]
Jan  3 07:36:05 LabSZ sshd[18247]: pam_unix(sshd:auth): authentication failure; logname= uid=0 euid=0 tty=ssh ruser= rhost=183.63.110.206  user=root
Jan  3 07:36:05 LabSZ sshd[18245]: pam_unix(sshd:auth): authentication failure; logname= uid=0 euid=0 tty=ssh ruser= rhost=103.99.0.122  user=root
Jan  3 07:36:07 LabSZ sshd[18247]: Failed password for root from 183.63.110.206 port 43926 ssh2
Jan  3 07:36:07 LabSZ sshd[18247]: Connection closed by 183.63.110.206 [preauth]
Jan  3 07:36:07 LabSZ sshd[18245]: Failed password for root from 103.99.0.122 port 49370 ssh2
Jan  3 07:36:08 LabSZ sshd[18245]: error: Received disconnect from 103.99.0.122: 14: No more user authentication methods available. [preauth]
Jan  3 07:36:08 LabSZ sshd[18239]: reverse mapping checking getaddrinfo for . [183.192.189.131] failed - POSSIBLE BREAK-IN ATTEMPT!
Jan  3 07:36:09 LabSZ sshd[18239]: pam_unix(sshd:auth): authentication failure; logname= uid=0 euid=0 tty=ssh ruser= rhost=183.192.189.131  user=root
Jan  3 07:36:09 LabSZ sshd[18249]: pam_unix(sshd:auth): authentication failure; logname= uid=0 euid=0 tty=ssh ruser= rhost=183.63.110.206  user=root
Jan  3 07:36:09 LabSZ sshd[18251]: Invalid user ftpuser from 103.99.0.122
Jan  3 07:36:09 LabSZ sshd[18251]: input_userauth_request: invalid user ftpuser [preauth]
Jan  3 07:36:09 LabSZ sshd[18251]: pam_unix(sshd:auth): check pass; user unknown
Jan  3 07:36:09 LabSZ sshd[18251]: pam_unix(sshd:auth): authentication failure; logname= uid=0 euid=0 tty=ssh ruser= rhost=103.99.0.122 
Jan  3 07:36:11 LabSZ sshd[18239]: Failed password for root from 183.192.189.131 port 15160 ssh2
Jan  3 07:36:11 LabSZ sshd[18239]: Connection closed by 183.192.189.131 [preauth]
Jan  3 07:36:11 LabSZ sshd[18253]: reverse mapping checking getaddrinfo for . [183.192.189.131] failed - POSSIBLE BREAK-IN ATTEMPT!
Jan  3 07:36:11 LabSZ sshd[18249]: Failed password for root from 183.63.110.206 port 44031 ssh2
Jan  3 07:36:11 LabSZ sshd[18253]: pam_unix(sshd:auth): authentication failure; logname= uid=0 euid=0 tty=ssh ruser= rhost=183.192.189.131  user=root
