Dec 17 01:22:53 LabSZ sshd[12288]: pam_unix(sshd:auth): authentication failure; logname= uid=0 euid=0 tty=ssh ruser= rhost=183.129.154.138  user=root
Dec 17 01:22:54 LabSZ sshd[12288]: Failed password for root from 183.129.154.138 port 37392 ssh2
Dec 17 01:22:54 LabSZ sshd[12288]: Connection closed by 183.129.154.138 [preauth]
Dec 17 01:22:55 LabSZ sshd[12290]: pam_unix(sshd:auth): authentication failure; logname= uid=0 euid=0 tty=ssh ruser= rhost=183.129.154.138  user=root
Dec 17 01:22:57 LabSZ sshd[12290]: Failed password for root from 183.129.154.138 port 37576 ssh2
Dec 17 01:22:57 LabSZ sshd[12290]: Connection closed by 183.129.154.138 [preauth]
Dec 17 01:22:57 LabSZ sshd[12292]: pam_unix(sshd:auth): authentication failure; logname= uid=0 euid=0 tty=ssh ruser= rhost=183.129.154.138  user=root
Dec 17 01:22:59 LabSZ sshd[12292]: Failed password for root from 183.129.154.138 port 37848 ssh2
Dec 17 01:22:59 LabSZ sshd[12292]: Connection closed by 183.129.154.138 [preauth]
Dec 17 01:22:59 LabSZ sshd[12294]: pam_unix(sshd:auth): authentication failure; logname= uid=0 euid=0 tty=ssh ruser= rhost=183.129.154.138  user=root
Dec 17 01:23:02 LabSZ sshd[12294]: Failed password for root from 183.129.154.138 port 37996 ssh2
Dec 17 01:23:02 LabSZ sshd[12294]: Connection closed by 183.129.154.138 [preauth]
Dec 17 01:23:02 LabSZ sshd[12296]: pam_unix(sshd:auth): authentication failure; logname= uid=0 euid=0 tty=ssh ruser= rhost=183.129.154.138  user=root
Dec 17 01:23:04 LabSZ sshd[12296]: Failed password for root from 183.129.154.138 port 38228 ssh2
Dec 17 01:23:05 LabSZ sshd[12296]: Connection closed by 183.129.154.138 [preauth]
Dec 17 01:23:05 LabSZ sshd[12298]: pam_unix(sshd:auth): authentication failure; logname= uid=0 euid=0 tty=ssh ruser= rhost=183.129.154.138  user=root
Dec 17 01:23:06 LabSZ sshd[12298]: Failed password for root from 183.129.154.138 port 38524 ssh2
Dec 17 01:23:06 LabSZ sshd[12298]: Connection closed by 183.129.154.138 [preauth]
Dec 17 01:23:07 LabSZ sshd[12300]: pam_unix(sshd:auth): authentication failure; logname= uid=0 euid=0 tty=ssh ruser= rhost=183.129.154.138  user=root
Dec 17 01:23:08 LabSZ sshd[12300]: Failed password for root from 183.129.154.138 port 38712 ssh2
Dec 17 01:23:09 LabSZ sshd[12300]: Connection closed by 183.129.154.138 [preauth]
Dec 17 01:23:09 LabSZ sshd[12302]: pam_unix(sshd:auth): authentication failure; logname= uid=0 euid=0 tty=ssh ruser= rhost=183.129.154.138  user=root
Dec 17 01:23:11 LabSZ sshd[12302]: Failed password for root from 183.129.154.138 port 38946 ssh2
Dec 17 01:23:11 LabSZ sshd[12302]: Connection closed by 183.129.154.138 [preauth]
Dec 17 01:23:12 LabSZ sshd[12304]: pam_unix(sshd:auth): authentication failure; logname= uid=0 euid=0 tty=ssh ruser= rhost=183.129.154.138  user=root
Dec 17 01:23:13 LabSZ sshd[12304]: Failed password for root from 183.129.154.138 port 39124 ssh2
Dec 17 01:23:13 LabSZ sshd[12304]: Connection closed by 183.129.154.138 [preauth]
Dec 17 01:23:14 LabSZ sshd[12306]: pam_unix(sshd:auth): authentication failure; logname= uid=0 euid=0 tty=ssh ruser= rhost=183.129.154.138  user=root
Dec 17 01:23:16 LabSZ sshd[12306]: Failed password for root from 183.129.154.138 port 39332 ssh2
Dec 17 01:23:16 LabSZ sshd[12306]: Connection closed by 183.129.154.138 [preauth]
Dec 17 01:23:16 LabSZ sshd[12308]: pam_unix(sshd:auth): authentication failure; logname= uid=0 euid=0 tty=ssh ruser= rhost=183.129.154.138  user=root
Dec 17 01:23:19 LabSZ sshd[12308]: Failed password for root from 183.129.154.138 port 39606 ssh2
Dec 17 01:23:19 LabSZ sshd[12308]: Connection closed by 183.129.154.138 [preauth]
Dec 17 01:23:19 LabSZ sshd[12310]: pam_unix(sshd:auth): authentication failure; logname= uid=0 euid=0 tty=ssh ruser= rhost=183.129.154.138  user=root
Dec 17 01:23:21 LabSZ sshd[12310]: Failed password for root from 183.129.154.138 port 39766 ssh2
Dec 17 01:23:21 LabSZ sshd[12310]: Connection closed by 183.129.154.138 [preauth]
Dec 17 01:23:21 LabSZ sshd[12312]: pam_unix(sshd:auth): authentication failure; logname= uid=0 euid=0 tty=ssh ruser= rhost=183.129.154.138  user=root
Dec 17 01:23:23 LabSZ sshd[12312]: Failed password for root from 183.129.154.138 port 39998 ssh2
Dec 17 01:23:24 LabSZ sshd[12312]: Connection closed by 183.129.154.138 [preauth]
Dec 17 01:23:24 LabSZ sshd[12314]: pam_unix(sshd:auth): authentication failure; logname= uid=0 euid=0 tty=ssh ruser= rhost=183.129.154.138  user=root
Dec 17 01:23:26 LabSZ sshd[12314]: Failed password for root from 183.129.154.138 port 40248 ssh2
Dec 17 01:23:26 LabSZ sshd[12314]: Connection closed by 183.129.154.138 [preauth]
Dec 17 01:23:26 LabSZ sshd[12316]: pam_unix(sshd:auth): authentication failure; logname= uid=0 euid=0 tty=ssh ruser= rhost=183.129.154.138  user=root
Dec 17 01:23:28 LabSZ sshd[12316]: Failed password for root from 183.129.154.138 port 40494 ssh2
Dec 17 01:23:28 LabSZ sshd[12316]: Connection closed by 183.129.154.138 [preauth]
Dec 17 01:23:28 LabSZ sshd[12318]: pam_unix(sshd:auth): authentication failure; logname= uid=0 euid=0 tty=ssh ruser= rhost=183.129.154.138  user=root
Dec 17 01:23:30 LabSZ sshd[12320]: reverse mapping checking getaddrinfo for sv121096.bkns.vn [103.74.121.96] failed - POSSIBLE BREAK-IN ATTEMPT!
Dec 17 01:23:30 LabSZ sshd[12320]: Invalid user admin from 103.74.121.96
Dec 17 01:23:30 LabSZ sshd[12320]: input_userauth_request: invalid user admin [preauth]
Dec 17 01:23:30 LabSZ sshd[12320]: pam_unix(sshd:auth): check pass; user unknown
Dec 17 01:23:30 LabSZ sshd[12320]: pam_unix(sshd:auth): authentication failure; logname= uid=0 euid=0 tty=ssh ruser= rhost=103.74.121.96 
Dec 17 01:23:30 LabSZ sshd[12318]: Failed password for root from 183.129.154.138 port 40690 ssh2
Dec 17 01:23:30 LabSZ sshd[12318]: Connection closed by 183.129.154.138 [preauth]
Dec 17 01:23:31 LabSZ sshd[12322]: pam_unix(sshd:auth): authentication failure; logname= uid=0 euid=0 tty=ssh ruser= rhost=183.129.154.138  user=root
Dec 17 01:23:33 LabSZ sshd[12320]: Failed password for invalid user admin from 103.74.121.96 port 56728 ssh2
Dec 17 01:23:33 LabSZ sshd[12320]: pam_unix(sshd:auth): check pass; user unknown
Dec 17 01:23:33 LabSZ sshd[12322]: Failed password for root from 183.129.154.138 port 59032 ssh2
Dec 17 01:23:33 LabSZ sshd[12322]: Connection closed by 183.129.154.138 [preauth]
Dec 17 01:23:33 LabSZ sshd[12324]: pam_unix(sshd:auth): authentication failure; logname= uid=0 euid=0 tty=ssh ruser= rhost=183.129.154.138  user=root
Dec 17 01:23:35 LabSZ sshd[12320]: Failed password for invalid user admin from 103.74.121.96 port 56728 ssh2
Dec 17 01:23:35 LabSZ sshd[12320]: pam_unix(sshd:auth): check pass; user unknown
Dec 17 01:23:35 LabSZ sshd[12324]: Failed password for root from 183.129.154.138 port 41142 ssh2
Dec 17 01:23:35 LabSZ sshd[12324]: Connection closed by 183.129.154.138 [preauth]
Dec 17 01:23:35 LabSZ sshd[12326]: pam_unix(sshd:auth): authentication failure; logname= uid=0 euid=0 tty=ssh ruser= rhost=183.129.154.138  user=root
Dec 17 01:23:37 LabSZ sshd[12320]: Failed password for invalid user admin from 103.74.121.96 port 56728 ssh2
Dec 17 01:23:37 LabSZ sshd[12326]: Failed password for root from 183.129.154.138 port 41382 ssh2
Dec 17 01:23:37 LabSZ sshd[12320]: pam_unix(sshd:auth): check pass; user unknown
Dec 17 01:23:37 LabSZ sshd[12326]: Connection closed by 183.129.154.138 [preauth]
Dec 17 01:23:37 LabSZ sshd[12328]: pam_unix(sshd:auth): authentication failure; logname= uid=0 euid=0 tty=ssh ruser= rhost=183.129.154.138  user=root
Dec 17 01:23:40 LabSZ sshd[12320]: Failed password for invalid user admin from 103.74.121.96 port 56728 ssh2
Dec 17 01:23:40 LabSZ sshd[12328]: Failed password for root from 183.129.154.138 port 41590 ssh2
Dec 17 01:23:40 LabSZ sshd[12320]: pam_unix(sshd:auth): check pass; user unknown
Dec 17 01:23:40 LabSZ sshd[12328]: Connection closed by 183.129.154.138 [preauth]
Dec 17 01:23:40 LabSZ sshd[12330]: pam_unix(sshd:auth): authentication failure; logname= uid=0 euid=0 tty=ssh ruser= rhost=183.129.154.138  user=root
Dec 17 01:23:42 LabSZ sshd[12320]: Failed password for invalid user admin from 103.74.121.96 port 56728 ssh2
Dec 17 01:23:42 LabSZ sshd[12330]: Failed password for root from 183.129.154.138 port 41892 ssh2
Dec 17 01:23:42 LabSZ sshd[12330]: Connection closed by 183.129.154.138 [preauth]
Dec 17 01:23:42 LabSZ sshd[12320]: pam_unix(sshd:auth): check pass; user unknown
Dec 17 01:23:44 LabSZ sshd[12320]: Failed password for invalid user admin from 103.74.121.96 port 56728 ssh2
Dec 17 01:23:44 LabSZ sshd[12320]: Disconnecting: Too many authentication failures for admin [preauth]
Dec 17 01:23:44 LabSZ sshd[12320]: PAM 5 more authentication failures; logname= uid=0 euid=0 tty=ssh ruser= rhost=103.74.121.96 
Dec 17 01:23:44 LabSZ sshd[12320]: PAM service(sshd) ignoring max retries; 6 > 3
Dec 17 01:23:48 LabSZ sshd[12332]: pam_unix(sshd:auth): authentication failure; logname= uid=0 euid=0 tty=ssh ruser= rhost=183.129.154.138  user=root
Dec 17 01:23:50 LabSZ sshd[12332]: Failed password for root from 183.129.154.138 port 25594 ssh2
Dec 17 01:23:50 LabSZ sshd[12332]: Connection closed by 183.129.154.138 [preauth]
Dec 17 01:23:50 LabSZ sshd[12334]: pam_unix(sshd:auth): authentication failure; logname= uid=0 euid=0 tty=ssh ruser= rhost=183.129.154.138  user=root
Dec 17 01:23:52 LabSZ sshd[12334]: Failed password for root from 183.129.154.138 port 42748 ssh2
Dec 17 01:23:52 LabSZ sshd[12334]: Connection closed by 183.129.154.138 [preauth]
Dec 17 01:23:53 LabSZ sshd[12336]: pam_unix(sshd:auth): authentication failure; logname= uid=0 euid=0 tty=ssh ruser= rhost=183.129.154.138  user=root
Dec 17 01:23:55 LabSZ sshd[12336]: Failed password for root from 183.129.154.138 port 42928 ssh2
Dec 17 01:23:55 LabSZ sshd[12336]: Connection closed by 183.129.154.138 [preauth]
Dec 17 01:23:55 LabSZ sshd[12338]: pam_unix(sshd:auth): authentication failure; logname= uid=0 euid=0 tty=ssh ruser= rhost=183.129.154.138  user=root
Dec 17 01:23:57 LabSZ sshd[12338]: Failed password for root from 183.129.154.138 port 43212 ssh2
Dec 17 01:23:58 LabSZ sshd[12338]: Connection closed by 183.129.154.138 [preauth]
Dec 17 01:23:58 LabSZ sshd[12340]: pam_unix(sshd:auth): authentication failure; logname= uid=0 euid=0 tty=ssh ruser= rhost=183.129.154.138  user=root
Dec 17 01:24:00 LabSZ sshd[12340]: Failed password for root from 183.129.154.138 port 43502 ssh2
Dec 17 01:24:00 LabSZ sshd[12340]: Connection closed by 183.129.154.138 [preauth]
Dec 17 01:24:00 LabSZ sshd[12342]: pam_unix(sshd:auth): authentication failure; logname= uid=0 euid=0 tty=ssh ruser= rhost=183.129.154.138  user=root
Dec 17 01:24:02 LabSZ sshd[12342]: Failed password for root from 183.129.154.138 port 43710 ssh2
Dec 17 01:24:02 LabSZ sshd[12342]: Connection closed by 183.129.154.138 [preauth]
