Jan  4 16:57:24 LabSZ sshd[3497]: input_userauth_request: invalid user harrypotter [preauth]
Jan  4 16:57:24 LabSZ sshd[3497]: pam_unix(sshd:auth): check pass; user unknown
Jan  4 16:57:24 LabSZ sshd[3497]: pam_unix(sshd:auth): authentication failure; logname= uid=0 euid=0 tty=ssh ruser= rhost=218.4.104.194 
Jan  4 16:57:26 LabSZ sshd[3497]: Failed password for invalid user harrypotter from 218.4.104.194 port 60185 ssh2
Jan  4 16:57:26 LabSZ sshd[3497]: Received disconnect from 218.4.104.194: 11: Bye Bye [preauth]
Jan  4 16:57:27 LabSZ sshd[3499]: Invalid user divine from 218.4.104.194
Jan  4 16:57:27 LabSZ sshd[3499]: input_userauth_request: invalid user divine [preauth]
Jan  4 16:57:27 LabSZ sshd[3499]: pam_unix(sshd:auth): check pass; user unknown
Jan  4 16:57:27 LabSZ sshd[3499]: pam_unix(sshd:auth): authentication failure; logname= uid=0 euid=0 tty=ssh ruser= rhost=218.4.104.194 
Jan  4 16:57:28 LabSZ sshd[3499]: Failed password for invalid user divine from 218.4.104.194 port 60607 ssh2
Jan  4 16:57:28 LabSZ sshd[3499]: Received disconnect from 218.4.104.194: 11: Bye Bye [preauth]
Jan  4 16:57:29 LabSZ sshd[3501]: Invalid user popa3d from 218.4.104.194
Jan  4 16:57:29 LabSZ sshd[3501]: input_userauth_request: invalid user popa3d [preauth]
Jan  4 16:57:29 LabSZ sshd[3501]: pam_unix(sshd:auth): check pass; user unknown
Jan  4 16:57:29 LabSZ sshd[3501]: pam_unix(sshd:auth): authentication failure; logname= uid=0 euid=0 tty=ssh ruser= rhost=218.4.104.194 
Jan  4 16:57:29 LabSZ sshd[3485]: message repeated 5 times: [ Failed password for root from 59.63.188.30 port 16373 ssh2]
Jan  4 16:57:29 LabSZ sshd[3485]: Disconnecting: Too many authentication failures for root [preauth]
Jan  4 16:57:29 LabSZ sshd[3485]: PAM 5 more authentication failures; logname= uid=0 euid=0 tty=ssh ruser= rhost=59.63.188.30  user=root
Jan  4 16:57:29 LabSZ sshd[3485]: PAM service(sshd) ignoring max retries; 6 > 3
Jan  4 16:57:31 LabSZ sshd[3503]: pam_unix(sshd:auth): authentication failure; logname= uid=0 euid=0 tty=ssh ruser= rhost=59.63.188.30  user=root
Jan  4 16:57:31 LabSZ sshd[3501]: Failed password for invalid user popa3d from 218.4.104.194 port 60881 ssh2
Jan  4 16:57:31 LabSZ sshd[3501]: Received disconnect from 218.4.104.194: 11: Bye Bye [preauth]
Jan  4 16:57:31 LabSZ sshd[3505]: Invalid user aptproxy from 218.4.104.194
Jan  4 16:57:31 LabSZ sshd[3505]: input_userauth_request: invalid user aptproxy [preauth]
Jan  4 16:57:31 LabSZ sshd[3505]: pam_unix(sshd:auth): check pass; user unknown
Jan  4 16:57:31 LabSZ sshd[3505]: pam_unix(sshd:auth): authentication failure; logname= uid=0 euid=0 tty=ssh ruser= rhost=218.4.104.194 
Jan  4 16:57:32 LabSZ sshd[3491]: message repeated 5 times: [ Failed password for root from 59.63.188.30 port 20049 ssh2]
Jan  4 16:57:32 LabSZ sshd[3491]: Disconnecting: Too many authentication failures for root [preauth]
Jan  4 16:57:32 LabSZ sshd[3491]: PAM 5 more authentication failures; logname= uid=0 euid=0 tty=ssh ruser= rhost=59.63.188.30  user=root
Jan  4 16:57:32 LabSZ sshd[3491]: PAM service(sshd) ignoring max retries; 6 > 3
Jan  4 16:57:33 LabSZ sshd[3503]: Failed password for root from 59.63.188.30 port 35125 ssh2
Jan  4 16:57:33 LabSZ sshd[3507]: pam_unix(sshd:auth): authentication failure; logname= uid=0 euid=0 tty=ssh ruser= rhost=59.63.188.30  user=root
Jan  4 16:57:33 LabSZ sshd[3505]: Failed password for invalid user aptproxy from 218.4.104.194 port 61237 ssh2
Jan  4 16:57:33 LabSZ sshd[3505]: Received disconnect from 218.4.104.194: 11: Bye Bye [preauth]
Jan  4 16:57:33 LabSZ sshd[3509]: Invalid user desktop from 218.4.104.194
Jan  4 16:57:33 LabSZ sshd[3509]: input_userauth_request: invalid user desktop [preauth]
Jan  4 16:57:33 LabSZ sshd[3509]: pam_unix(sshd:auth): check pass; user unknown
Jan  4 16:57:33 LabSZ sshd[3509]: pam_unix(sshd:auth): authentication failure; logname= uid=0 euid=0 tty=ssh ruser= rhost=218.4.104.194 
Jan  4 16:57:35 LabSZ sshd[3507]: Failed password for root from 59.63.188.30 port 38054 ssh2
Jan  4 16:57:35 LabSZ sshd[3509]: Failed password for invalid user desktop from 218.4.104.194 port 61575 ssh2
Jan  4 16:57:35 LabSZ sshd[3509]: Received disconnect from 218.4.104.194: 11: Bye Bye [preauth]
Jan  4 16:57:35 LabSZ sshd[3511]: Invalid user workshop from 218.4.104.194
Jan  4 16:57:35 LabSZ sshd[3511]: input_userauth_request: invalid user workshop [preauth]
Jan  4 16:57:35 LabSZ sshd[3511]: pam_unix(sshd:auth): check pass; user unknown
Jan  4 16:57:35 LabSZ sshd[3511]: pam_unix(sshd:auth): authentication failure; logname= uid=0 euid=0 tty=ssh ruser= rhost=218.4.104.194 
Jan  4 16:57:37 LabSZ sshd[3511]: Failed password for invalid user workshop from 218.4.104.194 port 61893 ssh2
Jan  4 16:57:37 LabSZ sshd[3511]: Received disconnect from 218.4.104.194: 11: Bye Bye [preauth]
Jan  4 16:57:38 LabSZ sshd[3513]: Invalid user mailnull from 218.4.104.194
Jan  4 16:57:38 LabSZ sshd[3513]: input_userauth_request: invalid user mailnull [preauth]
Jan  4 16:57:38 LabSZ sshd[3513]: pam_unix(sshd:auth): check pass; user unknown
Jan  4 16:57:38 LabSZ sshd[3513]: pam_unix(sshd:auth): authentication failure; logname= uid=0 euid=0 tty=ssh ruser= rhost=218.4.104.194 
Jan  4 16:57:40 LabSZ sshd[3513]: Failed password for invalid user mailnull from 218.4.104.194 port 62465 ssh2
Jan  4 16:57:40 LabSZ sshd[3513]: Received disconnect from 218.4.104.194: 11: Bye Bye [preauth]
Jan  4 16:57:40 LabSZ sshd[3515]: Invalid user nfsnobody from 218.4.104.194
Jan  4 16:57:40 LabSZ sshd[3515]: input_userauth_request: invalid user nfsnobody [preauth]
Jan  4 16:57:40 LabSZ sshd[3515]: pam_unix(sshd:auth): check pass; user unknown
Jan  4 16:57:40 LabSZ sshd[3515]: pam_unix(sshd:auth): authentication failure; logname= uid=0 euid=0 tty=ssh ruser= rhost=218.4.104.194 
Jan  4 16:57:42 LabSZ sshd[3515]: Failed password for invalid user nfsnobody from 218.4.104.194 port 63267 ssh2
Jan  4 16:57:42 LabSZ sshd[3515]: Received disconnect from 218.4.104.194: 11: Bye Bye [preauth]
Jan  4 16:57:43 LabSZ sshd[3517]: Invalid user rpcuser from 218.4.104.194
Jan  4 16:57:43 LabSZ sshd[3517]: input_userauth_request: invalid user rpcuser [preauth]
Jan  4 16:57:43 LabSZ sshd[3517]: pam_unix(sshd:auth): check pass; user unknown
Jan  4 16:57:43 LabSZ sshd[3517]: pam_unix(sshd:auth): authentication failure; logname= uid=0 euid=0 tty=ssh ruser= rhost=218.4.104.194 
Jan  4 16:57:44 LabSZ sshd[3487]: Invalid user testa from 192.99.1.171
Jan  4 16:57:44 LabSZ sshd[3487]: input_userauth_request: invalid user testa [preauth]
Jan  4 16:57:45 LabSZ sshd[3487]: pam_unix(sshd:auth): check pass; user unknown
Jan  4 16:57:45 LabSZ sshd[3487]: pam_unix(sshd:auth): authentication failure; logname= uid=0 euid=0 tty=ssh ruser= rhost=ns502983.ip-192-99-1.net 
Jan  4 16:57:45 LabSZ sshd[3517]: Failed password for invalid user rpcuser from 218.4.104.194 port 63933 ssh2
Jan  4 16:57:45 LabSZ sshd[3517]: Received disconnect from 218.4.104.194: 11: Bye Bye [preauth]
Jan  4 16:57:45 LabSZ sshd[3503]: message repeated 5 times: [ Failed password for root from 59.63.188.30 port 35125 ssh2]
Jan  4 16:57:45 LabSZ sshd[3503]: Disconnecting: Too many authentication failures for root [preauth]
Jan  4 16:57:45 LabSZ sshd[3503]: PAM 5 more authentication failures; logname= uid=0 euid=0 tty=ssh ruser= rhost=59.63.188.30  user=root
Jan  4 16:57:45 LabSZ sshd[3503]: PAM service(sshd) ignoring max retries; 6 > 3
Jan  4 16:57:46 LabSZ sshd[3519]: Invalid user rpc from 218.4.104.194
Jan  4 16:57:46 LabSZ sshd[3519]: input_userauth_request: invalid user rpc [preauth]
Jan  4 16:57:46 LabSZ sshd[3519]: pam_unix(sshd:auth): check pass; user unknown
Jan  4 16:57:46 LabSZ sshd[3519]: pam_unix(sshd:auth): authentication failure; logname= uid=0 euid=0 tty=ssh ruser= rhost=218.4.104.194 
Jan  4 16:57:47 LabSZ sshd[3521]: pam_unix(sshd:auth): authentication failure; logname= uid=0 euid=0 tty=ssh ruser= rhost=59.63.188.30  user=root
Jan  4 16:57:47 LabSZ sshd[3507]: message repeated 5 times: [ Failed password for root from 59.63.188.30 port 38054 ssh2]
Jan  4 16:57:47 LabSZ sshd[3507]: Disconnecting: Too many authentication failures for root [preauth]
Jan  4 16:57:47 LabSZ sshd[3507]: PAM 5 more authentication failures; logname= uid=0 euid=0 tty=ssh ruser= rhost=59.63.188.30  user=root
Jan  4 16:57:47 LabSZ sshd[3507]: PAM service(sshd) ignoring max retries; 6 > 3
Jan  4 16:57:47 LabSZ sshd[3519]: Failed password for invalid user rpc from 218.4.104.194 port 64787 ssh2
Jan  4 16:57:47 LabSZ sshd[3519]: Received disconnect from 218.4.104.194: 11: Bye Bye [preauth]
Jan  4 16:57:48 LabSZ sshd[3523]: Invalid user gopher from 218.4.104.194
Jan  4 16:57:48 LabSZ sshd[3523]: input_userauth_request: invalid user gopher [preauth]
Jan  4 16:57:48 LabSZ sshd[3523]: pam_unix(sshd:auth): check pass; user unknown
Jan  4 16:57:48 LabSZ sshd[3523]: pam_unix(sshd:auth): authentication failure; logname= uid=0 euid=0 tty=ssh ruser= rhost=218.4.104.194 
Jan  4 16:57:49 LabSZ sshd[3521]: Failed password for root from 59.63.188.30 port 54350 ssh2
Jan  4 16:57:49 LabSZ sshd[3525]: pam_unix(sshd:auth): authentication failure; logname= uid=0 euid=0 tty=ssh ruser= rhost=59.63.188.30  user=root
Jan  4 16:57:50 LabSZ sshd[3523]: Failed password for invalid user gopher from 218.4.104.194 port 65349 ssh2
Jan  4 16:57:50 LabSZ sshd[3523]: Received disconnect from 218.4.104.194: 11: Bye Bye [preauth]
Jan  4 16:57:51 LabSZ sshd[3525]: Failed password for root from 59.63.188.30 port 56863 ssh2
Jan  4 16:57:51 LabSZ sshd[3487]: Failed password for invalid user testa from 192.99.1.171 port 11163 ssh2
Jan  4 16:57:52 LabSZ sshd[3487]: Received disconnect from 192.99.1.171: 11: Session closed [preauth]
Jan  4 16:58:01 LabSZ sshd[3521]: message repeated 5 times: [ Failed password for root from 59.63.188.30 port 54350 ssh2]
Jan  4 16:58:01 LabSZ sshd[3521]: Disconnecting: Too many authentication failures for root [preauth]
Jan  4 16:58:01 LabSZ sshd[3521]: PAM 5 more authentication failures; logname= uid=0 euid=0 tty=ssh ruser= rhost=59.63.188.30  user=root
Jan  4 16:58:01 LabSZ sshd[3521]: PAM service(sshd) ignoring max retries; 6 > 3
Jan  4 16:58:03 LabSZ sshd[3525]: message repeated 5 times: [ Failed password for root from 59.63.188.30 port 56863 ssh2]
