Jan  1 17:30:33 LabSZ sshd[10551]: pam_unix(sshd:auth): authentication failure; logname= uid=0 euid=0 tty=ssh ruser= rhost=123.235.32.19  user=root
Jan  1 17:30:35 LabSZ sshd[10551]: Failed password for root from 123.235.32.19 port 43790 ssh2
Jan  1 17:30:35 LabSZ sshd[10551]: Received disconnect from 123.235.32.19: 11: Bye Bye [preauth]
Jan  1 17:30:36 LabSZ sshd[10553]: pam_unix(sshd:auth): authentication failure; logname= uid=0 euid=0 tty=ssh ruser= rhost=123.235.32.19  user=root
Jan  1 17:30:38 LabSZ sshd[10553]: Failed password for root from 123.235.32.19 port 55458 ssh2
Jan  1 17:30:38 LabSZ sshd[10553]: Received disconnect from 123.235.32.19: 11: Bye Bye [preauth]
Jan  1 17:30:40 LabSZ sshd[10555]: pam_unix(sshd:auth): authentication failure; logname= uid=0 euid=0 tty=ssh ruser= rhost=123.235.32.19  user=root
Jan  1 17:30:41 LabSZ sshd[10547]: message repeated 5 times: [ Failed password for root from 58.242.83.25 port 40814 ssh2]
Jan  1 17:30:41 LabSZ sshd[10547]: Disconnecting: Too many authentication failures for root [preauth]
Jan  1 17:30:41 LabSZ sshd[10547]: PAM 5 more authentication failures; logname= uid=0 euid=0 tty=ssh ruser= rhost=58.242.83.25  user=root
Jan  1 17:30:41 LabSZ sshd[10547]: PAM service(sshd) ignoring max retries; 6 > 3
Jan  1 17:30:42 LabSZ sshd[10555]: Failed password for root from 123.235.32.19 port 60704 ssh2
Jan  1 17:30:42 LabSZ sshd[10557]: pam_unix(sshd:auth): authentication failure; logname= uid=0 euid=0 tty=ssh ruser= rhost=58.242.83.25  user=root
Jan  1 17:30:45 LabSZ sshd[10557]: Failed password for root from 58.242.83.25 port 61276 ssh2
Jan  1 17:30:46 LabSZ sshd[10555]: Received disconnect from 123.235.32.19: 11: Bye Bye [preauth]
Jan  1 17:30:54 LabSZ sshd[10559]: pam_unix(sshd:auth): authentication failure; logname= uid=0 euid=0 tty=ssh ruser= rhost=123.235.32.19  user=root
Jan  1 17:30:56 LabSZ sshd[10559]: Failed password for root from 123.235.32.19 port 38696 ssh2
Jan  1 17:30:56 LabSZ sshd[10559]: Connection closed by 123.235.32.19 [preauth]
Jan  1 17:30:58 LabSZ sshd[10557]: message repeated 5 times: [ Failed password for root from 58.242.83.25 port 61276 ssh2]
Jan  1 17:30:58 LabSZ sshd[10557]: Disconnecting: Too many authentication failures for root [preauth]
Jan  1 17:30:58 LabSZ sshd[10557]: PAM 5 more authentication failures; logname= uid=0 euid=0 tty=ssh ruser= rhost=58.242.83.25  user=root
Jan  1 17:30:58 LabSZ sshd[10557]: PAM service(sshd) ignoring max retries; 6 > 3
Jan  1 17:30:59 LabSZ sshd[10561]: pam_unix(sshd:auth): authentication failure; logname= uid=0 euid=0 tty=ssh ruser= rhost=58.242.83.25  user=root
Jan  1 17:31:02 LabSZ sshd[10561]: Failed password for root from 58.242.83.25 port 18350 ssh2
Jan  1 17:31:03 LabSZ sshd[10563]: reverse mapping checking getaddrinfo for 30.30.65.218.broad.xy.jx.dynamic.163data.com.cn [218.65.30.30] failed - POSSIBLE BREAK-IN ATTEMPT!
Jan  1 17:31:03 LabSZ sshd[10563]: pam_unix(sshd:auth): authentication failure; logname= uid=0 euid=0 tty=ssh ruser= rhost=218.65.30.30  user=root
Jan  1 17:31:05 LabSZ sshd[10563]: Failed password for root from 218.65.30.30 port 58702 ssh2
Jan  1 17:31:14 LabSZ sshd[10561]: message repeated 5 times: [ Failed password for root from 58.242.83.25 port 18350 ssh2]
Jan  1 17:31:14 LabSZ sshd[10561]: Disconnecting: Too many authentication failures for root [preauth]
Jan  1 17:31:14 LabSZ sshd[10561]: PAM 5 more authentication failures; logname= uid=0 euid=0 tty=ssh ruser= rhost=58.242.83.25  user=root
Jan  1 17:31:14 LabSZ sshd[10561]: PAM service(sshd) ignoring max retries; 6 > 3
Jan  1 17:31:16 LabSZ sshd[10565]: pam_unix(sshd:auth): authentication failure; logname= uid=0 euid=0 tty=ssh ruser= rhost=58.242.83.25  user=root
Jan  1 17:31:18 LabSZ sshd[10563]: message repeated 5 times: [ Failed password for root from 218.65.30.30 port 58702 ssh2]
Jan  1 17:31:18 LabSZ sshd[10563]: Disconnecting: Too many authentication failures for root [preauth]
Jan  1 17:31:18 LabSZ sshd[10563]: PAM 5 more authentication failures; logname= uid=0 euid=0 tty=ssh ruser= rhost=218.65.30.30  user=root
Jan  1 17:31:18 LabSZ sshd[10563]: PAM service(sshd) ignoring max retries; 6 > 3
Jan  1 17:31:19 LabSZ sshd[10565]: Failed password for root from 58.242.83.25 port 39787 ssh2
Jan  1 17:31:20 LabSZ sshd[10567]: reverse mapping checking getaddrinfo for 30.30.65.218.broad.xy.jx.dynamic.163data.com.cn [218.65.30.30] failed - POSSIBLE BREAK-IN ATTEMPT!
Jan  1 17:31:20 LabSZ sshd[10567]: pam_unix(sshd:auth): authentication failure; logname= uid=0 euid=0 tty=ssh ruser= rhost=218.65.30.30  user=root
Jan  1 17:31:22 LabSZ sshd[10567]: Failed password for root from 218.65.30.30 port 33476 ssh2
Jan  1 17:31:31 LabSZ sshd[10565]: message repeated 5 times: [ Failed password for root from 58.242.83.25 port 39787 ssh2]
Jan  1 17:31:31 LabSZ sshd[10565]: Disconnecting: Too many authentication failures for root [preauth]
Jan  1 17:31:31 LabSZ sshd[10565]: PAM 5 more authentication failures; logname= uid=0 euid=0 tty=ssh ruser= rhost=58.242.83.25  user=root
Jan  1 17:31:31 LabSZ sshd[10565]: PAM service(sshd) ignoring max retries; 6 > 3
Jan  1 17:31:34 LabSZ sshd[10569]: pam_unix(sshd:auth): authentication failure; logname= uid=0 euid=0 tty=ssh ruser= rhost=58.242.83.25  user=root
Jan  1 17:31:34 LabSZ sshd[10567]: message repeated 5 times: [ Failed password for root from 218.65.30.30 port 33476 ssh2]
Jan  1 17:31:34 LabSZ sshd[10567]: Disconnecting: Too many authentication failures for root [preauth]
Jan  1 17:31:34 LabSZ sshd[10567]: PAM 5 more authentication failures; logname= uid=0 euid=0 tty=ssh ruser= rhost=218.65.30.30  user=root
Jan  1 17:31:34 LabSZ sshd[10567]: PAM service(sshd) ignoring max retries; 6 > 3
Jan  1 17:31:36 LabSZ sshd[10569]: Failed password for root from 58.242.83.25 port 61671 ssh2
Jan  1 17:31:37 LabSZ sshd[10571]: reverse mapping checking getaddrinfo for 30.30.65.218.broad.xy.jx.dynamic.163data.com.cn [218.65.30.30] failed - POSSIBLE BREAK-IN ATTEMPT!
Jan  1 17:31:37 LabSZ sshd[10571]: pam_unix(sshd:auth): authentication failure; logname= uid=0 euid=0 tty=ssh ruser= rhost=218.65.30.30  user=root
Jan  1 17:31:38 LabSZ sshd[10571]: Failed password for root from 218.65.30.30 port 5874 ssh2
Jan  1 17:31:49 LabSZ sshd[10569]: message repeated 5 times: [ Failed password for root from 58.242.83.25 port 61671 ssh2]
Jan  1 17:31:49 LabSZ sshd[10569]: Disconnecting: Too many authentication failures for root [preauth]
Jan  1 17:31:49 LabSZ sshd[10569]: PAM 5 more authentication failures; logname= uid=0 euid=0 tty=ssh ruser= rhost=58.242.83.25  user=root
Jan  1 17:31:49 LabSZ sshd[10569]: PAM service(sshd) ignoring max retries; 6 > 3
Jan  1 17:31:50 LabSZ sshd[10573]: pam_unix(sshd:auth): authentication failure; logname= uid=0 euid=0 tty=ssh ruser= rhost=58.242.83.25  user=root
Jan  1 17:31:52 LabSZ sshd[10571]: message repeated 5 times: [ Failed password for root from 218.65.30.30 port 5874 ssh2]
Jan  1 17:31:52 LabSZ sshd[10571]: Disconnecting: Too many authentication failures for root [preauth]
Jan  1 17:31:52 LabSZ sshd[10571]: PAM 5 more authentication failures; logname= uid=0 euid=0 tty=ssh ruser= rhost=218.65.30.30  user=root
Jan  1 17:31:52 LabSZ sshd[10571]: PAM service(sshd) ignoring max retries; 6 > 3
Jan  1 17:31:52 LabSZ sshd[10573]: Failed password for root from 58.242.83.25 port 20248 ssh2
Jan  1 17:31:53 LabSZ sshd[10575]: reverse mapping checking getaddrinfo for 30.30.65.218.broad.xy.jx.dynamic.163data.com.cn [218.65.30.30] failed - POSSIBLE BREAK-IN ATTEMPT!
Jan  1 17:31:53 LabSZ sshd[10575]: pam_unix(sshd:auth): authentication failure; logname= uid=0 euid=0 tty=ssh ruser= rhost=218.65.30.30  user=root
Jan  1 17:31:55 LabSZ sshd[10575]: Failed password for root from 218.65.30.30 port 45592 ssh2
Jan  1 17:32:04 LabSZ sshd[10573]: message repeated 5 times: [ Failed password for root from 58.242.83.25 port 20248 ssh2]
Jan  1 17:32:04 LabSZ sshd[10573]: Disconnecting: Too many authentication failures for root [preauth]
Jan  1 17:32:04 LabSZ sshd[10573]: PAM 5 more authentication failures; logname= uid=0 euid=0 tty=ssh ruser= rhost=58.242.83.25  user=root
Jan  1 17:32:04 LabSZ sshd[10573]: PAM service(sshd) ignoring max retries; 6 > 3
Jan  1 17:32:06 LabSZ sshd[10577]: pam_unix(sshd:auth): authentication failure; logname= uid=0 euid=0 tty=ssh ruser= rhost=58.242.83.25  user=root
Jan  1 17:32:07 LabSZ sshd[10575]: message repeated 5 times: [ Failed password for root from 218.65.30.30 port 45592 ssh2]
Jan  1 17:32:07 LabSZ sshd[10575]: Disconnecting: Too many authentication failures for root [preauth]
Jan  1 17:32:07 LabSZ sshd[10575]: PAM 5 more authentication failures; logname= uid=0 euid=0 tty=ssh ruser= rhost=218.65.30.30  user=root
Jan  1 17:32:07 LabSZ sshd[10575]: PAM service(sshd) ignoring max retries; 6 > 3
Jan  1 17:32:08 LabSZ sshd[10577]: Failed password for root from 58.242.83.25 port 39879 ssh2
Jan  1 17:32:08 LabSZ sshd[10579]: reverse mapping checking getaddrinfo for 30.30.65.218.broad.xy.jx.dynamic.163data.com.cn [218.65.30.30] failed - POSSIBLE BREAK-IN ATTEMPT!
Jan  1 17:32:08 LabSZ sshd[10579]: pam_unix(sshd:auth): authentication failure; logname= uid=0 euid=0 tty=ssh ruser= rhost=218.65.30.30  user=root
Jan  1 17:32:10 LabSZ sshd[10579]: Failed password for root from 218.65.30.30 port 17796 ssh2
Jan  1 17:32:18 LabSZ sshd[10581]: Invalid user ubnt from 188.170.109.26
Jan  1 17:32:18 LabSZ sshd[10581]: input_userauth_request: invalid user ubnt [preauth]
Jan  1 17:32:18 LabSZ sshd[10581]: pam_unix(sshd:auth): check pass; user unknown
Jan  1 17:32:18 LabSZ sshd[10581]: pam_unix(sshd:auth): authentication failure; logname= uid=0 euid=0 tty=ssh ruser= rhost=188.170.109.26 
Jan  1 17:32:19 LabSZ sshd[10577]: message repeated 5 times: [ Failed password for root from 58.242.83.25 port 39879 ssh2]
Jan  1 17:32:19 LabSZ sshd[10577]: Disconnecting: Too many authentication failures for root [preauth]
Jan  1 17:32:19 LabSZ sshd[10577]: PAM 5 more authentication failures; logname= uid=0 euid=0 tty=ssh ruser= rhost=58.242.83.25  user=root
Jan  1 17:32:19 LabSZ sshd[10577]: PAM service(sshd) ignoring max retries; 6 > 3
Jan  1 17:32:20 LabSZ sshd[10581]: Failed password for invalid user ubnt from 188.170.109.26 port 60347 ssh2
Jan  1 17:32:20 LabSZ sshd[10581]: pam_unix(sshd:auth): check pass; user unknown
Jan  1 17:32:21 LabSZ sshd[10583]: pam_unix(sshd:auth): authentication failure; logname= uid=0 euid=0 tty=ssh ruser= rhost=58.242.83.25  user=root
Jan  1 17:32:22 LabSZ sshd[10581]: Failed password for invalid user ubnt from 188.170.109.26 port 60347 ssh2
Jan  1 17:32:23 LabSZ sshd[10581]: pam_unix(sshd:auth): check pass; user unknown
Jan  1 17:32:23 LabSZ sshd[10583]: Failed password for root from 58.242.83.25 port 60081 ssh2
Jan  1 17:32:23 LabSZ sshd[10579]: message repeated 5 times: [ Failed password for root from 218.65.30.30 port 17796 ssh2]
Jan  1 17:32:23 LabSZ sshd[10579]: Disconnecting: Too many authentication failures for root [preauth]
Jan  1 17:32:23 LabSZ sshd[10579]: PAM 5 more authentication failures; logname= uid=0 euid=0 tty=ssh ruser= rhost=218.65.30.30  user=root
Jan  1 17:32:23 LabSZ sshd[10579]: PAM service(sshd) ignoring max retries; 6 > 3
Jan  1 17:32:24 LabSZ sshd[10581]: Failed password for invalid user ubnt from 188.170.109.26 port 60347 ssh2
Jan  1 17:32:25 LabSZ sshd[10585]: reverse mapping checking getaddrinfo for 30.30.65.218.broad.xy.jx.dynamic.163data.com.cn [218.65.30.30] failed - POSSIBLE BREAK-IN ATTEMPT!
Jan  1 17:32:25 LabSZ sshd[10585]: pam_unix(sshd:auth): authentication failure; logname= uid=0 euid=0 tty=ssh ruser= rhost=218.65.30.30  user=root
