Jan  4 03:12:03 LabSZ sshd[14598]: pam_unix(sshd:auth): authentication failure; logname= uid=0 euid=0 tty=ssh ruser= rhost=202.107.207.123 
Jan  4 03:12:05 LabSZ sshd[14598]: Failed password for invalid user db2fenc1 from 202.107.207.123 port 54710 ssh2
Jan  4 03:12:05 LabSZ sshd[14598]: Received disconnect from 202.107.207.123: 11: Bye Bye [preauth]
Jan  4 03:12:05 LabSZ sshd[14600]: Invalid user dasusr1 from 202.107.207.123
Jan  4 03:12:05 LabSZ sshd[14600]: input_userauth_request: invalid user dasusr1 [preauth]
Jan  4 03:12:05 LabSZ sshd[14600]: pam_unix(sshd:auth): check pass; user unknown
Jan  4 03:12:05 LabSZ sshd[14600]: pam_unix(sshd:auth): authentication failure; logname= uid=0 euid=0 tty=ssh ruser= rhost=202.107.207.123 
Jan  4 03:12:06 LabSZ sshd[14586]: message repeated 5 times: [ Failed password for root from 59.63.188.30 port 61757 ssh2]
Jan  4 03:12:06 LabSZ sshd[14586]: Disconnecting: Too many authentication failures for root [preauth]
Jan  4 03:12:06 LabSZ sshd[14586]: PAM 5 more authentication failures; logname= uid=0 euid=0 tty=ssh ruser= rhost=59.63.188.30  user=root
Jan  4 03:12:06 LabSZ sshd[14586]: PAM service(sshd) ignoring max retries; 6 > 3
Jan  4 03:12:07 LabSZ sshd[14602]: pam_unix(sshd:auth): authentication failure; logname= uid=0 euid=0 tty=ssh ruser= rhost=59.63.188.30  user=root
Jan  4 03:12:07 LabSZ sshd[14600]: Failed password for invalid user dasusr1 from 202.107.207.123 port 57854 ssh2
Jan  4 03:12:07 LabSZ sshd[14600]: Received disconnect from 202.107.207.123: 11: Bye Bye [preauth]
Jan  4 03:12:08 LabSZ sshd[14604]: Invalid user webadmin from 202.107.207.123
Jan  4 03:12:08 LabSZ sshd[14604]: input_userauth_request: invalid user webadmin [preauth]
Jan  4 03:12:08 LabSZ sshd[14604]: pam_unix(sshd:auth): check pass; user unknown
Jan  4 03:12:08 LabSZ sshd[14604]: pam_unix(sshd:auth): authentication failure; logname= uid=0 euid=0 tty=ssh ruser= rhost=202.107.207.123 
Jan  4 03:12:10 LabSZ sshd[14602]: Failed password for root from 59.63.188.30 port 19456 ssh2
Jan  4 03:12:10 LabSZ sshd[14604]: Failed password for invalid user webadmin from 202.107.207.123 port 32790 ssh2
Jan  4 03:12:10 LabSZ sshd[14604]: Received disconnect from 202.107.207.123: 11: Bye Bye [preauth]
Jan  4 03:12:11 LabSZ sshd[14606]: Invalid user weblogic from 202.107.207.123
Jan  4 03:12:11 LabSZ sshd[14606]: input_userauth_request: invalid user weblogic [preauth]
Jan  4 03:12:11 LabSZ sshd[14606]: pam_unix(sshd:auth): check pass; user unknown
Jan  4 03:12:11 LabSZ sshd[14606]: pam_unix(sshd:auth): authentication failure; logname= uid=0 euid=0 tty=ssh ruser= rhost=202.107.207.123 
Jan  4 03:12:12 LabSZ sshd[14592]: message repeated 5 times: [ Failed password for root from 59.63.188.30 port 6086 ssh2]
Jan  4 03:12:12 LabSZ sshd[14592]: Disconnecting: Too many authentication failures for root [preauth]
Jan  4 03:12:12 LabSZ sshd[14592]: PAM 5 more authentication failures; logname= uid=0 euid=0 tty=ssh ruser= rhost=59.63.188.30  user=root
Jan  4 03:12:12 LabSZ sshd[14592]: PAM service(sshd) ignoring max retries; 6 > 3
Jan  4 03:12:13 LabSZ sshd[14608]: pam_unix(sshd:auth): authentication failure; logname= uid=0 euid=0 tty=ssh ruser= rhost=59.63.188.30  user=root
Jan  4 03:12:13 LabSZ sshd[14606]: Failed password for invalid user weblogic from 202.107.207.123 port 36792 ssh2
Jan  4 03:12:13 LabSZ sshd[14606]: Received disconnect from 202.107.207.123: 11: Bye Bye [preauth]
Jan  4 03:12:13 LabSZ sshd[14610]: Invalid user trade from 202.107.207.123
Jan  4 03:12:13 LabSZ sshd[14610]: input_userauth_request: invalid user trade [preauth]
Jan  4 03:12:13 LabSZ sshd[14610]: pam_unix(sshd:auth): check pass; user unknown
Jan  4 03:12:13 LabSZ sshd[14610]: pam_unix(sshd:auth): authentication failure; logname= uid=0 euid=0 tty=ssh ruser= rhost=202.107.207.123 
Jan  4 03:12:15 LabSZ sshd[14608]: Failed password for root from 59.63.188.30 port 26771 ssh2
Jan  4 03:12:16 LabSZ sshd[14610]: Failed password for invalid user trade from 202.107.207.123 port 41058 ssh2
Jan  4 03:12:16 LabSZ sshd[14610]: Received disconnect from 202.107.207.123: 11: Bye Bye [preauth]
Jan  4 03:12:16 LabSZ sshd[14612]: Invalid user cmsftp from 202.107.207.123
Jan  4 03:12:16 LabSZ sshd[14612]: input_userauth_request: invalid user cmsftp [preauth]
Jan  4 03:12:16 LabSZ sshd[14612]: pam_unix(sshd:auth): check pass; user unknown
Jan  4 03:12:16 LabSZ sshd[14612]: pam_unix(sshd:auth): authentication failure; logname= uid=0 euid=0 tty=ssh ruser= rhost=202.107.207.123 
Jan  4 03:12:18 LabSZ sshd[14612]: Failed password for invalid user cmsftp from 202.107.207.123 port 45458 ssh2
Jan  4 03:12:18 LabSZ sshd[14612]: Received disconnect from 202.107.207.123: 11: Bye Bye [preauth]
Jan  4 03:12:19 LabSZ sshd[14614]: Invalid user hmsftp from 202.107.207.123
Jan  4 03:12:19 LabSZ sshd[14614]: input_userauth_request: invalid user hmsftp [preauth]
Jan  4 03:12:19 LabSZ sshd[14614]: pam_unix(sshd:auth): check pass; user unknown
Jan  4 03:12:19 LabSZ sshd[14614]: pam_unix(sshd:auth): authentication failure; logname= uid=0 euid=0 tty=ssh ruser= rhost=202.107.207.123 
Jan  4 03:12:21 LabSZ sshd[14614]: Failed password for invalid user hmsftp from 202.107.207.123 port 49220 ssh2
Jan  4 03:12:21 LabSZ sshd[14614]: Received disconnect from 202.107.207.123: 11: Bye Bye [preauth]
Jan  4 03:12:22 LabSZ sshd[14616]: Invalid user minecraft from 202.107.207.123
Jan  4 03:12:22 LabSZ sshd[14616]: input_userauth_request: invalid user minecraft [preauth]
Jan  4 03:12:22 LabSZ sshd[14616]: pam_unix(sshd:auth): check pass; user unknown
Jan  4 03:12:22 LabSZ sshd[14616]: pam_unix(sshd:auth): authentication failure; logname= uid=0 euid=0 tty=ssh ruser= rhost=202.107.207.123 
Jan  4 03:12:23 LabSZ sshd[14602]: message repeated 5 times: [ Failed password for root from 59.63.188.30 port 19456 ssh2]
Jan  4 03:12:23 LabSZ sshd[14602]: Disconnecting: Too many authentication failures for root [preauth]
Jan  4 03:12:23 LabSZ sshd[14602]: PAM 5 more authentication failures; logname= uid=0 euid=0 tty=ssh ruser= rhost=59.63.188.30  user=root
Jan  4 03:12:23 LabSZ sshd[14602]: PAM service(sshd) ignoring max retries; 6 > 3
Jan  4 03:12:24 LabSZ sshd[14616]: Failed password for invalid user minecraft from 202.107.207.123 port 53296 ssh2
Jan  4 03:12:24 LabSZ sshd[14616]: Received disconnect from 202.107.207.123: 11: Bye Bye [preauth]
Jan  4 03:12:24 LabSZ sshd[14618]: pam_unix(sshd:auth): authentication failure; logname= uid=0 euid=0 tty=ssh ruser= rhost=59.63.188.30  user=root
Jan  4 03:12:24 LabSZ sshd[14620]: Invalid user ts3 from 202.107.207.123
Jan  4 03:12:24 LabSZ sshd[14620]: input_userauth_request: invalid user ts3 [preauth]
Jan  4 03:12:24 LabSZ sshd[14620]: pam_unix(sshd:auth): check pass; user unknown
Jan  4 03:12:24 LabSZ sshd[14620]: pam_unix(sshd:auth): authentication failure; logname= uid=0 euid=0 tty=ssh ruser= rhost=202.107.207.123 
Jan  4 03:12:26 LabSZ sshd[14618]: Failed password for root from 59.63.188.30 port 41606 ssh2
Jan  4 03:12:26 LabSZ sshd[14620]: Failed password for invalid user ts3 from 202.107.207.123 port 56334 ssh2
Jan  4 03:12:26 LabSZ sshd[14620]: Received disconnect from 202.107.207.123: 11: Bye Bye [preauth]
Jan  4 03:12:27 LabSZ sshd[14622]: Invalid user teamspeak from 202.107.207.123
Jan  4 03:12:27 LabSZ sshd[14622]: input_userauth_request: invalid user teamspeak [preauth]
Jan  4 03:12:27 LabSZ sshd[14622]: pam_unix(sshd:auth): check pass; user unknown
Jan  4 03:12:27 LabSZ sshd[14622]: pam_unix(sshd:auth): authentication failure; logname= uid=0 euid=0 tty=ssh ruser= rhost=202.107.207.123 
Jan  4 03:12:29 LabSZ sshd[14622]: Failed password for invalid user teamspeak from 202.107.207.123 port 59848 ssh2
Jan  4 03:12:29 LabSZ sshd[14622]: Received disconnect from 202.107.207.123: 11: Bye Bye [preauth]
Jan  4 03:12:29 LabSZ sshd[14608]: message repeated 5 times: [ Failed password for root from 59.63.188.30 port 26771 ssh2]
Jan  4 03:12:29 LabSZ sshd[14608]: Disconnecting: Too many authentication failures for root [preauth]
Jan  4 03:12:29 LabSZ sshd[14608]: PAM 5 more authentication failures; logname= uid=0 euid=0 tty=ssh ruser= rhost=59.63.188.30  user=root
Jan  4 03:12:29 LabSZ sshd[14608]: PAM service(sshd) ignoring max retries; 6 > 3
Jan  4 03:12:29 LabSZ sshd[14624]: pam_unix(sshd:auth): authentication failure; logname= uid=0 euid=0 tty=ssh ruser= rhost=202.107.207.123  user=git
Jan  4 03:12:30 LabSZ sshd[14626]: pam_unix(sshd:auth): authentication failure; logname= uid=0 euid=0 tty=ssh ruser= rhost=59.63.188.30  user=root
Jan  4 03:12:31 LabSZ sshd[14624]: Failed password for git from 202.107.207.123 port 35724 ssh2
Jan  4 03:12:31 LabSZ sshd[14624]: Received disconnect from 202.107.207.123: 11: Bye Bye [preauth]
Jan  4 03:12:31 LabSZ sshd[14628]: pam_unix(sshd:auth): authentication failure; logname= uid=0 euid=0 tty=ssh ruser= rhost=202.107.207.123  user=git
Jan  4 03:12:32 LabSZ sshd[14626]: Failed password for root from 59.63.188.30 port 48290 ssh2
Jan  4 03:12:34 LabSZ sshd[14628]: Failed password for git from 202.107.207.123 port 39592 ssh2
Jan  4 03:12:34 LabSZ sshd[14628]: Received disconnect from 202.107.207.123: 11: Bye Bye [preauth]
Jan  4 03:12:34 LabSZ sshd[14630]: pam_unix(sshd:auth): authentication failure; logname= uid=0 euid=0 tty=ssh ruser= rhost=202.107.207.123  user=git
Jan  4 03:12:36 LabSZ sshd[14630]: Failed password for git from 202.107.207.123 port 43856 ssh2
Jan  4 03:12:36 LabSZ sshd[14630]: Received disconnect from 202.107.207.123: 11: Bye Bye [preauth]
Jan  4 03:12:36 LabSZ sshd[14632]: Invalid user oracle from 202.107.207.123
Jan  4 03:12:36 LabSZ sshd[14632]: input_userauth_request: invalid user oracle [preauth]
Jan  4 03:12:36 LabSZ sshd[14632]: pam_unix(sshd:auth): check pass; user unknown
Jan  4 03:12:36 LabSZ sshd[14632]: pam_unix(sshd:auth): authentication failure; logname= uid=0 euid=0 tty=ssh ruser= rhost=202.107.207.123 
Jan  4 03:12:39 LabSZ sshd[14632]: Failed password for invalid user oracle from 202.107.207.123 port 47212 ssh2
Jan  4 03:12:39 LabSZ sshd[14632]: Received disconnect from 202.107.207.123: 11: Bye Bye [preauth]
Jan  4 03:12:40 LabSZ sshd[14618]: message repeated 5 times: [ Failed password for root from 59.63.188.30 port 41606 ssh2]
Jan  4 03:12:40 LabSZ sshd[14618]: Disconnecting: Too many authentication failures for root [preauth]
Jan  4 03:12:40 LabSZ sshd[14618]: PAM 5 more authentication failures; logname= uid=0 euid=0 tty=ssh ruser= rhost=59.63.188.30  user=root
Jan  4 03:12:40 LabSZ sshd[14618]: PAM service(sshd) ignoring max retries; 6 > 3
