Dec 10 11:04:04 LabSZ sshd[25480]: Received disconnect from 183.62.140.253: 11: Bye Bye [preauth]
Dec 10 11:04:05 LabSZ sshd[25482]: pam_unix(sshd:auth): authentication failure; logname= uid=0 euid=0 tty=ssh ruser= rhost=183.62.140.253  user=root
Dec 10 11:04:06 LabSZ sshd[25482]: Failed password for root from 183.62.140.253 port 57631 ssh2
Dec 10 11:04:06 LabSZ sshd[25482]: Received disconnect from 183.62.140.253: 11: Bye Bye [preauth]
Dec 10 11:04:06 LabSZ sshd[25487]: pam_unix(sshd:auth): authentication failure; logname= uid=0 euid=0 tty=ssh ruser= rhost=183.62.140.253  user=root
Dec 10 11:04:07 LabSZ sshd[25484]: Invalid user admin from 103.99.0.122
Dec 10 11:04:07 LabSZ sshd[25484]: input_userauth_request: invalid user admin [preauth]
Dec 10 11:04:07 LabSZ sshd[25484]: pam_unix(sshd:auth): check pass; user unknown
Dec 10 11:04:07 LabSZ sshd[25484]: pam_unix(sshd:auth): authentication failure; logname= uid=0 euid=0 tty=ssh ruser= rhost=103.99.0.122 
Dec 10 11:04:08 LabSZ sshd[25487]: Failed password for root from 183.62.140.253 port 57916 ssh2
Dec 10 11:04:08 LabSZ sshd[25487]: Received disconnect from 183.62.140.253: 11: Bye Bye [preauth]
Dec 10 11:04:08 LabSZ sshd[25490]: pam_unix(sshd:auth): authentication failure; logname= uid=0 euid=0 tty=ssh ruser= rhost=183.62.140.253  user=root
Dec 10 11:04:10 LabSZ sshd[25484]: Failed password for invalid user admin from 103.99.0.122 port 64031 ssh2
Dec 10 11:04:10 LabSZ sshd[25484]: error: Received disconnect from 103.99.0.122: 14: No more user authentication methods available. [preauth]
Dec 10 11:04:11 LabSZ sshd[25490]: Failed password for root from 183.62.140.253 port 58365 ssh2
Dec 10 11:04:11 LabSZ sshd[25490]: Received disconnect from 183.62.140.253: 11: Bye Bye [preauth]
Dec 10 11:04:11 LabSZ sshd[25494]: pam_unix(sshd:auth): authentication failure; logname= uid=0 euid=0 tty=ssh ruser= rhost=183.62.140.253  user=root
Dec 10 11:04:12 LabSZ sshd[25492]: Invalid user ubnt from 103.99.0.122
Dec 10 11:04:12 LabSZ sshd[25492]: input_userauth_request: invalid user ubnt [preauth]
Dec 10 11:04:12 LabSZ sshd[25492]: pam_unix(sshd:auth): check pass; user unknown
Dec 10 11:04:12 LabSZ sshd[25492]: pam_unix(sshd:auth): authentication failure; logname= uid=0 euid=0 tty=ssh ruser= rhost=103.99.0.122 
Dec 10 11:04:13 LabSZ sshd[25494]: Failed password for root from 183.62.140.253 port 58869 ssh2
Dec 10 11:04:13 LabSZ sshd[25494]: Received disconnect from 183.62.140.253: 11: Bye Bye [preauth]
Dec 10 11:04:13 LabSZ sshd[25497]: pam_unix(sshd:auth): authentication failure; logname= uid=0 euid=0 tty=ssh ruser= rhost=183.62.140.253  user=root
Dec 10 11:04:14 LabSZ sshd[25492]: Failed password for invalid user ubnt from 103.99.0.122 port 64908 ssh2
Dec 10 11:04:15 LabSZ sshd[25492]: error: Received disconnect from 103.99.0.122: 14: No more user authentication methods available. [preauth]
Dec 10 11:04:16 LabSZ sshd[25497]: Failed password for root from 183.62.140.253 port 59303 ssh2
Dec 10 11:04:16 LabSZ sshd[25497]: Received disconnect from 183.62.140.253: 11: Bye Bye [preauth]
Dec 10 11:04:16 LabSZ sshd[25501]: pam_unix(sshd:auth): authentication failure; logname= uid=0 euid=0 tty=ssh ruser= rhost=183.62.140.253  user=root
Dec 10 11:04:16 LabSZ sshd[25499]: pam_unix(sshd:auth): authentication failure; logname= uid=0 euid=0 tty=ssh ruser= rhost=103.99.0.122  user=uucp
Dec 10 11:04:17 LabSZ sshd[25501]: Failed password for root from 183.62.140.253 port 59702 ssh2
Dec 10 11:04:17 LabSZ sshd[25501]: Received disconnect from 183.62.140.253: 11: Bye Bye [preauth]
Dec 10 11:04:18 LabSZ sshd[25503]: pam_unix(sshd:auth): authentication failure; logname= uid=0 euid=0 tty=ssh ruser= rhost=183.62.140.253  user=root
Dec 10 11:04:18 LabSZ sshd[25499]: Failed password for uucp from 103.99.0.122 port 65454 ssh2
Dec 10 11:04:18 LabSZ sshd[25499]: error: Received disconnect from 103.99.0.122: 14: No more user authentication methods available. [preauth]
Dec 10 11:04:20 LabSZ sshd[25503]: Failed password for root from 183.62.140.253 port 60061 ssh2
Dec 10 11:04:20 LabSZ sshd[25503]: Received disconnect from 183.62.140.253: 11: Bye Bye [preauth]
Dec 10 11:04:20 LabSZ sshd[25508]: pam_unix(sshd:auth): authentication failure; logname= uid=0 euid=0 tty=ssh ruser= rhost=183.62.140.253  user=root
Dec 10 11:04:21 LabSZ sshd[25505]: pam_unix(sshd:auth): authentication failure; logname= uid=0 euid=0 tty=ssh ruser= rhost=103.99.0.122  user=sshd
Dec 10 11:04:23 LabSZ sshd[25508]: Failed password for root from 183.62.140.253 port 60554 ssh2
Dec 10 11:04:23 LabSZ sshd[25508]: Received disconnect from 183.62.140.253: 11: Bye Bye [preauth]
Dec 10 11:04:23 LabSZ sshd[25511]: pam_unix(sshd:auth): authentication failure; logname= uid=0 euid=0 tty=ssh ruser= rhost=183.62.140.253  user=root
Dec 10 11:04:23 LabSZ sshd[25505]: Failed password for sshd from 103.99.0.122 port 49598 ssh2
Dec 10 11:04:23 LabSZ sshd[25505]: error: Received disconnect from 103.99.0.122: 14: No more user authentication methods available. [preauth]
Dec 10 11:04:25 LabSZ sshd[25511]: Failed password for root from 183.62.140.253 port 32826 ssh2
Dec 10 11:04:25 LabSZ sshd[25511]: Received disconnect from 183.62.140.253: 11: Bye Bye [preauth]
Dec 10 11:04:25 LabSZ sshd[25516]: pam_unix(sshd:auth): authentication failure; logname= uid=0 euid=0 tty=ssh ruser= rhost=183.62.140.253  user=root
Dec 10 11:04:25 LabSZ sshd[25513]: Invalid user admin from 103.99.0.122
Dec 10 11:04:25 LabSZ sshd[25513]: input_userauth_request: invalid user admin [preauth]
Dec 10 11:04:25 LabSZ sshd[25513]: pam_unix(sshd:auth): check pass; user unknown
Dec 10 11:04:25 LabSZ sshd[25513]: pam_unix(sshd:auth): authentication failure; logname= uid=0 euid=0 tty=ssh ruser= rhost=103.99.0.122 
Dec 10 11:04:27 LabSZ sshd[25516]: Failed password for root from 183.62.140.253 port 33233 ssh2
Dec 10 11:04:27 LabSZ sshd[25516]: Received disconnect from 183.62.140.253: 11: Bye Bye [preauth]
Dec 10 11:04:27 LabSZ sshd[25513]: Failed password for invalid user admin from 103.99.0.122 port 50289 ssh2
Dec 10 11:04:27 LabSZ sshd[25519]: pam_unix(sshd:auth): authentication failure; logname= uid=0 euid=0 tty=ssh ruser= rhost=183.62.140.253  user=root
Dec 10 11:04:28 LabSZ sshd[25513]: error: Received disconnect from 103.99.0.122: 14: No more user authentication methods available. [preauth]
Dec 10 11:04:30 LabSZ sshd[25519]: Failed password for root from 183.62.140.253 port 33665 ssh2
Dec 10 11:04:30 LabSZ sshd[25519]: Received disconnect from 183.62.140.253: 11: Bye Bye [preauth]
Dec 10 11:04:30 LabSZ sshd[25523]: pam_unix(sshd:auth): authentication failure; logname= uid=0 euid=0 tty=ssh ruser= rhost=183.62.140.253  user=root
Dec 10 11:04:30 LabSZ sshd[25521]: Invalid user cisco from 103.99.0.122
Dec 10 11:04:30 LabSZ sshd[25521]: input_userauth_request: invalid user cisco [preauth]
Dec 10 11:04:30 LabSZ sshd[25521]: pam_unix(sshd:auth): check pass; user unknown
Dec 10 11:04:30 LabSZ sshd[25521]: pam_unix(sshd:auth): authentication failure; logname= uid=0 euid=0 tty=ssh ruser= rhost=103.99.0.122 
Dec 10 11:04:32 LabSZ sshd[25523]: Failed password for root from 183.62.140.253 port 34100 ssh2
Dec 10 11:04:32 LabSZ sshd[25523]: Received disconnect from 183.62.140.253: 11: Bye Bye [preauth]
Dec 10 11:04:32 LabSZ sshd[25521]: Failed password for invalid user cisco from 103.99.0.122 port 50890 ssh2
Dec 10 11:04:32 LabSZ sshd[25525]: pam_unix(sshd:auth): authentication failure; logname= uid=0 euid=0 tty=ssh ruser= rhost=183.62.140.253  user=root
Dec 10 11:04:33 LabSZ sshd[25521]: error: Received disconnect from 103.99.0.122: 14: No more user authentication methods available. [preauth]
Dec 10 11:04:34 LabSZ sshd[25527]: Invalid user test from 103.99.0.122
Dec 10 11:04:34 LabSZ sshd[25527]: input_userauth_request: invalid user test [preauth]
Dec 10 11:04:34 LabSZ sshd[25527]: pam_unix(sshd:auth): check pass; user unknown
Dec 10 11:04:34 LabSZ sshd[25527]: pam_unix(sshd:auth): authentication failure; logname= uid=0 euid=0 tty=ssh ruser= rhost=103.99.0.122 
Dec 10 11:04:35 LabSZ sshd[25525]: Failed password for root from 183.62.140.253 port 34642 ssh2
Dec 10 11:04:35 LabSZ sshd[25525]: Received disconnect from 183.62.140.253: 11: Bye Bye [preauth]
Dec 10 11:04:35 LabSZ sshd[25530]: pam_unix(sshd:auth): authentication failure; logname= uid=0 euid=0 tty=ssh ruser= rhost=183.62.140.253  user=root
Dec 10 11:04:36 LabSZ sshd[25527]: Failed password for invalid user test from 103.99.0.122 port 51592 ssh2
Dec 10 11:04:37 LabSZ sshd[25527]: error: Received disconnect from 103.99.0.122: 14: No more user authentication methods available. [preauth]
Dec 10 11:04:37 LabSZ sshd[25530]: Failed password for root from 183.62.140.253 port 35101 ssh2
Dec 10 11:04:37 LabSZ sshd[25530]: Received disconnect from 183.62.140.253: 11: Bye Bye [preauth]
Dec 10 11:04:37 LabSZ sshd[25532]: pam_unix(sshd:auth): authentication failure; logname= uid=0 euid=0 tty=ssh ruser= rhost=183.62.140.253  user=root
Dec 10 11:04:38 LabSZ sshd[25534]: Invalid user guest from 103.99.0.122
Dec 10 11:04:38 LabSZ sshd[25534]: input_userauth_request: invalid user guest [preauth]
Dec 10 11:04:38 LabSZ sshd[25534]: pam_unix(sshd:auth): check pass; user unknown
Dec 10 11:04:38 LabSZ sshd[25534]: pam_unix(sshd:auth): authentication failure; logname= uid=0 euid=0 tty=ssh ruser= rhost=103.99.0.122 
Dec 10 11:04:40 LabSZ sshd[25532]: Failed password for root from 183.62.140.253 port 35545 ssh2
Dec 10 11:04:40 LabSZ sshd[25532]: Received disconnect from 183.62.140.253: 11: Bye Bye [preauth]
Dec 10 11:04:40 LabSZ sshd[25534]: Failed password for invalid user guest from 103.99.0.122 port 52172 ssh2
Dec 10 11:04:40 LabSZ sshd[25537]: pam_unix(sshd:auth): authentication failure; logname= uid=0 euid=0 tty=ssh ruser= rhost=183.62.140.253  user=root
Dec 10 11:04:41 LabSZ sshd[25534]: error: Received disconnect from 103.99.0.122: 14: No more user authentication methods available. [preauth]
Dec 10 11:04:41 LabSZ sshd[25537]: Failed password for root from 183.62.140.253 port 36027 ssh2
Dec 10 11:04:41 LabSZ sshd[25537]: Received disconnect from 183.62.140.253: 11: Bye Bye [preauth]
Dec 10 11:04:41 LabSZ sshd[25541]: pam_unix(sshd:auth): authentication failure; logname= uid=0 euid=0 tty=ssh ruser= rhost=183.62.140.253  user=root
Dec 10 11:04:42 LabSZ sshd[25539]: Invalid user user from 103.99.0.122
Dec 10 11:04:42 LabSZ sshd[25539]: input_userauth_request: invalid user user [preauth]
Dec 10 11:04:42 LabSZ sshd[25539]: pam_unix(sshd:auth): check pass; user unknown
Dec 10 11:04:42 LabSZ sshd[25539]: pam_unix(sshd:auth): authentication failure; logname= uid=0 euid=0 tty=ssh ruser= rhost=103.99.0.122 
Dec 10 11:04:43 LabSZ sshd[25541]: Failed password for root from 183.62.140.253 port 36300 ssh2
Dec 10 11:04:43 LabSZ sshd[25541]: Received disconnect from 183.62.140.253: 11: Bye Bye [preauth]
Dec 10 11:04:43 LabSZ sshd[25544]: pam_unix(sshd:auth): authentication failure; logname= uid=0 euid=0 tty=ssh ruser= rhost=183.62.140.253  user=root
Dec 10 11:04:45 LabSZ sshd[25539]: Failed password for invalid user user from 103.99.0.122 port 52683 ssh2
