Jan  4 14:25:51 LabSZ sshd[569]: PAM service(sshd) ignoring max retries; 6 > 3
Jan  4 14:25:52 LabSZ sshd[573]: pam_unix(sshd:auth): authentication failure; logname= uid=0 euid=0 tty=ssh ruser= rhost=59.63.188.30  user=root
Jan  4 14:25:55 LabSZ sshd[571]: message repeated 5 times: [ Failed password for root from 59.63.188.30 port 27153 ssh2]
Jan  4 14:25:55 LabSZ sshd[571]: Disconnecting: Too many authentication failures for root [preauth]
Jan  4 14:25:55 LabSZ sshd[571]: PAM 5 more authentication failures; logname= uid=0 euid=0 tty=ssh ruser= rhost=59.63.188.30  user=root
Jan  4 14:25:55 LabSZ sshd[571]: PAM service(sshd) ignoring max retries; 6 > 3
Jan  4 14:25:55 LabSZ sshd[573]: Failed password for root from 59.63.188.30 port 42236 ssh2
Jan  4 14:25:56 LabSZ sshd[575]: pam_unix(sshd:auth): authentication failure; logname= uid=0 euid=0 tty=ssh ruser= rhost=59.63.188.30  user=root
Jan  4 14:25:58 LabSZ sshd[575]: Failed password for root from 59.63.188.30 port 45912 ssh2
Jan  4 14:26:07 LabSZ sshd[573]: message repeated 5 times: [ Failed password for root from 59.63.188.30 port 42236 ssh2]
Jan  4 14:26:07 LabSZ sshd[573]: Disconnecting: Too many authentication failures for root [preauth]
Jan  4 14:26:07 LabSZ sshd[573]: PAM 5 more authentication failures; logname= uid=0 euid=0 tty=ssh ruser= rhost=59.63.188.30  user=root
Jan  4 14:26:07 LabSZ sshd[573]: PAM service(sshd) ignoring max retries; 6 > 3
Jan  4 14:26:09 LabSZ sshd[577]: pam_unix(sshd:auth): authentication failure; logname= uid=0 euid=0 tty=ssh ruser= rhost=59.63.188.30  user=root
Jan  4 14:26:10 LabSZ sshd[575]: message repeated 5 times: [ Failed password for root from 59.63.188.30 port 45912 ssh2]
Jan  4 14:26:10 LabSZ sshd[575]: Disconnecting: Too many authentication failures for root [preauth]
Jan  4 14:26:10 LabSZ sshd[575]: PAM 5 more authentication failures; logname= uid=0 euid=0 tty=ssh ruser= rhost=59.63.188.30  user=root
Jan  4 14:26:10 LabSZ sshd[575]: PAM service(sshd) ignoring max retries; 6 > 3
Jan  4 14:26:11 LabSZ sshd[577]: Failed password for root from 59.63.188.30 port 61357 ssh2
Jan  4 14:26:11 LabSZ sshd[579]: pam_unix(sshd:auth): authentication failure; logname= uid=0 euid=0 tty=ssh ruser= rhost=59.63.188.30  user=root
Jan  4 14:26:14 LabSZ sshd[579]: Failed password for root from 59.63.188.30 port 64235 ssh2
Jan  4 14:26:24 LabSZ sshd[577]: message repeated 5 times: [ Failed password for root from 59.63.188.30 port 61357 ssh2]
Jan  4 14:26:24 LabSZ sshd[577]: Disconnecting: Too many authentication failures for root [preauth]
Jan  4 14:26:24 LabSZ sshd[577]: PAM 5 more authentication failures; logname= uid=0 euid=0 tty=ssh ruser= rhost=59.63.188.30  user=root
Jan  4 14:26:24 LabSZ sshd[577]: PAM service(sshd) ignoring max retries; 6 > 3
Jan  4 14:26:26 LabSZ sshd[581]: pam_unix(sshd:auth): authentication failure; logname= uid=0 euid=0 tty=ssh ruser= rhost=59.63.188.30  user=root
Jan  4 14:26:27 LabSZ sshd[579]: message repeated 5 times: [ Failed password for root from 59.63.188.30 port 64235 ssh2]
Jan  4 14:26:27 LabSZ sshd[579]: Disconnecting: Too many authentication failures for root [preauth]
Jan  4 14:26:27 LabSZ sshd[579]: PAM 5 more authentication failures; logname= uid=0 euid=0 tty=ssh ruser= rhost=59.63.188.30  user=root
Jan  4 14:26:27 LabSZ sshd[579]: PAM service(sshd) ignoring max retries; 6 > 3
Jan  4 14:26:28 LabSZ sshd[581]: Failed password for root from 59.63.188.30 port 16431 ssh2
Jan  4 14:26:28 LabSZ sshd[583]: pam_unix(sshd:auth): authentication failure; logname= uid=0 euid=0 tty=ssh ruser= rhost=59.63.188.30  user=root
Jan  4 14:26:31 LabSZ sshd[583]: Failed password for root from 59.63.188.30 port 18966 ssh2
Jan  4 14:26:40 LabSZ sshd[581]: message repeated 5 times: [ Failed password for root from 59.63.188.30 port 16431 ssh2]
Jan  4 14:26:40 LabSZ sshd[581]: Disconnecting: Too many authentication failures for root [preauth]
Jan  4 14:26:40 LabSZ sshd[581]: PAM 5 more authentication failures; logname= uid=0 euid=0 tty=ssh ruser= rhost=59.63.188.30  user=root
Jan  4 14:26:40 LabSZ sshd[581]: PAM service(sshd) ignoring max retries; 6 > 3
Jan  4 14:26:41 LabSZ sshd[585]: pam_unix(sshd:auth): authentication failure; logname= uid=0 euid=0 tty=ssh ruser= rhost=59.63.188.30  user=root
Jan  4 14:26:43 LabSZ sshd[583]: message repeated 5 times: [ Failed password for root from 59.63.188.30 port 18966 ssh2]
Jan  4 14:26:43 LabSZ sshd[583]: Disconnecting: Too many authentication failures for root [preauth]
Jan  4 14:26:43 LabSZ sshd[583]: PAM 5 more authentication failures; logname= uid=0 euid=0 tty=ssh ruser= rhost=59.63.188.30  user=root
Jan  4 14:26:43 LabSZ sshd[583]: PAM service(sshd) ignoring max retries; 6 > 3
Jan  4 14:26:44 LabSZ sshd[585]: Failed password for root from 59.63.188.30 port 34141 ssh2
Jan  4 14:26:44 LabSZ sshd[587]: pam_unix(sshd:auth): authentication failure; logname= uid=0 euid=0 tty=ssh ruser= rhost=59.63.188.30  user=root
Jan  4 14:26:47 LabSZ sshd[587]: Failed password for root from 59.63.188.30 port 37651 ssh2
Jan  4 14:26:58 LabSZ sshd[589]: Invalid user admin from 115.200.122.231
Jan  4 14:26:58 LabSZ sshd[589]: input_userauth_request: invalid user admin [preauth]
Jan  4 14:26:58 LabSZ sshd[589]: pam_unix(sshd:auth): check pass; user unknown
Jan  4 14:26:58 LabSZ sshd[589]: pam_unix(sshd:auth): authentication failure; logname= uid=0 euid=0 tty=ssh ruser= rhost=115.200.122.231 
Jan  4 14:26:58 LabSZ sshd[585]: message repeated 5 times: [ Failed password for root from 59.63.188.30 port 34141 ssh2]
Jan  4 14:26:58 LabSZ sshd[585]: Disconnecting: Too many authentication failures for root [preauth]
Jan  4 14:26:58 LabSZ sshd[585]: PAM 5 more authentication failures; logname= uid=0 euid=0 tty=ssh ruser= rhost=59.63.188.30  user=root
Jan  4 14:26:58 LabSZ sshd[585]: PAM service(sshd) ignoring max retries; 6 > 3
Jan  4 14:26:59 LabSZ sshd[591]: pam_unix(sshd:auth): authentication failure; logname= uid=0 euid=0 tty=ssh ruser= rhost=59.63.188.30  user=root
Jan  4 14:27:00 LabSZ sshd[589]: Failed password for invalid user admin from 115.200.122.231 port 37476 ssh2
Jan  4 14:27:00 LabSZ sshd[589]: pam_unix(sshd:auth): check pass; user unknown
Jan  4 14:27:01 LabSZ sshd[587]: message repeated 5 times: [ Failed password for root from 59.63.188.30 port 37651 ssh2]
Jan  4 14:27:01 LabSZ sshd[587]: Disconnecting: Too many authentication failures for root [preauth]
Jan  4 14:27:01 LabSZ sshd[587]: PAM 5 more authentication failures; logname= uid=0 euid=0 tty=ssh ruser= rhost=59.63.188.30  user=root
Jan  4 14:27:01 LabSZ sshd[587]: PAM service(sshd) ignoring max retries; 6 > 3
Jan  4 14:27:02 LabSZ sshd[591]: Failed password for root from 59.63.188.30 port 54091 ssh2
Jan  4 14:27:02 LabSZ sshd[593]: pam_unix(sshd:auth): authentication failure; logname= uid=0 euid=0 tty=ssh ruser= rhost=59.63.188.30  user=root
Jan  4 14:27:02 LabSZ sshd[589]: Failed password for invalid user admin from 115.200.122.231 port 37476 ssh2
Jan  4 14:27:02 LabSZ sshd[589]: pam_unix(sshd:auth): check pass; user unknown
Jan  4 14:27:04 LabSZ sshd[593]: Failed password for root from 59.63.188.30 port 56534 ssh2
Jan  4 14:27:04 LabSZ sshd[589]: Failed password for invalid user admin from 115.200.122.231 port 37476 ssh2
Jan  4 14:27:04 LabSZ sshd[589]: pam_unix(sshd:auth): check pass; user unknown
Jan  4 14:27:06 LabSZ sshd[589]: Failed password for invalid user admin from 115.200.122.231 port 37476 ssh2
Jan  4 14:27:06 LabSZ sshd[589]: pam_unix(sshd:auth): check pass; user unknown
Jan  4 14:27:08 LabSZ sshd[589]: Failed password for invalid user admin from 115.200.122.231 port 37476 ssh2
Jan  4 14:27:08 LabSZ sshd[589]: pam_unix(sshd:auth): check pass; user unknown
Jan  4 14:27:10 LabSZ sshd[589]: Failed password for invalid user admin from 115.200.122.231 port 37476 ssh2
Jan  4 14:27:10 LabSZ sshd[589]: Disconnecting: Too many authentication failures for admin [preauth]
Jan  4 14:27:10 LabSZ sshd[589]: PAM 5 more authentication failures; logname= uid=0 euid=0 tty=ssh ruser= rhost=115.200.122.231 
Jan  4 14:27:10 LabSZ sshd[589]: PAM service(sshd) ignoring max retries; 6 > 3
Jan  4 14:27:15 LabSZ sshd[591]: message repeated 5 times: [ Failed password for root from 59.63.188.30 port 54091 ssh2]
Jan  4 14:27:15 LabSZ sshd[591]: Disconnecting: Too many authentication failures for root [preauth]
Jan  4 14:27:15 LabSZ sshd[591]: PAM 5 more authentication failures; logname= uid=0 euid=0 tty=ssh ruser= rhost=59.63.188.30  user=root
Jan  4 14:27:15 LabSZ sshd[591]: PAM service(sshd) ignoring max retries; 6 > 3
Jan  4 14:27:16 LabSZ sshd[595]: pam_unix(sshd:auth): authentication failure; logname= uid=0 euid=0 tty=ssh ruser= rhost=59.63.188.30  user=root
Jan  4 14:27:17 LabSZ sshd[593]: message repeated 5 times: [ Failed password for root from 59.63.188.30 port 56534 ssh2]
Jan  4 14:27:17 LabSZ sshd[593]: Disconnecting: Too many authentication failures for root [preauth]
Jan  4 14:27:17 LabSZ sshd[593]: PAM 5 more authentication failures; logname= uid=0 euid=0 tty=ssh ruser= rhost=59.63.188.30  user=root
Jan  4 14:27:17 LabSZ sshd[593]: PAM service(sshd) ignoring max retries; 6 > 3
Jan  4 14:27:18 LabSZ sshd[595]: Failed password for root from 59.63.188.30 port 8847 ssh2
Jan  4 14:27:19 LabSZ sshd[597]: pam_unix(sshd:auth): authentication failure; logname= uid=0 euid=0 tty=ssh ruser= rhost=59.63.188.30  user=root
Jan  4 14:27:21 LabSZ sshd[597]: Failed password for root from 59.63.188.30 port 11642 ssh2
Jan  4 14:27:31 LabSZ sshd[595]: message repeated 5 times: [ Failed password for root from 59.63.188.30 port 8847 ssh2]
Jan  4 14:27:31 LabSZ sshd[595]: Disconnecting: Too many authentication failures for root [preauth]
Jan  4 14:27:31 LabSZ sshd[595]: PAM 5 more authentication failures; logname= uid=0 euid=0 tty=ssh ruser= rhost=59.63.188.30  user=root
Jan  4 14:27:31 LabSZ sshd[595]: PAM service(sshd) ignoring max retries; 6 > 3
Jan  4 14:27:33 LabSZ sshd[599]: pam_unix(sshd:auth): authentication failure; logname= uid=0 euid=0 tty=ssh ruser= rhost=59.63.188.30  user=root
Jan  4 14:27:34 LabSZ sshd[597]: message repeated 5 times: [ Failed password for root from 59.63.188.30 port 11642 ssh2]
Jan  4 14:27:34 LabSZ sshd[597]: Disconnecting: Too many authentication failures for root [preauth]
Jan  4 14:27:34 LabSZ sshd[597]: PAM 5 more authentication failures; logname= uid=0 euid=0 tty=ssh ruser= rhost=59.63.188.30  user=root
Jan  4 14:27:34 LabSZ sshd[597]: PAM service(sshd) ignoring max retries; 6 > 3
Jan  4 14:27:35 LabSZ sshd[599]: Failed password for root from 59.63.188.30 port 27699 ssh2
Jan  4 14:27:35 LabSZ sshd[601]: pam_unix(sshd:auth): authentication failure; logname= uid=0 euid=0 tty=ssh ruser= rhost=59.63.188.30  user=root
Jan  4 14:27:37 LabSZ sshd[601]: Failed password for root from 59.63.188.30 port 30064 ssh2
Jan  4 14:27:49 LabSZ sshd[599]: message repeated 5 times: [ Failed password for root from 59.63.188.30 port 27699 ssh2]
