Jan  4 16:56:52 LabSZ sshd[3455]: Failed password for invalid user telnetd from 218.4.104.194 port 51581 ssh2
Jan  4 16:56:52 LabSZ sshd[3455]: Received disconnect from 218.4.104.194: 11: Bye Bye [preauth]
Jan  4 16:56:52 LabSZ sshd[3458]: Invalid user identd from 218.4.104.194
Jan  4 16:56:52 LabSZ sshd[3458]: input_userauth_request: invalid user identd [preauth]
Jan  4 16:56:52 LabSZ sshd[3458]: pam_unix(sshd:auth): check pass; user unknown
Jan  4 16:56:52 LabSZ sshd[3458]: pam_unix(sshd:auth): authentication failure; logname= uid=0 euid=0 tty=ssh ruser= rhost=218.4.104.194 
Jan  4 16:56:54 LabSZ sshd[3458]: Failed password for invalid user identd from 218.4.104.194 port 52387 ssh2
Jan  4 16:56:54 LabSZ sshd[3458]: Received disconnect from 218.4.104.194: 11: Bye Bye [preauth]
Jan  4 16:56:54 LabSZ sshd[3460]: pam_unix(sshd:auth): authentication failure; logname= uid=0 euid=0 tty=ssh ruser= rhost=218.4.104.194  user=gnats
Jan  4 16:56:56 LabSZ sshd[3460]: Failed password for gnats from 218.4.104.194 port 53203 ssh2
Jan  4 16:56:56 LabSZ sshd[3460]: Received disconnect from 218.4.104.194: 11: Bye Bye [preauth]
Jan  4 16:56:57 LabSZ sshd[3462]: Invalid user jeff from 218.4.104.194
Jan  4 16:56:57 LabSZ sshd[3462]: input_userauth_request: invalid user jeff [preauth]
Jan  4 16:56:57 LabSZ sshd[3462]: pam_unix(sshd:auth): check pass; user unknown
Jan  4 16:56:57 LabSZ sshd[3462]: pam_unix(sshd:auth): authentication failure; logname= uid=0 euid=0 tty=ssh ruser= rhost=218.4.104.194 
Jan  4 16:56:58 LabSZ sshd[3462]: Failed password for invalid user jeff from 218.4.104.194 port 54309 ssh2
Jan  4 16:56:58 LabSZ sshd[3462]: Received disconnect from 218.4.104.194: 11: Bye Bye [preauth]
Jan  4 16:56:58 LabSZ sshd[3447]: message repeated 5 times: [ Failed password for root from 59.63.188.30 port 43165 ssh2]
Jan  4 16:56:58 LabSZ sshd[3447]: Disconnecting: Too many authentication failures for root [preauth]
Jan  4 16:56:58 LabSZ sshd[3447]: PAM 5 more authentication failures; logname= uid=0 euid=0 tty=ssh ruser= rhost=59.63.188.30  user=root
Jan  4 16:56:58 LabSZ sshd[3447]: PAM service(sshd) ignoring max retries; 6 > 3
Jan  4 16:56:58 LabSZ sshd[3464]: pam_unix(sshd:auth): authentication failure; logname= uid=0 euid=0 tty=ssh ruser= rhost=218.4.104.194  user=irc
Jan  4 16:57:00 LabSZ sshd[3466]: pam_unix(sshd:auth): authentication failure; logname= uid=0 euid=0 tty=ssh ruser= rhost=59.63.188.30  user=root
Jan  4 16:57:00 LabSZ sshd[3464]: Failed password for irc from 218.4.104.194 port 55073 ssh2
Jan  4 16:57:00 LabSZ sshd[3464]: Received disconnect from 218.4.104.194: 11: Bye Bye [preauth]
Jan  4 16:57:01 LabSZ sshd[3468]: pam_unix(sshd:auth): authentication failure; logname= uid=0 euid=0 tty=ssh ruser= rhost=218.4.104.194  user=list
Jan  4 16:57:01 LabSZ sshd[3453]: message repeated 5 times: [ Failed password for root from 59.63.188.30 port 48038 ssh2]
Jan  4 16:57:01 LabSZ sshd[3453]: Disconnecting: Too many authentication failures for root [preauth]
Jan  4 16:57:01 LabSZ sshd[3453]: PAM 5 more authentication failures; logname= uid=0 euid=0 tty=ssh ruser= rhost=59.63.188.30  user=root
Jan  4 16:57:01 LabSZ sshd[3453]: PAM service(sshd) ignoring max retries; 6 > 3
Jan  4 16:57:01 LabSZ sshd[3466]: Failed password for root from 59.63.188.30 port 62371 ssh2
Jan  4 16:57:02 LabSZ sshd[3470]: pam_unix(sshd:auth): authentication failure; logname= uid=0 euid=0 tty=ssh ruser= rhost=59.63.188.30  user=root
Jan  4 16:57:03 LabSZ sshd[3468]: Failed password for list from 218.4.104.194 port 55701 ssh2
Jan  4 16:57:03 LabSZ sshd[3468]: Received disconnect from 218.4.104.194: 11: Bye Bye [preauth]
Jan  4 16:57:03 LabSZ sshd[3472]: Invalid user eleve from 218.4.104.194
Jan  4 16:57:03 LabSZ sshd[3472]: input_userauth_request: invalid user eleve [preauth]
Jan  4 16:57:03 LabSZ sshd[3472]: pam_unix(sshd:auth): check pass; user unknown
Jan  4 16:57:03 LabSZ sshd[3472]: pam_unix(sshd:auth): authentication failure; logname= uid=0 euid=0 tty=ssh ruser= rhost=218.4.104.194 
Jan  4 16:57:04 LabSZ sshd[3444]: Invalid user admin from 5.188.10.180
Jan  4 16:57:04 LabSZ sshd[3444]: input_userauth_request: invalid user admin [preauth]
Jan  4 16:57:04 LabSZ sshd[3444]: Failed none for invalid user admin from 5.188.10.180 port 54881 ssh2
Jan  4 16:57:05 LabSZ sshd[3470]: Failed password for root from 59.63.188.30 port 1647 ssh2
Jan  4 16:57:05 LabSZ sshd[3472]: Failed password for invalid user eleve from 218.4.104.194 port 56225 ssh2
Jan  4 16:57:05 LabSZ sshd[3472]: Received disconnect from 218.4.104.194: 11: Bye Bye [preauth]
Jan  4 16:57:05 LabSZ sshd[3474]: pam_unix(sshd:auth): authentication failure; logname= uid=0 euid=0 tty=ssh ruser= rhost=218.4.104.194  user=proxy
Jan  4 16:57:06 LabSZ sshd[3444]: Connection closed by 5.188.10.180 [preauth]
Jan  4 16:57:08 LabSZ sshd[3474]: Failed password for proxy from 218.4.104.194 port 56705 ssh2
Jan  4 16:57:08 LabSZ sshd[3474]: Received disconnect from 218.4.104.194: 11: Bye Bye [preauth]
Jan  4 16:57:08 LabSZ sshd[3477]: pam_unix(sshd:auth): authentication failure; logname= uid=0 euid=0 tty=ssh ruser= rhost=218.4.104.194  user=sys
Jan  4 16:57:10 LabSZ sshd[3477]: Failed password for sys from 218.4.104.194 port 57313 ssh2
Jan  4 16:57:10 LabSZ sshd[3477]: Received disconnect from 218.4.104.194: 11: Bye Bye [preauth]
Jan  4 16:57:10 LabSZ sshd[3479]: Invalid user zzz from 218.4.104.194
Jan  4 16:57:10 LabSZ sshd[3479]: input_userauth_request: invalid user zzz [preauth]
Jan  4 16:57:10 LabSZ sshd[3479]: pam_unix(sshd:auth): check pass; user unknown
Jan  4 16:57:10 LabSZ sshd[3479]: pam_unix(sshd:auth): authentication failure; logname= uid=0 euid=0 tty=ssh ruser= rhost=218.4.104.194 
Jan  4 16:57:12 LabSZ sshd[3479]: Failed password for invalid user zzz from 218.4.104.194 port 57803 ssh2
Jan  4 16:57:12 LabSZ sshd[3479]: Received disconnect from 218.4.104.194: 11: Bye Bye [preauth]
Jan  4 16:57:12 LabSZ sshd[3481]: Invalid user frank from 218.4.104.194
Jan  4 16:57:12 LabSZ sshd[3481]: input_userauth_request: invalid user frank [preauth]
Jan  4 16:57:12 LabSZ sshd[3481]: pam_unix(sshd:auth): check pass; user unknown
Jan  4 16:57:12 LabSZ sshd[3481]: pam_unix(sshd:auth): authentication failure; logname= uid=0 euid=0 tty=ssh ruser= rhost=218.4.104.194 
Jan  4 16:57:14 LabSZ sshd[3466]: message repeated 5 times: [ Failed password for root from 59.63.188.30 port 62371 ssh2]
Jan  4 16:57:14 LabSZ sshd[3466]: Disconnecting: Too many authentication failures for root [preauth]
Jan  4 16:57:14 LabSZ sshd[3466]: PAM 5 more authentication failures; logname= uid=0 euid=0 tty=ssh ruser= rhost=59.63.188.30  user=root
Jan  4 16:57:14 LabSZ sshd[3466]: PAM service(sshd) ignoring max retries; 6 > 3
Jan  4 16:57:14 LabSZ sshd[3481]: Failed password for invalid user frank from 218.4.104.194 port 58183 ssh2
Jan  4 16:57:14 LabSZ sshd[3481]: Received disconnect from 218.4.104.194: 11: Bye Bye [preauth]
Jan  4 16:57:14 LabSZ sshd[3483]: Invalid user dan from 218.4.104.194
Jan  4 16:57:14 LabSZ sshd[3483]: input_userauth_request: invalid user dan [preauth]
Jan  4 16:57:14 LabSZ sshd[3483]: pam_unix(sshd:auth): check pass; user unknown
Jan  4 16:57:14 LabSZ sshd[3483]: pam_unix(sshd:auth): authentication failure; logname= uid=0 euid=0 tty=ssh ruser= rhost=218.4.104.194 
Jan  4 16:57:15 LabSZ sshd[3485]: pam_unix(sshd:auth): authentication failure; logname= uid=0 euid=0 tty=ssh ruser= rhost=59.63.188.30  user=root
Jan  4 16:57:17 LabSZ sshd[3470]: message repeated 5 times: [ Failed password for root from 59.63.188.30 port 1647 ssh2]
Jan  4 16:57:17 LabSZ sshd[3470]: Disconnecting: Too many authentication failures for root [preauth]
Jan  4 16:57:17 LabSZ sshd[3470]: PAM 5 more authentication failures; logname= uid=0 euid=0 tty=ssh ruser= rhost=59.63.188.30  user=root
Jan  4 16:57:17 LabSZ sshd[3470]: PAM service(sshd) ignoring max retries; 6 > 3
Jan  4 16:57:17 LabSZ sshd[3483]: Failed password for invalid user dan from 218.4.104.194 port 58547 ssh2
Jan  4 16:57:17 LabSZ sshd[3483]: Received disconnect from 218.4.104.194: 11: Bye Bye [preauth]
Jan  4 16:57:17 LabSZ sshd[3485]: Failed password for root from 59.63.188.30 port 16373 ssh2
Jan  4 16:57:17 LabSZ sshd[3489]: Invalid user james from 218.4.104.194
Jan  4 16:57:17 LabSZ sshd[3489]: input_userauth_request: invalid user james [preauth]
Jan  4 16:57:17 LabSZ sshd[3489]: pam_unix(sshd:auth): check pass; user unknown
Jan  4 16:57:17 LabSZ sshd[3489]: pam_unix(sshd:auth): authentication failure; logname= uid=0 euid=0 tty=ssh ruser= rhost=218.4.104.194 
Jan  4 16:57:18 LabSZ sshd[3491]: pam_unix(sshd:auth): authentication failure; logname= uid=0 euid=0 tty=ssh ruser= rhost=59.63.188.30  user=root
Jan  4 16:57:19 LabSZ sshd[3489]: Failed password for invalid user james from 218.4.104.194 port 59023 ssh2
Jan  4 16:57:19 LabSZ sshd[3489]: Received disconnect from 218.4.104.194: 11: Bye Bye [preauth]
Jan  4 16:57:20 LabSZ sshd[3493]: Invalid user snort from 218.4.104.194
Jan  4 16:57:20 LabSZ sshd[3493]: input_userauth_request: invalid user snort [preauth]
Jan  4 16:57:20 LabSZ sshd[3493]: pam_unix(sshd:auth): check pass; user unknown
Jan  4 16:57:20 LabSZ sshd[3493]: pam_unix(sshd:auth): authentication failure; logname= uid=0 euid=0 tty=ssh ruser= rhost=218.4.104.194 
Jan  4 16:57:20 LabSZ sshd[3491]: Failed password for root from 59.63.188.30 port 20049 ssh2
Jan  4 16:57:21 LabSZ sshd[3493]: Failed password for invalid user snort from 218.4.104.194 port 59465 ssh2
Jan  4 16:57:22 LabSZ sshd[3493]: Received disconnect from 218.4.104.194: 11: Bye Bye [preauth]
Jan  4 16:57:22 LabSZ sshd[3495]: Invalid user radiomail from 218.4.104.194
Jan  4 16:57:22 LabSZ sshd[3495]: input_userauth_request: invalid user radiomail [preauth]
Jan  4 16:57:22 LabSZ sshd[3495]: pam_unix(sshd:auth): check pass; user unknown
Jan  4 16:57:22 LabSZ sshd[3495]: pam_unix(sshd:auth): authentication failure; logname= uid=0 euid=0 tty=ssh ruser= rhost=218.4.104.194 
Jan  4 16:57:24 LabSZ sshd[3495]: Failed password for invalid user radiomail from 218.4.104.194 port 59825 ssh2
Jan  4 16:57:24 LabSZ sshd[3495]: Received disconnect from 218.4.104.194: 11: Bye Bye [preauth]
Jan  4 16:57:24 LabSZ sshd[3497]: Invalid user harrypotter from 218.4.104.194
