Jan  3 12:08:46 LabSZ sshd[31577]: Failed password for invalid user ctsi from 119.7.221.129 port 53018 ssh2
Jan  3 12:08:46 LabSZ sshd[31577]: Received disconnect from 119.7.221.129: 11: Bye Bye [preauth]
Jan  3 12:08:46 LabSZ sshd[31581]: Invalid user cloud from 119.7.221.129
Jan  3 12:08:46 LabSZ sshd[31581]: input_userauth_request: invalid user cloud [preauth]
Jan  3 12:08:46 LabSZ sshd[31581]: pam_unix(sshd:auth): check pass; user unknown
Jan  3 12:08:46 LabSZ sshd[31581]: pam_unix(sshd:auth): authentication failure; logname= uid=0 euid=0 tty=ssh ruser= rhost=119.7.221.129 
Jan  3 12:08:48 LabSZ sshd[31579]: Failed password for root from 183.192.189.131 port 22096 ssh2
Jan  3 12:08:48 LabSZ sshd[31579]: Connection closed by 183.192.189.131 [preauth]
Jan  3 12:08:48 LabSZ sshd[31583]: reverse mapping checking getaddrinfo for . [183.192.189.131] failed - POSSIBLE BREAK-IN ATTEMPT!
Jan  3 12:08:48 LabSZ sshd[31583]: pam_unix(sshd:auth): authentication failure; logname= uid=0 euid=0 tty=ssh ruser= rhost=183.192.189.131  user=root
Jan  3 12:08:48 LabSZ sshd[31581]: Failed password for invalid user cloud from 119.7.221.129 port 55164 ssh2
Jan  3 12:08:48 LabSZ sshd[31581]: Received disconnect from 119.7.221.129: 11: Bye Bye [preauth]
Jan  3 12:08:49 LabSZ sshd[31585]: pam_unix(sshd:auth): authentication failure; logname= uid=0 euid=0 tty=ssh ruser= rhost=119.7.221.129  user=root
Jan  3 12:08:50 LabSZ sshd[31583]: Failed password for root from 183.192.189.131 port 22097 ssh2
Jan  3 12:08:50 LabSZ sshd[31583]: Connection closed by 183.192.189.131 [preauth]
Jan  3 12:08:50 LabSZ sshd[31587]: reverse mapping checking getaddrinfo for . [183.192.189.131] failed - POSSIBLE BREAK-IN ATTEMPT!
Jan  3 12:08:50 LabSZ sshd[31587]: pam_unix(sshd:auth): authentication failure; logname= uid=0 euid=0 tty=ssh ruser= rhost=183.192.189.131  user=root
Jan  3 12:08:51 LabSZ sshd[31585]: Failed password for root from 119.7.221.129 port 57289 ssh2
Jan  3 12:08:51 LabSZ sshd[31585]: Received disconnect from 119.7.221.129: 11: Bye Bye [preauth]
Jan  3 12:08:51 LabSZ sshd[31589]: pam_unix(sshd:auth): authentication failure; logname= uid=0 euid=0 tty=ssh ruser= rhost=119.7.221.129  user=root
Jan  3 12:08:52 LabSZ sshd[31587]: Failed password for root from 183.192.189.131 port 22098 ssh2
Jan  3 12:08:52 LabSZ sshd[31587]: Connection closed by 183.192.189.131 [preauth]
Jan  3 12:08:53 LabSZ sshd[31565]: message repeated 5 times: [ Failed password for root from 59.63.188.30 port 58285 ssh2]
Jan  3 12:08:53 LabSZ sshd[31565]: Disconnecting: Too many authentication failures for root [preauth]
Jan  3 12:08:53 LabSZ sshd[31565]: PAM 5 more authentication failures; logname= uid=0 euid=0 tty=ssh ruser= rhost=59.63.188.30  user=root
Jan  3 12:08:53 LabSZ sshd[31565]: PAM service(sshd) ignoring max retries; 6 > 3
Jan  3 12:08:53 LabSZ sshd[31589]: Failed password for root from 119.7.221.129 port 59715 ssh2
Jan  3 12:08:53 LabSZ sshd[31589]: Received disconnect from 119.7.221.129: 11: Bye Bye [preauth]
Jan  3 12:08:54 LabSZ sshd[31593]: Invalid user swift from 119.7.221.129
Jan  3 12:08:54 LabSZ sshd[31593]: input_userauth_request: invalid user swift [preauth]
Jan  3 12:08:54 LabSZ sshd[31593]: pam_unix(sshd:auth): check pass; user unknown
Jan  3 12:08:54 LabSZ sshd[31593]: pam_unix(sshd:auth): authentication failure; logname= uid=0 euid=0 tty=ssh ruser= rhost=119.7.221.129 
Jan  3 12:08:54 LabSZ sshd[31595]: pam_unix(sshd:auth): authentication failure; logname= uid=0 euid=0 tty=ssh ruser= rhost=59.63.188.30  user=root
Jan  3 12:08:56 LabSZ sshd[31593]: Failed password for invalid user swift from 119.7.221.129 port 33375 ssh2
Jan  3 12:08:56 LabSZ sshd[31593]: Received disconnect from 119.7.221.129: 11: Bye Bye [preauth]
Jan  3 12:08:56 LabSZ sshd[31595]: Failed password for root from 59.63.188.30 port 13047 ssh2
Jan  3 12:08:56 LabSZ sshd[31597]: pam_unix(sshd:auth): authentication failure; logname= uid=0 euid=0 tty=ssh ruser= rhost=119.7.221.129  user=root
Jan  3 12:08:58 LabSZ sshd[31597]: Failed password for root from 119.7.221.129 port 35557 ssh2
Jan  3 12:08:58 LabSZ sshd[31597]: Received disconnect from 119.7.221.129: 11: Bye Bye [preauth]
Jan  3 12:08:59 LabSZ sshd[31599]: pam_unix(sshd:auth): authentication failure; logname= uid=0 euid=0 tty=ssh ruser= rhost=119.7.221.129  user=root
Jan  3 12:09:01 LabSZ sshd[31599]: Failed password for root from 119.7.221.129 port 37717 ssh2
Jan  3 12:09:01 LabSZ sshd[31599]: Received disconnect from 119.7.221.129: 11: Bye Bye [preauth]
Jan  3 12:09:01 LabSZ sshd[31601]: Invalid user wangwd from 119.7.221.129
Jan  3 12:09:01 LabSZ sshd[31601]: input_userauth_request: invalid user wangwd [preauth]
Jan  3 12:09:01 LabSZ sshd[31601]: pam_unix(sshd:auth): check pass; user unknown
Jan  3 12:09:01 LabSZ sshd[31601]: pam_unix(sshd:auth): authentication failure; logname= uid=0 euid=0 tty=ssh ruser= rhost=119.7.221.129 
Jan  3 12:09:02 LabSZ sshd[31591]: reverse mapping checking getaddrinfo for . [183.192.189.131] failed - POSSIBLE BREAK-IN ATTEMPT!
Jan  3 12:09:02 LabSZ sshd[31591]: pam_unix(sshd:auth): authentication failure; logname= uid=0 euid=0 tty=ssh ruser= rhost=183.192.189.131  user=root
Jan  3 12:09:03 LabSZ sshd[31601]: Failed password for invalid user wangwd from 119.7.221.129 port 39717 ssh2
Jan  3 12:09:03 LabSZ sshd[31601]: Received disconnect from 119.7.221.129: 11: Bye Bye [preauth]
Jan  3 12:09:04 LabSZ sshd[31591]: Failed password for root from 183.192.189.131 port 22099 ssh2
Jan  3 12:09:04 LabSZ sshd[31591]: Connection closed by 183.192.189.131 [preauth]
Jan  3 12:09:04 LabSZ sshd[31619]: reverse mapping checking getaddrinfo for . [183.192.189.131] failed - POSSIBLE BREAK-IN ATTEMPT!
Jan  3 12:09:04 LabSZ sshd[31617]: pam_unix(sshd:auth): authentication failure; logname= uid=0 euid=0 tty=ssh ruser= rhost=119.7.221.129  user=root
Jan  3 12:09:04 LabSZ sshd[31619]: pam_unix(sshd:auth): authentication failure; logname= uid=0 euid=0 tty=ssh ruser= rhost=183.192.189.131  user=root
Jan  3 12:09:06 LabSZ sshd[31617]: Failed password for root from 119.7.221.129 port 42192 ssh2
Jan  3 12:09:06 LabSZ sshd[31619]: Failed password for root from 183.192.189.131 port 22100 ssh2
Jan  3 12:09:06 LabSZ sshd[31617]: Received disconnect from 119.7.221.129: 11: Bye Bye [preauth]
Jan  3 12:09:06 LabSZ sshd[31619]: Connection closed by 183.192.189.131 [preauth]
Jan  3 12:09:06 LabSZ sshd[31622]: reverse mapping checking getaddrinfo for . [183.192.189.131] failed - POSSIBLE BREAK-IN ATTEMPT!
Jan  3 12:09:06 LabSZ sshd[31622]: pam_unix(sshd:auth): authentication failure; logname= uid=0 euid=0 tty=ssh ruser= rhost=183.192.189.131  user=root
Jan  3 12:09:06 LabSZ sshd[31621]: Invalid user csap from 119.7.221.129
Jan  3 12:09:06 LabSZ sshd[31621]: input_userauth_request: invalid user csap [preauth]
Jan  3 12:09:06 LabSZ sshd[31621]: pam_unix(sshd:auth): check pass; user unknown
Jan  3 12:09:06 LabSZ sshd[31621]: pam_unix(sshd:auth): authentication failure; logname= uid=0 euid=0 tty=ssh ruser= rhost=119.7.221.129 
Jan  3 12:09:08 LabSZ sshd[31622]: Failed password for root from 183.192.189.131 port 22101 ssh2
Jan  3 12:09:08 LabSZ sshd[31622]: Connection closed by 183.192.189.131 [preauth]
Jan  3 12:09:08 LabSZ sshd[31621]: Failed password for invalid user csap from 119.7.221.129 port 44178 ssh2
Jan  3 12:09:08 LabSZ sshd[31621]: Received disconnect from 119.7.221.129: 11: Bye Bye [preauth]
Jan  3 12:09:08 LabSZ sshd[31625]: reverse mapping checking getaddrinfo for . [183.192.189.131] failed - POSSIBLE BREAK-IN ATTEMPT!
Jan  3 12:09:08 LabSZ sshd[31625]: pam_unix(sshd:auth): authentication failure; logname= uid=0 euid=0 tty=ssh ruser= rhost=183.192.189.131  user=root
Jan  3 12:09:09 LabSZ sshd[31627]: pam_unix(sshd:auth): authentication failure; logname= uid=0 euid=0 tty=ssh ruser= rhost=119.7.221.129  user=root
Jan  3 12:09:09 LabSZ sshd[31595]: message repeated 5 times: [ Failed password for root from 59.63.188.30 port 13047 ssh2]
Jan  3 12:09:09 LabSZ sshd[31595]: Disconnecting: Too many authentication failures for root [preauth]
Jan  3 12:09:09 LabSZ sshd[31595]: PAM 5 more authentication failures; logname= uid=0 euid=0 tty=ssh ruser= rhost=59.63.188.30  user=root
Jan  3 12:09:09 LabSZ sshd[31595]: PAM service(sshd) ignoring max retries; 6 > 3
Jan  3 12:09:10 LabSZ sshd[31629]: pam_unix(sshd:auth): authentication failure; logname= uid=0 euid=0 tty=ssh ruser= rhost=59.63.188.30  user=root
Jan  3 12:09:11 LabSZ sshd[31625]: Failed password for root from 183.192.189.131 port 22102 ssh2
Jan  3 12:09:11 LabSZ sshd[31627]: Failed password for root from 119.7.221.129 port 46360 ssh2
Jan  3 12:09:11 LabSZ sshd[31625]: Connection closed by 183.192.189.131 [preauth]
Jan  3 12:09:11 LabSZ sshd[31627]: Received disconnect from 119.7.221.129: 11: Bye Bye [preauth]
Jan  3 12:09:11 LabSZ sshd[31631]: reverse mapping checking getaddrinfo for . [183.192.189.131] failed - POSSIBLE BREAK-IN ATTEMPT!
Jan  3 12:09:11 LabSZ sshd[31631]: pam_unix(sshd:auth): authentication failure; logname= uid=0 euid=0 tty=ssh ruser= rhost=183.192.189.131  user=root
Jan  3 12:09:11 LabSZ sshd[31633]: Invalid user dcnpro from 119.7.221.129
Jan  3 12:09:11 LabSZ sshd[31633]: input_userauth_request: invalid user dcnpro [preauth]
Jan  3 12:09:11 LabSZ sshd[31633]: pam_unix(sshd:auth): check pass; user unknown
Jan  3 12:09:11 LabSZ sshd[31633]: pam_unix(sshd:auth): authentication failure; logname= uid=0 euid=0 tty=ssh ruser= rhost=119.7.221.129 
Jan  3 12:09:13 LabSZ sshd[31629]: Failed password for root from 59.63.188.30 port 31918 ssh2
Jan  3 12:09:13 LabSZ sshd[31631]: Failed password for root from 183.192.189.131 port 22103 ssh2
Jan  3 12:09:13 LabSZ sshd[31631]: Connection closed by 183.192.189.131 [preauth]
Jan  3 12:09:13 LabSZ sshd[31633]: Failed password for invalid user dcnpro from 119.7.221.129 port 48208 ssh2
Jan  3 12:09:14 LabSZ sshd[31633]: Received disconnect from 119.7.221.129: 11: Bye Bye [preauth]
Jan  3 12:09:14 LabSZ sshd[31635]: reverse mapping checking getaddrinfo for . [183.192.189.131] failed - POSSIBLE BREAK-IN ATTEMPT!
Jan  3 12:09:14 LabSZ sshd[31635]: pam_unix(sshd:auth): authentication failure; logname= uid=0 euid=0 tty=ssh ruser= rhost=183.192.189.131  user=root
Jan  3 12:09:14 LabSZ sshd[31637]: pam_unix(sshd:auth): authentication failure; logname= uid=0 euid=0 tty=ssh ruser= rhost=119.7.221.129  user=root
Jan  3 12:09:15 LabSZ sshd[31635]: Failed password for root from 183.192.189.131 port 22104 ssh2
Jan  3 12:09:15 LabSZ sshd[31635]: Connection closed by 183.192.189.131 [preauth]
Jan  3 12:09:15 LabSZ sshd[31639]: reverse mapping checking getaddrinfo for . [183.192.189.131] failed - POSSIBLE BREAK-IN ATTEMPT!
Jan  3 12:09:15 LabSZ sshd[31639]: pam_unix(sshd:auth): authentication failure; logname= uid=0 euid=0 tty=ssh ruser= rhost=183.192.189.131  user=root
Jan  3 12:09:15 LabSZ sshd[31637]: Failed password for root from 119.7.221.129 port 50521 ssh2
