Jan  2 07:20:10 LabSZ sshd[28033]: Disconnecting: Too many authentication failures for root [preauth]
Jan  2 07:20:10 LabSZ sshd[28033]: PAM 5 more authentication failures; logname= uid=0 euid=0 tty=ssh ruser= rhost=182.100.67.120  user=root
Jan  2 07:20:10 LabSZ sshd[28033]: PAM service(sshd) ignoring max retries; 6 > 3
Jan  2 07:20:11 LabSZ sshd[28039]: pam_unix(sshd:auth): authentication failure; logname= uid=0 euid=0 tty=ssh ruser= rhost=182.100.67.120  user=root
Jan  2 07:20:13 LabSZ sshd[28039]: Failed password for root from 182.100.67.120 port 41306 ssh2
Jan  2 07:20:13 LabSZ sshd[28035]: message repeated 5 times: [ Failed password for root from 58.242.83.25 port 63916 ssh2]
Jan  2 07:20:13 LabSZ sshd[28035]: Disconnecting: Too many authentication failures for root [preauth]
Jan  2 07:20:13 LabSZ sshd[28035]: PAM 5 more authentication failures; logname= uid=0 euid=0 tty=ssh ruser= rhost=58.242.83.25  user=root
Jan  2 07:20:13 LabSZ sshd[28035]: PAM service(sshd) ignoring max retries; 6 > 3
Jan  2 07:20:15 LabSZ sshd[28041]: pam_unix(sshd:auth): authentication failure; logname= uid=0 euid=0 tty=ssh ruser= rhost=58.242.83.25  user=root
Jan  2 07:20:16 LabSZ sshd[28041]: Failed password for root from 58.242.83.25 port 21183 ssh2
Jan  2 07:20:19 LabSZ sshd[28037]: message repeated 5 times: [ Failed password for root from 218.65.30.30 port 22688 ssh2]
Jan  2 07:20:19 LabSZ sshd[28037]: Disconnecting: Too many authentication failures for root [preauth]
Jan  2 07:20:19 LabSZ sshd[28037]: PAM 5 more authentication failures; logname= uid=0 euid=0 tty=ssh ruser= rhost=218.65.30.30  user=root
Jan  2 07:20:19 LabSZ sshd[28037]: PAM service(sshd) ignoring max retries; 6 > 3
Jan  2 07:20:20 LabSZ sshd[28045]: reverse mapping checking getaddrinfo for 30.30.65.218.broad.xy.jx.dynamic.163data.com.cn [218.65.30.30] failed - POSSIBLE BREAK-IN ATTEMPT!
Jan  2 07:20:20 LabSZ sshd[28045]: pam_unix(sshd:auth): authentication failure; logname= uid=0 euid=0 tty=ssh ruser= rhost=218.65.30.30  user=root
Jan  2 07:20:21 LabSZ sshd[28043]: Invalid user  0101 from 5.188.10.180
Jan  2 07:20:21 LabSZ sshd[28043]: input_userauth_request: invalid user  0101 [preauth]
Jan  2 07:20:21 LabSZ sshd[28043]: pam_unix(sshd:auth): check pass; user unknown
Jan  2 07:20:21 LabSZ sshd[28043]: pam_unix(sshd:auth): authentication failure; logname= uid=0 euid=0 tty=ssh ruser= rhost=5.188.10.180 
Jan  2 07:20:22 LabSZ sshd[28045]: Failed password for root from 218.65.30.30 port 55472 ssh2
Jan  2 07:20:23 LabSZ sshd[28043]: Failed password for invalid user  0101 from 5.188.10.180 port 43329 ssh2
Jan  2 07:20:25 LabSZ sshd[28039]: message repeated 5 times: [ Failed password for root from 182.100.67.120 port 41306 ssh2]
Jan  2 07:20:25 LabSZ sshd[28039]: Disconnecting: Too many authentication failures for root [preauth]
Jan  2 07:20:25 LabSZ sshd[28039]: PAM 5 more authentication failures; logname= uid=0 euid=0 tty=ssh ruser= rhost=182.100.67.120  user=root
Jan  2 07:20:25 LabSZ sshd[28039]: PAM service(sshd) ignoring max retries; 6 > 3
Jan  2 07:20:27 LabSZ sshd[28047]: pam_unix(sshd:auth): authentication failure; logname= uid=0 euid=0 tty=ssh ruser= rhost=182.100.67.120  user=root
Jan  2 07:20:28 LabSZ sshd[28043]: Connection closed by 5.188.10.180 [preauth]
Jan  2 07:20:28 LabSZ sshd[28047]: Failed password for root from 182.100.67.120 port 11190 ssh2
Jan  2 07:20:29 LabSZ sshd[28041]: message repeated 5 times: [ Failed password for root from 58.242.83.25 port 21183 ssh2]
Jan  2 07:20:29 LabSZ sshd[28041]: Disconnecting: Too many authentication failures for root [preauth]
Jan  2 07:20:29 LabSZ sshd[28041]: PAM 5 more authentication failures; logname= uid=0 euid=0 tty=ssh ruser= rhost=58.242.83.25  user=root
Jan  2 07:20:29 LabSZ sshd[28041]: PAM service(sshd) ignoring max retries; 6 > 3
Jan  2 07:20:30 LabSZ sshd[28050]: pam_unix(sshd:auth): authentication failure; logname= uid=0 euid=0 tty=ssh ruser= rhost=58.242.83.25  user=root
Jan  2 07:20:32 LabSZ sshd[28050]: Failed password for root from 58.242.83.25 port 41435 ssh2
Jan  2 07:20:34 LabSZ sshd[28045]: message repeated 5 times: [ Failed password for root from 218.65.30.30 port 55472 ssh2]
Jan  2 07:20:34 LabSZ sshd[28045]: Disconnecting: Too many authentication failures for root [preauth]
Jan  2 07:20:34 LabSZ sshd[28045]: PAM 5 more authentication failures; logname= uid=0 euid=0 tty=ssh ruser= rhost=218.65.30.30  user=root
Jan  2 07:20:34 LabSZ sshd[28045]: PAM service(sshd) ignoring max retries; 6 > 3
Jan  2 07:20:36 LabSZ sshd[28053]: reverse mapping checking getaddrinfo for 30.30.65.218.broad.xy.jx.dynamic.163data.com.cn [218.65.30.30] failed - POSSIBLE BREAK-IN ATTEMPT!
Jan  2 07:20:36 LabSZ sshd[28053]: pam_unix(sshd:auth): authentication failure; logname= uid=0 euid=0 tty=ssh ruser= rhost=218.65.30.30  user=root
Jan  2 07:20:37 LabSZ sshd[28049]: Invalid user 0 from 5.188.10.180
Jan  2 07:20:37 LabSZ sshd[28049]: input_userauth_request: invalid user 0 [preauth]
Jan  2 07:20:37 LabSZ sshd[28049]: Failed none for invalid user 0 from 5.188.10.180 port 33939 ssh2
Jan  2 07:20:38 LabSZ sshd[28053]: Failed password for root from 218.65.30.30 port 26994 ssh2
Jan  2 07:20:38 LabSZ sshd[28049]: pam_unix(sshd:auth): check pass; user unknown
Jan  2 07:20:38 LabSZ sshd[28049]: pam_unix(sshd:auth): authentication failure; logname= uid=0 euid=0 tty=ssh ruser= rhost=5.188.10.180 
Jan  2 07:20:40 LabSZ sshd[28049]: Failed password for invalid user 0 from 5.188.10.180 port 33939 ssh2
Jan  2 07:20:41 LabSZ sshd[28047]: message repeated 5 times: [ Failed password for root from 182.100.67.120 port 11190 ssh2]
Jan  2 07:20:41 LabSZ sshd[28047]: Disconnecting: Too many authentication failures for root [preauth]
Jan  2 07:20:41 LabSZ sshd[28047]: PAM 5 more authentication failures; logname= uid=0 euid=0 tty=ssh ruser= rhost=182.100.67.120  user=root
Jan  2 07:20:41 LabSZ sshd[28047]: PAM service(sshd) ignoring max retries; 6 > 3
Jan  2 07:20:42 LabSZ sshd[28055]: pam_unix(sshd:auth): authentication failure; logname= uid=0 euid=0 tty=ssh ruser= rhost=182.100.67.120  user=root
Jan  2 07:20:43 LabSZ sshd[28049]: Connection closed by 5.188.10.180 [preauth]
Jan  2 07:20:44 LabSZ sshd[28050]: message repeated 5 times: [ Failed password for root from 58.242.83.25 port 41435 ssh2]
Jan  2 07:20:44 LabSZ sshd[28050]: Disconnecting: Too many authentication failures for root [preauth]
Jan  2 07:20:44 LabSZ sshd[28050]: PAM 5 more authentication failures; logname= uid=0 euid=0 tty=ssh ruser= rhost=58.242.83.25  user=root
Jan  2 07:20:44 LabSZ sshd[28050]: PAM service(sshd) ignoring max retries; 6 > 3
Jan  2 07:20:44 LabSZ sshd[28055]: Failed password for root from 182.100.67.120 port 46356 ssh2
Jan  2 07:20:46 LabSZ sshd[28058]: pam_unix(sshd:auth): authentication failure; logname= uid=0 euid=0 tty=ssh ruser= rhost=58.242.83.25  user=root
Jan  2 07:20:48 LabSZ sshd[28058]: Failed password for root from 58.242.83.25 port 62412 ssh2
Jan  2 07:20:48 LabSZ sshd[28057]: Invalid user 1234 from 5.188.10.180
Jan  2 07:20:48 LabSZ sshd[28057]: input_userauth_request: invalid user 1234 [preauth]
Jan  2 07:20:48 LabSZ sshd[28057]: pam_unix(sshd:auth): check pass; user unknown
Jan  2 07:20:48 LabSZ sshd[28057]: pam_unix(sshd:auth): authentication failure; logname= uid=0 euid=0 tty=ssh ruser= rhost=5.188.10.180 
Jan  2 07:20:50 LabSZ sshd[28057]: Failed password for invalid user 1234 from 5.188.10.180 port 37100 ssh2
Jan  2 07:20:51 LabSZ sshd[28053]: message repeated 5 times: [ Failed password for root from 218.65.30.30 port 26994 ssh2]
Jan  2 07:20:51 LabSZ sshd[28053]: Disconnecting: Too many authentication failures for root [preauth]
Jan  2 07:20:51 LabSZ sshd[28053]: PAM 5 more authentication failures; logname= uid=0 euid=0 tty=ssh ruser= rhost=218.65.30.30  user=root
Jan  2 07:20:51 LabSZ sshd[28053]: PAM service(sshd) ignoring max retries; 6 > 3
Jan  2 07:20:52 LabSZ sshd[28063]: reverse mapping checking getaddrinfo for 30.30.65.218.broad.xy.jx.dynamic.163data.com.cn [218.65.30.30] failed - POSSIBLE BREAK-IN ATTEMPT!
Jan  2 07:20:52 LabSZ sshd[28063]: pam_unix(sshd:auth): authentication failure; logname= uid=0 euid=0 tty=ssh ruser= rhost=218.65.30.30  user=root
Jan  2 07:20:53 LabSZ sshd[28061]: pam_unix(sshd:auth): authentication failure; logname= uid=0 euid=0 tty=ssh ruser= rhost=87-235-47-212.rev.cloud.scaleway.com  user=root
Jan  2 07:20:53 LabSZ sshd[28057]: Connection closed by 5.188.10.180 [preauth]
Jan  2 07:20:54 LabSZ sshd[28063]: Failed password for root from 218.65.30.30 port 2458 ssh2
Jan  2 07:20:57 LabSZ sshd[28055]: message repeated 5 times: [ Failed password for root from 182.100.67.120 port 46356 ssh2]
Jan  2 07:20:57 LabSZ sshd[28055]: Disconnecting: Too many authentication failures for root [preauth]
Jan  2 07:20:57 LabSZ sshd[28055]: PAM 5 more authentication failures; logname= uid=0 euid=0 tty=ssh ruser= rhost=182.100.67.120  user=root
Jan  2 07:20:57 LabSZ sshd[28055]: PAM service(sshd) ignoring max retries; 6 > 3
Jan  2 07:20:58 LabSZ sshd[28067]: pam_unix(sshd:auth): authentication failure; logname= uid=0 euid=0 tty=ssh ruser= rhost=182.100.67.120  user=root
Jan  2 07:20:58 LabSZ sshd[28065]: Invalid user admin from 5.188.10.180
Jan  2 07:20:58 LabSZ sshd[28065]: input_userauth_request: invalid user admin [preauth]
Jan  2 07:20:58 LabSZ sshd[28065]: Failed none for invalid user admin from 5.188.10.180 port 42190 ssh2
Jan  2 07:20:59 LabSZ sshd[28065]: Connection closed by 5.188.10.180 [preauth]
Jan  2 07:21:00 LabSZ sshd[28058]: message repeated 5 times: [ Failed password for root from 58.242.83.25 port 62412 ssh2]
Jan  2 07:21:00 LabSZ sshd[28058]: Disconnecting: Too many authentication failures for root [preauth]
Jan  2 07:21:00 LabSZ sshd[28058]: PAM 5 more authentication failures; logname= uid=0 euid=0 tty=ssh ruser= rhost=58.242.83.25  user=root
Jan  2 07:21:00 LabSZ sshd[28058]: PAM service(sshd) ignoring max retries; 6 > 3
Jan  2 07:21:00 LabSZ sshd[28061]: Failed password for root from 212.47.235.87 port 54592 ssh2
Jan  2 07:21:00 LabSZ sshd[28061]: Received disconnect from 212.47.235.87: 11: Bye Bye [preauth]
Jan  2 07:21:00 LabSZ sshd[28067]: Failed password for root from 182.100.67.120 port 18352 ssh2
Jan  2 07:21:01 LabSZ sshd[28072]: pam_unix(sshd:auth): authentication failure; logname= uid=0 euid=0 tty=ssh ruser= rhost=58.242.83.25  user=root
Jan  2 07:21:02 LabSZ sshd[28070]: pam_unix(sshd:auth): authentication failure; logname= uid=0 euid=0 tty=ssh ruser= rhost=87-235-47-212.rev.cloud.scaleway.com  user=root
Jan  2 07:21:03 LabSZ sshd[28072]: Failed password for root from 58.242.83.25 port 17262 ssh2
Jan  2 07:21:05 LabSZ sshd[28069]: Invalid user admin from 5.188.10.180
Jan  2 07:21:05 LabSZ sshd[28069]: input_userauth_request: invalid user admin [preauth]
Jan  2 07:21:05 LabSZ sshd[28069]: pam_unix(sshd:auth): check pass; user unknown
Jan  2 07:21:05 LabSZ sshd[28069]: pam_unix(sshd:auth): authentication failure; logname= uid=0 euid=0 tty=ssh ruser= rhost=5.188.10.180 
Jan  2 07:21:07 LabSZ sshd[28063]: message repeated 5 times: [ Failed password for root from 218.65.30.30 port 2458 ssh2]
