Jan  3 19:55:19 LabSZ sshd[7158]: Failed password for root from 59.63.188.30 port 50405 ssh2
Jan  3 19:55:31 LabSZ sshd[7158]: message repeated 5 times: [ Failed password for root from 59.63.188.30 port 50405 ssh2]
Jan  3 19:55:31 LabSZ sshd[7158]: Disconnecting: Too many authentication failures for root [preauth]
Jan  3 19:55:31 LabSZ sshd[7158]: PAM 5 more authentication failures; logname= uid=0 euid=0 tty=ssh ruser= rhost=59.63.188.30  user=root
Jan  3 19:55:31 LabSZ sshd[7158]: PAM service(sshd) ignoring max retries; 6 > 3
Jan  3 19:55:32 LabSZ sshd[7156]: message repeated 5 times: [ Failed password for root from 218.87.109.156 port 53674 ssh2]
Jan  3 19:55:32 LabSZ sshd[7156]: Disconnecting: Too many authentication failures for root [preauth]
Jan  3 19:55:32 LabSZ sshd[7156]: PAM 5 more authentication failures; logname= uid=0 euid=0 tty=ssh ruser= rhost=218.87.109.156  user=root
Jan  3 19:55:32 LabSZ sshd[7156]: PAM service(sshd) ignoring max retries; 6 > 3
Jan  3 19:55:32 LabSZ sshd[7160]: pam_unix(sshd:auth): authentication failure; logname= uid=0 euid=0 tty=ssh ruser= rhost=59.63.188.30  user=root
Jan  3 19:55:34 LabSZ sshd[7160]: Failed password for root from 59.63.188.30 port 3034 ssh2
Jan  3 19:55:40 LabSZ sshd[7162]: pam_unix(sshd:auth): authentication failure; logname= uid=0 euid=0 tty=ssh ruser= rhost=218.87.109.156  user=root
Jan  3 19:55:42 LabSZ sshd[7162]: Failed password for root from 218.87.109.156 port 52734 ssh2
Jan  3 19:55:46 LabSZ sshd[7164]: Did not receive identification string from 103.79.142.55
Jan  3 19:55:46 LabSZ sshd[7165]: Invalid user support from 103.79.142.55
Jan  3 19:55:46 LabSZ sshd[7165]: input_userauth_request: invalid user support [preauth]
Jan  3 19:55:46 LabSZ sshd[7165]: pam_unix(sshd:auth): check pass; user unknown
Jan  3 19:55:46 LabSZ sshd[7165]: pam_unix(sshd:auth): authentication failure; logname= uid=0 euid=0 tty=ssh ruser= rhost=103.79.142.55 
Jan  3 19:55:47 LabSZ sshd[7160]: message repeated 5 times: [ Failed password for root from 59.63.188.30 port 3034 ssh2]
Jan  3 19:55:47 LabSZ sshd[7160]: Disconnecting: Too many authentication failures for root [preauth]
Jan  3 19:55:47 LabSZ sshd[7160]: PAM 5 more authentication failures; logname= uid=0 euid=0 tty=ssh ruser= rhost=59.63.188.30  user=root
Jan  3 19:55:47 LabSZ sshd[7160]: PAM service(sshd) ignoring max retries; 6 > 3
Jan  3 19:55:48 LabSZ sshd[7167]: pam_unix(sshd:auth): authentication failure; logname= uid=0 euid=0 tty=ssh ruser= rhost=59.63.188.30  user=root
Jan  3 19:55:49 LabSZ sshd[7165]: Failed password for invalid user support from 103.79.142.55 port 53499 ssh2
Jan  3 19:55:49 LabSZ sshd[7165]: Received disconnect from 103.79.142.55: 11: Closed due to user request. [preauth]
Jan  3 19:55:49 LabSZ sshd[7169]: Invalid user admin from 103.79.142.55
Jan  3 19:55:49 LabSZ sshd[7169]: input_userauth_request: invalid user admin [preauth]
Jan  3 19:55:49 LabSZ sshd[7169]: pam_unix(sshd:auth): check pass; user unknown
Jan  3 19:55:49 LabSZ sshd[7169]: pam_unix(sshd:auth): authentication failure; logname= uid=0 euid=0 tty=ssh ruser= rhost=103.79.142.55 
Jan  3 19:55:50 LabSZ sshd[7167]: Failed password for root from 59.63.188.30 port 21409 ssh2
Jan  3 19:55:51 LabSZ sshd[7169]: Failed password for invalid user admin from 103.79.142.55 port 62055 ssh2
Jan  3 19:55:51 LabSZ sshd[7169]: Received disconnect from 103.79.142.55: 11: Closed due to user request. [preauth]
Jan  3 19:55:51 LabSZ sshd[7171]: pam_unix(sshd:auth): authentication failure; logname= uid=0 euid=0 tty=ssh ruser= rhost=103.79.142.55  user=uucp
Jan  3 19:55:53 LabSZ sshd[7171]: Failed password for uucp from 103.79.142.55 port 52043 ssh2
Jan  3 19:55:53 LabSZ sshd[7171]: Received disconnect from 103.79.142.55: 11: Closed due to user request. [preauth]
Jan  3 19:55:54 LabSZ sshd[7162]: message repeated 5 times: [ Failed password for root from 218.87.109.156 port 52734 ssh2]
Jan  3 19:55:54 LabSZ sshd[7162]: Disconnecting: Too many authentication failures for root [preauth]
Jan  3 19:55:54 LabSZ sshd[7162]: PAM 5 more authentication failures; logname= uid=0 euid=0 tty=ssh ruser= rhost=218.87.109.156  user=root
Jan  3 19:55:54 LabSZ sshd[7162]: PAM service(sshd) ignoring max retries; 6 > 3
Jan  3 19:56:00 LabSZ sshd[7173]: pam_unix(sshd:auth): authentication failure; logname= uid=0 euid=0 tty=ssh ruser= rhost=218.87.109.156  user=root
Jan  3 19:56:01 LabSZ sshd[7167]: message repeated 5 times: [ Failed password for root from 59.63.188.30 port 21409 ssh2]
Jan  3 19:56:01 LabSZ sshd[7167]: Disconnecting: Too many authentication failures for root [preauth]
Jan  3 19:56:01 LabSZ sshd[7167]: PAM 5 more authentication failures; logname= uid=0 euid=0 tty=ssh ruser= rhost=59.63.188.30  user=root
Jan  3 19:56:01 LabSZ sshd[7167]: PAM service(sshd) ignoring max retries; 6 > 3
Jan  3 19:56:02 LabSZ sshd[7173]: Failed password for root from 218.87.109.156 port 42730 ssh2
Jan  3 19:56:03 LabSZ sshd[7175]: pam_unix(sshd:auth): authentication failure; logname= uid=0 euid=0 tty=ssh ruser= rhost=59.63.188.30  user=root
Jan  3 19:56:05 LabSZ sshd[7175]: Failed password for root from 59.63.188.30 port 38252 ssh2
Jan  3 19:56:13 LabSZ sshd[7173]: message repeated 5 times: [ Failed password for root from 218.87.109.156 port 42730 ssh2]
Jan  3 19:56:13 LabSZ sshd[7173]: Disconnecting: Too many authentication failures for root [preauth]
Jan  3 19:56:13 LabSZ sshd[7173]: PAM 5 more authentication failures; logname= uid=0 euid=0 tty=ssh ruser= rhost=218.87.109.156  user=root
Jan  3 19:56:13 LabSZ sshd[7173]: PAM service(sshd) ignoring max retries; 6 > 3
Jan  3 19:56:16 LabSZ sshd[7175]: message repeated 5 times: [ Failed password for root from 59.63.188.30 port 38252 ssh2]
Jan  3 19:56:16 LabSZ sshd[7175]: Disconnecting: Too many authentication failures for root [preauth]
Jan  3 19:56:16 LabSZ sshd[7175]: PAM 5 more authentication failures; logname= uid=0 euid=0 tty=ssh ruser= rhost=59.63.188.30  user=root
Jan  3 19:56:16 LabSZ sshd[7175]: PAM service(sshd) ignoring max retries; 6 > 3
Jan  3 19:56:17 LabSZ sshd[7179]: pam_unix(sshd:auth): authentication failure; logname= uid=0 euid=0 tty=ssh ruser= rhost=59.63.188.30  user=root
Jan  3 19:56:18 LabSZ sshd[7177]: pam_unix(sshd:auth): authentication failure; logname= uid=0 euid=0 tty=ssh ruser= rhost=218.87.109.156  user=root
Jan  3 19:56:19 LabSZ sshd[7179]: Failed password for root from 59.63.188.30 port 55350 ssh2
Jan  3 19:56:20 LabSZ sshd[7177]: Failed password for root from 218.87.109.156 port 24258 ssh2
Jan  3 19:56:30 LabSZ sshd[7179]: message repeated 5 times: [ Failed password for root from 59.63.188.30 port 55350 ssh2]
Jan  3 19:56:30 LabSZ sshd[7179]: Disconnecting: Too many authentication failures for root [preauth]
Jan  3 19:56:30 LabSZ sshd[7179]: PAM 5 more authentication failures; logname= uid=0 euid=0 tty=ssh ruser= rhost=59.63.188.30  user=root
Jan  3 19:56:30 LabSZ sshd[7179]: PAM service(sshd) ignoring max retries; 6 > 3
Jan  3 19:56:32 LabSZ sshd[7177]: message repeated 5 times: [ Failed password for root from 218.87.109.156 port 24258 ssh2]
Jan  3 19:56:32 LabSZ sshd[7177]: Disconnecting: Too many authentication failures for root [preauth]
Jan  3 19:56:32 LabSZ sshd[7177]: PAM 5 more authentication failures; logname= uid=0 euid=0 tty=ssh ruser= rhost=218.87.109.156  user=root
Jan  3 19:56:32 LabSZ sshd[7177]: PAM service(sshd) ignoring max retries; 6 > 3
Jan  3 19:56:32 LabSZ sshd[7181]: pam_unix(sshd:auth): authentication failure; logname= uid=0 euid=0 tty=ssh ruser= rhost=59.63.188.30  user=root
Jan  3 19:56:33 LabSZ sshd[7181]: Failed password for root from 59.63.188.30 port 7860 ssh2
Jan  3 19:56:42 LabSZ sshd[7183]: pam_unix(sshd:auth): authentication failure; logname= uid=0 euid=0 tty=ssh ruser= rhost=218.87.109.156  user=root
Jan  3 19:56:44 LabSZ sshd[7183]: Failed password for root from 218.87.109.156 port 5868 ssh2
Jan  3 19:56:45 LabSZ sshd[7181]: message repeated 5 times: [ Failed password for root from 59.63.188.30 port 7860 ssh2]
Jan  3 19:56:45 LabSZ sshd[7181]: Disconnecting: Too many authentication failures for root [preauth]
Jan  3 19:56:45 LabSZ sshd[7181]: PAM 5 more authentication failures; logname= uid=0 euid=0 tty=ssh ruser= rhost=59.63.188.30  user=root
Jan  3 19:56:45 LabSZ sshd[7181]: PAM service(sshd) ignoring max retries; 6 > 3
Jan  3 19:56:47 LabSZ sshd[7185]: pam_unix(sshd:auth): authentication failure; logname= uid=0 euid=0 tty=ssh ruser= rhost=59.63.188.30  user=root
Jan  3 19:56:48 LabSZ sshd[7185]: Failed password for root from 59.63.188.30 port 24869 ssh2
Jan  3 19:56:55 LabSZ sshd[7183]: message repeated 5 times: [ Failed password for root from 218.87.109.156 port 5868 ssh2]
Jan  3 19:56:55 LabSZ sshd[7183]: Disconnecting: Too many authentication failures for root [preauth]
Jan  3 19:56:55 LabSZ sshd[7183]: PAM 5 more authentication failures; logname= uid=0 euid=0 tty=ssh ruser= rhost=218.87.109.156  user=root
Jan  3 19:56:55 LabSZ sshd[7183]: PAM service(sshd) ignoring max retries; 6 > 3
Jan  3 19:57:00 LabSZ sshd[7185]: message repeated 5 times: [ Failed password for root from 59.63.188.30 port 24869 ssh2]
Jan  3 19:57:00 LabSZ sshd[7185]: Disconnecting: Too many authentication failures for root [preauth]
Jan  3 19:57:00 LabSZ sshd[7185]: PAM 5 more authentication failures; logname= uid=0 euid=0 tty=ssh ruser= rhost=59.63.188.30  user=root
Jan  3 19:57:00 LabSZ sshd[7185]: PAM service(sshd) ignoring max retries; 6 > 3
Jan  3 19:57:00 LabSZ sshd[7187]: pam_unix(sshd:auth): authentication failure; logname= uid=0 euid=0 tty=ssh ruser= rhost=218.87.109.156  user=root
Jan  3 19:57:01 LabSZ sshd[7189]: pam_unix(sshd:auth): authentication failure; logname= uid=0 euid=0 tty=ssh ruser= rhost=59.63.188.30  user=root
Jan  3 19:57:02 LabSZ sshd[7187]: Failed password for root from 218.87.109.156 port 62718 ssh2
Jan  3 19:57:03 LabSZ sshd[7189]: Failed password for root from 59.63.188.30 port 41614 ssh2
Jan  3 19:57:14 LabSZ sshd[7187]: message repeated 5 times: [ Failed password for root from 218.87.109.156 port 62718 ssh2]
Jan  3 19:57:14 LabSZ sshd[7187]: Disconnecting: Too many authentication failures for root [preauth]
Jan  3 19:57:14 LabSZ sshd[7187]: PAM 5 more authentication failures; logname= uid=0 euid=0 tty=ssh ruser= rhost=218.87.109.156  user=root
Jan  3 19:57:14 LabSZ sshd[7187]: PAM service(sshd) ignoring max retries; 6 > 3
Jan  3 19:57:14 LabSZ sshd[7189]: message repeated 5 times: [ Failed password for root from 59.63.188.30 port 41614 ssh2]
Jan  3 19:57:14 LabSZ sshd[7189]: Disconnecting: Too many authentication failures for root [preauth]
Jan  3 19:57:14 LabSZ sshd[7189]: PAM 5 more authentication failures; logname= uid=0 euid=0 tty=ssh ruser= rhost=59.63.188.30  user=root
Jan  3 19:57:14 LabSZ sshd[7189]: PAM service(sshd) ignoring max retries; 6 > 3
Jan  3 19:57:16 LabSZ sshd[7193]: pam_unix(sshd:auth): authentication failure; logname= uid=0 euid=0 tty=ssh ruser= rhost=59.63.188.30  user=root
Jan  3 19:57:18 LabSZ sshd[7193]: Failed password for root from 59.63.188.30 port 58117 ssh2
Jan  3 19:57:21 LabSZ sshd[7191]: pam_unix(sshd:auth): authentication failure; logname= uid=0 euid=0 tty=ssh ruser= rhost=218.87.109.156  user=root
