Jan  2 01:46:14 LabSZ sshd[20137]: pam_unix(sshd:auth): authentication failure; logname= uid=0 euid=0 tty=ssh ruser= rhost=58.242.83.25  user=root
Jan  2 01:46:16 LabSZ sshd[20137]: Failed password for root from 58.242.83.25 port 45266 ssh2
Jan  2 01:46:25 LabSZ sshd[20135]: message repeated 5 times: [ Failed password for root from 182.100.67.120 port 30106 ssh2]
Jan  2 01:46:25 LabSZ sshd[20135]: Disconnecting: Too many authentication failures for root [preauth]
Jan  2 01:46:25 LabSZ sshd[20135]: PAM 5 more authentication failures; logname= uid=0 euid=0 tty=ssh ruser= rhost=182.100.67.120  user=root
Jan  2 01:46:25 LabSZ sshd[20135]: PAM service(sshd) ignoring max retries; 6 > 3
Jan  2 01:46:26 LabSZ sshd[20139]: pam_unix(sshd:auth): authentication failure; logname= uid=0 euid=0 tty=ssh ruser= rhost=182.100.67.120  user=root
Jan  2 01:46:28 LabSZ sshd[20139]: Failed password for root from 182.100.67.120 port 2352 ssh2
Jan  2 01:46:29 LabSZ sshd[20137]: message repeated 5 times: [ Failed password for root from 58.242.83.25 port 45266 ssh2]
Jan  2 01:46:29 LabSZ sshd[20137]: Disconnecting: Too many authentication failures for root [preauth]
Jan  2 01:46:29 LabSZ sshd[20137]: PAM 5 more authentication failures; logname= uid=0 euid=0 tty=ssh ruser= rhost=58.242.83.25  user=root
Jan  2 01:46:29 LabSZ sshd[20137]: PAM service(sshd) ignoring max retries; 6 > 3
Jan  2 01:46:31 LabSZ sshd[20141]: pam_unix(sshd:auth): authentication failure; logname= uid=0 euid=0 tty=ssh ruser= rhost=58.242.83.25  user=root
Jan  2 01:46:32 LabSZ sshd[20141]: Failed password for root from 58.242.83.25 port 2894 ssh2
Jan  2 01:46:42 LabSZ sshd[20139]: message repeated 5 times: [ Failed password for root from 182.100.67.120 port 2352 ssh2]
Jan  2 01:46:42 LabSZ sshd[20139]: Disconnecting: Too many authentication failures for root [preauth]
Jan  2 01:46:42 LabSZ sshd[20139]: PAM 5 more authentication failures; logname= uid=0 euid=0 tty=ssh ruser= rhost=182.100.67.120  user=root
Jan  2 01:46:42 LabSZ sshd[20139]: PAM service(sshd) ignoring max retries; 6 > 3
Jan  2 01:46:44 LabSZ sshd[20143]: pam_unix(sshd:auth): authentication failure; logname= uid=0 euid=0 tty=ssh ruser= rhost=182.100.67.120  user=root
Jan  2 01:46:46 LabSZ sshd[20143]: Failed password for root from 182.100.67.120 port 41282 ssh2
Jan  2 01:46:46 LabSZ sshd[20141]: message repeated 5 times: [ Failed password for root from 58.242.83.25 port 2894 ssh2]
Jan  2 01:46:46 LabSZ sshd[20141]: Disconnecting: Too many authentication failures for root [preauth]
Jan  2 01:46:46 LabSZ sshd[20141]: PAM 5 more authentication failures; logname= uid=0 euid=0 tty=ssh ruser= rhost=58.242.83.25  user=root
Jan  2 01:46:46 LabSZ sshd[20141]: PAM service(sshd) ignoring max retries; 6 > 3
Jan  2 01:46:47 LabSZ sshd[20145]: pam_unix(sshd:auth): authentication failure; logname= uid=0 euid=0 tty=ssh ruser= rhost=58.242.83.25  user=root
Jan  2 01:46:50 LabSZ sshd[20145]: Failed password for root from 58.242.83.25 port 24679 ssh2
Jan  2 01:46:59 LabSZ sshd[20143]: message repeated 5 times: [ Failed password for root from 182.100.67.120 port 41282 ssh2]
Jan  2 01:46:59 LabSZ sshd[20143]: Disconnecting: Too many authentication failures for root [preauth]
Jan  2 01:46:59 LabSZ sshd[20143]: PAM 5 more authentication failures; logname= uid=0 euid=0 tty=ssh ruser= rhost=182.100.67.120  user=root
Jan  2 01:46:59 LabSZ sshd[20143]: PAM service(sshd) ignoring max retries; 6 > 3
Jan  2 01:47:01 LabSZ sshd[20147]: pam_unix(sshd:auth): authentication failure; logname= uid=0 euid=0 tty=ssh ruser= rhost=182.100.67.120  user=root
Jan  2 01:47:02 LabSZ sshd[20147]: Failed password for root from 182.100.67.120 port 14560 ssh2
Jan  2 01:47:03 LabSZ sshd[20145]: message repeated 5 times: [ Failed password for root from 58.242.83.25 port 24679 ssh2]
Jan  2 01:47:03 LabSZ sshd[20145]: Disconnecting: Too many authentication failures for root [preauth]
Jan  2 01:47:03 LabSZ sshd[20145]: PAM 5 more authentication failures; logname= uid=0 euid=0 tty=ssh ruser= rhost=58.242.83.25  user=root
Jan  2 01:47:03 LabSZ sshd[20145]: PAM service(sshd) ignoring max retries; 6 > 3
Jan  2 01:47:05 LabSZ sshd[20149]: pam_unix(sshd:auth): authentication failure; logname= uid=0 euid=0 tty=ssh ruser= rhost=58.242.83.25  user=root
Jan  2 01:47:07 LabSZ sshd[20149]: Failed password for root from 58.242.83.25 port 47490 ssh2
Jan  2 01:47:15 LabSZ sshd[20147]: message repeated 5 times: [ Failed password for root from 182.100.67.120 port 14560 ssh2]
Jan  2 01:47:15 LabSZ sshd[20147]: Disconnecting: Too many authentication failures for root [preauth]
Jan  2 01:47:15 LabSZ sshd[20147]: PAM 5 more authentication failures; logname= uid=0 euid=0 tty=ssh ruser= rhost=182.100.67.120  user=root
Jan  2 01:47:15 LabSZ sshd[20147]: PAM service(sshd) ignoring max retries; 6 > 3
Jan  2 01:47:17 LabSZ sshd[20151]: pam_unix(sshd:auth): authentication failure; logname= uid=0 euid=0 tty=ssh ruser= rhost=182.100.67.120  user=root
Jan  2 01:47:19 LabSZ sshd[20151]: Failed password for root from 182.100.67.120 port 50576 ssh2
Jan  2 01:47:20 LabSZ sshd[20149]: message repeated 5 times: [ Failed password for root from 58.242.83.25 port 47490 ssh2]
Jan  2 01:47:20 LabSZ sshd[20149]: Disconnecting: Too many authentication failures for root [preauth]
Jan  2 01:47:20 LabSZ sshd[20149]: PAM 5 more authentication failures; logname= uid=0 euid=0 tty=ssh ruser= rhost=58.242.83.25  user=root
Jan  2 01:47:20 LabSZ sshd[20149]: PAM service(sshd) ignoring max retries; 6 > 3
Jan  2 01:47:22 LabSZ sshd[20153]: pam_unix(sshd:auth): authentication failure; logname= uid=0 euid=0 tty=ssh ruser= rhost=58.242.83.25  user=root
Jan  2 01:47:24 LabSZ sshd[20153]: Failed password for root from 58.242.83.25 port 5711 ssh2
Jan  2 01:47:33 LabSZ sshd[20151]: message repeated 5 times: [ Failed password for root from 182.100.67.120 port 50576 ssh2]
Jan  2 01:47:33 LabSZ sshd[20151]: Disconnecting: Too many authentication failures for root [preauth]
Jan  2 01:47:33 LabSZ sshd[20151]: PAM 5 more authentication failures; logname= uid=0 euid=0 tty=ssh ruser= rhost=182.100.67.120  user=root
Jan  2 01:47:33 LabSZ sshd[20151]: PAM service(sshd) ignoring max retries; 6 > 3
Jan  2 01:47:35 LabSZ sshd[20155]: pam_unix(sshd:auth): authentication failure; logname= uid=0 euid=0 tty=ssh ruser= rhost=182.100.67.120  user=root
Jan  2 01:47:37 LabSZ sshd[20155]: Failed password for root from 182.100.67.120 port 25730 ssh2
Jan  2 01:47:37 LabSZ sshd[20153]: message repeated 5 times: [ Failed password for root from 58.242.83.25 port 5711 ssh2]
Jan  2 01:47:37 LabSZ sshd[20153]: Disconnecting: Too many authentication failures for root [preauth]
Jan  2 01:47:37 LabSZ sshd[20153]: PAM 5 more authentication failures; logname= uid=0 euid=0 tty=ssh ruser= rhost=58.242.83.25  user=root
Jan  2 01:47:37 LabSZ sshd[20153]: PAM service(sshd) ignoring max retries; 6 > 3
Jan  2 01:47:38 LabSZ sshd[20157]: pam_unix(sshd:auth): authentication failure; logname= uid=0 euid=0 tty=ssh ruser= rhost=58.242.83.25  user=root
Jan  2 01:47:41 LabSZ sshd[20157]: Failed password for root from 58.242.83.25 port 27902 ssh2
Jan  2 01:47:54 LabSZ sshd[20157]: message repeated 5 times: [ Failed password for root from 58.242.83.25 port 27902 ssh2]
Jan  2 01:47:54 LabSZ sshd[20157]: Disconnecting: Too many authentication failures for root [preauth]
Jan  2 01:47:54 LabSZ sshd[20157]: PAM 5 more authentication failures; logname= uid=0 euid=0 tty=ssh ruser= rhost=58.242.83.25  user=root
Jan  2 01:47:54 LabSZ sshd[20157]: PAM service(sshd) ignoring max retries; 6 > 3
Jan  2 01:47:55 LabSZ sshd[20159]: pam_unix(sshd:auth): authentication failure; logname= uid=0 euid=0 tty=ssh ruser= rhost=58.242.83.25  user=root
Jan  2 01:47:56 LabSZ sshd[20155]: message repeated 5 times: [ Failed password for root from 182.100.67.120 port 25730 ssh2]
Jan  2 01:47:56 LabSZ sshd[20155]: Disconnecting: Too many authentication failures for root [preauth]
Jan  2 01:47:56 LabSZ sshd[20155]: PAM 5 more authentication failures; logname= uid=0 euid=0 tty=ssh ruser= rhost=182.100.67.120  user=root
Jan  2 01:47:56 LabSZ sshd[20155]: PAM service(sshd) ignoring max retries; 6 > 3
Jan  2 01:47:57 LabSZ sshd[20161]: pam_unix(sshd:auth): authentication failure; logname= uid=0 euid=0 tty=ssh ruser= rhost=182.100.67.120  user=root
Jan  2 01:47:57 LabSZ sshd[20159]: Failed password for root from 58.242.83.25 port 50394 ssh2
Jan  2 01:47:59 LabSZ sshd[20161]: Failed password for root from 182.100.67.120 port 11300 ssh2
Jan  2 01:48:05 LabSZ sshd[20163]: Invalid user ubnt from 62.210.169.42
Jan  2 01:48:05 LabSZ sshd[20163]: input_userauth_request: invalid user ubnt [preauth]
Jan  2 01:48:05 LabSZ sshd[20163]: pam_unix(sshd:auth): check pass; user unknown
Jan  2 01:48:05 LabSZ sshd[20163]: pam_unix(sshd:auth): authentication failure; logname= uid=0 euid=0 tty=ssh ruser= rhost=62-210-169-42.rev.poneytelecom.eu 
Jan  2 01:48:10 LabSZ sshd[20159]: message repeated 5 times: [ Failed password for root from 58.242.83.25 port 50394 ssh2]
Jan  2 01:48:10 LabSZ sshd[20159]: Disconnecting: Too many authentication failures for root [preauth]
Jan  2 01:48:10 LabSZ sshd[20159]: PAM 5 more authentication failures; logname= uid=0 euid=0 tty=ssh ruser= rhost=58.242.83.25  user=root
Jan  2 01:48:10 LabSZ sshd[20159]: PAM service(sshd) ignoring max retries; 6 > 3
Jan  2 01:48:11 LabSZ sshd[20161]: message repeated 5 times: [ Failed password for root from 182.100.67.120 port 11300 ssh2]
Jan  2 01:48:11 LabSZ sshd[20161]: Disconnecting: Too many authentication failures for root [preauth]
Jan  2 01:48:11 LabSZ sshd[20161]: PAM 5 more authentication failures; logname= uid=0 euid=0 tty=ssh ruser= rhost=182.100.67.120  user=root
Jan  2 01:48:11 LabSZ sshd[20161]: PAM service(sshd) ignoring max retries; 6 > 3
Jan  2 01:48:11 LabSZ sshd[20165]: pam_unix(sshd:auth): authentication failure; logname= uid=0 euid=0 tty=ssh ruser= rhost=58.242.83.25  user=root
Jan  2 01:48:13 LabSZ sshd[20163]: Failed password for invalid user ubnt from 62.210.169.42 port 55077 ssh2
Jan  2 01:48:13 LabSZ sshd[20167]: pam_unix(sshd:auth): authentication failure; logname= uid=0 euid=0 tty=ssh ruser= rhost=182.100.67.120  user=root
Jan  2 01:48:13 LabSZ sshd[20165]: Failed password for root from 58.242.83.25 port 7107 ssh2
Jan  2 01:48:14 LabSZ sshd[20163]: fatal: Read from socket failed: Connection reset by peer [preauth]
Jan  2 01:48:15 LabSZ sshd[20167]: Failed password for root from 182.100.67.120 port 46406 ssh2
Jan  2 01:48:21 LabSZ sshd[20169]: Invalid user user from 62.210.169.42
Jan  2 01:48:21 LabSZ sshd[20169]: input_userauth_request: invalid user user [preauth]
Jan  2 01:48:21 LabSZ sshd[20169]: pam_unix(sshd:auth): check pass; user unknown
Jan  2 01:48:21 LabSZ sshd[20169]: pam_unix(sshd:auth): authentication failure; logname= uid=0 euid=0 tty=ssh ruser= rhost=62-210-169-42.rev.poneytelecom.eu 
Jan  2 01:48:25 LabSZ sshd[20165]: message repeated 5 times: [ Failed password for root from 58.242.83.25 port 7107 ssh2]
Jan  2 01:48:25 LabSZ sshd[20165]: Disconnecting: Too many authentication failures for root [preauth]
Jan  2 01:48:25 LabSZ sshd[20165]: PAM 5 more authentication failures; logname= uid=0 euid=0 tty=ssh ruser= rhost=58.242.83.25  user=root
Jan  2 01:48:25 LabSZ sshd[20165]: PAM service(sshd) ignoring max retries; 6 > 3
