Dec 17 09:39:07 LabSZ sshd[31359]: Failed password for root from 183.129.170.130 port 43725 ssh2
Dec 17 09:39:07 LabSZ sshd[31359]: Connection closed by 183.129.170.130 [preauth]
Dec 17 09:39:08 LabSZ sshd[31361]: pam_unix(sshd:auth): authentication failure; logname= uid=0 euid=0 tty=ssh ruser= rhost=183.129.170.130  user=root
Dec 17 09:39:10 LabSZ sshd[31361]: Failed password for root from 183.129.170.130 port 43827 ssh2
Dec 17 09:39:10 LabSZ sshd[31361]: Connection closed by 183.129.170.130 [preauth]
Dec 17 09:39:10 LabSZ sshd[31365]: pam_unix(sshd:auth): authentication failure; logname= uid=0 euid=0 tty=ssh ruser= rhost=183.129.170.130  user=root
Dec 17 09:39:10 LabSZ sshd[31363]: pam_unix(sshd:auth): authentication failure; logname= uid=0 euid=0 tty=ssh ruser= rhost=103.207.39.38  user=root
Dec 17 09:39:12 LabSZ sshd[31365]: Failed password for root from 183.129.170.130 port 43914 ssh2
Dec 17 09:39:12 LabSZ sshd[31365]: Connection closed by 183.129.170.130 [preauth]
Dec 17 09:39:12 LabSZ sshd[31363]: Failed password for root from 103.207.39.38 port 56299 ssh2
Dec 17 09:39:12 LabSZ sshd[31363]: Received disconnect from 103.207.39.38: 11: Closed due to user request. [preauth]
Dec 17 09:39:12 LabSZ sshd[31367]: pam_unix(sshd:auth): authentication failure; logname= uid=0 euid=0 tty=ssh ruser= rhost=183.129.170.130  user=root
Dec 17 09:39:14 LabSZ sshd[31367]: Failed password for root from 183.129.170.130 port 44013 ssh2
Dec 17 09:39:14 LabSZ sshd[31367]: Connection closed by 183.129.170.130 [preauth]
Dec 17 09:39:14 LabSZ sshd[31369]: Invalid user ubnt from 103.207.39.38
Dec 17 09:39:14 LabSZ sshd[31369]: input_userauth_request: invalid user ubnt [preauth]
Dec 17 09:39:14 LabSZ sshd[31371]: pam_unix(sshd:auth): authentication failure; logname= uid=0 euid=0 tty=ssh ruser= rhost=183.129.170.130  user=root
Dec 17 09:39:14 LabSZ sshd[31369]: pam_unix(sshd:auth): check pass; user unknown
Dec 17 09:39:14 LabSZ sshd[31369]: pam_unix(sshd:auth): authentication failure; logname= uid=0 euid=0 tty=ssh ruser= rhost=103.207.39.38 
Dec 17 09:39:16 LabSZ sshd[31371]: Failed password for root from 183.129.170.130 port 44089 ssh2
Dec 17 09:39:16 LabSZ sshd[31371]: Connection closed by 183.129.170.130 [preauth]
Dec 17 09:39:16 LabSZ sshd[31369]: Failed password for invalid user ubnt from 103.207.39.38 port 58718 ssh2
Dec 17 09:39:16 LabSZ sshd[31369]: Received disconnect from 103.207.39.38: 11: Closed due to user request. [preauth]
Dec 17 09:39:16 LabSZ sshd[31373]: pam_unix(sshd:auth): authentication failure; logname= uid=0 euid=0 tty=ssh ruser= rhost=183.129.170.130  user=root
Dec 17 09:39:19 LabSZ sshd[31373]: Failed password for root from 183.129.170.130 port 44191 ssh2
Dec 17 09:39:19 LabSZ sshd[31373]: Connection closed by 183.129.170.130 [preauth]
Dec 17 09:39:19 LabSZ sshd[31377]: pam_unix(sshd:auth): authentication failure; logname= uid=0 euid=0 tty=ssh ruser= rhost=183.129.170.130  user=root
Dec 17 09:39:19 LabSZ sshd[31375]: pam_unix(sshd:auth): authentication failure; logname= uid=0 euid=0 tty=ssh ruser= rhost=103.207.39.38  user=ftp
Dec 17 09:39:21 LabSZ sshd[31377]: Failed password for root from 183.129.170.130 port 44313 ssh2
Dec 17 09:39:21 LabSZ sshd[31377]: Connection closed by 183.129.170.130 [preauth]
Dec 17 09:39:21 LabSZ sshd[31375]: Failed password for ftp from 103.207.39.38 port 59838 ssh2
Dec 17 09:39:21 LabSZ sshd[31379]: pam_unix(sshd:auth): authentication failure; logname= uid=0 euid=0 tty=ssh ruser= rhost=183.129.170.130  user=root
Dec 17 09:39:21 LabSZ sshd[31375]: Received disconnect from 103.207.39.38: 11: Closed due to user request. [preauth]
Dec 17 09:39:22 LabSZ sshd[31381]: Invalid user sales from 103.207.39.38
Dec 17 09:39:22 LabSZ sshd[31381]: input_userauth_request: invalid user sales [preauth]
Dec 17 09:39:22 LabSZ sshd[31381]: pam_unix(sshd:auth): check pass; user unknown
Dec 17 09:39:22 LabSZ sshd[31381]: pam_unix(sshd:auth): authentication failure; logname= uid=0 euid=0 tty=ssh ruser= rhost=103.207.39.38 
Dec 17 09:39:23 LabSZ sshd[31379]: Failed password for root from 183.129.170.130 port 44397 ssh2
Dec 17 09:39:23 LabSZ sshd[31379]: Connection closed by 183.129.170.130 [preauth]
Dec 17 09:39:24 LabSZ sshd[31383]: pam_unix(sshd:auth): authentication failure; logname= uid=0 euid=0 tty=ssh ruser= rhost=183.129.170.130  user=root
Dec 17 09:39:24 LabSZ sshd[31381]: Failed password for invalid user sales from 103.207.39.38 port 60704 ssh2
Dec 17 09:39:25 LabSZ sshd[31381]: Received disconnect from 103.207.39.38: 11: Closed due to user request. [preauth]
Dec 17 09:39:25 LabSZ sshd[31383]: Failed password for root from 183.129.170.130 port 44505 ssh2
Dec 17 09:39:25 LabSZ sshd[31383]: Connection closed by 183.129.170.130 [preauth]
Dec 17 09:39:25 LabSZ sshd[31385]: pam_unix(sshd:auth): authentication failure; logname= uid=0 euid=0 tty=ssh ruser= rhost=183.129.170.130  user=root
Dec 17 09:39:26 LabSZ sshd[31387]: Invalid user administrator from 103.207.39.38
Dec 17 09:39:26 LabSZ sshd[31387]: input_userauth_request: invalid user administrator [preauth]
Dec 17 09:39:26 LabSZ sshd[31387]: pam_unix(sshd:auth): check pass; user unknown
Dec 17 09:39:26 LabSZ sshd[31387]: pam_unix(sshd:auth): authentication failure; logname= uid=0 euid=0 tty=ssh ruser= rhost=103.207.39.38 
Dec 17 09:39:27 LabSZ sshd[31385]: Failed password for root from 183.129.170.130 port 44575 ssh2
Dec 17 09:39:27 LabSZ sshd[31385]: Connection closed by 183.129.170.130 [preauth]
Dec 17 09:39:28 LabSZ sshd[31389]: pam_unix(sshd:auth): authentication failure; logname= uid=0 euid=0 tty=ssh ruser= rhost=183.129.170.130  user=root
Dec 17 09:39:28 LabSZ sshd[31387]: Failed password for invalid user administrator from 103.207.39.38 port 62578 ssh2
Dec 17 09:39:28 LabSZ sshd[31387]: Received disconnect from 103.207.39.38: 11: Closed due to user request. [preauth]
Dec 17 09:39:29 LabSZ sshd[31391]: Invalid user nagios from 103.207.39.38
Dec 17 09:39:29 LabSZ sshd[31391]: input_userauth_request: invalid user nagios [preauth]
Dec 17 09:39:29 LabSZ sshd[31391]: pam_unix(sshd:auth): check pass; user unknown
Dec 17 09:39:29 LabSZ sshd[31391]: pam_unix(sshd:auth): authentication failure; logname= uid=0 euid=0 tty=ssh ruser= rhost=103.207.39.38 
Dec 17 09:39:30 LabSZ sshd[31389]: Failed password for root from 183.129.170.130 port 44672 ssh2
Dec 17 09:39:30 LabSZ sshd[31389]: Connection closed by 183.129.170.130 [preauth]
Dec 17 09:39:30 LabSZ sshd[31393]: pam_unix(sshd:auth): authentication failure; logname= uid=0 euid=0 tty=ssh ruser= rhost=183.129.170.130  user=root
Dec 17 09:39:30 LabSZ sshd[31391]: Failed password for invalid user nagios from 103.207.39.38 port 63788 ssh2
Dec 17 09:39:30 LabSZ sshd[31391]: Received disconnect from 103.207.39.38: 11: Closed due to user request. [preauth]
Dec 17 09:39:32 LabSZ sshd[31395]: Invalid user ftpuser from 103.207.39.38
Dec 17 09:39:32 LabSZ sshd[31395]: input_userauth_request: invalid user ftpuser [preauth]
Dec 17 09:39:32 LabSZ sshd[31395]: pam_unix(sshd:auth): check pass; user unknown
Dec 17 09:39:32 LabSZ sshd[31395]: pam_unix(sshd:auth): authentication failure; logname= uid=0 euid=0 tty=ssh ruser= rhost=103.207.39.38 
Dec 17 09:39:32 LabSZ sshd[31393]: Failed password for root from 183.129.170.130 port 44789 ssh2
Dec 17 09:39:32 LabSZ sshd[31393]: Connection closed by 183.129.170.130 [preauth]
Dec 17 09:39:33 LabSZ sshd[31397]: pam_unix(sshd:auth): authentication failure; logname= uid=0 euid=0 tty=ssh ruser= rhost=183.129.170.130  user=root
Dec 17 09:39:34 LabSZ sshd[31395]: Failed password for invalid user ftpuser from 103.207.39.38 port 64095 ssh2
Dec 17 09:39:34 LabSZ sshd[31395]: Received disconnect from 103.207.39.38: 11: Closed due to user request. [preauth]
Dec 17 09:39:35 LabSZ sshd[31397]: Failed password for root from 183.129.170.130 port 44886 ssh2
Dec 17 09:39:35 LabSZ sshd[31397]: Connection closed by 183.129.170.130 [preauth]
Dec 17 09:39:35 LabSZ sshd[31399]: pam_unix(sshd:auth): authentication failure; logname= uid=0 euid=0 tty=ssh ruser= rhost=183.129.170.130  user=root
Dec 17 09:39:37 LabSZ sshd[31399]: Failed password for root from 183.129.170.130 port 44989 ssh2
Dec 17 09:39:37 LabSZ sshd[31399]: Connection closed by 183.129.170.130 [preauth]
Dec 17 09:39:37 LabSZ sshd[31401]: Invalid user admin from 103.207.39.38
Dec 17 09:39:37 LabSZ sshd[31401]: input_userauth_request: invalid user admin [preauth]
Dec 17 09:39:37 LabSZ sshd[31403]: pam_unix(sshd:auth): authentication failure; logname= uid=0 euid=0 tty=ssh ruser= rhost=183.129.170.130  user=root
Dec 17 09:39:37 LabSZ sshd[31401]: pam_unix(sshd:auth): check pass; user unknown
Dec 17 09:39:37 LabSZ sshd[31401]: pam_unix(sshd:auth): authentication failure; logname= uid=0 euid=0 tty=ssh ruser= rhost=103.207.39.38 
Dec 17 09:39:40 LabSZ sshd[31403]: Failed password for root from 183.129.170.130 port 45075 ssh2
Dec 17 09:39:40 LabSZ sshd[31403]: Connection closed by 183.129.170.130 [preauth]
Dec 17 09:39:40 LabSZ sshd[31401]: Failed password for invalid user admin from 103.207.39.38 port 65403 ssh2
Dec 17 09:39:40 LabSZ sshd[31401]: Received disconnect from 103.207.39.38: 11: Closed due to user request. [preauth]
Dec 17 09:39:40 LabSZ sshd[31405]: pam_unix(sshd:auth): authentication failure; logname= uid=0 euid=0 tty=ssh ruser= rhost=183.129.170.130  user=root
Dec 17 09:39:42 LabSZ sshd[31407]: pam_unix(sshd:auth): authentication failure; logname= uid=0 euid=0 tty=ssh ruser= rhost=103.207.39.38  user=nobody
Dec 17 09:39:42 LabSZ sshd[31405]: Failed password for root from 183.129.170.130 port 45188 ssh2
Dec 17 09:39:42 LabSZ sshd[31405]: Connection closed by 183.129.170.130 [preauth]
Dec 17 09:39:43 LabSZ sshd[31409]: pam_unix(sshd:auth): authentication failure; logname= uid=0 euid=0 tty=ssh ruser= rhost=183.129.170.130  user=root
Dec 17 09:39:44 LabSZ sshd[31407]: Failed password for nobody from 103.207.39.38 port 50456 ssh2
Dec 17 09:39:44 LabSZ sshd[31407]: Received disconnect from 103.207.39.38: 11: Closed due to user request. [preauth]
Dec 17 09:39:44 LabSZ sshd[31409]: Failed password for root from 183.129.170.130 port 45310 ssh2
Dec 17 09:39:44 LabSZ sshd[31409]: Connection closed by 183.129.170.130 [preauth]
Dec 17 09:39:45 LabSZ sshd[31411]: pam_unix(sshd:auth): authentication failure; logname= uid=0 euid=0 tty=ssh ruser= rhost=183.129.170.130  user=root
Dec 17 09:39:45 LabSZ sshd[31413]: Invalid user PlcmSpIp from 103.207.39.38
Dec 17 09:39:45 LabSZ sshd[31413]: input_userauth_request: invalid user PlcmSpIp [preauth]
Dec 17 09:39:46 LabSZ sshd[31413]: pam_unix(sshd:auth): check pass; user unknown
Dec 17 09:39:46 LabSZ sshd[31413]: pam_unix(sshd:auth): authentication failure; logname= uid=0 euid=0 tty=ssh ruser= rhost=103.207.39.38 
