Jan  2 05:42:18 LabSZ sshd[25355]: pam_unix(sshd:auth): authentication failure; logname= uid=0 euid=0 tty=ssh ruser= rhost=218.65.30.30  user=root
Jan  2 05:42:18 LabSZ sshd[25353]: Failed password for root from 58.242.83.25 port 10776 ssh2
Jan  2 05:42:21 LabSZ sshd[25355]: Failed password for root from 218.65.30.30 port 41150 ssh2
Jan  2 05:42:21 LabSZ sshd[25349]: message repeated 4 times: [ Failed password for root from 119.1.109.20 port 4652 ssh2]
Jan  2 05:42:21 LabSZ sshd[25349]: fatal: Read from socket failed: Connection reset by peer [preauth]
Jan  2 05:42:21 LabSZ sshd[25349]: PAM 4 more authentication failures; logname= uid=0 euid=0 tty=ssh ruser= rhost=119.1.109.20  user=root
Jan  2 05:42:21 LabSZ sshd[25349]: PAM service(sshd) ignoring max retries; 5 > 3
Jan  2 05:42:22 LabSZ sshd[25357]: pam_unix(sshd:auth): authentication failure; logname= uid=0 euid=0 tty=ssh ruser= rhost=119.1.109.20  user=root
Jan  2 05:42:24 LabSZ sshd[25357]: Failed password for root from 119.1.109.20 port 2882 ssh2
Jan  2 05:42:31 LabSZ sshd[25351]: message repeated 5 times: [ Failed password for root from 182.100.67.120 port 17342 ssh2]
Jan  2 05:42:31 LabSZ sshd[25351]: Disconnecting: Too many authentication failures for root [preauth]
Jan  2 05:42:31 LabSZ sshd[25351]: PAM 5 more authentication failures; logname= uid=0 euid=0 tty=ssh ruser= rhost=182.100.67.120  user=root
Jan  2 05:42:31 LabSZ sshd[25351]: PAM service(sshd) ignoring max retries; 6 > 3
Jan  2 05:42:32 LabSZ sshd[25353]: message repeated 5 times: [ Failed password for root from 58.242.83.25 port 10776 ssh2]
Jan  2 05:42:32 LabSZ sshd[25353]: Disconnecting: Too many authentication failures for root [preauth]
Jan  2 05:42:32 LabSZ sshd[25353]: PAM 5 more authentication failures; logname= uid=0 euid=0 tty=ssh ruser= rhost=58.242.83.25  user=root
Jan  2 05:42:32 LabSZ sshd[25353]: PAM service(sshd) ignoring max retries; 6 > 3
Jan  2 05:42:33 LabSZ sshd[25357]: message repeated 4 times: [ Failed password for root from 119.1.109.20 port 2882 ssh2]
Jan  2 05:42:33 LabSZ sshd[25357]: fatal: Read from socket failed: Connection reset by peer [preauth]
Jan  2 05:42:33 LabSZ sshd[25357]: PAM 4 more authentication failures; logname= uid=0 euid=0 tty=ssh ruser= rhost=119.1.109.20  user=root
Jan  2 05:42:33 LabSZ sshd[25357]: PAM service(sshd) ignoring max retries; 5 > 3
Jan  2 05:42:33 LabSZ sshd[25361]: pam_unix(sshd:auth): authentication failure; logname= uid=0 euid=0 tty=ssh ruser= rhost=119.1.109.20  user=root
Jan  2 05:42:33 LabSZ sshd[25359]: pam_unix(sshd:auth): authentication failure; logname= uid=0 euid=0 tty=ssh ruser= rhost=182.100.67.120  user=root
Jan  2 05:42:33 LabSZ sshd[25363]: pam_unix(sshd:auth): authentication failure; logname= uid=0 euid=0 tty=ssh ruser= rhost=58.242.83.25  user=root
Jan  2 05:42:34 LabSZ sshd[25355]: message repeated 5 times: [ Failed password for root from 218.65.30.30 port 41150 ssh2]
Jan  2 05:42:34 LabSZ sshd[25355]: Disconnecting: Too many authentication failures for root [preauth]
Jan  2 05:42:34 LabSZ sshd[25355]: PAM 5 more authentication failures; logname= uid=0 euid=0 tty=ssh ruser= rhost=218.65.30.30  user=root
Jan  2 05:42:34 LabSZ sshd[25355]: PAM service(sshd) ignoring max retries; 6 > 3
Jan  2 05:42:35 LabSZ sshd[25361]: Failed password for root from 119.1.109.20 port 1492 ssh2
Jan  2 05:42:35 LabSZ sshd[25365]: reverse mapping checking getaddrinfo for 30.30.65.218.broad.xy.jx.dynamic.163data.com.cn [218.65.30.30] failed - POSSIBLE BREAK-IN ATTEMPT!
Jan  2 05:42:35 LabSZ sshd[25365]: pam_unix(sshd:auth): authentication failure; logname= uid=0 euid=0 tty=ssh ruser= rhost=218.65.30.30  user=root
Jan  2 05:42:35 LabSZ sshd[25359]: Failed password for root from 182.100.67.120 port 56020 ssh2
Jan  2 05:42:35 LabSZ sshd[25363]: Failed password for root from 58.242.83.25 port 33132 ssh2
Jan  2 05:42:37 LabSZ sshd[25365]: Failed password for root from 218.65.30.30 port 12570 ssh2
Jan  2 05:42:44 LabSZ sshd[25361]: message repeated 4 times: [ Failed password for root from 119.1.109.20 port 1492 ssh2]
Jan  2 05:42:44 LabSZ sshd[25361]: fatal: Read from socket failed: Connection reset by peer [preauth]
Jan  2 05:42:44 LabSZ sshd[25361]: PAM 4 more authentication failures; logname= uid=0 euid=0 tty=ssh ruser= rhost=119.1.109.20  user=root
Jan  2 05:42:44 LabSZ sshd[25361]: PAM service(sshd) ignoring max retries; 5 > 3
Jan  2 05:42:44 LabSZ sshd[25367]: pam_unix(sshd:auth): authentication failure; logname= uid=0 euid=0 tty=ssh ruser= rhost=119.1.109.20  user=root
Jan  2 05:42:46 LabSZ sshd[25367]: Failed password for root from 119.1.109.20 port 3881 ssh2
Jan  2 05:42:48 LabSZ sshd[25363]: message repeated 5 times: [ Failed password for root from 58.242.83.25 port 33132 ssh2]
Jan  2 05:42:48 LabSZ sshd[25363]: Disconnecting: Too many authentication failures for root [preauth]
Jan  2 05:42:48 LabSZ sshd[25363]: PAM 5 more authentication failures; logname= uid=0 euid=0 tty=ssh ruser= rhost=58.242.83.25  user=root
Jan  2 05:42:48 LabSZ sshd[25363]: PAM service(sshd) ignoring max retries; 6 > 3
Jan  2 05:42:49 LabSZ sshd[25359]: message repeated 5 times: [ Failed password for root from 182.100.67.120 port 56020 ssh2]
Jan  2 05:42:49 LabSZ sshd[25359]: Disconnecting: Too many authentication failures for root [preauth]
Jan  2 05:42:49 LabSZ sshd[25359]: PAM 5 more authentication failures; logname= uid=0 euid=0 tty=ssh ruser= rhost=182.100.67.120  user=root
Jan  2 05:42:49 LabSZ sshd[25359]: PAM service(sshd) ignoring max retries; 6 > 3
Jan  2 05:42:50 LabSZ sshd[25371]: pam_unix(sshd:auth): authentication failure; logname= uid=0 euid=0 tty=ssh ruser= rhost=58.242.83.25  user=root
Jan  2 05:42:51 LabSZ sshd[25373]: pam_unix(sshd:auth): authentication failure; logname= uid=0 euid=0 tty=ssh ruser= rhost=182.100.67.120  user=root
Jan  2 05:42:51 LabSZ sshd[25365]: message repeated 5 times: [ Failed password for root from 218.65.30.30 port 12570 ssh2]
Jan  2 05:42:51 LabSZ sshd[25365]: Disconnecting: Too many authentication failures for root [preauth]
Jan  2 05:42:51 LabSZ sshd[25365]: PAM 5 more authentication failures; logname= uid=0 euid=0 tty=ssh ruser= rhost=218.65.30.30  user=root
Jan  2 05:42:51 LabSZ sshd[25365]: PAM service(sshd) ignoring max retries; 6 > 3
Jan  2 05:42:52 LabSZ sshd[25369]: Invalid user notes from 43.227.135.250
Jan  2 05:42:52 LabSZ sshd[25369]: input_userauth_request: invalid user notes [preauth]
Jan  2 05:42:52 LabSZ sshd[25369]: pam_unix(sshd:auth): check pass; user unknown
Jan  2 05:42:52 LabSZ sshd[25369]: pam_unix(sshd:auth): authentication failure; logname= uid=0 euid=0 tty=ssh ruser= rhost=43.227.135.250 
Jan  2 05:42:52 LabSZ sshd[25371]: Failed password for root from 58.242.83.25 port 54793 ssh2
Jan  2 05:42:52 LabSZ sshd[25375]: reverse mapping checking getaddrinfo for 30.30.65.218.broad.xy.jx.dynamic.163data.com.cn [218.65.30.30] failed - POSSIBLE BREAK-IN ATTEMPT!
Jan  2 05:42:52 LabSZ sshd[25375]: pam_unix(sshd:auth): authentication failure; logname= uid=0 euid=0 tty=ssh ruser= rhost=218.65.30.30  user=root
Jan  2 05:42:53 LabSZ sshd[25373]: Failed password for root from 182.100.67.120 port 31844 ssh2
Jan  2 05:42:54 LabSZ sshd[25369]: Failed password for invalid user notes from 43.227.135.250 port 58515 ssh2
Jan  2 05:42:55 LabSZ sshd[25369]: Received disconnect from 43.227.135.250: 11: Bye Bye [preauth]
Jan  2 05:42:55 LabSZ sshd[25375]: Failed password for root from 218.65.30.30 port 54846 ssh2
Jan  2 05:42:55 LabSZ sshd[25367]: message repeated 4 times: [ Failed password for root from 119.1.109.20 port 3881 ssh2]
Jan  2 05:42:55 LabSZ sshd[25367]: fatal: Read from socket failed: Connection reset by peer [preauth]
Jan  2 05:42:55 LabSZ sshd[25367]: PAM 4 more authentication failures; logname= uid=0 euid=0 tty=ssh ruser= rhost=119.1.109.20  user=root
Jan  2 05:42:55 LabSZ sshd[25367]: PAM service(sshd) ignoring max retries; 5 > 3
Jan  2 05:42:56 LabSZ sshd[25377]: pam_unix(sshd:auth): authentication failure; logname= uid=0 euid=0 tty=ssh ruser= rhost=119.1.109.20  user=root
Jan  2 05:42:57 LabSZ sshd[25377]: Failed password for root from 119.1.109.20 port 2125 ssh2
Jan  2 05:43:05 LabSZ sshd[25371]: message repeated 5 times: [ Failed password for root from 58.242.83.25 port 54793 ssh2]
Jan  2 05:43:05 LabSZ sshd[25371]: Disconnecting: Too many authentication failures for root [preauth]
Jan  2 05:43:05 LabSZ sshd[25371]: PAM 5 more authentication failures; logname= uid=0 euid=0 tty=ssh ruser= rhost=58.242.83.25  user=root
Jan  2 05:43:05 LabSZ sshd[25371]: PAM service(sshd) ignoring max retries; 6 > 3
Jan  2 05:43:06 LabSZ sshd[25377]: message repeated 4 times: [ Failed password for root from 119.1.109.20 port 2125 ssh2]
Jan  2 05:43:06 LabSZ sshd[25377]: fatal: Read from socket failed: Connection reset by peer [preauth]
Jan  2 05:43:06 LabSZ sshd[25377]: PAM 4 more authentication failures; logname= uid=0 euid=0 tty=ssh ruser= rhost=119.1.109.20  user=root
Jan  2 05:43:06 LabSZ sshd[25377]: PAM service(sshd) ignoring max retries; 5 > 3
Jan  2 05:43:06 LabSZ sshd[25379]: pam_unix(sshd:auth): authentication failure; logname= uid=0 euid=0 tty=ssh ruser= rhost=119.1.109.20  user=root
Jan  2 05:43:07 LabSZ sshd[25381]: pam_unix(sshd:auth): authentication failure; logname= uid=0 euid=0 tty=ssh ruser= rhost=58.242.83.25  user=root
Jan  2 05:43:07 LabSZ sshd[25373]: message repeated 5 times: [ Failed password for root from 182.100.67.120 port 31844 ssh2]
Jan  2 05:43:07 LabSZ sshd[25373]: Disconnecting: Too many authentication failures for root [preauth]
Jan  2 05:43:07 LabSZ sshd[25373]: PAM 5 more authentication failures; logname= uid=0 euid=0 tty=ssh ruser= rhost=182.100.67.120  user=root
Jan  2 05:43:07 LabSZ sshd[25373]: PAM service(sshd) ignoring max retries; 6 > 3
Jan  2 05:43:07 LabSZ sshd[25375]: message repeated 5 times: [ Failed password for root from 218.65.30.30 port 54846 ssh2]
Jan  2 05:43:07 LabSZ sshd[25375]: Disconnecting: Too many authentication failures for root [preauth]
Jan  2 05:43:07 LabSZ sshd[25375]: PAM 5 more authentication failures; logname= uid=0 euid=0 tty=ssh ruser= rhost=218.65.30.30  user=root
Jan  2 05:43:07 LabSZ sshd[25375]: PAM service(sshd) ignoring max retries; 6 > 3
Jan  2 05:43:08 LabSZ sshd[25379]: Failed password for root from 119.1.109.20 port 4451 ssh2
Jan  2 05:43:08 LabSZ sshd[25381]: Failed password for root from 58.242.83.25 port 12333 ssh2
Jan  2 05:43:08 LabSZ sshd[25383]: pam_unix(sshd:auth): authentication failure; logname= uid=0 euid=0 tty=ssh ruser= rhost=182.100.67.120  user=root
Jan  2 05:43:09 LabSZ sshd[25385]: reverse mapping checking getaddrinfo for 30.30.65.218.broad.xy.jx.dynamic.163data.com.cn [218.65.30.30] failed - POSSIBLE BREAK-IN ATTEMPT!
Jan  2 05:43:09 LabSZ sshd[25385]: pam_unix(sshd:auth): authentication failure; logname= uid=0 euid=0 tty=ssh ruser= rhost=218.65.30.30  user=root
Jan  2 05:43:10 LabSZ sshd[25383]: Failed password for root from 182.100.67.120 port 7084 ssh2
Jan  2 05:43:11 LabSZ sshd[25385]: Failed password for root from 218.65.30.30 port 27512 ssh2
Jan  2 05:43:15 LabSZ sshd[25379]: message repeated 4 times: [ Failed password for root from 119.1.109.20 port 4451 ssh2]
Jan  2 05:43:15 LabSZ sshd[25379]: fatal: Read from socket failed: Connection reset by peer [preauth]
Jan  2 05:43:15 LabSZ sshd[25379]: PAM 4 more authentication failures; logname= uid=0 euid=0 tty=ssh ruser= rhost=119.1.109.20  user=root
Jan  2 05:43:15 LabSZ sshd[25379]: PAM service(sshd) ignoring max retries; 5 > 3
