Jan  2 05:07:10 LabSZ sshd[24464]: Failed password for root from 183.152.89.217 port 50821 ssh2
Jan  2 05:07:12 LabSZ sshd[24458]: message repeated 5 times: [ Failed password for root from 58.242.83.25 port 36320 ssh2]
Jan  2 05:07:12 LabSZ sshd[24458]: Disconnecting: Too many authentication failures for root [preauth]
Jan  2 05:07:12 LabSZ sshd[24458]: PAM 5 more authentication failures; logname= uid=0 euid=0 tty=ssh ruser= rhost=58.242.83.25  user=root
Jan  2 05:07:12 LabSZ sshd[24458]: PAM service(sshd) ignoring max retries; 6 > 3
Jan  2 05:07:14 LabSZ sshd[24467]: pam_unix(sshd:auth): authentication failure; logname= uid=0 euid=0 tty=ssh ruser= rhost=58.242.83.25  user=root
Jan  2 05:07:14 LabSZ sshd[24460]: message repeated 5 times: [ Failed password for root from 218.65.30.30 port 6952 ssh2]
Jan  2 05:07:14 LabSZ sshd[24460]: Disconnecting: Too many authentication failures for root [preauth]
Jan  2 05:07:14 LabSZ sshd[24460]: PAM 5 more authentication failures; logname= uid=0 euid=0 tty=ssh ruser= rhost=218.65.30.30  user=root
Jan  2 05:07:14 LabSZ sshd[24460]: PAM service(sshd) ignoring max retries; 6 > 3
Jan  2 05:07:15 LabSZ sshd[24467]: Failed password for root from 58.242.83.25 port 56778 ssh2
Jan  2 05:07:15 LabSZ sshd[24470]: reverse mapping checking getaddrinfo for 30.30.65.218.broad.xy.jx.dynamic.163data.com.cn [218.65.30.30] failed - POSSIBLE BREAK-IN ATTEMPT!
Jan  2 05:07:15 LabSZ sshd[24470]: pam_unix(sshd:auth): authentication failure; logname= uid=0 euid=0 tty=ssh ruser= rhost=218.65.30.30  user=root
Jan  2 05:07:16 LabSZ sshd[24466]: reverse mapping checking getaddrinfo for 14.142.122.26.static-kolkata.vsnl.net.in [14.142.122.26] failed - POSSIBLE BREAK-IN ATTEMPT!
Jan  2 05:07:16 LabSZ sshd[24466]: Invalid user adm from 14.142.122.26
Jan  2 05:07:16 LabSZ sshd[24466]: input_userauth_request: invalid user adm [preauth]
Jan  2 05:07:16 LabSZ sshd[24466]: pam_unix(sshd:auth): check pass; user unknown
Jan  2 05:07:16 LabSZ sshd[24466]: pam_unix(sshd:auth): authentication failure; logname= uid=0 euid=0 tty=ssh ruser= rhost=14.142.122.26 
Jan  2 05:07:17 LabSZ sshd[24470]: Failed password for root from 218.65.30.30 port 45138 ssh2
Jan  2 05:07:18 LabSZ sshd[24466]: Failed password for invalid user adm from 14.142.122.26 port 54838 ssh2
Jan  2 05:07:18 LabSZ sshd[24466]: Received disconnect from 14.142.122.26: 11: Bye Bye [preauth]
Jan  2 05:07:18 LabSZ sshd[24464]: message repeated 5 times: [ Failed password for root from 183.152.89.217 port 50821 ssh2]
Jan  2 05:07:18 LabSZ sshd[24464]: Disconnecting: Too many authentication failures for root [preauth]
Jan  2 05:07:18 LabSZ sshd[24464]: PAM 5 more authentication failures; logname= uid=0 euid=0 tty=ssh ruser= rhost=183.152.89.217  user=root
Jan  2 05:07:18 LabSZ sshd[24464]: PAM service(sshd) ignoring max retries; 6 > 3
Jan  2 05:07:20 LabSZ sshd[24462]: message repeated 5 times: [ Failed password for root from 182.100.67.120 port 6156 ssh2]
Jan  2 05:07:20 LabSZ sshd[24462]: Disconnecting: Too many authentication failures for root [preauth]
Jan  2 05:07:20 LabSZ sshd[24462]: PAM 5 more authentication failures; logname= uid=0 euid=0 tty=ssh ruser= rhost=182.100.67.120  user=root
Jan  2 05:07:20 LabSZ sshd[24462]: PAM service(sshd) ignoring max retries; 6 > 3
Jan  2 05:07:21 LabSZ sshd[24472]: pam_unix(sshd:auth): authentication failure; logname= uid=0 euid=0 tty=ssh ruser= rhost=182.100.67.120  user=root
Jan  2 05:07:23 LabSZ sshd[24472]: Failed password for root from 182.100.67.120 port 42588 ssh2
Jan  2 05:07:26 LabSZ sshd[24467]: message repeated 5 times: [ Failed password for root from 58.242.83.25 port 56778 ssh2]
Jan  2 05:07:26 LabSZ sshd[24467]: Disconnecting: Too many authentication failures for root [preauth]
Jan  2 05:07:26 LabSZ sshd[24467]: PAM 5 more authentication failures; logname= uid=0 euid=0 tty=ssh ruser= rhost=58.242.83.25  user=root
Jan  2 05:07:26 LabSZ sshd[24467]: PAM service(sshd) ignoring max retries; 6 > 3
Jan  2 05:07:28 LabSZ sshd[24474]: pam_unix(sshd:auth): authentication failure; logname= uid=0 euid=0 tty=ssh ruser= rhost=58.242.83.25  user=root
Jan  2 05:07:29 LabSZ sshd[24470]: message repeated 5 times: [ Failed password for root from 218.65.30.30 port 45138 ssh2]
Jan  2 05:07:29 LabSZ sshd[24470]: Disconnecting: Too many authentication failures for root [preauth]
Jan  2 05:07:29 LabSZ sshd[24470]: PAM 5 more authentication failures; logname= uid=0 euid=0 tty=ssh ruser= rhost=218.65.30.30  user=root
Jan  2 05:07:29 LabSZ sshd[24470]: PAM service(sshd) ignoring max retries; 6 > 3
Jan  2 05:07:29 LabSZ sshd[24474]: Failed password for root from 58.242.83.25 port 11676 ssh2
Jan  2 05:07:31 LabSZ sshd[24476]: reverse mapping checking getaddrinfo for 30.30.65.218.broad.xy.jx.dynamic.163data.com.cn [218.65.30.30] failed - POSSIBLE BREAK-IN ATTEMPT!
Jan  2 05:07:31 LabSZ sshd[24476]: pam_unix(sshd:auth): authentication failure; logname= uid=0 euid=0 tty=ssh ruser= rhost=218.65.30.30  user=root
Jan  2 05:07:33 LabSZ sshd[24476]: Failed password for root from 218.65.30.30 port 16542 ssh2
Jan  2 05:07:36 LabSZ sshd[24472]: message repeated 5 times: [ Failed password for root from 182.100.67.120 port 42588 ssh2]
Jan  2 05:07:36 LabSZ sshd[24472]: Disconnecting: Too many authentication failures for root [preauth]
Jan  2 05:07:36 LabSZ sshd[24472]: PAM 5 more authentication failures; logname= uid=0 euid=0 tty=ssh ruser= rhost=182.100.67.120  user=root
Jan  2 05:07:36 LabSZ sshd[24472]: PAM service(sshd) ignoring max retries; 6 > 3
Jan  2 05:07:37 LabSZ sshd[24478]: pam_unix(sshd:auth): authentication failure; logname= uid=0 euid=0 tty=ssh ruser= rhost=182.100.67.120  user=root
Jan  2 05:07:38 LabSZ sshd[24478]: Failed password for root from 182.100.67.120 port 13400 ssh2
Jan  2 05:07:42 LabSZ sshd[24474]: message repeated 5 times: [ Failed password for root from 58.242.83.25 port 11676 ssh2]
Jan  2 05:07:42 LabSZ sshd[24474]: Disconnecting: Too many authentication failures for root [preauth]
Jan  2 05:07:42 LabSZ sshd[24474]: PAM 5 more authentication failures; logname= uid=0 euid=0 tty=ssh ruser= rhost=58.242.83.25  user=root
Jan  2 05:07:42 LabSZ sshd[24474]: PAM service(sshd) ignoring max retries; 6 > 3
Jan  2 05:07:44 LabSZ sshd[24480]: pam_unix(sshd:auth): authentication failure; logname= uid=0 euid=0 tty=ssh ruser= rhost=58.242.83.25  user=root
Jan  2 05:07:45 LabSZ sshd[24476]: message repeated 5 times: [ Failed password for root from 218.65.30.30 port 16542 ssh2]
Jan  2 05:07:45 LabSZ sshd[24476]: Disconnecting: Too many authentication failures for root [preauth]
Jan  2 05:07:45 LabSZ sshd[24476]: PAM 5 more authentication failures; logname= uid=0 euid=0 tty=ssh ruser= rhost=218.65.30.30  user=root
Jan  2 05:07:45 LabSZ sshd[24476]: PAM service(sshd) ignoring max retries; 6 > 3
Jan  2 05:07:45 LabSZ sshd[24480]: Failed password for root from 58.242.83.25 port 32560 ssh2
Jan  2 05:07:46 LabSZ sshd[24482]: reverse mapping checking getaddrinfo for 30.30.65.218.broad.xy.jx.dynamic.163data.com.cn [218.65.30.30] failed - POSSIBLE BREAK-IN ATTEMPT!
Jan  2 05:07:46 LabSZ sshd[24482]: pam_unix(sshd:auth): authentication failure; logname= uid=0 euid=0 tty=ssh ruser= rhost=218.65.30.30  user=root
Jan  2 05:07:48 LabSZ sshd[24482]: Failed password for root from 218.65.30.30 port 52934 ssh2
Jan  2 05:07:50 LabSZ sshd[24478]: message repeated 5 times: [ Failed password for root from 182.100.67.120 port 13400 ssh2]
Jan  2 05:07:50 LabSZ sshd[24478]: Disconnecting: Too many authentication failures for root [preauth]
Jan  2 05:07:50 LabSZ sshd[24478]: PAM 5 more authentication failures; logname= uid=0 euid=0 tty=ssh ruser= rhost=182.100.67.120  user=root
Jan  2 05:07:50 LabSZ sshd[24478]: PAM service(sshd) ignoring max retries; 6 > 3
Jan  2 05:07:52 LabSZ sshd[24484]: pam_unix(sshd:auth): authentication failure; logname= uid=0 euid=0 tty=ssh ruser= rhost=182.100.67.120  user=root
Jan  2 05:07:53 LabSZ sshd[24484]: Failed password for root from 182.100.67.120 port 47826 ssh2
Jan  2 05:07:58 LabSZ sshd[24480]: message repeated 5 times: [ Failed password for root from 58.242.83.25 port 32560 ssh2]
Jan  2 05:07:58 LabSZ sshd[24480]: Disconnecting: Too many authentication failures for root [preauth]
Jan  2 05:07:58 LabSZ sshd[24480]: PAM 5 more authentication failures; logname= uid=0 euid=0 tty=ssh ruser= rhost=58.242.83.25  user=root
Jan  2 05:07:58 LabSZ sshd[24480]: PAM service(sshd) ignoring max retries; 6 > 3
Jan  2 05:07:59 LabSZ sshd[24486]: pam_unix(sshd:auth): authentication failure; logname= uid=0 euid=0 tty=ssh ruser= rhost=58.242.83.25  user=root
Jan  2 05:08:00 LabSZ sshd[24488]: Did not receive identification string from 123.235.32.19
Jan  2 05:08:00 LabSZ sshd[24482]: message repeated 5 times: [ Failed password for root from 218.65.30.30 port 52934 ssh2]
Jan  2 05:08:00 LabSZ sshd[24482]: Disconnecting: Too many authentication failures for root [preauth]
Jan  2 05:08:00 LabSZ sshd[24482]: PAM 5 more authentication failures; logname= uid=0 euid=0 tty=ssh ruser= rhost=218.65.30.30  user=root
Jan  2 05:08:00 LabSZ sshd[24482]: PAM service(sshd) ignoring max retries; 6 > 3
Jan  2 05:08:01 LabSZ sshd[24486]: Failed password for root from 58.242.83.25 port 53410 ssh2
Jan  2 05:08:02 LabSZ sshd[24489]: reverse mapping checking getaddrinfo for 30.30.65.218.broad.xy.jx.dynamic.163data.com.cn [218.65.30.30] failed - POSSIBLE BREAK-IN ATTEMPT!
Jan  2 05:08:02 LabSZ sshd[24489]: pam_unix(sshd:auth): authentication failure; logname= uid=0 euid=0 tty=ssh ruser= rhost=218.65.30.30  user=root
Jan  2 05:08:03 LabSZ sshd[24489]: Failed password for root from 218.65.30.30 port 24358 ssh2
Jan  2 05:08:06 LabSZ sshd[24484]: message repeated 5 times: [ Failed password for root from 182.100.67.120 port 47826 ssh2]
Jan  2 05:08:06 LabSZ sshd[24484]: Disconnecting: Too many authentication failures for root [preauth]
Jan  2 05:08:06 LabSZ sshd[24484]: PAM 5 more authentication failures; logname= uid=0 euid=0 tty=ssh ruser= rhost=182.100.67.120  user=root
Jan  2 05:08:06 LabSZ sshd[24484]: PAM service(sshd) ignoring max retries; 6 > 3
Jan  2 05:08:07 LabSZ sshd[24491]: pam_unix(sshd:auth): authentication failure; logname= uid=0 euid=0 tty=ssh ruser= rhost=182.100.67.120  user=root
Jan  2 05:08:09 LabSZ sshd[24491]: Failed password for root from 182.100.67.120 port 18118 ssh2
Jan  2 05:08:13 LabSZ sshd[24486]: message repeated 5 times: [ Failed password for root from 58.242.83.25 port 53410 ssh2]
Jan  2 05:08:13 LabSZ sshd[24486]: Disconnecting: Too many authentication failures for root [preauth]
Jan  2 05:08:13 LabSZ sshd[24486]: PAM 5 more authentication failures; logname= uid=0 euid=0 tty=ssh ruser= rhost=58.242.83.25  user=root
Jan  2 05:08:13 LabSZ sshd[24486]: PAM service(sshd) ignoring max retries; 6 > 3
Jan  2 05:08:15 LabSZ sshd[24493]: pam_unix(sshd:auth): authentication failure; logname= uid=0 euid=0 tty=ssh ruser= rhost=58.242.83.25  user=root
Jan  2 05:08:16 LabSZ sshd[24489]: message repeated 5 times: [ Failed password for root from 218.65.30.30 port 24358 ssh2]
Jan  2 05:08:16 LabSZ sshd[24489]: Disconnecting: Too many authentication failures for root [preauth]
Jan  2 05:08:16 LabSZ sshd[24489]: PAM 5 more authentication failures; logname= uid=0 euid=0 tty=ssh ruser= rhost=218.65.30.30  user=root
Jan  2 05:08:16 LabSZ sshd[24489]: PAM service(sshd) ignoring max retries; 6 > 3
Jan  2 05:08:17 LabSZ sshd[24493]: Failed password for root from 58.242.83.25 port 10232 ssh2
Jan  2 05:08:18 LabSZ sshd[24495]: reverse mapping checking getaddrinfo for 30.30.65.218.broad.xy.jx.dynamic.163data.com.cn [218.65.30.30] failed - POSSIBLE BREAK-IN ATTEMPT!
