Jan  1 20:53:10 LabSZ sshd[13883]: PAM service(sshd) ignoring max retries; 6 > 3
Jan  1 20:53:11 LabSZ sshd[13889]: reverse mapping checking getaddrinfo for 30.30.65.218.broad.xy.jx.dynamic.163data.com.cn [218.65.30.30] failed - POSSIBLE BREAK-IN ATTEMPT!
Jan  1 20:53:11 LabSZ sshd[13889]: pam_unix(sshd:auth): authentication failure; logname= uid=0 euid=0 tty=ssh ruser= rhost=218.65.30.30  user=root
Jan  1 20:53:12 LabSZ sshd[13885]: message repeated 5 times: [ Failed password for root from 182.100.67.120 port 42016 ssh2]
Jan  1 20:53:12 LabSZ sshd[13885]: Disconnecting: Too many authentication failures for root [preauth]
Jan  1 20:53:12 LabSZ sshd[13885]: PAM 5 more authentication failures; logname= uid=0 euid=0 tty=ssh ruser= rhost=182.100.67.120  user=root
Jan  1 20:53:12 LabSZ sshd[13885]: PAM service(sshd) ignoring max retries; 6 > 3
Jan  1 20:53:13 LabSZ sshd[13889]: Failed password for root from 218.65.30.30 port 27086 ssh2
Jan  1 20:53:13 LabSZ sshd[13891]: pam_unix(sshd:auth): authentication failure; logname= uid=0 euid=0 tty=ssh ruser= rhost=182.100.67.120  user=root
Jan  1 20:53:15 LabSZ sshd[13891]: Failed password for root from 182.100.67.120 port 14908 ssh2
Jan  1 20:53:22 LabSZ sshd[13887]: message repeated 5 times: [ Failed password for root from 58.242.83.25 port 7185 ssh2]
Jan  1 20:53:22 LabSZ sshd[13887]: Disconnecting: Too many authentication failures for root [preauth]
Jan  1 20:53:22 LabSZ sshd[13887]: PAM 5 more authentication failures; logname= uid=0 euid=0 tty=ssh ruser= rhost=58.242.83.25  user=root
Jan  1 20:53:22 LabSZ sshd[13887]: PAM service(sshd) ignoring max retries; 6 > 3
Jan  1 20:53:23 LabSZ sshd[13893]: pam_unix(sshd:auth): authentication failure; logname= uid=0 euid=0 tty=ssh ruser= rhost=58.242.83.25  user=root
Jan  1 20:53:25 LabSZ sshd[13893]: Failed password for root from 58.242.83.25 port 26991 ssh2
Jan  1 20:53:27 LabSZ sshd[13889]: message repeated 5 times: [ Failed password for root from 218.65.30.30 port 27086 ssh2]
Jan  1 20:53:27 LabSZ sshd[13889]: Disconnecting: Too many authentication failures for root [preauth]
Jan  1 20:53:27 LabSZ sshd[13889]: PAM 5 more authentication failures; logname= uid=0 euid=0 tty=ssh ruser= rhost=218.65.30.30  user=root
Jan  1 20:53:27 LabSZ sshd[13889]: PAM service(sshd) ignoring max retries; 6 > 3
Jan  1 20:53:27 LabSZ sshd[13895]: Did not receive identification string from 195.154.37.122
Jan  1 20:53:28 LabSZ sshd[13898]: reverse mapping checking getaddrinfo for 30.30.65.218.broad.xy.jx.dynamic.163data.com.cn [218.65.30.30] failed - POSSIBLE BREAK-IN ATTEMPT!
Jan  1 20:53:28 LabSZ sshd[13898]: pam_unix(sshd:auth): authentication failure; logname= uid=0 euid=0 tty=ssh ruser= rhost=218.65.30.30  user=root
Jan  1 20:53:30 LabSZ sshd[13891]: message repeated 5 times: [ Failed password for root from 182.100.67.120 port 14908 ssh2]
Jan  1 20:53:30 LabSZ sshd[13891]: Disconnecting: Too many authentication failures for root [preauth]
Jan  1 20:53:30 LabSZ sshd[13891]: PAM 5 more authentication failures; logname= uid=0 euid=0 tty=ssh ruser= rhost=182.100.67.120  user=root
Jan  1 20:53:30 LabSZ sshd[13891]: PAM service(sshd) ignoring max retries; 6 > 3
Jan  1 20:53:30 LabSZ sshd[13896]: reverse mapping checking getaddrinfo for 195-154-37-122.rev.poneytelecom.eu [195.154.37.122] failed - POSSIBLE BREAK-IN ATTEMPT!
Jan  1 20:53:30 LabSZ sshd[13896]: Invalid user support from 195.154.37.122
Jan  1 20:53:30 LabSZ sshd[13896]: input_userauth_request: invalid user support [preauth]
Jan  1 20:53:31 LabSZ sshd[13896]: pam_unix(sshd:auth): check pass; user unknown
Jan  1 20:53:31 LabSZ sshd[13896]: pam_unix(sshd:auth): authentication failure; logname= uid=0 euid=0 tty=ssh ruser= rhost=195.154.37.122 
Jan  1 20:53:31 LabSZ sshd[13898]: Failed password for root from 218.65.30.30 port 65266 ssh2
Jan  1 20:53:31 LabSZ sshd[13900]: pam_unix(sshd:auth): authentication failure; logname= uid=0 euid=0 tty=ssh ruser= rhost=182.100.67.120  user=root
Jan  1 20:53:33 LabSZ sshd[13896]: Failed password for invalid user support from 195.154.37.122 port 51256 ssh2
Jan  1 20:53:33 LabSZ sshd[13896]: error: Received disconnect from 195.154.37.122: 3: com.jcraft.jsch.JSchException: Auth fail [preauth]
Jan  1 20:53:33 LabSZ sshd[13900]: Failed password for root from 182.100.67.120 port 56090 ssh2
Jan  1 20:53:39 LabSZ sshd[13893]: message repeated 5 times: [ Failed password for root from 58.242.83.25 port 26991 ssh2]
Jan  1 20:53:39 LabSZ sshd[13893]: Disconnecting: Too many authentication failures for root [preauth]
Jan  1 20:53:39 LabSZ sshd[13893]: PAM 5 more authentication failures; logname= uid=0 euid=0 tty=ssh ruser= rhost=58.242.83.25  user=root
Jan  1 20:53:39 LabSZ sshd[13893]: PAM service(sshd) ignoring max retries; 6 > 3
Jan  1 20:53:41 LabSZ sshd[13904]: pam_unix(sshd:auth): authentication failure; logname= uid=0 euid=0 tty=ssh ruser= rhost=58.242.83.25  user=root
Jan  1 20:53:41 LabSZ sshd[13902]: reverse mapping checking getaddrinfo for 195-154-37-122.rev.poneytelecom.eu [195.154.37.122] failed - POSSIBLE BREAK-IN ATTEMPT!
Jan  1 20:53:41 LabSZ sshd[13902]: pam_unix(sshd:auth): authentication failure; logname= uid=0 euid=0 tty=ssh ruser= rhost=195.154.37.122  user=uucp
Jan  1 20:53:43 LabSZ sshd[13904]: Failed password for root from 58.242.83.25 port 49204 ssh2
Jan  1 20:53:43 LabSZ sshd[13902]: Failed password for uucp from 195.154.37.122 port 53889 ssh2
Jan  1 20:53:44 LabSZ sshd[13902]: error: Received disconnect from 195.154.37.122: 3: com.jcraft.jsch.JSchException: Auth fail [preauth]
Jan  1 20:53:45 LabSZ sshd[13898]: message repeated 5 times: [ Failed password for root from 218.65.30.30 port 65266 ssh2]
Jan  1 20:53:45 LabSZ sshd[13898]: Disconnecting: Too many authentication failures for root [preauth]
Jan  1 20:53:45 LabSZ sshd[13898]: PAM 5 more authentication failures; logname= uid=0 euid=0 tty=ssh ruser= rhost=218.65.30.30  user=root
Jan  1 20:53:45 LabSZ sshd[13898]: PAM service(sshd) ignoring max retries; 6 > 3
Jan  1 20:53:46 LabSZ sshd[13906]: reverse mapping checking getaddrinfo for 30.30.65.218.broad.xy.jx.dynamic.163data.com.cn [218.65.30.30] failed - POSSIBLE BREAK-IN ATTEMPT!
Jan  1 20:53:46 LabSZ sshd[13906]: pam_unix(sshd:auth): authentication failure; logname= uid=0 euid=0 tty=ssh ruser= rhost=218.65.30.30  user=root
Jan  1 20:53:47 LabSZ sshd[13900]: message repeated 5 times: [ Failed password for root from 182.100.67.120 port 56090 ssh2]
Jan  1 20:53:47 LabSZ sshd[13900]: Disconnecting: Too many authentication failures for root [preauth]
Jan  1 20:53:47 LabSZ sshd[13900]: PAM 5 more authentication failures; logname= uid=0 euid=0 tty=ssh ruser= rhost=182.100.67.120  user=root
Jan  1 20:53:47 LabSZ sshd[13900]: PAM service(sshd) ignoring max retries; 6 > 3
Jan  1 20:53:48 LabSZ sshd[13906]: Failed password for root from 218.65.30.30 port 40120 ssh2
Jan  1 20:53:48 LabSZ sshd[13908]: pam_unix(sshd:auth): authentication failure; logname= uid=0 euid=0 tty=ssh ruser= rhost=182.100.67.120  user=root
Jan  1 20:53:51 LabSZ sshd[13908]: Failed password for root from 182.100.67.120 port 31110 ssh2
Jan  1 20:53:57 LabSZ sshd[13904]: message repeated 5 times: [ Failed password for root from 58.242.83.25 port 49204 ssh2]
Jan  1 20:53:57 LabSZ sshd[13904]: Disconnecting: Too many authentication failures for root [preauth]
Jan  1 20:53:57 LabSZ sshd[13904]: PAM 5 more authentication failures; logname= uid=0 euid=0 tty=ssh ruser= rhost=58.242.83.25  user=root
Jan  1 20:53:57 LabSZ sshd[13904]: PAM service(sshd) ignoring max retries; 6 > 3
Jan  1 20:53:58 LabSZ sshd[13910]: pam_unix(sshd:auth): authentication failure; logname= uid=0 euid=0 tty=ssh ruser= rhost=58.242.83.25  user=root
Jan  1 20:54:01 LabSZ sshd[13910]: Failed password for root from 58.242.83.25 port 6294 ssh2
Jan  1 20:54:02 LabSZ sshd[13906]: message repeated 5 times: [ Failed password for root from 218.65.30.30 port 40120 ssh2]
Jan  1 20:54:02 LabSZ sshd[13906]: Disconnecting: Too many authentication failures for root [preauth]
Jan  1 20:54:02 LabSZ sshd[13906]: PAM 5 more authentication failures; logname= uid=0 euid=0 tty=ssh ruser= rhost=218.65.30.30  user=root
Jan  1 20:54:02 LabSZ sshd[13906]: PAM service(sshd) ignoring max retries; 6 > 3
Jan  1 20:54:03 LabSZ sshd[13912]: reverse mapping checking getaddrinfo for 30.30.65.218.broad.xy.jx.dynamic.163data.com.cn [218.65.30.30] failed - POSSIBLE BREAK-IN ATTEMPT!
Jan  1 20:54:03 LabSZ sshd[13912]: pam_unix(sshd:auth): authentication failure; logname= uid=0 euid=0 tty=ssh ruser= rhost=218.65.30.30  user=root
Jan  1 20:54:03 LabSZ sshd[13908]: message repeated 5 times: [ Failed password for root from 182.100.67.120 port 31110 ssh2]
Jan  1 20:54:03 LabSZ sshd[13908]: Disconnecting: Too many authentication failures for root [preauth]
Jan  1 20:54:03 LabSZ sshd[13908]: PAM 5 more authentication failures; logname= uid=0 euid=0 tty=ssh ruser= rhost=182.100.67.120  user=root
Jan  1 20:54:03 LabSZ sshd[13908]: PAM service(sshd) ignoring max retries; 6 > 3
Jan  1 20:54:05 LabSZ sshd[13914]: pam_unix(sshd:auth): authentication failure; logname= uid=0 euid=0 tty=ssh ruser= rhost=182.100.67.120  user=root
Jan  1 20:54:05 LabSZ sshd[13912]: Failed password for root from 218.65.30.30 port 13076 ssh2
Jan  1 20:54:07 LabSZ sshd[13914]: Failed password for root from 182.100.67.120 port 4050 ssh2
Jan  1 20:54:15 LabSZ sshd[13910]: message repeated 5 times: [ Failed password for root from 58.242.83.25 port 6294 ssh2]
Jan  1 20:54:15 LabSZ sshd[13910]: Disconnecting: Too many authentication failures for root [preauth]
Jan  1 20:54:15 LabSZ sshd[13910]: PAM 5 more authentication failures; logname= uid=0 euid=0 tty=ssh ruser= rhost=58.242.83.25  user=root
Jan  1 20:54:15 LabSZ sshd[13910]: PAM service(sshd) ignoring max retries; 6 > 3
Jan  1 20:54:17 LabSZ sshd[13916]: pam_unix(sshd:auth): authentication failure; logname= uid=0 euid=0 tty=ssh ruser= rhost=58.242.83.25  user=root
Jan  1 20:54:19 LabSZ sshd[13916]: Failed password for root from 58.242.83.25 port 28964 ssh2
Jan  1 20:54:19 LabSZ sshd[13912]: message repeated 5 times: [ Failed password for root from 218.65.30.30 port 13076 ssh2]
Jan  1 20:54:19 LabSZ sshd[13912]: Disconnecting: Too many authentication failures for root [preauth]
Jan  1 20:54:19 LabSZ sshd[13912]: PAM 5 more authentication failures; logname= uid=0 euid=0 tty=ssh ruser= rhost=218.65.30.30  user=root
Jan  1 20:54:19 LabSZ sshd[13912]: PAM service(sshd) ignoring max retries; 6 > 3
Jan  1 20:54:20 LabSZ sshd[13918]: reverse mapping checking getaddrinfo for 30.30.65.218.broad.xy.jx.dynamic.163data.com.cn [218.65.30.30] failed - POSSIBLE BREAK-IN ATTEMPT!
Jan  1 20:54:21 LabSZ sshd[13918]: pam_unix(sshd:auth): authentication failure; logname= uid=0 euid=0 tty=ssh ruser= rhost=218.65.30.30  user=root
Jan  1 20:54:22 LabSZ sshd[13914]: message repeated 5 times: [ Failed password for root from 182.100.67.120 port 4050 ssh2]
Jan  1 20:54:22 LabSZ sshd[13914]: Disconnecting: Too many authentication failures for root [preauth]
Jan  1 20:54:22 LabSZ sshd[13914]: PAM 5 more authentication failures; logname= uid=0 euid=0 tty=ssh ruser= rhost=182.100.67.120  user=root
Jan  1 20:54:22 LabSZ sshd[13914]: PAM service(sshd) ignoring max retries; 6 > 3
Jan  1 20:54:23 LabSZ sshd[13918]: Failed password for root from 218.65.30.30 port 51490 ssh2
Jan  1 20:54:23 LabSZ sshd[13920]: pam_unix(sshd:auth): authentication failure; logname= uid=0 euid=0 tty=ssh ruser= rhost=182.100.67.120  user=root
Jan  1 20:54:25 LabSZ sshd[13920]: Failed password for root from 182.100.67.120 port 45770 ssh2
Jan  1 20:54:33 LabSZ sshd[13916]: message repeated 5 times: [ Failed password for root from 58.242.83.25 port 28964 ssh2]
Jan  1 20:54:33 LabSZ sshd[13916]: Disconnecting: Too many authentication failures for root [preauth]
