Jan  2 02:29:51 LabSZ sshd[20974]: pam_unix(sshd:auth): authentication failure; logname= uid=0 euid=0 tty=ssh ruser= rhost=58.242.83.25  user=root
Jan  2 02:29:51 LabSZ sshd[20972]: message repeated 5 times: [ Failed password for root from 182.100.67.120 port 53436 ssh2]
Jan  2 02:29:51 LabSZ sshd[20972]: Disconnecting: Too many authentication failures for root [preauth]
Jan  2 02:29:51 LabSZ sshd[20972]: PAM 5 more authentication failures; logname= uid=0 euid=0 tty=ssh ruser= rhost=182.100.67.120  user=root
Jan  2 02:29:51 LabSZ sshd[20972]: PAM service(sshd) ignoring max retries; 6 > 3
Jan  2 02:29:52 LabSZ sshd[20976]: pam_unix(sshd:auth): authentication failure; logname= uid=0 euid=0 tty=ssh ruser= rhost=182.100.67.120  user=root
Jan  2 02:29:53 LabSZ sshd[20974]: Failed password for root from 58.242.83.25 port 51715 ssh2
Jan  2 02:29:54 LabSZ sshd[20976]: Failed password for root from 182.100.67.120 port 26274 ssh2
Jan  2 02:30:06 LabSZ sshd[20974]: message repeated 5 times: [ Failed password for root from 58.242.83.25 port 51715 ssh2]
Jan  2 02:30:06 LabSZ sshd[20974]: Disconnecting: Too many authentication failures for root [preauth]
Jan  2 02:30:06 LabSZ sshd[20974]: PAM 5 more authentication failures; logname= uid=0 euid=0 tty=ssh ruser= rhost=58.242.83.25  user=root
Jan  2 02:30:06 LabSZ sshd[20974]: PAM service(sshd) ignoring max retries; 6 > 3
Jan  2 02:30:08 LabSZ sshd[20978]: pam_unix(sshd:auth): authentication failure; logname= uid=0 euid=0 tty=ssh ruser= rhost=58.242.83.25  user=root
Jan  2 02:30:08 LabSZ sshd[20976]: message repeated 5 times: [ Failed password for root from 182.100.67.120 port 26274 ssh2]
Jan  2 02:30:08 LabSZ sshd[20976]: Disconnecting: Too many authentication failures for root [preauth]
Jan  2 02:30:08 LabSZ sshd[20976]: PAM 5 more authentication failures; logname= uid=0 euid=0 tty=ssh ruser= rhost=182.100.67.120  user=root
Jan  2 02:30:08 LabSZ sshd[20976]: PAM service(sshd) ignoring max retries; 6 > 3
Jan  2 02:30:09 LabSZ sshd[20980]: pam_unix(sshd:auth): authentication failure; logname= uid=0 euid=0 tty=ssh ruser= rhost=182.100.67.120  user=root
Jan  2 02:30:09 LabSZ sshd[20978]: Failed password for root from 58.242.83.25 port 9547 ssh2
Jan  2 02:30:11 LabSZ sshd[20980]: Failed password for root from 182.100.67.120 port 64088 ssh2
Jan  2 02:30:23 LabSZ sshd[20978]: message repeated 5 times: [ Failed password for root from 58.242.83.25 port 9547 ssh2]
Jan  2 02:30:23 LabSZ sshd[20978]: Disconnecting: Too many authentication failures for root [preauth]
Jan  2 02:30:23 LabSZ sshd[20978]: PAM 5 more authentication failures; logname= uid=0 euid=0 tty=ssh ruser= rhost=58.242.83.25  user=root
Jan  2 02:30:23 LabSZ sshd[20978]: PAM service(sshd) ignoring max retries; 6 > 3
Jan  2 02:30:24 LabSZ sshd[20982]: pam_unix(sshd:auth): authentication failure; logname= uid=0 euid=0 tty=ssh ruser= rhost=58.242.83.25  user=root
Jan  2 02:30:25 LabSZ sshd[20980]: message repeated 5 times: [ Failed password for root from 182.100.67.120 port 64088 ssh2]
Jan  2 02:30:25 LabSZ sshd[20980]: Disconnecting: Too many authentication failures for root [preauth]
Jan  2 02:30:25 LabSZ sshd[20980]: PAM 5 more authentication failures; logname= uid=0 euid=0 tty=ssh ruser= rhost=182.100.67.120  user=root
Jan  2 02:30:25 LabSZ sshd[20980]: PAM service(sshd) ignoring max retries; 6 > 3
Jan  2 02:30:27 LabSZ sshd[20982]: Failed password for root from 58.242.83.25 port 30683 ssh2
Jan  2 02:30:27 LabSZ sshd[20984]: pam_unix(sshd:auth): authentication failure; logname= uid=0 euid=0 tty=ssh ruser= rhost=182.100.67.120  user=root
Jan  2 02:30:29 LabSZ sshd[20984]: Failed password for root from 182.100.67.120 port 36432 ssh2
Jan  2 02:30:41 LabSZ sshd[20982]: message repeated 5 times: [ Failed password for root from 58.242.83.25 port 30683 ssh2]
Jan  2 02:30:41 LabSZ sshd[20982]: Disconnecting: Too many authentication failures for root [preauth]
Jan  2 02:30:41 LabSZ sshd[20982]: PAM 5 more authentication failures; logname= uid=0 euid=0 tty=ssh ruser= rhost=58.242.83.25  user=root
Jan  2 02:30:41 LabSZ sshd[20982]: PAM service(sshd) ignoring max retries; 6 > 3
Jan  2 02:30:43 LabSZ sshd[20986]: pam_unix(sshd:auth): authentication failure; logname= uid=0 euid=0 tty=ssh ruser= rhost=58.242.83.25  user=root
Jan  2 02:30:44 LabSZ sshd[20986]: Failed password for root from 58.242.83.25 port 54507 ssh2
Jan  2 02:30:50 LabSZ sshd[20989]: pam_unix(sshd:auth): authentication failure; logname= uid=0 euid=0 tty=ssh ruser= rhost=182.100.67.120  user=root
Jan  2 02:30:50 LabSZ sshd[20984]: message repeated 4 times: [ Failed password for root from 182.100.67.120 port 36432 ssh2]
Jan  2 02:30:50 LabSZ sshd[20984]: Received disconnect from 182.100.67.120: 11:  [preauth]
Jan  2 02:30:50 LabSZ sshd[20984]: PAM 4 more authentication failures; logname= uid=0 euid=0 tty=ssh ruser= rhost=182.100.67.120  user=root
Jan  2 02:30:50 LabSZ sshd[20984]: PAM service(sshd) ignoring max retries; 5 > 3
Jan  2 02:30:52 LabSZ sshd[20989]: Failed password for root from 182.100.67.120 port 24652 ssh2
Jan  2 02:30:57 LabSZ sshd[20986]: message repeated 5 times: [ Failed password for root from 58.242.83.25 port 54507 ssh2]
Jan  2 02:30:57 LabSZ sshd[20986]: Disconnecting: Too many authentication failures for root [preauth]
Jan  2 02:30:57 LabSZ sshd[20986]: PAM 5 more authentication failures; logname= uid=0 euid=0 tty=ssh ruser= rhost=58.242.83.25  user=root
Jan  2 02:30:57 LabSZ sshd[20986]: PAM service(sshd) ignoring max retries; 6 > 3
Jan  2 02:30:58 LabSZ sshd[20988]: Invalid user  0101 from 5.188.10.182
Jan  2 02:30:58 LabSZ sshd[20988]: input_userauth_request: invalid user  0101 [preauth]
Jan  2 02:30:58 LabSZ sshd[20988]: pam_unix(sshd:auth): check pass; user unknown
Jan  2 02:30:58 LabSZ sshd[20988]: pam_unix(sshd:auth): authentication failure; logname= uid=0 euid=0 tty=ssh ruser= rhost=5.188.10.182 
Jan  2 02:30:59 LabSZ sshd[20992]: pam_unix(sshd:auth): authentication failure; logname= uid=0 euid=0 tty=ssh ruser= rhost=58.242.83.25  user=root
Jan  2 02:31:00 LabSZ sshd[20988]: Failed password for invalid user  0101 from 5.188.10.182 port 47303 ssh2
Jan  2 02:31:01 LabSZ sshd[20992]: Failed password for root from 58.242.83.25 port 11858 ssh2
Jan  2 02:31:05 LabSZ sshd[20988]: Connection closed by 5.188.10.182 [preauth]
Jan  2 02:31:05 LabSZ sshd[20989]: message repeated 5 times: [ Failed password for root from 182.100.67.120 port 24652 ssh2]
Jan  2 02:31:05 LabSZ sshd[20989]: Disconnecting: Too many authentication failures for root [preauth]
Jan  2 02:31:05 LabSZ sshd[20989]: PAM 5 more authentication failures; logname= uid=0 euid=0 tty=ssh ruser= rhost=182.100.67.120  user=root
Jan  2 02:31:05 LabSZ sshd[20989]: PAM service(sshd) ignoring max retries; 6 > 3
Jan  2 02:31:07 LabSZ sshd[20995]: pam_unix(sshd:auth): authentication failure; logname= uid=0 euid=0 tty=ssh ruser= rhost=182.100.67.120  user=root
Jan  2 02:31:08 LabSZ sshd[20995]: Failed password for root from 182.100.67.120 port 60528 ssh2
Jan  2 02:31:13 LabSZ sshd[20994]: Invalid user 0 from 5.188.10.182
Jan  2 02:31:13 LabSZ sshd[20994]: input_userauth_request: invalid user 0 [preauth]
Jan  2 02:31:13 LabSZ sshd[20994]: Failed none for invalid user 0 from 5.188.10.182 port 49692 ssh2
Jan  2 02:31:15 LabSZ sshd[20992]: message repeated 5 times: [ Failed password for root from 58.242.83.25 port 11858 ssh2]
Jan  2 02:31:15 LabSZ sshd[20992]: Disconnecting: Too many authentication failures for root [preauth]
Jan  2 02:31:15 LabSZ sshd[20992]: PAM 5 more authentication failures; logname= uid=0 euid=0 tty=ssh ruser= rhost=58.242.83.25  user=root
Jan  2 02:31:15 LabSZ sshd[20992]: PAM service(sshd) ignoring max retries; 6 > 3
Jan  2 02:31:16 LabSZ sshd[20994]: pam_unix(sshd:auth): check pass; user unknown
Jan  2 02:31:16 LabSZ sshd[20994]: pam_unix(sshd:auth): authentication failure; logname= uid=0 euid=0 tty=ssh ruser= rhost=5.188.10.182 
Jan  2 02:31:16 LabSZ sshd[20998]: pam_unix(sshd:auth): authentication failure; logname= uid=0 euid=0 tty=ssh ruser= rhost=58.242.83.25  user=root
Jan  2 02:31:18 LabSZ sshd[20994]: Failed password for invalid user 0 from 5.188.10.182 port 49692 ssh2
Jan  2 02:31:18 LabSZ sshd[20998]: Failed password for root from 58.242.83.25 port 33521 ssh2
Jan  2 02:31:22 LabSZ sshd[20995]: message repeated 5 times: [ Failed password for root from 182.100.67.120 port 60528 ssh2]
Jan  2 02:31:22 LabSZ sshd[20995]: Disconnecting: Too many authentication failures for root [preauth]
Jan  2 02:31:22 LabSZ sshd[20995]: PAM 5 more authentication failures; logname= uid=0 euid=0 tty=ssh ruser= rhost=182.100.67.120  user=root
Jan  2 02:31:22 LabSZ sshd[20995]: PAM service(sshd) ignoring max retries; 6 > 3
Jan  2 02:31:22 LabSZ sshd[20994]: Connection closed by 5.188.10.182 [preauth]
Jan  2 02:31:23 LabSZ sshd[21001]: pam_unix(sshd:auth): authentication failure; logname= uid=0 euid=0 tty=ssh ruser= rhost=182.100.67.120  user=root
Jan  2 02:31:26 LabSZ sshd[21001]: Failed password for root from 182.100.67.120 port 33256 ssh2
Jan  2 02:31:29 LabSZ sshd[21000]: Invalid user 1234 from 5.188.10.182
Jan  2 02:31:29 LabSZ sshd[21000]: input_userauth_request: invalid user 1234 [preauth]
Jan  2 02:31:29 LabSZ sshd[21000]: pam_unix(sshd:auth): check pass; user unknown
Jan  2 02:31:29 LabSZ sshd[21000]: pam_unix(sshd:auth): authentication failure; logname= uid=0 euid=0 tty=ssh ruser= rhost=5.188.10.182 
Jan  2 02:31:31 LabSZ sshd[21000]: Failed password for invalid user 1234 from 5.188.10.182 port 34414 ssh2
Jan  2 02:31:32 LabSZ sshd[20998]: message repeated 5 times: [ Failed password for root from 58.242.83.25 port 33521 ssh2]
Jan  2 02:31:32 LabSZ sshd[20998]: Disconnecting: Too many authentication failures for root [preauth]
Jan  2 02:31:32 LabSZ sshd[20998]: PAM 5 more authentication failures; logname= uid=0 euid=0 tty=ssh ruser= rhost=58.242.83.25  user=root
Jan  2 02:31:32 LabSZ sshd[20998]: PAM service(sshd) ignoring max retries; 6 > 3
Jan  2 02:31:33 LabSZ sshd[21000]: Connection closed by 5.188.10.182 [preauth]
Jan  2 02:31:33 LabSZ sshd[21004]: pam_unix(sshd:auth): authentication failure; logname= uid=0 euid=0 tty=ssh ruser= rhost=58.242.83.25  user=root
Jan  2 02:31:35 LabSZ sshd[21004]: Failed password for root from 58.242.83.25 port 55162 ssh2
Jan  2 02:31:39 LabSZ sshd[21001]: message repeated 5 times: [ Failed password for root from 182.100.67.120 port 33256 ssh2]
Jan  2 02:31:39 LabSZ sshd[21001]: Disconnecting: Too many authentication failures for root [preauth]
Jan  2 02:31:39 LabSZ sshd[21001]: PAM 5 more authentication failures; logname= uid=0 euid=0 tty=ssh ruser= rhost=182.100.67.120  user=root
Jan  2 02:31:39 LabSZ sshd[21001]: PAM service(sshd) ignoring max retries; 6 > 3
Jan  2 02:31:41 LabSZ sshd[21007]: pam_unix(sshd:auth): authentication failure; logname= uid=0 euid=0 tty=ssh ruser= rhost=182.100.67.120  user=root
Jan  2 02:31:42 LabSZ sshd[21007]: Failed password for root from 182.100.67.120 port 6894 ssh2
Jan  2 02:31:48 LabSZ sshd[21004]: message repeated 5 times: [ Failed password for root from 58.242.83.25 port 55162 ssh2]
