Jan  3 19:11:54 LabSZ sshd[6451]: message repeated 5 times: [ Failed password for root from 218.87.109.156 port 55668 ssh2]
Jan  3 19:11:54 LabSZ sshd[6451]: Disconnecting: Too many authentication failures for root [preauth]
Jan  3 19:11:54 LabSZ sshd[6451]: PAM 5 more authentication failures; logname= uid=0 euid=0 tty=ssh ruser= rhost=218.87.109.156  user=root
Jan  3 19:11:54 LabSZ sshd[6451]: PAM service(sshd) ignoring max retries; 6 > 3
Jan  3 19:11:56 LabSZ sshd[6455]: pam_unix(sshd:auth): authentication failure; logname= uid=0 euid=0 tty=ssh ruser= rhost=218.87.109.156  user=root
Jan  3 19:11:58 LabSZ sshd[6455]: Failed password for root from 218.87.109.156 port 39966 ssh2
Jan  3 19:12:01 LabSZ sshd[6453]: message repeated 5 times: [ Failed password for root from 59.63.188.30 port 49905 ssh2]
Jan  3 19:12:01 LabSZ sshd[6453]: Disconnecting: Too many authentication failures for root [preauth]
Jan  3 19:12:01 LabSZ sshd[6453]: PAM 5 more authentication failures; logname= uid=0 euid=0 tty=ssh ruser= rhost=59.63.188.30  user=root
Jan  3 19:12:01 LabSZ sshd[6453]: PAM service(sshd) ignoring max retries; 6 > 3
Jan  3 19:12:02 LabSZ sshd[6457]: pam_unix(sshd:auth): authentication failure; logname= uid=0 euid=0 tty=ssh ruser= rhost=59.63.188.30  user=root
Jan  3 19:12:04 LabSZ sshd[6457]: Failed password for root from 59.63.188.30 port 3666 ssh2
Jan  3 19:12:09 LabSZ sshd[6455]: message repeated 5 times: [ Failed password for root from 218.87.109.156 port 39966 ssh2]
Jan  3 19:12:09 LabSZ sshd[6455]: Disconnecting: Too many authentication failures for root [preauth]
Jan  3 19:12:09 LabSZ sshd[6455]: PAM 5 more authentication failures; logname= uid=0 euid=0 tty=ssh ruser= rhost=218.87.109.156  user=root
Jan  3 19:12:09 LabSZ sshd[6455]: PAM service(sshd) ignoring max retries; 6 > 3
Jan  3 19:12:16 LabSZ sshd[6457]: message repeated 5 times: [ Failed password for root from 59.63.188.30 port 3666 ssh2]
Jan  3 19:12:16 LabSZ sshd[6457]: Disconnecting: Too many authentication failures for root [preauth]
Jan  3 19:12:16 LabSZ sshd[6457]: PAM 5 more authentication failures; logname= uid=0 euid=0 tty=ssh ruser= rhost=59.63.188.30  user=root
Jan  3 19:12:16 LabSZ sshd[6457]: PAM service(sshd) ignoring max retries; 6 > 3
Jan  3 19:12:18 LabSZ sshd[6461]: pam_unix(sshd:auth): authentication failure; logname= uid=0 euid=0 tty=ssh ruser= rhost=59.63.188.30  user=root
Jan  3 19:12:19 LabSZ sshd[6461]: Failed password for root from 59.63.188.30 port 21145 ssh2
Jan  3 19:12:21 LabSZ sshd[6459]: pam_unix(sshd:auth): authentication failure; logname= uid=0 euid=0 tty=ssh ruser= rhost=218.87.109.156  user=root
Jan  3 19:12:23 LabSZ sshd[6459]: Failed password for root from 218.87.109.156 port 13216 ssh2
Jan  3 19:12:31 LabSZ sshd[6461]: message repeated 5 times: [ Failed password for root from 59.63.188.30 port 21145 ssh2]
Jan  3 19:12:31 LabSZ sshd[6461]: Disconnecting: Too many authentication failures for root [preauth]
Jan  3 19:12:31 LabSZ sshd[6461]: PAM 5 more authentication failures; logname= uid=0 euid=0 tty=ssh ruser= rhost=59.63.188.30  user=root
Jan  3 19:12:31 LabSZ sshd[6461]: PAM service(sshd) ignoring max retries; 6 > 3
Jan  3 19:12:32 LabSZ sshd[6463]: pam_unix(sshd:auth): authentication failure; logname= uid=0 euid=0 tty=ssh ruser= rhost=59.63.188.30  user=root
Jan  3 19:12:34 LabSZ sshd[6463]: Failed password for root from 59.63.188.30 port 37840 ssh2
Jan  3 19:12:36 LabSZ sshd[6459]: message repeated 5 times: [ Failed password for root from 218.87.109.156 port 13216 ssh2]
Jan  3 19:12:36 LabSZ sshd[6459]: Disconnecting: Too many authentication failures for root [preauth]
Jan  3 19:12:36 LabSZ sshd[6459]: PAM 5 more authentication failures; logname= uid=0 euid=0 tty=ssh ruser= rhost=218.87.109.156  user=root
Jan  3 19:12:36 LabSZ sshd[6459]: PAM service(sshd) ignoring max retries; 6 > 3
Jan  3 19:12:38 LabSZ sshd[6465]: pam_unix(sshd:auth): authentication failure; logname= uid=0 euid=0 tty=ssh ruser= rhost=218.87.109.156  user=root
Jan  3 19:12:40 LabSZ sshd[6465]: Failed password for root from 218.87.109.156 port 15400 ssh2
Jan  3 19:12:46 LabSZ sshd[6463]: message repeated 5 times: [ Failed password for root from 59.63.188.30 port 37840 ssh2]
Jan  3 19:12:46 LabSZ sshd[6463]: Disconnecting: Too many authentication failures for root [preauth]
Jan  3 19:12:46 LabSZ sshd[6463]: PAM 5 more authentication failures; logname= uid=0 euid=0 tty=ssh ruser= rhost=59.63.188.30  user=root
Jan  3 19:12:46 LabSZ sshd[6463]: PAM service(sshd) ignoring max retries; 6 > 3
Jan  3 19:12:47 LabSZ sshd[6467]: pam_unix(sshd:auth): authentication failure; logname= uid=0 euid=0 tty=ssh ruser= rhost=59.63.188.30  user=root
Jan  3 19:12:49 LabSZ sshd[6467]: Failed password for root from 59.63.188.30 port 54468 ssh2
Jan  3 19:12:53 LabSZ sshd[6465]: message repeated 5 times: [ Failed password for root from 218.87.109.156 port 15400 ssh2]
Jan  3 19:12:53 LabSZ sshd[6465]: Disconnecting: Too many authentication failures for root [preauth]
Jan  3 19:12:53 LabSZ sshd[6465]: PAM 5 more authentication failures; logname= uid=0 euid=0 tty=ssh ruser= rhost=218.87.109.156  user=root
Jan  3 19:12:53 LabSZ sshd[6465]: PAM service(sshd) ignoring max retries; 6 > 3
Jan  3 19:12:58 LabSZ sshd[6469]: pam_unix(sshd:auth): authentication failure; logname= uid=0 euid=0 tty=ssh ruser= rhost=218.87.109.156  user=root
Jan  3 19:13:00 LabSZ sshd[6469]: Failed password for root from 218.87.109.156 port 56512 ssh2
Jan  3 19:13:01 LabSZ sshd[6467]: message repeated 5 times: [ Failed password for root from 59.63.188.30 port 54468 ssh2]
Jan  3 19:13:01 LabSZ sshd[6467]: Disconnecting: Too many authentication failures for root [preauth]
Jan  3 19:13:01 LabSZ sshd[6467]: PAM 5 more authentication failures; logname= uid=0 euid=0 tty=ssh ruser= rhost=59.63.188.30  user=root
Jan  3 19:13:01 LabSZ sshd[6467]: PAM service(sshd) ignoring max retries; 6 > 3
Jan  3 19:13:03 LabSZ sshd[6471]: pam_unix(sshd:auth): authentication failure; logname= uid=0 euid=0 tty=ssh ruser= rhost=59.63.188.30  user=root
Jan  3 19:13:05 LabSZ sshd[6471]: Failed password for root from 59.63.188.30 port 7526 ssh2
Jan  3 19:13:13 LabSZ sshd[6469]: message repeated 5 times: [ Failed password for root from 218.87.109.156 port 56512 ssh2]
Jan  3 19:13:13 LabSZ sshd[6469]: Disconnecting: Too many authentication failures for root [preauth]
Jan  3 19:13:13 LabSZ sshd[6469]: PAM 5 more authentication failures; logname= uid=0 euid=0 tty=ssh ruser= rhost=218.87.109.156  user=root
Jan  3 19:13:13 LabSZ sshd[6469]: PAM service(sshd) ignoring max retries; 6 > 3
Jan  3 19:13:17 LabSZ sshd[6471]: message repeated 5 times: [ Failed password for root from 59.63.188.30 port 7526 ssh2]
Jan  3 19:13:17 LabSZ sshd[6471]: Disconnecting: Too many authentication failures for root [preauth]
Jan  3 19:13:17 LabSZ sshd[6471]: PAM 5 more authentication failures; logname= uid=0 euid=0 tty=ssh ruser= rhost=59.63.188.30  user=root
Jan  3 19:13:17 LabSZ sshd[6471]: PAM service(sshd) ignoring max retries; 6 > 3
Jan  3 19:13:19 LabSZ sshd[6475]: pam_unix(sshd:auth): authentication failure; logname= uid=0 euid=0 tty=ssh ruser= rhost=59.63.188.30  user=root
Jan  3 19:13:19 LabSZ sshd[6473]: pam_unix(sshd:auth): authentication failure; logname= uid=0 euid=0 tty=ssh ruser= rhost=218.87.109.156  user=root
Jan  3 19:13:20 LabSZ sshd[6475]: Failed password for root from 59.63.188.30 port 25561 ssh2
Jan  3 19:13:21 LabSZ sshd[6473]: Failed password for root from 218.87.109.156 port 40502 ssh2
Jan  3 19:13:33 LabSZ sshd[6475]: message repeated 5 times: [ Failed password for root from 59.63.188.30 port 25561 ssh2]
Jan  3 19:13:33 LabSZ sshd[6475]: Disconnecting: Too many authentication failures for root [preauth]
Jan  3 19:13:33 LabSZ sshd[6475]: PAM 5 more authentication failures; logname= uid=0 euid=0 tty=ssh ruser= rhost=59.63.188.30  user=root
Jan  3 19:13:33 LabSZ sshd[6475]: PAM service(sshd) ignoring max retries; 6 > 3
Jan  3 19:13:33 LabSZ sshd[6473]: message repeated 5 times: [ Failed password for root from 218.87.109.156 port 40502 ssh2]
Jan  3 19:13:33 LabSZ sshd[6473]: Disconnecting: Too many authentication failures for root [preauth]
Jan  3 19:13:33 LabSZ sshd[6473]: PAM 5 more authentication failures; logname= uid=0 euid=0 tty=ssh ruser= rhost=218.87.109.156  user=root
Jan  3 19:13:33 LabSZ sshd[6473]: PAM service(sshd) ignoring max retries; 6 > 3
Jan  3 19:13:34 LabSZ sshd[6477]: pam_unix(sshd:auth): authentication failure; logname= uid=0 euid=0 tty=ssh ruser= rhost=59.63.188.30  user=root
Jan  3 19:13:37 LabSZ sshd[6477]: Failed password for root from 59.63.188.30 port 42391 ssh2
Jan  3 19:13:44 LabSZ sshd[6479]: pam_unix(sshd:auth): authentication failure; logname= uid=0 euid=0 tty=ssh ruser= rhost=218.87.109.156  user=root
Jan  3 19:13:47 LabSZ sshd[6479]: Failed password for root from 218.87.109.156 port 26154 ssh2
Jan  3 19:13:49 LabSZ sshd[6477]: message repeated 5 times: [ Failed password for root from 59.63.188.30 port 42391 ssh2]
Jan  3 19:13:49 LabSZ sshd[6477]: Disconnecting: Too many authentication failures for root [preauth]
Jan  3 19:13:49 LabSZ sshd[6477]: PAM 5 more authentication failures; logname= uid=0 euid=0 tty=ssh ruser= rhost=59.63.188.30  user=root
Jan  3 19:13:49 LabSZ sshd[6477]: PAM service(sshd) ignoring max retries; 6 > 3
Jan  3 19:13:50 LabSZ sshd[6481]: pam_unix(sshd:auth): authentication failure; logname= uid=0 euid=0 tty=ssh ruser= rhost=59.63.188.30  user=root
Jan  3 19:13:52 LabSZ sshd[6481]: Failed password for root from 59.63.188.30 port 60491 ssh2
Jan  3 19:13:59 LabSZ sshd[6479]: message repeated 5 times: [ Failed password for root from 218.87.109.156 port 26154 ssh2]
Jan  3 19:13:59 LabSZ sshd[6479]: Disconnecting: Too many authentication failures for root [preauth]
Jan  3 19:13:59 LabSZ sshd[6479]: PAM 5 more authentication failures; logname= uid=0 euid=0 tty=ssh ruser= rhost=218.87.109.156  user=root
Jan  3 19:13:59 LabSZ sshd[6479]: PAM service(sshd) ignoring max retries; 6 > 3
Jan  3 19:14:01 LabSZ sshd[6483]: pam_unix(sshd:auth): authentication failure; logname= uid=0 euid=0 tty=ssh ruser= rhost=218.87.109.156  user=root
Jan  3 19:14:03 LabSZ sshd[6483]: Failed password for root from 218.87.109.156 port 26058 ssh2
Jan  3 19:14:05 LabSZ sshd[6481]: message repeated 5 times: [ Failed password for root from 59.63.188.30 port 60491 ssh2]
Jan  3 19:14:05 LabSZ sshd[6481]: Disconnecting: Too many authentication failures for root [preauth]
Jan  3 19:14:05 LabSZ sshd[6481]: PAM 5 more authentication failures; logname= uid=0 euid=0 tty=ssh ruser= rhost=59.63.188.30  user=root
Jan  3 19:14:05 LabSZ sshd[6481]: PAM service(sshd) ignoring max retries; 6 > 3
Jan  3 19:14:06 LabSZ sshd[6485]: pam_unix(sshd:auth): authentication failure; logname= uid=0 euid=0 tty=ssh ruser= rhost=59.63.188.30  user=root
Jan  3 19:14:08 LabSZ sshd[6485]: Failed password for root from 59.63.188.30 port 13988 ssh2
Jan  3 19:14:13 LabSZ sshd[6487]: Did not receive identification string from 195.154.37.122
Jan  3 19:14:15 LabSZ sshd[6488]: reverse mapping checking getaddrinfo for 195-154-37-122.rev.poneytelecom.eu [195.154.37.122] failed - POSSIBLE BREAK-IN ATTEMPT!
Jan  3 19:14:15 LabSZ sshd[6488]: Invalid user support from 195.154.37.122
Jan  3 19:14:15 LabSZ sshd[6488]: input_userauth_request: invalid user support [preauth]
