Jan  1 17:03:21 LabSZ sshd[10075]: Failed password for root from 218.65.30.30 port 14240 ssh2
Jan  1 17:03:27 LabSZ sshd[10077]: Invalid user  0101 from 181.214.87.4
Jan  1 17:03:27 LabSZ sshd[10077]: input_userauth_request: invalid user  0101 [preauth]
Jan  1 17:03:27 LabSZ sshd[10077]: pam_unix(sshd:auth): check pass; user unknown
Jan  1 17:03:27 LabSZ sshd[10077]: pam_unix(sshd:auth): authentication failure; logname= uid=0 euid=0 tty=ssh ruser= rhost=181.214.87.4 
Jan  1 17:03:28 LabSZ sshd[10077]: Failed password for invalid user  0101 from 181.214.87.4 port 58568 ssh2
Jan  1 17:03:31 LabSZ sshd[10077]: Connection closed by 181.214.87.4 [preauth]
Jan  1 17:03:31 LabSZ sshd[10073]: message repeated 5 times: [ Failed password for root from 58.242.83.25 port 41913 ssh2]
Jan  1 17:03:31 LabSZ sshd[10073]: Disconnecting: Too many authentication failures for root [preauth]
Jan  1 17:03:31 LabSZ sshd[10073]: PAM 5 more authentication failures; logname= uid=0 euid=0 tty=ssh ruser= rhost=58.242.83.25  user=root
Jan  1 17:03:31 LabSZ sshd[10073]: PAM service(sshd) ignoring max retries; 6 > 3
Jan  1 17:03:33 LabSZ sshd[10080]: pam_unix(sshd:auth): authentication failure; logname= uid=0 euid=0 tty=ssh ruser= rhost=58.242.83.25  user=root
Jan  1 17:03:33 LabSZ sshd[10075]: message repeated 5 times: [ Failed password for root from 218.65.30.30 port 14240 ssh2]
Jan  1 17:03:33 LabSZ sshd[10075]: Disconnecting: Too many authentication failures for root [preauth]
Jan  1 17:03:33 LabSZ sshd[10075]: PAM 5 more authentication failures; logname= uid=0 euid=0 tty=ssh ruser= rhost=218.65.30.30  user=root
Jan  1 17:03:33 LabSZ sshd[10075]: PAM service(sshd) ignoring max retries; 6 > 3
Jan  1 17:03:34 LabSZ sshd[10080]: Failed password for root from 58.242.83.25 port 62068 ssh2
Jan  1 17:03:35 LabSZ sshd[10079]: Invalid user 0 from 181.214.87.4
Jan  1 17:03:35 LabSZ sshd[10079]: input_userauth_request: invalid user 0 [preauth]
Jan  1 17:03:35 LabSZ sshd[10079]: Failed none for invalid user 0 from 181.214.87.4 port 46088 ssh2
Jan  1 17:03:35 LabSZ sshd[10083]: reverse mapping checking getaddrinfo for 30.30.65.218.broad.xy.jx.dynamic.163data.com.cn [218.65.30.30] failed - POSSIBLE BREAK-IN ATTEMPT!
Jan  1 17:03:35 LabSZ sshd[10083]: pam_unix(sshd:auth): authentication failure; logname= uid=0 euid=0 tty=ssh ruser= rhost=218.65.30.30  user=root
Jan  1 17:03:36 LabSZ sshd[10079]: pam_unix(sshd:auth): check pass; user unknown
Jan  1 17:03:36 LabSZ sshd[10079]: pam_unix(sshd:auth): authentication failure; logname= uid=0 euid=0 tty=ssh ruser= rhost=181.214.87.4 
Jan  1 17:03:37 LabSZ sshd[10083]: Failed password for root from 218.65.30.30 port 51142 ssh2
Jan  1 17:03:38 LabSZ sshd[10079]: Failed password for invalid user 0 from 181.214.87.4 port 46088 ssh2
Jan  1 17:03:42 LabSZ sshd[10079]: Connection closed by 181.214.87.4 [preauth]
Jan  1 17:03:45 LabSZ sshd[10085]: Invalid user 1234 from 181.214.87.4
Jan  1 17:03:45 LabSZ sshd[10085]: input_userauth_request: invalid user 1234 [preauth]
Jan  1 17:03:45 LabSZ sshd[10085]: pam_unix(sshd:auth): check pass; user unknown
Jan  1 17:03:45 LabSZ sshd[10085]: pam_unix(sshd:auth): authentication failure; logname= uid=0 euid=0 tty=ssh ruser= rhost=181.214.87.4 
Jan  1 17:03:47 LabSZ sshd[10080]: message repeated 5 times: [ Failed password for root from 58.242.83.25 port 62068 ssh2]
Jan  1 17:03:47 LabSZ sshd[10080]: Disconnecting: Too many authentication failures for root [preauth]
Jan  1 17:03:47 LabSZ sshd[10080]: PAM 5 more authentication failures; logname= uid=0 euid=0 tty=ssh ruser= rhost=58.242.83.25  user=root
Jan  1 17:03:47 LabSZ sshd[10080]: PAM service(sshd) ignoring max retries; 6 > 3
Jan  1 17:03:47 LabSZ sshd[10085]: Failed password for invalid user 1234 from 181.214.87.4 port 46816 ssh2
Jan  1 17:03:48 LabSZ sshd[10087]: pam_unix(sshd:auth): authentication failure; logname= uid=0 euid=0 tty=ssh ruser= rhost=58.242.83.25  user=root
Jan  1 17:03:48 LabSZ sshd[10085]: Connection closed by 181.214.87.4 [preauth]
Jan  1 17:03:49 LabSZ sshd[10083]: message repeated 5 times: [ Failed password for root from 218.65.30.30 port 51142 ssh2]
Jan  1 17:03:49 LabSZ sshd[10083]: Disconnecting: Too many authentication failures for root [preauth]
Jan  1 17:03:49 LabSZ sshd[10083]: PAM 5 more authentication failures; logname= uid=0 euid=0 tty=ssh ruser= rhost=218.65.30.30  user=root
Jan  1 17:03:49 LabSZ sshd[10083]: PAM service(sshd) ignoring max retries; 6 > 3
Jan  1 17:03:50 LabSZ sshd[10087]: Failed password for root from 58.242.83.25 port 17608 ssh2
Jan  1 17:03:51 LabSZ sshd[10091]: reverse mapping checking getaddrinfo for 30.30.65.218.broad.xy.jx.dynamic.163data.com.cn [218.65.30.30] failed - POSSIBLE BREAK-IN ATTEMPT!
Jan  1 17:03:51 LabSZ sshd[10091]: pam_unix(sshd:auth): authentication failure; logname= uid=0 euid=0 tty=ssh ruser= rhost=218.65.30.30  user=root
Jan  1 17:03:52 LabSZ sshd[10089]: Invalid user admin from 181.214.87.4
Jan  1 17:03:52 LabSZ sshd[10089]: input_userauth_request: invalid user admin [preauth]
Jan  1 17:03:52 LabSZ sshd[10089]: Failed none for invalid user admin from 181.214.87.4 port 44945 ssh2
Jan  1 17:03:52 LabSZ sshd[10089]: Connection closed by 181.214.87.4 [preauth]
Jan  1 17:03:53 LabSZ sshd[10091]: Failed password for root from 218.65.30.30 port 23204 ssh2
Jan  1 17:03:56 LabSZ sshd[10093]: Invalid user admin from 181.214.87.4
Jan  1 17:03:56 LabSZ sshd[10093]: input_userauth_request: invalid user admin [preauth]
Jan  1 17:03:56 LabSZ sshd[10093]: pam_unix(sshd:auth): check pass; user unknown
Jan  1 17:03:56 LabSZ sshd[10093]: pam_unix(sshd:auth): authentication failure; logname= uid=0 euid=0 tty=ssh ruser= rhost=181.214.87.4 
Jan  1 17:03:58 LabSZ sshd[10093]: Failed password for invalid user admin from 181.214.87.4 port 52172 ssh2
Jan  1 17:04:00 LabSZ sshd[10093]: pam_unix(sshd:auth): check pass; user unknown
Jan  1 17:04:02 LabSZ sshd[10093]: Failed password for invalid user admin from 181.214.87.4 port 52172 ssh2
Jan  1 17:04:02 LabSZ sshd[10093]: pam_unix(sshd:auth): check pass; user unknown
Jan  1 17:04:03 LabSZ sshd[10087]: message repeated 5 times: [ Failed password for root from 58.242.83.25 port 17608 ssh2]
Jan  1 17:04:03 LabSZ sshd[10087]: Disconnecting: Too many authentication failures for root [preauth]
Jan  1 17:04:03 LabSZ sshd[10087]: PAM 5 more authentication failures; logname= uid=0 euid=0 tty=ssh ruser= rhost=58.242.83.25  user=root
Jan  1 17:04:03 LabSZ sshd[10087]: PAM service(sshd) ignoring max retries; 6 > 3
Jan  1 17:04:04 LabSZ sshd[10093]: Failed password for invalid user admin from 181.214.87.4 port 52172 ssh2
Jan  1 17:04:04 LabSZ sshd[10093]: pam_unix(sshd:auth): check pass; user unknown
Jan  1 17:04:05 LabSZ sshd[10095]: pam_unix(sshd:auth): authentication failure; logname= uid=0 euid=0 tty=ssh ruser= rhost=58.242.83.25  user=root
Jan  1 17:04:05 LabSZ sshd[10091]: message repeated 5 times: [ Failed password for root from 218.65.30.30 port 23204 ssh2]
Jan  1 17:04:05 LabSZ sshd[10091]: Disconnecting: Too many authentication failures for root [preauth]
Jan  1 17:04:05 LabSZ sshd[10091]: PAM 5 more authentication failures; logname= uid=0 euid=0 tty=ssh ruser= rhost=218.65.30.30  user=root
Jan  1 17:04:05 LabSZ sshd[10091]: PAM service(sshd) ignoring max retries; 6 > 3
Jan  1 17:04:06 LabSZ sshd[10093]: Failed password for invalid user admin from 181.214.87.4 port 52172 ssh2
Jan  1 17:04:07 LabSZ sshd[10097]: reverse mapping checking getaddrinfo for 30.30.65.218.broad.xy.jx.dynamic.163data.com.cn [218.65.30.30] failed - POSSIBLE BREAK-IN ATTEMPT!
Jan  1 17:04:07 LabSZ sshd[10097]: pam_unix(sshd:auth): authentication failure; logname= uid=0 euid=0 tty=ssh ruser= rhost=218.65.30.30  user=root
Jan  1 17:04:07 LabSZ sshd[10095]: Failed password for root from 58.242.83.25 port 39001 ssh2
Jan  1 17:04:08 LabSZ sshd[10093]: pam_unix(sshd:auth): check pass; user unknown
Jan  1 17:04:09 LabSZ sshd[10097]: Failed password for root from 218.65.30.30 port 60166 ssh2
Jan  1 17:04:09 LabSZ sshd[10093]: Failed password for invalid user admin from 181.214.87.4 port 52172 ssh2
Jan  1 17:04:11 LabSZ sshd[10093]: Connection closed by 181.214.87.4 [preauth]
Jan  1 17:04:11 LabSZ sshd[10093]: PAM 4 more authentication failures; logname= uid=0 euid=0 tty=ssh ruser= rhost=181.214.87.4 
Jan  1 17:04:11 LabSZ sshd[10093]: PAM service(sshd) ignoring max retries; 5 > 3
Jan  1 17:04:20 LabSZ sshd[10099]: Invalid user admin from 181.214.87.4
Jan  1 17:04:20 LabSZ sshd[10099]: input_userauth_request: invalid user admin [preauth]
Jan  1 17:04:20 LabSZ sshd[10099]: pam_unix(sshd:auth): check pass; user unknown
Jan  1 17:04:20 LabSZ sshd[10099]: pam_unix(sshd:auth): authentication failure; logname= uid=0 euid=0 tty=ssh ruser= rhost=181.214.87.4 
Jan  1 17:04:21 LabSZ sshd[10095]: message repeated 5 times: [ Failed password for root from 58.242.83.25 port 39001 ssh2]
Jan  1 17:04:21 LabSZ sshd[10095]: Disconnecting: Too many authentication failures for root [preauth]
Jan  1 17:04:21 LabSZ sshd[10095]: PAM 5 more authentication failures; logname= uid=0 euid=0 tty=ssh ruser= rhost=58.242.83.25  user=root
Jan  1 17:04:21 LabSZ sshd[10095]: PAM service(sshd) ignoring max retries; 6 > 3
Jan  1 17:04:22 LabSZ sshd[10097]: message repeated 5 times: [ Failed password for root from 218.65.30.30 port 60166 ssh2]
Jan  1 17:04:22 LabSZ sshd[10097]: Disconnecting: Too many authentication failures for root [preauth]
Jan  1 17:04:22 LabSZ sshd[10097]: PAM 5 more authentication failures; logname= uid=0 euid=0 tty=ssh ruser= rhost=218.65.30.30  user=root
Jan  1 17:04:22 LabSZ sshd[10097]: PAM service(sshd) ignoring max retries; 6 > 3
Jan  1 17:04:22 LabSZ sshd[10099]: Failed password for invalid user admin from 181.214.87.4 port 44597 ssh2
Jan  1 17:04:22 LabSZ sshd[10101]: pam_unix(sshd:auth): authentication failure; logname= uid=0 euid=0 tty=ssh ruser= rhost=58.242.83.25  user=root
Jan  1 17:04:22 LabSZ sshd[10099]: pam_unix(sshd:auth): check pass; user unknown
Jan  1 17:04:23 LabSZ sshd[10103]: reverse mapping checking getaddrinfo for 30.30.65.218.broad.xy.jx.dynamic.163data.com.cn [218.65.30.30] failed - POSSIBLE BREAK-IN ATTEMPT!
Jan  1 17:04:23 LabSZ sshd[10103]: pam_unix(sshd:auth): authentication failure; logname= uid=0 euid=0 tty=ssh ruser= rhost=218.65.30.30  user=root
Jan  1 17:04:24 LabSZ sshd[10101]: Failed password for root from 58.242.83.25 port 61405 ssh2
Jan  1 17:04:24 LabSZ sshd[10099]: Failed password for invalid user admin from 181.214.87.4 port 44597 ssh2
Jan  1 17:04:25 LabSZ sshd[10103]: Failed password for root from 218.65.30.30 port 33472 ssh2
Jan  1 17:04:25 LabSZ sshd[10099]: pam_unix(sshd:auth): check pass; user unknown
