Jan  4 12:45:59 LabSZ sshd[31165]: Failed password for invalid user support from 14.186.200.51 port 60072 ssh2
Jan  4 12:45:59 LabSZ sshd[31165]: fatal: Read from socket failed: Connection reset by peer [preauth]
Jan  4 12:46:04 LabSZ sshd[31161]: message repeated 5 times: [ Failed password for root from 59.63.188.30 port 33662 ssh2]
Jan  4 12:46:04 LabSZ sshd[31161]: Disconnecting: Too many authentication failures for root [preauth]
Jan  4 12:46:04 LabSZ sshd[31161]: PAM 5 more authentication failures; logname= uid=0 euid=0 tty=ssh ruser= rhost=59.63.188.30  user=root
Jan  4 12:46:04 LabSZ sshd[31161]: PAM service(sshd) ignoring max retries; 6 > 3
Jan  4 12:46:05 LabSZ sshd[31167]: pam_unix(sshd:auth): authentication failure; logname= uid=0 euid=0 tty=ssh ruser= rhost=59.63.188.30  user=root
Jan  4 12:46:07 LabSZ sshd[31167]: Failed password for root from 59.63.188.30 port 53085 ssh2
Jan  4 12:46:09 LabSZ sshd[31163]: message repeated 5 times: [ Failed password for root from 59.63.188.30 port 40542 ssh2]
Jan  4 12:46:09 LabSZ sshd[31163]: Disconnecting: Too many authentication failures for root [preauth]
Jan  4 12:46:09 LabSZ sshd[31163]: PAM 5 more authentication failures; logname= uid=0 euid=0 tty=ssh ruser= rhost=59.63.188.30  user=root
Jan  4 12:46:09 LabSZ sshd[31163]: PAM service(sshd) ignoring max retries; 6 > 3
Jan  4 12:46:10 LabSZ sshd[31169]: pam_unix(sshd:auth): authentication failure; logname= uid=0 euid=0 tty=ssh ruser= rhost=59.63.188.30  user=root
Jan  4 12:46:13 LabSZ sshd[31169]: Failed password for root from 59.63.188.30 port 58435 ssh2
Jan  4 12:46:20 LabSZ sshd[31171]: Invalid user admin from 101.89.147.191
Jan  4 12:46:20 LabSZ sshd[31171]: input_userauth_request: invalid user admin [preauth]
Jan  4 12:46:20 LabSZ sshd[31171]: pam_unix(sshd:auth): check pass; user unknown
Jan  4 12:46:20 LabSZ sshd[31171]: pam_unix(sshd:auth): authentication failure; logname= uid=0 euid=0 tty=ssh ruser= rhost=101.89.147.191 
Jan  4 12:46:20 LabSZ sshd[31167]: message repeated 5 times: [ Failed password for root from 59.63.188.30 port 53085 ssh2]
Jan  4 12:46:20 LabSZ sshd[31167]: Disconnecting: Too many authentication failures for root [preauth]
Jan  4 12:46:20 LabSZ sshd[31167]: PAM 5 more authentication failures; logname= uid=0 euid=0 tty=ssh ruser= rhost=59.63.188.30  user=root
Jan  4 12:46:20 LabSZ sshd[31167]: PAM service(sshd) ignoring max retries; 6 > 3
Jan  4 12:46:22 LabSZ sshd[31173]: pam_unix(sshd:auth): authentication failure; logname= uid=0 euid=0 tty=ssh ruser= rhost=59.63.188.30  user=root
Jan  4 12:46:22 LabSZ sshd[31171]: Failed password for invalid user admin from 101.89.147.191 port 34979 ssh2
Jan  4 12:46:22 LabSZ sshd[31171]: pam_unix(sshd:auth): check pass; user unknown
Jan  4 12:46:24 LabSZ sshd[31173]: Failed password for root from 59.63.188.30 port 7658 ssh2
Jan  4 12:46:24 LabSZ sshd[31171]: Failed password for invalid user admin from 101.89.147.191 port 34979 ssh2
Jan  4 12:46:24 LabSZ sshd[31171]: pam_unix(sshd:auth): check pass; user unknown
Jan  4 12:46:26 LabSZ sshd[31169]: message repeated 5 times: [ Failed password for root from 59.63.188.30 port 58435 ssh2]
Jan  4 12:46:26 LabSZ sshd[31169]: Disconnecting: Too many authentication failures for root [preauth]
Jan  4 12:46:26 LabSZ sshd[31169]: PAM 5 more authentication failures; logname= uid=0 euid=0 tty=ssh ruser= rhost=59.63.188.30  user=root
Jan  4 12:46:26 LabSZ sshd[31169]: PAM service(sshd) ignoring max retries; 6 > 3
Jan  4 12:46:26 LabSZ sshd[31171]: Failed password for invalid user admin from 101.89.147.191 port 34979 ssh2
Jan  4 12:46:26 LabSZ sshd[31171]: pam_unix(sshd:auth): check pass; user unknown
Jan  4 12:46:27 LabSZ sshd[31175]: pam_unix(sshd:auth): authentication failure; logname= uid=0 euid=0 tty=ssh ruser= rhost=59.63.188.30  user=root
Jan  4 12:46:28 LabSZ sshd[31171]: Failed password for invalid user admin from 101.89.147.191 port 34979 ssh2
Jan  4 12:46:28 LabSZ sshd[31171]: pam_unix(sshd:auth): check pass; user unknown
Jan  4 12:46:28 LabSZ sshd[31175]: Failed password for root from 59.63.188.30 port 13834 ssh2
Jan  4 12:46:30 LabSZ sshd[31171]: Failed password for invalid user admin from 101.89.147.191 port 34979 ssh2
Jan  4 12:46:30 LabSZ sshd[31171]: pam_unix(sshd:auth): check pass; user unknown
Jan  4 12:46:32 LabSZ sshd[31171]: Failed password for invalid user admin from 101.89.147.191 port 34979 ssh2
Jan  4 12:46:32 LabSZ sshd[31171]: Disconnecting: Too many authentication failures for admin [preauth]
Jan  4 12:46:32 LabSZ sshd[31171]: PAM 5 more authentication failures; logname= uid=0 euid=0 tty=ssh ruser= rhost=101.89.147.191 
Jan  4 12:46:32 LabSZ sshd[31171]: PAM service(sshd) ignoring max retries; 6 > 3
Jan  4 12:46:37 LabSZ sshd[31173]: message repeated 5 times: [ Failed password for root from 59.63.188.30 port 7658 ssh2]
Jan  4 12:46:37 LabSZ sshd[31173]: Disconnecting: Too many authentication failures for root [preauth]
Jan  4 12:46:37 LabSZ sshd[31173]: PAM 5 more authentication failures; logname= uid=0 euid=0 tty=ssh ruser= rhost=59.63.188.30  user=root
Jan  4 12:46:37 LabSZ sshd[31173]: PAM service(sshd) ignoring max retries; 6 > 3
Jan  4 12:46:38 LabSZ sshd[31177]: pam_unix(sshd:auth): authentication failure; logname= uid=0 euid=0 tty=ssh ruser= rhost=59.63.188.30  user=root
Jan  4 12:46:39 LabSZ sshd[31177]: Failed password for root from 59.63.188.30 port 27108 ssh2
Jan  4 12:46:41 LabSZ sshd[31175]: message repeated 5 times: [ Failed password for root from 59.63.188.30 port 13834 ssh2]
Jan  4 12:46:41 LabSZ sshd[31175]: Disconnecting: Too many authentication failures for root [preauth]
Jan  4 12:46:41 LabSZ sshd[31175]: PAM 5 more authentication failures; logname= uid=0 euid=0 tty=ssh ruser= rhost=59.63.188.30  user=root
Jan  4 12:46:41 LabSZ sshd[31175]: PAM service(sshd) ignoring max retries; 6 > 3
Jan  4 12:46:42 LabSZ sshd[31179]: pam_unix(sshd:auth): authentication failure; logname= uid=0 euid=0 tty=ssh ruser= rhost=59.63.188.30  user=root
Jan  4 12:46:44 LabSZ sshd[31179]: Failed password for root from 59.63.188.30 port 31836 ssh2
Jan  4 12:46:52 LabSZ sshd[31177]: message repeated 5 times: [ Failed password for root from 59.63.188.30 port 27108 ssh2]
Jan  4 12:46:52 LabSZ sshd[31177]: Disconnecting: Too many authentication failures for root [preauth]
Jan  4 12:46:52 LabSZ sshd[31177]: PAM 5 more authentication failures; logname= uid=0 euid=0 tty=ssh ruser= rhost=59.63.188.30  user=root
Jan  4 12:46:52 LabSZ sshd[31177]: PAM service(sshd) ignoring max retries; 6 > 3
Jan  4 12:46:53 LabSZ sshd[31181]: pam_unix(sshd:auth): authentication failure; logname= uid=0 euid=0 tty=ssh ruser= rhost=59.63.188.30  user=root
Jan  4 12:46:55 LabSZ sshd[31181]: Failed password for root from 59.63.188.30 port 45320 ssh2
Jan  4 12:46:58 LabSZ sshd[31179]: message repeated 5 times: [ Failed password for root from 59.63.188.30 port 31836 ssh2]
Jan  4 12:46:58 LabSZ sshd[31179]: Disconnecting: Too many authentication failures for root [preauth]
Jan  4 12:46:58 LabSZ sshd[31179]: PAM 5 more authentication failures; logname= uid=0 euid=0 tty=ssh ruser= rhost=59.63.188.30  user=root
Jan  4 12:46:58 LabSZ sshd[31179]: PAM service(sshd) ignoring max retries; 6 > 3
Jan  4 12:46:59 LabSZ sshd[31183]: pam_unix(sshd:auth): authentication failure; logname= uid=0 euid=0 tty=ssh ruser= rhost=59.63.188.30  user=root
Jan  4 12:47:01 LabSZ sshd[31183]: Failed password for root from 59.63.188.30 port 52019 ssh2
Jan  4 12:47:08 LabSZ sshd[31181]: message repeated 5 times: [ Failed password for root from 59.63.188.30 port 45320 ssh2]
Jan  4 12:47:08 LabSZ sshd[31181]: Disconnecting: Too many authentication failures for root [preauth]
Jan  4 12:47:08 LabSZ sshd[31181]: PAM 5 more authentication failures; logname= uid=0 euid=0 tty=ssh ruser= rhost=59.63.188.30  user=root
Jan  4 12:47:08 LabSZ sshd[31181]: PAM service(sshd) ignoring max retries; 6 > 3
Jan  4 12:47:09 LabSZ sshd[31185]: pam_unix(sshd:auth): authentication failure; logname= uid=0 euid=0 tty=ssh ruser= rhost=59.63.188.30  user=root
Jan  4 12:47:11 LabSZ sshd[31185]: Failed password for root from 59.63.188.30 port 64066 ssh2
Jan  4 12:47:14 LabSZ sshd[31183]: message repeated 5 times: [ Failed password for root from 59.63.188.30 port 52019 ssh2]
Jan  4 12:47:14 LabSZ sshd[31183]: Disconnecting: Too many authentication failures for root [preauth]
Jan  4 12:47:14 LabSZ sshd[31183]: PAM 5 more authentication failures; logname= uid=0 euid=0 tty=ssh ruser= rhost=59.63.188.30  user=root
Jan  4 12:47:14 LabSZ sshd[31183]: PAM service(sshd) ignoring max retries; 6 > 3
Jan  4 12:47:15 LabSZ sshd[31187]: pam_unix(sshd:auth): authentication failure; logname= uid=0 euid=0 tty=ssh ruser= rhost=59.63.188.30  user=root
Jan  4 12:47:17 LabSZ sshd[31187]: Failed password for root from 59.63.188.30 port 6450 ssh2
Jan  4 12:47:24 LabSZ sshd[31185]: message repeated 5 times: [ Failed password for root from 59.63.188.30 port 64066 ssh2]
Jan  4 12:47:24 LabSZ sshd[31185]: Disconnecting: Too many authentication failures for root [preauth]
Jan  4 12:47:24 LabSZ sshd[31185]: PAM 5 more authentication failures; logname= uid=0 euid=0 tty=ssh ruser= rhost=59.63.188.30  user=root
Jan  4 12:47:24 LabSZ sshd[31185]: PAM service(sshd) ignoring max retries; 6 > 3
Jan  4 12:47:26 LabSZ sshd[31189]: pam_unix(sshd:auth): authentication failure; logname= uid=0 euid=0 tty=ssh ruser= rhost=59.63.188.30  user=root
Jan  4 12:47:28 LabSZ sshd[31189]: Failed password for root from 59.63.188.30 port 18502 ssh2
Jan  4 12:47:30 LabSZ sshd[31187]: message repeated 5 times: [ Failed password for root from 59.63.188.30 port 6450 ssh2]
Jan  4 12:47:30 LabSZ sshd[31187]: Disconnecting: Too many authentication failures for root [preauth]
Jan  4 12:47:30 LabSZ sshd[31187]: PAM 5 more authentication failures; logname= uid=0 euid=0 tty=ssh ruser= rhost=59.63.188.30  user=root
Jan  4 12:47:30 LabSZ sshd[31187]: PAM service(sshd) ignoring max retries; 6 > 3
Jan  4 12:47:31 LabSZ sshd[31191]: pam_unix(sshd:auth): authentication failure; logname= uid=0 euid=0 tty=ssh ruser= rhost=59.63.188.30  user=root
Jan  4 12:47:33 LabSZ sshd[31191]: Failed password for root from 59.63.188.30 port 25974 ssh2
Jan  4 12:47:40 LabSZ sshd[31189]: message repeated 5 times: [ Failed password for root from 59.63.188.30 port 18502 ssh2]
Jan  4 12:47:40 LabSZ sshd[31189]: Disconnecting: Too many authentication failures for root [preauth]
Jan  4 12:47:40 LabSZ sshd[31189]: PAM 5 more authentication failures; logname= uid=0 euid=0 tty=ssh ruser= rhost=59.63.188.30  user=root
Jan  4 12:47:40 LabSZ sshd[31189]: PAM service(sshd) ignoring max retries; 6 > 3
Jan  4 12:47:41 LabSZ sshd[31193]: pam_unix(sshd:auth): authentication failure; logname= uid=0 euid=0 tty=ssh ruser= rhost=59.63.188.30  user=root
Jan  4 12:47:43 LabSZ sshd[31193]: Failed password for root from 59.63.188.30 port 37733 ssh2
Jan  4 12:47:45 LabSZ sshd[31191]: message repeated 5 times: [ Failed password for root from 59.63.188.30 port 25974 ssh2]
Jan  4 12:47:45 LabSZ sshd[31191]: Disconnecting: Too many authentication failures for root [preauth]
