Jan  7 12:08:45 LabSZ sshd[28702]: Invalid user admin from 178.62.255.65
Jan  7 12:08:45 LabSZ sshd[28702]: input_userauth_request: invalid user admin [preauth]
Jan  7 12:08:45 LabSZ sshd[28702]: pam_unix(sshd:auth): check pass; user unknown
Jan  7 12:08:45 LabSZ sshd[28702]: pam_unix(sshd:auth): authentication failure; logname= uid=0 euid=0 tty=ssh ruser= rhost=178.62.255.65 
Jan  7 12:08:47 LabSZ sshd[28702]: Failed password for invalid user admin from 178.62.255.65 port 55206 ssh2
Jan  7 12:08:47 LabSZ sshd[28702]: Received disconnect from 178.62.255.65: 11: Bye Bye [preauth]
Jan  7 12:08:48 LabSZ sshd[28704]: pam_unix(sshd:auth): authentication failure; logname= uid=0 euid=0 tty=ssh ruser= rhost=116.12.136.3  user=root
Jan  7 12:08:50 LabSZ sshd[28704]: Failed password for root from 116.12.136.3 port 45180 ssh2
Jan  7 12:08:54 LabSZ sshd[28706]: pam_unix(sshd:auth): authentication failure; logname= uid=0 euid=0 tty=ssh ruser= rhost=178.62.255.65  user=root
Jan  7 12:08:57 LabSZ sshd[28706]: Failed password for root from 178.62.255.65 port 43684 ssh2
Jan  7 12:08:57 LabSZ sshd[28706]: Received disconnect from 178.62.255.65: 11: Bye Bye [preauth]
Jan  7 12:08:56 LabSZ sshd[28704]: message repeated 2 times: [ Failed password for root from 116.12.136.3 port 45180 ssh2]
Jan  7 12:08:59 LabSZ sshd[28704]: Disconnecting: Too many authentication failures for root [preauth]
Jan  7 12:08:59 LabSZ sshd[28704]: PAM 2 more authentication failures; logname= uid=0 euid=0 tty=ssh ruser= rhost=116.12.136.3  user=root
Jan  7 12:08:59 LabSZ sshd[28708]: pam_unix(sshd:auth): authentication failure; logname= uid=0 euid=0 tty=ssh ruser= rhost=178.62.255.65  user=root
Jan  7 12:09:02 LabSZ sshd[28710]: pam_unix(sshd:auth): authentication failure; logname= uid=0 euid=0 tty=ssh ruser= rhost=116.12.136.3  user=root
Jan  7 12:09:02 LabSZ sshd[28708]: Failed password for root from 178.62.255.65 port 56222 ssh2
Jan  7 12:09:02 LabSZ sshd[28708]: Received disconnect from 178.62.255.65: 11: Bye Bye [preauth]
Jan  7 12:09:03 LabSZ sshd[28710]: Failed password for root from 116.12.136.3 port 45932 ssh2
Jan  7 12:09:04 LabSZ sshd[28726]: Invalid user admin from 178.62.255.65
Jan  7 12:09:04 LabSZ sshd[28726]: input_userauth_request: invalid user admin [preauth]
Jan  7 12:09:04 LabSZ sshd[28726]: pam_unix(sshd:auth): check pass; user unknown
Jan  7 12:09:04 LabSZ sshd[28726]: pam_unix(sshd:auth): authentication failure; logname= uid=0 euid=0 tty=ssh ruser= rhost=178.62.255.65 
Jan  7 12:09:06 LabSZ sshd[28726]: Failed password for invalid user admin from 178.62.255.65 port 51102 ssh2
Jan  7 12:09:06 LabSZ sshd[28726]: Received disconnect from 178.62.255.65: 11: Bye Bye [preauth]
Jan  7 12:09:08 LabSZ sshd[28728]: Invalid user bill from 178.62.255.65
Jan  7 12:09:08 LabSZ sshd[28728]: input_userauth_request: invalid user bill [preauth]
Jan  7 12:09:08 LabSZ sshd[28728]: pam_unix(sshd:auth): check pass; user unknown
Jan  7 12:09:08 LabSZ sshd[28728]: pam_unix(sshd:auth): authentication failure; logname= uid=0 euid=0 tty=ssh ruser= rhost=178.62.255.65 
Jan  7 12:09:09 LabSZ sshd[28710]: message repeated 2 times: [ Failed password for root from 116.12.136.3 port 45932 ssh2]
Jan  7 12:09:09 LabSZ sshd[28710]: Disconnecting: Too many authentication failures for root [preauth]
Jan  7 12:09:09 LabSZ sshd[28710]: PAM 2 more authentication failures; logname= uid=0 euid=0 tty=ssh ruser= rhost=116.12.136.3  user=root
Jan  7 12:09:11 LabSZ sshd[28728]: Failed password for invalid user bill from 178.62.255.65 port 40442 ssh2
Jan  7 12:09:11 LabSZ sshd[28728]: Received disconnect from 178.62.255.65: 11: Bye Bye [preauth]
Jan  7 12:09:13 LabSZ sshd[28732]: Invalid user support from 178.62.255.65
Jan  7 12:09:13 LabSZ sshd[28732]: input_userauth_request: invalid user support [preauth]
Jan  7 12:09:13 LabSZ sshd[28732]: pam_unix(sshd:auth): check pass; user unknown
Jan  7 12:09:13 LabSZ sshd[28732]: pam_unix(sshd:auth): authentication failure; logname= uid=0 euid=0 tty=ssh ruser= rhost=178.62.255.65 
Jan  7 12:09:14 LabSZ sshd[28730]: pam_unix(sshd:auth): authentication failure; logname= uid=0 euid=0 tty=ssh ruser= rhost=116.12.136.3  user=root
Jan  7 12:09:14 LabSZ sshd[28732]: Failed password for invalid user support from 178.62.255.65 port 60578 ssh2
Jan  7 12:09:14 LabSZ sshd[28732]: Received disconnect from 178.62.255.65: 11: Bye Bye [preauth]
Jan  7 12:09:15 LabSZ sshd[28730]: Failed password for root from 116.12.136.3 port 46426 ssh2
Jan  7 12:09:16 LabSZ sshd[28734]: Invalid user user from 178.62.255.65
Jan  7 12:09:16 LabSZ sshd[28734]: input_userauth_request: invalid user user [preauth]
Jan  7 12:09:16 LabSZ sshd[28734]: pam_unix(sshd:auth): check pass; user unknown
Jan  7 12:09:16 LabSZ sshd[28734]: pam_unix(sshd:auth): authentication failure; logname= uid=0 euid=0 tty=ssh ruser= rhost=178.62.255.65 
Jan  7 12:09:18 LabSZ sshd[28734]: Failed password for invalid user user from 178.62.255.65 port 47978 ssh2
Jan  7 12:09:18 LabSZ sshd[28734]: Received disconnect from 178.62.255.65: 11: Bye Bye [preauth]
Jan  7 12:09:20 LabSZ sshd[28736]: Invalid user test from 178.62.255.65
Jan  7 12:09:20 LabSZ sshd[28736]: input_userauth_request: invalid user test [preauth]
Jan  7 12:09:20 LabSZ sshd[28736]: pam_unix(sshd:auth): check pass; user unknown
Jan  7 12:09:20 LabSZ sshd[28736]: pam_unix(sshd:auth): authentication failure; logname= uid=0 euid=0 tty=ssh ruser= rhost=178.62.255.65 
Jan  7 12:09:21 LabSZ sshd[28730]: message repeated 2 times: [ Failed password for root from 116.12.136.3 port 46426 ssh2]
Jan  7 12:09:21 LabSZ sshd[28730]: Disconnecting: Too many authentication failures for root [preauth]
Jan  7 12:09:21 LabSZ sshd[28730]: PAM 2 more authentication failures; logname= uid=0 euid=0 tty=ssh ruser= rhost=116.12.136.3  user=root
Jan  7 12:09:22 LabSZ sshd[28736]: Failed password for invalid user test from 178.62.255.65 port 37348 ssh2
Jan  7 12:09:23 LabSZ sshd[28736]: Received disconnect from 178.62.255.65: 11: Bye Bye [preauth]
Jan  7 12:09:24 LabSZ sshd[28738]: pam_unix(sshd:auth): authentication failure; logname= uid=0 euid=0 tty=ssh ruser= rhost=116.12.136.3  user=root
Jan  7 12:09:25 LabSZ sshd[28740]: pam_unix(sshd:auth): authentication failure; logname= uid=0 euid=0 tty=ssh ruser= rhost=178.62.255.65  user=root
Jan  7 12:09:26 LabSZ sshd[28738]: Failed password for root from 116.12.136.3 port 47014 ssh2
Jan  7 12:09:27 LabSZ sshd[28740]: Failed password for root from 178.62.255.65 port 56722 ssh2
Jan  7 12:09:27 LabSZ sshd[28740]: Received disconnect from 178.62.255.65: 11: Bye Bye [preauth]
Jan  7 12:09:29 LabSZ sshd[28742]: pam_unix(sshd:auth): authentication failure; logname= uid=0 euid=0 tty=ssh ruser= rhost=178.62.255.65  user=root
Jan  7 12:09:32 LabSZ sshd[28742]: Failed password for root from 178.62.255.65 port 47024 ssh2
Jan  7 12:09:32 LabSZ sshd[28742]: Received disconnect from 178.62.255.65: 11: Bye Bye [preauth]
Jan  7 12:09:32 LabSZ sshd[28738]: message repeated 2 times: [ Failed password for root from 116.12.136.3 port 47014 ssh2]
Jan  7 12:09:33 LabSZ sshd[28738]: Disconnecting: Too many authentication failures for root [preauth]
Jan  7 12:09:33 LabSZ sshd[28738]: PAM 2 more authentication failures; logname= uid=0 euid=0 tty=ssh ruser= rhost=116.12.136.3  user=root
Jan  7 12:09:34 LabSZ sshd[28744]: Invalid user pi from 178.62.255.65
Jan  7 12:09:34 LabSZ sshd[28744]: input_userauth_request: invalid user pi [preauth]
Jan  7 12:09:34 LabSZ sshd[28744]: pam_unix(sshd:auth): check pass; user unknown
Jan  7 12:09:34 LabSZ sshd[28744]: pam_unix(sshd:auth): authentication failure; logname= uid=0 euid=0 tty=ssh ruser= rhost=178.62.255.65 
Jan  7 12:09:36 LabSZ sshd[28744]: Failed password for invalid user pi from 178.62.255.65 port 40248 ssh2
Jan  7 12:09:37 LabSZ sshd[28744]: Received disconnect from 178.62.255.65: 11: Bye Bye [preauth]
Jan  7 12:09:39 LabSZ sshd[28748]: Invalid user raspberry from 178.62.255.65
Jan  7 12:09:39 LabSZ sshd[28748]: input_userauth_request: invalid user raspberry [preauth]
Jan  7 12:09:39 LabSZ sshd[28748]: pam_unix(sshd:auth): check pass; user unknown
Jan  7 12:09:39 LabSZ sshd[28748]: pam_unix(sshd:auth): authentication failure; logname= uid=0 euid=0 tty=ssh ruser= rhost=178.62.255.65 
Jan  7 12:09:40 LabSZ sshd[28748]: Failed password for invalid user raspberry from 178.62.255.65 port 60178 ssh2
Jan  7 12:09:41 LabSZ sshd[28748]: Received disconnect from 178.62.255.65: 11: Bye Bye [preauth]
Jan  7 12:09:41 LabSZ sshd[28746]: pam_unix(sshd:auth): authentication failure; logname= uid=0 euid=0 tty=ssh ruser= rhost=116.12.136.3  user=root
Jan  7 12:09:44 LabSZ sshd[28746]: Failed password for root from 116.12.136.3 port 47550 ssh2
Jan  7 12:09:49 LabSZ sshd[28746]: message repeated 2 times: [ Failed password for root from 116.12.136.3 port 47550 ssh2]
Jan  7 12:09:49 LabSZ sshd[28746]: Disconnecting: Too many authentication failures for root [preauth]
Jan  7 12:09:49 LabSZ sshd[28746]: PAM 2 more authentication failures; logname= uid=0 euid=0 tty=ssh ruser= rhost=116.12.136.3  user=root
Jan  7 12:09:52 LabSZ sshd[28752]: pam_unix(sshd:auth): authentication failure; logname= uid=0 euid=0 tty=ssh ruser= rhost=116.12.136.3  user=root
Jan  7 12:09:53 LabSZ sshd[28750]: pam_unix(sshd:auth): authentication failure; logname= uid=0 euid=0 tty=ssh ruser= rhost=178.62.255.65  user=root
Jan  7 12:09:54 LabSZ sshd[28752]: Failed password for root from 116.12.136.3 port 48334 ssh2
Jan  7 12:09:56 LabSZ sshd[28750]: Failed password for root from 178.62.255.65 port 48882 ssh2
Jan  7 12:09:56 LabSZ sshd[28750]: Connection closed by 178.62.255.65 [preauth]
Jan  7 12:10:00 LabSZ sshd[28752]: message repeated 2 times: [ Failed password for root from 116.12.136.3 port 48334 ssh2]
Jan  7 12:10:00 LabSZ sshd[28752]: Disconnecting: Too many authentication failures for root [preauth]
Jan  7 12:10:00 LabSZ sshd[28752]: PAM 2 more authentication failures; logname= uid=0 euid=0 tty=ssh ruser= rhost=116.12.136.3  user=root
Jan  7 12:10:03 LabSZ sshd[28754]: pam_unix(sshd:auth): authentication failure; logname= uid=0 euid=0 tty=ssh ruser= rhost=116.12.136.3  user=root
Jan  7 12:10:05 LabSZ sshd[28754]: Failed password for root from 116.12.136.3 port 48856 ssh2
Jan  7 12:10:10 LabSZ sshd[28754]: message repeated 2 times: [ Failed password for root from 116.12.136.3 port 48856 ssh2]
Jan  7 12:10:11 LabSZ sshd[28754]: Disconnecting: Too many authentication failures for root [preauth]
Jan  7 12:10:11 LabSZ sshd[28754]: PAM 2 more authentication failures; logname= uid=0 euid=0 tty=ssh ruser= rhost=116.12.136.3  user=root
Jan  7 12:10:24 LabSZ sshd[28756]: pam_unix(sshd:auth): authentication failure; logname= uid=0 euid=0 tty=ssh ruser= rhost=116.12.136.3  user=root
Jan  7 12:10:26 LabSZ sshd[28756]: Failed password for root from 116.12.136.3 port 49376 ssh2
