Dec 17 05:16:15 LabSZ sshd[25073]: Connection closed by 183.129.154.138 [preauth]
Dec 17 05:16:15 LabSZ sshd[25075]: pam_unix(sshd:auth): authentication failure; logname= uid=0 euid=0 tty=ssh ruser= rhost=183.129.154.138  user=root
Dec 17 05:16:17 LabSZ sshd[25075]: Failed password for root from 183.129.154.138 port 43148 ssh2
Dec 17 05:16:17 LabSZ sshd[25075]: Connection closed by 183.129.154.138 [preauth]
Dec 17 05:16:18 LabSZ sshd[25077]: pam_unix(sshd:auth): authentication failure; logname= uid=0 euid=0 tty=ssh ruser= rhost=183.129.154.138  user=root
Dec 17 05:16:20 LabSZ sshd[25077]: Failed password for root from 183.129.154.138 port 43366 ssh2
Dec 17 05:16:20 LabSZ sshd[25077]: Connection closed by 183.129.154.138 [preauth]
Dec 17 05:16:20 LabSZ sshd[25079]: pam_unix(sshd:auth): authentication failure; logname= uid=0 euid=0 tty=ssh ruser= rhost=183.129.154.138  user=root
Dec 17 05:16:21 LabSZ sshd[25079]: Failed password for root from 183.129.154.138 port 43622 ssh2
Dec 17 05:16:21 LabSZ sshd[25079]: Connection closed by 183.129.154.138 [preauth]
Dec 17 05:16:22 LabSZ sshd[25081]: pam_unix(sshd:auth): authentication failure; logname= uid=0 euid=0 tty=ssh ruser= rhost=183.129.154.138  user=root
Dec 17 05:16:24 LabSZ sshd[25081]: Failed password for root from 183.129.154.138 port 43830 ssh2
Dec 17 05:16:24 LabSZ sshd[25081]: Connection closed by 183.129.154.138 [preauth]
Dec 17 05:16:24 LabSZ sshd[25083]: pam_unix(sshd:auth): authentication failure; logname= uid=0 euid=0 tty=ssh ruser= rhost=183.129.154.138  user=root
Dec 17 05:16:26 LabSZ sshd[25083]: Failed password for root from 183.129.154.138 port 44086 ssh2
Dec 17 05:16:26 LabSZ sshd[25083]: Connection closed by 183.129.154.138 [preauth]
Dec 17 05:16:26 LabSZ sshd[25085]: pam_unix(sshd:auth): authentication failure; logname= uid=0 euid=0 tty=ssh ruser= rhost=183.129.154.138  user=root
Dec 17 05:16:28 LabSZ sshd[25085]: Failed password for root from 183.129.154.138 port 44310 ssh2
Dec 17 05:16:28 LabSZ sshd[25085]: Connection closed by 183.129.154.138 [preauth]
Dec 17 05:16:28 LabSZ sshd[25089]: pam_unix(sshd:auth): authentication failure; logname= uid=0 euid=0 tty=ssh ruser= rhost=183.129.154.138  user=root
Dec 17 05:16:29 LabSZ sshd[25087]: Invalid user admin from 103.99.0.122
Dec 17 05:16:29 LabSZ sshd[25087]: input_userauth_request: invalid user admin [preauth]
Dec 17 05:16:29 LabSZ sshd[25087]: pam_unix(sshd:auth): check pass; user unknown
Dec 17 05:16:29 LabSZ sshd[25087]: pam_unix(sshd:auth): authentication failure; logname= uid=0 euid=0 tty=ssh ruser= rhost=103.99.0.122 
Dec 17 05:16:31 LabSZ sshd[25089]: Failed password for root from 183.129.154.138 port 23258 ssh2
Dec 17 05:16:31 LabSZ sshd[25089]: Connection closed by 183.129.154.138 [preauth]
Dec 17 05:16:31 LabSZ sshd[25091]: pam_unix(sshd:auth): authentication failure; logname= uid=0 euid=0 tty=ssh ruser= rhost=183.129.154.138  user=root
Dec 17 05:16:31 LabSZ sshd[25087]: Failed password for invalid user admin from 103.99.0.122 port 55315 ssh2
Dec 17 05:16:32 LabSZ sshd[25087]: error: Received disconnect from 103.99.0.122: 14: No more user authentication methods available. [preauth]
Dec 17 05:16:32 LabSZ sshd[25091]: Failed password for root from 183.129.154.138 port 44816 ssh2
Dec 17 05:16:33 LabSZ sshd[25091]: Connection closed by 183.129.154.138 [preauth]
Dec 17 05:16:33 LabSZ sshd[25095]: pam_unix(sshd:auth): authentication failure; logname= uid=0 euid=0 tty=ssh ruser= rhost=183.129.154.138  user=root
Dec 17 05:16:34 LabSZ sshd[25093]: Invalid user support from 103.99.0.122
Dec 17 05:16:34 LabSZ sshd[25093]: input_userauth_request: invalid user support [preauth]
Dec 17 05:16:34 LabSZ sshd[25093]: pam_unix(sshd:auth): check pass; user unknown
Dec 17 05:16:34 LabSZ sshd[25093]: pam_unix(sshd:auth): authentication failure; logname= uid=0 euid=0 tty=ssh ruser= rhost=103.99.0.122 
Dec 17 05:16:35 LabSZ sshd[25095]: Failed password for root from 183.129.154.138 port 45026 ssh2
Dec 17 05:16:35 LabSZ sshd[25095]: Connection closed by 183.129.154.138 [preauth]
Dec 17 05:16:35 LabSZ sshd[25097]: pam_unix(sshd:auth): authentication failure; logname= uid=0 euid=0 tty=ssh ruser= rhost=183.129.154.138  user=root
Dec 17 05:16:36 LabSZ sshd[25093]: Failed password for invalid user support from 103.99.0.122 port 56713 ssh2
Dec 17 05:16:36 LabSZ sshd[25093]: error: Received disconnect from 103.99.0.122: 14: No more user authentication methods available. [preauth]
Dec 17 05:16:37 LabSZ sshd[25097]: Failed password for root from 183.129.154.138 port 39711 ssh2
Dec 17 05:16:37 LabSZ sshd[25097]: Connection closed by 183.129.154.138 [preauth]
Dec 17 05:16:37 LabSZ sshd[25101]: pam_unix(sshd:auth): authentication failure; logname= uid=0 euid=0 tty=ssh ruser= rhost=183.129.154.138  user=root
Dec 17 05:16:39 LabSZ sshd[25099]: Invalid user user from 103.99.0.122
Dec 17 05:16:39 LabSZ sshd[25099]: input_userauth_request: invalid user user [preauth]
Dec 17 05:16:39 LabSZ sshd[25099]: pam_unix(sshd:auth): check pass; user unknown
Dec 17 05:16:39 LabSZ sshd[25099]: pam_unix(sshd:auth): authentication failure; logname= uid=0 euid=0 tty=ssh ruser= rhost=103.99.0.122 
Dec 17 05:16:39 LabSZ sshd[25101]: Failed password for root from 183.129.154.138 port 29516 ssh2
Dec 17 05:16:39 LabSZ sshd[25101]: Connection closed by 183.129.154.138 [preauth]
Dec 17 05:16:40 LabSZ sshd[25103]: pam_unix(sshd:auth): authentication failure; logname= uid=0 euid=0 tty=ssh ruser= rhost=183.129.154.138  user=root
Dec 17 05:16:41 LabSZ sshd[25099]: Failed password for invalid user user from 103.99.0.122 port 58300 ssh2
Dec 17 05:16:42 LabSZ sshd[25103]: Failed password for root from 183.129.154.138 port 45684 ssh2
Dec 17 05:16:42 LabSZ sshd[25103]: Connection closed by 183.129.154.138 [preauth]
Dec 17 05:16:42 LabSZ sshd[25105]: pam_unix(sshd:auth): authentication failure; logname= uid=0 euid=0 tty=ssh ruser= rhost=183.129.154.138  user=root
Dec 17 05:16:42 LabSZ sshd[25099]: error: Received disconnect from 103.99.0.122: 14: No more user authentication methods available. [preauth]
Dec 17 05:16:44 LabSZ sshd[25107]: pam_unix(sshd:auth): authentication failure; logname= uid=0 euid=0 tty=ssh ruser= rhost=103.99.0.122  user=root
Dec 17 05:16:44 LabSZ sshd[25105]: Failed password for root from 183.129.154.138 port 1650 ssh2
Dec 17 05:16:44 LabSZ sshd[25105]: Connection closed by 183.129.154.138 [preauth]
Dec 17 05:16:44 LabSZ sshd[25109]: pam_unix(sshd:auth): authentication failure; logname= uid=0 euid=0 tty=ssh ruser= rhost=183.129.154.138  user=root
Dec 17 05:16:46 LabSZ sshd[25107]: Failed password for root from 103.99.0.122 port 60360 ssh2
Dec 17 05:16:46 LabSZ sshd[25107]: error: Received disconnect from 103.99.0.122: 14: No more user authentication methods available. [preauth]
Dec 17 05:16:46 LabSZ sshd[25109]: Failed password for root from 183.129.154.138 port 46170 ssh2
Dec 17 05:16:46 LabSZ sshd[25109]: Connection closed by 183.129.154.138 [preauth]
Dec 17 05:16:47 LabSZ sshd[25113]: pam_unix(sshd:auth): authentication failure; logname= uid=0 euid=0 tty=ssh ruser= rhost=183.129.154.138  user=root
Dec 17 05:16:47 LabSZ sshd[25111]: Invalid user 1234 from 103.99.0.122
Dec 17 05:16:47 LabSZ sshd[25111]: input_userauth_request: invalid user 1234 [preauth]
Dec 17 05:16:47 LabSZ sshd[25111]: pam_unix(sshd:auth): check pass; user unknown
Dec 17 05:16:47 LabSZ sshd[25111]: pam_unix(sshd:auth): authentication failure; logname= uid=0 euid=0 tty=ssh ruser= rhost=103.99.0.122 
Dec 17 05:16:48 LabSZ sshd[25113]: Failed password for root from 183.129.154.138 port 46394 ssh2
Dec 17 05:16:49 LabSZ sshd[25113]: Connection closed by 183.129.154.138 [preauth]
Dec 17 05:16:49 LabSZ sshd[25115]: pam_unix(sshd:auth): authentication failure; logname= uid=0 euid=0 tty=ssh ruser= rhost=183.129.154.138  user=root
Dec 17 05:16:49 LabSZ sshd[25111]: Failed password for invalid user 1234 from 103.99.0.122 port 61661 ssh2
Dec 17 05:16:49 LabSZ sshd[25111]: error: Received disconnect from 103.99.0.122: 14: No more user authentication methods available. [preauth]
Dec 17 05:16:50 LabSZ sshd[25117]: pam_unix(sshd:auth): authentication failure; logname= uid=0 euid=0 tty=ssh ruser= rhost=103.99.0.122  user=root
Dec 17 05:16:50 LabSZ sshd[25115]: Failed password for root from 183.129.154.138 port 46614 ssh2
Dec 17 05:16:50 LabSZ sshd[25115]: Connection closed by 183.129.154.138 [preauth]
Dec 17 05:16:51 LabSZ sshd[25119]: pam_unix(sshd:auth): authentication failure; logname= uid=0 euid=0 tty=ssh ruser= rhost=183.129.154.138  user=root
Dec 17 05:16:52 LabSZ sshd[25117]: Failed password for root from 103.99.0.122 port 62915 ssh2
Dec 17 05:16:52 LabSZ sshd[25117]: error: Received disconnect from 103.99.0.122: 14: No more user authentication methods available. [preauth]
Dec 17 05:16:53 LabSZ sshd[25119]: Failed password for root from 183.129.154.138 port 46822 ssh2
Dec 17 05:16:53 LabSZ sshd[25119]: Connection closed by 183.129.154.138 [preauth]
Dec 17 05:16:53 LabSZ sshd[25123]: pam_unix(sshd:auth): authentication failure; logname= uid=0 euid=0 tty=ssh ruser= rhost=183.129.154.138  user=root
Dec 17 05:16:54 LabSZ sshd[25121]: Invalid user anonymous from 103.99.0.122
Dec 17 05:16:54 LabSZ sshd[25121]: input_userauth_request: invalid user anonymous [preauth]
Dec 17 05:16:54 LabSZ sshd[25121]: pam_unix(sshd:auth): check pass; user unknown
Dec 17 05:16:54 LabSZ sshd[25121]: pam_unix(sshd:auth): authentication failure; logname= uid=0 euid=0 tty=ssh ruser= rhost=103.99.0.122 
Dec 17 05:16:55 LabSZ sshd[25121]: Failed password for invalid user anonymous from 103.99.0.122 port 64102 ssh2
Dec 17 05:16:55 LabSZ sshd[25123]: Failed password for root from 183.129.154.138 port 47070 ssh2
Dec 17 05:16:55 LabSZ sshd[25123]: Connection closed by 183.129.154.138 [preauth]
Dec 17 05:16:56 LabSZ sshd[25125]: pam_unix(sshd:auth): authentication failure; logname= uid=0 euid=0 tty=ssh ruser= rhost=183.129.154.138  user=root
Dec 17 05:16:56 LabSZ sshd[25121]: error: Received disconnect from 103.99.0.122: 14: No more user authentication methods available. [preauth]
Dec 17 05:16:57 LabSZ sshd[25127]: Invalid user admin from 103.99.0.122
Dec 17 05:16:57 LabSZ sshd[25127]: input_userauth_request: invalid user admin [preauth]
Dec 17 05:16:57 LabSZ sshd[25127]: pam_unix(sshd:auth): check pass; user unknown
Dec 17 05:16:57 LabSZ sshd[25127]: pam_unix(sshd:auth): authentication failure; logname= uid=0 euid=0 tty=ssh ruser= rhost=103.99.0.122 
Dec 17 05:16:58 LabSZ sshd[25125]: Failed password for root from 183.129.154.138 port 47364 ssh2
Dec 17 05:16:58 LabSZ sshd[25125]: Connection closed by 183.129.154.138 [preauth]
Dec 17 05:16:58 LabSZ sshd[25129]: pam_unix(sshd:auth): authentication failure; logname= uid=0 euid=0 tty=ssh ruser= rhost=183.129.154.138  user=root
Dec 17 05:16:59 LabSZ sshd[25127]: Failed password for invalid user admin from 103.99.0.122 port 65465 ssh2
