Jan  4 03:18:32 LabSZ sshd[15005]: Disconnecting: Too many authentication failures for root [preauth]
Jan  4 03:18:32 LabSZ sshd[15005]: PAM 5 more authentication failures; logname= uid=0 euid=0 tty=ssh ruser= rhost=59.63.188.30  user=root
Jan  4 03:18:32 LabSZ sshd[15005]: PAM service(sshd) ignoring max retries; 6 > 3
Jan  4 03:18:32 LabSZ sshd[15023]: Invalid user dreuter from 202.107.207.123
Jan  4 03:18:32 LabSZ sshd[15023]: input_userauth_request: invalid user dreuter [preauth]
Jan  4 03:18:32 LabSZ sshd[15023]: pam_unix(sshd:auth): check pass; user unknown
Jan  4 03:18:32 LabSZ sshd[15023]: pam_unix(sshd:auth): authentication failure; logname= uid=0 euid=0 tty=ssh ruser= rhost=202.107.207.123 
Jan  4 03:18:33 LabSZ sshd[15025]: pam_unix(sshd:auth): authentication failure; logname= uid=0 euid=0 tty=ssh ruser= rhost=59.63.188.30  user=root
Jan  4 03:18:34 LabSZ sshd[15023]: Failed password for invalid user dreuter from 202.107.207.123 port 46024 ssh2
Jan  4 03:18:34 LabSZ sshd[15023]: Received disconnect from 202.107.207.123: 11: Bye Bye [preauth]
Jan  4 03:18:35 LabSZ sshd[15027]: Invalid user redmine from 202.107.207.123
Jan  4 03:18:35 LabSZ sshd[15027]: input_userauth_request: invalid user redmine [preauth]
Jan  4 03:18:35 LabSZ sshd[15027]: pam_unix(sshd:auth): check pass; user unknown
Jan  4 03:18:35 LabSZ sshd[15027]: pam_unix(sshd:auth): authentication failure; logname= uid=0 euid=0 tty=ssh ruser= rhost=202.107.207.123 
Jan  4 03:18:35 LabSZ sshd[15025]: Failed password for root from 59.63.188.30 port 13969 ssh2
Jan  4 03:18:37 LabSZ sshd[15027]: Failed password for invalid user redmine from 202.107.207.123 port 48910 ssh2
Jan  4 03:18:37 LabSZ sshd[15027]: Received disconnect from 202.107.207.123: 11: Bye Bye [preauth]
Jan  4 03:18:37 LabSZ sshd[15029]: Invalid user redmine from 202.107.207.123
Jan  4 03:18:37 LabSZ sshd[15029]: input_userauth_request: invalid user redmine [preauth]
Jan  4 03:18:37 LabSZ sshd[15029]: pam_unix(sshd:auth): check pass; user unknown
Jan  4 03:18:37 LabSZ sshd[15029]: pam_unix(sshd:auth): authentication failure; logname= uid=0 euid=0 tty=ssh ruser= rhost=202.107.207.123 
Jan  4 03:18:38 LabSZ sshd[15013]: message repeated 5 times: [ Failed password for root from 218.87.109.156 port 17688 ssh2]
Jan  4 03:18:38 LabSZ sshd[15013]: Disconnecting: Too many authentication failures for root [preauth]
Jan  4 03:18:38 LabSZ sshd[15013]: PAM 5 more authentication failures; logname= uid=0 euid=0 tty=ssh ruser= rhost=218.87.109.156  user=root
Jan  4 03:18:38 LabSZ sshd[15013]: PAM service(sshd) ignoring max retries; 6 > 3
Jan  4 03:18:40 LabSZ sshd[15029]: Failed password for invalid user redmine from 202.107.207.123 port 51560 ssh2
Jan  4 03:18:40 LabSZ sshd[15029]: Received disconnect from 202.107.207.123: 11: Bye Bye [preauth]
Jan  4 03:18:40 LabSZ sshd[15033]: Invalid user redmine from 202.107.207.123
Jan  4 03:18:40 LabSZ sshd[15033]: input_userauth_request: invalid user redmine [preauth]
Jan  4 03:18:40 LabSZ sshd[15033]: pam_unix(sshd:auth): check pass; user unknown
Jan  4 03:18:40 LabSZ sshd[15033]: pam_unix(sshd:auth): authentication failure; logname= uid=0 euid=0 tty=ssh ruser= rhost=202.107.207.123 
Jan  4 03:18:40 LabSZ sshd[15031]: pam_unix(sshd:auth): authentication failure; logname= uid=0 euid=0 tty=ssh ruser= rhost=218.87.109.156  user=root
Jan  4 03:18:42 LabSZ sshd[15033]: Failed password for invalid user redmine from 202.107.207.123 port 54380 ssh2
Jan  4 03:18:42 LabSZ sshd[15033]: Received disconnect from 202.107.207.123: 11: Bye Bye [preauth]
Jan  4 03:18:42 LabSZ sshd[15031]: Failed password for root from 218.87.109.156 port 57046 ssh2
Jan  4 03:18:42 LabSZ sshd[15035]: Invalid user redmine from 202.107.207.123
Jan  4 03:18:42 LabSZ sshd[15035]: input_userauth_request: invalid user redmine [preauth]
Jan  4 03:18:42 LabSZ sshd[15035]: pam_unix(sshd:auth): check pass; user unknown
Jan  4 03:18:42 LabSZ sshd[15035]: pam_unix(sshd:auth): authentication failure; logname= uid=0 euid=0 tty=ssh ruser= rhost=202.107.207.123 
Jan  4 03:18:43 LabSZ sshd[15019]: message repeated 5 times: [ Failed password for root from 59.63.188.30 port 7614 ssh2]
Jan  4 03:18:43 LabSZ sshd[15019]: Disconnecting: Too many authentication failures for root [preauth]
Jan  4 03:18:43 LabSZ sshd[15019]: PAM 5 more authentication failures; logname= uid=0 euid=0 tty=ssh ruser= rhost=59.63.188.30  user=root
Jan  4 03:18:43 LabSZ sshd[15019]: PAM service(sshd) ignoring max retries; 6 > 3
Jan  4 03:18:44 LabSZ sshd[15037]: pam_unix(sshd:auth): authentication failure; logname= uid=0 euid=0 tty=ssh ruser= rhost=59.63.188.30  user=root
Jan  4 03:18:45 LabSZ sshd[15035]: Failed password for invalid user redmine from 202.107.207.123 port 56994 ssh2
Jan  4 03:18:45 LabSZ sshd[15035]: Received disconnect from 202.107.207.123: 11: Bye Bye [preauth]
Jan  4 03:18:45 LabSZ sshd[15039]: Invalid user evandro from 202.107.207.123
Jan  4 03:18:45 LabSZ sshd[15039]: input_userauth_request: invalid user evandro [preauth]
Jan  4 03:18:45 LabSZ sshd[15039]: pam_unix(sshd:auth): check pass; user unknown
Jan  4 03:18:45 LabSZ sshd[15039]: pam_unix(sshd:auth): authentication failure; logname= uid=0 euid=0 tty=ssh ruser= rhost=202.107.207.123 
Jan  4 03:18:47 LabSZ sshd[15037]: Failed password for root from 59.63.188.30 port 28602 ssh2
Jan  4 03:18:47 LabSZ sshd[15039]: Failed password for invalid user evandro from 202.107.207.123 port 59532 ssh2
Jan  4 03:18:47 LabSZ sshd[15039]: Received disconnect from 202.107.207.123: 11: Bye Bye [preauth]
Jan  4 03:18:47 LabSZ sshd[15041]: Invalid user goiaba from 202.107.207.123
Jan  4 03:18:47 LabSZ sshd[15041]: input_userauth_request: invalid user goiaba [preauth]
Jan  4 03:18:47 LabSZ sshd[15041]: pam_unix(sshd:auth): check pass; user unknown
Jan  4 03:18:47 LabSZ sshd[15041]: pam_unix(sshd:auth): authentication failure; logname= uid=0 euid=0 tty=ssh ruser= rhost=202.107.207.123 
Jan  4 03:18:48 LabSZ sshd[15025]: message repeated 5 times: [ Failed password for root from 59.63.188.30 port 13969 ssh2]
Jan  4 03:18:48 LabSZ sshd[15025]: Disconnecting: Too many authentication failures for root [preauth]
Jan  4 03:18:48 LabSZ sshd[15025]: PAM 5 more authentication failures; logname= uid=0 euid=0 tty=ssh ruser= rhost=59.63.188.30  user=root
Jan  4 03:18:48 LabSZ sshd[15025]: PAM service(sshd) ignoring max retries; 6 > 3
Jan  4 03:18:49 LabSZ sshd[15043]: pam_unix(sshd:auth): authentication failure; logname= uid=0 euid=0 tty=ssh ruser= rhost=59.63.188.30  user=root
Jan  4 03:18:49 LabSZ sshd[15041]: Failed password for invalid user goiaba from 202.107.207.123 port 33774 ssh2
Jan  4 03:18:49 LabSZ sshd[15041]: Received disconnect from 202.107.207.123: 11: Bye Bye [preauth]
Jan  4 03:18:50 LabSZ sshd[15045]: Invalid user zord from 202.107.207.123
Jan  4 03:18:50 LabSZ sshd[15045]: input_userauth_request: invalid user zord [preauth]
Jan  4 03:18:50 LabSZ sshd[15045]: pam_unix(sshd:auth): check pass; user unknown
Jan  4 03:18:50 LabSZ sshd[15045]: pam_unix(sshd:auth): authentication failure; logname= uid=0 euid=0 tty=ssh ruser= rhost=202.107.207.123 
Jan  4 03:18:52 LabSZ sshd[15043]: Failed password for root from 59.63.188.30 port 34958 ssh2
Jan  4 03:18:52 LabSZ sshd[15045]: Failed password for invalid user zord from 202.107.207.123 port 36224 ssh2
Jan  4 03:18:52 LabSZ sshd[15045]: Received disconnect from 202.107.207.123: 11: Bye Bye [preauth]
Jan  4 03:18:52 LabSZ sshd[15047]: Invalid user kuririn from 202.107.207.123
Jan  4 03:18:52 LabSZ sshd[15047]: input_userauth_request: invalid user kuririn [preauth]
Jan  4 03:18:52 LabSZ sshd[15047]: pam_unix(sshd:auth): check pass; user unknown
Jan  4 03:18:52 LabSZ sshd[15047]: pam_unix(sshd:auth): authentication failure; logname= uid=0 euid=0 tty=ssh ruser= rhost=202.107.207.123 
Jan  4 03:18:54 LabSZ sshd[15047]: Failed password for invalid user kuririn from 202.107.207.123 port 38838 ssh2
Jan  4 03:18:55 LabSZ sshd[15047]: Received disconnect from 202.107.207.123: 11: Bye Bye [preauth]
Jan  4 03:18:55 LabSZ sshd[15049]: Invalid user pgadmin from 202.107.207.123
Jan  4 03:18:55 LabSZ sshd[15049]: input_userauth_request: invalid user pgadmin [preauth]
Jan  4 03:18:55 LabSZ sshd[15049]: pam_unix(sshd:auth): check pass; user unknown
Jan  4 03:18:55 LabSZ sshd[15049]: pam_unix(sshd:auth): authentication failure; logname= uid=0 euid=0 tty=ssh ruser= rhost=202.107.207.123 
Jan  4 03:18:56 LabSZ sshd[15031]: message repeated 5 times: [ Failed password for root from 218.87.109.156 port 57046 ssh2]
Jan  4 03:18:56 LabSZ sshd[15031]: Disconnecting: Too many authentication failures for root [preauth]
Jan  4 03:18:56 LabSZ sshd[15031]: PAM 5 more authentication failures; logname= uid=0 euid=0 tty=ssh ruser= rhost=218.87.109.156  user=root
Jan  4 03:18:56 LabSZ sshd[15031]: PAM service(sshd) ignoring max retries; 6 > 3
Jan  4 03:18:57 LabSZ sshd[15051]: pam_unix(sshd:auth): authentication failure; logname= uid=0 euid=0 tty=ssh ruser= rhost=218.87.109.156  user=root
Jan  4 03:18:57 LabSZ sshd[15049]: Failed password for invalid user pgadmin from 202.107.207.123 port 41378 ssh2
Jan  4 03:18:57 LabSZ sshd[15049]: Received disconnect from 202.107.207.123: 11: Bye Bye [preauth]
Jan  4 03:18:58 LabSZ sshd[15053]: Invalid user marcos from 202.107.207.123
Jan  4 03:18:58 LabSZ sshd[15053]: input_userauth_request: invalid user marcos [preauth]
Jan  4 03:18:58 LabSZ sshd[15053]: pam_unix(sshd:auth): check pass; user unknown
Jan  4 03:18:58 LabSZ sshd[15053]: pam_unix(sshd:auth): authentication failure; logname= uid=0 euid=0 tty=ssh ruser= rhost=202.107.207.123 
Jan  4 03:18:59 LabSZ sshd[15051]: Failed password for root from 218.87.109.156 port 33038 ssh2
Jan  4 03:18:59 LabSZ sshd[15053]: Failed password for invalid user marcos from 202.107.207.123 port 44262 ssh2
Jan  4 03:18:59 LabSZ sshd[15053]: Received disconnect from 202.107.207.123: 11: Bye Bye [preauth]
Jan  4 03:19:00 LabSZ sshd[15055]: Invalid user web from 202.107.207.123
Jan  4 03:19:00 LabSZ sshd[15055]: input_userauth_request: invalid user web [preauth]
Jan  4 03:19:00 LabSZ sshd[15055]: pam_unix(sshd:auth): check pass; user unknown
Jan  4 03:19:00 LabSZ sshd[15055]: pam_unix(sshd:auth): authentication failure; logname= uid=0 euid=0 tty=ssh ruser= rhost=202.107.207.123 
Jan  4 03:19:00 LabSZ sshd[15037]: message repeated 5 times: [ Failed password for root from 59.63.188.30 port 28602 ssh2]
