Jan  3 12:18:32 LabSZ sshd[32424]: pam_unix(sshd:auth): authentication failure; logname= uid=0 euid=0 tty=ssh ruser= rhost=119.7.221.129 
Jan  3 12:18:33 LabSZ sshd[32422]: Failed password for root from 183.192.189.131 port 22368 ssh2
Jan  3 12:18:33 LabSZ sshd[32422]: Connection closed by 183.192.189.131 [preauth]
Jan  3 12:18:33 LabSZ sshd[32426]: reverse mapping checking getaddrinfo for . [183.192.189.131] failed - POSSIBLE BREAK-IN ATTEMPT!
Jan  3 12:18:33 LabSZ sshd[32426]: pam_unix(sshd:auth): authentication failure; logname= uid=0 euid=0 tty=ssh ruser= rhost=183.192.189.131  user=root
Jan  3 12:18:34 LabSZ sshd[32424]: Failed password for invalid user icandb from 119.7.221.129 port 46244 ssh2
Jan  3 12:18:34 LabSZ sshd[32424]: Received disconnect from 119.7.221.129: 11: Bye Bye [preauth]
Jan  3 12:18:34 LabSZ sshd[32428]: Invalid user case from 119.7.221.129
Jan  3 12:18:34 LabSZ sshd[32428]: input_userauth_request: invalid user case [preauth]
Jan  3 12:18:34 LabSZ sshd[32428]: pam_unix(sshd:auth): check pass; user unknown
Jan  3 12:18:34 LabSZ sshd[32428]: pam_unix(sshd:auth): authentication failure; logname= uid=0 euid=0 tty=ssh ruser= rhost=119.7.221.129 
Jan  3 12:18:35 LabSZ sshd[32426]: Failed password for root from 183.192.189.131 port 22369 ssh2
Jan  3 12:18:35 LabSZ sshd[32426]: Connection closed by 183.192.189.131 [preauth]
Jan  3 12:18:35 LabSZ sshd[32430]: reverse mapping checking getaddrinfo for . [183.192.189.131] failed - POSSIBLE BREAK-IN ATTEMPT!
Jan  3 12:18:35 LabSZ sshd[32430]: pam_unix(sshd:auth): authentication failure; logname= uid=0 euid=0 tty=ssh ruser= rhost=183.192.189.131  user=root
Jan  3 12:18:36 LabSZ sshd[32428]: Failed password for invalid user case from 119.7.221.129 port 48392 ssh2
Jan  3 12:18:36 LabSZ sshd[32428]: Received disconnect from 119.7.221.129: 11: Bye Bye [preauth]
Jan  3 12:18:36 LabSZ sshd[32412]: message repeated 5 times: [ Failed password for root from 59.63.188.30 port 15890 ssh2]
Jan  3 12:18:36 LabSZ sshd[32412]: Disconnecting: Too many authentication failures for root [preauth]
Jan  3 12:18:36 LabSZ sshd[32412]: PAM 5 more authentication failures; logname= uid=0 euid=0 tty=ssh ruser= rhost=59.63.188.30  user=root
Jan  3 12:18:36 LabSZ sshd[32412]: PAM service(sshd) ignoring max retries; 6 > 3
Jan  3 12:18:36 LabSZ sshd[32432]: Invalid user testcase from 119.7.221.129
Jan  3 12:18:36 LabSZ sshd[32432]: input_userauth_request: invalid user testcase [preauth]
Jan  3 12:18:36 LabSZ sshd[32432]: pam_unix(sshd:auth): check pass; user unknown
Jan  3 12:18:36 LabSZ sshd[32432]: pam_unix(sshd:auth): authentication failure; logname= uid=0 euid=0 tty=ssh ruser= rhost=119.7.221.129 
Jan  3 12:18:37 LabSZ sshd[32430]: Failed password for root from 183.192.189.131 port 22370 ssh2
Jan  3 12:18:37 LabSZ sshd[32430]: Connection closed by 183.192.189.131 [preauth]
Jan  3 12:18:37 LabSZ sshd[32434]: pam_unix(sshd:auth): authentication failure; logname= uid=0 euid=0 tty=ssh ruser= rhost=59.63.188.30  user=root
Jan  3 12:18:38 LabSZ sshd[32432]: Failed password for invalid user testcase from 119.7.221.129 port 50204 ssh2
Jan  3 12:18:38 LabSZ sshd[32432]: Received disconnect from 119.7.221.129: 11: Bye Bye [preauth]
Jan  3 12:18:38 LabSZ sshd[32438]: Invalid user ncs from 119.7.221.129
Jan  3 12:18:38 LabSZ sshd[32438]: input_userauth_request: invalid user ncs [preauth]
Jan  3 12:18:38 LabSZ sshd[32438]: pam_unix(sshd:auth): check pass; user unknown
Jan  3 12:18:38 LabSZ sshd[32438]: pam_unix(sshd:auth): authentication failure; logname= uid=0 euid=0 tty=ssh ruser= rhost=119.7.221.129 
Jan  3 12:18:39 LabSZ sshd[32434]: Failed password for root from 59.63.188.30 port 32664 ssh2
Jan  3 12:18:41 LabSZ sshd[32438]: Failed password for invalid user ncs from 119.7.221.129 port 52471 ssh2
Jan  3 12:18:41 LabSZ sshd[32438]: Received disconnect from 119.7.221.129: 11: Bye Bye [preauth]
Jan  3 12:18:41 LabSZ sshd[32440]: Invalid user gateway from 119.7.221.129
Jan  3 12:18:41 LabSZ sshd[32440]: input_userauth_request: invalid user gateway [preauth]
Jan  3 12:18:41 LabSZ sshd[32440]: pam_unix(sshd:auth): check pass; user unknown
Jan  3 12:18:41 LabSZ sshd[32440]: pam_unix(sshd:auth): authentication failure; logname= uid=0 euid=0 tty=ssh ruser= rhost=119.7.221.129 
Jan  3 12:18:43 LabSZ sshd[32440]: Failed password for invalid user gateway from 119.7.221.129 port 54932 ssh2
Jan  3 12:18:43 LabSZ sshd[32440]: Received disconnect from 119.7.221.129: 11: Bye Bye [preauth]
Jan  3 12:18:44 LabSZ sshd[32442]: Invalid user uep from 119.7.221.129
Jan  3 12:18:44 LabSZ sshd[32442]: input_userauth_request: invalid user uep [preauth]
Jan  3 12:18:44 LabSZ sshd[32442]: pam_unix(sshd:auth): check pass; user unknown
Jan  3 12:18:44 LabSZ sshd[32442]: pam_unix(sshd:auth): authentication failure; logname= uid=0 euid=0 tty=ssh ruser= rhost=119.7.221.129 
Jan  3 12:18:46 LabSZ sshd[32442]: Failed password for invalid user uep from 119.7.221.129 port 57204 ssh2
Jan  3 12:18:46 LabSZ sshd[32442]: Received disconnect from 119.7.221.129: 11: Bye Bye [preauth]
Jan  3 12:18:46 LabSZ sshd[32444]: Invalid user sshusr from 119.7.221.129
Jan  3 12:18:46 LabSZ sshd[32444]: input_userauth_request: invalid user sshusr [preauth]
Jan  3 12:18:46 LabSZ sshd[32444]: pam_unix(sshd:auth): check pass; user unknown
Jan  3 12:18:46 LabSZ sshd[32444]: pam_unix(sshd:auth): authentication failure; logname= uid=0 euid=0 tty=ssh ruser= rhost=119.7.221.129 
Jan  3 12:18:47 LabSZ sshd[32436]: reverse mapping checking getaddrinfo for . [183.192.189.131] failed - POSSIBLE BREAK-IN ATTEMPT!
Jan  3 12:18:47 LabSZ sshd[32436]: pam_unix(sshd:auth): authentication failure; logname= uid=0 euid=0 tty=ssh ruser= rhost=183.192.189.131  user=root
Jan  3 12:18:48 LabSZ sshd[32444]: Failed password for invalid user sshusr from 119.7.221.129 port 59479 ssh2
Jan  3 12:18:48 LabSZ sshd[32444]: Received disconnect from 119.7.221.129: 11: Bye Bye [preauth]
Jan  3 12:18:48 LabSZ sshd[32446]: pam_unix(sshd:auth): authentication failure; logname= uid=0 euid=0 tty=ssh ruser= rhost=119.7.221.129  user=root
Jan  3 12:18:49 LabSZ sshd[32436]: Failed password for root from 183.192.189.131 port 22371 ssh2
Jan  3 12:18:49 LabSZ sshd[32436]: Connection closed by 183.192.189.131 [preauth]
Jan  3 12:18:49 LabSZ sshd[32448]: reverse mapping checking getaddrinfo for . [183.192.189.131] failed - POSSIBLE BREAK-IN ATTEMPT!
Jan  3 12:18:49 LabSZ sshd[32448]: pam_unix(sshd:auth): authentication failure; logname= uid=0 euid=0 tty=ssh ruser= rhost=183.192.189.131  user=root
Jan  3 12:18:51 LabSZ sshd[32446]: Failed password for root from 119.7.221.129 port 32867 ssh2
Jan  3 12:18:51 LabSZ sshd[32446]: Received disconnect from 119.7.221.129: 11: Bye Bye [preauth]
Jan  3 12:18:52 LabSZ sshd[32448]: Failed password for root from 183.192.189.131 port 22372 ssh2
Jan  3 12:18:52 LabSZ sshd[32434]: message repeated 5 times: [ Failed password for root from 59.63.188.30 port 32664 ssh2]
Jan  3 12:18:52 LabSZ sshd[32434]: Disconnecting: Too many authentication failures for root [preauth]
Jan  3 12:18:52 LabSZ sshd[32434]: PAM 5 more authentication failures; logname= uid=0 euid=0 tty=ssh ruser= rhost=59.63.188.30  user=root
Jan  3 12:18:52 LabSZ sshd[32434]: PAM service(sshd) ignoring max retries; 6 > 3
Jan  3 12:18:52 LabSZ sshd[32448]: Connection closed by 183.192.189.131 [preauth]
Jan  3 12:18:52 LabSZ sshd[32450]: reverse mapping checking getaddrinfo for 45.77.126.151.vultr.com [45.77.126.151] failed - POSSIBLE BREAK-IN ATTEMPT!
Jan  3 12:18:52 LabSZ sshd[32450]: Invalid user admin from 45.77.126.151
Jan  3 12:18:52 LabSZ sshd[32450]: input_userauth_request: invalid user admin [preauth]
Jan  3 12:18:52 LabSZ sshd[32450]: pam_unix(sshd:auth): check pass; user unknown
Jan  3 12:18:52 LabSZ sshd[32450]: pam_unix(sshd:auth): authentication failure; logname= uid=0 euid=0 tty=ssh ruser= rhost=45.77.126.151 
Jan  3 12:18:53 LabSZ sshd[32454]: pam_unix(sshd:auth): authentication failure; logname= uid=0 euid=0 tty=ssh ruser= rhost=59.63.188.30  user=root
Jan  3 12:18:54 LabSZ sshd[32456]: Invalid user devdata from 119.7.221.129
Jan  3 12:18:54 LabSZ sshd[32456]: input_userauth_request: invalid user devdata [preauth]
Jan  3 12:18:54 LabSZ sshd[32456]: pam_unix(sshd:auth): check pass; user unknown
Jan  3 12:18:54 LabSZ sshd[32456]: pam_unix(sshd:auth): authentication failure; logname= uid=0 euid=0 tty=ssh ruser= rhost=119.7.221.129 
Jan  3 12:18:54 LabSZ sshd[32450]: Failed password for invalid user admin from 45.77.126.151 port 41272 ssh2
Jan  3 12:18:54 LabSZ sshd[32450]: Received disconnect from 45.77.126.151: 11: Bye Bye [preauth]
Jan  3 12:18:55 LabSZ sshd[32454]: Failed password for root from 59.63.188.30 port 51265 ssh2
Jan  3 12:18:56 LabSZ sshd[32456]: Failed password for invalid user devdata from 119.7.221.129 port 35029 ssh2
Jan  3 12:18:56 LabSZ sshd[32456]: Received disconnect from 119.7.221.129: 11: Bye Bye [preauth]
Jan  3 12:18:56 LabSZ sshd[32458]: Invalid user sshusr from 119.7.221.129
Jan  3 12:18:56 LabSZ sshd[32458]: input_userauth_request: invalid user sshusr [preauth]
Jan  3 12:18:56 LabSZ sshd[32458]: pam_unix(sshd:auth): check pass; user unknown
Jan  3 12:18:56 LabSZ sshd[32458]: pam_unix(sshd:auth): authentication failure; logname= uid=0 euid=0 tty=ssh ruser= rhost=119.7.221.129 
Jan  3 12:18:57 LabSZ sshd[32460]: reverse mapping checking getaddrinfo for 45.77.126.151.vultr.com [45.77.126.151] failed - POSSIBLE BREAK-IN ATTEMPT!
Jan  3 12:18:57 LabSZ sshd[32460]: Invalid user admin from 45.77.126.151
Jan  3 12:18:57 LabSZ sshd[32460]: input_userauth_request: invalid user admin [preauth]
Jan  3 12:18:57 LabSZ sshd[32460]: pam_unix(sshd:auth): check pass; user unknown
Jan  3 12:18:57 LabSZ sshd[32460]: pam_unix(sshd:auth): authentication failure; logname= uid=0 euid=0 tty=ssh ruser= rhost=45.77.126.151 
Jan  3 12:18:58 LabSZ sshd[32458]: Failed password for invalid user sshusr from 119.7.221.129 port 37593 ssh2
Jan  3 12:18:58 LabSZ sshd[32458]: Received disconnect from 119.7.221.129: 11: Bye Bye [preauth]
Jan  3 12:18:58 LabSZ sshd[32462]: Invalid user oracle from 119.7.221.129
Jan  3 12:18:58 LabSZ sshd[32462]: input_userauth_request: invalid user oracle [preauth]
Jan  3 12:18:58 LabSZ sshd[32462]: pam_unix(sshd:auth): check pass; user unknown
Jan  3 12:18:58 LabSZ sshd[32462]: pam_unix(sshd:auth): authentication failure; logname= uid=0 euid=0 tty=ssh ruser= rhost=119.7.221.129 
