Jan  1 17:04:28 LabSZ sshd[10099]: Failed password for invalid user admin from 181.214.87.4 port 44597 ssh2
Jan  1 17:04:30 LabSZ sshd[10099]: pam_unix(sshd:auth): check pass; user unknown
Jan  1 17:04:32 LabSZ sshd[10099]: Failed password for invalid user admin from 181.214.87.4 port 44597 ssh2
Jan  1 17:04:33 LabSZ sshd[10099]: pam_unix(sshd:auth): check pass; user unknown
Jan  1 17:04:35 LabSZ sshd[10099]: Failed password for invalid user admin from 181.214.87.4 port 44597 ssh2
Jan  1 17:04:35 LabSZ sshd[10099]: Connection closed by 181.214.87.4 [preauth]
Jan  1 17:04:35 LabSZ sshd[10099]: PAM 4 more authentication failures; logname= uid=0 euid=0 tty=ssh ruser= rhost=181.214.87.4 
Jan  1 17:04:35 LabSZ sshd[10099]: PAM service(sshd) ignoring max retries; 5 > 3
Jan  1 17:04:38 LabSZ sshd[10101]: message repeated 5 times: [ Failed password for root from 58.242.83.25 port 61405 ssh2]
Jan  1 17:04:38 LabSZ sshd[10101]: Disconnecting: Too many authentication failures for root [preauth]
Jan  1 17:04:38 LabSZ sshd[10101]: PAM 5 more authentication failures; logname= uid=0 euid=0 tty=ssh ruser= rhost=58.242.83.25  user=root
Jan  1 17:04:38 LabSZ sshd[10101]: PAM service(sshd) ignoring max retries; 6 > 3
Jan  1 17:04:39 LabSZ sshd[10103]: message repeated 5 times: [ Failed password for root from 218.65.30.30 port 33472 ssh2]
Jan  1 17:04:39 LabSZ sshd[10103]: Disconnecting: Too many authentication failures for root [preauth]
Jan  1 17:04:39 LabSZ sshd[10103]: PAM 5 more authentication failures; logname= uid=0 euid=0 tty=ssh ruser= rhost=218.65.30.30  user=root
Jan  1 17:04:39 LabSZ sshd[10103]: PAM service(sshd) ignoring max retries; 6 > 3
Jan  1 17:04:40 LabSZ sshd[10106]: pam_unix(sshd:auth): authentication failure; logname= uid=0 euid=0 tty=ssh ruser= rhost=58.242.83.25  user=root
Jan  1 17:04:40 LabSZ sshd[10108]: reverse mapping checking getaddrinfo for 30.30.65.218.broad.xy.jx.dynamic.163data.com.cn [218.65.30.30] failed - POSSIBLE BREAK-IN ATTEMPT!
Jan  1 17:04:40 LabSZ sshd[10108]: pam_unix(sshd:auth): authentication failure; logname= uid=0 euid=0 tty=ssh ruser= rhost=218.65.30.30  user=root
Jan  1 17:04:42 LabSZ sshd[10106]: Failed password for root from 58.242.83.25 port 19457 ssh2
Jan  1 17:04:43 LabSZ sshd[10108]: Failed password for root from 218.65.30.30 port 8100 ssh2
Jan  1 17:04:45 LabSZ sshd[10105]: Invalid user admin from 181.214.87.4
Jan  1 17:04:45 LabSZ sshd[10105]: input_userauth_request: invalid user admin [preauth]
Jan  1 17:04:45 LabSZ sshd[10105]: pam_unix(sshd:auth): check pass; user unknown
Jan  1 17:04:45 LabSZ sshd[10105]: pam_unix(sshd:auth): authentication failure; logname= uid=0 euid=0 tty=ssh ruser= rhost=181.214.87.4 
Jan  1 17:04:47 LabSZ sshd[10105]: Failed password for invalid user admin from 181.214.87.4 port 40957 ssh2
Jan  1 17:04:48 LabSZ sshd[10105]: Connection closed by 181.214.87.4 [preauth]
Jan  1 17:04:54 LabSZ sshd[10111]: Invalid user default from 181.214.87.4
Jan  1 17:04:54 LabSZ sshd[10111]: input_userauth_request: invalid user default [preauth]
Jan  1 17:04:54 LabSZ sshd[10111]: pam_unix(sshd:auth): check pass; user unknown
Jan  1 17:04:54 LabSZ sshd[10111]: pam_unix(sshd:auth): authentication failure; logname= uid=0 euid=0 tty=ssh ruser= rhost=181.214.87.4 
Jan  1 17:04:55 LabSZ sshd[10106]: message repeated 5 times: [ Failed password for root from 58.242.83.25 port 19457 ssh2]
Jan  1 17:04:55 LabSZ sshd[10106]: Disconnecting: Too many authentication failures for root [preauth]
Jan  1 17:04:55 LabSZ sshd[10106]: PAM 5 more authentication failures; logname= uid=0 euid=0 tty=ssh ruser= rhost=58.242.83.25  user=root
Jan  1 17:04:55 LabSZ sshd[10106]: PAM service(sshd) ignoring max retries; 6 > 3
Jan  1 17:04:56 LabSZ sshd[10108]: message repeated 5 times: [ Failed password for root from 218.65.30.30 port 8100 ssh2]
Jan  1 17:04:56 LabSZ sshd[10108]: Disconnecting: Too many authentication failures for root [preauth]
Jan  1 17:04:56 LabSZ sshd[10108]: PAM 5 more authentication failures; logname= uid=0 euid=0 tty=ssh ruser= rhost=218.65.30.30  user=root
Jan  1 17:04:56 LabSZ sshd[10108]: PAM service(sshd) ignoring max retries; 6 > 3
Jan  1 17:04:56 LabSZ sshd[10111]: Failed password for invalid user default from 181.214.87.4 port 44826 ssh2
Jan  1 17:04:56 LabSZ sshd[10113]: pam_unix(sshd:auth): authentication failure; logname= uid=0 euid=0 tty=ssh ruser= rhost=58.242.83.25  user=root
Jan  1 17:04:57 LabSZ sshd[10111]: pam_unix(sshd:auth): check pass; user unknown
Jan  1 17:04:57 LabSZ sshd[10115]: reverse mapping checking getaddrinfo for 30.30.65.218.broad.xy.jx.dynamic.163data.com.cn [218.65.30.30] failed - POSSIBLE BREAK-IN ATTEMPT!
Jan  1 17:04:57 LabSZ sshd[10115]: pam_unix(sshd:auth): authentication failure; logname= uid=0 euid=0 tty=ssh ruser= rhost=218.65.30.30  user=root
Jan  1 17:04:58 LabSZ sshd[10113]: Failed password for root from 58.242.83.25 port 41115 ssh2
Jan  1 17:04:59 LabSZ sshd[10111]: Failed password for invalid user default from 181.214.87.4 port 44826 ssh2
Jan  1 17:04:59 LabSZ sshd[10111]: Connection closed by 181.214.87.4 [preauth]
Jan  1 17:04:59 LabSZ sshd[10111]: PAM 1 more authentication failure; logname= uid=0 euid=0 tty=ssh ruser= rhost=181.214.87.4 
Jan  1 17:04:59 LabSZ sshd[10115]: Failed password for root from 218.65.30.30 port 47754 ssh2
Jan  1 17:05:08 LabSZ sshd[10117]: Did not receive identification string from 181.214.87.4
Jan  1 17:05:12 LabSZ sshd[10115]: message repeated 5 times: [ Failed password for root from 218.65.30.30 port 47754 ssh2]
Jan  1 17:05:12 LabSZ sshd[10115]: Disconnecting: Too many authentication failures for root [preauth]
Jan  1 17:05:12 LabSZ sshd[10115]: PAM 5 more authentication failures; logname= uid=0 euid=0 tty=ssh ruser= rhost=218.65.30.30  user=root
Jan  1 17:05:12 LabSZ sshd[10115]: PAM service(sshd) ignoring max retries; 6 > 3
Jan  1 17:05:12 LabSZ sshd[10113]: message repeated 5 times: [ Failed password for root from 58.242.83.25 port 41115 ssh2]
Jan  1 17:05:12 LabSZ sshd[10113]: Disconnecting: Too many authentication failures for root [preauth]
Jan  1 17:05:12 LabSZ sshd[10113]: PAM 5 more authentication failures; logname= uid=0 euid=0 tty=ssh ruser= rhost=58.242.83.25  user=root
Jan  1 17:05:12 LabSZ sshd[10113]: PAM service(sshd) ignoring max retries; 6 > 3
Jan  1 17:05:13 LabSZ sshd[10118]: reverse mapping checking getaddrinfo for 30.30.65.218.broad.xy.jx.dynamic.163data.com.cn [218.65.30.30] failed - POSSIBLE BREAK-IN ATTEMPT!
Jan  1 17:05:13 LabSZ sshd[10120]: pam_unix(sshd:auth): authentication failure; logname= uid=0 euid=0 tty=ssh ruser= rhost=58.242.83.25  user=root
Jan  1 17:05:14 LabSZ sshd[10118]: pam_unix(sshd:auth): authentication failure; logname= uid=0 euid=0 tty=ssh ruser= rhost=218.65.30.30  user=root
Jan  1 17:05:16 LabSZ sshd[10118]: Failed password for root from 218.65.30.30 port 19304 ssh2
Jan  1 17:05:16 LabSZ sshd[10120]: Failed password for root from 58.242.83.25 port 62969 ssh2
Jan  1 17:05:30 LabSZ sshd[10120]: message repeated 5 times: [ Failed password for root from 58.242.83.25 port 62969 ssh2]
Jan  1 17:05:30 LabSZ sshd[10120]: Disconnecting: Too many authentication failures for root [preauth]
Jan  1 17:05:30 LabSZ sshd[10120]: PAM 5 more authentication failures; logname= uid=0 euid=0 tty=ssh ruser= rhost=58.242.83.25  user=root
Jan  1 17:05:30 LabSZ sshd[10120]: PAM service(sshd) ignoring max retries; 6 > 3
Jan  1 17:05:30 LabSZ sshd[10118]: message repeated 5 times: [ Failed password for root from 218.65.30.30 port 19304 ssh2]
Jan  1 17:05:30 LabSZ sshd[10118]: Disconnecting: Too many authentication failures for root [preauth]
Jan  1 17:05:30 LabSZ sshd[10118]: PAM 5 more authentication failures; logname= uid=0 euid=0 tty=ssh ruser= rhost=218.65.30.30  user=root
Jan  1 17:05:30 LabSZ sshd[10118]: PAM service(sshd) ignoring max retries; 6 > 3
Jan  1 17:05:31 LabSZ sshd[10122]: pam_unix(sshd:auth): authentication failure; logname= uid=0 euid=0 tty=ssh ruser= rhost=58.242.83.25  user=root
Jan  1 17:05:33 LabSZ sshd[10124]: reverse mapping checking getaddrinfo for 30.30.65.218.broad.xy.jx.dynamic.163data.com.cn [218.65.30.30] failed - POSSIBLE BREAK-IN ATTEMPT!
Jan  1 17:05:33 LabSZ sshd[10124]: pam_unix(sshd:auth): authentication failure; logname= uid=0 euid=0 tty=ssh ruser= rhost=218.65.30.30  user=root
Jan  1 17:05:34 LabSZ sshd[10122]: Failed password for root from 58.242.83.25 port 21878 ssh2
Jan  1 17:05:35 LabSZ sshd[10124]: Failed password for root from 218.65.30.30 port 61684 ssh2
Jan  1 17:05:46 LabSZ sshd[10122]: message repeated 5 times: [ Failed password for root from 58.242.83.25 port 21878 ssh2]
Jan  1 17:05:46 LabSZ sshd[10122]: Disconnecting: Too many authentication failures for root [preauth]
Jan  1 17:05:46 LabSZ sshd[10122]: PAM 5 more authentication failures; logname= uid=0 euid=0 tty=ssh ruser= rhost=58.242.83.25  user=root
Jan  1 17:05:46 LabSZ sshd[10122]: PAM service(sshd) ignoring max retries; 6 > 3
Jan  1 17:05:48 LabSZ sshd[10126]: pam_unix(sshd:auth): authentication failure; logname= uid=0 euid=0 tty=ssh ruser= rhost=58.242.83.25  user=root
Jan  1 17:05:48 LabSZ sshd[10124]: message repeated 5 times: [ Failed password for root from 218.65.30.30 port 61684 ssh2]
Jan  1 17:05:48 LabSZ sshd[10124]: Disconnecting: Too many authentication failures for root [preauth]
Jan  1 17:05:48 LabSZ sshd[10124]: PAM 5 more authentication failures; logname= uid=0 euid=0 tty=ssh ruser= rhost=218.65.30.30  user=root
Jan  1 17:05:48 LabSZ sshd[10124]: PAM service(sshd) ignoring max retries; 6 > 3
Jan  1 17:05:50 LabSZ sshd[10126]: Failed password for root from 58.242.83.25 port 43370 ssh2
Jan  1 17:05:51 LabSZ sshd[10128]: reverse mapping checking getaddrinfo for 30.30.65.218.broad.xy.jx.dynamic.163data.com.cn [218.65.30.30] failed - POSSIBLE BREAK-IN ATTEMPT!
Jan  1 17:05:51 LabSZ sshd[10128]: pam_unix(sshd:auth): authentication failure; logname= uid=0 euid=0 tty=ssh ruser= rhost=218.65.30.30  user=root
Jan  1 17:05:53 LabSZ sshd[10128]: Failed password for root from 218.65.30.30 port 38650 ssh2
Jan  1 17:06:03 LabSZ sshd[10126]: message repeated 5 times: [ Failed password for root from 58.242.83.25 port 43370 ssh2]
Jan  1 17:06:03 LabSZ sshd[10126]: Disconnecting: Too many authentication failures for root [preauth]
Jan  1 17:06:03 LabSZ sshd[10126]: PAM 5 more authentication failures; logname= uid=0 euid=0 tty=ssh ruser= rhost=58.242.83.25  user=root
Jan  1 17:06:03 LabSZ sshd[10126]: PAM service(sshd) ignoring max retries; 6 > 3
Jan  1 17:06:05 LabSZ sshd[10130]: pam_unix(sshd:auth): authentication failure; logname= uid=0 euid=0 tty=ssh ruser= rhost=58.242.83.25  user=root
Jan  1 17:06:06 LabSZ sshd[10128]: message repeated 5 times: [ Failed password for root from 218.65.30.30 port 38650 ssh2]
Jan  1 17:06:06 LabSZ sshd[10128]: Disconnecting: Too many authentication failures for root [preauth]
Jan  1 17:06:06 LabSZ sshd[10128]: PAM 5 more authentication failures; logname= uid=0 euid=0 tty=ssh ruser= rhost=218.65.30.30  user=root
Jan  1 17:06:06 LabSZ sshd[10128]: PAM service(sshd) ignoring max retries; 6 > 3
Jan  1 17:06:07 LabSZ sshd[10130]: Failed password for root from 58.242.83.25 port 1144 ssh2
Jan  1 17:06:07 LabSZ sshd[10132]: reverse mapping checking getaddrinfo for 30.30.65.218.broad.xy.jx.dynamic.163data.com.cn [218.65.30.30] failed - POSSIBLE BREAK-IN ATTEMPT!
