Jan  4 06:40:14 LabSZ sshd[21211]: pam_unix(sshd:auth): authentication failure; logname= uid=0 euid=0 tty=ssh ruser= rhost=59.63.188.30  user=root
Jan  4 06:40:15 LabSZ sshd[21205]: Failed password for root from 59.63.188.30 port 4790 ssh2
Jan  4 06:40:16 LabSZ sshd[21211]: Failed password for root from 59.63.188.30 port 18432 ssh2
Jan  4 06:40:17 LabSZ sshd[21201]: Received disconnect from 218.87.109.156: 11:  [preauth]
Jan  4 06:40:20 LabSZ sshd[21213]: Invalid user guest from 5.188.10.182
Jan  4 06:40:20 LabSZ sshd[21213]: input_userauth_request: invalid user guest [preauth]
Jan  4 06:40:20 LabSZ sshd[21213]: pam_unix(sshd:auth): check pass; user unknown
Jan  4 06:40:20 LabSZ sshd[21213]: pam_unix(sshd:auth): authentication failure; logname= uid=0 euid=0 tty=ssh ruser= rhost=5.188.10.182 
Jan  4 06:40:23 LabSZ sshd[21213]: Failed password for invalid user guest from 5.188.10.182 port 56386 ssh2
Jan  4 06:40:23 LabSZ sshd[21213]: Connection closed by 5.188.10.182 [preauth]
Jan  4 06:40:25 LabSZ sshd[21209]: message repeated 5 times: [ Failed password for root from 182.100.67.52 port 5422 ssh2]
Jan  4 06:40:25 LabSZ sshd[21209]: Disconnecting: Too many authentication failures for root [preauth]
Jan  4 06:40:25 LabSZ sshd[21209]: PAM 5 more authentication failures; logname= uid=0 euid=0 tty=ssh ruser= rhost=182.100.67.52  user=root
Jan  4 06:40:25 LabSZ sshd[21209]: PAM service(sshd) ignoring max retries; 6 > 3
Jan  4 06:40:28 LabSZ sshd[21217]: pam_unix(sshd:auth): authentication failure; logname= uid=0 euid=0 tty=ssh ruser= rhost=182.100.67.52  user=root
Jan  4 06:40:28 LabSZ sshd[21215]: Connection closed by 5.188.10.182 [preauth]
Jan  4 06:40:28 LabSZ sshd[21205]: message repeated 5 times: [ Failed password for root from 59.63.188.30 port 4790 ssh2]
Jan  4 06:40:28 LabSZ sshd[21205]: Disconnecting: Too many authentication failures for root [preauth]
Jan  4 06:40:28 LabSZ sshd[21205]: PAM 5 more authentication failures; logname= uid=0 euid=0 tty=ssh ruser= rhost=59.63.188.30  user=root
Jan  4 06:40:28 LabSZ sshd[21205]: PAM service(sshd) ignoring max retries; 6 > 3
Jan  4 06:40:29 LabSZ sshd[21220]: pam_unix(sshd:auth): authentication failure; logname= uid=0 euid=0 tty=ssh ruser= rhost=59.63.188.30  user=root
Jan  4 06:40:29 LabSZ sshd[21211]: message repeated 5 times: [ Failed password for root from 59.63.188.30 port 18432 ssh2]
Jan  4 06:40:29 LabSZ sshd[21211]: Disconnecting: Too many authentication failures for root [preauth]
Jan  4 06:40:29 LabSZ sshd[21211]: PAM 5 more authentication failures; logname= uid=0 euid=0 tty=ssh ruser= rhost=59.63.188.30  user=root
Jan  4 06:40:29 LabSZ sshd[21211]: PAM service(sshd) ignoring max retries; 6 > 3
Jan  4 06:40:30 LabSZ sshd[21217]: Failed password for root from 182.100.67.52 port 39290 ssh2
Jan  4 06:40:31 LabSZ sshd[21220]: Failed password for root from 59.63.188.30 port 24830 ssh2
Jan  4 06:40:34 LabSZ sshd[21219]: Invalid user operator from 5.188.10.182
Jan  4 06:40:34 LabSZ sshd[21219]: input_userauth_request: invalid user operator [preauth]
Jan  4 06:40:34 LabSZ sshd[21219]: pam_unix(sshd:auth): check pass; user unknown
Jan  4 06:40:34 LabSZ sshd[21219]: pam_unix(sshd:auth): authentication failure; logname= uid=0 euid=0 tty=ssh ruser= rhost=5.188.10.182 
Jan  4 06:40:35 LabSZ sshd[21222]: pam_unix(sshd:auth): authentication failure; logname= uid=0 euid=0 tty=ssh ruser= rhost=59.63.188.30  user=root
Jan  4 06:40:36 LabSZ sshd[21219]: Failed password for invalid user operator from 5.188.10.182 port 55201 ssh2
Jan  4 06:40:37 LabSZ sshd[21222]: Failed password for root from 59.63.188.30 port 31642 ssh2
Jan  4 06:40:38 LabSZ sshd[21219]: Connection closed by 5.188.10.182 [preauth]
Jan  4 06:40:42 LabSZ sshd[21225]: Invalid user osmc from 5.188.10.182
Jan  4 06:40:42 LabSZ sshd[21225]: input_userauth_request: invalid user osmc [preauth]
Jan  4 06:40:42 LabSZ sshd[21225]: pam_unix(sshd:auth): check pass; user unknown
Jan  4 06:40:42 LabSZ sshd[21225]: pam_unix(sshd:auth): authentication failure; logname= uid=0 euid=0 tty=ssh ruser= rhost=5.188.10.182 
Jan  4 06:40:43 LabSZ sshd[21220]: message repeated 5 times: [ Failed password for root from 59.63.188.30 port 24830 ssh2]
Jan  4 06:40:43 LabSZ sshd[21220]: Disconnecting: Too many authentication failures for root [preauth]
Jan  4 06:40:43 LabSZ sshd[21220]: PAM 5 more authentication failures; logname= uid=0 euid=0 tty=ssh ruser= rhost=59.63.188.30  user=root
Jan  4 06:40:43 LabSZ sshd[21220]: PAM service(sshd) ignoring max retries; 6 > 3
Jan  4 06:40:43 LabSZ sshd[21225]: Failed password for invalid user osmc from 5.188.10.182 port 46247 ssh2
Jan  4 06:40:45 LabSZ sshd[21225]: Connection closed by 5.188.10.182 [preauth]
Jan  4 06:40:45 LabSZ sshd[21227]: pam_unix(sshd:auth): authentication failure; logname= uid=0 euid=0 tty=ssh ruser= rhost=59.63.188.30  user=root
Jan  4 06:40:47 LabSZ sshd[21217]: message repeated 5 times: [ Failed password for root from 182.100.67.52 port 39290 ssh2]
Jan  4 06:40:47 LabSZ sshd[21217]: Disconnecting: Too many authentication failures for root [preauth]
Jan  4 06:40:47 LabSZ sshd[21217]: PAM 5 more authentication failures; logname= uid=0 euid=0 tty=ssh ruser= rhost=182.100.67.52  user=root
Jan  4 06:40:47 LabSZ sshd[21217]: PAM service(sshd) ignoring max retries; 6 > 3
Jan  4 06:40:47 LabSZ sshd[21227]: Failed password for root from 59.63.188.30 port 45122 ssh2
Jan  4 06:40:48 LabSZ sshd[21231]: pam_unix(sshd:auth): authentication failure; logname= uid=0 euid=0 tty=ssh ruser= rhost=182.100.67.52  user=root
Jan  4 06:40:49 LabSZ sshd[21229]: pam_unix(sshd:auth): authentication failure; logname= uid=0 euid=0 tty=ssh ruser= rhost=5.188.10.182  user=root
Jan  4 06:40:50 LabSZ sshd[21222]: message repeated 5 times: [ Failed password for root from 59.63.188.30 port 31642 ssh2]
Jan  4 06:40:50 LabSZ sshd[21222]: Disconnecting: Too many authentication failures for root [preauth]
Jan  4 06:40:50 LabSZ sshd[21222]: PAM 5 more authentication failures; logname= uid=0 euid=0 tty=ssh ruser= rhost=59.63.188.30  user=root
Jan  4 06:40:50 LabSZ sshd[21222]: PAM service(sshd) ignoring max retries; 6 > 3
Jan  4 06:40:50 LabSZ sshd[21231]: Failed password for root from 182.100.67.52 port 20656 ssh2
Jan  4 06:40:51 LabSZ sshd[21229]: Failed password for root from 5.188.10.182 port 43464 ssh2
Jan  4 06:40:52 LabSZ sshd[21233]: pam_unix(sshd:auth): authentication failure; logname= uid=0 euid=0 tty=ssh ruser= rhost=59.63.188.30  user=root
Jan  4 06:40:53 LabSZ sshd[21233]: Failed password for root from 59.63.188.30 port 49146 ssh2
Jan  4 06:40:54 LabSZ sshd[21229]: Failed password for root from 5.188.10.182 port 43464 ssh2
Jan  4 06:40:54 LabSZ sshd[21229]: Connection closed by 5.188.10.182 [preauth]
Jan  4 06:40:54 LabSZ sshd[21229]: PAM 1 more authentication failure; logname= uid=0 euid=0 tty=ssh ruser= rhost=5.188.10.182  user=root
Jan  4 06:41:00 LabSZ sshd[21227]: message repeated 5 times: [ Failed password for root from 59.63.188.30 port 45122 ssh2]
Jan  4 06:41:00 LabSZ sshd[21227]: Disconnecting: Too many authentication failures for root [preauth]
Jan  4 06:41:00 LabSZ sshd[21227]: PAM 5 more authentication failures; logname= uid=0 euid=0 tty=ssh ruser= rhost=59.63.188.30  user=root
Jan  4 06:41:00 LabSZ sshd[21227]: PAM service(sshd) ignoring max retries; 6 > 3
Jan  4 06:41:01 LabSZ sshd[21237]: pam_unix(sshd:auth): authentication failure; logname= uid=0 euid=0 tty=ssh ruser= rhost=59.63.188.30  user=root
Jan  4 06:41:02 LabSZ sshd[21235]: Connection closed by 5.188.10.182 [preauth]
Jan  4 06:41:03 LabSZ sshd[21237]: Failed password for root from 59.63.188.30 port 1554 ssh2
Jan  4 06:41:03 LabSZ sshd[21231]: message repeated 5 times: [ Failed password for root from 182.100.67.52 port 20656 ssh2]
Jan  4 06:41:03 LabSZ sshd[21231]: Disconnecting: Too many authentication failures for root [preauth]
Jan  4 06:41:03 LabSZ sshd[21231]: PAM 5 more authentication failures; logname= uid=0 euid=0 tty=ssh ruser= rhost=182.100.67.52  user=root
Jan  4 06:41:03 LabSZ sshd[21231]: PAM service(sshd) ignoring max retries; 6 > 3
Jan  4 06:41:05 LabSZ sshd[21240]: pam_unix(sshd:auth): authentication failure; logname= uid=0 euid=0 tty=ssh ruser= rhost=182.100.67.52  user=root
Jan  4 06:41:06 LabSZ sshd[21240]: Failed password for root from 182.100.67.52 port 55124 ssh2
Jan  4 06:41:09 LabSZ sshd[21239]: Invalid user support from 5.188.10.182
Jan  4 06:41:09 LabSZ sshd[21239]: input_userauth_request: invalid user support [preauth]
Jan  4 06:41:09 LabSZ sshd[21239]: pam_unix(sshd:auth): check pass; user unknown
Jan  4 06:41:09 LabSZ sshd[21239]: pam_unix(sshd:auth): authentication failure; logname= uid=0 euid=0 tty=ssh ruser= rhost=5.188.10.182 
Jan  4 06:41:11 LabSZ sshd[21233]: message repeated 5 times: [ Failed password for root from 59.63.188.30 port 49146 ssh2]
Jan  4 06:41:11 LabSZ sshd[21233]: Disconnecting: Too many authentication failures for root [preauth]
Jan  4 06:41:11 LabSZ sshd[21233]: PAM 5 more authentication failures; logname= uid=0 euid=0 tty=ssh ruser= rhost=59.63.188.30  user=root
Jan  4 06:41:11 LabSZ sshd[21233]: PAM service(sshd) ignoring max retries; 6 > 3
Jan  4 06:41:12 LabSZ sshd[21239]: Failed password for invalid user support from 5.188.10.182 port 36446 ssh2
Jan  4 06:41:12 LabSZ sshd[21243]: pam_unix(sshd:auth): authentication failure; logname= uid=0 euid=0 tty=ssh ruser= rhost=59.63.188.30  user=root
Jan  4 06:41:12 LabSZ sshd[21239]: Connection closed by 5.188.10.182 [preauth]
Jan  4 06:41:14 LabSZ sshd[21243]: Failed password for root from 59.63.188.30 port 6733 ssh2
Jan  4 06:41:15 LabSZ sshd[21245]: Invalid user telecomadmin from 5.188.10.182
Jan  4 06:41:15 LabSZ sshd[21245]: input_userauth_request: invalid user telecomadmin [preauth]
Jan  4 06:41:15 LabSZ sshd[21245]: pam_unix(sshd:auth): check pass; user unknown
Jan  4 06:41:15 LabSZ sshd[21245]: pam_unix(sshd:auth): authentication failure; logname= uid=0 euid=0 tty=ssh ruser= rhost=5.188.10.182 
Jan  4 06:41:17 LabSZ sshd[21237]: message repeated 5 times: [ Failed password for root from 59.63.188.30 port 1554 ssh2]
Jan  4 06:41:17 LabSZ sshd[21237]: Disconnecting: Too many authentication failures for root [preauth]
Jan  4 06:41:17 LabSZ sshd[21237]: PAM 5 more authentication failures; logname= uid=0 euid=0 tty=ssh ruser= rhost=59.63.188.30  user=root
Jan  4 06:41:17 LabSZ sshd[21237]: PAM service(sshd) ignoring max retries; 6 > 3
Jan  4 06:41:17 LabSZ sshd[21245]: Failed password for invalid user telecomadmin from 5.188.10.182 port 54733 ssh2
Jan  4 06:41:18 LabSZ sshd[21245]: Connection closed by 5.188.10.182 [preauth]
Jan  4 06:41:20 LabSZ sshd[21240]: message repeated 5 times: [ Failed password for root from 182.100.67.52 port 55124 ssh2]
