Dec 10 12:25:15 LabSZ sshd[30887]: Received disconnect from 183.62.140.253: 11: Bye Bye [preauth]
Dec 10 12:25:16 LabSZ sshd[30890]: pam_unix(sshd:auth): authentication failure; logname= uid=0 euid=0 tty=ssh ruser= rhost=183.62.140.253  user=root
Dec 10 12:25:16 LabSZ sshd[30886]: Connection closed by 5.188.10.182 [preauth]
Dec 10 12:25:17 LabSZ sshd[30890]: Failed password for root from 183.62.140.253 port 49778 ssh2
Dec 10 12:25:17 LabSZ sshd[30890]: Received disconnect from 183.62.140.253: 11: Bye Bye [preauth]
Dec 10 12:25:17 LabSZ sshd[30894]: pam_unix(sshd:auth): authentication failure; logname= uid=0 euid=0 tty=ssh ruser= rhost=183.62.140.253  user=root
Dec 10 12:25:19 LabSZ sshd[30892]: Invalid user operator from 5.188.10.182
Dec 10 12:25:19 LabSZ sshd[30892]: input_userauth_request: invalid user operator [preauth]
Dec 10 12:25:19 LabSZ sshd[30892]: pam_unix(sshd:auth): check pass; user unknown
Dec 10 12:25:19 LabSZ sshd[30892]: pam_unix(sshd:auth): authentication failure; logname= uid=0 euid=0 tty=ssh ruser= rhost=5.188.10.182 
Dec 10 12:25:19 LabSZ sshd[30894]: Failed password for root from 183.62.140.253 port 50078 ssh2
Dec 10 12:25:19 LabSZ sshd[30894]: Received disconnect from 183.62.140.253: 11: Bye Bye [preauth]
Dec 10 12:25:19 LabSZ sshd[30896]: pam_unix(sshd:auth): authentication failure; logname= uid=0 euid=0 tty=ssh ruser= rhost=183.62.140.253  user=root
Dec 10 12:25:21 LabSZ sshd[30892]: Failed password for invalid user operator from 5.188.10.182 port 42416 ssh2
Dec 10 12:25:21 LabSZ sshd[30896]: Failed password for root from 183.62.140.253 port 50459 ssh2
Dec 10 12:25:21 LabSZ sshd[30896]: Received disconnect from 183.62.140.253: 11: Bye Bye [preauth]
Dec 10 12:25:22 LabSZ sshd[30898]: pam_unix(sshd:auth): authentication failure; logname= uid=0 euid=0 tty=ssh ruser= rhost=183.62.140.253  user=root
Dec 10 12:25:22 LabSZ sshd[30892]: Connection closed by 5.188.10.182 [preauth]
Dec 10 12:25:24 LabSZ sshd[30898]: Failed password for root from 183.62.140.253 port 50866 ssh2
Dec 10 12:25:24 LabSZ sshd[30898]: Received disconnect from 183.62.140.253: 11: Bye Bye [preauth]
Dec 10 12:25:24 LabSZ sshd[30902]: pam_unix(sshd:auth): authentication failure; logname= uid=0 euid=0 tty=ssh ruser= rhost=183.62.140.253  user=root
Dec 10 12:25:26 LabSZ sshd[30902]: Failed password for root from 183.62.140.253 port 51241 ssh2
Dec 10 12:25:26 LabSZ sshd[30902]: Received disconnect from 183.62.140.253: 11: Bye Bye [preauth]
Dec 10 12:25:26 LabSZ sshd[30905]: pam_unix(sshd:auth): authentication failure; logname= uid=0 euid=0 tty=ssh ruser= rhost=183.62.140.253  user=root
Dec 10 12:25:26 LabSZ sshd[30900]: Invalid user osmc from 5.188.10.182
Dec 10 12:25:26 LabSZ sshd[30900]: input_userauth_request: invalid user osmc [preauth]
Dec 10 12:25:26 LabSZ sshd[30900]: pam_unix(sshd:auth): check pass; user unknown
Dec 10 12:25:26 LabSZ sshd[30900]: pam_unix(sshd:auth): authentication failure; logname= uid=0 euid=0 tty=ssh ruser= rhost=5.188.10.182 
Dec 10 12:25:28 LabSZ sshd[30905]: Failed password for root from 183.62.140.253 port 51618 ssh2
Dec 10 12:25:28 LabSZ sshd[30905]: Received disconnect from 183.62.140.253: 11: Bye Bye [preauth]
Dec 10 12:25:28 LabSZ sshd[30900]: Failed password for invalid user osmc from 5.188.10.182 port 48805 ssh2
Dec 10 12:25:28 LabSZ sshd[30908]: pam_unix(sshd:auth): authentication failure; logname= uid=0 euid=0 tty=ssh ruser= rhost=183.62.140.253  user=root
Dec 10 12:25:29 LabSZ sshd[30900]: Connection closed by 5.188.10.182 [preauth]
Dec 10 12:25:29 LabSZ sshd[30908]: Failed password for root from 183.62.140.253 port 52015 ssh2
Dec 10 12:25:29 LabSZ sshd[30908]: Received disconnect from 183.62.140.253: 11: Bye Bye [preauth]
Dec 10 12:25:30 LabSZ sshd[30911]: pam_unix(sshd:auth): authentication failure; logname= uid=0 euid=0 tty=ssh ruser= rhost=183.62.140.253  user=root
Dec 10 12:25:32 LabSZ sshd[30911]: Failed password for root from 183.62.140.253 port 52301 ssh2
Dec 10 12:25:32 LabSZ sshd[30911]: Received disconnect from 183.62.140.253: 11: Bye Bye [preauth]
Dec 10 12:25:32 LabSZ sshd[30914]: pam_unix(sshd:auth): authentication failure; logname= uid=0 euid=0 tty=ssh ruser= rhost=183.62.140.253  user=root
Dec 10 12:25:34 LabSZ sshd[30914]: Failed password for root from 183.62.140.253 port 52717 ssh2
Dec 10 12:25:34 LabSZ sshd[30914]: Received disconnect from 183.62.140.253: 11: Bye Bye [preauth]
Dec 10 12:25:34 LabSZ sshd[30916]: pam_unix(sshd:auth): authentication failure; logname= uid=0 euid=0 tty=ssh ruser= rhost=183.62.140.253  user=root
Dec 10 12:25:34 LabSZ sshd[30910]: pam_unix(sshd:auth): authentication failure; logname= uid=0 euid=0 tty=ssh ruser= rhost=5.188.10.182  user=root
Dec 10 12:25:36 LabSZ sshd[30916]: Failed password for root from 183.62.140.253 port 53103 ssh2
Dec 10 12:25:36 LabSZ sshd[30916]: Received disconnect from 183.62.140.253: 11: Bye Bye [preauth]
Dec 10 12:25:36 LabSZ sshd[30918]: pam_unix(sshd:auth): authentication failure; logname= uid=0 euid=0 tty=ssh ruser= rhost=183.62.140.253  user=root
Dec 10 12:25:36 LabSZ sshd[30910]: Failed password for root from 5.188.10.182 port 44562 ssh2
Dec 10 12:25:38 LabSZ sshd[30918]: Failed password for root from 183.62.140.253 port 53478 ssh2
Dec 10 12:25:38 LabSZ sshd[30918]: Received disconnect from 183.62.140.253: 11: Bye Bye [preauth]
Dec 10 12:25:39 LabSZ sshd[30920]: pam_unix(sshd:auth): authentication failure; logname= uid=0 euid=0 tty=ssh ruser= rhost=183.62.140.253  user=root
Dec 10 12:25:39 LabSZ sshd[30910]: Failed password for root from 5.188.10.182 port 44562 ssh2
Dec 10 12:25:40 LabSZ sshd[30910]: Connection closed by 5.188.10.182 [preauth]
Dec 10 12:25:40 LabSZ sshd[30910]: PAM 1 more authentication failure; logname= uid=0 euid=0 tty=ssh ruser= rhost=5.188.10.182  user=root
Dec 10 12:25:41 LabSZ sshd[30920]: Failed password for root from 183.62.140.253 port 53907 ssh2
Dec 10 12:25:41 LabSZ sshd[30920]: Received disconnect from 183.62.140.253: 11: Bye Bye [preauth]
Dec 10 12:25:41 LabSZ sshd[30924]: pam_unix(sshd:auth): authentication failure; logname= uid=0 euid=0 tty=ssh ruser= rhost=183.62.140.253  user=root
Dec 10 12:25:43 LabSZ sshd[30924]: Failed password for root from 183.62.140.253 port 54284 ssh2
Dec 10 12:25:43 LabSZ sshd[30924]: Received disconnect from 183.62.140.253: 11: Bye Bye [preauth]
Dec 10 12:25:43 LabSZ sshd[30928]: pam_unix(sshd:auth): authentication failure; logname= uid=0 euid=0 tty=ssh ruser= rhost=183.62.140.253  user=root
Dec 10 12:25:45 LabSZ sshd[30922]: Connection closed by 5.188.10.182 [preauth]
Dec 10 12:25:45 LabSZ sshd[30928]: Failed password for root from 183.62.140.253 port 54693 ssh2
Dec 10 12:25:45 LabSZ sshd[30928]: Received disconnect from 183.62.140.253: 11: Bye Bye [preauth]
Dec 10 12:25:45 LabSZ sshd[30931]: pam_unix(sshd:auth): authentication failure; logname= uid=0 euid=0 tty=ssh ruser= rhost=183.62.140.253  user=root
Dec 10 12:25:48 LabSZ sshd[30931]: Failed password for root from 183.62.140.253 port 55110 ssh2
Dec 10 12:25:48 LabSZ sshd[30931]: Received disconnect from 183.62.140.253: 11: Bye Bye [preauth]
Dec 10 12:25:48 LabSZ sshd[30934]: pam_unix(sshd:auth): authentication failure; logname= uid=0 euid=0 tty=ssh ruser= rhost=183.62.140.253  user=root
Dec 10 12:25:50 LabSZ sshd[30934]: Failed password for root from 183.62.140.253 port 55579 ssh2
Dec 10 12:25:50 LabSZ sshd[30934]: Received disconnect from 183.62.140.253: 11: Bye Bye [preauth]
Dec 10 12:25:50 LabSZ sshd[30937]: pam_unix(sshd:auth): authentication failure; logname= uid=0 euid=0 tty=ssh ruser= rhost=183.62.140.253  user=root
Dec 10 12:25:52 LabSZ sshd[30937]: Failed password for root from 183.62.140.253 port 55995 ssh2
Dec 10 12:25:52 LabSZ sshd[30937]: Received disconnect from 183.62.140.253: 11: Bye Bye [preauth]
Dec 10 12:25:52 LabSZ sshd[30939]: pam_unix(sshd:auth): authentication failure; logname= uid=0 euid=0 tty=ssh ruser= rhost=183.62.140.253  user=root
Dec 10 12:25:53 LabSZ sshd[30930]: Invalid user support from 5.188.10.182
Dec 10 12:25:53 LabSZ sshd[30930]: input_userauth_request: invalid user support [preauth]
Dec 10 12:25:53 LabSZ sshd[30930]: pam_unix(sshd:auth): check pass; user unknown
Dec 10 12:25:53 LabSZ sshd[30930]: pam_unix(sshd:auth): authentication failure; logname= uid=0 euid=0 tty=ssh ruser= rhost=5.188.10.182 
Dec 10 12:25:55 LabSZ sshd[30939]: Failed password for root from 183.62.140.253 port 56424 ssh2
Dec 10 12:25:55 LabSZ sshd[30939]: Received disconnect from 183.62.140.253: 11: Bye Bye [preauth]
Dec 10 12:25:55 LabSZ sshd[30941]: pam_unix(sshd:auth): authentication failure; logname= uid=0 euid=0 tty=ssh ruser= rhost=183.62.140.253  user=root
Dec 10 12:25:55 LabSZ sshd[30930]: Failed password for invalid user support from 5.188.10.182 port 37341 ssh2
Dec 10 12:25:56 LabSZ sshd[30930]: Connection closed by 5.188.10.182 [preauth]
Dec 10 12:25:57 LabSZ sshd[30941]: Failed password for root from 183.62.140.253 port 56814 ssh2
Dec 10 12:25:57 LabSZ sshd[30941]: Received disconnect from 183.62.140.253: 11: Bye Bye [preauth]
Dec 10 12:25:57 LabSZ sshd[30945]: pam_unix(sshd:auth): authentication failure; logname= uid=0 euid=0 tty=ssh ruser= rhost=183.62.140.253  user=root
Dec 10 12:26:00 LabSZ sshd[30943]: Invalid user telecomadmin from 5.188.10.182
Dec 10 12:26:00 LabSZ sshd[30943]: input_userauth_request: invalid user telecomadmin [preauth]
Dec 10 12:26:00 LabSZ sshd[30943]: pam_unix(sshd:auth): check pass; user unknown
Dec 10 12:26:00 LabSZ sshd[30943]: pam_unix(sshd:auth): authentication failure; logname= uid=0 euid=0 tty=ssh ruser= rhost=5.188.10.182 
Dec 10 12:26:00 LabSZ sshd[30945]: Failed password for root from 183.62.140.253 port 57281 ssh2
Dec 10 12:26:00 LabSZ sshd[30945]: Received disconnect from 183.62.140.253: 11: Bye Bye [preauth]
Dec 10 12:26:00 LabSZ sshd[30948]: pam_unix(sshd:auth): authentication failure; logname= uid=0 euid=0 tty=ssh ruser= rhost=183.62.140.253  user=root
Dec 10 12:26:02 LabSZ sshd[30943]: Failed password for invalid user telecomadmin from 5.188.10.182 port 55255 ssh2
Dec 10 12:26:02 LabSZ sshd[30948]: Failed password for root from 183.62.140.253 port 57734 ssh2
Dec 10 12:26:02 LabSZ sshd[30948]: Received disconnect from 183.62.140.253: 11: Bye Bye [preauth]
Dec 10 12:26:02 LabSZ sshd[30950]: pam_unix(sshd:auth): authentication failure; logname= uid=0 euid=0 tty=ssh ruser= rhost=183.62.140.253  user=root
Dec 10 12:26:02 LabSZ sshd[30943]: Connection closed by 5.188.10.182 [preauth]
Dec 10 12:26:05 LabSZ sshd[30950]: Failed password for root from 183.62.140.253 port 58155 ssh2
Dec 10 12:26:05 LabSZ sshd[30950]: Received disconnect from 183.62.140.253: 11: Bye Bye [preauth]
Dec 10 12:26:05 LabSZ sshd[30954]: pam_unix(sshd:auth): authentication failure; logname= uid=0 euid=0 tty=ssh ruser= rhost=183.62.140.253  user=root
Dec 10 12:26:06 LabSZ sshd[30952]: Invalid user test from 5.188.10.182
