Dec 12 03:17:23 LabSZ sshd[9454]: Failed password for root from 124.68.10.20 port 56108 ssh2
Dec 12 03:17:23 LabSZ sshd[9454]: Received disconnect from 124.68.10.20: 11: Bye Bye [preauth]
Dec 12 03:17:24 LabSZ sshd[9458]: pam_unix(sshd:auth): authentication failure; logname= uid=0 euid=0 tty=ssh ruser= rhost=124.68.10.20  user=root
Dec 12 03:17:25 LabSZ sshd[9456]: Failed password for root from 183.238.178.195 port 19955 ssh2
Dec 12 03:17:25 LabSZ sshd[9456]: Connection closed by 183.238.178.195 [preauth]
Dec 12 03:17:25 LabSZ sshd[9460]: pam_unix(sshd:auth): authentication failure; logname= uid=0 euid=0 tty=ssh ruser= rhost=183.238.178.195  user=root
Dec 12 03:17:26 LabSZ sshd[9458]: Failed password for root from 124.68.10.20 port 57636 ssh2
Dec 12 03:17:26 LabSZ sshd[9458]: Received disconnect from 124.68.10.20: 11: Bye Bye [preauth]
Dec 12 03:17:27 LabSZ sshd[9462]: pam_unix(sshd:auth): authentication failure; logname= uid=0 euid=0 tty=ssh ruser= rhost=124.68.10.20  user=root
Dec 12 03:17:28 LabSZ sshd[9460]: Failed password for root from 183.238.178.195 port 20282 ssh2
Dec 12 03:17:28 LabSZ sshd[9460]: Connection closed by 183.238.178.195 [preauth]
Dec 12 03:17:28 LabSZ sshd[9464]: pam_unix(sshd:auth): authentication failure; logname= uid=0 euid=0 tty=ssh ruser= rhost=183.238.178.195  user=root
Dec 12 03:17:28 LabSZ sshd[9462]: Failed password for root from 124.68.10.20 port 59174 ssh2
Dec 12 03:17:28 LabSZ sshd[9462]: Received disconnect from 124.68.10.20: 11: Bye Bye [preauth]
Dec 12 03:17:29 LabSZ sshd[9466]: pam_unix(sshd:auth): authentication failure; logname= uid=0 euid=0 tty=ssh ruser= rhost=124.68.10.20  user=root
Dec 12 03:17:29 LabSZ sshd[9464]: Failed password for root from 183.238.178.195 port 20674 ssh2
Dec 12 03:17:29 LabSZ sshd[9464]: Connection closed by 183.238.178.195 [preauth]
Dec 12 03:17:29 LabSZ sshd[9468]: pam_unix(sshd:auth): authentication failure; logname= uid=0 euid=0 tty=ssh ruser= rhost=183.238.178.195  user=root
Dec 12 03:17:31 LabSZ sshd[9466]: Failed password for root from 124.68.10.20 port 60322 ssh2
Dec 12 03:17:31 LabSZ sshd[9466]: Received disconnect from 124.68.10.20: 11: Bye Bye [preauth]
Dec 12 03:17:31 LabSZ sshd[9470]: Invalid user sshusr from 124.68.10.20
Dec 12 03:17:31 LabSZ sshd[9470]: input_userauth_request: invalid user sshusr [preauth]
Dec 12 03:17:31 LabSZ sshd[9470]: pam_unix(sshd:auth): check pass; user unknown
Dec 12 03:17:31 LabSZ sshd[9470]: pam_unix(sshd:auth): authentication failure; logname= uid=0 euid=0 tty=ssh ruser= rhost=124.68.10.20 
Dec 12 03:17:31 LabSZ sshd[9468]: Failed password for root from 183.238.178.195 port 20896 ssh2
Dec 12 03:17:31 LabSZ sshd[9468]: Connection closed by 183.238.178.195 [preauth]
Dec 12 03:17:31 LabSZ sshd[9472]: pam_unix(sshd:auth): authentication failure; logname= uid=0 euid=0 tty=ssh ruser= rhost=183.238.178.195  user=root
Dec 12 03:17:33 LabSZ sshd[9470]: Failed password for invalid user sshusr from 124.68.10.20 port 33197 ssh2
Dec 12 03:17:33 LabSZ sshd[9470]: Received disconnect from 124.68.10.20: 11: Bye Bye [preauth]
Dec 12 03:17:33 LabSZ sshd[9472]: Failed password for root from 183.238.178.195 port 21198 ssh2
Dec 12 03:17:34 LabSZ sshd[9472]: Connection closed by 183.238.178.195 [preauth]
Dec 12 03:17:34 LabSZ sshd[9476]: pam_unix(sshd:auth): authentication failure; logname= uid=0 euid=0 tty=ssh ruser= rhost=183.238.178.195  user=root
Dec 12 03:17:34 LabSZ sshd[9474]: pam_unix(sshd:auth): authentication failure; logname= uid=0 euid=0 tty=ssh ruser= rhost=124.68.10.20  user=root
Dec 12 03:17:35 LabSZ sshd[9476]: Failed password for root from 183.238.178.195 port 21530 ssh2
Dec 12 03:17:35 LabSZ sshd[9476]: Connection closed by 183.238.178.195 [preauth]
Dec 12 03:17:35 LabSZ sshd[9474]: Failed password for root from 124.68.10.20 port 34370 ssh2
Dec 12 03:17:36 LabSZ sshd[9474]: Received disconnect from 124.68.10.20: 11: Bye Bye [preauth]
Dec 12 03:17:36 LabSZ sshd[9478]: pam_unix(sshd:auth): authentication failure; logname= uid=0 euid=0 tty=ssh ruser= rhost=183.238.178.195  user=root
Dec 12 03:17:36 LabSZ sshd[9480]: pam_unix(sshd:auth): authentication failure; logname= uid=0 euid=0 tty=ssh ruser= rhost=124.68.10.20  user=root
Dec 12 03:17:38 LabSZ sshd[9478]: Failed password for root from 183.238.178.195 port 21814 ssh2
Dec 12 03:17:38 LabSZ sshd[9478]: Connection closed by 183.238.178.195 [preauth]
Dec 12 03:17:38 LabSZ sshd[9482]: pam_unix(sshd:auth): authentication failure; logname= uid=0 euid=0 tty=ssh ruser= rhost=183.238.178.195  user=root
Dec 12 03:17:38 LabSZ sshd[9480]: Failed password for root from 124.68.10.20 port 35294 ssh2
Dec 12 03:17:38 LabSZ sshd[9480]: Received disconnect from 124.68.10.20: 11: Bye Bye [preauth]
Dec 12 03:17:39 LabSZ sshd[9484]: pam_unix(sshd:auth): authentication failure; logname= uid=0 euid=0 tty=ssh ruser= rhost=124.68.10.20  user=root
Dec 12 03:17:40 LabSZ sshd[9482]: Failed password for root from 183.238.178.195 port 22194 ssh2
Dec 12 03:17:40 LabSZ sshd[9482]: Connection closed by 183.238.178.195 [preauth]
Dec 12 03:17:40 LabSZ sshd[9486]: pam_unix(sshd:auth): authentication failure; logname= uid=0 euid=0 tty=ssh ruser= rhost=183.238.178.195  user=root
Dec 12 03:17:41 LabSZ sshd[9484]: Failed password for root from 124.68.10.20 port 36485 ssh2
Dec 12 03:17:41 LabSZ sshd[9484]: Received disconnect from 124.68.10.20: 11: Bye Bye [preauth]
Dec 12 03:17:41 LabSZ sshd[9488]: Invalid user utsims from 124.68.10.20
Dec 12 03:17:41 LabSZ sshd[9488]: input_userauth_request: invalid user utsims [preauth]
Dec 12 03:17:41 LabSZ sshd[9488]: pam_unix(sshd:auth): check pass; user unknown
Dec 12 03:17:41 LabSZ sshd[9488]: pam_unix(sshd:auth): authentication failure; logname= uid=0 euid=0 tty=ssh ruser= rhost=124.68.10.20 
Dec 12 03:17:42 LabSZ sshd[9486]: Failed password for root from 183.238.178.195 port 22524 ssh2
Dec 12 03:17:42 LabSZ sshd[9486]: Connection closed by 183.238.178.195 [preauth]
Dec 12 03:17:42 LabSZ sshd[9490]: pam_unix(sshd:auth): authentication failure; logname= uid=0 euid=0 tty=ssh ruser= rhost=183.238.178.195  user=root
Dec 12 03:17:43 LabSZ sshd[9488]: Failed password for invalid user utsims from 124.68.10.20 port 37483 ssh2
Dec 12 03:17:43 LabSZ sshd[9488]: Received disconnect from 124.68.10.20: 11: Bye Bye [preauth]
Dec 12 03:17:43 LabSZ sshd[9492]: pam_unix(sshd:auth): authentication failure; logname= uid=0 euid=0 tty=ssh ruser= rhost=124.68.10.20  user=root
Dec 12 03:17:44 LabSZ sshd[9490]: Failed password for root from 183.238.178.195 port 22787 ssh2
Dec 12 03:17:44 LabSZ sshd[9490]: Connection closed by 183.238.178.195 [preauth]
Dec 12 03:17:44 LabSZ sshd[9494]: pam_unix(sshd:auth): authentication failure; logname= uid=0 euid=0 tty=ssh ruser= rhost=183.238.178.195  user=root
Dec 12 03:17:45 LabSZ sshd[9492]: Failed password for root from 124.68.10.20 port 38433 ssh2
Dec 12 03:17:45 LabSZ sshd[9492]: Received disconnect from 124.68.10.20: 11: Bye Bye [preauth]
Dec 12 03:17:46 LabSZ sshd[9496]: pam_unix(sshd:auth): authentication failure; logname= uid=0 euid=0 tty=ssh ruser= rhost=124.68.10.20  user=root
Dec 12 03:17:47 LabSZ sshd[9494]: Failed password for root from 183.238.178.195 port 23053 ssh2
Dec 12 03:17:47 LabSZ sshd[9494]: Connection closed by 183.238.178.195 [preauth]
Dec 12 03:17:47 LabSZ sshd[9498]: pam_unix(sshd:auth): authentication failure; logname= uid=0 euid=0 tty=ssh ruser= rhost=183.238.178.195  user=root
Dec 12 03:17:48 LabSZ sshd[9496]: Failed password for root from 124.68.10.20 port 39792 ssh2
Dec 12 03:17:48 LabSZ sshd[9496]: Received disconnect from 124.68.10.20: 11: Bye Bye [preauth]
Dec 12 03:17:48 LabSZ sshd[9500]: pam_unix(sshd:auth): authentication failure; logname= uid=0 euid=0 tty=ssh ruser= rhost=124.68.10.20  user=root
Dec 12 03:17:48 LabSZ sshd[9502]: pam_unix(sshd:auth): authentication failure; logname= uid=0 euid=0 tty=ssh ruser= rhost=115.204.227.229  user=root
Dec 12 03:17:49 LabSZ sshd[9498]: Failed password for root from 183.238.178.195 port 23492 ssh2
Dec 12 03:17:49 LabSZ sshd[9498]: Connection closed by 183.238.178.195 [preauth]
Dec 12 03:17:49 LabSZ sshd[9504]: pam_unix(sshd:auth): authentication failure; logname= uid=0 euid=0 tty=ssh ruser= rhost=183.238.178.195  user=root
Dec 12 03:17:50 LabSZ sshd[9500]: Failed password for root from 124.68.10.20 port 41075 ssh2
Dec 12 03:17:50 LabSZ sshd[9500]: Received disconnect from 124.68.10.20: 11: Bye Bye [preauth]
Dec 12 03:17:51 LabSZ sshd[9502]: Failed password for root from 115.204.227.229 port 7168 ssh2
Dec 12 03:17:51 LabSZ sshd[9506]: pam_unix(sshd:auth): authentication failure; logname= uid=0 euid=0 tty=ssh ruser= rhost=124.68.10.20  user=root
Dec 12 03:17:51 LabSZ sshd[9504]: Failed password for root from 183.238.178.195 port 23819 ssh2
Dec 12 03:17:51 LabSZ sshd[9504]: Connection closed by 183.238.178.195 [preauth]
Dec 12 03:17:51 LabSZ sshd[9508]: pam_unix(sshd:auth): authentication failure; logname= uid=0 euid=0 tty=ssh ruser= rhost=183.238.178.195  user=root
Dec 12 03:17:52 LabSZ sshd[9506]: Failed password for root from 124.68.10.20 port 42704 ssh2
Dec 12 03:17:52 LabSZ sshd[9506]: Received disconnect from 124.68.10.20: 11: Bye Bye [preauth]
Dec 12 03:17:53 LabSZ sshd[9510]: pam_unix(sshd:auth): authentication failure; logname= uid=0 euid=0 tty=ssh ruser= rhost=124.68.10.20  user=root
Dec 12 03:17:53 LabSZ sshd[9508]: Failed password for root from 183.238.178.195 port 24107 ssh2
Dec 12 03:17:53 LabSZ sshd[9508]: Connection closed by 183.238.178.195 [preauth]
Dec 12 03:17:53 LabSZ sshd[9512]: pam_unix(sshd:auth): authentication failure; logname= uid=0 euid=0 tty=ssh ruser= rhost=183.238.178.195  user=root
Dec 12 03:17:54 LabSZ sshd[9510]: Failed password for root from 124.68.10.20 port 44431 ssh2
Dec 12 03:17:54 LabSZ sshd[9510]: Received disconnect from 124.68.10.20: 11: Bye Bye [preauth]
Dec 12 03:17:54 LabSZ sshd[9512]: Failed password for root from 183.238.178.195 port 24385 ssh2
Dec 12 03:17:54 LabSZ sshd[9512]: Connection closed by 183.238.178.195 [preauth]
Dec 12 03:17:55 LabSZ sshd[9514]: pam_unix(sshd:auth): authentication failure; logname= uid=0 euid=0 tty=ssh ruser= rhost=183.238.178.195  user=root
Dec 12 03:17:57 LabSZ sshd[9514]: Failed password for root from 183.238.178.195 port 24630 ssh2
Dec 12 03:17:57 LabSZ sshd[9514]: Connection closed by 183.238.178.195 [preauth]
Dec 12 03:17:57 LabSZ sshd[9516]: pam_unix(sshd:auth): authentication failure; logname= uid=0 euid=0 tty=ssh ruser= rhost=183.238.178.195  user=root
Dec 12 03:17:59 LabSZ sshd[9516]: Failed password for root from 183.238.178.195 port 24941 ssh2
Dec 12 03:17:59 LabSZ sshd[9516]: Connection closed by 183.238.178.195 [preauth]
Dec 12 03:17:59 LabSZ sshd[9518]: pam_unix(sshd:auth): authentication failure; logname= uid=0 euid=0 tty=ssh ruser= rhost=183.238.178.195  user=root
