Dec 17 02:05:53 LabSZ sshd[14705]: pam_unix(sshd:auth): authentication failure; logname= uid=0 euid=0 tty=ssh ruser= rhost=183.129.154.138  user=root
Dec 17 02:05:53 LabSZ sshd[14703]: Failed password for root from 122.70.145.45 port 54356 ssh2
Dec 17 02:05:53 LabSZ sshd[14703]: Received disconnect from 122.70.145.45: 11: Bye Bye [preauth]
Dec 17 02:05:53 LabSZ sshd[14699]: Received disconnect from 185.165.29.62: 11: Bye Bye [preauth]
Dec 17 02:05:54 LabSZ sshd[14707]: pam_unix(sshd:auth): authentication failure; logname= uid=0 euid=0 tty=ssh ruser= rhost=122.70.145.45  user=root
Dec 17 02:05:55 LabSZ sshd[14705]: Failed password for root from 183.129.154.138 port 48562 ssh2
Dec 17 02:05:55 LabSZ sshd[14705]: Connection closed by 183.129.154.138 [preauth]
Dec 17 02:05:55 LabSZ sshd[14711]: pam_unix(sshd:auth): authentication failure; logname= uid=0 euid=0 tty=ssh ruser= rhost=183.129.154.138  user=root
Dec 17 02:05:56 LabSZ sshd[14707]: Failed password for root from 122.70.145.45 port 59137 ssh2
Dec 17 02:05:56 LabSZ sshd[14707]: Received disconnect from 122.70.145.45: 11: Bye Bye [preauth]
Dec 17 02:05:56 LabSZ sshd[14709]: Invalid user tech from 185.165.29.62
Dec 17 02:05:56 LabSZ sshd[14709]: input_userauth_request: invalid user tech [preauth]
Dec 17 02:05:56 LabSZ sshd[14709]: pam_unix(sshd:auth): check pass; user unknown
Dec 17 02:05:56 LabSZ sshd[14709]: pam_unix(sshd:auth): authentication failure; logname= uid=0 euid=0 tty=ssh ruser= rhost=185.165.29.62 
Dec 17 02:05:56 LabSZ sshd[14713]: pam_unix(sshd:auth): authentication failure; logname= uid=0 euid=0 tty=ssh ruser= rhost=122.70.145.45  user=root
Dec 17 02:05:57 LabSZ sshd[14711]: Failed password for root from 183.129.154.138 port 48790 ssh2
Dec 17 02:05:57 LabSZ sshd[14711]: Connection closed by 183.129.154.138 [preauth]
Dec 17 02:05:57 LabSZ sshd[14715]: pam_unix(sshd:auth): authentication failure; logname= uid=0 euid=0 tty=ssh ruser= rhost=183.129.154.138  user=root
Dec 17 02:05:58 LabSZ sshd[14715]: Failed password for root from 183.129.154.138 port 48978 ssh2
Dec 17 02:05:58 LabSZ sshd[14715]: Connection closed by 183.129.154.138 [preauth]
Dec 17 02:05:59 LabSZ sshd[14717]: pam_unix(sshd:auth): authentication failure; logname= uid=0 euid=0 tty=ssh ruser= rhost=183.129.154.138  user=root
Dec 17 02:05:59 LabSZ sshd[14709]: Failed password for invalid user tech from 185.165.29.62 port 35185 ssh2
Dec 17 02:05:59 LabSZ sshd[14713]: Failed password for root from 122.70.145.45 port 37740 ssh2
Dec 17 02:05:59 LabSZ sshd[14713]: Received disconnect from 122.70.145.45: 11: Bye Bye [preauth]
Dec 17 02:05:59 LabSZ sshd[14709]: Received disconnect from 185.165.29.62: 11: Bye Bye [preauth]
Dec 17 02:05:59 LabSZ sshd[14719]: pam_unix(sshd:auth): authentication failure; logname= uid=0 euid=0 tty=ssh ruser= rhost=122.70.145.45  user=root
Dec 17 02:06:00 LabSZ sshd[14717]: Failed password for root from 183.129.154.138 port 49126 ssh2
Dec 17 02:06:00 LabSZ sshd[14717]: Connection closed by 183.129.154.138 [preauth]
Dec 17 02:06:01 LabSZ sshd[14723]: pam_unix(sshd:auth): authentication failure; logname= uid=0 euid=0 tty=ssh ruser= rhost=183.129.154.138  user=root
Dec 17 02:06:01 LabSZ sshd[14719]: Failed password for root from 122.70.145.45 port 47076 ssh2
Dec 17 02:06:01 LabSZ sshd[14719]: Received disconnect from 122.70.145.45: 11: Bye Bye [preauth]
Dec 17 02:06:01 LabSZ sshd[14725]: pam_unix(sshd:auth): authentication failure; logname= uid=0 euid=0 tty=ssh ruser= rhost=122.70.145.45  user=root
Dec 17 02:06:03 LabSZ sshd[14723]: Failed password for root from 183.129.154.138 port 49352 ssh2
Dec 17 02:06:03 LabSZ sshd[14723]: Connection closed by 183.129.154.138 [preauth]
Dec 17 02:06:03 LabSZ sshd[14727]: pam_unix(sshd:auth): authentication failure; logname= uid=0 euid=0 tty=ssh ruser= rhost=183.129.154.138  user=root
Dec 17 02:06:03 LabSZ sshd[14721]: Invalid user nginx from 185.165.29.62
Dec 17 02:06:03 LabSZ sshd[14721]: input_userauth_request: invalid user nginx [preauth]
Dec 17 02:06:04 LabSZ sshd[14721]: pam_unix(sshd:auth): check pass; user unknown
Dec 17 02:06:04 LabSZ sshd[14721]: pam_unix(sshd:auth): authentication failure; logname= uid=0 euid=0 tty=ssh ruser= rhost=185.165.29.62 
Dec 17 02:06:04 LabSZ sshd[14725]: Failed password for root from 122.70.145.45 port 52898 ssh2
Dec 17 02:06:04 LabSZ sshd[14725]: Received disconnect from 122.70.145.45: 11: Bye Bye [preauth]
Dec 17 02:06:04 LabSZ sshd[14729]: pam_unix(sshd:auth): authentication failure; logname= uid=0 euid=0 tty=ssh ruser= rhost=122.70.145.45  user=root
Dec 17 02:06:05 LabSZ sshd[14727]: Failed password for root from 183.129.154.138 port 49616 ssh2
Dec 17 02:06:05 LabSZ sshd[14727]: Connection closed by 183.129.154.138 [preauth]
Dec 17 02:06:05 LabSZ sshd[14721]: Failed password for invalid user nginx from 185.165.29.62 port 39762 ssh2
Dec 17 02:06:05 LabSZ sshd[14731]: pam_unix(sshd:auth): authentication failure; logname= uid=0 euid=0 tty=ssh ruser= rhost=183.129.154.138  user=root
Dec 17 02:06:05 LabSZ sshd[14721]: Received disconnect from 185.165.29.62: 11: Bye Bye [preauth]
Dec 17 02:06:05 LabSZ sshd[14729]: Failed password for root from 122.70.145.45 port 60761 ssh2
Dec 17 02:06:06 LabSZ sshd[14729]: Received disconnect from 122.70.145.45: 11: Bye Bye [preauth]
Dec 17 02:06:06 LabSZ sshd[14734]: pam_unix(sshd:auth): authentication failure; logname= uid=0 euid=0 tty=ssh ruser= rhost=122.70.145.45  user=root
Dec 17 02:06:07 LabSZ sshd[14731]: Failed password for root from 183.129.154.138 port 49762 ssh2
Dec 17 02:06:07 LabSZ sshd[14731]: Connection closed by 183.129.154.138 [preauth]
Dec 17 02:06:07 LabSZ sshd[14737]: pam_unix(sshd:auth): authentication failure; logname= uid=0 euid=0 tty=ssh ruser= rhost=183.129.154.138  user=root
Dec 17 02:06:08 LabSZ sshd[14734]: Failed password for root from 122.70.145.45 port 37233 ssh2
Dec 17 02:06:08 LabSZ sshd[14734]: Received disconnect from 122.70.145.45: 11: Bye Bye [preauth]
Dec 17 02:06:08 LabSZ sshd[14739]: pam_unix(sshd:auth): authentication failure; logname= uid=0 euid=0 tty=ssh ruser= rhost=122.70.145.45  user=root
Dec 17 02:06:09 LabSZ sshd[14737]: Failed password for root from 183.129.154.138 port 49996 ssh2
Dec 17 02:06:09 LabSZ sshd[14737]: Connection closed by 183.129.154.138 [preauth]
Dec 17 02:06:09 LabSZ sshd[14741]: pam_unix(sshd:auth): authentication failure; logname= uid=0 euid=0 tty=ssh ruser= rhost=183.129.154.138  user=root
Dec 17 02:06:10 LabSZ sshd[14739]: Failed password for root from 122.70.145.45 port 43120 ssh2
Dec 17 02:06:11 LabSZ sshd[14739]: Received disconnect from 122.70.145.45: 11: Bye Bye [preauth]
Dec 17 02:06:11 LabSZ sshd[14741]: Failed password for root from 183.129.154.138 port 50242 ssh2
Dec 17 02:06:11 LabSZ sshd[14741]: Connection closed by 183.129.154.138 [preauth]
Dec 17 02:06:11 LabSZ sshd[14733]: Invalid user tomcat from 185.165.29.62
Dec 17 02:06:11 LabSZ sshd[14733]: input_userauth_request: invalid user tomcat [preauth]
Dec 17 02:06:11 LabSZ sshd[14733]: pam_unix(sshd:auth): check pass; user unknown
Dec 17 02:06:11 LabSZ sshd[14733]: pam_unix(sshd:auth): authentication failure; logname= uid=0 euid=0 tty=ssh ruser= rhost=185.165.29.62 
Dec 17 02:06:11 LabSZ sshd[14745]: pam_unix(sshd:auth): authentication failure; logname= uid=0 euid=0 tty=ssh ruser= rhost=183.129.154.138  user=root
Dec 17 02:06:11 LabSZ sshd[14743]: pam_unix(sshd:auth): authentication failure; logname= uid=0 euid=0 tty=ssh ruser= rhost=122.70.145.45  user=root
Dec 17 02:06:13 LabSZ sshd[14733]: Failed password for invalid user tomcat from 185.165.29.62 port 44456 ssh2
Dec 17 02:06:13 LabSZ sshd[14745]: Failed password for root from 183.129.154.138 port 25029 ssh2
Dec 17 02:06:13 LabSZ sshd[14743]: Failed password for root from 122.70.145.45 port 51432 ssh2
Dec 17 02:06:13 LabSZ sshd[14743]: Received disconnect from 122.70.145.45: 11: Bye Bye [preauth]
Dec 17 02:06:13 LabSZ sshd[14745]: Connection closed by 183.129.154.138 [preauth]
Dec 17 02:06:13 LabSZ sshd[14747]: pam_unix(sshd:auth): authentication failure; logname= uid=0 euid=0 tty=ssh ruser= rhost=183.129.154.138  user=root
Dec 17 02:06:13 LabSZ sshd[14733]: Received disconnect from 185.165.29.62: 11: Bye Bye [preauth]
Dec 17 02:06:13 LabSZ sshd[14748]: pam_unix(sshd:auth): authentication failure; logname= uid=0 euid=0 tty=ssh ruser= rhost=122.70.145.45  user=root
Dec 17 02:06:15 LabSZ sshd[14747]: Failed password for root from 183.129.154.138 port 50664 ssh2
Dec 17 02:06:15 LabSZ sshd[14747]: Connection closed by 183.129.154.138 [preauth]
Dec 17 02:06:15 LabSZ sshd[14748]: Failed password for root from 122.70.145.45 port 57332 ssh2
Dec 17 02:06:15 LabSZ sshd[14748]: Received disconnect from 122.70.145.45: 11: Bye Bye [preauth]
Dec 17 02:06:15 LabSZ sshd[14753]: pam_unix(sshd:auth): authentication failure; logname= uid=0 euid=0 tty=ssh ruser= rhost=183.129.154.138  user=root
Dec 17 02:06:16 LabSZ sshd[14751]: pam_unix(sshd:auth): authentication failure; logname= uid=0 euid=0 tty=ssh ruser= rhost=185.165.29.62  user=root
Dec 17 02:06:16 LabSZ sshd[14755]: pam_unix(sshd:auth): authentication failure; logname= uid=0 euid=0 tty=ssh ruser= rhost=122.70.145.45  user=root
Dec 17 02:06:17 LabSZ sshd[14751]: Failed password for root from 185.165.29.62 port 49698 ssh2
Dec 17 02:06:17 LabSZ sshd[14755]: Failed password for root from 122.70.145.45 port 36427 ssh2
Dec 17 02:06:17 LabSZ sshd[14755]: Received disconnect from 122.70.145.45: 11: Bye Bye [preauth]
Dec 17 02:06:17 LabSZ sshd[14753]: Failed password for root from 183.129.154.138 port 50872 ssh2
Dec 17 02:06:17 LabSZ sshd[14753]: Connection closed by 183.129.154.138 [preauth]
Dec 17 02:06:17 LabSZ sshd[14751]: Received disconnect from 185.165.29.62: 11: Bye Bye [preauth]
Dec 17 02:06:17 LabSZ sshd[14759]: pam_unix(sshd:auth): authentication failure; logname= uid=0 euid=0 tty=ssh ruser= rhost=183.129.154.138  user=root
Dec 17 02:06:17 LabSZ sshd[14757]: pam_unix(sshd:auth): authentication failure; logname= uid=0 euid=0 tty=ssh ruser= rhost=122.70.145.45  user=root
Dec 17 02:06:19 LabSZ sshd[14759]: Failed password for root from 183.129.154.138 port 51124 ssh2
Dec 17 02:06:19 LabSZ sshd[14759]: Connection closed by 183.129.154.138 [preauth]
Dec 17 02:06:19 LabSZ sshd[14757]: Failed password for root from 122.70.145.45 port 41167 ssh2
Dec 17 02:06:19 LabSZ sshd[14757]: Received disconnect from 122.70.145.45: 11: Bye Bye [preauth]
Dec 17 02:06:19 LabSZ sshd[14763]: pam_unix(sshd:auth): authentication failure; logname= uid=0 euid=0 tty=ssh ruser= rhost=183.129.154.138  user=root
Dec 17 02:06:20 LabSZ sshd[14765]: pam_unix(sshd:auth): authentication failure; logname= uid=0 euid=0 tty=ssh ruser= rhost=122.70.145.45  user=root
Dec 17 02:06:20 LabSZ sshd[14761]: Invalid user oracle from 185.165.29.62
Dec 17 02:06:20 LabSZ sshd[14761]: input_userauth_request: invalid user oracle [preauth]
