Jan  4 16:55:52 LabSZ sshd[3384]: Failed password for bin from 218.4.104.194 port 43519 ssh2
Jan  4 16:55:52 LabSZ sshd[3384]: Received disconnect from 218.4.104.194: 11: Bye Bye [preauth]
Jan  4 16:55:53 LabSZ sshd[3386]: pam_unix(sshd:auth): authentication failure; logname= uid=0 euid=0 tty=ssh ruser= rhost=218.4.104.194  user=daemon
Jan  4 16:55:55 LabSZ sshd[3386]: Failed password for daemon from 218.4.104.194 port 43749 ssh2
Jan  4 16:55:55 LabSZ sshd[3386]: Received disconnect from 218.4.104.194: 11: Bye Bye [preauth]
Jan  4 16:55:55 LabSZ sshd[3388]: pam_unix(sshd:auth): authentication failure; logname= uid=0 euid=0 tty=ssh ruser= rhost=218.4.104.194  user=lp
Jan  4 16:55:55 LabSZ sshd[3372]: Connection closed by 5.188.10.180 [preauth]
Jan  4 16:55:57 LabSZ sshd[3388]: Failed password for lp from 218.4.104.194 port 43969 ssh2
Jan  4 16:55:57 LabSZ sshd[3388]: Received disconnect from 218.4.104.194: 11: Bye Bye [preauth]
Jan  4 16:55:58 LabSZ sshd[3391]: pam_unix(sshd:auth): authentication failure; logname= uid=0 euid=0 tty=ssh ruser= rhost=218.4.104.194  user=sync
Jan  4 16:55:58 LabSZ sshd[3377]: message repeated 5 times: [ Failed password for root from 59.63.188.30 port 32768 ssh2]
Jan  4 16:55:58 LabSZ sshd[3377]: Disconnecting: Too many authentication failures for root [preauth]
Jan  4 16:55:58 LabSZ sshd[3377]: PAM 5 more authentication failures; logname= uid=0 euid=0 tty=ssh ruser= rhost=59.63.188.30  user=root
Jan  4 16:55:58 LabSZ sshd[3377]: PAM service(sshd) ignoring max retries; 6 > 3
Jan  4 16:55:59 LabSZ sshd[3393]: pam_unix(sshd:auth): authentication failure; logname= uid=0 euid=0 tty=ssh ruser= rhost=59.63.188.30  user=root
Jan  4 16:55:59 LabSZ sshd[3391]: Failed password for sync from 218.4.104.194 port 44197 ssh2
Jan  4 16:55:59 LabSZ sshd[3391]: Received disconnect from 218.4.104.194: 11: Bye Bye [preauth]
Jan  4 16:56:00 LabSZ sshd[3395]: Invalid user shutdown from 218.4.104.194
Jan  4 16:56:00 LabSZ sshd[3395]: input_userauth_request: invalid user shutdown [preauth]
Jan  4 16:56:00 LabSZ sshd[3395]: pam_unix(sshd:auth): check pass; user unknown
Jan  4 16:56:00 LabSZ sshd[3395]: pam_unix(sshd:auth): authentication failure; logname= uid=0 euid=0 tty=ssh ruser= rhost=218.4.104.194 
Jan  4 16:56:01 LabSZ sshd[3393]: Failed password for root from 59.63.188.30 port 53048 ssh2
Jan  4 16:56:02 LabSZ sshd[3395]: Failed password for invalid user shutdown from 218.4.104.194 port 44399 ssh2
Jan  4 16:56:02 LabSZ sshd[3395]: Received disconnect from 218.4.104.194: 11: Bye Bye [preauth]
Jan  4 16:56:02 LabSZ sshd[3398]: Invalid user halt from 218.4.104.194
Jan  4 16:56:02 LabSZ sshd[3398]: input_userauth_request: invalid user halt [preauth]
Jan  4 16:56:02 LabSZ sshd[3398]: pam_unix(sshd:auth): check pass; user unknown
Jan  4 16:56:02 LabSZ sshd[3398]: pam_unix(sshd:auth): authentication failure; logname= uid=0 euid=0 tty=ssh ruser= rhost=218.4.104.194 
Jan  4 16:56:02 LabSZ sshd[3382]: message repeated 5 times: [ Failed password for root from 59.63.188.30 port 40745 ssh2]
Jan  4 16:56:02 LabSZ sshd[3382]: Disconnecting: Too many authentication failures for root [preauth]
Jan  4 16:56:02 LabSZ sshd[3382]: PAM 5 more authentication failures; logname= uid=0 euid=0 tty=ssh ruser= rhost=59.63.188.30  user=root
Jan  4 16:56:02 LabSZ sshd[3382]: PAM service(sshd) ignoring max retries; 6 > 3
Jan  4 16:56:04 LabSZ sshd[3400]: pam_unix(sshd:auth): authentication failure; logname= uid=0 euid=0 tty=ssh ruser= rhost=59.63.188.30  user=root
Jan  4 16:56:04 LabSZ sshd[3398]: Failed password for invalid user halt from 218.4.104.194 port 44643 ssh2
Jan  4 16:56:04 LabSZ sshd[3398]: Received disconnect from 218.4.104.194: 11: Bye Bye [preauth]
Jan  4 16:56:04 LabSZ sshd[3402]: pam_unix(sshd:auth): authentication failure; logname= uid=0 euid=0 tty=ssh ruser= rhost=218.4.104.194  user=uucp
Jan  4 16:56:05 LabSZ sshd[3400]: Failed password for root from 59.63.188.30 port 57956 ssh2
Jan  4 16:56:06 LabSZ sshd[3390]: Invalid user 0 from 5.188.10.180
Jan  4 16:56:06 LabSZ sshd[3390]: input_userauth_request: invalid user 0 [preauth]
Jan  4 16:56:06 LabSZ sshd[3390]: Failed none for invalid user 0 from 5.188.10.180 port 34212 ssh2
Jan  4 16:56:06 LabSZ sshd[3402]: Failed password for uucp from 218.4.104.194 port 44867 ssh2
Jan  4 16:56:06 LabSZ sshd[3402]: Received disconnect from 218.4.104.194: 11: Bye Bye [preauth]
Jan  4 16:56:07 LabSZ sshd[3404]: Invalid user smmsp from 218.4.104.194
Jan  4 16:56:07 LabSZ sshd[3404]: input_userauth_request: invalid user smmsp [preauth]
Jan  4 16:56:07 LabSZ sshd[3404]: pam_unix(sshd:auth): check pass; user unknown
Jan  4 16:56:07 LabSZ sshd[3404]: pam_unix(sshd:auth): authentication failure; logname= uid=0 euid=0 tty=ssh ruser= rhost=218.4.104.194 
Jan  4 16:56:08 LabSZ sshd[3390]: pam_unix(sshd:auth): check pass; user unknown
Jan  4 16:56:08 LabSZ sshd[3390]: pam_unix(sshd:auth): authentication failure; logname= uid=0 euid=0 tty=ssh ruser= rhost=5.188.10.180 
Jan  4 16:56:08 LabSZ sshd[3404]: Failed password for invalid user smmsp from 218.4.104.194 port 45049 ssh2
Jan  4 16:56:08 LabSZ sshd[3404]: Received disconnect from 218.4.104.194: 11: Bye Bye [preauth]
Jan  4 16:56:09 LabSZ sshd[3406]: Invalid user dean from 218.4.104.194
Jan  4 16:56:09 LabSZ sshd[3406]: input_userauth_request: invalid user dean [preauth]
Jan  4 16:56:09 LabSZ sshd[3406]: pam_unix(sshd:auth): check pass; user unknown
Jan  4 16:56:09 LabSZ sshd[3406]: pam_unix(sshd:auth): authentication failure; logname= uid=0 euid=0 tty=ssh ruser= rhost=218.4.104.194 
Jan  4 16:56:10 LabSZ sshd[3390]: Failed password for invalid user 0 from 5.188.10.180 port 34212 ssh2
Jan  4 16:56:10 LabSZ sshd[3406]: Failed password for invalid user dean from 218.4.104.194 port 45283 ssh2
Jan  4 16:56:11 LabSZ sshd[3406]: Received disconnect from 218.4.104.194: 11: Bye Bye [preauth]
Jan  4 16:56:11 LabSZ sshd[3408]: Invalid user unknown from 218.4.104.194
Jan  4 16:56:11 LabSZ sshd[3408]: input_userauth_request: invalid user unknown [preauth]
Jan  4 16:56:11 LabSZ sshd[3408]: pam_unix(sshd:auth): check pass; user unknown
Jan  4 16:56:11 LabSZ sshd[3408]: pam_unix(sshd:auth): authentication failure; logname= uid=0 euid=0 tty=ssh ruser= rhost=218.4.104.194 
Jan  4 16:56:13 LabSZ sshd[3408]: Failed password for invalid user unknown from 218.4.104.194 port 45507 ssh2
Jan  4 16:56:13 LabSZ sshd[3408]: Received disconnect from 218.4.104.194: 11: Bye Bye [preauth]
Jan  4 16:56:13 LabSZ sshd[3393]: message repeated 5 times: [ Failed password for root from 59.63.188.30 port 53048 ssh2]
Jan  4 16:56:13 LabSZ sshd[3393]: Disconnecting: Too many authentication failures for root [preauth]
Jan  4 16:56:13 LabSZ sshd[3393]: PAM 5 more authentication failures; logname= uid=0 euid=0 tty=ssh ruser= rhost=59.63.188.30  user=root
Jan  4 16:56:13 LabSZ sshd[3393]: PAM service(sshd) ignoring max retries; 6 > 3
Jan  4 16:56:13 LabSZ sshd[3410]: Invalid user securityagent from 218.4.104.194
Jan  4 16:56:13 LabSZ sshd[3410]: input_userauth_request: invalid user securityagent [preauth]
Jan  4 16:56:13 LabSZ sshd[3410]: pam_unix(sshd:auth): check pass; user unknown
Jan  4 16:56:13 LabSZ sshd[3410]: pam_unix(sshd:auth): authentication failure; logname= uid=0 euid=0 tty=ssh ruser= rhost=218.4.104.194 
Jan  4 16:56:14 LabSZ sshd[3412]: pam_unix(sshd:auth): authentication failure; logname= uid=0 euid=0 tty=ssh ruser= rhost=59.63.188.30  user=root
Jan  4 16:56:15 LabSZ sshd[3410]: Failed password for invalid user securityagent from 218.4.104.194 port 45781 ssh2
Jan  4 16:56:15 LabSZ sshd[3410]: Received disconnect from 218.4.104.194: 11: Bye Bye [preauth]
Jan  4 16:56:16 LabSZ sshd[3414]: Invalid user tokend from 218.4.104.194
Jan  4 16:56:16 LabSZ sshd[3414]: input_userauth_request: invalid user tokend [preauth]
Jan  4 16:56:16 LabSZ sshd[3414]: pam_unix(sshd:auth): check pass; user unknown
Jan  4 16:56:16 LabSZ sshd[3414]: pam_unix(sshd:auth): authentication failure; logname= uid=0 euid=0 tty=ssh ruser= rhost=218.4.104.194 
Jan  4 16:56:16 LabSZ sshd[3412]: Failed password for root from 59.63.188.30 port 7736 ssh2
Jan  4 16:56:17 LabSZ sshd[3414]: Failed password for invalid user tokend from 218.4.104.194 port 46051 ssh2
Jan  4 16:56:17 LabSZ sshd[3414]: Received disconnect from 218.4.104.194: 11: Bye Bye [preauth]
Jan  4 16:56:18 LabSZ sshd[3400]: message repeated 5 times: [ Failed password for root from 59.63.188.30 port 57956 ssh2]
Jan  4 16:56:18 LabSZ sshd[3400]: Disconnecting: Too many authentication failures for root [preauth]
Jan  4 16:56:18 LabSZ sshd[3400]: PAM 5 more authentication failures; logname= uid=0 euid=0 tty=ssh ruser= rhost=59.63.188.30  user=root
Jan  4 16:56:18 LabSZ sshd[3400]: PAM service(sshd) ignoring max retries; 6 > 3
Jan  4 16:56:18 LabSZ sshd[3416]: Invalid user windowserver from 218.4.104.194
Jan  4 16:56:18 LabSZ sshd[3416]: input_userauth_request: invalid user windowserver [preauth]
Jan  4 16:56:18 LabSZ sshd[3416]: pam_unix(sshd:auth): check pass; user unknown
Jan  4 16:56:18 LabSZ sshd[3416]: pam_unix(sshd:auth): authentication failure; logname= uid=0 euid=0 tty=ssh ruser= rhost=218.4.104.194 
Jan  4 16:56:18 LabSZ sshd[3390]: Connection closed by 5.188.10.180 [preauth]
Jan  4 16:56:19 LabSZ sshd[3419]: pam_unix(sshd:auth): authentication failure; logname= uid=0 euid=0 tty=ssh ruser= rhost=59.63.188.30  user=root
Jan  4 16:56:20 LabSZ sshd[3416]: Failed password for invalid user windowserver from 218.4.104.194 port 46319 ssh2
Jan  4 16:56:20 LabSZ sshd[3416]: Received disconnect from 218.4.104.194: 11: Bye Bye [preauth]
Jan  4 16:56:20 LabSZ sshd[3421]: Invalid user appowner from 218.4.104.194
Jan  4 16:56:20 LabSZ sshd[3421]: input_userauth_request: invalid user appowner [preauth]
Jan  4 16:56:20 LabSZ sshd[3421]: pam_unix(sshd:auth): check pass; user unknown
Jan  4 16:56:20 LabSZ sshd[3421]: pam_unix(sshd:auth): authentication failure; logname= uid=0 euid=0 tty=ssh ruser= rhost=218.4.104.194 
Jan  4 16:56:21 LabSZ sshd[3419]: Failed password for root from 59.63.188.30 port 12483 ssh2
Jan  4 16:56:22 LabSZ sshd[3421]: Failed password for invalid user appowner from 218.4.104.194 port 46639 ssh2
Jan  4 16:56:22 LabSZ sshd[3421]: Received disconnect from 218.4.104.194: 11: Bye Bye [preauth]
