Jan  1 23:37:48 LabSZ sshd[17618]: Failed password for root from 182.100.67.120 port 63916 ssh2
Jan  1 23:37:54 LabSZ sshd[17616]: message repeated 5 times: [ Failed password for root from 58.242.83.25 port 49308 ssh2]
Jan  1 23:37:54 LabSZ sshd[17616]: Disconnecting: Too many authentication failures for root [preauth]
Jan  1 23:37:54 LabSZ sshd[17616]: PAM 5 more authentication failures; logname= uid=0 euid=0 tty=ssh ruser= rhost=58.242.83.25  user=root
Jan  1 23:37:54 LabSZ sshd[17616]: PAM service(sshd) ignoring max retries; 6 > 3
Jan  1 23:37:56 LabSZ sshd[17620]: pam_unix(sshd:auth): authentication failure; logname= uid=0 euid=0 tty=ssh ruser= rhost=58.242.83.25  user=root
Jan  1 23:37:58 LabSZ sshd[17620]: Failed password for root from 58.242.83.25 port 4453 ssh2
Jan  1 23:38:00 LabSZ sshd[17618]: message repeated 5 times: [ Failed password for root from 182.100.67.120 port 63916 ssh2]
Jan  1 23:38:00 LabSZ sshd[17618]: Disconnecting: Too many authentication failures for root [preauth]
Jan  1 23:38:00 LabSZ sshd[17618]: PAM 5 more authentication failures; logname= uid=0 euid=0 tty=ssh ruser= rhost=182.100.67.120  user=root
Jan  1 23:38:00 LabSZ sshd[17618]: PAM service(sshd) ignoring max retries; 6 > 3
Jan  1 23:38:01 LabSZ sshd[17622]: pam_unix(sshd:auth): authentication failure; logname= uid=0 euid=0 tty=ssh ruser= rhost=182.100.67.120  user=root
Jan  1 23:38:03 LabSZ sshd[17622]: Failed password for root from 182.100.67.120 port 35134 ssh2
Jan  1 23:38:11 LabSZ sshd[17620]: message repeated 5 times: [ Failed password for root from 58.242.83.25 port 4453 ssh2]
Jan  1 23:38:11 LabSZ sshd[17620]: Disconnecting: Too many authentication failures for root [preauth]
Jan  1 23:38:11 LabSZ sshd[17620]: PAM 5 more authentication failures; logname= uid=0 euid=0 tty=ssh ruser= rhost=58.242.83.25  user=root
Jan  1 23:38:11 LabSZ sshd[17620]: PAM service(sshd) ignoring max retries; 6 > 3
Jan  1 23:38:12 LabSZ sshd[17624]: pam_unix(sshd:auth): authentication failure; logname= uid=0 euid=0 tty=ssh ruser= rhost=58.242.83.25  user=root
Jan  1 23:38:14 LabSZ sshd[17624]: Failed password for root from 58.242.83.25 port 26141 ssh2
Jan  1 23:38:16 LabSZ sshd[17622]: message repeated 5 times: [ Failed password for root from 182.100.67.120 port 35134 ssh2]
Jan  1 23:38:16 LabSZ sshd[17622]: Disconnecting: Too many authentication failures for root [preauth]
Jan  1 23:38:16 LabSZ sshd[17622]: PAM 5 more authentication failures; logname= uid=0 euid=0 tty=ssh ruser= rhost=182.100.67.120  user=root
Jan  1 23:38:16 LabSZ sshd[17622]: PAM service(sshd) ignoring max retries; 6 > 3
Jan  1 23:38:17 LabSZ sshd[17626]: reverse mapping checking getaddrinfo for 30.30.65.218.broad.xy.jx.dynamic.163data.com.cn [218.65.30.30] failed - POSSIBLE BREAK-IN ATTEMPT!
Jan  1 23:38:17 LabSZ sshd[17626]: pam_unix(sshd:auth): authentication failure; logname= uid=0 euid=0 tty=ssh ruser= rhost=218.65.30.30  user=root
Jan  1 23:38:18 LabSZ sshd[17628]: pam_unix(sshd:auth): authentication failure; logname= uid=0 euid=0 tty=ssh ruser= rhost=182.100.67.120  user=root
Jan  1 23:38:19 LabSZ sshd[17626]: Failed password for root from 218.65.30.30 port 57154 ssh2
Jan  1 23:38:20 LabSZ sshd[17628]: Failed password for root from 182.100.67.120 port 5270 ssh2
Jan  1 23:38:28 LabSZ sshd[17624]: message repeated 5 times: [ Failed password for root from 58.242.83.25 port 26141 ssh2]
Jan  1 23:38:28 LabSZ sshd[17624]: Disconnecting: Too many authentication failures for root [preauth]
Jan  1 23:38:28 LabSZ sshd[17624]: PAM 5 more authentication failures; logname= uid=0 euid=0 tty=ssh ruser= rhost=58.242.83.25  user=root
Jan  1 23:38:28 LabSZ sshd[17624]: PAM service(sshd) ignoring max retries; 6 > 3
Jan  1 23:38:29 LabSZ sshd[17630]: pam_unix(sshd:auth): authentication failure; logname= uid=0 euid=0 tty=ssh ruser= rhost=58.242.83.25  user=root
Jan  1 23:38:32 LabSZ sshd[17630]: Failed password for root from 58.242.83.25 port 47674 ssh2
Jan  1 23:38:33 LabSZ sshd[17626]: message repeated 5 times: [ Failed password for root from 218.65.30.30 port 57154 ssh2]
Jan  1 23:38:33 LabSZ sshd[17626]: Disconnecting: Too many authentication failures for root [preauth]
Jan  1 23:38:33 LabSZ sshd[17626]: PAM 5 more authentication failures; logname= uid=0 euid=0 tty=ssh ruser= rhost=218.65.30.30  user=root
Jan  1 23:38:33 LabSZ sshd[17626]: PAM service(sshd) ignoring max retries; 6 > 3
Jan  1 23:38:33 LabSZ sshd[17628]: message repeated 5 times: [ Failed password for root from 182.100.67.120 port 5270 ssh2]
Jan  1 23:38:33 LabSZ sshd[17628]: Disconnecting: Too many authentication failures for root [preauth]
Jan  1 23:38:33 LabSZ sshd[17628]: PAM 5 more authentication failures; logname= uid=0 euid=0 tty=ssh ruser= rhost=182.100.67.120  user=root
Jan  1 23:38:33 LabSZ sshd[17628]: PAM service(sshd) ignoring max retries; 6 > 3
Jan  1 23:38:34 LabSZ sshd[17632]: reverse mapping checking getaddrinfo for 30.30.65.218.broad.xy.jx.dynamic.163data.com.cn [218.65.30.30] failed - POSSIBLE BREAK-IN ATTEMPT!
Jan  1 23:38:34 LabSZ sshd[17632]: pam_unix(sshd:auth): authentication failure; logname= uid=0 euid=0 tty=ssh ruser= rhost=218.65.30.30  user=root
Jan  1 23:38:35 LabSZ sshd[17634]: pam_unix(sshd:auth): authentication failure; logname= uid=0 euid=0 tty=ssh ruser= rhost=182.100.67.120  user=root
Jan  1 23:38:36 LabSZ sshd[17632]: Failed password for root from 218.65.30.30 port 30942 ssh2
Jan  1 23:38:36 LabSZ sshd[17634]: Failed password for root from 182.100.67.120 port 39888 ssh2
Jan  1 23:38:45 LabSZ sshd[17636]: reverse mapping checking getaddrinfo for 90.156.53.112.static.js.chinamobile.com [112.53.156.90] failed - POSSIBLE BREAK-IN ATTEMPT!
Jan  1 23:38:45 LabSZ sshd[17636]: Invalid user oracle from 112.53.156.90
Jan  1 23:38:45 LabSZ sshd[17636]: input_userauth_request: invalid user oracle [preauth]
Jan  1 23:38:45 LabSZ sshd[17636]: pam_unix(sshd:auth): check pass; user unknown
Jan  1 23:38:45 LabSZ sshd[17636]: pam_unix(sshd:auth): authentication failure; logname= uid=0 euid=0 tty=ssh ruser= rhost=112.53.156.90 
Jan  1 23:38:45 LabSZ sshd[17630]: message repeated 5 times: [ Failed password for root from 58.242.83.25 port 47674 ssh2]
Jan  1 23:38:45 LabSZ sshd[17630]: Disconnecting: Too many authentication failures for root [preauth]
Jan  1 23:38:45 LabSZ sshd[17630]: PAM 5 more authentication failures; logname= uid=0 euid=0 tty=ssh ruser= rhost=58.242.83.25  user=root
Jan  1 23:38:45 LabSZ sshd[17630]: PAM service(sshd) ignoring max retries; 6 > 3
Jan  1 23:38:47 LabSZ sshd[17638]: pam_unix(sshd:auth): authentication failure; logname= uid=0 euid=0 tty=ssh ruser= rhost=58.242.83.25  user=root
Jan  1 23:38:47 LabSZ sshd[17636]: Failed password for invalid user oracle from 112.53.156.90 port 52396 ssh2
Jan  1 23:38:47 LabSZ sshd[17636]: Connection closed by 112.53.156.90 [preauth]
Jan  1 23:38:49 LabSZ sshd[17638]: Failed password for root from 58.242.83.25 port 5060 ssh2
Jan  1 23:38:50 LabSZ sshd[17632]: message repeated 5 times: [ Failed password for root from 218.65.30.30 port 30942 ssh2]
Jan  1 23:38:50 LabSZ sshd[17632]: Disconnecting: Too many authentication failures for root [preauth]
Jan  1 23:38:50 LabSZ sshd[17632]: PAM 5 more authentication failures; logname= uid=0 euid=0 tty=ssh ruser= rhost=218.65.30.30  user=root
Jan  1 23:38:50 LabSZ sshd[17632]: PAM service(sshd) ignoring max retries; 6 > 3
Jan  1 23:38:50 LabSZ sshd[17634]: message repeated 5 times: [ Failed password for root from 182.100.67.120 port 39888 ssh2]
Jan  1 23:38:50 LabSZ sshd[17634]: Disconnecting: Too many authentication failures for root [preauth]
Jan  1 23:38:50 LabSZ sshd[17634]: PAM 5 more authentication failures; logname= uid=0 euid=0 tty=ssh ruser= rhost=182.100.67.120  user=root
Jan  1 23:38:50 LabSZ sshd[17634]: PAM service(sshd) ignoring max retries; 6 > 3
Jan  1 23:38:51 LabSZ sshd[17641]: pam_unix(sshd:auth): authentication failure; logname= uid=0 euid=0 tty=ssh ruser= rhost=182.100.67.120  user=root
Jan  1 23:38:51 LabSZ sshd[17640]: reverse mapping checking getaddrinfo for 30.30.65.218.broad.xy.jx.dynamic.163data.com.cn [218.65.30.30] failed - POSSIBLE BREAK-IN ATTEMPT!
Jan  1 23:38:51 LabSZ sshd[17640]: pam_unix(sshd:auth): authentication failure; logname= uid=0 euid=0 tty=ssh ruser= rhost=218.65.30.30  user=root
Jan  1 23:38:54 LabSZ sshd[17641]: Failed password for root from 182.100.67.120 port 11718 ssh2
Jan  1 23:38:54 LabSZ sshd[17640]: Failed password for root from 218.65.30.30 port 3860 ssh2
Jan  1 23:39:03 LabSZ sshd[17638]: message repeated 5 times: [ Failed password for root from 58.242.83.25 port 5060 ssh2]
Jan  1 23:39:03 LabSZ sshd[17638]: Disconnecting: Too many authentication failures for root [preauth]
Jan  1 23:39:03 LabSZ sshd[17638]: PAM 5 more authentication failures; logname= uid=0 euid=0 tty=ssh ruser= rhost=58.242.83.25  user=root
Jan  1 23:39:03 LabSZ sshd[17638]: PAM service(sshd) ignoring max retries; 6 > 3
Jan  1 23:39:04 LabSZ sshd[17658]: pam_unix(sshd:auth): authentication failure; logname= uid=0 euid=0 tty=ssh ruser= rhost=58.242.83.25  user=root
Jan  1 23:39:06 LabSZ sshd[17658]: Failed password for root from 58.242.83.25 port 27589 ssh2
Jan  1 23:39:07 LabSZ sshd[17641]: message repeated 5 times: [ Failed password for root from 182.100.67.120 port 11718 ssh2]
Jan  1 23:39:07 LabSZ sshd[17641]: Disconnecting: Too many authentication failures for root [preauth]
Jan  1 23:39:07 LabSZ sshd[17641]: PAM 5 more authentication failures; logname= uid=0 euid=0 tty=ssh ruser= rhost=182.100.67.120  user=root
Jan  1 23:39:07 LabSZ sshd[17641]: PAM service(sshd) ignoring max retries; 6 > 3
Jan  1 23:39:07 LabSZ sshd[17640]: message repeated 5 times: [ Failed password for root from 218.65.30.30 port 3860 ssh2]
Jan  1 23:39:07 LabSZ sshd[17640]: Disconnecting: Too many authentication failures for root [preauth]
Jan  1 23:39:07 LabSZ sshd[17640]: PAM 5 more authentication failures; logname= uid=0 euid=0 tty=ssh ruser= rhost=218.65.30.30  user=root
Jan  1 23:39:07 LabSZ sshd[17640]: PAM service(sshd) ignoring max retries; 6 > 3
Jan  1 23:39:08 LabSZ sshd[17660]: pam_unix(sshd:auth): authentication failure; logname= uid=0 euid=0 tty=ssh ruser= rhost=182.100.67.120  user=root
Jan  1 23:39:08 LabSZ sshd[17662]: reverse mapping checking getaddrinfo for 30.30.65.218.broad.xy.jx.dynamic.163data.com.cn [218.65.30.30] failed - POSSIBLE BREAK-IN ATTEMPT!
Jan  1 23:39:08 LabSZ sshd[17662]: pam_unix(sshd:auth): authentication failure; logname= uid=0 euid=0 tty=ssh ruser= rhost=218.65.30.30  user=root
Jan  1 23:39:10 LabSZ sshd[17660]: Failed password for root from 182.100.67.120 port 46232 ssh2
Jan  1 23:39:10 LabSZ sshd[17662]: Failed password for root from 218.65.30.30 port 39970 ssh2
Jan  1 23:39:19 LabSZ sshd[17658]: message repeated 5 times: [ Failed password for root from 58.242.83.25 port 27589 ssh2]
Jan  1 23:39:19 LabSZ sshd[17658]: Disconnecting: Too many authentication failures for root [preauth]
Jan  1 23:39:19 LabSZ sshd[17658]: PAM 5 more authentication failures; logname= uid=0 euid=0 tty=ssh ruser= rhost=58.242.83.25  user=root
Jan  1 23:39:19 LabSZ sshd[17658]: PAM service(sshd) ignoring max retries; 6 > 3
Jan  1 23:39:21 LabSZ sshd[17664]: pam_unix(sshd:auth): authentication failure; logname= uid=0 euid=0 tty=ssh ruser= rhost=58.242.83.25  user=root
Jan  1 23:39:23 LabSZ sshd[17664]: Failed password for root from 58.242.83.25 port 48584 ssh2
Jan  1 23:39:24 LabSZ sshd[17660]: message repeated 5 times: [ Failed password for root from 182.100.67.120 port 46232 ssh2]
Jan  1 23:39:24 LabSZ sshd[17660]: Disconnecting: Too many authentication failures for root [preauth]
