Jan  1 21:51:05 LabSZ sshd[15259]: Invalid user monitor from 103.99.0.122
Jan  1 21:51:05 LabSZ sshd[15259]: input_userauth_request: invalid user monitor [preauth]
Jan  1 21:51:05 LabSZ sshd[15259]: pam_unix(sshd:auth): check pass; user unknown
Jan  1 21:51:05 LabSZ sshd[15259]: pam_unix(sshd:auth): authentication failure; logname= uid=0 euid=0 tty=ssh ruser= rhost=103.99.0.122 
Jan  1 21:51:07 LabSZ sshd[15259]: Failed password for invalid user monitor from 103.99.0.122 port 63264 ssh2
Jan  1 21:51:07 LabSZ sshd[15259]: error: Received disconnect from 103.99.0.122: 14: No more user authentication methods available. [preauth]
Jan  1 21:51:09 LabSZ sshd[15263]: Invalid user ftpuser from 103.99.0.122
Jan  1 21:51:09 LabSZ sshd[15263]: input_userauth_request: invalid user ftpuser [preauth]
Jan  1 21:51:09 LabSZ sshd[15263]: pam_unix(sshd:auth): check pass; user unknown
Jan  1 21:51:09 LabSZ sshd[15263]: pam_unix(sshd:auth): authentication failure; logname= uid=0 euid=0 tty=ssh ruser= rhost=103.99.0.122 
Jan  1 21:51:10 LabSZ sshd[15253]: message repeated 5 times: [ Failed password for root from 218.65.30.30 port 54420 ssh2]
Jan  1 21:51:10 LabSZ sshd[15253]: Disconnecting: Too many authentication failures for root [preauth]
Jan  1 21:51:10 LabSZ sshd[15253]: PAM 5 more authentication failures; logname= uid=0 euid=0 tty=ssh ruser= rhost=218.65.30.30  user=root
Jan  1 21:51:10 LabSZ sshd[15253]: PAM service(sshd) ignoring max retries; 6 > 3
Jan  1 21:51:11 LabSZ sshd[15261]: pam_unix(sshd:auth): authentication failure; logname= uid=0 euid=0 tty=ssh ruser= rhost=58.242.83.25  user=root
Jan  1 21:51:11 LabSZ sshd[15263]: Failed password for invalid user ftpuser from 103.99.0.122 port 64496 ssh2
Jan  1 21:51:11 LabSZ sshd[15263]: error: Received disconnect from 103.99.0.122: 14: No more user authentication methods available. [preauth]
Jan  1 21:51:11 LabSZ sshd[15265]: reverse mapping checking getaddrinfo for 30.30.65.218.broad.xy.jx.dynamic.163data.com.cn [218.65.30.30] failed - POSSIBLE BREAK-IN ATTEMPT!
Jan  1 21:51:11 LabSZ sshd[15265]: pam_unix(sshd:auth): authentication failure; logname= uid=0 euid=0 tty=ssh ruser= rhost=218.65.30.30  user=root
Jan  1 21:51:12 LabSZ sshd[15255]: message repeated 5 times: [ Failed password for root from 182.100.67.120 port 42000 ssh2]
Jan  1 21:51:12 LabSZ sshd[15255]: Disconnecting: Too many authentication failures for root [preauth]
Jan  1 21:51:12 LabSZ sshd[15255]: PAM 5 more authentication failures; logname= uid=0 euid=0 tty=ssh ruser= rhost=182.100.67.120  user=root
Jan  1 21:51:12 LabSZ sshd[15255]: PAM service(sshd) ignoring max retries; 6 > 3
Jan  1 21:51:13 LabSZ sshd[15261]: Failed password for root from 58.242.83.25 port 48733 ssh2
Jan  1 21:51:13 LabSZ sshd[15265]: Failed password for root from 218.65.30.30 port 28798 ssh2
Jan  1 21:51:13 LabSZ sshd[15267]: Invalid user pi from 103.99.0.122
Jan  1 21:51:13 LabSZ sshd[15267]: input_userauth_request: invalid user pi [preauth]
Jan  1 21:51:13 LabSZ sshd[15267]: pam_unix(sshd:auth): check pass; user unknown
Jan  1 21:51:13 LabSZ sshd[15267]: pam_unix(sshd:auth): authentication failure; logname= uid=0 euid=0 tty=ssh ruser= rhost=103.99.0.122 
Jan  1 21:51:14 LabSZ sshd[15269]: pam_unix(sshd:auth): authentication failure; logname= uid=0 euid=0 tty=ssh ruser= rhost=182.100.67.120  user=root
Jan  1 21:51:15 LabSZ sshd[15267]: Failed password for invalid user pi from 103.99.0.122 port 65208 ssh2
Jan  1 21:51:16 LabSZ sshd[15267]: error: Received disconnect from 103.99.0.122: 14: No more user authentication methods available. [preauth]
Jan  1 21:51:17 LabSZ sshd[15269]: Failed password for root from 182.100.67.120 port 16478 ssh2
Jan  1 21:51:17 LabSZ sshd[15271]: Invalid user PlcmSpIp from 103.99.0.122
Jan  1 21:51:17 LabSZ sshd[15271]: input_userauth_request: invalid user PlcmSpIp [preauth]
Jan  1 21:51:17 LabSZ sshd[15271]: pam_unix(sshd:auth): check pass; user unknown
Jan  1 21:51:17 LabSZ sshd[15271]: pam_unix(sshd:auth): authentication failure; logname= uid=0 euid=0 tty=ssh ruser= rhost=103.99.0.122 
Jan  1 21:51:20 LabSZ sshd[15271]: Failed password for invalid user PlcmSpIp from 103.99.0.122 port 49866 ssh2
Jan  1 21:51:21 LabSZ sshd[15271]: error: Received disconnect from 103.99.0.122: 14: No more user authentication methods available. [preauth]
Jan  1 21:51:22 LabSZ sshd[15273]: Invalid user Management from 103.99.0.122
Jan  1 21:51:22 LabSZ sshd[15273]: input_userauth_request: invalid user Management [preauth]
Jan  1 21:51:22 LabSZ sshd[15273]: pam_unix(sshd:auth): check pass; user unknown
Jan  1 21:51:22 LabSZ sshd[15273]: pam_unix(sshd:auth): authentication failure; logname= uid=0 euid=0 tty=ssh ruser= rhost=103.99.0.122 
Jan  1 21:51:25 LabSZ sshd[15273]: Failed password for invalid user Management from 103.99.0.122 port 50938 ssh2
Jan  1 21:51:25 LabSZ sshd[15261]: message repeated 5 times: [ Failed password for root from 58.242.83.25 port 48733 ssh2]
Jan  1 21:51:25 LabSZ sshd[15261]: Disconnecting: Too many authentication failures for root [preauth]
Jan  1 21:51:25 LabSZ sshd[15261]: PAM 5 more authentication failures; logname= uid=0 euid=0 tty=ssh ruser= rhost=58.242.83.25  user=root
Jan  1 21:51:25 LabSZ sshd[15261]: PAM service(sshd) ignoring max retries; 6 > 3
Jan  1 21:51:25 LabSZ sshd[15273]: error: Received disconnect from 103.99.0.122: 14: No more user authentication methods available. [preauth]
Jan  1 21:51:26 LabSZ sshd[15277]: pam_unix(sshd:auth): authentication failure; logname= uid=0 euid=0 tty=ssh ruser= rhost=58.242.83.25  user=root
Jan  1 21:51:27 LabSZ sshd[15275]: pam_unix(sshd:auth): authentication failure; logname= uid=0 euid=0 tty=ssh ruser= rhost=103.99.0.122  user=root
Jan  1 21:51:28 LabSZ sshd[15265]: message repeated 5 times: [ Failed password for root from 218.65.30.30 port 28798 ssh2]
Jan  1 21:51:28 LabSZ sshd[15265]: Disconnecting: Too many authentication failures for root [preauth]
Jan  1 21:51:28 LabSZ sshd[15265]: PAM 5 more authentication failures; logname= uid=0 euid=0 tty=ssh ruser= rhost=218.65.30.30  user=root
Jan  1 21:51:28 LabSZ sshd[15265]: PAM service(sshd) ignoring max retries; 6 > 3
Jan  1 21:51:29 LabSZ sshd[15275]: Failed password for root from 103.99.0.122 port 51825 ssh2
Jan  1 21:51:29 LabSZ sshd[15277]: Failed password for root from 58.242.83.25 port 9476 ssh2
Jan  1 21:51:29 LabSZ sshd[15279]: reverse mapping checking getaddrinfo for 30.30.65.218.broad.xy.jx.dynamic.163data.com.cn [218.65.30.30] failed - POSSIBLE BREAK-IN ATTEMPT!
Jan  1 21:51:29 LabSZ sshd[15279]: pam_unix(sshd:auth): authentication failure; logname= uid=0 euid=0 tty=ssh ruser= rhost=218.65.30.30  user=root
Jan  1 21:51:30 LabSZ sshd[15275]: error: Received disconnect from 103.99.0.122: 14: No more user authentication methods available. [preauth]
Jan  1 21:51:31 LabSZ sshd[15269]: message repeated 5 times: [ Failed password for root from 182.100.67.120 port 16478 ssh2]
Jan  1 21:51:31 LabSZ sshd[15269]: Disconnecting: Too many authentication failures for root [preauth]
Jan  1 21:51:31 LabSZ sshd[15269]: PAM 5 more authentication failures; logname= uid=0 euid=0 tty=ssh ruser= rhost=182.100.67.120  user=root
Jan  1 21:51:31 LabSZ sshd[15269]: PAM service(sshd) ignoring max retries; 6 > 3
Jan  1 21:51:32 LabSZ sshd[15279]: Failed password for root from 218.65.30.30 port 2638 ssh2
Jan  1 21:51:32 LabSZ sshd[15281]: Invalid user ftpuser from 103.99.0.122
Jan  1 21:51:32 LabSZ sshd[15281]: input_userauth_request: invalid user ftpuser [preauth]
Jan  1 21:51:32 LabSZ sshd[15281]: pam_unix(sshd:auth): check pass; user unknown
Jan  1 21:51:32 LabSZ sshd[15281]: pam_unix(sshd:auth): authentication failure; logname= uid=0 euid=0 tty=ssh ruser= rhost=103.99.0.122 
Jan  1 21:51:33 LabSZ sshd[15283]: pam_unix(sshd:auth): authentication failure; logname= uid=0 euid=0 tty=ssh ruser= rhost=182.100.67.120  user=root
Jan  1 21:51:34 LabSZ sshd[15281]: Failed password for invalid user ftpuser from 103.99.0.122 port 52767 ssh2
Jan  1 21:51:35 LabSZ sshd[15283]: Failed password for root from 182.100.67.120 port 58884 ssh2
Jan  1 21:51:35 LabSZ sshd[15281]: error: Received disconnect from 103.99.0.122: 14: No more user authentication methods available. [preauth]
Jan  1 21:51:42 LabSZ sshd[15277]: message repeated 5 times: [ Failed password for root from 58.242.83.25 port 9476 ssh2]
Jan  1 21:51:42 LabSZ sshd[15277]: Disconnecting: Too many authentication failures for root [preauth]
Jan  1 21:51:42 LabSZ sshd[15277]: PAM 5 more authentication failures; logname= uid=0 euid=0 tty=ssh ruser= rhost=58.242.83.25  user=root
Jan  1 21:51:42 LabSZ sshd[15277]: PAM service(sshd) ignoring max retries; 6 > 3
Jan  1 21:51:44 LabSZ sshd[15285]: pam_unix(sshd:auth): authentication failure; logname= uid=0 euid=0 tty=ssh ruser= rhost=58.242.83.25  user=root
Jan  1 21:51:46 LabSZ sshd[15279]: message repeated 5 times: [ Failed password for root from 218.65.30.30 port 2638 ssh2]
Jan  1 21:51:46 LabSZ sshd[15279]: Disconnecting: Too many authentication failures for root [preauth]
Jan  1 21:51:46 LabSZ sshd[15279]: PAM 5 more authentication failures; logname= uid=0 euid=0 tty=ssh ruser= rhost=218.65.30.30  user=root
Jan  1 21:51:46 LabSZ sshd[15279]: PAM service(sshd) ignoring max retries; 6 > 3
Jan  1 21:51:46 LabSZ sshd[15285]: Failed password for root from 58.242.83.25 port 31130 ssh2
Jan  1 21:51:47 LabSZ sshd[15287]: reverse mapping checking getaddrinfo for 30.30.65.218.broad.xy.jx.dynamic.163data.com.cn [218.65.30.30] failed - POSSIBLE BREAK-IN ATTEMPT!
Jan  1 21:51:47 LabSZ sshd[15287]: pam_unix(sshd:auth): authentication failure; logname= uid=0 euid=0 tty=ssh ruser= rhost=218.65.30.30  user=root
Jan  1 21:51:48 LabSZ sshd[15283]: message repeated 5 times: [ Failed password for root from 182.100.67.120 port 58884 ssh2]
Jan  1 21:51:48 LabSZ sshd[15283]: Disconnecting: Too many authentication failures for root [preauth]
Jan  1 21:51:48 LabSZ sshd[15283]: PAM 5 more authentication failures; logname= uid=0 euid=0 tty=ssh ruser= rhost=182.100.67.120  user=root
Jan  1 21:51:48 LabSZ sshd[15283]: PAM service(sshd) ignoring max retries; 6 > 3
Jan  1 21:51:49 LabSZ sshd[15287]: Failed password for root from 218.65.30.30 port 42186 ssh2
Jan  1 21:51:49 LabSZ sshd[15289]: pam_unix(sshd:auth): authentication failure; logname= uid=0 euid=0 tty=ssh ruser= rhost=182.100.67.120  user=root
Jan  1 21:51:51 LabSZ sshd[15289]: Failed password for root from 182.100.67.120 port 30716 ssh2
Jan  1 21:51:58 LabSZ sshd[15285]: message repeated 5 times: [ Failed password for root from 58.242.83.25 port 31130 ssh2]
Jan  1 21:51:58 LabSZ sshd[15285]: Disconnecting: Too many authentication failures for root [preauth]
Jan  1 21:51:58 LabSZ sshd[15285]: PAM 5 more authentication failures; logname= uid=0 euid=0 tty=ssh ruser= rhost=58.242.83.25  user=root
Jan  1 21:51:58 LabSZ sshd[15285]: PAM service(sshd) ignoring max retries; 6 > 3
Jan  1 21:52:00 LabSZ sshd[15291]: pam_unix(sshd:auth): authentication failure; logname= uid=0 euid=0 tty=ssh ruser= rhost=58.242.83.25  user=root
Jan  1 21:52:02 LabSZ sshd[15291]: Failed password for root from 58.242.83.25 port 51362 ssh2
Jan  1 21:52:03 LabSZ sshd[15287]: message repeated 5 times: [ Failed password for root from 218.65.30.30 port 42186 ssh2]
Jan  1 21:52:03 LabSZ sshd[15287]: Disconnecting: Too many authentication failures for root [preauth]
