Jan  2 20:46:47 LabSZ sshd[12262]: pam_unix(sshd:auth): authentication failure; logname= uid=0 euid=0 tty=ssh ruser= rhost=183.63.110.206  user=root
Jan  2 20:46:50 LabSZ sshd[12262]: Failed password for root from 183.63.110.206 port 39216 ssh2
Jan  2 20:46:50 LabSZ sshd[12262]: Connection closed by 183.63.110.206 [preauth]
Jan  2 20:46:52 LabSZ sshd[12264]: pam_unix(sshd:auth): authentication failure; logname= uid=0 euid=0 tty=ssh ruser= rhost=183.63.110.206  user=root
Jan  2 20:46:53 LabSZ sshd[12265]: Invalid user  0101 from 5.188.10.156
Jan  2 20:46:53 LabSZ sshd[12265]: input_userauth_request: invalid user  0101 [preauth]
Jan  2 20:46:53 LabSZ sshd[12265]: pam_unix(sshd:auth): check pass; user unknown
Jan  2 20:46:53 LabSZ sshd[12265]: pam_unix(sshd:auth): authentication failure; logname= uid=0 euid=0 tty=ssh ruser= rhost=5.188.10.156 
Jan  2 20:46:54 LabSZ sshd[12264]: Failed password for root from 183.63.110.206 port 39346 ssh2
Jan  2 20:46:54 LabSZ sshd[12264]: Connection closed by 183.63.110.206 [preauth]
Jan  2 20:46:55 LabSZ sshd[12265]: Failed password for invalid user  0101 from 5.188.10.156 port 34962 ssh2
Jan  2 20:46:55 LabSZ sshd[12265]: Connection closed by 5.188.10.156 [preauth]
Jan  2 20:46:56 LabSZ sshd[12268]: pam_unix(sshd:auth): authentication failure; logname= uid=0 euid=0 tty=ssh ruser= rhost=183.63.110.206  user=root
Jan  2 20:46:58 LabSZ sshd[12268]: Failed password for root from 183.63.110.206 port 39475 ssh2
Jan  2 20:46:58 LabSZ sshd[12268]: Connection closed by 183.63.110.206 [preauth]
Jan  2 20:46:59 LabSZ sshd[12271]: pam_unix(sshd:auth): authentication failure; logname= uid=0 euid=0 tty=ssh ruser= rhost=183.63.110.206  user=root
Jan  2 20:47:01 LabSZ sshd[12270]: Invalid user 0 from 5.188.10.156
Jan  2 20:47:01 LabSZ sshd[12270]: input_userauth_request: invalid user 0 [preauth]
Jan  2 20:47:01 LabSZ sshd[12270]: Failed none for invalid user 0 from 5.188.10.156 port 41685 ssh2
Jan  2 20:47:02 LabSZ sshd[12271]: Failed password for root from 183.63.110.206 port 39583 ssh2
Jan  2 20:47:02 LabSZ sshd[12270]: pam_unix(sshd:auth): check pass; user unknown
Jan  2 20:47:02 LabSZ sshd[12270]: pam_unix(sshd:auth): authentication failure; logname= uid=0 euid=0 tty=ssh ruser= rhost=5.188.10.156 
Jan  2 20:47:02 LabSZ sshd[12271]: Connection closed by 183.63.110.206 [preauth]
Jan  2 20:47:03 LabSZ sshd[12274]: pam_unix(sshd:auth): authentication failure; logname= uid=0 euid=0 tty=ssh ruser= rhost=183.63.110.206  user=root
Jan  2 20:47:04 LabSZ sshd[12270]: Failed password for invalid user 0 from 5.188.10.156 port 41685 ssh2
Jan  2 20:47:04 LabSZ sshd[12270]: Connection closed by 5.188.10.156 [preauth]
Jan  2 20:47:05 LabSZ sshd[12274]: Failed password for root from 183.63.110.206 port 39719 ssh2
Jan  2 20:47:05 LabSZ sshd[12274]: Connection closed by 183.63.110.206 [preauth]
Jan  2 20:47:07 LabSZ sshd[12276]: Invalid user 1234 from 5.188.10.156
Jan  2 20:47:07 LabSZ sshd[12276]: input_userauth_request: invalid user 1234 [preauth]
Jan  2 20:47:07 LabSZ sshd[12276]: pam_unix(sshd:auth): check pass; user unknown
Jan  2 20:47:07 LabSZ sshd[12276]: pam_unix(sshd:auth): authentication failure; logname= uid=0 euid=0 tty=ssh ruser= rhost=5.188.10.156 
Jan  2 20:47:08 LabSZ sshd[12277]: pam_unix(sshd:auth): authentication failure; logname= uid=0 euid=0 tty=ssh ruser= rhost=183.63.110.206  user=root
Jan  2 20:47:09 LabSZ sshd[12276]: Failed password for invalid user 1234 from 5.188.10.156 port 46443 ssh2
Jan  2 20:47:10 LabSZ sshd[12276]: Connection closed by 5.188.10.156 [preauth]
Jan  2 20:47:10 LabSZ sshd[12277]: Failed password for root from 183.63.110.206 port 39819 ssh2
Jan  2 20:47:10 LabSZ sshd[12277]: Connection closed by 183.63.110.206 [preauth]
Jan  2 20:47:11 LabSZ sshd[12281]: pam_unix(sshd:auth): authentication failure; logname= uid=0 euid=0 tty=ssh ruser= rhost=183.63.110.206  user=root
Jan  2 20:47:13 LabSZ sshd[12281]: Failed password for root from 183.63.110.206 port 39963 ssh2
Jan  2 20:47:14 LabSZ sshd[12281]: Connection closed by 183.63.110.206 [preauth]
Jan  2 20:47:15 LabSZ sshd[12280]: Invalid user admin from 5.188.10.156
Jan  2 20:47:15 LabSZ sshd[12280]: input_userauth_request: invalid user admin [preauth]
Jan  2 20:47:15 LabSZ sshd[12280]: Failed none for invalid user admin from 5.188.10.156 port 44594 ssh2
Jan  2 20:47:15 LabSZ sshd[12280]: Connection closed by 5.188.10.156 [preauth]
Jan  2 20:47:15 LabSZ sshd[12284]: pam_unix(sshd:auth): authentication failure; logname= uid=0 euid=0 tty=ssh ruser= rhost=183.63.110.206  user=root
Jan  2 20:47:17 LabSZ sshd[12284]: Failed password for root from 183.63.110.206 port 40067 ssh2
Jan  2 20:47:17 LabSZ sshd[12284]: Connection closed by 183.63.110.206 [preauth]
Jan  2 20:47:18 LabSZ sshd[12286]: Invalid user admin from 5.188.10.156
Jan  2 20:47:18 LabSZ sshd[12286]: input_userauth_request: invalid user admin [preauth]
Jan  2 20:47:18 LabSZ sshd[12286]: pam_unix(sshd:auth): check pass; user unknown
Jan  2 20:47:18 LabSZ sshd[12286]: pam_unix(sshd:auth): authentication failure; logname= uid=0 euid=0 tty=ssh ruser= rhost=5.188.10.156 
Jan  2 20:47:18 LabSZ sshd[12288]: pam_unix(sshd:auth): authentication failure; logname= uid=0 euid=0 tty=ssh ruser= rhost=183.63.110.206  user=root
Jan  2 20:47:20 LabSZ sshd[12286]: Failed password for invalid user admin from 5.188.10.156 port 44399 ssh2
Jan  2 20:47:21 LabSZ sshd[12288]: Failed password for root from 183.63.110.206 port 40169 ssh2
Jan  2 20:47:21 LabSZ sshd[12286]: pam_unix(sshd:auth): check pass; user unknown
Jan  2 20:47:21 LabSZ sshd[12288]: Connection closed by 183.63.110.206 [preauth]
Jan  2 20:47:23 LabSZ sshd[12290]: pam_unix(sshd:auth): authentication failure; logname= uid=0 euid=0 tty=ssh ruser= rhost=183.63.110.206  user=root
Jan  2 20:47:23 LabSZ sshd[12286]: Failed password for invalid user admin from 5.188.10.156 port 44399 ssh2
Jan  2 20:47:24 LabSZ sshd[12286]: pam_unix(sshd:auth): check pass; user unknown
Jan  2 20:47:25 LabSZ sshd[12290]: Failed password for root from 183.63.110.206 port 40287 ssh2
Jan  2 20:47:25 LabSZ sshd[12290]: Connection closed by 183.63.110.206 [preauth]
Jan  2 20:47:26 LabSZ sshd[12286]: Failed password for invalid user admin from 5.188.10.156 port 44399 ssh2
Jan  2 20:47:26 LabSZ sshd[12286]: pam_unix(sshd:auth): check pass; user unknown
Jan  2 20:47:28 LabSZ sshd[12286]: Failed password for invalid user admin from 5.188.10.156 port 44399 ssh2
Jan  2 20:47:28 LabSZ sshd[12292]: pam_unix(sshd:auth): authentication failure; logname= uid=0 euid=0 tty=ssh ruser= rhost=183.63.110.206  user=root
Jan  2 20:47:28 LabSZ sshd[12286]: pam_unix(sshd:auth): check pass; user unknown
Jan  2 20:47:31 LabSZ sshd[12292]: Failed password for root from 183.63.110.206 port 40428 ssh2
Jan  2 20:47:31 LabSZ sshd[12292]: Connection closed by 183.63.110.206 [preauth]
Jan  2 20:47:31 LabSZ sshd[12286]: Failed password for invalid user admin from 5.188.10.156 port 44399 ssh2
Jan  2 20:47:31 LabSZ sshd[12286]: Connection closed by 5.188.10.156 [preauth]
Jan  2 20:47:31 LabSZ sshd[12286]: PAM 4 more authentication failures; logname= uid=0 euid=0 tty=ssh ruser= rhost=5.188.10.156 
Jan  2 20:47:31 LabSZ sshd[12286]: PAM service(sshd) ignoring max retries; 5 > 3
Jan  2 20:47:33 LabSZ sshd[12294]: pam_unix(sshd:auth): authentication failure; logname= uid=0 euid=0 tty=ssh ruser= rhost=183.63.110.206  user=root
Jan  2 20:47:33 LabSZ sshd[12296]: Invalid user admin from 5.188.10.156
Jan  2 20:47:33 LabSZ sshd[12296]: input_userauth_request: invalid user admin [preauth]
Jan  2 20:47:33 LabSZ sshd[12296]: pam_unix(sshd:auth): check pass; user unknown
Jan  2 20:47:33 LabSZ sshd[12296]: pam_unix(sshd:auth): authentication failure; logname= uid=0 euid=0 tty=ssh ruser= rhost=5.188.10.156 
Jan  2 20:47:35 LabSZ sshd[12294]: Failed password for root from 183.63.110.206 port 40593 ssh2
Jan  2 20:47:36 LabSZ sshd[12294]: Connection closed by 183.63.110.206 [preauth]
Jan  2 20:47:36 LabSZ sshd[12296]: Failed password for invalid user admin from 5.188.10.156 port 56483 ssh2
Jan  2 20:47:36 LabSZ sshd[12296]: pam_unix(sshd:auth): check pass; user unknown
Jan  2 20:47:37 LabSZ sshd[12298]: pam_unix(sshd:auth): authentication failure; logname= uid=0 euid=0 tty=ssh ruser= rhost=183.63.110.206  user=root
Jan  2 20:47:38 LabSZ sshd[12296]: Failed password for invalid user admin from 5.188.10.156 port 56483 ssh2
Jan  2 20:47:38 LabSZ sshd[12298]: Failed password for root from 183.63.110.206 port 40741 ssh2
Jan  2 20:47:39 LabSZ sshd[12296]: pam_unix(sshd:auth): check pass; user unknown
Jan  2 20:47:39 LabSZ sshd[12298]: Connection closed by 183.63.110.206 [preauth]
Jan  2 20:47:40 LabSZ sshd[12300]: pam_unix(sshd:auth): authentication failure; logname= uid=0 euid=0 tty=ssh ruser= rhost=183.63.110.206  user=root
Jan  2 20:47:40 LabSZ sshd[12296]: Failed password for invalid user admin from 5.188.10.156 port 56483 ssh2
Jan  2 20:47:40 LabSZ sshd[12296]: pam_unix(sshd:auth): check pass; user unknown
Jan  2 20:47:42 LabSZ sshd[12300]: Failed password for root from 183.63.110.206 port 40833 ssh2
Jan  2 20:47:43 LabSZ sshd[12300]: Connection closed by 183.63.110.206 [preauth]
Jan  2 20:47:43 LabSZ sshd[12296]: Failed password for invalid user admin from 5.188.10.156 port 56483 ssh2
Jan  2 20:47:43 LabSZ sshd[12296]: pam_unix(sshd:auth): check pass; user unknown
Jan  2 20:47:44 LabSZ sshd[12302]: pam_unix(sshd:auth): authentication failure; logname= uid=0 euid=0 tty=ssh ruser= rhost=183.63.110.206  user=root
Jan  2 20:47:45 LabSZ sshd[12296]: Failed password for invalid user admin from 5.188.10.156 port 56483 ssh2
Jan  2 20:47:46 LabSZ sshd[12296]: Connection closed by 5.188.10.156 [preauth]
Jan  2 20:47:46 LabSZ sshd[12296]: PAM 4 more authentication failures; logname= uid=0 euid=0 tty=ssh ruser= rhost=5.188.10.156 
Jan  2 20:47:46 LabSZ sshd[12296]: PAM service(sshd) ignoring max retries; 5 > 3
Jan  2 20:47:46 LabSZ sshd[12302]: Failed password for root from 183.63.110.206 port 40958 ssh2
Jan  2 20:47:46 LabSZ sshd[12302]: Connection closed by 183.63.110.206 [preauth]
