Jan  2 07:53:54 LabSZ sshd[29286]: PAM 5 more authentication failures; logname= uid=0 euid=0 tty=ssh ruser= rhost=182.100.67.120  user=root
Jan  2 07:53:54 LabSZ sshd[29286]: PAM service(sshd) ignoring max retries; 6 > 3
Jan  2 07:53:55 LabSZ sshd[29292]: reverse mapping checking getaddrinfo for 45.32.81.34.vultr.com [45.32.81.34] failed - POSSIBLE BREAK-IN ATTEMPT!
Jan  2 07:53:55 LabSZ sshd[29292]: Invalid user support from 45.32.81.34
Jan  2 07:53:55 LabSZ sshd[29292]: input_userauth_request: invalid user support [preauth]
Jan  2 07:53:55 LabSZ sshd[29292]: pam_unix(sshd:auth): check pass; user unknown
Jan  2 07:53:55 LabSZ sshd[29292]: pam_unix(sshd:auth): authentication failure; logname= uid=0 euid=0 tty=ssh ruser= rhost=45.32.81.34 
Jan  2 07:53:56 LabSZ sshd[29294]: pam_unix(sshd:auth): authentication failure; logname= uid=0 euid=0 tty=ssh ruser= rhost=182.100.67.120  user=root
Jan  2 07:53:57 LabSZ sshd[29292]: Failed password for invalid user support from 45.32.81.34 port 44950 ssh2
Jan  2 07:53:57 LabSZ sshd[29294]: Failed password for root from 182.100.67.120 port 49774 ssh2
Jan  2 07:53:57 LabSZ sshd[29292]: Received disconnect from 45.32.81.34: 11: Bye Bye [preauth]
Jan  2 07:54:01 LabSZ sshd[29288]: message repeated 5 times: [ Failed password for root from 58.242.83.25 port 64009 ssh2]
Jan  2 07:54:01 LabSZ sshd[29288]: Disconnecting: Too many authentication failures for root [preauth]
Jan  2 07:54:01 LabSZ sshd[29288]: PAM 5 more authentication failures; logname= uid=0 euid=0 tty=ssh ruser= rhost=58.242.83.25  user=root
Jan  2 07:54:01 LabSZ sshd[29288]: PAM service(sshd) ignoring max retries; 6 > 3
Jan  2 07:54:02 LabSZ sshd[29290]: message repeated 5 times: [ Failed password for root from 218.65.30.30 port 18996 ssh2]
Jan  2 07:54:02 LabSZ sshd[29290]: Disconnecting: Too many authentication failures for root [preauth]
Jan  2 07:54:02 LabSZ sshd[29290]: PAM 5 more authentication failures; logname= uid=0 euid=0 tty=ssh ruser= rhost=218.65.30.30  user=root
Jan  2 07:54:02 LabSZ sshd[29290]: PAM service(sshd) ignoring max retries; 6 > 3
Jan  2 07:54:03 LabSZ sshd[29296]: pam_unix(sshd:auth): authentication failure; logname= uid=0 euid=0 tty=ssh ruser= rhost=58.242.83.25  user=root
Jan  2 07:54:04 LabSZ sshd[29298]: reverse mapping checking getaddrinfo for 30.30.65.218.broad.xy.jx.dynamic.163data.com.cn [218.65.30.30] failed - POSSIBLE BREAK-IN ATTEMPT!
Jan  2 07:54:04 LabSZ sshd[29298]: pam_unix(sshd:auth): authentication failure; logname= uid=0 euid=0 tty=ssh ruser= rhost=218.65.30.30  user=root
Jan  2 07:54:05 LabSZ sshd[29296]: Failed password for root from 58.242.83.25 port 20884 ssh2
Jan  2 07:54:06 LabSZ sshd[29298]: Failed password for root from 218.65.30.30 port 55172 ssh2
Jan  2 07:54:09 LabSZ sshd[29294]: message repeated 5 times: [ Failed password for root from 182.100.67.120 port 49774 ssh2]
Jan  2 07:54:09 LabSZ sshd[29294]: Disconnecting: Too many authentication failures for root [preauth]
Jan  2 07:54:09 LabSZ sshd[29294]: PAM 5 more authentication failures; logname= uid=0 euid=0 tty=ssh ruser= rhost=182.100.67.120  user=root
Jan  2 07:54:09 LabSZ sshd[29294]: PAM service(sshd) ignoring max retries; 6 > 3
Jan  2 07:54:11 LabSZ sshd[29300]: pam_unix(sshd:auth): authentication failure; logname= uid=0 euid=0 tty=ssh ruser= rhost=182.100.67.120  user=root
Jan  2 07:54:13 LabSZ sshd[29300]: Failed password for root from 182.100.67.120 port 19350 ssh2
Jan  2 07:54:18 LabSZ sshd[29296]: message repeated 5 times: [ Failed password for root from 58.242.83.25 port 20884 ssh2]
Jan  2 07:54:18 LabSZ sshd[29296]: Disconnecting: Too many authentication failures for root [preauth]
Jan  2 07:54:18 LabSZ sshd[29296]: PAM 5 more authentication failures; logname= uid=0 euid=0 tty=ssh ruser= rhost=58.242.83.25  user=root
Jan  2 07:54:18 LabSZ sshd[29296]: PAM service(sshd) ignoring max retries; 6 > 3
Jan  2 07:54:19 LabSZ sshd[29298]: message repeated 5 times: [ Failed password for root from 218.65.30.30 port 55172 ssh2]
Jan  2 07:54:19 LabSZ sshd[29298]: Disconnecting: Too many authentication failures for root [preauth]
Jan  2 07:54:19 LabSZ sshd[29298]: PAM 5 more authentication failures; logname= uid=0 euid=0 tty=ssh ruser= rhost=218.65.30.30  user=root
Jan  2 07:54:19 LabSZ sshd[29298]: PAM service(sshd) ignoring max retries; 6 > 3
Jan  2 07:54:19 LabSZ sshd[29302]: pam_unix(sshd:auth): authentication failure; logname= uid=0 euid=0 tty=ssh ruser= rhost=58.242.83.25  user=root
Jan  2 07:54:20 LabSZ sshd[29304]: reverse mapping checking getaddrinfo for 30.30.65.218.broad.xy.jx.dynamic.163data.com.cn [218.65.30.30] failed - POSSIBLE BREAK-IN ATTEMPT!
Jan  2 07:54:20 LabSZ sshd[29304]: pam_unix(sshd:auth): authentication failure; logname= uid=0 euid=0 tty=ssh ruser= rhost=218.65.30.30  user=root
Jan  2 07:54:21 LabSZ sshd[29302]: Failed password for root from 58.242.83.25 port 41136 ssh2
Jan  2 07:54:22 LabSZ sshd[29304]: Failed password for root from 218.65.30.30 port 27944 ssh2
Jan  2 07:54:26 LabSZ sshd[29300]: message repeated 5 times: [ Failed password for root from 182.100.67.120 port 19350 ssh2]
Jan  2 07:54:26 LabSZ sshd[29300]: Disconnecting: Too many authentication failures for root [preauth]
Jan  2 07:54:26 LabSZ sshd[29300]: PAM 5 more authentication failures; logname= uid=0 euid=0 tty=ssh ruser= rhost=182.100.67.120  user=root
Jan  2 07:54:26 LabSZ sshd[29300]: PAM service(sshd) ignoring max retries; 6 > 3
Jan  2 07:54:28 LabSZ sshd[29306]: pam_unix(sshd:auth): authentication failure; logname= uid=0 euid=0 tty=ssh ruser= rhost=182.100.67.120  user=root
Jan  2 07:54:30 LabSZ sshd[29306]: Failed password for root from 182.100.67.120 port 57680 ssh2
Jan  2 07:54:33 LabSZ sshd[29302]: message repeated 5 times: [ Failed password for root from 58.242.83.25 port 41136 ssh2]
Jan  2 07:54:33 LabSZ sshd[29302]: Disconnecting: Too many authentication failures for root [preauth]
Jan  2 07:54:33 LabSZ sshd[29302]: PAM 5 more authentication failures; logname= uid=0 euid=0 tty=ssh ruser= rhost=58.242.83.25  user=root
Jan  2 07:54:33 LabSZ sshd[29302]: PAM service(sshd) ignoring max retries; 6 > 3
Jan  2 07:54:35 LabSZ sshd[29308]: pam_unix(sshd:auth): authentication failure; logname= uid=0 euid=0 tty=ssh ruser= rhost=58.242.83.25  user=root
Jan  2 07:54:35 LabSZ sshd[29304]: message repeated 5 times: [ Failed password for root from 218.65.30.30 port 27944 ssh2]
Jan  2 07:54:35 LabSZ sshd[29304]: Disconnecting: Too many authentication failures for root [preauth]
Jan  2 07:54:35 LabSZ sshd[29304]: PAM 5 more authentication failures; logname= uid=0 euid=0 tty=ssh ruser= rhost=218.65.30.30  user=root
Jan  2 07:54:35 LabSZ sshd[29304]: PAM service(sshd) ignoring max retries; 6 > 3
Jan  2 07:54:37 LabSZ sshd[29310]: reverse mapping checking getaddrinfo for 30.30.65.218.broad.xy.jx.dynamic.163data.com.cn [218.65.30.30] failed - POSSIBLE BREAK-IN ATTEMPT!
Jan  2 07:54:37 LabSZ sshd[29310]: pam_unix(sshd:auth): authentication failure; logname= uid=0 euid=0 tty=ssh ruser= rhost=218.65.30.30  user=root
Jan  2 07:54:37 LabSZ sshd[29308]: Failed password for root from 58.242.83.25 port 61290 ssh2
Jan  2 07:54:39 LabSZ sshd[29310]: Failed password for root from 218.65.30.30 port 1734 ssh2
Jan  2 07:54:43 LabSZ sshd[29306]: message repeated 5 times: [ Failed password for root from 182.100.67.120 port 57680 ssh2]
Jan  2 07:54:43 LabSZ sshd[29306]: Disconnecting: Too many authentication failures for root [preauth]
Jan  2 07:54:43 LabSZ sshd[29306]: PAM 5 more authentication failures; logname= uid=0 euid=0 tty=ssh ruser= rhost=182.100.67.120  user=root
Jan  2 07:54:43 LabSZ sshd[29306]: PAM service(sshd) ignoring max retries; 6 > 3
Jan  2 07:54:44 LabSZ sshd[29312]: pam_unix(sshd:auth): authentication failure; logname= uid=0 euid=0 tty=ssh ruser= rhost=182.100.67.120  user=root
Jan  2 07:54:46 LabSZ sshd[29312]: Failed password for root from 182.100.67.120 port 28948 ssh2
Jan  2 07:54:50 LabSZ sshd[29308]: message repeated 5 times: [ Failed password for root from 58.242.83.25 port 61290 ssh2]
Jan  2 07:54:50 LabSZ sshd[29308]: Disconnecting: Too many authentication failures for root [preauth]
Jan  2 07:54:50 LabSZ sshd[29308]: PAM 5 more authentication failures; logname= uid=0 euid=0 tty=ssh ruser= rhost=58.242.83.25  user=root
Jan  2 07:54:50 LabSZ sshd[29308]: PAM service(sshd) ignoring max retries; 6 > 3
Jan  2 07:54:52 LabSZ sshd[29314]: pam_unix(sshd:auth): authentication failure; logname= uid=0 euid=0 tty=ssh ruser= rhost=58.242.83.25  user=root
Jan  2 07:54:53 LabSZ sshd[29310]: message repeated 5 times: [ Failed password for root from 218.65.30.30 port 1734 ssh2]
Jan  2 07:54:53 LabSZ sshd[29310]: Disconnecting: Too many authentication failures for root [preauth]
Jan  2 07:54:53 LabSZ sshd[29310]: PAM 5 more authentication failures; logname= uid=0 euid=0 tty=ssh ruser= rhost=218.65.30.30  user=root
Jan  2 07:54:53 LabSZ sshd[29310]: PAM service(sshd) ignoring max retries; 6 > 3
Jan  2 07:54:54 LabSZ sshd[29314]: Failed password for root from 58.242.83.25 port 17772 ssh2
Jan  2 07:54:55 LabSZ sshd[29316]: reverse mapping checking getaddrinfo for 30.30.65.218.broad.xy.jx.dynamic.163data.com.cn [218.65.30.30] failed - POSSIBLE BREAK-IN ATTEMPT!
Jan  2 07:54:55 LabSZ sshd[29316]: pam_unix(sshd:auth): authentication failure; logname= uid=0 euid=0 tty=ssh ruser= rhost=218.65.30.30  user=root
Jan  2 07:54:57 LabSZ sshd[29316]: Failed password for root from 218.65.30.30 port 41348 ssh2
Jan  2 07:54:59 LabSZ sshd[29312]: message repeated 5 times: [ Failed password for root from 182.100.67.120 port 28948 ssh2]
Jan  2 07:54:59 LabSZ sshd[29312]: Disconnecting: Too many authentication failures for root [preauth]
Jan  2 07:54:59 LabSZ sshd[29312]: PAM 5 more authentication failures; logname= uid=0 euid=0 tty=ssh ruser= rhost=182.100.67.120  user=root
Jan  2 07:54:59 LabSZ sshd[29312]: PAM service(sshd) ignoring max retries; 6 > 3
Jan  2 07:55:00 LabSZ sshd[29318]: pam_unix(sshd:auth): authentication failure; logname= uid=0 euid=0 tty=ssh ruser= rhost=182.100.67.120  user=root
Jan  2 07:55:03 LabSZ sshd[29318]: Failed password for root from 182.100.67.120 port 65092 ssh2
Jan  2 07:55:08 LabSZ sshd[29314]: message repeated 5 times: [ Failed password for root from 58.242.83.25 port 17772 ssh2]
Jan  2 07:55:08 LabSZ sshd[29314]: Disconnecting: Too many authentication failures for root [preauth]
Jan  2 07:55:08 LabSZ sshd[29314]: PAM 5 more authentication failures; logname= uid=0 euid=0 tty=ssh ruser= rhost=58.242.83.25  user=root
Jan  2 07:55:08 LabSZ sshd[29314]: PAM service(sshd) ignoring max retries; 6 > 3
Jan  2 07:55:10 LabSZ sshd[29320]: pam_unix(sshd:auth): authentication failure; logname= uid=0 euid=0 tty=ssh ruser= rhost=58.242.83.25  user=root
Jan  2 07:55:10 LabSZ sshd[29316]: message repeated 5 times: [ Failed password for root from 218.65.30.30 port 41348 ssh2]
Jan  2 07:55:10 LabSZ sshd[29316]: Disconnecting: Too many authentication failures for root [preauth]
Jan  2 07:55:10 LabSZ sshd[29316]: PAM 5 more authentication failures; logname= uid=0 euid=0 tty=ssh ruser= rhost=218.65.30.30  user=root
Jan  2 07:55:10 LabSZ sshd[29316]: PAM service(sshd) ignoring max retries; 6 > 3
Jan  2 07:55:12 LabSZ sshd[29322]: reverse mapping checking getaddrinfo for 30.30.65.218.broad.xy.jx.dynamic.163data.com.cn [218.65.30.30] failed - POSSIBLE BREAK-IN ATTEMPT!
Jan  2 07:55:12 LabSZ sshd[29322]: pam_unix(sshd:auth): authentication failure; logname= uid=0 euid=0 tty=ssh ruser= rhost=218.65.30.30  user=root
Jan  2 07:55:12 LabSZ sshd[29320]: Failed password for root from 58.242.83.25 port 41075 ssh2
Jan  2 07:55:14 LabSZ sshd[29322]: Failed password for root from 218.65.30.30 port 16090 ssh2
