Dec 10 12:24:34 LabSZ sshd[30831]: input_userauth_request: invalid user admin [preauth]
Dec 10 12:24:34 LabSZ sshd[30831]: pam_unix(sshd:auth): check pass; user unknown
Dec 10 12:24:34 LabSZ sshd[30831]: pam_unix(sshd:auth): authentication failure; logname= uid=0 euid=0 tty=ssh ruser= rhost=5.188.10.182 
Dec 10 12:24:34 LabSZ sshd[30835]: Failed password for root from 183.62.140.253 port 42039 ssh2
Dec 10 12:24:34 LabSZ sshd[30835]: Received disconnect from 183.62.140.253: 11: Bye Bye [preauth]
Dec 10 12:24:34 LabSZ sshd[30837]: pam_unix(sshd:auth): authentication failure; logname= uid=0 euid=0 tty=ssh ruser= rhost=183.62.140.253  user=root
Dec 10 12:24:36 LabSZ sshd[30831]: Failed password for invalid user admin from 5.188.10.182 port 57320 ssh2
Dec 10 12:24:36 LabSZ sshd[30837]: Failed password for root from 183.62.140.253 port 42444 ssh2
Dec 10 12:24:36 LabSZ sshd[30837]: Received disconnect from 183.62.140.253: 11: Bye Bye [preauth]
Dec 10 12:24:36 LabSZ sshd[30839]: pam_unix(sshd:auth): authentication failure; logname= uid=0 euid=0 tty=ssh ruser= rhost=183.62.140.253  user=root
Dec 10 12:24:36 LabSZ sshd[30831]: pam_unix(sshd:auth): check pass; user unknown
Dec 10 12:24:39 LabSZ sshd[30839]: Failed password for root from 183.62.140.253 port 42753 ssh2
Dec 10 12:24:39 LabSZ sshd[30839]: Received disconnect from 183.62.140.253: 11: Bye Bye [preauth]
Dec 10 12:24:39 LabSZ sshd[30841]: pam_unix(sshd:auth): authentication failure; logname= uid=0 euid=0 tty=ssh ruser= rhost=183.62.140.253  user=root
Dec 10 12:24:39 LabSZ sshd[30831]: Failed password for invalid user admin from 5.188.10.182 port 57320 ssh2
Dec 10 12:24:39 LabSZ sshd[30831]: pam_unix(sshd:auth): check pass; user unknown
Dec 10 12:24:41 LabSZ sshd[30841]: Failed password for root from 183.62.140.253 port 43217 ssh2
Dec 10 12:24:41 LabSZ sshd[30841]: Received disconnect from 183.62.140.253: 11: Bye Bye [preauth]
Dec 10 12:24:41 LabSZ sshd[30843]: pam_unix(sshd:auth): authentication failure; logname= uid=0 euid=0 tty=ssh ruser= rhost=183.62.140.253  user=root
Dec 10 12:24:42 LabSZ sshd[30831]: Failed password for invalid user admin from 5.188.10.182 port 57320 ssh2
Dec 10 12:24:42 LabSZ sshd[30831]: pam_unix(sshd:auth): check pass; user unknown
Dec 10 12:24:43 LabSZ sshd[30843]: Failed password for root from 183.62.140.253 port 43672 ssh2
Dec 10 12:24:43 LabSZ sshd[30843]: Received disconnect from 183.62.140.253: 11: Bye Bye [preauth]
Dec 10 12:24:43 LabSZ sshd[30845]: pam_unix(sshd:auth): authentication failure; logname= uid=0 euid=0 tty=ssh ruser= rhost=183.62.140.253  user=root
Dec 10 12:24:45 LabSZ sshd[30831]: Failed password for invalid user admin from 5.188.10.182 port 57320 ssh2
Dec 10 12:24:45 LabSZ sshd[30845]: Failed password for root from 183.62.140.253 port 43969 ssh2
Dec 10 12:24:45 LabSZ sshd[30845]: Received disconnect from 183.62.140.253: 11: Bye Bye [preauth]
Dec 10 12:24:45 LabSZ sshd[30847]: pam_unix(sshd:auth): authentication failure; logname= uid=0 euid=0 tty=ssh ruser= rhost=183.62.140.253  user=root
Dec 10 12:24:45 LabSZ sshd[30831]: pam_unix(sshd:auth): check pass; user unknown
Dec 10 12:24:47 LabSZ sshd[30847]: Failed password for root from 183.62.140.253 port 44283 ssh2
Dec 10 12:24:47 LabSZ sshd[30847]: Received disconnect from 183.62.140.253: 11: Bye Bye [preauth]
Dec 10 12:24:47 LabSZ sshd[30849]: pam_unix(sshd:auth): authentication failure; logname= uid=0 euid=0 tty=ssh ruser= rhost=183.62.140.253  user=root
Dec 10 12:24:47 LabSZ sshd[30831]: Failed password for invalid user admin from 5.188.10.182 port 57320 ssh2
Dec 10 12:24:48 LabSZ sshd[30831]: Connection closed by 5.188.10.182 [preauth]
Dec 10 12:24:48 LabSZ sshd[30831]: PAM 4 more authentication failures; logname= uid=0 euid=0 tty=ssh ruser= rhost=5.188.10.182 
Dec 10 12:24:48 LabSZ sshd[30831]: PAM service(sshd) ignoring max retries; 5 > 3
Dec 10 12:24:49 LabSZ sshd[30849]: Failed password for root from 183.62.140.253 port 44698 ssh2
Dec 10 12:24:49 LabSZ sshd[30849]: Received disconnect from 183.62.140.253: 11: Bye Bye [preauth]
Dec 10 12:24:49 LabSZ sshd[30853]: pam_unix(sshd:auth): authentication failure; logname= uid=0 euid=0 tty=ssh ruser= rhost=183.62.140.253  user=root
Dec 10 12:24:51 LabSZ sshd[30853]: Failed password for root from 183.62.140.253 port 45124 ssh2
Dec 10 12:24:51 LabSZ sshd[30853]: Received disconnect from 183.62.140.253: 11: Bye Bye [preauth]
Dec 10 12:24:52 LabSZ sshd[30855]: pam_unix(sshd:auth): authentication failure; logname= uid=0 euid=0 tty=ssh ruser= rhost=183.62.140.253  user=root
Dec 10 12:24:52 LabSZ sshd[30851]: Invalid user admin from 5.188.10.182
Dec 10 12:24:52 LabSZ sshd[30851]: input_userauth_request: invalid user admin [preauth]
Dec 10 12:24:52 LabSZ sshd[30851]: pam_unix(sshd:auth): check pass; user unknown
Dec 10 12:24:52 LabSZ sshd[30851]: pam_unix(sshd:auth): authentication failure; logname= uid=0 euid=0 tty=ssh ruser= rhost=5.188.10.182 
Dec 10 12:24:53 LabSZ sshd[30855]: Failed password for root from 183.62.140.253 port 45504 ssh2
Dec 10 12:24:53 LabSZ sshd[30855]: Received disconnect from 183.62.140.253: 11: Bye Bye [preauth]
Dec 10 12:24:53 LabSZ sshd[30857]: pam_unix(sshd:auth): authentication failure; logname= uid=0 euid=0 tty=ssh ruser= rhost=183.62.140.253  user=root
Dec 10 12:24:54 LabSZ sshd[30851]: Failed password for invalid user admin from 5.188.10.182 port 59845 ssh2
Dec 10 12:24:54 LabSZ sshd[30851]: Connection closed by 5.188.10.182 [preauth]
Dec 10 12:24:55 LabSZ sshd[30857]: Failed password for root from 183.62.140.253 port 45842 ssh2
Dec 10 12:24:55 LabSZ sshd[30857]: Received disconnect from 183.62.140.253: 11: Bye Bye [preauth]
Dec 10 12:24:55 LabSZ sshd[30860]: pam_unix(sshd:auth): authentication failure; logname= uid=0 euid=0 tty=ssh ruser= rhost=183.62.140.253  user=root
Dec 10 12:24:57 LabSZ sshd[30860]: Failed password for root from 183.62.140.253 port 46171 ssh2
Dec 10 12:24:57 LabSZ sshd[30860]: Received disconnect from 183.62.140.253: 11: Bye Bye [preauth]
Dec 10 12:24:57 LabSZ sshd[30863]: pam_unix(sshd:auth): authentication failure; logname= uid=0 euid=0 tty=ssh ruser= rhost=183.62.140.253  user=root
Dec 10 12:24:57 LabSZ sshd[30859]: Invalid user default from 5.188.10.182
Dec 10 12:24:57 LabSZ sshd[30859]: input_userauth_request: invalid user default [preauth]
Dec 10 12:24:57 LabSZ sshd[30859]: pam_unix(sshd:auth): check pass; user unknown
Dec 10 12:24:57 LabSZ sshd[30859]: pam_unix(sshd:auth): authentication failure; logname= uid=0 euid=0 tty=ssh ruser= rhost=5.188.10.182 
Dec 10 12:24:59 LabSZ sshd[30863]: Failed password for root from 183.62.140.253 port 46471 ssh2
Dec 10 12:24:59 LabSZ sshd[30863]: Received disconnect from 183.62.140.253: 11: Bye Bye [preauth]
Dec 10 12:24:59 LabSZ sshd[30865]: pam_unix(sshd:auth): authentication failure; logname= uid=0 euid=0 tty=ssh ruser= rhost=183.62.140.253  user=root
Dec 10 12:25:00 LabSZ sshd[30859]: Failed password for invalid user default from 5.188.10.182 port 51389 ssh2
Dec 10 12:25:00 LabSZ sshd[30859]: pam_unix(sshd:auth): check pass; user unknown
Dec 10 12:25:01 LabSZ sshd[30865]: Failed password for root from 183.62.140.253 port 46878 ssh2
Dec 10 12:25:01 LabSZ sshd[30865]: Received disconnect from 183.62.140.253: 11: Bye Bye [preauth]
Dec 10 12:25:02 LabSZ sshd[30868]: pam_unix(sshd:auth): authentication failure; logname= uid=0 euid=0 tty=ssh ruser= rhost=183.62.140.253  user=root
Dec 10 12:25:02 LabSZ sshd[30859]: Failed password for invalid user default from 5.188.10.182 port 51389 ssh2
Dec 10 12:25:02 LabSZ sshd[30859]: Connection closed by 5.188.10.182 [preauth]
Dec 10 12:25:02 LabSZ sshd[30859]: PAM 1 more authentication failure; logname= uid=0 euid=0 tty=ssh ruser= rhost=5.188.10.182 
Dec 10 12:25:03 LabSZ sshd[30868]: Failed password for root from 183.62.140.253 port 47281 ssh2
Dec 10 12:25:03 LabSZ sshd[30868]: Received disconnect from 183.62.140.253: 11: Bye Bye [preauth]
Dec 10 12:25:04 LabSZ sshd[30872]: pam_unix(sshd:auth): authentication failure; logname= uid=0 euid=0 tty=ssh ruser= rhost=183.62.140.253  user=root
Dec 10 12:25:05 LabSZ sshd[30870]: pam_unix(sshd:auth): authentication failure; logname= uid=0 euid=0 tty=ssh ruser= rhost=5.188.10.182  user=ftp
Dec 10 12:25:05 LabSZ sshd[30872]: Failed password for root from 183.62.140.253 port 47629 ssh2
Dec 10 12:25:05 LabSZ sshd[30872]: Received disconnect from 183.62.140.253: 11: Bye Bye [preauth]
Dec 10 12:25:05 LabSZ sshd[30874]: pam_unix(sshd:auth): authentication failure; logname= uid=0 euid=0 tty=ssh ruser= rhost=183.62.140.253  user=root
Dec 10 12:25:06 LabSZ sshd[30870]: Failed password for ftp from 5.188.10.182 port 38790 ssh2
Dec 10 12:25:07 LabSZ sshd[30874]: Failed password for root from 183.62.140.253 port 47934 ssh2
Dec 10 12:25:07 LabSZ sshd[30874]: Received disconnect from 183.62.140.253: 11: Bye Bye [preauth]
Dec 10 12:25:07 LabSZ sshd[30877]: pam_unix(sshd:auth): authentication failure; logname= uid=0 euid=0 tty=ssh ruser= rhost=183.62.140.253  user=root
Dec 10 12:25:07 LabSZ sshd[30870]: Connection closed by 5.188.10.182 [preauth]
Dec 10 12:25:09 LabSZ sshd[30877]: Failed password for root from 183.62.140.253 port 48238 ssh2
Dec 10 12:25:09 LabSZ sshd[30877]: Received disconnect from 183.62.140.253: 11: Bye Bye [preauth]
Dec 10 12:25:09 LabSZ sshd[30882]: pam_unix(sshd:auth): authentication failure; logname= uid=0 euid=0 tty=ssh ruser= rhost=183.62.140.253  user=root
Dec 10 12:25:10 LabSZ sshd[30879]: Invalid user guest from 5.188.10.182
Dec 10 12:25:10 LabSZ sshd[30879]: input_userauth_request: invalid user guest [preauth]
Dec 10 12:25:10 LabSZ sshd[30879]: pam_unix(sshd:auth): check pass; user unknown
Dec 10 12:25:10 LabSZ sshd[30879]: pam_unix(sshd:auth): authentication failure; logname= uid=0 euid=0 tty=ssh ruser= rhost=5.188.10.182 
Dec 10 12:25:11 LabSZ sshd[30882]: Failed password for root from 183.62.140.253 port 48670 ssh2
Dec 10 12:25:11 LabSZ sshd[30882]: Received disconnect from 183.62.140.253: 11: Bye Bye [preauth]
Dec 10 12:25:12 LabSZ sshd[30884]: pam_unix(sshd:auth): authentication failure; logname= uid=0 euid=0 tty=ssh ruser= rhost=183.62.140.253  user=root
Dec 10 12:25:12 LabSZ sshd[30879]: Failed password for invalid user guest from 5.188.10.182 port 36336 ssh2
Dec 10 12:25:13 LabSZ sshd[30879]: Connection closed by 5.188.10.182 [preauth]
Dec 10 12:25:13 LabSZ sshd[30884]: Failed password for root from 183.62.140.253 port 49080 ssh2
Dec 10 12:25:13 LabSZ sshd[30884]: Received disconnect from 183.62.140.253: 11: Bye Bye [preauth]
Dec 10 12:25:14 LabSZ sshd[30887]: pam_unix(sshd:auth): authentication failure; logname= uid=0 euid=0 tty=ssh ruser= rhost=183.62.140.253  user=root
Dec 10 12:25:15 LabSZ sshd[30887]: Failed password for root from 183.62.140.253 port 49428 ssh2
