Dec 17 09:38:28 LabSZ sshd[31297]: pam_unix(sshd:auth): authentication failure; logname= uid=0 euid=0 tty=ssh ruser= rhost=183.129.170.130  user=root
Dec 17 09:38:29 LabSZ sshd[31295]: Invalid user support from 103.207.39.38
Dec 17 09:38:29 LabSZ sshd[31295]: input_userauth_request: invalid user support [preauth]
Dec 17 09:38:29 LabSZ sshd[31295]: pam_unix(sshd:auth): check pass; user unknown
Dec 17 09:38:29 LabSZ sshd[31295]: pam_unix(sshd:auth): authentication failure; logname= uid=0 euid=0 tty=ssh ruser= rhost=103.207.39.38 
Dec 17 09:38:30 LabSZ sshd[31297]: Failed password for root from 183.129.170.130 port 42132 ssh2
Dec 17 09:38:30 LabSZ sshd[31297]: Connection closed by 183.129.170.130 [preauth]
Dec 17 09:38:30 LabSZ sshd[31299]: pam_unix(sshd:auth): authentication failure; logname= uid=0 euid=0 tty=ssh ruser= rhost=183.129.170.130  user=root
Dec 17 09:38:31 LabSZ sshd[31295]: Failed password for invalid user support from 103.207.39.38 port 62030 ssh2
Dec 17 09:38:31 LabSZ sshd[31295]: Received disconnect from 103.207.39.38: 11: Closed due to user request. [preauth]
Dec 17 09:38:31 LabSZ sshd[31299]: Failed password for root from 183.129.170.130 port 42226 ssh2
Dec 17 09:38:31 LabSZ sshd[31299]: Connection closed by 183.129.170.130 [preauth]
Dec 17 09:38:31 LabSZ sshd[31301]: Invalid user admin from 103.207.39.38
Dec 17 09:38:31 LabSZ sshd[31301]: input_userauth_request: invalid user admin [preauth]
Dec 17 09:38:32 LabSZ sshd[31303]: pam_unix(sshd:auth): authentication failure; logname= uid=0 euid=0 tty=ssh ruser= rhost=183.129.170.130  user=root
Dec 17 09:38:32 LabSZ sshd[31301]: pam_unix(sshd:auth): check pass; user unknown
Dec 17 09:38:32 LabSZ sshd[31301]: pam_unix(sshd:auth): authentication failure; logname= uid=0 euid=0 tty=ssh ruser= rhost=103.207.39.38 
Dec 17 09:38:33 LabSZ sshd[31303]: Failed password for root from 183.129.170.130 port 42293 ssh2
Dec 17 09:38:34 LabSZ sshd[31303]: Connection closed by 183.129.170.130 [preauth]
Dec 17 09:38:34 LabSZ sshd[31301]: Failed password for invalid user admin from 103.207.39.38 port 62924 ssh2
Dec 17 09:38:34 LabSZ sshd[31305]: pam_unix(sshd:auth): authentication failure; logname= uid=0 euid=0 tty=ssh ruser= rhost=183.129.170.130  user=root
Dec 17 09:38:34 LabSZ sshd[31301]: Received disconnect from 103.207.39.38: 11: Closed due to user request. [preauth]
Dec 17 09:38:36 LabSZ sshd[31305]: Failed password for root from 183.129.170.130 port 42395 ssh2
Dec 17 09:38:36 LabSZ sshd[31305]: Connection closed by 183.129.170.130 [preauth]
Dec 17 09:38:37 LabSZ sshd[31307]: pam_unix(sshd:auth): authentication failure; logname= uid=0 euid=0 tty=ssh ruser= rhost=183.129.170.130  user=root
Dec 17 09:38:37 LabSZ sshd[31309]: Invalid user admin from 103.207.39.38
Dec 17 09:38:37 LabSZ sshd[31309]: input_userauth_request: invalid user admin [preauth]
Dec 17 09:38:38 LabSZ sshd[31309]: pam_unix(sshd:auth): check pass; user unknown
Dec 17 09:38:38 LabSZ sshd[31309]: pam_unix(sshd:auth): authentication failure; logname= uid=0 euid=0 tty=ssh ruser= rhost=103.207.39.38 
Dec 17 09:38:38 LabSZ sshd[31307]: Failed password for root from 183.129.170.130 port 42513 ssh2
Dec 17 09:38:38 LabSZ sshd[31307]: Connection closed by 183.129.170.130 [preauth]
Dec 17 09:38:38 LabSZ sshd[31311]: pam_unix(sshd:auth): authentication failure; logname= uid=0 euid=0 tty=ssh ruser= rhost=183.129.170.130  user=root
Dec 17 09:38:40 LabSZ sshd[31309]: Failed password for invalid user admin from 103.207.39.38 port 63965 ssh2
Dec 17 09:38:40 LabSZ sshd[31309]: Received disconnect from 103.207.39.38: 11: Closed due to user request. [preauth]
Dec 17 09:38:41 LabSZ sshd[31311]: Failed password for root from 183.129.170.130 port 42590 ssh2
Dec 17 09:38:41 LabSZ sshd[31311]: Connection closed by 183.129.170.130 [preauth]
Dec 17 09:38:41 LabSZ sshd[31313]: pam_unix(sshd:auth): authentication failure; logname= uid=0 euid=0 tty=ssh ruser= rhost=103.207.39.38  user=uucp
Dec 17 09:38:41 LabSZ sshd[31315]: pam_unix(sshd:auth): authentication failure; logname= uid=0 euid=0 tty=ssh ruser= rhost=183.129.170.130  user=root
Dec 17 09:38:43 LabSZ sshd[31313]: Failed password for uucp from 103.207.39.38 port 50755 ssh2
Dec 17 09:38:43 LabSZ sshd[31313]: Received disconnect from 103.207.39.38: 11: Closed due to user request. [preauth]
Dec 17 09:38:43 LabSZ sshd[31315]: Failed password for root from 183.129.170.130 port 42690 ssh2
Dec 17 09:38:43 LabSZ sshd[31315]: Connection closed by 183.129.170.130 [preauth]
Dec 17 09:38:43 LabSZ sshd[31317]: pam_unix(sshd:auth): authentication failure; logname= uid=0 euid=0 tty=ssh ruser= rhost=183.129.170.130  user=root
Dec 17 09:38:45 LabSZ sshd[31319]: Invalid user guest from 103.207.39.38
Dec 17 09:38:45 LabSZ sshd[31319]: input_userauth_request: invalid user guest [preauth]
Dec 17 09:38:45 LabSZ sshd[31319]: pam_unix(sshd:auth): check pass; user unknown
Dec 17 09:38:45 LabSZ sshd[31319]: pam_unix(sshd:auth): authentication failure; logname= uid=0 euid=0 tty=ssh ruser= rhost=103.207.39.38 
Dec 17 09:38:45 LabSZ sshd[31317]: Failed password for root from 183.129.170.130 port 42783 ssh2
Dec 17 09:38:45 LabSZ sshd[31317]: Connection closed by 183.129.170.130 [preauth]
Dec 17 09:38:45 LabSZ sshd[31321]: pam_unix(sshd:auth): authentication failure; logname= uid=0 euid=0 tty=ssh ruser= rhost=183.129.170.130  user=root
Dec 17 09:38:47 LabSZ sshd[31319]: Failed password for invalid user guest from 103.207.39.38 port 51956 ssh2
Dec 17 09:38:47 LabSZ sshd[31319]: Received disconnect from 103.207.39.38: 11: Closed due to user request. [preauth]
Dec 17 09:38:48 LabSZ sshd[31321]: Failed password for root from 183.129.170.130 port 42886 ssh2
Dec 17 09:38:48 LabSZ sshd[31321]: Connection closed by 183.129.170.130 [preauth]
Dec 17 09:38:48 LabSZ sshd[31323]: pam_unix(sshd:auth): authentication failure; logname= uid=0 euid=0 tty=ssh ruser= rhost=183.129.170.130  user=root
Dec 17 09:38:49 LabSZ sshd[31323]: Failed password for root from 183.129.170.130 port 42991 ssh2
Dec 17 09:38:49 LabSZ sshd[31323]: Connection closed by 183.129.170.130 [preauth]
Dec 17 09:38:50 LabSZ sshd[31325]: Invalid user admin from 103.207.39.38
Dec 17 09:38:50 LabSZ sshd[31325]: input_userauth_request: invalid user admin [preauth]
Dec 17 09:38:50 LabSZ sshd[31325]: pam_unix(sshd:auth): check pass; user unknown
Dec 17 09:38:50 LabSZ sshd[31325]: pam_unix(sshd:auth): authentication failure; logname= uid=0 euid=0 tty=ssh ruser= rhost=103.207.39.38 
Dec 17 09:38:52 LabSZ sshd[31325]: Failed password for invalid user admin from 103.207.39.38 port 55723 ssh2
Dec 17 09:38:52 LabSZ sshd[31325]: Received disconnect from 103.207.39.38: 11: Closed due to user request. [preauth]
Dec 17 09:38:53 LabSZ sshd[31329]: Invalid user admin from 103.207.39.38
Dec 17 09:38:53 LabSZ sshd[31329]: input_userauth_request: invalid user admin [preauth]
Dec 17 09:38:53 LabSZ sshd[31329]: pam_unix(sshd:auth): check pass; user unknown
Dec 17 09:38:53 LabSZ sshd[31329]: pam_unix(sshd:auth): authentication failure; logname= uid=0 euid=0 tty=ssh ruser= rhost=103.207.39.38 
Dec 17 09:38:55 LabSZ sshd[31327]: pam_unix(sshd:auth): authentication failure; logname= uid=0 euid=0 tty=ssh ruser= rhost=183.129.170.130  user=root
Dec 17 09:38:55 LabSZ sshd[31329]: Failed password for invalid user admin from 103.207.39.38 port 57535 ssh2
Dec 17 09:38:55 LabSZ sshd[31329]: Received disconnect from 103.207.39.38: 11: Closed due to user request. [preauth]
Dec 17 09:38:57 LabSZ sshd[31327]: Failed password for root from 183.129.170.130 port 43059 ssh2
Dec 17 09:38:57 LabSZ sshd[31327]: Connection closed by 183.129.170.130 [preauth]
Dec 17 09:38:57 LabSZ sshd[31333]: pam_unix(sshd:auth): authentication failure; logname= uid=0 euid=0 tty=ssh ruser= rhost=183.129.170.130  user=root
Dec 17 09:38:57 LabSZ sshd[31331]: pam_unix(sshd:auth): authentication failure; logname= uid=0 euid=0 tty=ssh ruser= rhost=103.207.39.38  user=root
Dec 17 09:38:59 LabSZ sshd[31333]: Failed password for root from 183.129.170.130 port 43376 ssh2
Dec 17 09:38:59 LabSZ sshd[31333]: Connection closed by 183.129.170.130 [preauth]
Dec 17 09:38:59 LabSZ sshd[31331]: Failed password for root from 103.207.39.38 port 59001 ssh2
Dec 17 09:38:59 LabSZ sshd[31331]: Received disconnect from 103.207.39.38: 11: Closed due to user request. [preauth]
Dec 17 09:39:00 LabSZ sshd[31335]: pam_unix(sshd:auth): authentication failure; logname= uid=0 euid=0 tty=ssh ruser= rhost=183.129.170.130  user=root
Dec 17 09:39:01 LabSZ sshd[31337]: Invalid user test from 103.207.39.38
Dec 17 09:39:01 LabSZ sshd[31337]: input_userauth_request: invalid user test [preauth]
Dec 17 09:39:01 LabSZ sshd[31337]: pam_unix(sshd:auth): check pass; user unknown
Dec 17 09:39:01 LabSZ sshd[31337]: pam_unix(sshd:auth): authentication failure; logname= uid=0 euid=0 tty=ssh ruser= rhost=103.207.39.38 
Dec 17 09:39:01 LabSZ sshd[31335]: Failed password for root from 183.129.170.130 port 43491 ssh2
Dec 17 09:39:01 LabSZ sshd[31335]: Connection closed by 183.129.170.130 [preauth]
Dec 17 09:39:01 LabSZ sshd[31352]: pam_unix(sshd:auth): authentication failure; logname= uid=0 euid=0 tty=ssh ruser= rhost=183.129.170.130  user=root
Dec 17 09:39:02 LabSZ sshd[31337]: Failed password for invalid user test from 103.207.39.38 port 60659 ssh2
Dec 17 09:39:02 LabSZ sshd[31337]: Received disconnect from 103.207.39.38: 11: Closed due to user request. [preauth]
Dec 17 09:39:03 LabSZ sshd[31352]: Failed password for root from 183.129.170.130 port 43560 ssh2
Dec 17 09:39:03 LabSZ sshd[31352]: Connection closed by 183.129.170.130 [preauth]
Dec 17 09:39:03 LabSZ sshd[31355]: pam_unix(sshd:auth): authentication failure; logname= uid=0 euid=0 tty=ssh ruser= rhost=183.129.170.130  user=root
Dec 17 09:39:04 LabSZ sshd[31357]: Invalid user user from 103.207.39.38
Dec 17 09:39:04 LabSZ sshd[31357]: input_userauth_request: invalid user user [preauth]
Dec 17 09:39:04 LabSZ sshd[31357]: pam_unix(sshd:auth): check pass; user unknown
Dec 17 09:39:04 LabSZ sshd[31357]: pam_unix(sshd:auth): authentication failure; logname= uid=0 euid=0 tty=ssh ruser= rhost=103.207.39.38 
Dec 17 09:39:05 LabSZ sshd[31355]: Failed password for root from 183.129.170.130 port 43635 ssh2
Dec 17 09:39:05 LabSZ sshd[31355]: Connection closed by 183.129.170.130 [preauth]
Dec 17 09:39:05 LabSZ sshd[31359]: pam_unix(sshd:auth): authentication failure; logname= uid=0 euid=0 tty=ssh ruser= rhost=183.129.170.130  user=root
Dec 17 09:39:07 LabSZ sshd[31357]: Failed password for invalid user user from 103.207.39.38 port 64633 ssh2
Dec 17 09:39:07 LabSZ sshd[31357]: Received disconnect from 103.207.39.38: 11: Closed due to user request. [preauth]
