Jan  2 09:08:29 LabSZ sshd[30993]: message repeated 5 times: [ Failed password for root from 218.65.30.30 port 60374 ssh2]
Jan  2 09:08:29 LabSZ sshd[30993]: Disconnecting: Too many authentication failures for root [preauth]
Jan  2 09:08:29 LabSZ sshd[30993]: PAM 5 more authentication failures; logname= uid=0 euid=0 tty=ssh ruser= rhost=218.65.30.30  user=root
Jan  2 09:08:29 LabSZ sshd[30993]: PAM service(sshd) ignoring max retries; 6 > 3
Jan  2 09:08:30 LabSZ sshd[30999]: reverse mapping checking getaddrinfo for 30.30.65.218.broad.xy.jx.dynamic.163data.com.cn [218.65.30.30] failed - POSSIBLE BREAK-IN ATTEMPT!
Jan  2 09:08:30 LabSZ sshd[30999]: pam_unix(sshd:auth): authentication failure; logname= uid=0 euid=0 tty=ssh ruser= rhost=218.65.30.30  user=root
Jan  2 09:08:32 LabSZ sshd[30999]: Failed password for root from 218.65.30.30 port 29650 ssh2
Jan  2 09:08:38 LabSZ sshd[30995]: message repeated 5 times: [ Failed password for root from 182.100.67.120 port 16110 ssh2]
Jan  2 09:08:38 LabSZ sshd[30995]: Disconnecting: Too many authentication failures for root [preauth]
Jan  2 09:08:38 LabSZ sshd[30995]: PAM 5 more authentication failures; logname= uid=0 euid=0 tty=ssh ruser= rhost=182.100.67.120  user=root
Jan  2 09:08:38 LabSZ sshd[30995]: PAM service(sshd) ignoring max retries; 6 > 3
Jan  2 09:08:38 LabSZ sshd[30997]: message repeated 5 times: [ Failed password for root from 58.242.83.25 port 64643 ssh2]
Jan  2 09:08:38 LabSZ sshd[30997]: Disconnecting: Too many authentication failures for root [preauth]
Jan  2 09:08:38 LabSZ sshd[30997]: PAM 5 more authentication failures; logname= uid=0 euid=0 tty=ssh ruser= rhost=58.242.83.25  user=root
Jan  2 09:08:38 LabSZ sshd[30997]: PAM service(sshd) ignoring max retries; 6 > 3
Jan  2 09:08:39 LabSZ sshd[31001]: pam_unix(sshd:auth): authentication failure; logname= uid=0 euid=0 tty=ssh ruser= rhost=182.100.67.120  user=root
Jan  2 09:08:39 LabSZ sshd[31003]: pam_unix(sshd:auth): authentication failure; logname= uid=0 euid=0 tty=ssh ruser= rhost=58.242.83.25  user=root
Jan  2 09:08:41 LabSZ sshd[31001]: Failed password for root from 182.100.67.120 port 52616 ssh2
Jan  2 09:08:41 LabSZ sshd[31003]: Failed password for root from 58.242.83.25 port 19262 ssh2
Jan  2 09:08:45 LabSZ sshd[30999]: message repeated 5 times: [ Failed password for root from 218.65.30.30 port 29650 ssh2]
Jan  2 09:08:45 LabSZ sshd[30999]: Disconnecting: Too many authentication failures for root [preauth]
Jan  2 09:08:45 LabSZ sshd[30999]: PAM 5 more authentication failures; logname= uid=0 euid=0 tty=ssh ruser= rhost=218.65.30.30  user=root
Jan  2 09:08:45 LabSZ sshd[30999]: PAM service(sshd) ignoring max retries; 6 > 3
Jan  2 09:08:47 LabSZ sshd[31005]: reverse mapping checking getaddrinfo for 30.30.65.218.broad.xy.jx.dynamic.163data.com.cn [218.65.30.30] failed - POSSIBLE BREAK-IN ATTEMPT!
Jan  2 09:08:47 LabSZ sshd[31005]: pam_unix(sshd:auth): authentication failure; logname= uid=0 euid=0 tty=ssh ruser= rhost=218.65.30.30  user=root
Jan  2 09:08:49 LabSZ sshd[31005]: Failed password for root from 218.65.30.30 port 2174 ssh2
Jan  2 09:08:53 LabSZ sshd[31003]: message repeated 5 times: [ Failed password for root from 58.242.83.25 port 19262 ssh2]
Jan  2 09:08:53 LabSZ sshd[31003]: Disconnecting: Too many authentication failures for root [preauth]
Jan  2 09:08:53 LabSZ sshd[31003]: PAM 5 more authentication failures; logname= uid=0 euid=0 tty=ssh ruser= rhost=58.242.83.25  user=root
Jan  2 09:08:53 LabSZ sshd[31003]: PAM service(sshd) ignoring max retries; 6 > 3
Jan  2 09:08:54 LabSZ sshd[31001]: message repeated 5 times: [ Failed password for root from 182.100.67.120 port 52616 ssh2]
Jan  2 09:08:54 LabSZ sshd[31001]: Disconnecting: Too many authentication failures for root [preauth]
Jan  2 09:08:54 LabSZ sshd[31001]: PAM 5 more authentication failures; logname= uid=0 euid=0 tty=ssh ruser= rhost=182.100.67.120  user=root
Jan  2 09:08:54 LabSZ sshd[31001]: PAM service(sshd) ignoring max retries; 6 > 3
Jan  2 09:08:54 LabSZ sshd[31007]: pam_unix(sshd:auth): authentication failure; logname= uid=0 euid=0 tty=ssh ruser= rhost=139.219.239.13  user=root
Jan  2 09:08:55 LabSZ sshd[31009]: pam_unix(sshd:auth): authentication failure; logname= uid=0 euid=0 tty=ssh ruser= rhost=58.242.83.25  user=root
Jan  2 09:08:55 LabSZ sshd[31011]: pam_unix(sshd:auth): authentication failure; logname= uid=0 euid=0 tty=ssh ruser= rhost=182.100.67.120  user=root
Jan  2 09:08:56 LabSZ sshd[31009]: Failed password for root from 58.242.83.25 port 39795 ssh2
Jan  2 09:08:56 LabSZ sshd[31007]: Failed password for root from 139.219.239.13 port 21400 ssh2
Jan  2 09:08:56 LabSZ sshd[31007]: Received disconnect from 139.219.239.13: 11: Bye Bye [preauth]
Jan  2 09:08:57 LabSZ sshd[31011]: Failed password for root from 182.100.67.120 port 24692 ssh2
Jan  2 09:08:57 LabSZ sshd[31013]: Invalid user app from 139.219.239.13
Jan  2 09:08:57 LabSZ sshd[31013]: input_userauth_request: invalid user app [preauth]
Jan  2 09:08:57 LabSZ sshd[31013]: pam_unix(sshd:auth): check pass; user unknown
Jan  2 09:08:57 LabSZ sshd[31013]: pam_unix(sshd:auth): authentication failure; logname= uid=0 euid=0 tty=ssh ruser= rhost=139.219.239.13 
Jan  2 09:08:59 LabSZ sshd[31013]: Failed password for invalid user app from 139.219.239.13 port 21409 ssh2
Jan  2 09:08:59 LabSZ sshd[31013]: Received disconnect from 139.219.239.13: 11: Bye Bye [preauth]
Jan  2 09:08:59 LabSZ sshd[31015]: pam_unix(sshd:auth): authentication failure; logname= uid=0 euid=0 tty=ssh ruser= rhost=139.219.239.13  user=bin
Jan  2 09:09:01 LabSZ sshd[31005]: message repeated 5 times: [ Failed password for root from 218.65.30.30 port 2174 ssh2]
Jan  2 09:09:01 LabSZ sshd[31005]: Disconnecting: Too many authentication failures for root [preauth]
Jan  2 09:09:01 LabSZ sshd[31005]: PAM 5 more authentication failures; logname= uid=0 euid=0 tty=ssh ruser= rhost=218.65.30.30  user=root
Jan  2 09:09:01 LabSZ sshd[31005]: PAM service(sshd) ignoring max retries; 6 > 3
Jan  2 09:09:01 LabSZ sshd[31015]: Failed password for bin from 139.219.239.13 port 21481 ssh2
Jan  2 09:09:01 LabSZ sshd[31015]: Received disconnect from 139.219.239.13: 11: Bye Bye [preauth]
Jan  2 09:09:02 LabSZ sshd[31025]: pam_unix(sshd:auth): authentication failure; logname= uid=0 euid=0 tty=ssh ruser= rhost=139.219.239.13  user=bin
Jan  2 09:09:03 LabSZ sshd[31025]: Failed password for bin from 139.219.239.13 port 21482 ssh2
Jan  2 09:09:03 LabSZ sshd[31025]: Received disconnect from 139.219.239.13: 11: Bye Bye [preauth]
Jan  2 09:09:03 LabSZ sshd[31033]: reverse mapping checking getaddrinfo for 30.30.65.218.broad.xy.jx.dynamic.163data.com.cn [218.65.30.30] failed - POSSIBLE BREAK-IN ATTEMPT!
Jan  2 09:09:03 LabSZ sshd[31035]: pam_unix(sshd:auth): authentication failure; logname= uid=0 euid=0 tty=ssh ruser= rhost=139.219.239.13  user=bin
Jan  2 09:09:03 LabSZ sshd[31033]: pam_unix(sshd:auth): authentication failure; logname= uid=0 euid=0 tty=ssh ruser= rhost=218.65.30.30  user=root
Jan  2 09:09:05 LabSZ sshd[31035]: Failed password for bin from 139.219.239.13 port 21483 ssh2
Jan  2 09:09:05 LabSZ sshd[31035]: Received disconnect from 139.219.239.13: 11: Bye Bye [preauth]
Jan  2 09:09:05 LabSZ sshd[31033]: Failed password for root from 218.65.30.30 port 39478 ssh2
Jan  2 09:09:06 LabSZ sshd[31037]: pam_unix(sshd:auth): authentication failure; logname= uid=0 euid=0 tty=ssh ruser= rhost=139.219.239.13  user=bin
Jan  2 09:09:08 LabSZ sshd[31037]: Failed password for bin from 139.219.239.13 port 21472 ssh2
Jan  2 09:09:08 LabSZ sshd[31037]: Received disconnect from 139.219.239.13: 11: Bye Bye [preauth]
Jan  2 09:09:08 LabSZ sshd[31009]: message repeated 5 times: [ Failed password for root from 58.242.83.25 port 39795 ssh2]
Jan  2 09:09:08 LabSZ sshd[31009]: Disconnecting: Too many authentication failures for root [preauth]
Jan  2 09:09:08 LabSZ sshd[31009]: PAM 5 more authentication failures; logname= uid=0 euid=0 tty=ssh ruser= rhost=58.242.83.25  user=root
Jan  2 09:09:08 LabSZ sshd[31009]: PAM service(sshd) ignoring max retries; 6 > 3
Jan  2 09:09:08 LabSZ sshd[31039]: pam_unix(sshd:auth): authentication failure; logname= uid=0 euid=0 tty=ssh ruser= rhost=139.219.239.13  user=bin
Jan  2 09:09:09 LabSZ sshd[31011]: message repeated 5 times: [ Failed password for root from 182.100.67.120 port 24692 ssh2]
Jan  2 09:09:09 LabSZ sshd[31011]: Disconnecting: Too many authentication failures for root [preauth]
Jan  2 09:09:09 LabSZ sshd[31011]: PAM 5 more authentication failures; logname= uid=0 euid=0 tty=ssh ruser= rhost=182.100.67.120  user=root
Jan  2 09:09:09 LabSZ sshd[31011]: PAM service(sshd) ignoring max retries; 6 > 3
Jan  2 09:09:09 LabSZ sshd[31041]: pam_unix(sshd:auth): authentication failure; logname= uid=0 euid=0 tty=ssh ruser= rhost=58.242.83.25  user=root
Jan  2 09:09:10 LabSZ sshd[31039]: Failed password for bin from 139.219.239.13 port 21473 ssh2
Jan  2 09:09:10 LabSZ sshd[31043]: pam_unix(sshd:auth): authentication failure; logname= uid=0 euid=0 tty=ssh ruser= rhost=182.100.67.120  user=root
Jan  2 09:09:10 LabSZ sshd[31039]: Received disconnect from 139.219.239.13: 11: Bye Bye [preauth]
Jan  2 09:09:10 LabSZ sshd[31045]: pam_unix(sshd:auth): authentication failure; logname= uid=0 euid=0 tty=ssh ruser= rhost=139.219.239.13  user=bin
Jan  2 09:09:11 LabSZ sshd[31041]: Failed password for root from 58.242.83.25 port 59399 ssh2
Jan  2 09:09:12 LabSZ sshd[31043]: Failed password for root from 182.100.67.120 port 58214 ssh2
Jan  2 09:09:13 LabSZ sshd[31045]: Failed password for bin from 139.219.239.13 port 21474 ssh2
Jan  2 09:09:13 LabSZ sshd[31045]: Received disconnect from 139.219.239.13: 11: Bye Bye [preauth]
Jan  2 09:09:13 LabSZ sshd[31047]: pam_unix(sshd:auth): authentication failure; logname= uid=0 euid=0 tty=ssh ruser= rhost=139.219.239.13  user=bin
Jan  2 09:09:14 LabSZ sshd[31047]: Failed password for bin from 139.219.239.13 port 21476 ssh2
Jan  2 09:09:14 LabSZ sshd[31047]: Received disconnect from 139.219.239.13: 11: Bye Bye [preauth]
Jan  2 09:09:15 LabSZ sshd[31049]: pam_unix(sshd:auth): authentication failure; logname= uid=0 euid=0 tty=ssh ruser= rhost=139.219.239.13  user=bin
Jan  2 09:09:17 LabSZ sshd[31049]: Failed password for bin from 139.219.239.13 port 21477 ssh2
Jan  2 09:09:17 LabSZ sshd[31049]: Received disconnect from 139.219.239.13: 11: Bye Bye [preauth]
Jan  2 09:09:17 LabSZ sshd[31051]: pam_unix(sshd:auth): authentication failure; logname= uid=0 euid=0 tty=ssh ruser= rhost=139.219.239.13  user=bin
Jan  2 09:09:19 LabSZ sshd[31051]: Failed password for bin from 139.219.239.13 port 21478 ssh2
Jan  2 09:09:19 LabSZ sshd[31051]: Received disconnect from 139.219.239.13: 11: Bye Bye [preauth]
Jan  2 09:09:20 LabSZ sshd[31053]: pam_unix(sshd:auth): authentication failure; logname= uid=0 euid=0 tty=ssh ruser= rhost=139.219.239.13  user=bin
Jan  2 09:09:20 LabSZ sshd[31033]: message repeated 5 times: [ Failed password for root from 218.65.30.30 port 39478 ssh2]
Jan  2 09:09:20 LabSZ sshd[31033]: Disconnecting: Too many authentication failures for root [preauth]
Jan  2 09:09:20 LabSZ sshd[31033]: PAM 5 more authentication failures; logname= uid=0 euid=0 tty=ssh ruser= rhost=218.65.30.30  user=root
Jan  2 09:09:20 LabSZ sshd[31033]: PAM service(sshd) ignoring max retries; 6 > 3
Jan  2 09:09:21 LabSZ sshd[31053]: Failed password for bin from 139.219.239.13 port 1136 ssh2
Jan  2 09:09:21 LabSZ sshd[31053]: Received disconnect from 139.219.239.13: 11: Bye Bye [preauth]
