Jan  4 12:33:06 LabSZ sshd[30948]: PAM 5 more authentication failures; logname= uid=0 euid=0 tty=ssh ruser= rhost=59.63.188.30  user=root
Jan  4 12:33:06 LabSZ sshd[30948]: PAM service(sshd) ignoring max retries; 6 > 3
Jan  4 12:33:07 LabSZ sshd[30950]: pam_unix(sshd:auth): authentication failure; logname= uid=0 euid=0 tty=ssh ruser= rhost=59.63.188.30  user=root
Jan  4 12:33:07 LabSZ sshd[30952]: pam_unix(sshd:auth): authentication failure; logname= uid=0 euid=0 tty=ssh ruser= rhost=59.63.188.30  user=root
Jan  4 12:33:08 LabSZ sshd[30950]: Failed password for root from 59.63.188.30 port 61141 ssh2
Jan  4 12:33:09 LabSZ sshd[30952]: Failed password for root from 59.63.188.30 port 61442 ssh2
Jan  4 12:33:22 LabSZ sshd[30950]: message repeated 5 times: [ Failed password for root from 59.63.188.30 port 61141 ssh2]
Jan  4 12:33:22 LabSZ sshd[30950]: Disconnecting: Too many authentication failures for root [preauth]
Jan  4 12:33:22 LabSZ sshd[30950]: PAM 5 more authentication failures; logname= uid=0 euid=0 tty=ssh ruser= rhost=59.63.188.30  user=root
Jan  4 12:33:22 LabSZ sshd[30950]: PAM service(sshd) ignoring max retries; 6 > 3
Jan  4 12:33:22 LabSZ sshd[30952]: message repeated 5 times: [ Failed password for root from 59.63.188.30 port 61442 ssh2]
Jan  4 12:33:22 LabSZ sshd[30952]: Disconnecting: Too many authentication failures for root [preauth]
Jan  4 12:33:22 LabSZ sshd[30952]: PAM 5 more authentication failures; logname= uid=0 euid=0 tty=ssh ruser= rhost=59.63.188.30  user=root
Jan  4 12:33:22 LabSZ sshd[30952]: PAM service(sshd) ignoring max retries; 6 > 3
Jan  4 12:33:24 LabSZ sshd[30954]: pam_unix(sshd:auth): authentication failure; logname= uid=0 euid=0 tty=ssh ruser= rhost=59.63.188.30  user=root
Jan  4 12:33:24 LabSZ sshd[30956]: pam_unix(sshd:auth): authentication failure; logname= uid=0 euid=0 tty=ssh ruser= rhost=59.63.188.30  user=root
Jan  4 12:33:26 LabSZ sshd[30954]: Failed password for root from 59.63.188.30 port 16072 ssh2
Jan  4 12:33:26 LabSZ sshd[30956]: Failed password for root from 59.63.188.30 port 16218 ssh2
Jan  4 12:33:39 LabSZ sshd[30954]: message repeated 5 times: [ Failed password for root from 59.63.188.30 port 16072 ssh2]
Jan  4 12:33:39 LabSZ sshd[30954]: Disconnecting: Too many authentication failures for root [preauth]
Jan  4 12:33:39 LabSZ sshd[30954]: PAM 5 more authentication failures; logname= uid=0 euid=0 tty=ssh ruser= rhost=59.63.188.30  user=root
Jan  4 12:33:39 LabSZ sshd[30954]: PAM service(sshd) ignoring max retries; 6 > 3
Jan  4 12:33:39 LabSZ sshd[30956]: message repeated 5 times: [ Failed password for root from 59.63.188.30 port 16218 ssh2]
Jan  4 12:33:39 LabSZ sshd[30956]: Disconnecting: Too many authentication failures for root [preauth]
Jan  4 12:33:39 LabSZ sshd[30956]: PAM 5 more authentication failures; logname= uid=0 euid=0 tty=ssh ruser= rhost=59.63.188.30  user=root
Jan  4 12:33:39 LabSZ sshd[30956]: PAM service(sshd) ignoring max retries; 6 > 3
Jan  4 12:33:40 LabSZ sshd[30958]: pam_unix(sshd:auth): authentication failure; logname= uid=0 euid=0 tty=ssh ruser= rhost=59.63.188.30  user=root
Jan  4 12:33:40 LabSZ sshd[30960]: pam_unix(sshd:auth): authentication failure; logname= uid=0 euid=0 tty=ssh ruser= rhost=59.63.188.30  user=root
Jan  4 12:33:42 LabSZ sshd[30958]: Failed password for root from 59.63.188.30 port 34839 ssh2
Jan  4 12:33:42 LabSZ sshd[30960]: Failed password for root from 59.63.188.30 port 35101 ssh2
Jan  4 12:33:53 LabSZ sshd[30962]: Did not receive identification string from 103.79.141.133
Jan  4 12:33:54 LabSZ sshd[30963]: Invalid user support from 103.79.141.133
Jan  4 12:33:54 LabSZ sshd[30963]: input_userauth_request: invalid user support [preauth]
Jan  4 12:33:54 LabSZ sshd[30963]: pam_unix(sshd:auth): check pass; user unknown
Jan  4 12:33:54 LabSZ sshd[30963]: pam_unix(sshd:auth): authentication failure; logname= uid=0 euid=0 tty=ssh ruser= rhost=103.79.141.133 
Jan  4 12:33:55 LabSZ sshd[30958]: message repeated 5 times: [ Failed password for root from 59.63.188.30 port 34839 ssh2]
Jan  4 12:33:55 LabSZ sshd[30958]: Disconnecting: Too many authentication failures for root [preauth]
Jan  4 12:33:55 LabSZ sshd[30958]: PAM 5 more authentication failures; logname= uid=0 euid=0 tty=ssh ruser= rhost=59.63.188.30  user=root
Jan  4 12:33:55 LabSZ sshd[30958]: PAM service(sshd) ignoring max retries; 6 > 3
Jan  4 12:33:56 LabSZ sshd[30963]: Failed password for invalid user support from 103.79.141.133 port 51802 ssh2
Jan  4 12:33:56 LabSZ sshd[30963]: error: Received disconnect from 103.79.141.133: 3: com.jcraft.jsch.JSchException: Auth fail [preauth]
Jan  4 12:33:56 LabSZ sshd[30960]: message repeated 5 times: [ Failed password for root from 59.63.188.30 port 35101 ssh2]
Jan  4 12:33:56 LabSZ sshd[30960]: Disconnecting: Too many authentication failures for root [preauth]
Jan  4 12:33:56 LabSZ sshd[30960]: PAM 5 more authentication failures; logname= uid=0 euid=0 tty=ssh ruser= rhost=59.63.188.30  user=root
Jan  4 12:33:56 LabSZ sshd[30960]: PAM service(sshd) ignoring max retries; 6 > 3
Jan  4 12:33:56 LabSZ sshd[30965]: pam_unix(sshd:auth): authentication failure; logname= uid=0 euid=0 tty=ssh ruser= rhost=59.63.188.30  user=root
Jan  4 12:33:57 LabSZ sshd[30967]: pam_unix(sshd:auth): authentication failure; logname= uid=0 euid=0 tty=ssh ruser= rhost=59.63.188.30  user=root
Jan  4 12:33:58 LabSZ sshd[30969]: Invalid user admin from 103.79.141.133
Jan  4 12:33:58 LabSZ sshd[30969]: input_userauth_request: invalid user admin [preauth]
Jan  4 12:33:58 LabSZ sshd[30965]: Failed password for root from 59.63.188.30 port 52692 ssh2
Jan  4 12:33:58 LabSZ sshd[30969]: pam_unix(sshd:auth): check pass; user unknown
Jan  4 12:33:58 LabSZ sshd[30969]: pam_unix(sshd:auth): authentication failure; logname= uid=0 euid=0 tty=ssh ruser= rhost=103.79.141.133 
Jan  4 12:33:59 LabSZ sshd[30967]: Failed password for root from 59.63.188.30 port 53760 ssh2
Jan  4 12:33:59 LabSZ sshd[30969]: Failed password for invalid user admin from 103.79.141.133 port 60143 ssh2
Jan  4 12:33:59 LabSZ sshd[30969]: error: Received disconnect from 103.79.141.133: 3: com.jcraft.jsch.JSchException: Auth fail [preauth]
Jan  4 12:34:11 LabSZ sshd[30965]: message repeated 5 times: [ Failed password for root from 59.63.188.30 port 52692 ssh2]
Jan  4 12:34:11 LabSZ sshd[30965]: Disconnecting: Too many authentication failures for root [preauth]
Jan  4 12:34:11 LabSZ sshd[30965]: PAM 5 more authentication failures; logname= uid=0 euid=0 tty=ssh ruser= rhost=59.63.188.30  user=root
Jan  4 12:34:11 LabSZ sshd[30965]: PAM service(sshd) ignoring max retries; 6 > 3
Jan  4 12:34:11 LabSZ sshd[30967]: message repeated 5 times: [ Failed password for root from 59.63.188.30 port 53760 ssh2]
Jan  4 12:34:11 LabSZ sshd[30967]: Disconnecting: Too many authentication failures for root [preauth]
Jan  4 12:34:11 LabSZ sshd[30967]: PAM 5 more authentication failures; logname= uid=0 euid=0 tty=ssh ruser= rhost=59.63.188.30  user=root
Jan  4 12:34:11 LabSZ sshd[30967]: PAM service(sshd) ignoring max retries; 6 > 3
Jan  4 12:34:12 LabSZ sshd[30971]: pam_unix(sshd:auth): authentication failure; logname= uid=0 euid=0 tty=ssh ruser= rhost=59.63.188.30  user=root
Jan  4 12:34:13 LabSZ sshd[30973]: pam_unix(sshd:auth): authentication failure; logname= uid=0 euid=0 tty=ssh ruser= rhost=59.63.188.30  user=root
Jan  4 12:34:14 LabSZ sshd[30971]: Failed password for root from 59.63.188.30 port 6091 ssh2
Jan  4 12:34:15 LabSZ sshd[30973]: Failed password for root from 59.63.188.30 port 7141 ssh2
Jan  4 12:34:27 LabSZ sshd[30971]: message repeated 5 times: [ Failed password for root from 59.63.188.30 port 6091 ssh2]
Jan  4 12:34:27 LabSZ sshd[30971]: Disconnecting: Too many authentication failures for root [preauth]
Jan  4 12:34:27 LabSZ sshd[30971]: PAM 5 more authentication failures; logname= uid=0 euid=0 tty=ssh ruser= rhost=59.63.188.30  user=root
Jan  4 12:34:27 LabSZ sshd[30971]: PAM service(sshd) ignoring max retries; 6 > 3
Jan  4 12:34:28 LabSZ sshd[30973]: message repeated 5 times: [ Failed password for root from 59.63.188.30 port 7141 ssh2]
Jan  4 12:34:28 LabSZ sshd[30973]: Disconnecting: Too many authentication failures for root [preauth]
Jan  4 12:34:28 LabSZ sshd[30973]: PAM 5 more authentication failures; logname= uid=0 euid=0 tty=ssh ruser= rhost=59.63.188.30  user=root
Jan  4 12:34:28 LabSZ sshd[30973]: PAM service(sshd) ignoring max retries; 6 > 3
Jan  4 12:34:28 LabSZ sshd[30975]: pam_unix(sshd:auth): authentication failure; logname= uid=0 euid=0 tty=ssh ruser= rhost=59.63.188.30  user=root
Jan  4 12:34:29 LabSZ sshd[30977]: pam_unix(sshd:auth): authentication failure; logname= uid=0 euid=0 tty=ssh ruser= rhost=59.63.188.30  user=root
Jan  4 12:34:30 LabSZ sshd[30975]: Failed password for root from 59.63.188.30 port 24239 ssh2
Jan  4 12:34:31 LabSZ sshd[30977]: Failed password for root from 59.63.188.30 port 25197 ssh2
Jan  4 12:34:43 LabSZ sshd[30975]: message repeated 5 times: [ Failed password for root from 59.63.188.30 port 24239 ssh2]
Jan  4 12:34:43 LabSZ sshd[30975]: Disconnecting: Too many authentication failures for root [preauth]
Jan  4 12:34:43 LabSZ sshd[30975]: PAM 5 more authentication failures; logname= uid=0 euid=0 tty=ssh ruser= rhost=59.63.188.30  user=root
Jan  4 12:34:43 LabSZ sshd[30975]: PAM service(sshd) ignoring max retries; 6 > 3
Jan  4 12:34:43 LabSZ sshd[30977]: message repeated 5 times: [ Failed password for root from 59.63.188.30 port 25197 ssh2]
Jan  4 12:34:43 LabSZ sshd[30977]: Disconnecting: Too many authentication failures for root [preauth]
Jan  4 12:34:43 LabSZ sshd[30977]: PAM 5 more authentication failures; logname= uid=0 euid=0 tty=ssh ruser= rhost=59.63.188.30  user=root
Jan  4 12:34:43 LabSZ sshd[30977]: PAM service(sshd) ignoring max retries; 6 > 3
Jan  4 12:34:44 LabSZ sshd[30979]: pam_unix(sshd:auth): authentication failure; logname= uid=0 euid=0 tty=ssh ruser= rhost=59.63.188.30  user=root
Jan  4 12:34:44 LabSZ sshd[30981]: pam_unix(sshd:auth): authentication failure; logname= uid=0 euid=0 tty=ssh ruser= rhost=59.63.188.30  user=root
Jan  4 12:34:46 LabSZ sshd[30979]: Failed password for root from 59.63.188.30 port 42168 ssh2
Jan  4 12:34:46 LabSZ sshd[30981]: Failed password for root from 59.63.188.30 port 42452 ssh2
Jan  4 12:34:58 LabSZ sshd[30981]: message repeated 5 times: [ Failed password for root from 59.63.188.30 port 42452 ssh2]
Jan  4 12:34:58 LabSZ sshd[30981]: Disconnecting: Too many authentication failures for root [preauth]
Jan  4 12:34:58 LabSZ sshd[30981]: PAM 5 more authentication failures; logname= uid=0 euid=0 tty=ssh ruser= rhost=59.63.188.30  user=root
Jan  4 12:34:58 LabSZ sshd[30981]: PAM service(sshd) ignoring max retries; 6 > 3
Jan  4 12:34:58 LabSZ sshd[30979]: message repeated 5 times: [ Failed password for root from 59.63.188.30 port 42168 ssh2]
Jan  4 12:34:58 LabSZ sshd[30979]: Disconnecting: Too many authentication failures for root [preauth]
Jan  4 12:34:58 LabSZ sshd[30979]: PAM 5 more authentication failures; logname= uid=0 euid=0 tty=ssh ruser= rhost=59.63.188.30  user=root
Jan  4 12:34:58 LabSZ sshd[30979]: PAM service(sshd) ignoring max retries; 6 > 3
Jan  4 12:34:59 LabSZ sshd[30983]: pam_unix(sshd:auth): authentication failure; logname= uid=0 euid=0 tty=ssh ruser= rhost=59.63.188.30  user=root
