Dec 30 10:20:40 LabSZ sshd[24311]: Received disconnect from 139.219.191.138: 11: Bye Bye [preauth]
Dec 30 10:20:41 LabSZ sshd[24315]: pam_unix(sshd:auth): authentication failure; logname= uid=0 euid=0 tty=ssh ruser= rhost=139.219.191.138  user=root
Dec 30 10:20:41 LabSZ sshd[24313]: Invalid user admin from 5.188.10.182
Dec 30 10:20:41 LabSZ sshd[24313]: input_userauth_request: invalid user admin [preauth]
Dec 30 10:20:41 LabSZ sshd[24313]: pam_unix(sshd:auth): check pass; user unknown
Dec 30 10:20:41 LabSZ sshd[24313]: pam_unix(sshd:auth): authentication failure; logname= uid=0 euid=0 tty=ssh ruser= rhost=5.188.10.182 
Dec 30 10:20:43 LabSZ sshd[24315]: Failed password for root from 139.219.191.138 port 54954 ssh2
Dec 30 10:20:43 LabSZ sshd[24315]: Received disconnect from 139.219.191.138: 11: Bye Bye [preauth]
Dec 30 10:20:43 LabSZ sshd[24317]: pam_unix(sshd:auth): authentication failure; logname= uid=0 euid=0 tty=ssh ruser= rhost=139.219.191.138  user=root
Dec 30 10:20:43 LabSZ sshd[24313]: Failed password for invalid user admin from 5.188.10.182 port 40470 ssh2
Dec 30 10:20:44 LabSZ sshd[24313]: Connection closed by 5.188.10.182 [preauth]
Dec 30 10:20:45 LabSZ sshd[24317]: Failed password for root from 139.219.191.138 port 57016 ssh2
Dec 30 10:20:45 LabSZ sshd[24317]: Received disconnect from 139.219.191.138: 11: Bye Bye [preauth]
Dec 30 10:20:46 LabSZ sshd[24319]: Invalid user default from 5.188.10.182
Dec 30 10:20:46 LabSZ sshd[24319]: input_userauth_request: invalid user default [preauth]
Dec 30 10:20:46 LabSZ sshd[24319]: pam_unix(sshd:auth): check pass; user unknown
Dec 30 10:20:46 LabSZ sshd[24319]: pam_unix(sshd:auth): authentication failure; logname= uid=0 euid=0 tty=ssh ruser= rhost=5.188.10.182 
Dec 30 10:20:46 LabSZ sshd[24321]: pam_unix(sshd:auth): authentication failure; logname= uid=0 euid=0 tty=ssh ruser= rhost=139.219.191.138  user=root
Dec 30 10:20:48 LabSZ sshd[24319]: Failed password for invalid user default from 5.188.10.182 port 42675 ssh2
Dec 30 10:20:48 LabSZ sshd[24321]: Failed password for root from 139.219.191.138 port 59342 ssh2
Dec 30 10:20:48 LabSZ sshd[24321]: Received disconnect from 139.219.191.138: 11: Bye Bye [preauth]
Dec 30 10:20:48 LabSZ sshd[24323]: pam_unix(sshd:auth): authentication failure; logname= uid=0 euid=0 tty=ssh ruser= rhost=139.219.191.138  user=root
Dec 30 10:20:48 LabSZ sshd[24319]: pam_unix(sshd:auth): check pass; user unknown
Dec 30 10:20:50 LabSZ sshd[24323]: Failed password for root from 139.219.191.138 port 33296 ssh2
Dec 30 10:20:50 LabSZ sshd[24323]: Received disconnect from 139.219.191.138: 11: Bye Bye [preauth]
Dec 30 10:20:50 LabSZ sshd[24325]: pam_unix(sshd:auth): authentication failure; logname= uid=0 euid=0 tty=ssh ruser= rhost=139.219.191.138  user=root
Dec 30 10:20:50 LabSZ sshd[24319]: Failed password for invalid user default from 5.188.10.182 port 42675 ssh2
Dec 30 10:20:51 LabSZ sshd[24319]: Connection closed by 5.188.10.182 [preauth]
Dec 30 10:20:51 LabSZ sshd[24319]: PAM 1 more authentication failure; logname= uid=0 euid=0 tty=ssh ruser= rhost=5.188.10.182 
Dec 30 10:20:52 LabSZ sshd[24325]: Failed password for root from 139.219.191.138 port 35336 ssh2
Dec 30 10:20:52 LabSZ sshd[24325]: Received disconnect from 139.219.191.138: 11: Bye Bye [preauth]
Dec 30 10:20:53 LabSZ sshd[24329]: pam_unix(sshd:auth): authentication failure; logname= uid=0 euid=0 tty=ssh ruser= rhost=139.219.191.138  user=root
Dec 30 10:20:54 LabSZ sshd[24327]: pam_unix(sshd:auth): authentication failure; logname= uid=0 euid=0 tty=ssh ruser= rhost=5.188.10.182  user=ftp
Dec 30 10:20:55 LabSZ sshd[24329]: Failed password for root from 139.219.191.138 port 37604 ssh2
Dec 30 10:20:55 LabSZ sshd[24329]: Received disconnect from 139.219.191.138: 11: Bye Bye [preauth]
Dec 30 10:20:55 LabSZ sshd[24331]: pam_unix(sshd:auth): authentication failure; logname= uid=0 euid=0 tty=ssh ruser= rhost=139.219.191.138  user=root
Dec 30 10:20:56 LabSZ sshd[24327]: Failed password for ftp from 5.188.10.182 port 34238 ssh2
Dec 30 10:20:57 LabSZ sshd[24327]: Connection closed by 5.188.10.182 [preauth]
Dec 30 10:20:58 LabSZ sshd[24331]: Failed password for root from 139.219.191.138 port 39964 ssh2
Dec 30 10:20:58 LabSZ sshd[24331]: Received disconnect from 139.219.191.138: 11: Bye Bye [preauth]
Dec 30 10:20:58 LabSZ sshd[24334]: pam_unix(sshd:auth): authentication failure; logname= uid=0 euid=0 tty=ssh ruser= rhost=139.219.191.138  user=root
Dec 30 10:21:00 LabSZ sshd[24334]: Failed password for root from 139.219.191.138 port 42284 ssh2
Dec 30 10:21:00 LabSZ sshd[24334]: Received disconnect from 139.219.191.138: 11: Bye Bye [preauth]
Dec 30 10:21:00 LabSZ sshd[24337]: pam_unix(sshd:auth): authentication failure; logname= uid=0 euid=0 tty=ssh ruser= rhost=139.219.191.138  user=root
Dec 30 10:21:00 LabSZ sshd[24333]: Invalid user guest from 5.188.10.182
Dec 30 10:21:00 LabSZ sshd[24333]: input_userauth_request: invalid user guest [preauth]
Dec 30 10:21:00 LabSZ sshd[24333]: pam_unix(sshd:auth): check pass; user unknown
Dec 30 10:21:00 LabSZ sshd[24333]: pam_unix(sshd:auth): authentication failure; logname= uid=0 euid=0 tty=ssh ruser= rhost=5.188.10.182 
Dec 30 10:21:02 LabSZ sshd[24337]: Failed password for root from 139.219.191.138 port 44446 ssh2
Dec 30 10:21:02 LabSZ sshd[24337]: Received disconnect from 139.219.191.138: 11: Bye Bye [preauth]
Dec 30 10:21:03 LabSZ sshd[24333]: Failed password for invalid user guest from 5.188.10.182 port 55338 ssh2
Dec 30 10:21:03 LabSZ sshd[24339]: pam_unix(sshd:auth): authentication failure; logname= uid=0 euid=0 tty=ssh ruser= rhost=139.219.191.138  user=root
Dec 30 10:21:03 LabSZ sshd[24333]: Connection closed by 5.188.10.182 [preauth]
Dec 30 10:21:05 LabSZ sshd[24339]: Failed password for root from 139.219.191.138 port 46776 ssh2
Dec 30 10:21:05 LabSZ sshd[24339]: Received disconnect from 139.219.191.138: 11: Bye Bye [preauth]
Dec 30 10:21:05 LabSZ sshd[24343]: pam_unix(sshd:auth): authentication failure; logname= uid=0 euid=0 tty=ssh ruser= rhost=139.219.191.138  user=root
Dec 30 10:21:05 LabSZ sshd[24341]: Connection closed by 5.188.10.182 [preauth]
Dec 30 10:21:07 LabSZ sshd[24343]: Failed password for root from 139.219.191.138 port 48714 ssh2
Dec 30 10:21:07 LabSZ sshd[24343]: Received disconnect from 139.219.191.138: 11: Bye Bye [preauth]
Dec 30 10:21:08 LabSZ sshd[24347]: pam_unix(sshd:auth): authentication failure; logname= uid=0 euid=0 tty=ssh ruser= rhost=139.219.191.138  user=root
Dec 30 10:21:08 LabSZ sshd[24345]: Invalid user operator from 5.188.10.182
Dec 30 10:21:08 LabSZ sshd[24345]: input_userauth_request: invalid user operator [preauth]
Dec 30 10:21:08 LabSZ sshd[24345]: pam_unix(sshd:auth): check pass; user unknown
Dec 30 10:21:08 LabSZ sshd[24345]: pam_unix(sshd:auth): authentication failure; logname= uid=0 euid=0 tty=ssh ruser= rhost=5.188.10.182 
Dec 30 10:21:10 LabSZ sshd[24347]: Failed password for root from 139.219.191.138 port 51164 ssh2
Dec 30 10:21:10 LabSZ sshd[24347]: Received disconnect from 139.219.191.138: 11: Bye Bye [preauth]
Dec 30 10:21:11 LabSZ sshd[24349]: pam_unix(sshd:auth): authentication failure; logname= uid=0 euid=0 tty=ssh ruser= rhost=139.219.191.138  user=root
Dec 30 10:21:11 LabSZ sshd[24345]: Failed password for invalid user operator from 5.188.10.182 port 33718 ssh2
Dec 30 10:21:11 LabSZ sshd[24345]: Connection closed by 5.188.10.182 [preauth]
Dec 30 10:21:13 LabSZ sshd[24349]: Failed password for root from 139.219.191.138 port 53898 ssh2
Dec 30 10:21:13 LabSZ sshd[24349]: Received disconnect from 139.219.191.138: 11: Bye Bye [preauth]
Dec 30 10:21:13 LabSZ sshd[24353]: pam_unix(sshd:auth): authentication failure; logname= uid=0 euid=0 tty=ssh ruser= rhost=139.219.191.138  user=root
Dec 30 10:21:14 LabSZ sshd[24351]: Invalid user osmc from 5.188.10.182
Dec 30 10:21:14 LabSZ sshd[24351]: input_userauth_request: invalid user osmc [preauth]
Dec 30 10:21:14 LabSZ sshd[24351]: pam_unix(sshd:auth): check pass; user unknown
Dec 30 10:21:14 LabSZ sshd[24351]: pam_unix(sshd:auth): authentication failure; logname= uid=0 euid=0 tty=ssh ruser= rhost=5.188.10.182 
Dec 30 10:21:16 LabSZ sshd[24353]: Failed password for root from 139.219.191.138 port 56440 ssh2
Dec 30 10:21:16 LabSZ sshd[24353]: Received disconnect from 139.219.191.138: 11: Bye Bye [preauth]
Dec 30 10:21:16 LabSZ sshd[24355]: pam_unix(sshd:auth): authentication failure; logname= uid=0 euid=0 tty=ssh ruser= rhost=139.219.191.138  user=root
Dec 30 10:21:16 LabSZ sshd[24351]: Failed password for invalid user osmc from 5.188.10.182 port 36105 ssh2
Dec 30 10:21:17 LabSZ sshd[24351]: Connection closed by 5.188.10.182 [preauth]
Dec 30 10:21:18 LabSZ sshd[24355]: Failed password for root from 139.219.191.138 port 58812 ssh2
Dec 30 10:21:18 LabSZ sshd[24355]: Received disconnect from 139.219.191.138: 11: Bye Bye [preauth]
Dec 30 10:21:18 LabSZ sshd[24359]: pam_unix(sshd:auth): authentication failure; logname= uid=0 euid=0 tty=ssh ruser= rhost=139.219.191.138  user=root
Dec 30 10:21:20 LabSZ sshd[24357]: pam_unix(sshd:auth): authentication failure; logname= uid=0 euid=0 tty=ssh ruser= rhost=5.188.10.182  user=root
Dec 30 10:21:20 LabSZ sshd[24359]: Failed password for root from 139.219.191.138 port 32908 ssh2
Dec 30 10:21:20 LabSZ sshd[24359]: Received disconnect from 139.219.191.138: 11: Bye Bye [preauth]
Dec 30 10:21:21 LabSZ sshd[24361]: pam_unix(sshd:auth): authentication failure; logname= uid=0 euid=0 tty=ssh ruser= rhost=139.219.191.138  user=root
Dec 30 10:21:23 LabSZ sshd[24361]: Failed password for root from 139.219.191.138 port 35030 ssh2
Dec 30 10:21:23 LabSZ sshd[24361]: Received disconnect from 139.219.191.138: 11: Bye Bye [preauth]
Dec 30 10:21:23 LabSZ sshd[24357]: Failed password for root from 5.188.10.182 port 40722 ssh2
Dec 30 10:21:23 LabSZ sshd[24363]: pam_unix(sshd:auth): authentication failure; logname= uid=0 euid=0 tty=ssh ruser= rhost=139.219.191.138  user=root
Dec 30 10:21:25 LabSZ sshd[24363]: Failed password for root from 139.219.191.138 port 36980 ssh2
Dec 30 10:21:25 LabSZ sshd[24363]: Received disconnect from 139.219.191.138: 11: Bye Bye [preauth]
Dec 30 10:21:26 LabSZ sshd[24365]: pam_unix(sshd:auth): authentication failure; logname= uid=0 euid=0 tty=ssh ruser= rhost=139.219.191.138  user=root
Dec 30 10:21:26 LabSZ sshd[24357]: Failed password for root from 5.188.10.182 port 40722 ssh2
Dec 30 10:21:27 LabSZ sshd[24357]: Connection closed by 5.188.10.182 [preauth]
Dec 30 10:21:27 LabSZ sshd[24357]: PAM 1 more authentication failure; logname= uid=0 euid=0 tty=ssh ruser= rhost=5.188.10.182  user=root
Dec 30 10:21:28 LabSZ sshd[24365]: Failed password for root from 139.219.191.138 port 39428 ssh2
Dec 30 10:21:28 LabSZ sshd[24365]: Received disconnect from 139.219.191.138: 11: Bye Bye [preauth]
