Jan  3 16:15:03 LabSZ sshd[3815]: message repeated 5 times: [ Failed password for root from 59.63.188.30 port 58285 ssh2]
Jan  3 16:15:03 LabSZ sshd[3815]: Disconnecting: Too many authentication failures for root [preauth]
Jan  3 16:15:03 LabSZ sshd[3815]: PAM 5 more authentication failures; logname= uid=0 euid=0 tty=ssh ruser= rhost=59.63.188.30  user=root
Jan  3 16:15:03 LabSZ sshd[3815]: PAM service(sshd) ignoring max retries; 6 > 3
Jan  3 16:15:04 LabSZ sshd[3819]: pam_unix(sshd:auth): authentication failure; logname= uid=0 euid=0 tty=ssh ruser= rhost=59.63.188.30  user=root
Jan  3 16:15:06 LabSZ sshd[3819]: Failed password for root from 59.63.188.30 port 11212 ssh2
Jan  3 16:15:10 LabSZ sshd[3817]: message repeated 5 times: [ Failed password for root from 218.87.109.156 port 56890 ssh2]
Jan  3 16:15:10 LabSZ sshd[3817]: Disconnecting: Too many authentication failures for root [preauth]
Jan  3 16:15:10 LabSZ sshd[3817]: PAM 5 more authentication failures; logname= uid=0 euid=0 tty=ssh ruser= rhost=218.87.109.156  user=root
Jan  3 16:15:10 LabSZ sshd[3817]: PAM service(sshd) ignoring max retries; 6 > 3
Jan  3 16:15:12 LabSZ sshd[3821]: pam_unix(sshd:auth): authentication failure; logname= uid=0 euid=0 tty=ssh ruser= rhost=218.87.109.156  user=root
Jan  3 16:15:14 LabSZ sshd[3821]: Failed password for root from 218.87.109.156 port 43626 ssh2
Jan  3 16:15:18 LabSZ sshd[3819]: message repeated 5 times: [ Failed password for root from 59.63.188.30 port 11212 ssh2]
Jan  3 16:15:18 LabSZ sshd[3819]: Disconnecting: Too many authentication failures for root [preauth]
Jan  3 16:15:18 LabSZ sshd[3819]: PAM 5 more authentication failures; logname= uid=0 euid=0 tty=ssh ruser= rhost=59.63.188.30  user=root
Jan  3 16:15:18 LabSZ sshd[3819]: PAM service(sshd) ignoring max retries; 6 > 3
Jan  3 16:15:19 LabSZ sshd[3823]: pam_unix(sshd:auth): authentication failure; logname= uid=0 euid=0 tty=ssh ruser= rhost=59.63.188.30  user=root
Jan  3 16:15:21 LabSZ sshd[3823]: Failed password for root from 59.63.188.30 port 28489 ssh2
Jan  3 16:15:27 LabSZ sshd[3821]: message repeated 5 times: [ Failed password for root from 218.87.109.156 port 43626 ssh2]
Jan  3 16:15:27 LabSZ sshd[3821]: Disconnecting: Too many authentication failures for root [preauth]
Jan  3 16:15:27 LabSZ sshd[3821]: PAM 5 more authentication failures; logname= uid=0 euid=0 tty=ssh ruser= rhost=218.87.109.156  user=root
Jan  3 16:15:27 LabSZ sshd[3821]: PAM service(sshd) ignoring max retries; 6 > 3
Jan  3 16:15:32 LabSZ sshd[3825]: pam_unix(sshd:auth): authentication failure; logname= uid=0 euid=0 tty=ssh ruser= rhost=218.87.109.156  user=root
Jan  3 16:15:34 LabSZ sshd[3823]: message repeated 5 times: [ Failed password for root from 59.63.188.30 port 28489 ssh2]
Jan  3 16:15:34 LabSZ sshd[3823]: Disconnecting: Too many authentication failures for root [preauth]
Jan  3 16:15:34 LabSZ sshd[3823]: PAM 5 more authentication failures; logname= uid=0 euid=0 tty=ssh ruser= rhost=59.63.188.30  user=root
Jan  3 16:15:34 LabSZ sshd[3823]: PAM service(sshd) ignoring max retries; 6 > 3
Jan  3 16:15:35 LabSZ sshd[3825]: Failed password for root from 218.87.109.156 port 19264 ssh2
Jan  3 16:15:35 LabSZ sshd[3827]: pam_unix(sshd:auth): authentication failure; logname= uid=0 euid=0 tty=ssh ruser= rhost=59.63.188.30  user=root
Jan  3 16:15:37 LabSZ sshd[3827]: Failed password for root from 59.63.188.30 port 45880 ssh2
Jan  3 16:15:48 LabSZ sshd[3825]: message repeated 5 times: [ Failed password for root from 218.87.109.156 port 19264 ssh2]
Jan  3 16:15:48 LabSZ sshd[3825]: Disconnecting: Too many authentication failures for root [preauth]
Jan  3 16:15:48 LabSZ sshd[3825]: PAM 5 more authentication failures; logname= uid=0 euid=0 tty=ssh ruser= rhost=218.87.109.156  user=root
Jan  3 16:15:48 LabSZ sshd[3825]: PAM service(sshd) ignoring max retries; 6 > 3
Jan  3 16:15:50 LabSZ sshd[3827]: message repeated 5 times: [ Failed password for root from 59.63.188.30 port 45880 ssh2]
Jan  3 16:15:50 LabSZ sshd[3827]: Disconnecting: Too many authentication failures for root [preauth]
Jan  3 16:15:50 LabSZ sshd[3827]: PAM 5 more authentication failures; logname= uid=0 euid=0 tty=ssh ruser= rhost=59.63.188.30  user=root
Jan  3 16:15:50 LabSZ sshd[3827]: PAM service(sshd) ignoring max retries; 6 > 3
Jan  3 16:15:51 LabSZ sshd[3831]: pam_unix(sshd:auth): authentication failure; logname= uid=0 euid=0 tty=ssh ruser= rhost=59.63.188.30  user=root
Jan  3 16:15:52 LabSZ sshd[3829]: pam_unix(sshd:auth): authentication failure; logname= uid=0 euid=0 tty=ssh ruser= rhost=218.87.109.156  user=root
Jan  3 16:15:53 LabSZ sshd[3831]: Failed password for root from 59.63.188.30 port 64321 ssh2
Jan  3 16:15:54 LabSZ sshd[3829]: Failed password for root from 218.87.109.156 port 4424 ssh2
Jan  3 16:16:06 LabSZ sshd[3831]: message repeated 5 times: [ Failed password for root from 59.63.188.30 port 64321 ssh2]
Jan  3 16:16:06 LabSZ sshd[3831]: Disconnecting: Too many authentication failures for root [preauth]
Jan  3 16:16:06 LabSZ sshd[3831]: PAM 5 more authentication failures; logname= uid=0 euid=0 tty=ssh ruser= rhost=59.63.188.30  user=root
Jan  3 16:16:06 LabSZ sshd[3831]: PAM service(sshd) ignoring max retries; 6 > 3
Jan  3 16:16:07 LabSZ sshd[3829]: message repeated 5 times: [ Failed password for root from 218.87.109.156 port 4424 ssh2]
Jan  3 16:16:07 LabSZ sshd[3829]: Disconnecting: Too many authentication failures for root [preauth]
Jan  3 16:16:07 LabSZ sshd[3829]: PAM 5 more authentication failures; logname= uid=0 euid=0 tty=ssh ruser= rhost=218.87.109.156  user=root
Jan  3 16:16:07 LabSZ sshd[3829]: PAM service(sshd) ignoring max retries; 6 > 3
Jan  3 16:16:07 LabSZ sshd[3833]: pam_unix(sshd:auth): authentication failure; logname= uid=0 euid=0 tty=ssh ruser= rhost=59.63.188.30  user=root
Jan  3 16:16:09 LabSZ sshd[3833]: Failed password for root from 59.63.188.30 port 17622 ssh2
Jan  3 16:16:17 LabSZ sshd[3835]: pam_unix(sshd:auth): authentication failure; logname= uid=0 euid=0 tty=ssh ruser= rhost=218.87.109.156  user=root
Jan  3 16:16:19 LabSZ sshd[3835]: Failed password for root from 218.87.109.156 port 48768 ssh2
Jan  3 16:16:23 LabSZ sshd[3833]: message repeated 5 times: [ Failed password for root from 59.63.188.30 port 17622 ssh2]
Jan  3 16:16:23 LabSZ sshd[3833]: Disconnecting: Too many authentication failures for root [preauth]
Jan  3 16:16:23 LabSZ sshd[3833]: PAM 5 more authentication failures; logname= uid=0 euid=0 tty=ssh ruser= rhost=59.63.188.30  user=root
Jan  3 16:16:23 LabSZ sshd[3833]: PAM service(sshd) ignoring max retries; 6 > 3
Jan  3 16:16:24 LabSZ sshd[3837]: pam_unix(sshd:auth): authentication failure; logname= uid=0 euid=0 tty=ssh ruser= rhost=59.63.188.30  user=root
Jan  3 16:16:26 LabSZ sshd[3837]: Failed password for root from 59.63.188.30 port 35563 ssh2
Jan  3 16:16:33 LabSZ sshd[3835]: message repeated 5 times: [ Failed password for root from 218.87.109.156 port 48768 ssh2]
Jan  3 16:16:33 LabSZ sshd[3835]: Disconnecting: Too many authentication failures for root [preauth]
Jan  3 16:16:33 LabSZ sshd[3835]: PAM 5 more authentication failures; logname= uid=0 euid=0 tty=ssh ruser= rhost=218.87.109.156  user=root
Jan  3 16:16:33 LabSZ sshd[3835]: PAM service(sshd) ignoring max retries; 6 > 3
Jan  3 16:16:37 LabSZ sshd[3839]: pam_unix(sshd:auth): authentication failure; logname= uid=0 euid=0 tty=ssh ruser= rhost=218.87.109.156  user=root
Jan  3 16:16:39 LabSZ sshd[3837]: message repeated 5 times: [ Failed password for root from 59.63.188.30 port 35563 ssh2]
Jan  3 16:16:39 LabSZ sshd[3837]: Disconnecting: Too many authentication failures for root [preauth]
Jan  3 16:16:39 LabSZ sshd[3837]: PAM 5 more authentication failures; logname= uid=0 euid=0 tty=ssh ruser= rhost=59.63.188.30  user=root
Jan  3 16:16:39 LabSZ sshd[3837]: PAM service(sshd) ignoring max retries; 6 > 3
Jan  3 16:16:40 LabSZ sshd[3839]: Failed password for root from 218.87.109.156 port 45130 ssh2
Jan  3 16:16:40 LabSZ sshd[3841]: pam_unix(sshd:auth): authentication failure; logname= uid=0 euid=0 tty=ssh ruser= rhost=59.63.188.30  user=root
Jan  3 16:16:42 LabSZ sshd[3841]: Failed password for root from 59.63.188.30 port 53971 ssh2
Jan  3 16:16:52 LabSZ sshd[3839]: message repeated 5 times: [ Failed password for root from 218.87.109.156 port 45130 ssh2]
Jan  3 16:16:52 LabSZ sshd[3839]: Disconnecting: Too many authentication failures for root [preauth]
Jan  3 16:16:52 LabSZ sshd[3839]: PAM 5 more authentication failures; logname= uid=0 euid=0 tty=ssh ruser= rhost=218.87.109.156  user=root
Jan  3 16:16:52 LabSZ sshd[3839]: PAM service(sshd) ignoring max retries; 6 > 3
Jan  3 16:16:55 LabSZ sshd[3841]: message repeated 5 times: [ Failed password for root from 59.63.188.30 port 53971 ssh2]
Jan  3 16:16:55 LabSZ sshd[3841]: Disconnecting: Too many authentication failures for root [preauth]
Jan  3 16:16:55 LabSZ sshd[3841]: PAM 5 more authentication failures; logname= uid=0 euid=0 tty=ssh ruser= rhost=59.63.188.30  user=root
Jan  3 16:16:55 LabSZ sshd[3841]: PAM service(sshd) ignoring max retries; 6 > 3
Jan  3 16:16:56 LabSZ sshd[3847]: pam_unix(sshd:auth): authentication failure; logname= uid=0 euid=0 tty=ssh ruser= rhost=59.63.188.30  user=root
Jan  3 16:16:58 LabSZ sshd[3847]: Failed password for root from 59.63.188.30 port 6319 ssh2
Jan  3 16:16:58 LabSZ sshd[3843]: Invalid user  0101 from 5.188.10.182
Jan  3 16:16:58 LabSZ sshd[3843]: input_userauth_request: invalid user  0101 [preauth]
Jan  3 16:16:58 LabSZ sshd[3843]: pam_unix(sshd:auth): check pass; user unknown
Jan  3 16:16:58 LabSZ sshd[3843]: pam_unix(sshd:auth): authentication failure; logname= uid=0 euid=0 tty=ssh ruser= rhost=5.188.10.182 
Jan  3 16:17:00 LabSZ sshd[3843]: Failed password for invalid user  0101 from 5.188.10.182 port 42856 ssh2
Jan  3 16:17:02 LabSZ sshd[3844]: pam_unix(sshd:auth): authentication failure; logname= uid=0 euid=0 tty=ssh ruser= rhost=218.87.109.156  user=root
Jan  3 16:17:03 LabSZ sshd[3843]: Connection closed by 5.188.10.182 [preauth]
Jan  3 16:17:04 LabSZ sshd[3844]: Failed password for root from 218.87.109.156 port 26160 ssh2
Jan  3 16:17:11 LabSZ sshd[3847]: message repeated 5 times: [ Failed password for root from 59.63.188.30 port 6319 ssh2]
Jan  3 16:17:11 LabSZ sshd[3847]: Disconnecting: Too many authentication failures for root [preauth]
Jan  3 16:17:11 LabSZ sshd[3847]: PAM 5 more authentication failures; logname= uid=0 euid=0 tty=ssh ruser= rhost=59.63.188.30  user=root
Jan  3 16:17:11 LabSZ sshd[3847]: PAM service(sshd) ignoring max retries; 6 > 3
Jan  3 16:17:12 LabSZ sshd[3854]: pam_unix(sshd:auth): authentication failure; logname= uid=0 euid=0 tty=ssh ruser= rhost=59.63.188.30  user=root
Jan  3 16:17:14 LabSZ sshd[3854]: Failed password for root from 59.63.188.30 port 24086 ssh2
Jan  3 16:17:15 LabSZ sshd[3852]: Invalid user 0 from 5.188.10.182
Jan  3 16:17:15 LabSZ sshd[3852]: input_userauth_request: invalid user 0 [preauth]
Jan  3 16:17:15 LabSZ sshd[3852]: Failed none for invalid user 0 from 5.188.10.182 port 52070 ssh2
Jan  3 16:17:17 LabSZ sshd[3844]: message repeated 5 times: [ Failed password for root from 218.87.109.156 port 26160 ssh2]
