Dec 18 04:14:01 LabSZ sshd[6282]: pam_unix(sshd:auth): check pass; user unknown
Dec 18 04:14:01 LabSZ sshd[6282]: pam_unix(sshd:auth): authentication failure; logname= uid=0 euid=0 tty=ssh ruser= rhost=103.99.0.122 
Dec 18 04:14:04 LabSZ sshd[6282]: Failed password for invalid user cisco from 103.99.0.122 port 53374 ssh2
Dec 18 04:14:04 LabSZ sshd[6282]: error: Received disconnect from 103.99.0.122: 14: No more user authentication methods available. [preauth]
Dec 18 04:14:06 LabSZ sshd[6284]: Invalid user test from 103.99.0.122
Dec 18 04:14:06 LabSZ sshd[6284]: input_userauth_request: invalid user test [preauth]
Dec 18 04:14:06 LabSZ sshd[6284]: pam_unix(sshd:auth): check pass; user unknown
Dec 18 04:14:06 LabSZ sshd[6284]: pam_unix(sshd:auth): authentication failure; logname= uid=0 euid=0 tty=ssh ruser= rhost=103.99.0.122 
Dec 18 04:14:08 LabSZ sshd[6284]: Failed password for invalid user test from 103.99.0.122 port 54907 ssh2
Dec 18 04:14:08 LabSZ sshd[6284]: error: Received disconnect from 103.99.0.122: 14: No more user authentication methods available. [preauth]
Dec 18 04:14:11 LabSZ sshd[6286]: Invalid user guest from 103.99.0.122
Dec 18 04:14:11 LabSZ sshd[6286]: input_userauth_request: invalid user guest [preauth]
Dec 18 04:14:11 LabSZ sshd[6286]: pam_unix(sshd:auth): check pass; user unknown
Dec 18 04:14:11 LabSZ sshd[6286]: pam_unix(sshd:auth): authentication failure; logname= uid=0 euid=0 tty=ssh ruser= rhost=103.99.0.122 
Dec 18 04:14:12 LabSZ sshd[6286]: Failed password for invalid user guest from 103.99.0.122 port 56358 ssh2
Dec 18 04:14:12 LabSZ sshd[6286]: error: Received disconnect from 103.99.0.122: 14: No more user authentication methods available. [preauth]
Dec 18 04:14:13 LabSZ sshd[6288]: Invalid user user from 103.99.0.122
Dec 18 04:14:13 LabSZ sshd[6288]: input_userauth_request: invalid user user [preauth]
Dec 18 04:14:13 LabSZ sshd[6288]: pam_unix(sshd:auth): check pass; user unknown
Dec 18 04:14:13 LabSZ sshd[6288]: pam_unix(sshd:auth): authentication failure; logname= uid=0 euid=0 tty=ssh ruser= rhost=103.99.0.122 
Dec 18 04:14:15 LabSZ sshd[6290]: pam_unix(sshd:auth): authentication failure; logname= uid=0 euid=0 tty=ssh ruser= rhost=104.131.135.224  user=root
Dec 18 04:14:15 LabSZ sshd[6288]: Failed password for invalid user user from 103.99.0.122 port 57696 ssh2
Dec 18 04:14:16 LabSZ sshd[6288]: error: Received disconnect from 103.99.0.122: 14: No more user authentication methods available. [preauth]
Dec 18 04:14:17 LabSZ sshd[6290]: Failed password for root from 104.131.135.224 port 48142 ssh2
Dec 18 04:14:17 LabSZ sshd[6290]: Received disconnect from 104.131.135.224: 11: Bye Bye [preauth]
Dec 18 04:14:18 LabSZ sshd[6292]: Invalid user operator from 103.99.0.122
Dec 18 04:14:18 LabSZ sshd[6292]: input_userauth_request: invalid user operator [preauth]
Dec 18 04:14:18 LabSZ sshd[6292]: pam_unix(sshd:auth): check pass; user unknown
Dec 18 04:14:18 LabSZ sshd[6292]: pam_unix(sshd:auth): authentication failure; logname= uid=0 euid=0 tty=ssh ruser= rhost=103.99.0.122 
Dec 18 04:14:18 LabSZ sshd[6294]: pam_unix(sshd:auth): authentication failure; logname= uid=0 euid=0 tty=ssh ruser= rhost=104.131.135.224  user=root
Dec 18 04:14:20 LabSZ sshd[6292]: Failed password for invalid user operator from 103.99.0.122 port 58975 ssh2
Dec 18 04:14:20 LabSZ sshd[6294]: Failed password for root from 104.131.135.224 port 53638 ssh2
Dec 18 04:14:20 LabSZ sshd[6294]: Received disconnect from 104.131.135.224: 11: Bye Bye [preauth]
Dec 18 04:14:21 LabSZ sshd[6292]: error: Received disconnect from 103.99.0.122: 14: No more user authentication methods available. [preauth]
Dec 18 04:14:22 LabSZ sshd[6297]: Invalid user admin from 103.99.0.122
Dec 18 04:14:22 LabSZ sshd[6297]: input_userauth_request: invalid user admin [preauth]
Dec 18 04:14:22 LabSZ sshd[6297]: pam_unix(sshd:auth): check pass; user unknown
Dec 18 04:14:22 LabSZ sshd[6297]: pam_unix(sshd:auth): authentication failure; logname= uid=0 euid=0 tty=ssh ruser= rhost=103.99.0.122 
Dec 18 04:14:22 LabSZ sshd[6296]: pam_unix(sshd:auth): authentication failure; logname= uid=0 euid=0 tty=ssh ruser= rhost=104.131.135.224  user=root
Dec 18 04:14:23 LabSZ sshd[6297]: Failed password for invalid user admin from 103.99.0.122 port 60615 ssh2
Dec 18 04:14:24 LabSZ sshd[6296]: Failed password for root from 104.131.135.224 port 59752 ssh2
Dec 18 04:14:24 LabSZ sshd[6297]: error: Received disconnect from 103.99.0.122: 14: No more user authentication methods available. [preauth]
Dec 18 04:14:24 LabSZ sshd[6296]: Received disconnect from 104.131.135.224: 11: Bye Bye [preauth]
Dec 18 04:14:25 LabSZ sshd[6302]: pam_unix(sshd:auth): authentication failure; logname= uid=0 euid=0 tty=ssh ruser= rhost=104.131.135.224  user=root
Dec 18 04:14:26 LabSZ sshd[6300]: pam_unix(sshd:auth): authentication failure; logname= uid=0 euid=0 tty=ssh ruser= rhost=103.99.0.122  user=root
Dec 18 04:14:28 LabSZ sshd[6300]: Failed password for root from 103.99.0.122 port 61757 ssh2
Dec 18 04:14:28 LabSZ sshd[6300]: error: Received disconnect from 103.99.0.122: 14: No more user authentication methods available. [preauth]
Dec 18 04:14:28 LabSZ sshd[6302]: Failed password for root from 104.131.135.224 port 37810 ssh2
Dec 18 04:14:28 LabSZ sshd[6302]: Received disconnect from 104.131.135.224: 11: Bye Bye [preauth]
Dec 18 04:14:29 LabSZ sshd[6306]: pam_unix(sshd:auth): authentication failure; logname= uid=0 euid=0 tty=ssh ruser= rhost=104.131.135.224  user=root
Dec 18 04:14:30 LabSZ sshd[6304]: Invalid user admin from 103.99.0.122
Dec 18 04:14:30 LabSZ sshd[6304]: input_userauth_request: invalid user admin [preauth]
Dec 18 04:14:30 LabSZ sshd[6304]: pam_unix(sshd:auth): check pass; user unknown
Dec 18 04:14:30 LabSZ sshd[6304]: pam_unix(sshd:auth): authentication failure; logname= uid=0 euid=0 tty=ssh ruser= rhost=103.99.0.122 
Dec 18 04:14:31 LabSZ sshd[6306]: Failed password for root from 104.131.135.224 port 44854 ssh2
Dec 18 04:14:32 LabSZ sshd[6306]: Received disconnect from 104.131.135.224: 11: Bye Bye [preauth]
Dec 18 04:14:32 LabSZ sshd[6304]: Failed password for invalid user admin from 103.99.0.122 port 63251 ssh2
Dec 18 04:14:33 LabSZ sshd[6304]: error: Received disconnect from 103.99.0.122: 14: No more user authentication methods available. [preauth]
Dec 18 04:14:33 LabSZ sshd[6308]: pam_unix(sshd:auth): authentication failure; logname= uid=0 euid=0 tty=ssh ruser= rhost=104.131.135.224  user=root
Dec 18 04:14:35 LabSZ sshd[6308]: Failed password for root from 104.131.135.224 port 50814 ssh2
Dec 18 04:14:35 LabSZ sshd[6308]: Received disconnect from 104.131.135.224: 11: Bye Bye [preauth]
Dec 18 04:14:35 LabSZ sshd[6310]: Invalid user admin from 103.99.0.122
Dec 18 04:14:35 LabSZ sshd[6310]: input_userauth_request: invalid user admin [preauth]
Dec 18 04:14:35 LabSZ sshd[6310]: pam_unix(sshd:auth): check pass; user unknown
Dec 18 04:14:35 LabSZ sshd[6310]: pam_unix(sshd:auth): authentication failure; logname= uid=0 euid=0 tty=ssh ruser= rhost=103.99.0.122 
Dec 18 04:14:36 LabSZ sshd[6312]: Invalid user admin from 104.131.135.224
Dec 18 04:14:36 LabSZ sshd[6312]: input_userauth_request: invalid user admin [preauth]
Dec 18 04:14:36 LabSZ sshd[6312]: pam_unix(sshd:auth): check pass; user unknown
Dec 18 04:14:36 LabSZ sshd[6312]: pam_unix(sshd:auth): authentication failure; logname= uid=0 euid=0 tty=ssh ruser= rhost=104.131.135.224 
Dec 18 04:14:37 LabSZ sshd[6310]: Failed password for invalid user admin from 103.99.0.122 port 65088 ssh2
Dec 18 04:14:38 LabSZ sshd[6310]: error: Received disconnect from 103.99.0.122: 14: No more user authentication methods available. [preauth]
Dec 18 04:14:39 LabSZ sshd[6312]: Failed password for invalid user admin from 104.131.135.224 port 57506 ssh2
Dec 18 04:14:39 LabSZ sshd[6312]: Received disconnect from 104.131.135.224: 11: Bye Bye [preauth]
Dec 18 04:14:39 LabSZ sshd[6314]: Invalid user admin from 103.99.0.122
Dec 18 04:14:39 LabSZ sshd[6314]: input_userauth_request: invalid user admin [preauth]
Dec 18 04:14:39 LabSZ sshd[6314]: pam_unix(sshd:auth): check pass; user unknown
Dec 18 04:14:39 LabSZ sshd[6314]: pam_unix(sshd:auth): authentication failure; logname= uid=0 euid=0 tty=ssh ruser= rhost=103.99.0.122 
Dec 18 04:14:41 LabSZ sshd[6316]: Invalid user 0101 from 104.131.135.224
Dec 18 04:14:41 LabSZ sshd[6316]: input_userauth_request: invalid user 0101 [preauth]
Dec 18 04:14:41 LabSZ sshd[6316]: pam_unix(sshd:auth): check pass; user unknown
Dec 18 04:14:41 LabSZ sshd[6316]: pam_unix(sshd:auth): authentication failure; logname= uid=0 euid=0 tty=ssh ruser= rhost=104.131.135.224 
Dec 18 04:14:41 LabSZ sshd[6314]: Failed password for invalid user admin from 103.99.0.122 port 50528 ssh2
Dec 18 04:14:42 LabSZ sshd[6314]: error: Received disconnect from 103.99.0.122: 14: No more user authentication methods available. [preauth]
Dec 18 04:14:42 LabSZ sshd[6316]: Failed password for invalid user 0101 from 104.131.135.224 port 36690 ssh2
Dec 18 04:14:43 LabSZ sshd[6316]: Received disconnect from 104.131.135.224: 11: Bye Bye [preauth]
Dec 18 04:14:44 LabSZ sshd[6320]: Invalid user pi from 104.131.135.224
Dec 18 04:14:44 LabSZ sshd[6320]: input_userauth_request: invalid user pi [preauth]
Dec 18 04:14:44 LabSZ sshd[6320]: pam_unix(sshd:auth): check pass; user unknown
Dec 18 04:14:44 LabSZ sshd[6320]: pam_unix(sshd:auth): authentication failure; logname= uid=0 euid=0 tty=ssh ruser= rhost=104.131.135.224 
Dec 18 04:14:44 LabSZ sshd[6318]: pam_unix(sshd:auth): authentication failure; logname= uid=0 euid=0 tty=ssh ruser= rhost=103.99.0.122  user=ftp
Dec 18 04:14:46 LabSZ sshd[6320]: Failed password for invalid user pi from 104.131.135.224 port 42824 ssh2
Dec 18 04:14:46 LabSZ sshd[6320]: Received disconnect from 104.131.135.224: 11: Bye Bye [preauth]
Dec 18 04:14:46 LabSZ sshd[6318]: Failed password for ftp from 103.99.0.122 port 51797 ssh2
Dec 18 04:14:47 LabSZ sshd[6318]: error: Received disconnect from 103.99.0.122: 14: No more user authentication methods available. [preauth]
Dec 18 04:14:48 LabSZ sshd[6322]: Invalid user monitor from 103.99.0.122
Dec 18 04:14:48 LabSZ sshd[6322]: input_userauth_request: invalid user monitor [preauth]
Dec 18 04:14:48 LabSZ sshd[6322]: pam_unix(sshd:auth): check pass; user unknown
Dec 18 04:14:48 LabSZ sshd[6322]: pam_unix(sshd:auth): authentication failure; logname= uid=0 euid=0 tty=ssh ruser= rhost=103.99.0.122 
Dec 18 04:14:49 LabSZ sshd[6324]: pam_unix(sshd:auth): authentication failure; logname= uid=0 euid=0 tty=ssh ruser= rhost=104.131.135.224  user=ftp
Dec 18 04:14:51 LabSZ sshd[6322]: Failed password for invalid user monitor from 103.99.0.122 port 53476 ssh2
