Dec 20 08:44:16 LabSZ sshd[14203]: pam_unix(sshd:auth): check pass; user unknown
Dec 20 08:44:16 LabSZ sshd[14203]: pam_unix(sshd:auth): authentication failure; logname= uid=0 euid=0 tty=ssh ruser= rhost=185.165.29.140 
Dec 20 08:44:17 LabSZ sshd[14205]: Failed password for invalid user sysadmin from 183.96.119.62 port 35262 ssh2
Dec 20 08:44:17 LabSZ sshd[14205]: Received disconnect from 183.96.119.62: 11: Bye Bye [preauth]
Dec 20 08:44:18 LabSZ sshd[14207]: Invalid user sysadm from 183.96.119.62
Dec 20 08:44:18 LabSZ sshd[14207]: input_userauth_request: invalid user sysadm [preauth]
Dec 20 08:44:18 LabSZ sshd[14207]: pam_unix(sshd:auth): check pass; user unknown
Dec 20 08:44:18 LabSZ sshd[14207]: pam_unix(sshd:auth): authentication failure; logname= uid=0 euid=0 tty=ssh ruser= rhost=183.96.119.62 
Dec 20 08:44:18 LabSZ sshd[14203]: Failed password for invalid user tomcat from 185.165.29.140 port 57317 ssh2
Dec 20 08:44:18 LabSZ sshd[14203]: Received disconnect from 185.165.29.140: 11: Bye Bye [preauth]
Dec 20 08:44:20 LabSZ sshd[14207]: Failed password for invalid user sysadm from 183.96.119.62 port 45008 ssh2
Dec 20 08:44:20 LabSZ sshd[14207]: Received disconnect from 183.96.119.62: 11: Bye Bye [preauth]
Dec 20 08:44:21 LabSZ sshd[14209]: pam_unix(sshd:auth): authentication failure; logname= uid=0 euid=0 tty=ssh ruser= rhost=185.165.29.140  user=backup
Dec 20 08:44:21 LabSZ sshd[14211]: Invalid user Administrator from 183.96.119.62
Dec 20 08:44:21 LabSZ sshd[14211]: input_userauth_request: invalid user Administrator [preauth]
Dec 20 08:44:21 LabSZ sshd[14211]: pam_unix(sshd:auth): check pass; user unknown
Dec 20 08:44:21 LabSZ sshd[14211]: pam_unix(sshd:auth): authentication failure; logname= uid=0 euid=0 tty=ssh ruser= rhost=183.96.119.62 
Dec 20 08:44:23 LabSZ sshd[14209]: Failed password for backup from 185.165.29.140 port 58623 ssh2
Dec 20 08:44:23 LabSZ sshd[14211]: Failed password for invalid user Administrator from 183.96.119.62 port 53006 ssh2
Dec 20 08:44:23 LabSZ sshd[14211]: Received disconnect from 183.96.119.62: 11: Bye Bye [preauth]
Dec 20 08:44:23 LabSZ sshd[14209]: Received disconnect from 185.165.29.140: 11: Bye Bye [preauth]
Dec 20 08:44:23 LabSZ sshd[14213]: Invalid user sysadm from 183.96.119.62
Dec 20 08:44:23 LabSZ sshd[14213]: input_userauth_request: invalid user sysadm [preauth]
Dec 20 08:44:23 LabSZ sshd[14213]: pam_unix(sshd:auth): check pass; user unknown
Dec 20 08:44:23 LabSZ sshd[14213]: pam_unix(sshd:auth): authentication failure; logname= uid=0 euid=0 tty=ssh ruser= rhost=183.96.119.62 
Dec 20 08:44:25 LabSZ sshd[14215]: pam_unix(sshd:auth): authentication failure; logname= uid=0 euid=0 tty=ssh ruser= rhost=185.165.29.140  user=backup
Dec 20 08:44:25 LabSZ sshd[14213]: Failed password for invalid user sysadm from 183.96.119.62 port 32812 ssh2
Dec 20 08:44:25 LabSZ sshd[14213]: Received disconnect from 183.96.119.62: 11: Bye Bye [preauth]
Dec 20 08:44:26 LabSZ sshd[14217]: Invalid user sysadmin from 183.96.119.62
Dec 20 08:44:26 LabSZ sshd[14217]: input_userauth_request: invalid user sysadmin [preauth]
Dec 20 08:44:26 LabSZ sshd[14217]: pam_unix(sshd:auth): check pass; user unknown
Dec 20 08:44:26 LabSZ sshd[14217]: pam_unix(sshd:auth): authentication failure; logname= uid=0 euid=0 tty=ssh ruser= rhost=183.96.119.62 
Dec 20 08:44:28 LabSZ sshd[14215]: Failed password for backup from 185.165.29.140 port 59837 ssh2
Dec 20 08:44:28 LabSZ sshd[14215]: Received disconnect from 185.165.29.140: 11: Bye Bye [preauth]
Dec 20 08:44:29 LabSZ sshd[14217]: Failed password for invalid user sysadmin from 183.96.119.62 port 40576 ssh2
Dec 20 08:44:29 LabSZ sshd[14217]: Received disconnect from 183.96.119.62: 11: Bye Bye [preauth]
Dec 20 08:44:29 LabSZ sshd[14221]: pam_unix(sshd:auth): authentication failure; logname= uid=0 euid=0 tty=ssh ruser= rhost=183.96.119.62  user=man
Dec 20 08:44:30 LabSZ sshd[14219]: pam_unix(sshd:auth): authentication failure; logname= uid=0 euid=0 tty=ssh ruser= rhost=185.165.29.140  user=backup
Dec 20 08:44:31 LabSZ sshd[14221]: Failed password for man from 183.96.119.62 port 50376 ssh2
Dec 20 08:44:31 LabSZ sshd[14221]: Received disconnect from 183.96.119.62: 11: Bye Bye [preauth]
Dec 20 08:44:32 LabSZ sshd[14223]: Invalid user me from 183.96.119.62
Dec 20 08:44:32 LabSZ sshd[14223]: input_userauth_request: invalid user me [preauth]
Dec 20 08:44:32 LabSZ sshd[14223]: pam_unix(sshd:auth): check pass; user unknown
Dec 20 08:44:32 LabSZ sshd[14223]: pam_unix(sshd:auth): authentication failure; logname= uid=0 euid=0 tty=ssh ruser= rhost=183.96.119.62 
Dec 20 08:44:32 LabSZ sshd[14219]: Failed password for backup from 185.165.29.140 port 32978 ssh2
Dec 20 08:44:33 LabSZ sshd[14219]: Received disconnect from 185.165.29.140: 11: Bye Bye [preauth]
Dec 20 08:44:34 LabSZ sshd[14223]: Failed password for invalid user me from 183.96.119.62 port 57352 ssh2
Dec 20 08:44:34 LabSZ sshd[14223]: Received disconnect from 183.96.119.62: 11: Bye Bye [preauth]
Dec 20 08:44:35 LabSZ sshd[14227]: Invalid user web from 183.96.119.62
Dec 20 08:44:35 LabSZ sshd[14227]: input_userauth_request: invalid user web [preauth]
Dec 20 08:44:35 LabSZ sshd[14227]: pam_unix(sshd:auth): check pass; user unknown
Dec 20 08:44:35 LabSZ sshd[14227]: pam_unix(sshd:auth): authentication failure; logname= uid=0 euid=0 tty=ssh ruser= rhost=183.96.119.62 
Dec 20 08:44:35 LabSZ sshd[14225]: Invalid user informix from 185.165.29.140
Dec 20 08:44:35 LabSZ sshd[14225]: input_userauth_request: invalid user informix [preauth]
Dec 20 08:44:35 LabSZ sshd[14225]: pam_unix(sshd:auth): check pass; user unknown
Dec 20 08:44:35 LabSZ sshd[14225]: pam_unix(sshd:auth): authentication failure; logname= uid=0 euid=0 tty=ssh ruser= rhost=185.165.29.140 
Dec 20 08:44:36 LabSZ sshd[14227]: Failed password for invalid user web from 183.96.119.62 port 38996 ssh2
Dec 20 08:44:36 LabSZ sshd[14227]: Received disconnect from 183.96.119.62: 11: Bye Bye [preauth]
Dec 20 08:44:36 LabSZ sshd[14225]: Failed password for invalid user informix from 185.165.29.140 port 34235 ssh2
Dec 20 08:44:37 LabSZ sshd[14225]: Received disconnect from 185.165.29.140: 11: Bye Bye [preauth]
Dec 20 08:44:37 LabSZ sshd[14229]: Invalid user webmaster from 183.96.119.62
Dec 20 08:44:37 LabSZ sshd[14229]: input_userauth_request: invalid user webmaster [preauth]
Dec 20 08:44:37 LabSZ sshd[14229]: pam_unix(sshd:auth): check pass; user unknown
Dec 20 08:44:37 LabSZ sshd[14229]: pam_unix(sshd:auth): authentication failure; logname= uid=0 euid=0 tty=ssh ruser= rhost=183.96.119.62 
Dec 20 08:44:39 LabSZ sshd[14231]: Invalid user informix from 185.165.29.140
Dec 20 08:44:39 LabSZ sshd[14231]: input_userauth_request: invalid user informix [preauth]
Dec 20 08:44:39 LabSZ sshd[14231]: pam_unix(sshd:auth): check pass; user unknown
Dec 20 08:44:39 LabSZ sshd[14231]: pam_unix(sshd:auth): authentication failure; logname= uid=0 euid=0 tty=ssh ruser= rhost=185.165.29.140 
Dec 20 08:44:39 LabSZ sshd[14229]: Failed password for invalid user webmaster from 183.96.119.62 port 45454 ssh2
Dec 20 08:44:39 LabSZ sshd[14229]: Received disconnect from 183.96.119.62: 11: Bye Bye [preauth]
Dec 20 08:44:40 LabSZ sshd[14233]: Invalid user www from 183.96.119.62
Dec 20 08:44:40 LabSZ sshd[14233]: input_userauth_request: invalid user www [preauth]
Dec 20 08:44:40 LabSZ sshd[14233]: pam_unix(sshd:auth): check pass; user unknown
Dec 20 08:44:40 LabSZ sshd[14233]: pam_unix(sshd:auth): authentication failure; logname= uid=0 euid=0 tty=ssh ruser= rhost=183.96.119.62 
Dec 20 08:44:41 LabSZ sshd[14231]: Failed password for invalid user informix from 185.165.29.140 port 35364 ssh2
Dec 20 08:44:42 LabSZ sshd[14231]: Received disconnect from 185.165.29.140: 11: Bye Bye [preauth]
Dec 20 08:44:42 LabSZ sshd[14233]: Failed password for invalid user www from 183.96.119.62 port 54802 ssh2
Dec 20 08:44:42 LabSZ sshd[14233]: Received disconnect from 183.96.119.62: 11: Bye Bye [preauth]
Dec 20 08:44:43 LabSZ sshd[14237]: Invalid user adm from 183.96.119.62
Dec 20 08:44:43 LabSZ sshd[14237]: input_userauth_request: invalid user adm [preauth]
Dec 20 08:44:43 LabSZ sshd[14237]: pam_unix(sshd:auth): check pass; user unknown
Dec 20 08:44:43 LabSZ sshd[14237]: pam_unix(sshd:auth): authentication failure; logname= uid=0 euid=0 tty=ssh ruser= rhost=183.96.119.62 
Dec 20 08:44:44 LabSZ sshd[14235]: Invalid user informix from 185.165.29.140
Dec 20 08:44:44 LabSZ sshd[14235]: input_userauth_request: invalid user informix [preauth]
Dec 20 08:44:44 LabSZ sshd[14235]: pam_unix(sshd:auth): check pass; user unknown
Dec 20 08:44:44 LabSZ sshd[14235]: pam_unix(sshd:auth): authentication failure; logname= uid=0 euid=0 tty=ssh ruser= rhost=185.165.29.140 
Dec 20 08:44:45 LabSZ sshd[14237]: Failed password for invalid user adm from 183.96.119.62 port 34800 ssh2
Dec 20 08:44:45 LabSZ sshd[14237]: Received disconnect from 183.96.119.62: 11: Bye Bye [preauth]
Dec 20 08:44:45 LabSZ sshd[14239]: Invalid user Admin from 183.96.119.62
Dec 20 08:44:45 LabSZ sshd[14239]: input_userauth_request: invalid user Admin [preauth]
Dec 20 08:44:45 LabSZ sshd[14239]: pam_unix(sshd:auth): check pass; user unknown
Dec 20 08:44:45 LabSZ sshd[14239]: pam_unix(sshd:auth): authentication failure; logname= uid=0 euid=0 tty=ssh ruser= rhost=183.96.119.62 
Dec 20 08:44:46 LabSZ sshd[14235]: Failed password for invalid user informix from 185.165.29.140 port 36725 ssh2
Dec 20 08:44:47 LabSZ sshd[14235]: Received disconnect from 185.165.29.140: 11: Bye Bye [preauth]
Dec 20 08:44:48 LabSZ sshd[14239]: Failed password for invalid user Admin from 183.96.119.62 port 42722 ssh2
Dec 20 08:44:48 LabSZ sshd[14239]: Received disconnect from 183.96.119.62: 11: Bye Bye [preauth]
Dec 20 08:44:49 LabSZ sshd[14243]: Invalid user cisco from 183.96.119.62
Dec 20 08:44:49 LabSZ sshd[14243]: input_userauth_request: invalid user cisco [preauth]
Dec 20 08:44:49 LabSZ sshd[14243]: pam_unix(sshd:auth): check pass; user unknown
Dec 20 08:44:49 LabSZ sshd[14243]: pam_unix(sshd:auth): authentication failure; logname= uid=0 euid=0 tty=ssh ruser= rhost=183.96.119.62 
