Dec 30 05:58:58 LabSZ sshd[10530]: Failed password for root from 139.219.191.138 port 58662 ssh2
Dec 30 05:58:58 LabSZ sshd[10530]: Received disconnect from 139.219.191.138: 11: Bye Bye [preauth]
Dec 30 05:58:58 LabSZ sshd[10534]: pam_unix(sshd:auth): authentication failure; logname= uid=0 euid=0 tty=ssh ruser= rhost=139.219.191.138  user=root
Dec 30 05:58:58 LabSZ sshd[10532]: Failed password for root from 119.7.221.137 port 57590 ssh2
Dec 30 05:58:58 LabSZ sshd[10532]: Received disconnect from 119.7.221.137: 11: Bye Bye [preauth]
Dec 30 05:58:58 LabSZ sshd[10536]: pam_unix(sshd:auth): authentication failure; logname= uid=0 euid=0 tty=ssh ruser= rhost=119.7.221.137  user=root
Dec 30 05:59:00 LabSZ sshd[10534]: Failed password for root from 139.219.191.138 port 60702 ssh2
Dec 30 05:59:00 LabSZ sshd[10534]: Received disconnect from 139.219.191.138: 11: Bye Bye [preauth]
Dec 30 05:59:00 LabSZ sshd[10538]: pam_unix(sshd:auth): authentication failure; logname= uid=0 euid=0 tty=ssh ruser= rhost=139.219.191.138  user=root
Dec 30 05:59:01 LabSZ sshd[10536]: Failed password for root from 119.7.221.137 port 59316 ssh2
Dec 30 05:59:01 LabSZ sshd[10536]: Received disconnect from 119.7.221.137: 11: Bye Bye [preauth]
Dec 30 05:59:01 LabSZ sshd[10540]: pam_unix(sshd:auth): authentication failure; logname= uid=0 euid=0 tty=ssh ruser= rhost=119.7.221.137  user=root
Dec 30 05:59:03 LabSZ sshd[10538]: Failed password for root from 139.219.191.138 port 34614 ssh2
Dec 30 05:59:03 LabSZ sshd[10538]: Received disconnect from 139.219.191.138: 11: Bye Bye [preauth]
Dec 30 05:59:03 LabSZ sshd[10540]: Failed password for root from 119.7.221.137 port 32982 ssh2
Dec 30 05:59:03 LabSZ sshd[10542]: pam_unix(sshd:auth): authentication failure; logname= uid=0 euid=0 tty=ssh ruser= rhost=139.219.191.138  user=root
Dec 30 05:59:03 LabSZ sshd[10540]: Received disconnect from 119.7.221.137: 11: Bye Bye [preauth]
Dec 30 05:59:03 LabSZ sshd[10544]: pam_unix(sshd:auth): authentication failure; logname= uid=0 euid=0 tty=ssh ruser= rhost=119.7.221.137  user=root
Dec 30 05:59:05 LabSZ sshd[10542]: Failed password for root from 139.219.191.138 port 36784 ssh2
Dec 30 05:59:05 LabSZ sshd[10542]: Received disconnect from 139.219.191.138: 11: Bye Bye [preauth]
Dec 30 05:59:05 LabSZ sshd[10546]: pam_unix(sshd:auth): authentication failure; logname= uid=0 euid=0 tty=ssh ruser= rhost=139.219.191.138  user=root
Dec 30 05:59:05 LabSZ sshd[10544]: Failed password for root from 119.7.221.137 port 34520 ssh2
Dec 30 05:59:06 LabSZ sshd[10544]: Received disconnect from 119.7.221.137: 11: Bye Bye [preauth]
Dec 30 05:59:06 LabSZ sshd[10548]: pam_unix(sshd:auth): authentication failure; logname= uid=0 euid=0 tty=ssh ruser= rhost=119.7.221.137  user=root
Dec 30 05:59:08 LabSZ sshd[10546]: Failed password for root from 139.219.191.138 port 39120 ssh2
Dec 30 05:59:08 LabSZ sshd[10546]: Received disconnect from 139.219.191.138: 11: Bye Bye [preauth]
Dec 30 05:59:08 LabSZ sshd[10550]: pam_unix(sshd:auth): authentication failure; logname= uid=0 euid=0 tty=ssh ruser= rhost=139.219.191.138  user=root
Dec 30 05:59:09 LabSZ sshd[10548]: Failed password for root from 119.7.221.137 port 36600 ssh2
Dec 30 05:59:09 LabSZ sshd[10548]: Received disconnect from 119.7.221.137: 11: Bye Bye [preauth]
Dec 30 05:59:09 LabSZ sshd[10552]: pam_unix(sshd:auth): authentication failure; logname= uid=0 euid=0 tty=ssh ruser= rhost=119.7.221.137  user=root
Dec 30 05:59:10 LabSZ sshd[10550]: Failed password for root from 139.219.191.138 port 41190 ssh2
Dec 30 05:59:10 LabSZ sshd[10550]: Received disconnect from 139.219.191.138: 11: Bye Bye [preauth]
Dec 30 05:59:10 LabSZ sshd[10554]: pam_unix(sshd:auth): authentication failure; logname= uid=0 euid=0 tty=ssh ruser= rhost=139.219.191.138  user=root
Dec 30 05:59:11 LabSZ sshd[10552]: Failed password for root from 119.7.221.137 port 60178 ssh2
Dec 30 05:59:11 LabSZ sshd[10552]: Received disconnect from 119.7.221.137: 11: Bye Bye [preauth]
Dec 30 05:59:11 LabSZ sshd[10556]: pam_unix(sshd:auth): authentication failure; logname= uid=0 euid=0 tty=ssh ruser= rhost=119.7.221.137  user=root
Dec 30 05:59:12 LabSZ sshd[10554]: Failed password for root from 139.219.191.138 port 43182 ssh2
Dec 30 05:59:12 LabSZ sshd[10554]: Received disconnect from 139.219.191.138: 11: Bye Bye [preauth]
Dec 30 05:59:13 LabSZ sshd[10558]: pam_unix(sshd:auth): authentication failure; logname= uid=0 euid=0 tty=ssh ruser= rhost=139.219.191.138  user=root
Dec 30 05:59:13 LabSZ sshd[10556]: Failed password for root from 119.7.221.137 port 33428 ssh2
Dec 30 05:59:13 LabSZ sshd[10556]: Received disconnect from 119.7.221.137: 11: Bye Bye [preauth]
Dec 30 05:59:14 LabSZ sshd[10560]: pam_unix(sshd:auth): authentication failure; logname= uid=0 euid=0 tty=ssh ruser= rhost=119.7.221.137  user=root
Dec 30 05:59:15 LabSZ sshd[10558]: Failed password for root from 139.219.191.138 port 45402 ssh2
Dec 30 05:59:15 LabSZ sshd[10558]: Received disconnect from 139.219.191.138: 11: Bye Bye [preauth]
Dec 30 05:59:15 LabSZ sshd[10562]: pam_unix(sshd:auth): authentication failure; logname= uid=0 euid=0 tty=ssh ruser= rhost=139.219.191.138  user=root
Dec 30 05:59:16 LabSZ sshd[10560]: Failed password for root from 119.7.221.137 port 35400 ssh2
Dec 30 05:59:16 LabSZ sshd[10560]: Received disconnect from 119.7.221.137: 11: Bye Bye [preauth]
Dec 30 05:59:16 LabSZ sshd[10564]: pam_unix(sshd:auth): authentication failure; logname= uid=0 euid=0 tty=ssh ruser= rhost=119.7.221.137  user=root
Dec 30 05:59:17 LabSZ sshd[10562]: Failed password for root from 139.219.191.138 port 47660 ssh2
Dec 30 05:59:18 LabSZ sshd[10562]: Received disconnect from 139.219.191.138: 11: Bye Bye [preauth]
Dec 30 05:59:18 LabSZ sshd[10566]: pam_unix(sshd:auth): authentication failure; logname= uid=0 euid=0 tty=ssh ruser= rhost=139.219.191.138  user=root
Dec 30 05:59:18 LabSZ sshd[10564]: Failed password for root from 119.7.221.137 port 37176 ssh2
Dec 30 05:59:18 LabSZ sshd[10564]: Received disconnect from 119.7.221.137: 11: Bye Bye [preauth]
Dec 30 05:59:19 LabSZ sshd[10568]: Invalid user cloud from 119.7.221.137
Dec 30 05:59:19 LabSZ sshd[10568]: input_userauth_request: invalid user cloud [preauth]
Dec 30 05:59:19 LabSZ sshd[10568]: pam_unix(sshd:auth): check pass; user unknown
Dec 30 05:59:19 LabSZ sshd[10568]: pam_unix(sshd:auth): authentication failure; logname= uid=0 euid=0 tty=ssh ruser= rhost=119.7.221.137 
Dec 30 05:59:20 LabSZ sshd[10568]: Failed password for invalid user cloud from 119.7.221.137 port 38885 ssh2
Dec 30 05:59:20 LabSZ sshd[10568]: Received disconnect from 119.7.221.137: 11: Bye Bye [preauth]
Dec 30 05:59:20 LabSZ sshd[10566]: Failed password for root from 139.219.191.138 port 49988 ssh2
Dec 30 05:59:20 LabSZ sshd[10566]: Received disconnect from 139.219.191.138: 11: Bye Bye [preauth]
Dec 30 05:59:21 LabSZ sshd[10570]: Invalid user oracle from 119.7.221.137
Dec 30 05:59:21 LabSZ sshd[10570]: input_userauth_request: invalid user oracle [preauth]
Dec 30 05:59:21 LabSZ sshd[10570]: pam_unix(sshd:auth): check pass; user unknown
Dec 30 05:59:21 LabSZ sshd[10570]: pam_unix(sshd:auth): authentication failure; logname= uid=0 euid=0 tty=ssh ruser= rhost=119.7.221.137 
Dec 30 05:59:21 LabSZ sshd[10572]: pam_unix(sshd:auth): authentication failure; logname= uid=0 euid=0 tty=ssh ruser= rhost=139.219.191.138  user=root
Dec 30 05:59:22 LabSZ sshd[10570]: Failed password for invalid user oracle from 119.7.221.137 port 40423 ssh2
Dec 30 05:59:22 LabSZ sshd[10570]: Received disconnect from 119.7.221.137: 11: Bye Bye [preauth]
Dec 30 05:59:22 LabSZ sshd[10572]: Failed password for root from 139.219.191.138 port 52572 ssh2
Dec 30 05:59:23 LabSZ sshd[10572]: Received disconnect from 139.219.191.138: 11: Bye Bye [preauth]
Dec 30 05:59:23 LabSZ sshd[10574]: Invalid user slview from 119.7.221.137
Dec 30 05:59:23 LabSZ sshd[10574]: input_userauth_request: invalid user slview [preauth]
Dec 30 05:59:23 LabSZ sshd[10574]: pam_unix(sshd:auth): check pass; user unknown
Dec 30 05:59:23 LabSZ sshd[10574]: pam_unix(sshd:auth): authentication failure; logname= uid=0 euid=0 tty=ssh ruser= rhost=119.7.221.137 
Dec 30 05:59:23 LabSZ sshd[10576]: pam_unix(sshd:auth): authentication failure; logname= uid=0 euid=0 tty=ssh ruser= rhost=139.219.191.138  user=root
Dec 30 05:59:25 LabSZ sshd[10574]: Failed password for invalid user slview from 119.7.221.137 port 41889 ssh2
Dec 30 05:59:25 LabSZ sshd[10574]: Received disconnect from 119.7.221.137: 11: Bye Bye [preauth]
Dec 30 05:59:25 LabSZ sshd[10576]: Failed password for root from 139.219.191.138 port 54388 ssh2
Dec 30 05:59:25 LabSZ sshd[10576]: Received disconnect from 139.219.191.138: 11: Bye Bye [preauth]
Dec 30 05:59:25 LabSZ sshd[10578]: Invalid user ncs from 119.7.221.137
Dec 30 05:59:25 LabSZ sshd[10578]: input_userauth_request: invalid user ncs [preauth]
Dec 30 05:59:25 LabSZ sshd[10578]: pam_unix(sshd:auth): check pass; user unknown
Dec 30 05:59:25 LabSZ sshd[10578]: pam_unix(sshd:auth): authentication failure; logname= uid=0 euid=0 tty=ssh ruser= rhost=119.7.221.137 
Dec 30 05:59:25 LabSZ sshd[10580]: pam_unix(sshd:auth): authentication failure; logname= uid=0 euid=0 tty=ssh ruser= rhost=139.219.191.138  user=root
Dec 30 05:59:27 LabSZ sshd[10578]: Failed password for invalid user ncs from 119.7.221.137 port 43517 ssh2
Dec 30 05:59:27 LabSZ sshd[10580]: Failed password for root from 139.219.191.138 port 56406 ssh2
Dec 30 05:59:27 LabSZ sshd[10578]: Received disconnect from 119.7.221.137: 11: Bye Bye [preauth]
Dec 30 05:59:27 LabSZ sshd[10580]: Received disconnect from 139.219.191.138: 11: Bye Bye [preauth]
Dec 30 05:59:28 LabSZ sshd[10583]: pam_unix(sshd:auth): authentication failure; logname= uid=0 euid=0 tty=ssh ruser= rhost=139.219.191.138  user=root
Dec 30 05:59:28 LabSZ sshd[10582]: Invalid user support from 119.7.221.137
Dec 30 05:59:28 LabSZ sshd[10582]: input_userauth_request: invalid user support [preauth]
Dec 30 05:59:28 LabSZ sshd[10582]: pam_unix(sshd:auth): check pass; user unknown
Dec 30 05:59:28 LabSZ sshd[10582]: pam_unix(sshd:auth): authentication failure; logname= uid=0 euid=0 tty=ssh ruser= rhost=119.7.221.137 
Dec 30 05:59:30 LabSZ sshd[10583]: Failed password for root from 139.219.191.138 port 58524 ssh2
Dec 30 05:59:30 LabSZ sshd[10582]: Failed password for invalid user support from 119.7.221.137 port 45249 ssh2
Dec 30 05:59:30 LabSZ sshd[10583]: Received disconnect from 139.219.191.138: 11: Bye Bye [preauth]
Dec 30 05:59:30 LabSZ sshd[10582]: Received disconnect from 119.7.221.137: 11: Bye Bye [preauth]
Dec 30 05:59:30 LabSZ sshd[10586]: pam_unix(sshd:auth): authentication failure; logname= uid=0 euid=0 tty=ssh ruser= rhost=139.219.191.138  user=root
Dec 30 05:59:30 LabSZ sshd[10587]: Invalid user ncs from 119.7.221.137
Dec 30 05:59:30 LabSZ sshd[10587]: input_userauth_request: invalid user ncs [preauth]
