Dec 12 04:31:17 LabSZ sshd[14148]: Connection closed by 183.238.178.195 [preauth]
Dec 12 04:31:17 LabSZ sshd[14154]: pam_unix(sshd:auth): authentication failure; logname= uid=0 euid=0 tty=ssh ruser= rhost=183.238.178.195  user=root
Dec 12 04:31:17 LabSZ sshd[14152]: Failed password for invalid user postfix from 42.159.145.29 port 39615 ssh2
Dec 12 04:31:17 LabSZ sshd[14152]: Received disconnect from 42.159.145.29: 11: Bye Bye [preauth]
Dec 12 04:31:18 LabSZ sshd[14156]: Invalid user postfix from 42.159.145.29
Dec 12 04:31:18 LabSZ sshd[14156]: input_userauth_request: invalid user postfix [preauth]
Dec 12 04:31:18 LabSZ sshd[14156]: pam_unix(sshd:auth): check pass; user unknown
Dec 12 04:31:18 LabSZ sshd[14156]: pam_unix(sshd:auth): authentication failure; logname= uid=0 euid=0 tty=ssh ruser= rhost=42.159.145.29 
Dec 12 04:31:19 LabSZ sshd[14154]: Failed password for root from 183.238.178.195 port 6055 ssh2
Dec 12 04:31:19 LabSZ sshd[14154]: Connection closed by 183.238.178.195 [preauth]
Dec 12 04:31:19 LabSZ sshd[14158]: pam_unix(sshd:auth): authentication failure; logname= uid=0 euid=0 tty=ssh ruser= rhost=183.238.178.195  user=root
Dec 12 04:31:20 LabSZ sshd[14156]: Failed password for invalid user postfix from 42.159.145.29 port 39982 ssh2
Dec 12 04:31:20 LabSZ sshd[14156]: Received disconnect from 42.159.145.29: 11: Bye Bye [preauth]
Dec 12 04:31:20 LabSZ sshd[14160]: Invalid user user01 from 42.159.145.29
Dec 12 04:31:20 LabSZ sshd[14160]: input_userauth_request: invalid user user01 [preauth]
Dec 12 04:31:20 LabSZ sshd[14160]: pam_unix(sshd:auth): check pass; user unknown
Dec 12 04:31:20 LabSZ sshd[14160]: pam_unix(sshd:auth): authentication failure; logname= uid=0 euid=0 tty=ssh ruser= rhost=42.159.145.29 
Dec 12 04:31:22 LabSZ sshd[14158]: Failed password for root from 183.238.178.195 port 6321 ssh2
Dec 12 04:31:22 LabSZ sshd[14158]: Connection closed by 183.238.178.195 [preauth]
Dec 12 04:31:22 LabSZ sshd[14162]: pam_unix(sshd:auth): authentication failure; logname= uid=0 euid=0 tty=ssh ruser= rhost=183.238.178.195  user=root
Dec 12 04:31:22 LabSZ sshd[14160]: Failed password for invalid user user01 from 42.159.145.29 port 40454 ssh2
Dec 12 04:31:22 LabSZ sshd[14160]: Received disconnect from 42.159.145.29: 11: Bye Bye [preauth]
Dec 12 04:31:23 LabSZ sshd[14164]: Invalid user john from 42.159.145.29
Dec 12 04:31:23 LabSZ sshd[14164]: input_userauth_request: invalid user john [preauth]
Dec 12 04:31:23 LabSZ sshd[14164]: pam_unix(sshd:auth): check pass; user unknown
Dec 12 04:31:23 LabSZ sshd[14164]: pam_unix(sshd:auth): authentication failure; logname= uid=0 euid=0 tty=ssh ruser= rhost=42.159.145.29 
Dec 12 04:31:24 LabSZ sshd[14162]: Failed password for root from 183.238.178.195 port 6609 ssh2
Dec 12 04:31:24 LabSZ sshd[14162]: Connection closed by 183.238.178.195 [preauth]
Dec 12 04:31:24 LabSZ sshd[14166]: pam_unix(sshd:auth): authentication failure; logname= uid=0 euid=0 tty=ssh ruser= rhost=183.238.178.195  user=root
Dec 12 04:31:25 LabSZ sshd[14164]: Failed password for invalid user john from 42.159.145.29 port 40900 ssh2
Dec 12 04:31:25 LabSZ sshd[14164]: Received disconnect from 42.159.145.29: 11: Bye Bye [preauth]
Dec 12 04:31:25 LabSZ sshd[14168]: Invalid user john from 42.159.145.29
Dec 12 04:31:25 LabSZ sshd[14168]: input_userauth_request: invalid user john [preauth]
Dec 12 04:31:25 LabSZ sshd[14168]: pam_unix(sshd:auth): check pass; user unknown
Dec 12 04:31:25 LabSZ sshd[14168]: pam_unix(sshd:auth): authentication failure; logname= uid=0 euid=0 tty=ssh ruser= rhost=42.159.145.29 
Dec 12 04:31:26 LabSZ sshd[14166]: Failed password for root from 183.238.178.195 port 6881 ssh2
Dec 12 04:31:26 LabSZ sshd[14166]: Connection closed by 183.238.178.195 [preauth]
Dec 12 04:31:26 LabSZ sshd[14170]: pam_unix(sshd:auth): authentication failure; logname= uid=0 euid=0 tty=ssh ruser= rhost=183.238.178.195  user=root
Dec 12 04:31:27 LabSZ sshd[14168]: Failed password for invalid user john from 42.159.145.29 port 41362 ssh2
Dec 12 04:31:27 LabSZ sshd[14168]: Received disconnect from 42.159.145.29: 11: Bye Bye [preauth]
Dec 12 04:31:28 LabSZ sshd[14172]: Invalid user developer from 42.159.145.29
Dec 12 04:31:28 LabSZ sshd[14172]: input_userauth_request: invalid user developer [preauth]
Dec 12 04:31:28 LabSZ sshd[14172]: pam_unix(sshd:auth): check pass; user unknown
Dec 12 04:31:28 LabSZ sshd[14172]: pam_unix(sshd:auth): authentication failure; logname= uid=0 euid=0 tty=ssh ruser= rhost=42.159.145.29 
Dec 12 04:31:28 LabSZ sshd[14170]: Failed password for root from 183.238.178.195 port 7202 ssh2
Dec 12 04:31:28 LabSZ sshd[14170]: Connection closed by 183.238.178.195 [preauth]
Dec 12 04:31:28 LabSZ sshd[14174]: pam_unix(sshd:auth): authentication failure; logname= uid=0 euid=0 tty=ssh ruser= rhost=183.238.178.195  user=root
Dec 12 04:31:29 LabSZ sshd[14172]: Failed password for invalid user developer from 42.159.145.29 port 41847 ssh2
Dec 12 04:31:30 LabSZ sshd[14172]: Received disconnect from 42.159.145.29: 11: Bye Bye [preauth]
Dec 12 04:31:30 LabSZ sshd[14176]: Invalid user rails from 42.159.145.29
Dec 12 04:31:30 LabSZ sshd[14176]: input_userauth_request: invalid user rails [preauth]
Dec 12 04:31:30 LabSZ sshd[14176]: pam_unix(sshd:auth): check pass; user unknown
Dec 12 04:31:30 LabSZ sshd[14176]: pam_unix(sshd:auth): authentication failure; logname= uid=0 euid=0 tty=ssh ruser= rhost=42.159.145.29 
Dec 12 04:31:30 LabSZ sshd[14174]: Failed password for root from 183.238.178.195 port 7420 ssh2
Dec 12 04:31:30 LabSZ sshd[14174]: Connection closed by 183.238.178.195 [preauth]
Dec 12 04:31:30 LabSZ sshd[14178]: pam_unix(sshd:auth): authentication failure; logname= uid=0 euid=0 tty=ssh ruser= rhost=183.238.178.195  user=root
Dec 12 04:31:32 LabSZ sshd[14176]: Failed password for invalid user rails from 42.159.145.29 port 42275 ssh2
Dec 12 04:31:32 LabSZ sshd[14176]: Received disconnect from 42.159.145.29: 11: Bye Bye [preauth]
Dec 12 04:31:32 LabSZ sshd[14178]: Failed password for root from 183.238.178.195 port 7681 ssh2
Dec 12 04:31:32 LabSZ sshd[14178]: Connection closed by 183.238.178.195 [preauth]
Dec 12 04:31:32 LabSZ sshd[14180]: Invalid user db2fenc1 from 42.159.145.29
Dec 12 04:31:32 LabSZ sshd[14180]: input_userauth_request: invalid user db2fenc1 [preauth]
Dec 12 04:31:32 LabSZ sshd[14180]: pam_unix(sshd:auth): check pass; user unknown
Dec 12 04:31:32 LabSZ sshd[14180]: pam_unix(sshd:auth): authentication failure; logname= uid=0 euid=0 tty=ssh ruser= rhost=42.159.145.29 
Dec 12 04:31:32 LabSZ sshd[14182]: pam_unix(sshd:auth): authentication failure; logname= uid=0 euid=0 tty=ssh ruser= rhost=183.238.178.195  user=root
Dec 12 04:31:34 LabSZ sshd[14180]: Failed password for invalid user db2fenc1 from 42.159.145.29 port 42771 ssh2
Dec 12 04:31:34 LabSZ sshd[14180]: Received disconnect from 42.159.145.29: 11: Bye Bye [preauth]
Dec 12 04:31:35 LabSZ sshd[14182]: Failed password for root from 183.238.178.195 port 7974 ssh2
Dec 12 04:31:35 LabSZ sshd[14182]: Connection closed by 183.238.178.195 [preauth]
Dec 12 04:31:35 LabSZ sshd[14185]: pam_unix(sshd:auth): authentication failure; logname= uid=0 euid=0 tty=ssh ruser= rhost=183.238.178.195  user=root
Dec 12 04:31:35 LabSZ sshd[14184]: pam_unix(sshd:auth): authentication failure; logname= uid=0 euid=0 tty=ssh ruser= rhost=42.159.145.29  user=bin
Dec 12 04:31:37 LabSZ sshd[14185]: Failed password for root from 183.238.178.195 port 8250 ssh2
Dec 12 04:31:37 LabSZ sshd[14185]: Connection closed by 183.238.178.195 [preauth]
Dec 12 04:31:37 LabSZ sshd[14188]: pam_unix(sshd:auth): authentication failure; logname= uid=0 euid=0 tty=ssh ruser= rhost=183.238.178.195  user=root
Dec 12 04:31:37 LabSZ sshd[14184]: Failed password for bin from 42.159.145.29 port 43239 ssh2
Dec 12 04:31:37 LabSZ sshd[14184]: Received disconnect from 42.159.145.29: 11: Bye Bye [preauth]
Dec 12 04:31:37 LabSZ sshd[14190]: Invalid user jira from 42.159.145.29
Dec 12 04:31:37 LabSZ sshd[14190]: input_userauth_request: invalid user jira [preauth]
Dec 12 04:31:37 LabSZ sshd[14190]: pam_unix(sshd:auth): check pass; user unknown
Dec 12 04:31:37 LabSZ sshd[14190]: pam_unix(sshd:auth): authentication failure; logname= uid=0 euid=0 tty=ssh ruser= rhost=42.159.145.29 
Dec 12 04:31:39 LabSZ sshd[14188]: Failed password for root from 183.238.178.195 port 8477 ssh2
Dec 12 04:31:39 LabSZ sshd[14188]: Connection closed by 183.238.178.195 [preauth]
Dec 12 04:31:39 LabSZ sshd[14192]: pam_unix(sshd:auth): authentication failure; logname= uid=0 euid=0 tty=ssh ruser= rhost=183.238.178.195  user=root
Dec 12 04:31:39 LabSZ sshd[14190]: Failed password for invalid user jira from 42.159.145.29 port 43633 ssh2
Dec 12 04:31:39 LabSZ sshd[14190]: Received disconnect from 42.159.145.29: 11: Bye Bye [preauth]
Dec 12 04:31:39 LabSZ sshd[14194]: Invalid user jira from 42.159.145.29
Dec 12 04:31:39 LabSZ sshd[14194]: input_userauth_request: invalid user jira [preauth]
Dec 12 04:31:40 LabSZ sshd[14194]: pam_unix(sshd:auth): check pass; user unknown
Dec 12 04:31:40 LabSZ sshd[14194]: pam_unix(sshd:auth): authentication failure; logname= uid=0 euid=0 tty=ssh ruser= rhost=42.159.145.29 
Dec 12 04:31:41 LabSZ sshd[14192]: Failed password for root from 183.238.178.195 port 8785 ssh2
Dec 12 04:31:41 LabSZ sshd[14192]: Connection closed by 183.238.178.195 [preauth]
Dec 12 04:31:41 LabSZ sshd[14196]: pam_unix(sshd:auth): authentication failure; logname= uid=0 euid=0 tty=ssh ruser= rhost=183.238.178.195  user=root
Dec 12 04:31:42 LabSZ sshd[14194]: Failed password for invalid user jira from 42.159.145.29 port 44155 ssh2
Dec 12 04:31:42 LabSZ sshd[14194]: Received disconnect from 42.159.145.29: 11: Bye Bye [preauth]
Dec 12 04:31:42 LabSZ sshd[14198]: Invalid user grid from 42.159.145.29
Dec 12 04:31:42 LabSZ sshd[14198]: input_userauth_request: invalid user grid [preauth]
Dec 12 04:31:42 LabSZ sshd[14198]: pam_unix(sshd:auth): check pass; user unknown
Dec 12 04:31:42 LabSZ sshd[14198]: pam_unix(sshd:auth): authentication failure; logname= uid=0 euid=0 tty=ssh ruser= rhost=42.159.145.29 
Dec 12 04:31:43 LabSZ sshd[14196]: Failed password for root from 183.238.178.195 port 9077 ssh2
Dec 12 04:31:43 LabSZ sshd[14196]: Connection closed by 183.238.178.195 [preauth]
