Jan  3 19:45:56 LabSZ sshd[7023]: Disconnecting: Too many authentication failures for root [preauth]
Jan  3 19:45:56 LabSZ sshd[7023]: PAM 5 more authentication failures; logname= uid=0 euid=0 tty=ssh ruser= rhost=59.63.188.30  user=root
Jan  3 19:45:56 LabSZ sshd[7023]: PAM service(sshd) ignoring max retries; 6 > 3
Jan  3 19:45:57 LabSZ sshd[7027]: pam_unix(sshd:auth): authentication failure; logname= uid=0 euid=0 tty=ssh ruser= rhost=59.63.188.30  user=root
Jan  3 19:45:59 LabSZ sshd[7027]: Failed password for root from 59.63.188.30 port 3633 ssh2
Jan  3 19:46:06 LabSZ sshd[7025]: pam_unix(sshd:auth): authentication failure; logname= uid=0 euid=0 tty=ssh ruser= rhost=218.87.109.156  user=root
Jan  3 19:46:08 LabSZ sshd[7025]: Failed password for root from 218.87.109.156 port 64236 ssh2
Jan  3 19:46:12 LabSZ sshd[7027]: message repeated 5 times: [ Failed password for root from 59.63.188.30 port 3633 ssh2]
Jan  3 19:46:12 LabSZ sshd[7027]: Disconnecting: Too many authentication failures for root [preauth]
Jan  3 19:46:12 LabSZ sshd[7027]: PAM 5 more authentication failures; logname= uid=0 euid=0 tty=ssh ruser= rhost=59.63.188.30  user=root
Jan  3 19:46:12 LabSZ sshd[7027]: PAM service(sshd) ignoring max retries; 6 > 3
Jan  3 19:46:13 LabSZ sshd[7029]: pam_unix(sshd:auth): authentication failure; logname= uid=0 euid=0 tty=ssh ruser= rhost=59.63.188.30  user=root
Jan  3 19:46:15 LabSZ sshd[7029]: Failed password for root from 59.63.188.30 port 21100 ssh2
Jan  3 19:46:20 LabSZ sshd[7025]: message repeated 5 times: [ Failed password for root from 218.87.109.156 port 64236 ssh2]
Jan  3 19:46:20 LabSZ sshd[7025]: Disconnecting: Too many authentication failures for root [preauth]
Jan  3 19:46:20 LabSZ sshd[7025]: PAM 5 more authentication failures; logname= uid=0 euid=0 tty=ssh ruser= rhost=218.87.109.156  user=root
Jan  3 19:46:20 LabSZ sshd[7025]: PAM service(sshd) ignoring max retries; 6 > 3
Jan  3 19:46:26 LabSZ sshd[7031]: pam_unix(sshd:auth): authentication failure; logname= uid=0 euid=0 tty=ssh ruser= rhost=218.87.109.156  user=root
Jan  3 19:46:28 LabSZ sshd[7029]: message repeated 5 times: [ Failed password for root from 59.63.188.30 port 21100 ssh2]
Jan  3 19:46:28 LabSZ sshd[7029]: Disconnecting: Too many authentication failures for root [preauth]
Jan  3 19:46:28 LabSZ sshd[7029]: PAM 5 more authentication failures; logname= uid=0 euid=0 tty=ssh ruser= rhost=59.63.188.30  user=root
Jan  3 19:46:28 LabSZ sshd[7029]: PAM service(sshd) ignoring max retries; 6 > 3
Jan  3 19:46:29 LabSZ sshd[7031]: Failed password for root from 218.87.109.156 port 58870 ssh2
Jan  3 19:46:30 LabSZ sshd[7033]: pam_unix(sshd:auth): authentication failure; logname= uid=0 euid=0 tty=ssh ruser= rhost=59.63.188.30  user=root
Jan  3 19:46:32 LabSZ sshd[7033]: Failed password for root from 59.63.188.30 port 39331 ssh2
Jan  3 19:46:42 LabSZ sshd[7031]: message repeated 5 times: [ Failed password for root from 218.87.109.156 port 58870 ssh2]
Jan  3 19:46:42 LabSZ sshd[7031]: Disconnecting: Too many authentication failures for root [preauth]
Jan  3 19:46:42 LabSZ sshd[7031]: PAM 5 more authentication failures; logname= uid=0 euid=0 tty=ssh ruser= rhost=218.87.109.156  user=root
Jan  3 19:46:42 LabSZ sshd[7031]: PAM service(sshd) ignoring max retries; 6 > 3
Jan  3 19:46:44 LabSZ sshd[7033]: message repeated 5 times: [ Failed password for root from 59.63.188.30 port 39331 ssh2]
Jan  3 19:46:44 LabSZ sshd[7033]: Disconnecting: Too many authentication failures for root [preauth]
Jan  3 19:46:44 LabSZ sshd[7033]: PAM 5 more authentication failures; logname= uid=0 euid=0 tty=ssh ruser= rhost=59.63.188.30  user=root
Jan  3 19:46:44 LabSZ sshd[7033]: PAM service(sshd) ignoring max retries; 6 > 3
Jan  3 19:46:46 LabSZ sshd[7037]: pam_unix(sshd:auth): authentication failure; logname= uid=0 euid=0 tty=ssh ruser= rhost=59.63.188.30  user=root
Jan  3 19:46:47 LabSZ sshd[7037]: Failed password for root from 59.63.188.30 port 56447 ssh2
Jan  3 19:46:48 LabSZ sshd[7035]: pam_unix(sshd:auth): authentication failure; logname= uid=0 euid=0 tty=ssh ruser= rhost=218.87.109.156  user=root
Jan  3 19:46:50 LabSZ sshd[7035]: Failed password for root from 218.87.109.156 port 49224 ssh2
Jan  3 19:47:00 LabSZ sshd[7037]: message repeated 5 times: [ Failed password for root from 59.63.188.30 port 56447 ssh2]
Jan  3 19:47:00 LabSZ sshd[7037]: Disconnecting: Too many authentication failures for root [preauth]
Jan  3 19:47:00 LabSZ sshd[7037]: PAM 5 more authentication failures; logname= uid=0 euid=0 tty=ssh ruser= rhost=59.63.188.30  user=root
Jan  3 19:47:00 LabSZ sshd[7037]: PAM service(sshd) ignoring max retries; 6 > 3
Jan  3 19:47:01 LabSZ sshd[7040]: pam_unix(sshd:auth): authentication failure; logname= uid=0 euid=0 tty=ssh ruser= rhost=59.63.188.30  user=root
Jan  3 19:47:04 LabSZ sshd[7040]: Failed password for root from 59.63.188.30 port 8844 ssh2
Jan  3 19:47:04 LabSZ sshd[7035]: message repeated 5 times: [ Failed password for root from 218.87.109.156 port 49224 ssh2]
Jan  3 19:47:04 LabSZ sshd[7035]: Disconnecting: Too many authentication failures for root [preauth]
Jan  3 19:47:04 LabSZ sshd[7035]: PAM 5 more authentication failures; logname= uid=0 euid=0 tty=ssh ruser= rhost=218.87.109.156  user=root
Jan  3 19:47:04 LabSZ sshd[7035]: PAM service(sshd) ignoring max retries; 6 > 3
Jan  3 19:47:09 LabSZ sshd[7039]: Address 14.235.253.191 maps to static.vnpt.vn, but this does not map back to the address - POSSIBLE BREAK-IN ATTEMPT!
Jan  3 19:47:09 LabSZ sshd[7039]: Invalid user admin from 14.235.253.191
Jan  3 19:47:09 LabSZ sshd[7039]: input_userauth_request: invalid user admin [preauth]
Jan  3 19:47:09 LabSZ sshd[7039]: pam_unix(sshd:auth): check pass; user unknown
Jan  3 19:47:09 LabSZ sshd[7039]: pam_unix(sshd:auth): authentication failure; logname= uid=0 euid=0 tty=ssh ruser= rhost=14.235.253.191 
Jan  3 19:47:10 LabSZ sshd[7043]: pam_unix(sshd:auth): authentication failure; logname= uid=0 euid=0 tty=ssh ruser= rhost=218.87.109.156  user=root
Jan  3 19:47:11 LabSZ sshd[7039]: Failed password for invalid user admin from 14.235.253.191 port 54990 ssh2
Jan  3 19:47:11 LabSZ sshd[7039]: Connection closed by 14.235.253.191 [preauth]
Jan  3 19:47:13 LabSZ sshd[7043]: Failed password for root from 218.87.109.156 port 36422 ssh2
Jan  3 19:47:14 LabSZ sshd[7045]: Address 14.231.243.15 maps to static.vnpt.vn, but this does not map back to the address - POSSIBLE BREAK-IN ATTEMPT!
Jan  3 19:47:14 LabSZ sshd[7045]: Invalid user admin from 14.231.243.15
Jan  3 19:47:14 LabSZ sshd[7045]: input_userauth_request: invalid user admin [preauth]
Jan  3 19:47:14 LabSZ sshd[7045]: pam_unix(sshd:auth): check pass; user unknown
Jan  3 19:47:14 LabSZ sshd[7045]: pam_unix(sshd:auth): authentication failure; logname= uid=0 euid=0 tty=ssh ruser= rhost=14.231.243.15 
Jan  3 19:47:17 LabSZ sshd[7045]: Failed password for invalid user admin from 14.231.243.15 port 54528 ssh2
Jan  3 19:47:18 LabSZ sshd[7045]: Connection closed by 14.231.243.15 [preauth]
Jan  3 19:47:18 LabSZ sshd[7040]: message repeated 5 times: [ Failed password for root from 59.63.188.30 port 8844 ssh2]
Jan  3 19:47:18 LabSZ sshd[7040]: Disconnecting: Too many authentication failures for root [preauth]
Jan  3 19:47:18 LabSZ sshd[7040]: PAM 5 more authentication failures; logname= uid=0 euid=0 tty=ssh ruser= rhost=59.63.188.30  user=root
Jan  3 19:47:18 LabSZ sshd[7040]: PAM service(sshd) ignoring max retries; 6 > 3
Jan  3 19:47:19 LabSZ sshd[7047]: pam_unix(sshd:auth): authentication failure; logname= uid=0 euid=0 tty=ssh ruser= rhost=59.63.188.30  user=root
Jan  3 19:47:21 LabSZ sshd[7047]: Failed password for root from 59.63.188.30 port 28569 ssh2
Jan  3 19:47:27 LabSZ sshd[7043]: message repeated 5 times: [ Failed password for root from 218.87.109.156 port 36422 ssh2]
Jan  3 19:47:27 LabSZ sshd[7043]: Disconnecting: Too many authentication failures for root [preauth]
Jan  3 19:47:27 LabSZ sshd[7043]: PAM 5 more authentication failures; logname= uid=0 euid=0 tty=ssh ruser= rhost=218.87.109.156  user=root
Jan  3 19:47:27 LabSZ sshd[7043]: PAM service(sshd) ignoring max retries; 6 > 3
Jan  3 19:47:33 LabSZ sshd[7049]: pam_unix(sshd:auth): authentication failure; logname= uid=0 euid=0 tty=ssh ruser= rhost=218.87.109.156  user=root
Jan  3 19:47:35 LabSZ sshd[7049]: Failed password for root from 218.87.109.156 port 28410 ssh2
Jan  3 19:47:36 LabSZ sshd[7047]: message repeated 5 times: [ Failed password for root from 59.63.188.30 port 28569 ssh2]
Jan  3 19:47:36 LabSZ sshd[7047]: Disconnecting: Too many authentication failures for root [preauth]
Jan  3 19:47:36 LabSZ sshd[7047]: PAM 5 more authentication failures; logname= uid=0 euid=0 tty=ssh ruser= rhost=59.63.188.30  user=root
Jan  3 19:47:36 LabSZ sshd[7047]: PAM service(sshd) ignoring max retries; 6 > 3
Jan  3 19:47:37 LabSZ sshd[7051]: pam_unix(sshd:auth): authentication failure; logname= uid=0 euid=0 tty=ssh ruser= rhost=59.63.188.30  user=root
Jan  3 19:47:39 LabSZ sshd[7051]: Failed password for root from 59.63.188.30 port 47524 ssh2
Jan  3 19:47:49 LabSZ sshd[7049]: message repeated 5 times: [ Failed password for root from 218.87.109.156 port 28410 ssh2]
Jan  3 19:47:49 LabSZ sshd[7049]: Disconnecting: Too many authentication failures for root [preauth]
Jan  3 19:47:49 LabSZ sshd[7049]: PAM 5 more authentication failures; logname= uid=0 euid=0 tty=ssh ruser= rhost=218.87.109.156  user=root
Jan  3 19:47:49 LabSZ sshd[7049]: PAM service(sshd) ignoring max retries; 6 > 3
Jan  3 19:47:53 LabSZ sshd[7051]: message repeated 5 times: [ Failed password for root from 59.63.188.30 port 47524 ssh2]
Jan  3 19:47:53 LabSZ sshd[7051]: Disconnecting: Too many authentication failures for root [preauth]
Jan  3 19:47:53 LabSZ sshd[7051]: PAM 5 more authentication failures; logname= uid=0 euid=0 tty=ssh ruser= rhost=59.63.188.30  user=root
Jan  3 19:47:53 LabSZ sshd[7051]: PAM service(sshd) ignoring max retries; 6 > 3
Jan  3 19:47:54 LabSZ sshd[7055]: pam_unix(sshd:auth): authentication failure; logname= uid=0 euid=0 tty=ssh ruser= rhost=59.63.188.30  user=root
Jan  3 19:47:56 LabSZ sshd[7055]: Failed password for root from 59.63.188.30 port 1780 ssh2
Jan  3 19:47:56 LabSZ sshd[7053]: pam_unix(sshd:auth): authentication failure; logname= uid=0 euid=0 tty=ssh ruser= rhost=218.87.109.156  user=root
Jan  3 19:47:57 LabSZ sshd[7053]: Failed password for root from 218.87.109.156 port 16824 ssh2
Jan  3 19:48:01 LabSZ sshd[7057]: Did not receive identification string from 212.83.158.199
Jan  3 19:48:05 LabSZ sshd[7058]: reverse mapping checking getaddrinfo for 212-83-158-199.rev.poneytelecom.eu [212.83.158.199] failed - POSSIBLE BREAK-IN ATTEMPT!
Jan  3 19:48:05 LabSZ sshd[7058]: Invalid user support from 212.83.158.199
Jan  3 19:48:05 LabSZ sshd[7058]: input_userauth_request: invalid user support [preauth]
Jan  3 19:48:06 LabSZ sshd[7058]: pam_unix(sshd:auth): check pass; user unknown
Jan  3 19:48:06 LabSZ sshd[7058]: pam_unix(sshd:auth): authentication failure; logname= uid=0 euid=0 tty=ssh ruser= rhost=212.83.158.199 
Jan  3 19:48:07 LabSZ sshd[7058]: Failed password for invalid user support from 212.83.158.199 port 61444 ssh2
