Jan  2 05:54:04 LabSZ sshd[25736]: PAM 5 more authentication failures; logname= uid=0 euid=0 tty=ssh ruser= rhost=182.100.67.120  user=root
Jan  2 05:54:04 LabSZ sshd[25736]: PAM service(sshd) ignoring max retries; 6 > 3
Jan  2 05:54:06 LabSZ sshd[25746]: pam_unix(sshd:auth): authentication failure; logname= uid=0 euid=0 tty=ssh ruser= rhost=182.100.67.120  user=root
Jan  2 05:54:07 LabSZ sshd[25740]: message repeated 5 times: [ Failed password for root from 58.242.83.25 port 31469 ssh2]
Jan  2 05:54:07 LabSZ sshd[25740]: Disconnecting: Too many authentication failures for root [preauth]
Jan  2 05:54:07 LabSZ sshd[25740]: PAM 5 more authentication failures; logname= uid=0 euid=0 tty=ssh ruser= rhost=58.242.83.25  user=root
Jan  2 05:54:07 LabSZ sshd[25740]: PAM service(sshd) ignoring max retries; 6 > 3
Jan  2 05:54:08 LabSZ sshd[25746]: Failed password for root from 182.100.67.120 port 17600 ssh2
Jan  2 05:54:09 LabSZ sshd[25748]: pam_unix(sshd:auth): authentication failure; logname= uid=0 euid=0 tty=ssh ruser= rhost=58.242.83.25  user=root
Jan  2 05:54:11 LabSZ sshd[25748]: Failed password for root from 58.242.83.25 port 53509 ssh2
Jan  2 05:54:11 LabSZ sshd[25744]: message repeated 4 times: [ Failed password for root from 119.1.109.20 port 3712 ssh2]
Jan  2 05:54:11 LabSZ sshd[25744]: fatal: Read from socket failed: Connection reset by peer [preauth]
Jan  2 05:54:11 LabSZ sshd[25744]: PAM 4 more authentication failures; logname= uid=0 euid=0 tty=ssh ruser= rhost=119.1.109.20  user=root
Jan  2 05:54:11 LabSZ sshd[25744]: PAM service(sshd) ignoring max retries; 5 > 3
Jan  2 05:54:11 LabSZ sshd[25750]: pam_unix(sshd:auth): authentication failure; logname= uid=0 euid=0 tty=ssh ruser= rhost=119.1.109.20  user=root
Jan  2 05:54:14 LabSZ sshd[25750]: Failed password for root from 119.1.109.20 port 1170 ssh2
Jan  2 05:54:14 LabSZ sshd[25742]: message repeated 5 times: [ Failed password for root from 218.65.30.30 port 59422 ssh2]
Jan  2 05:54:14 LabSZ sshd[25742]: Disconnecting: Too many authentication failures for root [preauth]
Jan  2 05:54:14 LabSZ sshd[25742]: PAM 5 more authentication failures; logname= uid=0 euid=0 tty=ssh ruser= rhost=218.65.30.30  user=root
Jan  2 05:54:14 LabSZ sshd[25742]: PAM service(sshd) ignoring max retries; 6 > 3
Jan  2 05:54:16 LabSZ sshd[25752]: reverse mapping checking getaddrinfo for 30.30.65.218.broad.xy.jx.dynamic.163data.com.cn [218.65.30.30] failed - POSSIBLE BREAK-IN ATTEMPT!
Jan  2 05:54:16 LabSZ sshd[25752]: pam_unix(sshd:auth): authentication failure; logname= uid=0 euid=0 tty=ssh ruser= rhost=218.65.30.30  user=root
Jan  2 05:54:18 LabSZ sshd[25752]: Failed password for root from 218.65.30.30 port 34416 ssh2
Jan  2 05:54:20 LabSZ sshd[25746]: message repeated 5 times: [ Failed password for root from 182.100.67.120 port 17600 ssh2]
Jan  2 05:54:20 LabSZ sshd[25746]: Disconnecting: Too many authentication failures for root [preauth]
Jan  2 05:54:20 LabSZ sshd[25746]: PAM 5 more authentication failures; logname= uid=0 euid=0 tty=ssh ruser= rhost=182.100.67.120  user=root
Jan  2 05:54:20 LabSZ sshd[25746]: PAM service(sshd) ignoring max retries; 6 > 3
Jan  2 05:54:22 LabSZ sshd[25754]: pam_unix(sshd:auth): authentication failure; logname= uid=0 euid=0 tty=ssh ruser= rhost=182.100.67.120  user=root
Jan  2 05:54:23 LabSZ sshd[25750]: message repeated 4 times: [ Failed password for root from 119.1.109.20 port 1170 ssh2]
Jan  2 05:54:23 LabSZ sshd[25750]: fatal: Read from socket failed: Connection reset by peer [preauth]
Jan  2 05:54:23 LabSZ sshd[25750]: PAM 4 more authentication failures; logname= uid=0 euid=0 tty=ssh ruser= rhost=119.1.109.20  user=root
Jan  2 05:54:23 LabSZ sshd[25750]: PAM service(sshd) ignoring max retries; 5 > 3
Jan  2 05:54:23 LabSZ sshd[25756]: pam_unix(sshd:auth): authentication failure; logname= uid=0 euid=0 tty=ssh ruser= rhost=119.1.109.20  user=root
Jan  2 05:54:24 LabSZ sshd[25748]: message repeated 5 times: [ Failed password for root from 58.242.83.25 port 53509 ssh2]
Jan  2 05:54:24 LabSZ sshd[25748]: Disconnecting: Too many authentication failures for root [preauth]
Jan  2 05:54:24 LabSZ sshd[25748]: PAM 5 more authentication failures; logname= uid=0 euid=0 tty=ssh ruser= rhost=58.242.83.25  user=root
Jan  2 05:54:24 LabSZ sshd[25748]: PAM service(sshd) ignoring max retries; 6 > 3
Jan  2 05:54:24 LabSZ sshd[25754]: Failed password for root from 182.100.67.120 port 53818 ssh2
Jan  2 05:54:25 LabSZ sshd[25756]: Failed password for root from 119.1.109.20 port 2177 ssh2
Jan  2 05:54:25 LabSZ sshd[25758]: pam_unix(sshd:auth): authentication failure; logname= uid=0 euid=0 tty=ssh ruser= rhost=58.242.83.25  user=root
Jan  2 05:54:27 LabSZ sshd[25758]: Failed password for root from 58.242.83.25 port 10929 ssh2
Jan  2 05:54:31 LabSZ sshd[25752]: message repeated 5 times: [ Failed password for root from 218.65.30.30 port 34416 ssh2]
Jan  2 05:54:31 LabSZ sshd[25752]: Disconnecting: Too many authentication failures for root [preauth]
Jan  2 05:54:31 LabSZ sshd[25752]: PAM 5 more authentication failures; logname= uid=0 euid=0 tty=ssh ruser= rhost=218.65.30.30  user=root
Jan  2 05:54:31 LabSZ sshd[25752]: PAM service(sshd) ignoring max retries; 6 > 3
Jan  2 05:54:32 LabSZ sshd[25760]: reverse mapping checking getaddrinfo for 30.30.65.218.broad.xy.jx.dynamic.163data.com.cn [218.65.30.30] failed - POSSIBLE BREAK-IN ATTEMPT!
Jan  2 05:54:32 LabSZ sshd[25760]: pam_unix(sshd:auth): authentication failure; logname= uid=0 euid=0 tty=ssh ruser= rhost=218.65.30.30  user=root
Jan  2 05:54:33 LabSZ sshd[25756]: message repeated 4 times: [ Failed password for root from 119.1.109.20 port 2177 ssh2]
Jan  2 05:54:33 LabSZ sshd[25756]: fatal: Read from socket failed: Connection reset by peer [preauth]
Jan  2 05:54:33 LabSZ sshd[25756]: PAM 4 more authentication failures; logname= uid=0 euid=0 tty=ssh ruser= rhost=119.1.109.20  user=root
Jan  2 05:54:33 LabSZ sshd[25756]: PAM service(sshd) ignoring max retries; 5 > 3
Jan  2 05:54:33 LabSZ sshd[25762]: pam_unix(sshd:auth): authentication failure; logname= uid=0 euid=0 tty=ssh ruser= rhost=119.1.109.20  user=root
Jan  2 05:54:34 LabSZ sshd[25760]: Failed password for root from 218.65.30.30 port 7444 ssh2
Jan  2 05:54:35 LabSZ sshd[25762]: Failed password for root from 119.1.109.20 port 3170 ssh2
Jan  2 05:54:37 LabSZ sshd[25754]: message repeated 5 times: [ Failed password for root from 182.100.67.120 port 53818 ssh2]
Jan  2 05:54:37 LabSZ sshd[25754]: Disconnecting: Too many authentication failures for root [preauth]
Jan  2 05:54:37 LabSZ sshd[25754]: PAM 5 more authentication failures; logname= uid=0 euid=0 tty=ssh ruser= rhost=182.100.67.120  user=root
Jan  2 05:54:37 LabSZ sshd[25754]: PAM service(sshd) ignoring max retries; 6 > 3
Jan  2 05:54:38 LabSZ sshd[25766]: pam_unix(sshd:auth): authentication failure; logname= uid=0 euid=0 tty=ssh ruser= rhost=182.100.67.120  user=root
Jan  2 05:54:40 LabSZ sshd[25758]: message repeated 5 times: [ Failed password for root from 58.242.83.25 port 10929 ssh2]
Jan  2 05:54:40 LabSZ sshd[25758]: Disconnecting: Too many authentication failures for root [preauth]
Jan  2 05:54:40 LabSZ sshd[25758]: PAM 5 more authentication failures; logname= uid=0 euid=0 tty=ssh ruser= rhost=58.242.83.25  user=root
Jan  2 05:54:40 LabSZ sshd[25758]: PAM service(sshd) ignoring max retries; 6 > 3
Jan  2 05:54:40 LabSZ sshd[25766]: Failed password for root from 182.100.67.120 port 25852 ssh2
Jan  2 05:54:41 LabSZ sshd[25768]: pam_unix(sshd:auth): authentication failure; logname= uid=0 euid=0 tty=ssh ruser= rhost=58.242.83.25  user=root
Jan  2 05:54:43 LabSZ sshd[25768]: Failed password for root from 58.242.83.25 port 31229 ssh2
Jan  2 05:54:43 LabSZ sshd[25764]: Invalid user nagios from 43.227.135.250
Jan  2 05:54:43 LabSZ sshd[25764]: input_userauth_request: invalid user nagios [preauth]
Jan  2 05:54:43 LabSZ sshd[25764]: pam_unix(sshd:auth): check pass; user unknown
Jan  2 05:54:43 LabSZ sshd[25764]: pam_unix(sshd:auth): authentication failure; logname= uid=0 euid=0 tty=ssh ruser= rhost=43.227.135.250 
Jan  2 05:54:44 LabSZ sshd[25762]: message repeated 4 times: [ Failed password for root from 119.1.109.20 port 3170 ssh2]
Jan  2 05:54:44 LabSZ sshd[25762]: fatal: Read from socket failed: Connection reset by peer [preauth]
Jan  2 05:54:44 LabSZ sshd[25762]: PAM 4 more authentication failures; logname= uid=0 euid=0 tty=ssh ruser= rhost=119.1.109.20  user=root
Jan  2 05:54:44 LabSZ sshd[25762]: PAM service(sshd) ignoring max retries; 5 > 3
Jan  2 05:54:44 LabSZ sshd[25770]: pam_unix(sshd:auth): authentication failure; logname= uid=0 euid=0 tty=ssh ruser= rhost=119.1.109.20  user=root
Jan  2 05:54:45 LabSZ sshd[25764]: Failed password for invalid user nagios from 43.227.135.250 port 50352 ssh2
Jan  2 05:54:45 LabSZ sshd[25764]: Received disconnect from 43.227.135.250: 11: Bye Bye [preauth]
Jan  2 05:54:46 LabSZ sshd[25770]: Failed password for root from 119.1.109.20 port 4776 ssh2
Jan  2 05:54:47 LabSZ sshd[25760]: message repeated 5 times: [ Failed password for root from 218.65.30.30 port 7444 ssh2]
Jan  2 05:54:47 LabSZ sshd[25760]: Disconnecting: Too many authentication failures for root [preauth]
Jan  2 05:54:47 LabSZ sshd[25760]: PAM 5 more authentication failures; logname= uid=0 euid=0 tty=ssh ruser= rhost=218.65.30.30  user=root
Jan  2 05:54:47 LabSZ sshd[25760]: PAM service(sshd) ignoring max retries; 6 > 3
Jan  2 05:54:48 LabSZ sshd[25772]: reverse mapping checking getaddrinfo for 30.30.65.218.broad.xy.jx.dynamic.163data.com.cn [218.65.30.30] failed - POSSIBLE BREAK-IN ATTEMPT!
Jan  2 05:54:48 LabSZ sshd[25772]: pam_unix(sshd:auth): authentication failure; logname= uid=0 euid=0 tty=ssh ruser= rhost=218.65.30.30  user=root
Jan  2 05:54:51 LabSZ sshd[25772]: Failed password for root from 218.65.30.30 port 44606 ssh2
Jan  2 05:54:53 LabSZ sshd[25766]: message repeated 5 times: [ Failed password for root from 182.100.67.120 port 25852 ssh2]
Jan  2 05:54:53 LabSZ sshd[25766]: Disconnecting: Too many authentication failures for root [preauth]
Jan  2 05:54:53 LabSZ sshd[25766]: PAM 5 more authentication failures; logname= uid=0 euid=0 tty=ssh ruser= rhost=182.100.67.120  user=root
Jan  2 05:54:53 LabSZ sshd[25766]: PAM service(sshd) ignoring max retries; 6 > 3
Jan  2 05:54:54 LabSZ sshd[25774]: pam_unix(sshd:auth): authentication failure; logname= uid=0 euid=0 tty=ssh ruser= rhost=182.100.67.120  user=root
Jan  2 05:54:55 LabSZ sshd[25770]: message repeated 4 times: [ Failed password for root from 119.1.109.20 port 4776 ssh2]
Jan  2 05:54:55 LabSZ sshd[25770]: fatal: Read from socket failed: Connection reset by peer [preauth]
Jan  2 05:54:55 LabSZ sshd[25770]: PAM 4 more authentication failures; logname= uid=0 euid=0 tty=ssh ruser= rhost=119.1.109.20  user=root
Jan  2 05:54:55 LabSZ sshd[25770]: PAM service(sshd) ignoring max retries; 5 > 3
Jan  2 05:54:55 LabSZ sshd[25776]: pam_unix(sshd:auth): authentication failure; logname= uid=0 euid=0 tty=ssh ruser= rhost=119.1.109.20  user=root
Jan  2 05:54:56 LabSZ sshd[25768]: message repeated 5 times: [ Failed password for root from 58.242.83.25 port 31229 ssh2]
Jan  2 05:54:56 LabSZ sshd[25768]: Disconnecting: Too many authentication failures for root [preauth]
Jan  2 05:54:56 LabSZ sshd[25768]: PAM 5 more authentication failures; logname= uid=0 euid=0 tty=ssh ruser= rhost=58.242.83.25  user=root
Jan  2 05:54:56 LabSZ sshd[25768]: PAM service(sshd) ignoring max retries; 6 > 3
Jan  2 05:54:56 LabSZ sshd[25774]: Failed password for root from 182.100.67.120 port 62344 ssh2
