Jan  2 16:09:06 LabSZ sshd[7959]: Disconnecting: Too many authentication failures for root [preauth]
Jan  2 16:09:06 LabSZ sshd[7959]: PAM 5 more authentication failures; logname= uid=0 euid=0 tty=ssh ruser= rhost=58.242.83.25  user=root
Jan  2 16:09:06 LabSZ sshd[7959]: PAM service(sshd) ignoring max retries; 6 > 3
Jan  2 16:09:07 LabSZ sshd[7975]: pam_unix(sshd:auth): authentication failure; logname= uid=0 euid=0 tty=ssh ruser= rhost=58.242.83.25  user=root
Jan  2 16:09:09 LabSZ sshd[7975]: Failed password for root from 58.242.83.25 port 18877 ssh2
Jan  2 16:09:20 LabSZ sshd[7975]: message repeated 5 times: [ Failed password for root from 58.242.83.25 port 18877 ssh2]
Jan  2 16:09:20 LabSZ sshd[7975]: Disconnecting: Too many authentication failures for root [preauth]
Jan  2 16:09:20 LabSZ sshd[7975]: PAM 5 more authentication failures; logname= uid=0 euid=0 tty=ssh ruser= rhost=58.242.83.25  user=root
Jan  2 16:09:20 LabSZ sshd[7975]: PAM service(sshd) ignoring max retries; 6 > 3
Jan  2 16:09:22 LabSZ sshd[7977]: pam_unix(sshd:auth): authentication failure; logname= uid=0 euid=0 tty=ssh ruser= rhost=58.242.83.25  user=root
Jan  2 16:09:24 LabSZ sshd[7977]: Failed password for root from 58.242.83.25 port 37818 ssh2
Jan  2 16:09:27 LabSZ sshd[7979]: pam_unix(sshd:auth): authentication failure; logname= uid=0 euid=0 tty=ssh ruser= rhost=190.196.234.141  user=root
Jan  2 16:09:29 LabSZ sshd[7979]: Failed password for root from 190.196.234.141 port 26465 ssh2
Jan  2 16:09:30 LabSZ sshd[7979]: Received disconnect from 190.196.234.141: 11: Bye Bye [preauth]
Jan  2 16:09:33 LabSZ sshd[7981]: pam_unix(sshd:auth): authentication failure; logname= uid=0 euid=0 tty=ssh ruser= rhost=190.196.234.141  user=root
Jan  2 16:09:35 LabSZ sshd[7981]: Failed password for root from 190.196.234.141 port 32449 ssh2
Jan  2 16:09:36 LabSZ sshd[7981]: Received disconnect from 190.196.234.141: 11: Bye Bye [preauth]
Jan  2 16:09:36 LabSZ sshd[7977]: message repeated 5 times: [ Failed password for root from 58.242.83.25 port 37818 ssh2]
Jan  2 16:09:36 LabSZ sshd[7977]: Disconnecting: Too many authentication failures for root [preauth]
Jan  2 16:09:36 LabSZ sshd[7977]: PAM 5 more authentication failures; logname= uid=0 euid=0 tty=ssh ruser= rhost=58.242.83.25  user=root
Jan  2 16:09:36 LabSZ sshd[7977]: PAM service(sshd) ignoring max retries; 6 > 3
Jan  2 16:09:38 LabSZ sshd[7985]: pam_unix(sshd:auth): authentication failure; logname= uid=0 euid=0 tty=ssh ruser= rhost=58.242.83.25  user=root
Jan  2 16:09:39 LabSZ sshd[7983]: Invalid user ubnt from 190.196.234.141
Jan  2 16:09:39 LabSZ sshd[7983]: input_userauth_request: invalid user ubnt [preauth]
Jan  2 16:09:39 LabSZ sshd[7983]: pam_unix(sshd:auth): check pass; user unknown
Jan  2 16:09:39 LabSZ sshd[7983]: pam_unix(sshd:auth): authentication failure; logname= uid=0 euid=0 tty=ssh ruser= rhost=190.196.234.141 
Jan  2 16:09:39 LabSZ sshd[7985]: Failed password for root from 58.242.83.25 port 58738 ssh2
Jan  2 16:09:41 LabSZ sshd[7983]: Failed password for invalid user ubnt from 190.196.234.141 port 38625 ssh2
Jan  2 16:09:42 LabSZ sshd[7983]: Received disconnect from 190.196.234.141: 11: Bye Bye [preauth]
Jan  2 16:09:46 LabSZ sshd[7987]: pam_unix(sshd:auth): authentication failure; logname= uid=0 euid=0 tty=ssh ruser= rhost=190.196.234.141  user=root
Jan  2 16:09:48 LabSZ sshd[7987]: Failed password for root from 190.196.234.141 port 42113 ssh2
Jan  2 16:09:48 LabSZ sshd[7987]: Received disconnect from 190.196.234.141: 11: Bye Bye [preauth]
Jan  2 16:09:51 LabSZ sshd[7985]: message repeated 5 times: [ Failed password for root from 58.242.83.25 port 58738 ssh2]
Jan  2 16:09:51 LabSZ sshd[7985]: Disconnecting: Too many authentication failures for root [preauth]
Jan  2 16:09:51 LabSZ sshd[7985]: PAM 5 more authentication failures; logname= uid=0 euid=0 tty=ssh ruser= rhost=58.242.83.25  user=root
Jan  2 16:09:51 LabSZ sshd[7985]: PAM service(sshd) ignoring max retries; 6 > 3
Jan  2 16:09:52 LabSZ sshd[7989]: pam_unix(sshd:auth): authentication failure; logname= uid=0 euid=0 tty=ssh ruser= rhost=190.196.234.141  user=root
Jan  2 16:09:53 LabSZ sshd[7991]: pam_unix(sshd:auth): authentication failure; logname= uid=0 euid=0 tty=ssh ruser= rhost=58.242.83.25  user=root
Jan  2 16:09:54 LabSZ sshd[7989]: Failed password for root from 190.196.234.141 port 48609 ssh2
Jan  2 16:09:54 LabSZ sshd[7989]: Received disconnect from 190.196.234.141: 11: Bye Bye [preauth]
Jan  2 16:09:55 LabSZ sshd[7991]: Failed password for root from 58.242.83.25 port 13232 ssh2
Jan  2 16:09:59 LabSZ sshd[7993]: pam_unix(sshd:auth): authentication failure; logname= uid=0 euid=0 tty=ssh ruser= rhost=190.196.234.141  user=root
Jan  2 16:10:01 LabSZ sshd[7993]: Failed password for root from 190.196.234.141 port 52673 ssh2
Jan  2 16:10:02 LabSZ sshd[7993]: Received disconnect from 190.196.234.141: 11: Bye Bye [preauth]
Jan  2 16:10:06 LabSZ sshd[7995]: pam_unix(sshd:auth): authentication failure; logname= uid=0 euid=0 tty=ssh ruser= rhost=190.196.234.141  user=root
Jan  2 16:10:07 LabSZ sshd[7991]: message repeated 5 times: [ Failed password for root from 58.242.83.25 port 13232 ssh2]
Jan  2 16:10:07 LabSZ sshd[7991]: Disconnecting: Too many authentication failures for root [preauth]
Jan  2 16:10:07 LabSZ sshd[7991]: PAM 5 more authentication failures; logname= uid=0 euid=0 tty=ssh ruser= rhost=58.242.83.25  user=root
Jan  2 16:10:07 LabSZ sshd[7991]: PAM service(sshd) ignoring max retries; 6 > 3
Jan  2 16:10:08 LabSZ sshd[7995]: Failed password for root from 190.196.234.141 port 58657 ssh2
Jan  2 16:10:08 LabSZ sshd[7995]: Received disconnect from 190.196.234.141: 11: Bye Bye [preauth]
Jan  2 16:10:09 LabSZ sshd[7997]: pam_unix(sshd:auth): authentication failure; logname= uid=0 euid=0 tty=ssh ruser= rhost=58.242.83.25  user=root
Jan  2 16:10:11 LabSZ sshd[7997]: Failed password for root from 58.242.83.25 port 33948 ssh2
Jan  2 16:10:12 LabSZ sshd[7999]: pam_unix(sshd:auth): authentication failure; logname= uid=0 euid=0 tty=ssh ruser= rhost=190.196.234.141  user=root
Jan  2 16:10:15 LabSZ sshd[7999]: Failed password for root from 190.196.234.141 port 2177 ssh2
Jan  2 16:10:15 LabSZ sshd[7999]: Received disconnect from 190.196.234.141: 11: Bye Bye [preauth]
Jan  2 16:10:19 LabSZ sshd[8001]: pam_unix(sshd:auth): authentication failure; logname= uid=0 euid=0 tty=ssh ruser= rhost=190.196.234.141  user=root
Jan  2 16:10:21 LabSZ sshd[8001]: Failed password for root from 190.196.234.141 port 7585 ssh2
Jan  2 16:10:21 LabSZ sshd[8001]: Received disconnect from 190.196.234.141: 11: Bye Bye [preauth]
Jan  2 16:10:24 LabSZ sshd[7997]: message repeated 5 times: [ Failed password for root from 58.242.83.25 port 33948 ssh2]
Jan  2 16:10:24 LabSZ sshd[7997]: Disconnecting: Too many authentication failures for root [preauth]
Jan  2 16:10:24 LabSZ sshd[7997]: PAM 5 more authentication failures; logname= uid=0 euid=0 tty=ssh ruser= rhost=58.242.83.25  user=root
Jan  2 16:10:24 LabSZ sshd[7997]: PAM service(sshd) ignoring max retries; 6 > 3
Jan  2 16:10:25 LabSZ sshd[8003]: pam_unix(sshd:auth): authentication failure; logname= uid=0 euid=0 tty=ssh ruser= rhost=190.196.234.141  user=root
Jan  2 16:10:25 LabSZ sshd[8005]: pam_unix(sshd:auth): authentication failure; logname= uid=0 euid=0 tty=ssh ruser= rhost=58.242.83.25  user=root
Jan  2 16:10:27 LabSZ sshd[8003]: Failed password for root from 190.196.234.141 port 11681 ssh2
Jan  2 16:10:27 LabSZ sshd[8005]: Failed password for root from 58.242.83.25 port 54700 ssh2
Jan  2 16:10:27 LabSZ sshd[8003]: Received disconnect from 190.196.234.141: 11: Bye Bye [preauth]
Jan  2 16:10:31 LabSZ sshd[8007]: pam_unix(sshd:auth): authentication failure; logname= uid=0 euid=0 tty=ssh ruser= rhost=190.196.234.141  user=root
Jan  2 16:10:33 LabSZ sshd[8007]: Failed password for root from 190.196.234.141 port 18177 ssh2
Jan  2 16:10:34 LabSZ sshd[8007]: Received disconnect from 190.196.234.141: 11: Bye Bye [preauth]
Jan  2 16:10:35 LabSZ sshd[8011]: Did not receive identification string from 183.65.30.2
Jan  2 16:10:37 LabSZ sshd[8009]: pam_unix(sshd:auth): authentication failure; logname= uid=0 euid=0 tty=ssh ruser= rhost=190.196.234.141  user=root
Jan  2 16:10:38 LabSZ sshd[8012]: Invalid user teamspeak5 from 183.65.30.2
Jan  2 16:10:38 LabSZ sshd[8012]: input_userauth_request: invalid user teamspeak5 [preauth]
Jan  2 16:10:38 LabSZ sshd[8012]: pam_unix(sshd:auth): check pass; user unknown
Jan  2 16:10:38 LabSZ sshd[8012]: pam_unix(sshd:auth): authentication failure; logname= uid=0 euid=0 tty=ssh ruser= rhost=183.65.30.2 
Jan  2 16:10:39 LabSZ sshd[8009]: Failed password for root from 190.196.234.141 port 21697 ssh2
Jan  2 16:10:39 LabSZ sshd[8005]: message repeated 5 times: [ Failed password for root from 58.242.83.25 port 54700 ssh2]
Jan  2 16:10:39 LabSZ sshd[8005]: Disconnecting: Too many authentication failures for root [preauth]
Jan  2 16:10:39 LabSZ sshd[8005]: PAM 5 more authentication failures; logname= uid=0 euid=0 tty=ssh ruser= rhost=58.242.83.25  user=root
Jan  2 16:10:39 LabSZ sshd[8005]: PAM service(sshd) ignoring max retries; 6 > 3
Jan  2 16:10:39 LabSZ sshd[8012]: Failed password for invalid user teamspeak5 from 183.65.30.2 port 7018 ssh2
Jan  2 16:10:39 LabSZ sshd[8012]: Received disconnect from 183.65.30.2: 11: Bye Bye [preauth]
Jan  2 16:10:40 LabSZ sshd[8009]: Received disconnect from 190.196.234.141: 11: Bye Bye [preauth]
Jan  2 16:10:40 LabSZ sshd[8014]: Invalid user ts from 183.65.30.2
Jan  2 16:10:40 LabSZ sshd[8014]: input_userauth_request: invalid user ts [preauth]
Jan  2 16:10:40 LabSZ sshd[8014]: pam_unix(sshd:auth): check pass; user unknown
Jan  2 16:10:40 LabSZ sshd[8014]: pam_unix(sshd:auth): authentication failure; logname= uid=0 euid=0 tty=ssh ruser= rhost=183.65.30.2 
Jan  2 16:10:41 LabSZ sshd[8017]: pam_unix(sshd:auth): authentication failure; logname= uid=0 euid=0 tty=ssh ruser= rhost=58.242.83.25  user=root
Jan  2 16:10:42 LabSZ sshd[8014]: Failed password for invalid user ts from 183.65.30.2 port 7733 ssh2
Jan  2 16:10:42 LabSZ sshd[8014]: Received disconnect from 183.65.30.2: 11: Bye Bye [preauth]
Jan  2 16:10:43 LabSZ sshd[8020]: Invalid user teamspeak from 183.65.30.2
Jan  2 16:10:43 LabSZ sshd[8020]: input_userauth_request: invalid user teamspeak [preauth]
Jan  2 16:10:43 LabSZ sshd[8020]: pam_unix(sshd:auth): check pass; user unknown
Jan  2 16:10:43 LabSZ sshd[8020]: pam_unix(sshd:auth): authentication failure; logname= uid=0 euid=0 tty=ssh ruser= rhost=183.65.30.2 
Jan  2 16:10:43 LabSZ sshd[8017]: Failed password for root from 58.242.83.25 port 9560 ssh2
Jan  2 16:10:43 LabSZ sshd[8016]: pam_unix(sshd:auth): authentication failure; logname= uid=0 euid=0 tty=ssh ruser= rhost=190.196.234.141  user=root
Jan  2 16:10:45 LabSZ sshd[8020]: Failed password for invalid user teamspeak from 183.65.30.2 port 9370 ssh2
Jan  2 16:10:45 LabSZ sshd[8020]: Received disconnect from 183.65.30.2: 11: Bye Bye [preauth]
