Jan  1 23:23:28 LabSZ sshd[17297]: message repeated 5 times: [ Failed password for root from 58.242.83.25 port 12091 ssh2]
Jan  1 23:23:28 LabSZ sshd[17297]: Disconnecting: Too many authentication failures for root [preauth]
Jan  1 23:23:28 LabSZ sshd[17297]: PAM 5 more authentication failures; logname= uid=0 euid=0 tty=ssh ruser= rhost=58.242.83.25  user=root
Jan  1 23:23:28 LabSZ sshd[17297]: PAM service(sshd) ignoring max retries; 6 > 3
Jan  1 23:23:29 LabSZ sshd[17303]: Did not receive identification string from 103.207.36.21
Jan  1 23:23:29 LabSZ sshd[17304]: pam_unix(sshd:auth): authentication failure; logname= uid=0 euid=0 tty=ssh ruser= rhost=58.242.83.25  user=root
Jan  1 23:23:31 LabSZ sshd[17306]: Invalid user support from 103.207.36.21
Jan  1 23:23:31 LabSZ sshd[17306]: input_userauth_request: invalid user support [preauth]
Jan  1 23:23:31 LabSZ sshd[17304]: Failed password for root from 58.242.83.25 port 32736 ssh2
Jan  1 23:23:31 LabSZ sshd[17306]: pam_unix(sshd:auth): check pass; user unknown
Jan  1 23:23:31 LabSZ sshd[17306]: pam_unix(sshd:auth): authentication failure; logname= uid=0 euid=0 tty=ssh ruser= rhost=103.207.36.21 
Jan  1 23:23:33 LabSZ sshd[17306]: Failed password for invalid user support from 103.207.36.21 port 49739 ssh2
Jan  1 23:23:33 LabSZ sshd[17306]: error: Received disconnect from 103.207.36.21: 3: com.jcraft.jsch.JSchException: Auth fail [preauth]
Jan  1 23:23:35 LabSZ sshd[17301]: message repeated 5 times: [ Failed password for root from 182.100.67.120 port 1546 ssh2]
Jan  1 23:23:35 LabSZ sshd[17301]: Disconnecting: Too many authentication failures for root [preauth]
Jan  1 23:23:35 LabSZ sshd[17301]: PAM 5 more authentication failures; logname= uid=0 euid=0 tty=ssh ruser= rhost=182.100.67.120  user=root
Jan  1 23:23:35 LabSZ sshd[17301]: PAM service(sshd) ignoring max retries; 6 > 3
Jan  1 23:23:36 LabSZ sshd[17299]: message repeated 5 times: [ Failed password for root from 218.65.30.30 port 11406 ssh2]
Jan  1 23:23:36 LabSZ sshd[17299]: Disconnecting: Too many authentication failures for root [preauth]
Jan  1 23:23:36 LabSZ sshd[17299]: PAM 5 more authentication failures; logname= uid=0 euid=0 tty=ssh ruser= rhost=218.65.30.30  user=root
Jan  1 23:23:36 LabSZ sshd[17299]: PAM service(sshd) ignoring max retries; 6 > 3
Jan  1 23:23:36 LabSZ sshd[17308]: pam_unix(sshd:auth): authentication failure; logname= uid=0 euid=0 tty=ssh ruser= rhost=182.100.67.120  user=root
Jan  1 23:23:37 LabSZ sshd[17310]: reverse mapping checking getaddrinfo for 30.30.65.218.broad.xy.jx.dynamic.163data.com.cn [218.65.30.30] failed - POSSIBLE BREAK-IN ATTEMPT!
Jan  1 23:23:37 LabSZ sshd[17310]: pam_unix(sshd:auth): authentication failure; logname= uid=0 euid=0 tty=ssh ruser= rhost=218.65.30.30  user=root
Jan  1 23:23:38 LabSZ sshd[17308]: Failed password for root from 182.100.67.120 port 33948 ssh2
Jan  1 23:23:39 LabSZ sshd[17310]: Failed password for root from 218.65.30.30 port 46486 ssh2
Jan  1 23:23:43 LabSZ sshd[17304]: message repeated 5 times: [ Failed password for root from 58.242.83.25 port 32736 ssh2]
Jan  1 23:23:43 LabSZ sshd[17304]: Disconnecting: Too many authentication failures for root [preauth]
Jan  1 23:23:43 LabSZ sshd[17304]: PAM 5 more authentication failures; logname= uid=0 euid=0 tty=ssh ruser= rhost=58.242.83.25  user=root
Jan  1 23:23:43 LabSZ sshd[17304]: PAM service(sshd) ignoring max retries; 6 > 3
Jan  1 23:23:45 LabSZ sshd[17312]: pam_unix(sshd:auth): authentication failure; logname= uid=0 euid=0 tty=ssh ruser= rhost=58.242.83.25  user=root
Jan  1 23:23:47 LabSZ sshd[17312]: Failed password for root from 58.242.83.25 port 52646 ssh2
Jan  1 23:23:50 LabSZ sshd[17308]: message repeated 5 times: [ Failed password for root from 182.100.67.120 port 33948 ssh2]
Jan  1 23:23:50 LabSZ sshd[17308]: Disconnecting: Too many authentication failures for root [preauth]
Jan  1 23:23:50 LabSZ sshd[17308]: PAM 5 more authentication failures; logname= uid=0 euid=0 tty=ssh ruser= rhost=182.100.67.120  user=root
Jan  1 23:23:50 LabSZ sshd[17308]: PAM service(sshd) ignoring max retries; 6 > 3
Jan  1 23:23:51 LabSZ sshd[17310]: message repeated 5 times: [ Failed password for root from 218.65.30.30 port 46486 ssh2]
Jan  1 23:23:51 LabSZ sshd[17310]: Disconnecting: Too many authentication failures for root [preauth]
Jan  1 23:23:51 LabSZ sshd[17310]: PAM 5 more authentication failures; logname= uid=0 euid=0 tty=ssh ruser= rhost=218.65.30.30  user=root
Jan  1 23:23:51 LabSZ sshd[17310]: PAM service(sshd) ignoring max retries; 6 > 3
Jan  1 23:23:53 LabSZ sshd[17314]: pam_unix(sshd:auth): authentication failure; logname= uid=0 euid=0 tty=ssh ruser= rhost=182.100.67.120  user=root
Jan  1 23:23:53 LabSZ sshd[17316]: reverse mapping checking getaddrinfo for 30.30.65.218.broad.xy.jx.dynamic.163data.com.cn [218.65.30.30] failed - POSSIBLE BREAK-IN ATTEMPT!
Jan  1 23:23:53 LabSZ sshd[17316]: pam_unix(sshd:auth): authentication failure; logname= uid=0 euid=0 tty=ssh ruser= rhost=218.65.30.30  user=root
Jan  1 23:23:54 LabSZ sshd[17314]: Failed password for root from 182.100.67.120 port 2684 ssh2
Jan  1 23:23:54 LabSZ sshd[17316]: Failed password for root from 218.65.30.30 port 16600 ssh2
Jan  1 23:23:59 LabSZ sshd[17312]: message repeated 5 times: [ Failed password for root from 58.242.83.25 port 52646 ssh2]
Jan  1 23:23:59 LabSZ sshd[17312]: Disconnecting: Too many authentication failures for root [preauth]
Jan  1 23:23:59 LabSZ sshd[17312]: PAM 5 more authentication failures; logname= uid=0 euid=0 tty=ssh ruser= rhost=58.242.83.25  user=root
Jan  1 23:23:59 LabSZ sshd[17312]: PAM service(sshd) ignoring max retries; 6 > 3
Jan  1 23:24:00 LabSZ sshd[17318]: pam_unix(sshd:auth): authentication failure; logname= uid=0 euid=0 tty=ssh ruser= rhost=58.242.83.25  user=root
Jan  1 23:24:02 LabSZ sshd[17318]: Failed password for root from 58.242.83.25 port 9414 ssh2
Jan  1 23:24:06 LabSZ sshd[17316]: message repeated 5 times: [ Failed password for root from 218.65.30.30 port 16600 ssh2]
Jan  1 23:24:06 LabSZ sshd[17316]: Disconnecting: Too many authentication failures for root [preauth]
Jan  1 23:24:06 LabSZ sshd[17316]: PAM 5 more authentication failures; logname= uid=0 euid=0 tty=ssh ruser= rhost=218.65.30.30  user=root
Jan  1 23:24:06 LabSZ sshd[17316]: PAM service(sshd) ignoring max retries; 6 > 3
Jan  1 23:24:06 LabSZ sshd[17314]: message repeated 5 times: [ Failed password for root from 182.100.67.120 port 2684 ssh2]
Jan  1 23:24:06 LabSZ sshd[17314]: Disconnecting: Too many authentication failures for root [preauth]
Jan  1 23:24:06 LabSZ sshd[17314]: PAM 5 more authentication failures; logname= uid=0 euid=0 tty=ssh ruser= rhost=182.100.67.120  user=root
Jan  1 23:24:06 LabSZ sshd[17314]: PAM service(sshd) ignoring max retries; 6 > 3
Jan  1 23:24:08 LabSZ sshd[17320]: pam_unix(sshd:auth): authentication failure; logname= uid=0 euid=0 tty=ssh ruser= rhost=182.100.67.120  user=root
Jan  1 23:24:09 LabSZ sshd[17322]: reverse mapping checking getaddrinfo for 30.30.65.218.broad.xy.jx.dynamic.163data.com.cn [218.65.30.30] failed - POSSIBLE BREAK-IN ATTEMPT!
Jan  1 23:24:09 LabSZ sshd[17322]: pam_unix(sshd:auth): authentication failure; logname= uid=0 euid=0 tty=ssh ruser= rhost=218.65.30.30  user=root
Jan  1 23:24:10 LabSZ sshd[17320]: Failed password for root from 182.100.67.120 port 38962 ssh2
Jan  1 23:24:11 LabSZ sshd[17322]: Failed password for root from 218.65.30.30 port 50826 ssh2
Jan  1 23:24:14 LabSZ sshd[17318]: message repeated 5 times: [ Failed password for root from 58.242.83.25 port 9414 ssh2]
Jan  1 23:24:14 LabSZ sshd[17318]: Disconnecting: Too many authentication failures for root [preauth]
Jan  1 23:24:14 LabSZ sshd[17318]: PAM 5 more authentication failures; logname= uid=0 euid=0 tty=ssh ruser= rhost=58.242.83.25  user=root
Jan  1 23:24:14 LabSZ sshd[17318]: PAM service(sshd) ignoring max retries; 6 > 3
Jan  1 23:24:16 LabSZ sshd[17324]: pam_unix(sshd:auth): authentication failure; logname= uid=0 euid=0 tty=ssh ruser= rhost=58.242.83.25  user=root
Jan  1 23:24:17 LabSZ sshd[17324]: Failed password for root from 58.242.83.25 port 29180 ssh2
Jan  1 23:24:22 LabSZ sshd[17320]: message repeated 5 times: [ Failed password for root from 182.100.67.120 port 38962 ssh2]
Jan  1 23:24:22 LabSZ sshd[17320]: Disconnecting: Too many authentication failures for root [preauth]
Jan  1 23:24:22 LabSZ sshd[17320]: PAM 5 more authentication failures; logname= uid=0 euid=0 tty=ssh ruser= rhost=182.100.67.120  user=root
Jan  1 23:24:22 LabSZ sshd[17320]: PAM service(sshd) ignoring max retries; 6 > 3
Jan  1 23:24:24 LabSZ sshd[17326]: pam_unix(sshd:auth): authentication failure; logname= uid=0 euid=0 tty=ssh ruser= rhost=182.100.67.120  user=root
Jan  1 23:24:24 LabSZ sshd[17322]: message repeated 5 times: [ Failed password for root from 218.65.30.30 port 50826 ssh2]
Jan  1 23:24:24 LabSZ sshd[17322]: Disconnecting: Too many authentication failures for root [preauth]
Jan  1 23:24:24 LabSZ sshd[17322]: PAM 5 more authentication failures; logname= uid=0 euid=0 tty=ssh ruser= rhost=218.65.30.30  user=root
Jan  1 23:24:24 LabSZ sshd[17322]: PAM service(sshd) ignoring max retries; 6 > 3
Jan  1 23:24:25 LabSZ sshd[17326]: Failed password for root from 182.100.67.120 port 9148 ssh2
Jan  1 23:24:29 LabSZ sshd[17328]: reverse mapping checking getaddrinfo for 30.30.65.218.broad.xy.jx.dynamic.163data.com.cn [218.65.30.30] failed - POSSIBLE BREAK-IN ATTEMPT!
Jan  1 23:24:29 LabSZ sshd[17328]: pam_unix(sshd:auth): authentication failure; logname= uid=0 euid=0 tty=ssh ruser= rhost=218.65.30.30  user=root
Jan  1 23:24:30 LabSZ sshd[17324]: message repeated 5 times: [ Failed password for root from 58.242.83.25 port 29180 ssh2]
Jan  1 23:24:30 LabSZ sshd[17324]: Disconnecting: Too many authentication failures for root [preauth]
Jan  1 23:24:30 LabSZ sshd[17324]: PAM 5 more authentication failures; logname= uid=0 euid=0 tty=ssh ruser= rhost=58.242.83.25  user=root
Jan  1 23:24:30 LabSZ sshd[17324]: PAM service(sshd) ignoring max retries; 6 > 3
Jan  1 23:24:30 LabSZ sshd[17328]: Failed password for root from 218.65.30.30 port 26306 ssh2
Jan  1 23:24:31 LabSZ sshd[17330]: pam_unix(sshd:auth): authentication failure; logname= uid=0 euid=0 tty=ssh ruser= rhost=58.242.83.25  user=root
Jan  1 23:24:33 LabSZ sshd[17330]: Failed password for root from 58.242.83.25 port 49874 ssh2
Jan  1 23:24:38 LabSZ sshd[17326]: message repeated 5 times: [ Failed password for root from 182.100.67.120 port 9148 ssh2]
Jan  1 23:24:38 LabSZ sshd[17326]: Disconnecting: Too many authentication failures for root [preauth]
Jan  1 23:24:38 LabSZ sshd[17326]: PAM 5 more authentication failures; logname= uid=0 euid=0 tty=ssh ruser= rhost=182.100.67.120  user=root
Jan  1 23:24:38 LabSZ sshd[17326]: PAM service(sshd) ignoring max retries; 6 > 3
Jan  1 23:24:39 LabSZ sshd[17332]: pam_unix(sshd:auth): authentication failure; logname= uid=0 euid=0 tty=ssh ruser= rhost=182.100.67.120  user=root
Jan  1 23:24:42 LabSZ sshd[17332]: Failed password for root from 182.100.67.120 port 43470 ssh2
Jan  1 23:24:43 LabSZ sshd[17328]: message repeated 5 times: [ Failed password for root from 218.65.30.30 port 26306 ssh2]
Jan  1 23:24:43 LabSZ sshd[17328]: Disconnecting: Too many authentication failures for root [preauth]
Jan  1 23:24:43 LabSZ sshd[17328]: PAM 5 more authentication failures; logname= uid=0 euid=0 tty=ssh ruser= rhost=218.65.30.30  user=root
Jan  1 23:24:43 LabSZ sshd[17328]: PAM service(sshd) ignoring max retries; 6 > 3
Jan  1 23:24:45 LabSZ sshd[17334]: reverse mapping checking getaddrinfo for 30.30.65.218.broad.xy.jx.dynamic.163data.com.cn [218.65.30.30] failed - POSSIBLE BREAK-IN ATTEMPT!
