Jan  4 11:28:18 LabSZ sshd[29406]: PAM 5 more authentication failures; logname= uid=0 euid=0 tty=ssh ruser= rhost=182.100.67.52  user=root
Jan  4 11:28:18 LabSZ sshd[29406]: PAM service(sshd) ignoring max retries; 6 > 3
Jan  4 11:28:18 LabSZ sshd[29412]: Received disconnect from 94.167.233.38: 11: Bye Bye [preauth]
Jan  4 11:28:19 LabSZ sshd[29420]: pam_unix(sshd:auth): authentication failure; logname= uid=0 euid=0 tty=ssh ruser= rhost=182.100.67.52  user=root
Jan  4 11:28:20 LabSZ sshd[29416]: pam_unix(sshd:auth): authentication failure; logname= uid=0 euid=0 tty=ssh ruser= rhost=218.87.109.156  user=root
Jan  4 11:28:21 LabSZ sshd[29418]: Invalid user user from 94.167.233.38
Jan  4 11:28:21 LabSZ sshd[29418]: input_userauth_request: invalid user user [preauth]
Jan  4 11:28:21 LabSZ sshd[29418]: pam_unix(sshd:auth): check pass; user unknown
Jan  4 11:28:21 LabSZ sshd[29418]: pam_unix(sshd:auth): authentication failure; logname= uid=0 euid=0 tty=ssh ruser= rhost=94.167.233.38 
Jan  4 11:28:21 LabSZ sshd[29420]: Failed password for root from 182.100.67.52 port 21058 ssh2
Jan  4 11:28:22 LabSZ sshd[29416]: Failed password for root from 218.87.109.156 port 54364 ssh2
Jan  4 11:28:23 LabSZ sshd[29418]: Failed password for invalid user user from 94.167.233.38 port 50064 ssh2
Jan  4 11:28:24 LabSZ sshd[29418]: Received disconnect from 94.167.233.38: 11: Bye Bye [preauth]
Jan  4 11:28:25 LabSZ sshd[29410]: message repeated 5 times: [ Failed password for root from 59.63.188.30 port 2651 ssh2]
Jan  4 11:28:25 LabSZ sshd[29410]: Disconnecting: Too many authentication failures for root [preauth]
Jan  4 11:28:25 LabSZ sshd[29410]: PAM 5 more authentication failures; logname= uid=0 euid=0 tty=ssh ruser= rhost=59.63.188.30  user=root
Jan  4 11:28:25 LabSZ sshd[29410]: PAM service(sshd) ignoring max retries; 6 > 3
Jan  4 11:28:26 LabSZ sshd[29424]: pam_unix(sshd:auth): authentication failure; logname= uid=0 euid=0 tty=ssh ruser= rhost=59.63.188.30  user=root
Jan  4 11:28:26 LabSZ sshd[29422]: pam_unix(sshd:auth): authentication failure; logname= uid=0 euid=0 tty=ssh ruser= rhost=94.167.233.38  user=root
Jan  4 11:28:28 LabSZ sshd[29424]: Failed password for root from 59.63.188.30 port 21183 ssh2
Jan  4 11:28:29 LabSZ sshd[29422]: Failed password for root from 94.167.233.38 port 50232 ssh2
Jan  4 11:28:29 LabSZ sshd[29414]: message repeated 5 times: [ Failed password for root from 59.63.188.30 port 8649 ssh2]
Jan  4 11:28:29 LabSZ sshd[29414]: Disconnecting: Too many authentication failures for root [preauth]
Jan  4 11:28:29 LabSZ sshd[29414]: PAM 5 more authentication failures; logname= uid=0 euid=0 tty=ssh ruser= rhost=59.63.188.30  user=root
Jan  4 11:28:29 LabSZ sshd[29414]: PAM service(sshd) ignoring max retries; 6 > 3
Jan  4 11:28:29 LabSZ sshd[29422]: Received disconnect from 94.167.233.38: 11: Bye Bye [preauth]
Jan  4 11:28:31 LabSZ sshd[29428]: pam_unix(sshd:auth): authentication failure; logname= uid=0 euid=0 tty=ssh ruser= rhost=59.63.188.30  user=root
Jan  4 11:28:32 LabSZ sshd[29426]: pam_unix(sshd:auth): authentication failure; logname= uid=0 euid=0 tty=ssh ruser= rhost=94.167.233.38  user=root
Jan  4 11:28:33 LabSZ sshd[29428]: Failed password for root from 59.63.188.30 port 26269 ssh2
Jan  4 11:28:34 LabSZ sshd[29420]: message repeated 5 times: [ Failed password for root from 182.100.67.52 port 21058 ssh2]
Jan  4 11:28:34 LabSZ sshd[29420]: Disconnecting: Too many authentication failures for root [preauth]
Jan  4 11:28:34 LabSZ sshd[29420]: PAM 5 more authentication failures; logname= uid=0 euid=0 tty=ssh ruser= rhost=182.100.67.52  user=root
Jan  4 11:28:34 LabSZ sshd[29420]: PAM service(sshd) ignoring max retries; 6 > 3
Jan  4 11:28:34 LabSZ sshd[29426]: Failed password for root from 94.167.233.38 port 50397 ssh2
Jan  4 11:28:35 LabSZ sshd[29426]: Received disconnect from 94.167.233.38: 11: Bye Bye [preauth]
Jan  4 11:28:36 LabSZ sshd[29416]: message repeated 5 times: [ Failed password for root from 218.87.109.156 port 54364 ssh2]
Jan  4 11:28:36 LabSZ sshd[29416]: Disconnecting: Too many authentication failures for root [preauth]
Jan  4 11:28:36 LabSZ sshd[29416]: PAM 5 more authentication failures; logname= uid=0 euid=0 tty=ssh ruser= rhost=218.87.109.156  user=root
Jan  4 11:28:36 LabSZ sshd[29416]: PAM service(sshd) ignoring max retries; 6 > 3
Jan  4 11:28:39 LabSZ sshd[29430]: pam_unix(sshd:auth): authentication failure; logname= uid=0 euid=0 tty=ssh ruser= rhost=94.167.233.38  user=root
Jan  4 11:28:41 LabSZ sshd[29430]: Failed password for root from 94.167.233.38 port 50553 ssh2
Jan  4 11:28:41 LabSZ sshd[29430]: Received disconnect from 94.167.233.38: 11: Bye Bye [preauth]
Jan  4 11:28:42 LabSZ sshd[29424]: message repeated 5 times: [ Failed password for root from 59.63.188.30 port 21183 ssh2]
Jan  4 11:28:42 LabSZ sshd[29424]: Disconnecting: Too many authentication failures for root [preauth]
Jan  4 11:28:42 LabSZ sshd[29424]: PAM 5 more authentication failures; logname= uid=0 euid=0 tty=ssh ruser= rhost=59.63.188.30  user=root
Jan  4 11:28:42 LabSZ sshd[29424]: PAM service(sshd) ignoring max retries; 6 > 3
Jan  4 11:28:44 LabSZ sshd[29436]: pam_unix(sshd:auth): authentication failure; logname= uid=0 euid=0 tty=ssh ruser= rhost=59.63.188.30  user=root
Jan  4 11:28:44 LabSZ sshd[29434]: pam_unix(sshd:auth): authentication failure; logname= uid=0 euid=0 tty=ssh ruser= rhost=94.167.233.38  user=root
Jan  4 11:28:45 LabSZ sshd[29432]: pam_unix(sshd:auth): authentication failure; logname= uid=0 euid=0 tty=ssh ruser= rhost=218.87.109.156  user=root
Jan  4 11:28:46 LabSZ sshd[29436]: Failed password for root from 59.63.188.30 port 40603 ssh2
Jan  4 11:28:46 LabSZ sshd[29434]: Failed password for root from 94.167.233.38 port 50734 ssh2
Jan  4 11:28:47 LabSZ sshd[29434]: Received disconnect from 94.167.233.38: 11: Bye Bye [preauth]
Jan  4 11:28:47 LabSZ sshd[29432]: Failed password for root from 218.87.109.156 port 45054 ssh2
Jan  4 11:28:47 LabSZ sshd[29428]: message repeated 5 times: [ Failed password for root from 59.63.188.30 port 26269 ssh2]
Jan  4 11:28:47 LabSZ sshd[29428]: Disconnecting: Too many authentication failures for root [preauth]
Jan  4 11:28:47 LabSZ sshd[29428]: PAM 5 more authentication failures; logname= uid=0 euid=0 tty=ssh ruser= rhost=59.63.188.30  user=root
Jan  4 11:28:47 LabSZ sshd[29428]: PAM service(sshd) ignoring max retries; 6 > 3
Jan  4 11:28:49 LabSZ sshd[29440]: pam_unix(sshd:auth): authentication failure; logname= uid=0 euid=0 tty=ssh ruser= rhost=59.63.188.30  user=root
Jan  4 11:28:50 LabSZ sshd[29438]: pam_unix(sshd:auth): authentication failure; logname= uid=0 euid=0 tty=ssh ruser= rhost=94.167.233.38  user=root
Jan  4 11:28:51 LabSZ sshd[29440]: Failed password for root from 59.63.188.30 port 45650 ssh2
Jan  4 11:28:53 LabSZ sshd[29438]: Failed password for root from 94.167.233.38 port 50890 ssh2
Jan  4 11:28:53 LabSZ sshd[29438]: Received disconnect from 94.167.233.38: 11: Bye Bye [preauth]
Jan  4 11:28:56 LabSZ sshd[29442]: Invalid user pi from 94.167.233.38
Jan  4 11:28:56 LabSZ sshd[29442]: input_userauth_request: invalid user pi [preauth]
Jan  4 11:28:57 LabSZ sshd[29442]: pam_unix(sshd:auth): check pass; user unknown
Jan  4 11:28:57 LabSZ sshd[29442]: pam_unix(sshd:auth): authentication failure; logname= uid=0 euid=0 tty=ssh ruser= rhost=94.167.233.38 
Jan  4 11:28:59 LabSZ sshd[29442]: Failed password for invalid user pi from 94.167.233.38 port 51077 ssh2
Jan  4 11:29:00 LabSZ sshd[29442]: Received disconnect from 94.167.233.38: 11: Bye Bye [preauth]
Jan  4 11:29:00 LabSZ sshd[29432]: message repeated 5 times: [ Failed password for root from 218.87.109.156 port 45054 ssh2]
Jan  4 11:29:00 LabSZ sshd[29432]: Disconnecting: Too many authentication failures for root [preauth]
Jan  4 11:29:00 LabSZ sshd[29432]: PAM 5 more authentication failures; logname= uid=0 euid=0 tty=ssh ruser= rhost=218.87.109.156  user=root
Jan  4 11:29:00 LabSZ sshd[29432]: PAM service(sshd) ignoring max retries; 6 > 3
Jan  4 11:29:01 LabSZ sshd[29436]: message repeated 5 times: [ Failed password for root from 59.63.188.30 port 40603 ssh2]
Jan  4 11:29:01 LabSZ sshd[29436]: Disconnecting: Too many authentication failures for root [preauth]
Jan  4 11:29:01 LabSZ sshd[29436]: PAM 5 more authentication failures; logname= uid=0 euid=0 tty=ssh ruser= rhost=59.63.188.30  user=root
Jan  4 11:29:01 LabSZ sshd[29436]: PAM service(sshd) ignoring max retries; 6 > 3
Jan  4 11:29:02 LabSZ sshd[29448]: pam_unix(sshd:auth): authentication failure; logname= uid=0 euid=0 tty=ssh ruser= rhost=59.63.188.30  user=root
Jan  4 11:29:02 LabSZ sshd[29444]: Invalid user pi from 94.167.233.38
Jan  4 11:29:02 LabSZ sshd[29444]: input_userauth_request: invalid user pi [preauth]
Jan  4 11:29:03 LabSZ sshd[29444]: pam_unix(sshd:auth): check pass; user unknown
Jan  4 11:29:03 LabSZ sshd[29444]: pam_unix(sshd:auth): authentication failure; logname= uid=0 euid=0 tty=ssh ruser= rhost=94.167.233.38 
Jan  4 11:29:04 LabSZ sshd[29448]: Failed password for root from 59.63.188.30 port 60747 ssh2
Jan  4 11:29:05 LabSZ sshd[29444]: Failed password for invalid user pi from 94.167.233.38 port 51261 ssh2
Jan  4 11:29:05 LabSZ sshd[29444]: Received disconnect from 94.167.233.38: 11: Bye Bye [preauth]
Jan  4 11:29:05 LabSZ sshd[29440]: message repeated 5 times: [ Failed password for root from 59.63.188.30 port 45650 ssh2]
Jan  4 11:29:05 LabSZ sshd[29440]: Disconnecting: Too many authentication failures for root [preauth]
Jan  4 11:29:05 LabSZ sshd[29440]: PAM 5 more authentication failures; logname= uid=0 euid=0 tty=ssh ruser= rhost=59.63.188.30  user=root
Jan  4 11:29:05 LabSZ sshd[29440]: PAM service(sshd) ignoring max retries; 6 > 3
Jan  4 11:29:06 LabSZ sshd[29452]: pam_unix(sshd:auth): authentication failure; logname= uid=0 euid=0 tty=ssh ruser= rhost=59.63.188.30  user=root
Jan  4 11:29:07 LabSZ sshd[29446]: pam_unix(sshd:auth): authentication failure; logname= uid=0 euid=0 tty=ssh ruser= rhost=218.87.109.156  user=root
Jan  4 11:29:08 LabSZ sshd[29450]: Invalid user xbmc from 94.167.233.38
Jan  4 11:29:08 LabSZ sshd[29450]: input_userauth_request: invalid user xbmc [preauth]
Jan  4 11:29:08 LabSZ sshd[29450]: pam_unix(sshd:auth): check pass; user unknown
Jan  4 11:29:08 LabSZ sshd[29450]: pam_unix(sshd:auth): authentication failure; logname= uid=0 euid=0 tty=ssh ruser= rhost=94.167.233.38 
Jan  4 11:29:09 LabSZ sshd[29452]: Failed password for root from 59.63.188.30 port 65256 ssh2
Jan  4 11:29:09 LabSZ sshd[29446]: Failed password for root from 218.87.109.156 port 34474 ssh2
Jan  4 11:29:11 LabSZ sshd[29450]: Failed password for invalid user xbmc from 94.167.233.38 port 51427 ssh2
Jan  4 11:29:11 LabSZ sshd[29450]: Received disconnect from 94.167.233.38: 11: Bye Bye [preauth]
Jan  4 11:29:14 LabSZ sshd[29454]: Invalid user volumio from 94.167.233.38
Jan  4 11:29:14 LabSZ sshd[29454]: input_userauth_request: invalid user volumio [preauth]
