Jan  4 10:48:01 LabSZ sshd[28188]: Received disconnect from 118.96.253.193: 11: Bye Bye [preauth]
Jan  4 10:48:02 LabSZ sshd[28190]: Failed password for root from 182.100.67.52 port 40406 ssh2
Jan  4 10:48:03 LabSZ sshd[28192]: Invalid user ubuntu from 118.96.253.193
Jan  4 10:48:03 LabSZ sshd[28192]: input_userauth_request: invalid user ubuntu [preauth]
Jan  4 10:48:03 LabSZ sshd[28192]: pam_unix(sshd:auth): check pass; user unknown
Jan  4 10:48:03 LabSZ sshd[28192]: pam_unix(sshd:auth): authentication failure; logname= uid=0 euid=0 tty=ssh ruser= rhost=118.96.253.193 
Jan  4 10:48:05 LabSZ sshd[28192]: Failed password for invalid user ubuntu from 118.96.253.193 port 36907 ssh2
Jan  4 10:48:05 LabSZ sshd[28192]: Received disconnect from 118.96.253.193: 11: Bye Bye [preauth]
Jan  4 10:48:07 LabSZ sshd[28194]: Invalid user debian from 118.96.253.193
Jan  4 10:48:07 LabSZ sshd[28194]: input_userauth_request: invalid user debian [preauth]
Jan  4 10:48:07 LabSZ sshd[28194]: pam_unix(sshd:auth): check pass; user unknown
Jan  4 10:48:07 LabSZ sshd[28194]: pam_unix(sshd:auth): authentication failure; logname= uid=0 euid=0 tty=ssh ruser= rhost=118.96.253.193 
Jan  4 10:48:09 LabSZ sshd[28194]: Failed password for invalid user debian from 118.96.253.193 port 37027 ssh2
Jan  4 10:48:09 LabSZ sshd[28186]: message repeated 5 times: [ Failed password for root from 59.63.188.30 port 7048 ssh2]
Jan  4 10:48:09 LabSZ sshd[28186]: Disconnecting: Too many authentication failures for root [preauth]
Jan  4 10:48:09 LabSZ sshd[28186]: PAM 5 more authentication failures; logname= uid=0 euid=0 tty=ssh ruser= rhost=59.63.188.30  user=root
Jan  4 10:48:09 LabSZ sshd[28186]: PAM service(sshd) ignoring max retries; 6 > 3
Jan  4 10:48:10 LabSZ sshd[28194]: Received disconnect from 118.96.253.193: 11: Bye Bye [preauth]
Jan  4 10:48:11 LabSZ sshd[28198]: pam_unix(sshd:auth): authentication failure; logname= uid=0 euid=0 tty=ssh ruser= rhost=59.63.188.30  user=root
Jan  4 10:48:11 LabSZ sshd[28196]: Invalid user ubuntu from 118.96.253.193
Jan  4 10:48:11 LabSZ sshd[28196]: input_userauth_request: invalid user ubuntu [preauth]
Jan  4 10:48:12 LabSZ sshd[28196]: pam_unix(sshd:auth): check pass; user unknown
Jan  4 10:48:12 LabSZ sshd[28196]: pam_unix(sshd:auth): authentication failure; logname= uid=0 euid=0 tty=ssh ruser= rhost=118.96.253.193 
Jan  4 10:48:12 LabSZ sshd[28182]: message repeated 5 times: [ Failed password for root from 218.87.109.156 port 25016 ssh2]
Jan  4 10:48:12 LabSZ sshd[28182]: Disconnecting: Too many authentication failures for root [preauth]
Jan  4 10:48:12 LabSZ sshd[28182]: PAM 5 more authentication failures; logname= uid=0 euid=0 tty=ssh ruser= rhost=218.87.109.156  user=root
Jan  4 10:48:12 LabSZ sshd[28182]: PAM service(sshd) ignoring max retries; 6 > 3
Jan  4 10:48:12 LabSZ sshd[28198]: Failed password for root from 59.63.188.30 port 29414 ssh2
Jan  4 10:48:14 LabSZ sshd[28196]: Failed password for invalid user ubuntu from 118.96.253.193 port 37143 ssh2
Jan  4 10:48:14 LabSZ sshd[28200]: pam_unix(sshd:auth): authentication failure; logname= uid=0 euid=0 tty=ssh ruser= rhost=218.87.109.156  user=root
Jan  4 10:48:14 LabSZ sshd[28202]: pam_unix(sshd:auth): authentication failure; logname= uid=0 euid=0 tty=ssh ruser= rhost=182.100.67.52  user=root
Jan  4 10:48:14 LabSZ sshd[28196]: Received disconnect from 118.96.253.193: 11: Bye Bye [preauth]
Jan  4 10:48:16 LabSZ sshd[28200]: Failed password for root from 218.87.109.156 port 7874 ssh2
Jan  4 10:48:16 LabSZ sshd[28204]: Invalid user alarm from 118.96.253.193
Jan  4 10:48:16 LabSZ sshd[28204]: input_userauth_request: invalid user alarm [preauth]
Jan  4 10:48:16 LabSZ sshd[28202]: Failed password for root from 182.100.67.52 port 9330 ssh2
Jan  4 10:48:16 LabSZ sshd[28204]: pam_unix(sshd:auth): check pass; user unknown
Jan  4 10:48:16 LabSZ sshd[28204]: pam_unix(sshd:auth): authentication failure; logname= uid=0 euid=0 tty=ssh ruser= rhost=118.96.253.193 
Jan  4 10:48:18 LabSZ sshd[28204]: Failed password for invalid user alarm from 118.96.253.193 port 37268 ssh2
Jan  4 10:48:19 LabSZ sshd[28204]: Received disconnect from 118.96.253.193: 11: Bye Bye [preauth]
Jan  4 10:48:20 LabSZ sshd[28206]: Invalid user guest from 118.96.253.193
Jan  4 10:48:20 LabSZ sshd[28206]: input_userauth_request: invalid user guest [preauth]
Jan  4 10:48:21 LabSZ sshd[28206]: pam_unix(sshd:auth): check pass; user unknown
Jan  4 10:48:21 LabSZ sshd[28206]: pam_unix(sshd:auth): authentication failure; logname= uid=0 euid=0 tty=ssh ruser= rhost=118.96.253.193 
Jan  4 10:48:22 LabSZ sshd[28190]: Failed password for root from 182.100.67.52 port 40406 ssh2
Jan  4 10:48:22 LabSZ sshd[28190]: Received disconnect from 182.100.67.52: 11:  [preauth]
Jan  4 10:48:22 LabSZ sshd[28190]: PAM 1 more authentication failure; logname= uid=0 euid=0 tty=ssh ruser= rhost=182.100.67.52  user=root
Jan  4 10:48:23 LabSZ sshd[28206]: Failed password for invalid user guest from 118.96.253.193 port 37413 ssh2
Jan  4 10:48:23 LabSZ sshd[28206]: Received disconnect from 118.96.253.193: 11: Bye Bye [preauth]
Jan  4 10:48:24 LabSZ sshd[28198]: message repeated 5 times: [ Failed password for root from 59.63.188.30 port 29414 ssh2]
Jan  4 10:48:24 LabSZ sshd[28198]: Disconnecting: Too many authentication failures for root [preauth]
Jan  4 10:48:24 LabSZ sshd[28198]: PAM 5 more authentication failures; logname= uid=0 euid=0 tty=ssh ruser= rhost=59.63.188.30  user=root
Jan  4 10:48:24 LabSZ sshd[28198]: PAM service(sshd) ignoring max retries; 6 > 3
Jan  4 10:48:25 LabSZ sshd[28208]: Invalid user test from 118.96.253.193
Jan  4 10:48:25 LabSZ sshd[28208]: input_userauth_request: invalid user test [preauth]
Jan  4 10:48:25 LabSZ sshd[28208]: pam_unix(sshd:auth): check pass; user unknown
Jan  4 10:48:25 LabSZ sshd[28208]: pam_unix(sshd:auth): authentication failure; logname= uid=0 euid=0 tty=ssh ruser= rhost=118.96.253.193 
Jan  4 10:48:27 LabSZ sshd[28210]: pam_unix(sshd:auth): authentication failure; logname= uid=0 euid=0 tty=ssh ruser= rhost=59.63.188.30  user=root
Jan  4 10:48:27 LabSZ sshd[28208]: Failed password for invalid user test from 118.96.253.193 port 37536 ssh2
Jan  4 10:48:27 LabSZ sshd[28208]: Received disconnect from 118.96.253.193: 11: Bye Bye [preauth]
Jan  4 10:48:29 LabSZ sshd[28210]: Failed password for root from 59.63.188.30 port 49731 ssh2
Jan  4 10:48:29 LabSZ sshd[28212]: Invalid user cirros from 118.96.253.193
Jan  4 10:48:29 LabSZ sshd[28212]: input_userauth_request: invalid user cirros [preauth]
Jan  4 10:48:29 LabSZ sshd[28200]: message repeated 5 times: [ Failed password for root from 218.87.109.156 port 7874 ssh2]
Jan  4 10:48:29 LabSZ sshd[28200]: Disconnecting: Too many authentication failures for root [preauth]
Jan  4 10:48:29 LabSZ sshd[28200]: PAM 5 more authentication failures; logname= uid=0 euid=0 tty=ssh ruser= rhost=218.87.109.156  user=root
Jan  4 10:48:29 LabSZ sshd[28200]: PAM service(sshd) ignoring max retries; 6 > 3
Jan  4 10:48:29 LabSZ sshd[28202]: message repeated 5 times: [ Failed password for root from 182.100.67.52 port 9330 ssh2]
Jan  4 10:48:29 LabSZ sshd[28202]: Disconnecting: Too many authentication failures for root [preauth]
Jan  4 10:48:29 LabSZ sshd[28202]: PAM 5 more authentication failures; logname= uid=0 euid=0 tty=ssh ruser= rhost=182.100.67.52  user=root
Jan  4 10:48:29 LabSZ sshd[28202]: PAM service(sshd) ignoring max retries; 6 > 3
Jan  4 10:48:29 LabSZ sshd[28212]: pam_unix(sshd:auth): check pass; user unknown
Jan  4 10:48:29 LabSZ sshd[28212]: pam_unix(sshd:auth): authentication failure; logname= uid=0 euid=0 tty=ssh ruser= rhost=118.96.253.193 
Jan  4 10:48:30 LabSZ sshd[28216]: pam_unix(sshd:auth): authentication failure; logname= uid=0 euid=0 tty=ssh ruser= rhost=182.100.67.52  user=root
Jan  4 10:48:31 LabSZ sshd[28212]: Failed password for invalid user cirros from 118.96.253.193 port 37650 ssh2
Jan  4 10:48:31 LabSZ sshd[28212]: Received disconnect from 118.96.253.193: 11: Bye Bye [preauth]
Jan  4 10:48:32 LabSZ sshd[28216]: Failed password for root from 182.100.67.52 port 45574 ssh2
Jan  4 10:48:33 LabSZ sshd[28218]: Invalid user cirros from 118.96.253.193
Jan  4 10:48:33 LabSZ sshd[28218]: input_userauth_request: invalid user cirros [preauth]
Jan  4 10:48:33 LabSZ sshd[28218]: pam_unix(sshd:auth): check pass; user unknown
Jan  4 10:48:33 LabSZ sshd[28218]: pam_unix(sshd:auth): authentication failure; logname= uid=0 euid=0 tty=ssh ruser= rhost=118.96.253.193 
Jan  4 10:48:34 LabSZ sshd[28214]: pam_unix(sshd:auth): authentication failure; logname= uid=0 euid=0 tty=ssh ruser= rhost=218.87.109.156  user=root
Jan  4 10:48:35 LabSZ sshd[28218]: Failed password for invalid user cirros from 118.96.253.193 port 37762 ssh2
Jan  4 10:48:35 LabSZ sshd[28218]: Received disconnect from 118.96.253.193: 11: Bye Bye [preauth]
Jan  4 10:48:36 LabSZ sshd[28214]: Failed password for root from 218.87.109.156 port 44422 ssh2
Jan  4 10:48:37 LabSZ sshd[28220]: Invalid user ethos from 118.96.253.193
Jan  4 10:48:37 LabSZ sshd[28220]: input_userauth_request: invalid user ethos [preauth]
Jan  4 10:48:37 LabSZ sshd[28220]: pam_unix(sshd:auth): check pass; user unknown
Jan  4 10:48:37 LabSZ sshd[28220]: pam_unix(sshd:auth): authentication failure; logname= uid=0 euid=0 tty=ssh ruser= rhost=118.96.253.193 
Jan  4 10:48:40 LabSZ sshd[28220]: Failed password for invalid user ethos from 118.96.253.193 port 37888 ssh2
Jan  4 10:48:40 LabSZ sshd[28220]: Received disconnect from 118.96.253.193: 11: Bye Bye [preauth]
Jan  4 10:48:41 LabSZ sshd[28210]: message repeated 5 times: [ Failed password for root from 59.63.188.30 port 49731 ssh2]
Jan  4 10:48:41 LabSZ sshd[28210]: Disconnecting: Too many authentication failures for root [preauth]
Jan  4 10:48:41 LabSZ sshd[28210]: PAM 5 more authentication failures; logname= uid=0 euid=0 tty=ssh ruser= rhost=59.63.188.30  user=root
Jan  4 10:48:41 LabSZ sshd[28210]: PAM service(sshd) ignoring max retries; 6 > 3
Jan  4 10:48:42 LabSZ sshd[28222]: pam_unix(sshd:auth): authentication failure; logname= uid=0 euid=0 tty=ssh ruser= rhost=59.63.188.30  user=root
Jan  4 10:48:45 LabSZ sshd[28222]: Failed password for root from 59.63.188.30 port 59001 ssh2
Jan  4 10:48:46 LabSZ sshd[28216]: message repeated 5 times: [ Failed password for root from 182.100.67.52 port 45574 ssh2]
Jan  4 10:48:46 LabSZ sshd[28216]: Disconnecting: Too many authentication failures for root [preauth]
Jan  4 10:48:46 LabSZ sshd[28216]: PAM 5 more authentication failures; logname= uid=0 euid=0 tty=ssh ruser= rhost=182.100.67.52  user=root
