Jan  4 07:44:34 LabSZ sshd[23083]: PAM 5 more authentication failures; logname= uid=0 euid=0 tty=ssh ruser= rhost=182.100.67.52  user=root
Jan  4 07:44:34 LabSZ sshd[23083]: PAM service(sshd) ignoring max retries; 6 > 3
Jan  4 07:44:34 LabSZ sshd[23087]: Failed password for invalid user support from 179.167.112.99 port 57146 ssh2
Jan  4 07:44:34 LabSZ sshd[23087]: Received disconnect from 179.167.112.99: 11: Bye Bye [preauth]
Jan  4 07:44:35 LabSZ sshd[23093]: pam_unix(sshd:auth): authentication failure; logname= uid=0 euid=0 tty=ssh ruser= rhost=218.87.109.156  user=root
Jan  4 07:44:37 LabSZ sshd[23096]: pam_unix(sshd:auth): authentication failure; logname= uid=0 euid=0 tty=ssh ruser= rhost=182.100.67.52  user=root
Jan  4 07:44:37 LabSZ sshd[23093]: Failed password for root from 218.87.109.156 port 54762 ssh2
Jan  4 07:44:37 LabSZ sshd[23095]: reverse mapping checking getaddrinfo for 179-167-112-99.user.vivozap.com.br [179.167.112.99] failed - POSSIBLE BREAK-IN ATTEMPT!
Jan  4 07:44:37 LabSZ sshd[23095]: Invalid user debian from 179.167.112.99
Jan  4 07:44:37 LabSZ sshd[23095]: input_userauth_request: invalid user debian [preauth]
Jan  4 07:44:38 LabSZ sshd[23095]: pam_unix(sshd:auth): check pass; user unknown
Jan  4 07:44:38 LabSZ sshd[23095]: pam_unix(sshd:auth): authentication failure; logname= uid=0 euid=0 tty=ssh ruser= rhost=179.167.112.99 
Jan  4 07:44:39 LabSZ sshd[23091]: pam_unix(sshd:auth): authentication failure; logname= uid=0 euid=0 tty=ssh ruser= rhost=59.63.188.30  user=root
Jan  4 07:44:39 LabSZ sshd[23096]: Failed password for root from 182.100.67.52 port 52050 ssh2
Jan  4 07:44:40 LabSZ sshd[23095]: Failed password for invalid user debian from 179.167.112.99 port 57147 ssh2
Jan  4 07:44:40 LabSZ sshd[23091]: Failed password for root from 59.63.188.30 port 43984 ssh2
Jan  4 07:44:40 LabSZ sshd[23095]: Received disconnect from 179.167.112.99: 11: Bye Bye [preauth]
Jan  4 07:44:43 LabSZ sshd[23089]: message repeated 5 times: [ Failed password for root from 59.63.188.30 port 39181 ssh2]
Jan  4 07:44:43 LabSZ sshd[23089]: Disconnecting: Too many authentication failures for root [preauth]
Jan  4 07:44:43 LabSZ sshd[23089]: PAM 5 more authentication failures; logname= uid=0 euid=0 tty=ssh ruser= rhost=59.63.188.30  user=root
Jan  4 07:44:43 LabSZ sshd[23089]: PAM service(sshd) ignoring max retries; 6 > 3
Jan  4 07:44:43 LabSZ sshd[23099]: reverse mapping checking getaddrinfo for 179-167-112-99.user.vivozap.com.br [179.167.112.99] failed - POSSIBLE BREAK-IN ATTEMPT!
Jan  4 07:44:43 LabSZ sshd[23099]: Invalid user ubuntu from 179.167.112.99
Jan  4 07:44:43 LabSZ sshd[23099]: input_userauth_request: invalid user ubuntu [preauth]
Jan  4 07:44:44 LabSZ sshd[23099]: pam_unix(sshd:auth): check pass; user unknown
Jan  4 07:44:44 LabSZ sshd[23099]: pam_unix(sshd:auth): authentication failure; logname= uid=0 euid=0 tty=ssh ruser= rhost=179.167.112.99 
Jan  4 07:44:44 LabSZ sshd[23101]: pam_unix(sshd:auth): authentication failure; logname= uid=0 euid=0 tty=ssh ruser= rhost=59.63.188.30  user=root
Jan  4 07:44:46 LabSZ sshd[23099]: Failed password for invalid user ubuntu from 179.167.112.99 port 57148 ssh2
Jan  4 07:44:47 LabSZ sshd[23099]: Received disconnect from 179.167.112.99: 11: Bye Bye [preauth]
Jan  4 07:44:47 LabSZ sshd[23101]: Failed password for root from 59.63.188.30 port 59974 ssh2
Jan  4 07:44:50 LabSZ sshd[23103]: reverse mapping checking getaddrinfo for 179-167-112-99.user.vivozap.com.br [179.167.112.99] failed - POSSIBLE BREAK-IN ATTEMPT!
Jan  4 07:44:50 LabSZ sshd[23103]: Invalid user baku from 179.167.112.99
Jan  4 07:44:50 LabSZ sshd[23103]: input_userauth_request: invalid user baku [preauth]
Jan  4 07:44:50 LabSZ sshd[23093]: message repeated 5 times: [ Failed password for root from 218.87.109.156 port 54762 ssh2]
Jan  4 07:44:50 LabSZ sshd[23093]: Disconnecting: Too many authentication failures for root [preauth]
Jan  4 07:44:50 LabSZ sshd[23093]: PAM 5 more authentication failures; logname= uid=0 euid=0 tty=ssh ruser= rhost=218.87.109.156  user=root
Jan  4 07:44:50 LabSZ sshd[23093]: PAM service(sshd) ignoring max retries; 6 > 3
Jan  4 07:44:50 LabSZ sshd[23103]: pam_unix(sshd:auth): check pass; user unknown
Jan  4 07:44:50 LabSZ sshd[23103]: pam_unix(sshd:auth): authentication failure; logname= uid=0 euid=0 tty=ssh ruser= rhost=179.167.112.99 
Jan  4 07:44:52 LabSZ sshd[23096]: message repeated 5 times: [ Failed password for root from 182.100.67.52 port 52050 ssh2]
Jan  4 07:44:52 LabSZ sshd[23096]: Disconnecting: Too many authentication failures for root [preauth]
Jan  4 07:44:52 LabSZ sshd[23096]: PAM 5 more authentication failures; logname= uid=0 euid=0 tty=ssh ruser= rhost=182.100.67.52  user=root
Jan  4 07:44:52 LabSZ sshd[23096]: PAM service(sshd) ignoring max retries; 6 > 3
Jan  4 07:44:52 LabSZ sshd[23103]: Failed password for invalid user baku from 179.167.112.99 port 57150 ssh2
Jan  4 07:44:53 LabSZ sshd[23103]: Received disconnect from 179.167.112.99: 11: Bye Bye [preauth]
Jan  4 07:44:53 LabSZ sshd[23091]: message repeated 5 times: [ Failed password for root from 59.63.188.30 port 43984 ssh2]
Jan  4 07:44:53 LabSZ sshd[23091]: Disconnecting: Too many authentication failures for root [preauth]
Jan  4 07:44:53 LabSZ sshd[23091]: PAM 5 more authentication failures; logname= uid=0 euid=0 tty=ssh ruser= rhost=59.63.188.30  user=root
Jan  4 07:44:53 LabSZ sshd[23091]: PAM service(sshd) ignoring max retries; 6 > 3
Jan  4 07:44:53 LabSZ sshd[23107]: pam_unix(sshd:auth): authentication failure; logname= uid=0 euid=0 tty=ssh ruser= rhost=182.100.67.52  user=root
Jan  4 07:44:54 LabSZ sshd[23109]: pam_unix(sshd:auth): authentication failure; logname= uid=0 euid=0 tty=ssh ruser= rhost=59.63.188.30  user=root
Jan  4 07:44:55 LabSZ sshd[23107]: Failed password for root from 182.100.67.52 port 26636 ssh2
Jan  4 07:44:56 LabSZ sshd[23105]: pam_unix(sshd:auth): authentication failure; logname= uid=0 euid=0 tty=ssh ruser= rhost=218.87.109.156  user=root
Jan  4 07:44:57 LabSZ sshd[23109]: Failed password for root from 59.63.188.30 port 63846 ssh2
Jan  4 07:44:58 LabSZ sshd[23105]: Failed password for root from 218.87.109.156 port 26216 ssh2
Jan  4 07:45:00 LabSZ sshd[23101]: message repeated 5 times: [ Failed password for root from 59.63.188.30 port 59974 ssh2]
Jan  4 07:45:00 LabSZ sshd[23101]: Disconnecting: Too many authentication failures for root [preauth]
Jan  4 07:45:00 LabSZ sshd[23101]: PAM 5 more authentication failures; logname= uid=0 euid=0 tty=ssh ruser= rhost=59.63.188.30  user=root
Jan  4 07:45:00 LabSZ sshd[23101]: PAM service(sshd) ignoring max retries; 6 > 3
Jan  4 07:45:02 LabSZ sshd[23111]: pam_unix(sshd:auth): authentication failure; logname= uid=0 euid=0 tty=ssh ruser= rhost=59.63.188.30  user=root
Jan  4 07:45:04 LabSZ sshd[23111]: Failed password for root from 59.63.188.30 port 16661 ssh2
Jan  4 07:45:09 LabSZ sshd[23107]: message repeated 5 times: [ Failed password for root from 182.100.67.52 port 26636 ssh2]
Jan  4 07:45:09 LabSZ sshd[23107]: Disconnecting: Too many authentication failures for root [preauth]
Jan  4 07:45:09 LabSZ sshd[23107]: PAM 5 more authentication failures; logname= uid=0 euid=0 tty=ssh ruser= rhost=182.100.67.52  user=root
Jan  4 07:45:09 LabSZ sshd[23107]: PAM service(sshd) ignoring max retries; 6 > 3
Jan  4 07:45:11 LabSZ sshd[23113]: pam_unix(sshd:auth): authentication failure; logname= uid=0 euid=0 tty=ssh ruser= rhost=182.100.67.52  user=root
Jan  4 07:45:12 LabSZ sshd[23105]: message repeated 5 times: [ Failed password for root from 218.87.109.156 port 26216 ssh2]
Jan  4 07:45:12 LabSZ sshd[23105]: Disconnecting: Too many authentication failures for root [preauth]
Jan  4 07:45:12 LabSZ sshd[23105]: PAM 5 more authentication failures; logname= uid=0 euid=0 tty=ssh ruser= rhost=218.87.109.156  user=root
Jan  4 07:45:12 LabSZ sshd[23105]: PAM service(sshd) ignoring max retries; 6 > 3
Jan  4 07:45:13 LabSZ sshd[23113]: Failed password for root from 182.100.67.52 port 64388 ssh2
Jan  4 07:45:16 LabSZ sshd[23109]: message repeated 5 times: [ Failed password for root from 59.63.188.30 port 63846 ssh2]
Jan  4 07:45:16 LabSZ sshd[23109]: Disconnecting: Too many authentication failures for root [preauth]
Jan  4 07:45:16 LabSZ sshd[23109]: PAM 5 more authentication failures; logname= uid=0 euid=0 tty=ssh ruser= rhost=59.63.188.30  user=root
Jan  4 07:45:16 LabSZ sshd[23109]: PAM service(sshd) ignoring max retries; 6 > 3
Jan  4 07:45:17 LabSZ sshd[23115]: pam_unix(sshd:auth): authentication failure; logname= uid=0 euid=0 tty=ssh ruser= rhost=218.87.109.156  user=root
Jan  4 07:45:17 LabSZ sshd[23117]: pam_unix(sshd:auth): authentication failure; logname= uid=0 euid=0 tty=ssh ruser= rhost=59.63.188.30  user=root
Jan  4 07:45:18 LabSZ sshd[23111]: message repeated 5 times: [ Failed password for root from 59.63.188.30 port 16661 ssh2]
Jan  4 07:45:18 LabSZ sshd[23111]: Disconnecting: Too many authentication failures for root [preauth]
Jan  4 07:45:18 LabSZ sshd[23111]: PAM 5 more authentication failures; logname= uid=0 euid=0 tty=ssh ruser= rhost=59.63.188.30  user=root
Jan  4 07:45:18 LabSZ sshd[23111]: PAM service(sshd) ignoring max retries; 6 > 3
Jan  4 07:45:18 LabSZ sshd[23115]: Failed password for root from 218.87.109.156 port 7348 ssh2
Jan  4 07:45:19 LabSZ sshd[23119]: pam_unix(sshd:auth): authentication failure; logname= uid=0 euid=0 tty=ssh ruser= rhost=59.63.188.30  user=root
Jan  4 07:45:19 LabSZ sshd[23117]: Failed password for root from 59.63.188.30 port 22576 ssh2
Jan  4 07:45:21 LabSZ sshd[23119]: Failed password for root from 59.63.188.30 port 24526 ssh2
Jan  4 07:45:27 LabSZ sshd[23113]: message repeated 5 times: [ Failed password for root from 182.100.67.52 port 64388 ssh2]
Jan  4 07:45:27 LabSZ sshd[23113]: Disconnecting: Too many authentication failures for root [preauth]
Jan  4 07:45:27 LabSZ sshd[23113]: PAM 5 more authentication failures; logname= uid=0 euid=0 tty=ssh ruser= rhost=182.100.67.52  user=root
Jan  4 07:45:27 LabSZ sshd[23113]: PAM service(sshd) ignoring max retries; 6 > 3
Jan  4 07:45:29 LabSZ sshd[23121]: pam_unix(sshd:auth): authentication failure; logname= uid=0 euid=0 tty=ssh ruser= rhost=182.100.67.52  user=root
Jan  4 07:45:32 LabSZ sshd[23121]: Failed password for root from 182.100.67.52 port 38228 ssh2
Jan  4 07:45:35 LabSZ sshd[23117]: message repeated 5 times: [ Failed password for root from 59.63.188.30 port 22576 ssh2]
Jan  4 07:45:35 LabSZ sshd[23117]: Disconnecting: Too many authentication failures for root [preauth]
Jan  4 07:45:35 LabSZ sshd[23117]: PAM 5 more authentication failures; logname= uid=0 euid=0 tty=ssh ruser= rhost=59.63.188.30  user=root
Jan  4 07:45:35 LabSZ sshd[23117]: PAM service(sshd) ignoring max retries; 6 > 3
Jan  4 07:45:35 LabSZ sshd[23115]: message repeated 5 times: [ Failed password for root from 218.87.109.156 port 7348 ssh2]
Jan  4 07:45:35 LabSZ sshd[23115]: Disconnecting: Too many authentication failures for root [preauth]
Jan  4 07:45:35 LabSZ sshd[23115]: PAM 5 more authentication failures; logname= uid=0 euid=0 tty=ssh ruser= rhost=218.87.109.156  user=root
Jan  4 07:45:35 LabSZ sshd[23115]: PAM service(sshd) ignoring max retries; 6 > 3
Jan  4 07:45:36 LabSZ sshd[23123]: pam_unix(sshd:auth): authentication failure; logname= uid=0 euid=0 tty=ssh ruser= rhost=59.63.188.30  user=root
