Jan  2 08:06:19 LabSZ sshd[29572]: PAM 5 more authentication failures; logname= uid=0 euid=0 tty=ssh ruser= rhost=58.242.83.25  user=root
Jan  2 08:06:19 LabSZ sshd[29572]: PAM service(sshd) ignoring max retries; 6 > 3
Jan  2 08:06:19 LabSZ sshd[29578]: Failed password for root from 218.65.30.30 port 18094 ssh2
Jan  2 08:06:20 LabSZ sshd[29582]: pam_unix(sshd:auth): authentication failure; logname= uid=0 euid=0 tty=ssh ruser= rhost=58.242.83.25  user=root
Jan  2 08:06:20 LabSZ sshd[29574]: message repeated 5 times: [ Failed password for root from 182.100.67.120 port 21188 ssh2]
Jan  2 08:06:20 LabSZ sshd[29574]: Disconnecting: Too many authentication failures for root [preauth]
Jan  2 08:06:20 LabSZ sshd[29574]: PAM 5 more authentication failures; logname= uid=0 euid=0 tty=ssh ruser= rhost=182.100.67.120  user=root
Jan  2 08:06:20 LabSZ sshd[29574]: PAM service(sshd) ignoring max retries; 6 > 3
Jan  2 08:06:22 LabSZ sshd[29580]: Invalid user pi from 212.47.249.39
Jan  2 08:06:22 LabSZ sshd[29580]: input_userauth_request: invalid user pi [preauth]
Jan  2 08:06:22 LabSZ sshd[29580]: pam_unix(sshd:auth): check pass; user unknown
Jan  2 08:06:22 LabSZ sshd[29580]: pam_unix(sshd:auth): authentication failure; logname= uid=0 euid=0 tty=ssh ruser= rhost=39-249-47-212.rev.cloud.scaleway.com 
Jan  2 08:06:22 LabSZ sshd[29582]: Failed password for root from 58.242.83.25 port 5779 ssh2
Jan  2 08:06:24 LabSZ sshd[29584]: pam_unix(sshd:auth): authentication failure; logname= uid=0 euid=0 tty=ssh ruser= rhost=182.100.67.120  user=root
Jan  2 08:06:27 LabSZ sshd[29584]: Failed password for root from 182.100.67.120 port 61088 ssh2
Jan  2 08:06:28 LabSZ sshd[29580]: Failed password for invalid user pi from 212.47.249.39 port 41012 ssh2
Jan  2 08:06:28 LabSZ sshd[29580]: Connection closed by 212.47.249.39 [preauth]
Jan  2 08:06:31 LabSZ sshd[29578]: message repeated 5 times: [ Failed password for root from 218.65.30.30 port 18094 ssh2]
Jan  2 08:06:31 LabSZ sshd[29578]: Disconnecting: Too many authentication failures for root [preauth]
Jan  2 08:06:31 LabSZ sshd[29578]: PAM 5 more authentication failures; logname= uid=0 euid=0 tty=ssh ruser= rhost=218.65.30.30  user=root
Jan  2 08:06:31 LabSZ sshd[29578]: PAM service(sshd) ignoring max retries; 6 > 3
Jan  2 08:06:32 LabSZ sshd[29586]: reverse mapping checking getaddrinfo for 30.30.65.218.broad.xy.jx.dynamic.163data.com.cn [218.65.30.30] failed - POSSIBLE BREAK-IN ATTEMPT!
Jan  2 08:06:32 LabSZ sshd[29586]: pam_unix(sshd:auth): authentication failure; logname= uid=0 euid=0 tty=ssh ruser= rhost=218.65.30.30  user=root
Jan  2 08:06:33 LabSZ sshd[29582]: message repeated 5 times: [ Failed password for root from 58.242.83.25 port 5779 ssh2]
Jan  2 08:06:33 LabSZ sshd[29582]: Disconnecting: Too many authentication failures for root [preauth]
Jan  2 08:06:33 LabSZ sshd[29582]: PAM 5 more authentication failures; logname= uid=0 euid=0 tty=ssh ruser= rhost=58.242.83.25  user=root
Jan  2 08:06:33 LabSZ sshd[29582]: PAM service(sshd) ignoring max retries; 6 > 3
Jan  2 08:06:34 LabSZ sshd[29586]: Failed password for root from 218.65.30.30 port 52618 ssh2
Jan  2 08:06:35 LabSZ sshd[29588]: pam_unix(sshd:auth): authentication failure; logname= uid=0 euid=0 tty=ssh ruser= rhost=58.242.83.25  user=root
Jan  2 08:06:37 LabSZ sshd[29588]: Failed password for root from 58.242.83.25 port 25260 ssh2
Jan  2 08:06:42 LabSZ sshd[29584]: message repeated 5 times: [ Failed password for root from 182.100.67.120 port 61088 ssh2]
Jan  2 08:06:42 LabSZ sshd[29584]: Disconnecting: Too many authentication failures for root [preauth]
Jan  2 08:06:42 LabSZ sshd[29584]: PAM 5 more authentication failures; logname= uid=0 euid=0 tty=ssh ruser= rhost=182.100.67.120  user=root
Jan  2 08:06:42 LabSZ sshd[29584]: PAM service(sshd) ignoring max retries; 6 > 3
Jan  2 08:06:44 LabSZ sshd[29590]: pam_unix(sshd:auth): authentication failure; logname= uid=0 euid=0 tty=ssh ruser= rhost=182.100.67.120  user=root
Jan  2 08:06:45 LabSZ sshd[29590]: Failed password for root from 182.100.67.120 port 45062 ssh2
Jan  2 08:06:46 LabSZ sshd[29586]: message repeated 5 times: [ Failed password for root from 218.65.30.30 port 52618 ssh2]
Jan  2 08:06:46 LabSZ sshd[29586]: Disconnecting: Too many authentication failures for root [preauth]
Jan  2 08:06:46 LabSZ sshd[29586]: PAM 5 more authentication failures; logname= uid=0 euid=0 tty=ssh ruser= rhost=218.65.30.30  user=root
Jan  2 08:06:46 LabSZ sshd[29586]: PAM service(sshd) ignoring max retries; 6 > 3
Jan  2 08:06:47 LabSZ sshd[29592]: reverse mapping checking getaddrinfo for 30.30.65.218.broad.xy.jx.dynamic.163data.com.cn [218.65.30.30] failed - POSSIBLE BREAK-IN ATTEMPT!
Jan  2 08:06:47 LabSZ sshd[29592]: pam_unix(sshd:auth): authentication failure; logname= uid=0 euid=0 tty=ssh ruser= rhost=218.65.30.30  user=root
Jan  2 08:06:49 LabSZ sshd[29592]: Failed password for root from 218.65.30.30 port 24450 ssh2
Jan  2 08:06:49 LabSZ sshd[29588]: message repeated 5 times: [ Failed password for root from 58.242.83.25 port 25260 ssh2]
Jan  2 08:06:49 LabSZ sshd[29588]: Disconnecting: Too many authentication failures for root [preauth]
Jan  2 08:06:49 LabSZ sshd[29588]: PAM 5 more authentication failures; logname= uid=0 euid=0 tty=ssh ruser= rhost=58.242.83.25  user=root
Jan  2 08:06:49 LabSZ sshd[29588]: PAM service(sshd) ignoring max retries; 6 > 3
Jan  2 08:06:51 LabSZ sshd[29594]: pam_unix(sshd:auth): authentication failure; logname= uid=0 euid=0 tty=ssh ruser= rhost=58.242.83.25  user=root
Jan  2 08:06:53 LabSZ sshd[29594]: Failed password for root from 58.242.83.25 port 46324 ssh2
Jan  2 08:06:57 LabSZ sshd[29590]: message repeated 5 times: [ Failed password for root from 182.100.67.120 port 45062 ssh2]
Jan  2 08:06:57 LabSZ sshd[29590]: Disconnecting: Too many authentication failures for root [preauth]
Jan  2 08:06:57 LabSZ sshd[29590]: PAM 5 more authentication failures; logname= uid=0 euid=0 tty=ssh ruser= rhost=182.100.67.120  user=root
Jan  2 08:06:57 LabSZ sshd[29590]: PAM service(sshd) ignoring max retries; 6 > 3
Jan  2 08:06:59 LabSZ sshd[29596]: pam_unix(sshd:auth): authentication failure; logname= uid=0 euid=0 tty=ssh ruser= rhost=182.100.67.120  user=root
Jan  2 08:07:01 LabSZ sshd[29596]: Failed password for root from 182.100.67.120 port 16874 ssh2
Jan  2 08:07:02 LabSZ sshd[29592]: message repeated 5 times: [ Failed password for root from 218.65.30.30 port 24450 ssh2]
Jan  2 08:07:02 LabSZ sshd[29592]: Disconnecting: Too many authentication failures for root [preauth]
Jan  2 08:07:02 LabSZ sshd[29592]: PAM 5 more authentication failures; logname= uid=0 euid=0 tty=ssh ruser= rhost=218.65.30.30  user=root
Jan  2 08:07:02 LabSZ sshd[29592]: PAM service(sshd) ignoring max retries; 6 > 3
Jan  2 08:07:03 LabSZ sshd[29598]: reverse mapping checking getaddrinfo for 30.30.65.218.broad.xy.jx.dynamic.163data.com.cn [218.65.30.30] failed - POSSIBLE BREAK-IN ATTEMPT!
Jan  2 08:07:03 LabSZ sshd[29598]: pam_unix(sshd:auth): authentication failure; logname= uid=0 euid=0 tty=ssh ruser= rhost=218.65.30.30  user=root
Jan  2 08:07:04 LabSZ sshd[29594]: message repeated 5 times: [ Failed password for root from 58.242.83.25 port 46324 ssh2]
Jan  2 08:07:04 LabSZ sshd[29594]: Disconnecting: Too many authentication failures for root [preauth]
Jan  2 08:07:04 LabSZ sshd[29594]: PAM 5 more authentication failures; logname= uid=0 euid=0 tty=ssh ruser= rhost=58.242.83.25  user=root
Jan  2 08:07:04 LabSZ sshd[29594]: PAM service(sshd) ignoring max retries; 6 > 3
Jan  2 08:07:05 LabSZ sshd[29598]: Failed password for root from 218.65.30.30 port 60240 ssh2
Jan  2 08:07:06 LabSZ sshd[29600]: pam_unix(sshd:auth): authentication failure; logname= uid=0 euid=0 tty=ssh ruser= rhost=58.242.83.25  user=root
Jan  2 08:07:08 LabSZ sshd[29600]: Failed password for root from 58.242.83.25 port 1627 ssh2
Jan  2 08:07:14 LabSZ sshd[29596]: message repeated 5 times: [ Failed password for root from 182.100.67.120 port 16874 ssh2]
Jan  2 08:07:14 LabSZ sshd[29596]: Disconnecting: Too many authentication failures for root [preauth]
Jan  2 08:07:14 LabSZ sshd[29596]: PAM 5 more authentication failures; logname= uid=0 euid=0 tty=ssh ruser= rhost=182.100.67.120  user=root
Jan  2 08:07:14 LabSZ sshd[29596]: PAM service(sshd) ignoring max retries; 6 > 3
Jan  2 08:07:15 LabSZ sshd[29602]: pam_unix(sshd:auth): authentication failure; logname= uid=0 euid=0 tty=ssh ruser= rhost=182.100.67.120  user=root
Jan  2 08:07:17 LabSZ sshd[29602]: Failed password for root from 182.100.67.120 port 52446 ssh2
Jan  2 08:07:18 LabSZ sshd[29598]: message repeated 5 times: [ Failed password for root from 218.65.30.30 port 60240 ssh2]
Jan  2 08:07:18 LabSZ sshd[29598]: Disconnecting: Too many authentication failures for root [preauth]
Jan  2 08:07:18 LabSZ sshd[29598]: PAM 5 more authentication failures; logname= uid=0 euid=0 tty=ssh ruser= rhost=218.65.30.30  user=root
Jan  2 08:07:18 LabSZ sshd[29598]: PAM service(sshd) ignoring max retries; 6 > 3
Jan  2 08:07:20 LabSZ sshd[29604]: reverse mapping checking getaddrinfo for 30.30.65.218.broad.xy.jx.dynamic.163data.com.cn [218.65.30.30] failed - POSSIBLE BREAK-IN ATTEMPT!
Jan  2 08:07:20 LabSZ sshd[29604]: pam_unix(sshd:auth): authentication failure; logname= uid=0 euid=0 tty=ssh ruser= rhost=218.65.30.30  user=root
Jan  2 08:07:22 LabSZ sshd[29600]: message repeated 5 times: [ Failed password for root from 58.242.83.25 port 1627 ssh2]
Jan  2 08:07:22 LabSZ sshd[29600]: Disconnecting: Too many authentication failures for root [preauth]
Jan  2 08:07:22 LabSZ sshd[29600]: PAM 5 more authentication failures; logname= uid=0 euid=0 tty=ssh ruser= rhost=58.242.83.25  user=root
Jan  2 08:07:22 LabSZ sshd[29600]: PAM service(sshd) ignoring max retries; 6 > 3
Jan  2 08:07:22 LabSZ sshd[29604]: Failed password for root from 218.65.30.30 port 34050 ssh2
Jan  2 08:07:23 LabSZ sshd[29606]: pam_unix(sshd:auth): authentication failure; logname= uid=0 euid=0 tty=ssh ruser= rhost=58.242.83.25  user=root
Jan  2 08:07:25 LabSZ sshd[29606]: Failed password for root from 58.242.83.25 port 23915 ssh2
Jan  2 08:07:30 LabSZ sshd[29602]: message repeated 5 times: [ Failed password for root from 182.100.67.120 port 52446 ssh2]
Jan  2 08:07:30 LabSZ sshd[29602]: Disconnecting: Too many authentication failures for root [preauth]
Jan  2 08:07:30 LabSZ sshd[29602]: PAM 5 more authentication failures; logname= uid=0 euid=0 tty=ssh ruser= rhost=182.100.67.120  user=root
Jan  2 08:07:30 LabSZ sshd[29602]: PAM service(sshd) ignoring max retries; 6 > 3
Jan  2 08:07:32 LabSZ sshd[29608]: pam_unix(sshd:auth): authentication failure; logname= uid=0 euid=0 tty=ssh ruser= rhost=182.100.67.120  user=root
Jan  2 08:07:34 LabSZ sshd[29608]: Failed password for root from 182.100.67.120 port 24756 ssh2
Jan  2 08:07:35 LabSZ sshd[29604]: message repeated 5 times: [ Failed password for root from 218.65.30.30 port 34050 ssh2]
Jan  2 08:07:35 LabSZ sshd[29604]: Disconnecting: Too many authentication failures for root [preauth]
Jan  2 08:07:35 LabSZ sshd[29604]: PAM 5 more authentication failures; logname= uid=0 euid=0 tty=ssh ruser= rhost=218.65.30.30  user=root
Jan  2 08:07:35 LabSZ sshd[29604]: PAM service(sshd) ignoring max retries; 6 > 3
Jan  2 08:07:37 LabSZ sshd[29610]: reverse mapping checking getaddrinfo for 30.30.65.218.broad.xy.jx.dynamic.163data.com.cn [218.65.30.30] failed - POSSIBLE BREAK-IN ATTEMPT!
Jan  2 08:07:37 LabSZ sshd[29610]: pam_unix(sshd:auth): authentication failure; logname= uid=0 euid=0 tty=ssh ruser= rhost=218.65.30.30  user=root
Jan  2 08:07:38 LabSZ sshd[29606]: message repeated 5 times: [ Failed password for root from 58.242.83.25 port 23915 ssh2]
