Jan  1 21:57:49 LabSZ sshd[15413]: PAM service(sshd) ignoring max retries; 6 > 3
Jan  1 21:57:50 LabSZ sshd[15419]: pam_unix(sshd:auth): authentication failure; logname= uid=0 euid=0 tty=ssh ruser= rhost=182.100.67.120  user=root
Jan  1 21:57:50 LabSZ sshd[15415]: message repeated 5 times: [ Failed password for root from 58.242.83.25 port 22968 ssh2]
Jan  1 21:57:50 LabSZ sshd[15415]: Disconnecting: Too many authentication failures for root [preauth]
Jan  1 21:57:50 LabSZ sshd[15415]: PAM 5 more authentication failures; logname= uid=0 euid=0 tty=ssh ruser= rhost=58.242.83.25  user=root
Jan  1 21:57:50 LabSZ sshd[15415]: PAM service(sshd) ignoring max retries; 6 > 3
Jan  1 21:57:52 LabSZ sshd[15421]: pam_unix(sshd:auth): authentication failure; logname= uid=0 euid=0 tty=ssh ruser= rhost=58.242.83.25  user=root
Jan  1 21:57:52 LabSZ sshd[15419]: Failed password for root from 182.100.67.120 port 61306 ssh2
Jan  1 21:57:53 LabSZ sshd[15417]: message repeated 5 times: [ Failed password for root from 218.65.30.30 port 39848 ssh2]
Jan  1 21:57:53 LabSZ sshd[15417]: Disconnecting: Too many authentication failures for root [preauth]
Jan  1 21:57:53 LabSZ sshd[15417]: PAM 5 more authentication failures; logname= uid=0 euid=0 tty=ssh ruser= rhost=218.65.30.30  user=root
Jan  1 21:57:53 LabSZ sshd[15417]: PAM service(sshd) ignoring max retries; 6 > 3
Jan  1 21:57:53 LabSZ sshd[15421]: Failed password for root from 58.242.83.25 port 44282 ssh2
Jan  1 21:57:55 LabSZ sshd[15423]: reverse mapping checking getaddrinfo for 30.30.65.218.broad.xy.jx.dynamic.163data.com.cn [218.65.30.30] failed - POSSIBLE BREAK-IN ATTEMPT!
Jan  1 21:57:55 LabSZ sshd[15423]: pam_unix(sshd:auth): authentication failure; logname= uid=0 euid=0 tty=ssh ruser= rhost=218.65.30.30  user=root
Jan  1 21:57:57 LabSZ sshd[15423]: Failed password for root from 218.65.30.30 port 12732 ssh2
Jan  1 21:58:05 LabSZ sshd[15419]: message repeated 5 times: [ Failed password for root from 182.100.67.120 port 61306 ssh2]
Jan  1 21:58:05 LabSZ sshd[15419]: Disconnecting: Too many authentication failures for root [preauth]
Jan  1 21:58:05 LabSZ sshd[15419]: PAM 5 more authentication failures; logname= uid=0 euid=0 tty=ssh ruser= rhost=182.100.67.120  user=root
Jan  1 21:58:05 LabSZ sshd[15419]: PAM service(sshd) ignoring max retries; 6 > 3
Jan  1 21:58:06 LabSZ sshd[15421]: message repeated 5 times: [ Failed password for root from 58.242.83.25 port 44282 ssh2]
Jan  1 21:58:06 LabSZ sshd[15421]: Disconnecting: Too many authentication failures for root [preauth]
Jan  1 21:58:06 LabSZ sshd[15421]: PAM 5 more authentication failures; logname= uid=0 euid=0 tty=ssh ruser= rhost=58.242.83.25  user=root
Jan  1 21:58:06 LabSZ sshd[15421]: PAM service(sshd) ignoring max retries; 6 > 3
Jan  1 21:58:07 LabSZ sshd[15427]: pam_unix(sshd:auth): authentication failure; logname= uid=0 euid=0 tty=ssh ruser= rhost=58.242.83.25  user=root
Jan  1 21:58:08 LabSZ sshd[15425]: pam_unix(sshd:auth): authentication failure; logname= uid=0 euid=0 tty=ssh ruser= rhost=182.100.67.120  user=root
Jan  1 21:58:09 LabSZ sshd[15427]: Failed password for root from 58.242.83.25 port 63176 ssh2
Jan  1 21:58:10 LabSZ sshd[15425]: Failed password for root from 182.100.67.120 port 33340 ssh2
Jan  1 21:58:10 LabSZ sshd[15423]: message repeated 5 times: [ Failed password for root from 218.65.30.30 port 12732 ssh2]
Jan  1 21:58:10 LabSZ sshd[15423]: Disconnecting: Too many authentication failures for root [preauth]
Jan  1 21:58:10 LabSZ sshd[15423]: PAM 5 more authentication failures; logname= uid=0 euid=0 tty=ssh ruser= rhost=218.65.30.30  user=root
Jan  1 21:58:10 LabSZ sshd[15423]: PAM service(sshd) ignoring max retries; 6 > 3
Jan  1 21:58:12 LabSZ sshd[15429]: reverse mapping checking getaddrinfo for 30.30.65.218.broad.xy.jx.dynamic.163data.com.cn [218.65.30.30] failed - POSSIBLE BREAK-IN ATTEMPT!
Jan  1 21:58:12 LabSZ sshd[15429]: pam_unix(sshd:auth): authentication failure; logname= uid=0 euid=0 tty=ssh ruser= rhost=218.65.30.30  user=root
Jan  1 21:58:14 LabSZ sshd[15429]: Failed password for root from 218.65.30.30 port 50636 ssh2
Jan  1 21:58:23 LabSZ sshd[15427]: message repeated 5 times: [ Failed password for root from 58.242.83.25 port 63176 ssh2]
Jan  1 21:58:23 LabSZ sshd[15427]: Disconnecting: Too many authentication failures for root [preauth]
Jan  1 21:58:23 LabSZ sshd[15427]: PAM 5 more authentication failures; logname= uid=0 euid=0 tty=ssh ruser= rhost=58.242.83.25  user=root
Jan  1 21:58:23 LabSZ sshd[15427]: PAM service(sshd) ignoring max retries; 6 > 3
Jan  1 21:58:24 LabSZ sshd[15425]: message repeated 5 times: [ Failed password for root from 182.100.67.120 port 33340 ssh2]
Jan  1 21:58:24 LabSZ sshd[15425]: Disconnecting: Too many authentication failures for root [preauth]
Jan  1 21:58:24 LabSZ sshd[15425]: PAM 5 more authentication failures; logname= uid=0 euid=0 tty=ssh ruser= rhost=182.100.67.120  user=root
Jan  1 21:58:24 LabSZ sshd[15425]: PAM service(sshd) ignoring max retries; 6 > 3
Jan  1 21:58:25 LabSZ sshd[15431]: reverse mapping checking getaddrinfo for 246.95.147.219.broad.dq.hl.dynamic.163data.com.cn [219.147.95.246] failed - POSSIBLE BREAK-IN ATTEMPT!
Jan  1 21:58:25 LabSZ sshd[15431]: Invalid user admin from 219.147.95.246
Jan  1 21:58:25 LabSZ sshd[15431]: input_userauth_request: invalid user admin [preauth]
Jan  1 21:58:25 LabSZ sshd[15431]: pam_unix(sshd:auth): check pass; user unknown
Jan  1 21:58:25 LabSZ sshd[15431]: pam_unix(sshd:auth): authentication failure; logname= uid=0 euid=0 tty=ssh ruser= rhost=219.147.95.246 
Jan  1 21:58:25 LabSZ sshd[15433]: pam_unix(sshd:auth): authentication failure; logname= uid=0 euid=0 tty=ssh ruser= rhost=58.242.83.25  user=root
Jan  1 21:58:25 LabSZ sshd[15435]: pam_unix(sshd:auth): authentication failure; logname= uid=0 euid=0 tty=ssh ruser= rhost=182.100.67.120  user=root
Jan  1 21:58:27 LabSZ sshd[15431]: Failed password for invalid user admin from 219.147.95.246 port 37754 ssh2
Jan  1 21:58:27 LabSZ sshd[15431]: pam_unix(sshd:auth): check pass; user unknown
Jan  1 21:58:27 LabSZ sshd[15433]: Failed password for root from 58.242.83.25 port 20973 ssh2
Jan  1 21:58:28 LabSZ sshd[15435]: Failed password for root from 182.100.67.120 port 11192 ssh2
Jan  1 21:58:29 LabSZ sshd[15431]: Failed password for invalid user admin from 219.147.95.246 port 37754 ssh2
Jan  1 21:58:29 LabSZ sshd[15429]: message repeated 5 times: [ Failed password for root from 218.65.30.30 port 50636 ssh2]
Jan  1 21:58:29 LabSZ sshd[15429]: Disconnecting: Too many authentication failures for root [preauth]
Jan  1 21:58:29 LabSZ sshd[15429]: PAM 5 more authentication failures; logname= uid=0 euid=0 tty=ssh ruser= rhost=218.65.30.30  user=root
Jan  1 21:58:29 LabSZ sshd[15429]: PAM service(sshd) ignoring max retries; 6 > 3
Jan  1 21:58:29 LabSZ sshd[15431]: pam_unix(sshd:auth): check pass; user unknown
Jan  1 21:58:30 LabSZ sshd[15437]: reverse mapping checking getaddrinfo for 30.30.65.218.broad.xy.jx.dynamic.163data.com.cn [218.65.30.30] failed - POSSIBLE BREAK-IN ATTEMPT!
Jan  1 21:58:30 LabSZ sshd[15431]: Failed password for invalid user admin from 219.147.95.246 port 37754 ssh2
Jan  1 21:58:30 LabSZ sshd[15437]: pam_unix(sshd:auth): authentication failure; logname= uid=0 euid=0 tty=ssh ruser= rhost=218.65.30.30  user=root
Jan  1 21:58:30 LabSZ sshd[15431]: pam_unix(sshd:auth): check pass; user unknown
Jan  1 21:58:33 LabSZ sshd[15437]: Failed password for root from 218.65.30.30 port 25354 ssh2
Jan  1 21:58:33 LabSZ sshd[15431]: Failed password for invalid user admin from 219.147.95.246 port 37754 ssh2
Jan  1 21:58:33 LabSZ sshd[15431]: pam_unix(sshd:auth): check pass; user unknown
Jan  1 21:58:35 LabSZ sshd[15431]: Failed password for invalid user admin from 219.147.95.246 port 37754 ssh2
Jan  1 21:58:35 LabSZ sshd[15431]: pam_unix(sshd:auth): check pass; user unknown
Jan  1 21:58:38 LabSZ sshd[15431]: Failed password for invalid user admin from 219.147.95.246 port 37754 ssh2
Jan  1 21:58:38 LabSZ sshd[15431]: Disconnecting: Too many authentication failures for admin [preauth]
Jan  1 21:58:38 LabSZ sshd[15431]: PAM 5 more authentication failures; logname= uid=0 euid=0 tty=ssh ruser= rhost=219.147.95.246 
Jan  1 21:58:38 LabSZ sshd[15431]: PAM service(sshd) ignoring max retries; 6 > 3
Jan  1 21:58:41 LabSZ sshd[15433]: message repeated 5 times: [ Failed password for root from 58.242.83.25 port 20973 ssh2]
Jan  1 21:58:41 LabSZ sshd[15433]: Disconnecting: Too many authentication failures for root [preauth]
Jan  1 21:58:41 LabSZ sshd[15433]: PAM 5 more authentication failures; logname= uid=0 euid=0 tty=ssh ruser= rhost=58.242.83.25  user=root
Jan  1 21:58:41 LabSZ sshd[15433]: PAM service(sshd) ignoring max retries; 6 > 3
Jan  1 21:58:41 LabSZ sshd[15435]: message repeated 5 times: [ Failed password for root from 182.100.67.120 port 11192 ssh2]
Jan  1 21:58:41 LabSZ sshd[15435]: Disconnecting: Too many authentication failures for root [preauth]
Jan  1 21:58:41 LabSZ sshd[15435]: PAM 5 more authentication failures; logname= uid=0 euid=0 tty=ssh ruser= rhost=182.100.67.120  user=root
Jan  1 21:58:41 LabSZ sshd[15435]: PAM service(sshd) ignoring max retries; 6 > 3
Jan  1 21:58:42 LabSZ sshd[15439]: pam_unix(sshd:auth): authentication failure; logname= uid=0 euid=0 tty=ssh ruser= rhost=58.242.83.25  user=root
Jan  1 21:58:43 LabSZ sshd[15441]: pam_unix(sshd:auth): authentication failure; logname= uid=0 euid=0 tty=ssh ruser= rhost=182.100.67.120  user=root
Jan  1 21:58:44 LabSZ sshd[15439]: Failed password for root from 58.242.83.25 port 41677 ssh2
Jan  1 21:58:46 LabSZ sshd[15441]: Failed password for root from 182.100.67.120 port 48474 ssh2
Jan  1 21:58:47 LabSZ sshd[15437]: message repeated 5 times: [ Failed password for root from 218.65.30.30 port 25354 ssh2]
Jan  1 21:58:47 LabSZ sshd[15437]: Disconnecting: Too many authentication failures for root [preauth]
Jan  1 21:58:47 LabSZ sshd[15437]: PAM 5 more authentication failures; logname= uid=0 euid=0 tty=ssh ruser= rhost=218.65.30.30  user=root
Jan  1 21:58:47 LabSZ sshd[15437]: PAM service(sshd) ignoring max retries; 6 > 3
Jan  1 21:58:48 LabSZ sshd[15443]: reverse mapping checking getaddrinfo for 30.30.65.218.broad.xy.jx.dynamic.163data.com.cn [218.65.30.30] failed - POSSIBLE BREAK-IN ATTEMPT!
Jan  1 21:58:48 LabSZ sshd[15443]: pam_unix(sshd:auth): authentication failure; logname= uid=0 euid=0 tty=ssh ruser= rhost=218.65.30.30  user=root
Jan  1 21:58:50 LabSZ sshd[15443]: Failed password for root from 218.65.30.30 port 64764 ssh2
Jan  1 21:58:58 LabSZ sshd[15439]: message repeated 5 times: [ Failed password for root from 58.242.83.25 port 41677 ssh2]
Jan  1 21:58:58 LabSZ sshd[15439]: Disconnecting: Too many authentication failures for root [preauth]
Jan  1 21:58:58 LabSZ sshd[15439]: PAM 5 more authentication failures; logname= uid=0 euid=0 tty=ssh ruser= rhost=58.242.83.25  user=root
Jan  1 21:58:58 LabSZ sshd[15439]: PAM service(sshd) ignoring max retries; 6 > 3
Jan  1 21:58:59 LabSZ sshd[15445]: pam_unix(sshd:auth): authentication failure; logname= uid=0 euid=0 tty=ssh ruser= rhost=58.242.83.25  user=root
Jan  1 21:58:59 LabSZ sshd[15441]: message repeated 5 times: [ Failed password for root from 182.100.67.120 port 48474 ssh2]
Jan  1 21:58:59 LabSZ sshd[15441]: Disconnecting: Too many authentication failures for root [preauth]
Jan  1 21:58:59 LabSZ sshd[15441]: PAM 5 more authentication failures; logname= uid=0 euid=0 tty=ssh ruser= rhost=182.100.67.120  user=root
