Jan  2 03:37:31 LabSZ sshd[22470]: Failed none for invalid user user1 from 5.188.10.156 port 41162 ssh2
Jan  2 03:37:31 LabSZ sshd[22470]: pam_unix(sshd:auth): check pass; user unknown
Jan  2 03:37:31 LabSZ sshd[22470]: pam_unix(sshd:auth): authentication failure; logname= uid=0 euid=0 tty=ssh ruser= rhost=5.188.10.156 
Jan  2 03:37:33 LabSZ sshd[22470]: Failed password for invalid user user1 from 5.188.10.156 port 41162 ssh2
Jan  2 03:37:33 LabSZ sshd[22464]: message repeated 5 times: [ Failed password for root from 182.100.67.120 port 60940 ssh2]
Jan  2 03:37:33 LabSZ sshd[22464]: Disconnecting: Too many authentication failures for root [preauth]
Jan  2 03:37:33 LabSZ sshd[22464]: PAM 5 more authentication failures; logname= uid=0 euid=0 tty=ssh ruser= rhost=182.100.67.120  user=root
Jan  2 03:37:33 LabSZ sshd[22464]: PAM service(sshd) ignoring max retries; 6 > 3
Jan  2 03:37:33 LabSZ sshd[22470]: Connection closed by 5.188.10.156 [preauth]
Jan  2 03:37:34 LabSZ sshd[22472]: pam_unix(sshd:auth): authentication failure; logname= uid=0 euid=0 tty=ssh ruser= rhost=182.100.67.120  user=root
Jan  2 03:37:37 LabSZ sshd[22472]: Failed password for root from 182.100.67.120 port 30388 ssh2
Jan  2 03:37:42 LabSZ sshd[22468]: message repeated 5 times: [ Failed password for root from 58.242.83.25 port 9085 ssh2]
Jan  2 03:37:42 LabSZ sshd[22468]: Disconnecting: Too many authentication failures for root [preauth]
Jan  2 03:37:42 LabSZ sshd[22468]: PAM 5 more authentication failures; logname= uid=0 euid=0 tty=ssh ruser= rhost=58.242.83.25  user=root
Jan  2 03:37:42 LabSZ sshd[22468]: PAM service(sshd) ignoring max retries; 6 > 3
Jan  2 03:37:43 LabSZ sshd[22474]: pam_unix(sshd:auth): authentication failure; logname= uid=0 euid=0 tty=ssh ruser= rhost=58.242.83.25  user=root
Jan  2 03:37:45 LabSZ sshd[22474]: Failed password for root from 58.242.83.25 port 30540 ssh2
Jan  2 03:37:48 LabSZ sshd[22472]: message repeated 5 times: [ Failed password for root from 182.100.67.120 port 30388 ssh2]
Jan  2 03:37:48 LabSZ sshd[22472]: Disconnecting: Too many authentication failures for root [preauth]
Jan  2 03:37:48 LabSZ sshd[22472]: PAM 5 more authentication failures; logname= uid=0 euid=0 tty=ssh ruser= rhost=182.100.67.120  user=root
Jan  2 03:37:48 LabSZ sshd[22472]: PAM service(sshd) ignoring max retries; 6 > 3
Jan  2 03:37:50 LabSZ sshd[22476]: pam_unix(sshd:auth): authentication failure; logname= uid=0 euid=0 tty=ssh ruser= rhost=182.100.67.120  user=root
Jan  2 03:37:52 LabSZ sshd[22476]: Failed password for root from 182.100.67.120 port 2610 ssh2
Jan  2 03:37:57 LabSZ sshd[22474]: message repeated 5 times: [ Failed password for root from 58.242.83.25 port 30540 ssh2]
Jan  2 03:37:57 LabSZ sshd[22474]: Disconnecting: Too many authentication failures for root [preauth]
Jan  2 03:37:57 LabSZ sshd[22474]: PAM 5 more authentication failures; logname= uid=0 euid=0 tty=ssh ruser= rhost=58.242.83.25  user=root
Jan  2 03:37:57 LabSZ sshd[22474]: PAM service(sshd) ignoring max retries; 6 > 3
Jan  2 03:37:58 LabSZ sshd[22478]: pam_unix(sshd:auth): authentication failure; logname= uid=0 euid=0 tty=ssh ruser= rhost=58.242.83.25  user=root
Jan  2 03:38:00 LabSZ sshd[22478]: Failed password for root from 58.242.83.25 port 51318 ssh2
Jan  2 03:38:04 LabSZ sshd[22476]: message repeated 5 times: [ Failed password for root from 182.100.67.120 port 2610 ssh2]
Jan  2 03:38:04 LabSZ sshd[22476]: Disconnecting: Too many authentication failures for root [preauth]
Jan  2 03:38:04 LabSZ sshd[22476]: PAM 5 more authentication failures; logname= uid=0 euid=0 tty=ssh ruser= rhost=182.100.67.120  user=root
Jan  2 03:38:04 LabSZ sshd[22476]: PAM service(sshd) ignoring max retries; 6 > 3
Jan  2 03:38:09 LabSZ sshd[22480]: pam_unix(sshd:auth): authentication failure; logname= uid=0 euid=0 tty=ssh ruser= rhost=182.100.67.120  user=root
Jan  2 03:38:11 LabSZ sshd[22480]: Failed password for root from 182.100.67.120 port 36536 ssh2
Jan  2 03:38:11 LabSZ sshd[22478]: message repeated 5 times: [ Failed password for root from 58.242.83.25 port 51318 ssh2]
Jan  2 03:38:11 LabSZ sshd[22478]: Disconnecting: Too many authentication failures for root [preauth]
Jan  2 03:38:11 LabSZ sshd[22478]: PAM 5 more authentication failures; logname= uid=0 euid=0 tty=ssh ruser= rhost=58.242.83.25  user=root
Jan  2 03:38:11 LabSZ sshd[22478]: PAM service(sshd) ignoring max retries; 6 > 3
Jan  2 03:38:13 LabSZ sshd[22482]: pam_unix(sshd:auth): authentication failure; logname= uid=0 euid=0 tty=ssh ruser= rhost=58.242.83.25  user=root
Jan  2 03:38:15 LabSZ sshd[22482]: Failed password for root from 58.242.83.25 port 7266 ssh2
Jan  2 03:38:24 LabSZ sshd[22480]: message repeated 5 times: [ Failed password for root from 182.100.67.120 port 36536 ssh2]
Jan  2 03:38:24 LabSZ sshd[22480]: Disconnecting: Too many authentication failures for root [preauth]
Jan  2 03:38:24 LabSZ sshd[22480]: PAM 5 more authentication failures; logname= uid=0 euid=0 tty=ssh ruser= rhost=182.100.67.120  user=root
Jan  2 03:38:24 LabSZ sshd[22480]: PAM service(sshd) ignoring max retries; 6 > 3
Jan  2 03:38:26 LabSZ sshd[22484]: pam_unix(sshd:auth): authentication failure; logname= uid=0 euid=0 tty=ssh ruser= rhost=182.100.67.120  user=root
Jan  2 03:38:26 LabSZ sshd[22482]: message repeated 5 times: [ Failed password for root from 58.242.83.25 port 7266 ssh2]
Jan  2 03:38:26 LabSZ sshd[22482]: Disconnecting: Too many authentication failures for root [preauth]
Jan  2 03:38:26 LabSZ sshd[22482]: PAM 5 more authentication failures; logname= uid=0 euid=0 tty=ssh ruser= rhost=58.242.83.25  user=root
Jan  2 03:38:26 LabSZ sshd[22482]: PAM service(sshd) ignoring max retries; 6 > 3
Jan  2 03:38:27 LabSZ sshd[22484]: Failed password for root from 182.100.67.120 port 19948 ssh2
Jan  2 03:38:28 LabSZ sshd[22486]: pam_unix(sshd:auth): authentication failure; logname= uid=0 euid=0 tty=ssh ruser= rhost=58.242.83.25  user=root
Jan  2 03:38:30 LabSZ sshd[22486]: Failed password for root from 58.242.83.25 port 27808 ssh2
Jan  2 03:38:40 LabSZ sshd[22484]: message repeated 5 times: [ Failed password for root from 182.100.67.120 port 19948 ssh2]
Jan  2 03:38:40 LabSZ sshd[22484]: Disconnecting: Too many authentication failures for root [preauth]
Jan  2 03:38:40 LabSZ sshd[22484]: PAM 5 more authentication failures; logname= uid=0 euid=0 tty=ssh ruser= rhost=182.100.67.120  user=root
Jan  2 03:38:40 LabSZ sshd[22484]: PAM service(sshd) ignoring max retries; 6 > 3
Jan  2 03:38:41 LabSZ sshd[22488]: pam_unix(sshd:auth): authentication failure; logname= uid=0 euid=0 tty=ssh ruser= rhost=182.100.67.120  user=root
Jan  2 03:38:43 LabSZ sshd[22486]: message repeated 5 times: [ Failed password for root from 58.242.83.25 port 27808 ssh2]
Jan  2 03:38:43 LabSZ sshd[22486]: Disconnecting: Too many authentication failures for root [preauth]
Jan  2 03:38:43 LabSZ sshd[22486]: PAM 5 more authentication failures; logname= uid=0 euid=0 tty=ssh ruser= rhost=58.242.83.25  user=root
Jan  2 03:38:43 LabSZ sshd[22486]: PAM service(sshd) ignoring max retries; 6 > 3
Jan  2 03:38:43 LabSZ sshd[22488]: Failed password for root from 182.100.67.120 port 56048 ssh2
Jan  2 03:38:44 LabSZ sshd[22490]: pam_unix(sshd:auth): authentication failure; logname= uid=0 euid=0 tty=ssh ruser= rhost=58.242.83.25  user=root
Jan  2 03:38:46 LabSZ sshd[22490]: Failed password for root from 58.242.83.25 port 50705 ssh2
Jan  2 03:38:55 LabSZ sshd[22488]: message repeated 5 times: [ Failed password for root from 182.100.67.120 port 56048 ssh2]
Jan  2 03:38:55 LabSZ sshd[22488]: Disconnecting: Too many authentication failures for root [preauth]
Jan  2 03:38:55 LabSZ sshd[22488]: PAM 5 more authentication failures; logname= uid=0 euid=0 tty=ssh ruser= rhost=182.100.67.120  user=root
Jan  2 03:38:55 LabSZ sshd[22488]: PAM service(sshd) ignoring max retries; 6 > 3
Jan  2 03:38:57 LabSZ sshd[22492]: pam_unix(sshd:auth): authentication failure; logname= uid=0 euid=0 tty=ssh ruser= rhost=182.100.67.120  user=root
Jan  2 03:38:58 LabSZ sshd[22490]: message repeated 5 times: [ Failed password for root from 58.242.83.25 port 50705 ssh2]
Jan  2 03:38:58 LabSZ sshd[22490]: Disconnecting: Too many authentication failures for root [preauth]
Jan  2 03:38:58 LabSZ sshd[22490]: PAM 5 more authentication failures; logname= uid=0 euid=0 tty=ssh ruser= rhost=58.242.83.25  user=root
Jan  2 03:38:58 LabSZ sshd[22490]: PAM service(sshd) ignoring max retries; 6 > 3
Jan  2 03:38:59 LabSZ sshd[22492]: Failed password for root from 182.100.67.120 port 26896 ssh2
Jan  2 03:38:59 LabSZ sshd[22494]: pam_unix(sshd:auth): authentication failure; logname= uid=0 euid=0 tty=ssh ruser= rhost=58.242.83.25  user=root
Jan  2 03:39:01 LabSZ sshd[22494]: Failed password for root from 58.242.83.25 port 6579 ssh2
Jan  2 03:39:10 LabSZ sshd[22492]: message repeated 5 times: [ Failed password for root from 182.100.67.120 port 26896 ssh2]
Jan  2 03:39:10 LabSZ sshd[22492]: Disconnecting: Too many authentication failures for root [preauth]
Jan  2 03:39:10 LabSZ sshd[22492]: PAM 5 more authentication failures; logname= uid=0 euid=0 tty=ssh ruser= rhost=182.100.67.120  user=root
Jan  2 03:39:10 LabSZ sshd[22492]: PAM service(sshd) ignoring max retries; 6 > 3
Jan  2 03:39:12 LabSZ sshd[22510]: pam_unix(sshd:auth): authentication failure; logname= uid=0 euid=0 tty=ssh ruser= rhost=182.100.67.120  user=root
Jan  2 03:39:13 LabSZ sshd[22510]: Failed password for root from 182.100.67.120 port 61524 ssh2
Jan  2 03:39:13 LabSZ sshd[22494]: message repeated 5 times: [ Failed password for root from 58.242.83.25 port 6579 ssh2]
Jan  2 03:39:13 LabSZ sshd[22494]: Disconnecting: Too many authentication failures for root [preauth]
Jan  2 03:39:13 LabSZ sshd[22494]: PAM 5 more authentication failures; logname= uid=0 euid=0 tty=ssh ruser= rhost=58.242.83.25  user=root
Jan  2 03:39:13 LabSZ sshd[22494]: PAM service(sshd) ignoring max retries; 6 > 3
Jan  2 03:39:15 LabSZ sshd[22512]: pam_unix(sshd:auth): authentication failure; logname= uid=0 euid=0 tty=ssh ruser= rhost=58.242.83.25  user=root
Jan  2 03:39:17 LabSZ sshd[22512]: Failed password for root from 58.242.83.25 port 28190 ssh2
Jan  2 03:39:25 LabSZ sshd[22510]: message repeated 5 times: [ Failed password for root from 182.100.67.120 port 61524 ssh2]
Jan  2 03:39:25 LabSZ sshd[22510]: Disconnecting: Too many authentication failures for root [preauth]
Jan  2 03:39:25 LabSZ sshd[22510]: PAM 5 more authentication failures; logname= uid=0 euid=0 tty=ssh ruser= rhost=182.100.67.120  user=root
Jan  2 03:39:25 LabSZ sshd[22510]: PAM service(sshd) ignoring max retries; 6 > 3
Jan  2 03:39:27 LabSZ sshd[22514]: pam_unix(sshd:auth): authentication failure; logname= uid=0 euid=0 tty=ssh ruser= rhost=182.100.67.120  user=root
Jan  2 03:39:29 LabSZ sshd[22514]: Failed password for root from 182.100.67.120 port 30486 ssh2
Jan  2 03:39:29 LabSZ sshd[22512]: message repeated 5 times: [ Failed password for root from 58.242.83.25 port 28190 ssh2]
Jan  2 03:39:29 LabSZ sshd[22512]: Disconnecting: Too many authentication failures for root [preauth]
Jan  2 03:39:29 LabSZ sshd[22512]: PAM 5 more authentication failures; logname= uid=0 euid=0 tty=ssh ruser= rhost=58.242.83.25  user=root
Jan  2 03:39:29 LabSZ sshd[22512]: PAM service(sshd) ignoring max retries; 6 > 3
Jan  2 03:39:31 LabSZ sshd[22516]: pam_unix(sshd:auth): authentication failure; logname= uid=0 euid=0 tty=ssh ruser= rhost=58.242.83.25  user=root
