Jan  3 18:13:15 LabSZ sshd[5424]: PAM 5 more authentication failures; logname= uid=0 euid=0 tty=ssh ruser= rhost=59.63.188.30  user=root
Jan  3 18:13:15 LabSZ sshd[5424]: PAM service(sshd) ignoring max retries; 6 > 3
Jan  3 18:13:15 LabSZ sshd[5426]: pam_unix(sshd:auth): authentication failure; logname= uid=0 euid=0 tty=ssh ruser= rhost=218.87.109.156  user=root
Jan  3 18:13:16 LabSZ sshd[5428]: pam_unix(sshd:auth): authentication failure; logname= uid=0 euid=0 tty=ssh ruser= rhost=59.63.188.30  user=root
Jan  3 18:13:16 LabSZ sshd[5426]: Failed password for root from 218.87.109.156 port 51422 ssh2
Jan  3 18:13:18 LabSZ sshd[5428]: Failed password for root from 59.63.188.30 port 47978 ssh2
Jan  3 18:13:29 LabSZ sshd[5426]: message repeated 5 times: [ Failed password for root from 218.87.109.156 port 51422 ssh2]
Jan  3 18:13:29 LabSZ sshd[5426]: Disconnecting: Too many authentication failures for root [preauth]
Jan  3 18:13:29 LabSZ sshd[5426]: PAM 5 more authentication failures; logname= uid=0 euid=0 tty=ssh ruser= rhost=218.87.109.156  user=root
Jan  3 18:13:29 LabSZ sshd[5426]: PAM service(sshd) ignoring max retries; 6 > 3
Jan  3 18:13:30 LabSZ sshd[5428]: message repeated 5 times: [ Failed password for root from 59.63.188.30 port 47978 ssh2]
Jan  3 18:13:30 LabSZ sshd[5428]: Disconnecting: Too many authentication failures for root [preauth]
Jan  3 18:13:30 LabSZ sshd[5428]: PAM 5 more authentication failures; logname= uid=0 euid=0 tty=ssh ruser= rhost=59.63.188.30  user=root
Jan  3 18:13:30 LabSZ sshd[5428]: PAM service(sshd) ignoring max retries; 6 > 3
Jan  3 18:13:31 LabSZ sshd[5432]: pam_unix(sshd:auth): authentication failure; logname= uid=0 euid=0 tty=ssh ruser= rhost=59.63.188.30  user=root
Jan  3 18:13:33 LabSZ sshd[5432]: Failed password for root from 59.63.188.30 port 1130 ssh2
Jan  3 18:13:38 LabSZ sshd[5430]: pam_unix(sshd:auth): authentication failure; logname= uid=0 euid=0 tty=ssh ruser= rhost=218.87.109.156  user=root
Jan  3 18:13:40 LabSZ sshd[5430]: Failed password for root from 218.87.109.156 port 34836 ssh2
Jan  3 18:13:45 LabSZ sshd[5432]: message repeated 5 times: [ Failed password for root from 59.63.188.30 port 1130 ssh2]
Jan  3 18:13:45 LabSZ sshd[5432]: Disconnecting: Too many authentication failures for root [preauth]
Jan  3 18:13:45 LabSZ sshd[5432]: PAM 5 more authentication failures; logname= uid=0 euid=0 tty=ssh ruser= rhost=59.63.188.30  user=root
Jan  3 18:13:45 LabSZ sshd[5432]: PAM service(sshd) ignoring max retries; 6 > 3
Jan  3 18:13:46 LabSZ sshd[5434]: pam_unix(sshd:auth): authentication failure; logname= uid=0 euid=0 tty=ssh ruser= rhost=59.63.188.30  user=root
Jan  3 18:13:48 LabSZ sshd[5434]: Failed password for root from 59.63.188.30 port 18716 ssh2
Jan  3 18:13:52 LabSZ sshd[5430]: message repeated 5 times: [ Failed password for root from 218.87.109.156 port 34836 ssh2]
Jan  3 18:13:52 LabSZ sshd[5430]: Disconnecting: Too many authentication failures for root [preauth]
Jan  3 18:13:52 LabSZ sshd[5430]: PAM 5 more authentication failures; logname= uid=0 euid=0 tty=ssh ruser= rhost=218.87.109.156  user=root
Jan  3 18:13:52 LabSZ sshd[5430]: PAM service(sshd) ignoring max retries; 6 > 3
Jan  3 18:13:56 LabSZ sshd[5436]: pam_unix(sshd:auth): authentication failure; logname= uid=0 euid=0 tty=ssh ruser= rhost=218.87.109.156  user=root
Jan  3 18:13:58 LabSZ sshd[5436]: Failed password for root from 218.87.109.156 port 26114 ssh2
Jan  3 18:14:00 LabSZ sshd[5434]: message repeated 5 times: [ Failed password for root from 59.63.188.30 port 18716 ssh2]
Jan  3 18:14:00 LabSZ sshd[5434]: Disconnecting: Too many authentication failures for root [preauth]
Jan  3 18:14:00 LabSZ sshd[5434]: PAM 5 more authentication failures; logname= uid=0 euid=0 tty=ssh ruser= rhost=59.63.188.30  user=root
Jan  3 18:14:00 LabSZ sshd[5434]: PAM service(sshd) ignoring max retries; 6 > 3
Jan  3 18:14:01 LabSZ sshd[5438]: pam_unix(sshd:auth): authentication failure; logname= uid=0 euid=0 tty=ssh ruser= rhost=59.63.188.30  user=root
Jan  3 18:14:03 LabSZ sshd[5438]: Failed password for root from 59.63.188.30 port 35874 ssh2
Jan  3 18:14:06 LabSZ sshd[5440]: Invalid user admin from 103.99.0.122
Jan  3 18:14:06 LabSZ sshd[5440]: input_userauth_request: invalid user admin [preauth]
Jan  3 18:14:06 LabSZ sshd[5440]: pam_unix(sshd:auth): check pass; user unknown
Jan  3 18:14:06 LabSZ sshd[5440]: pam_unix(sshd:auth): authentication failure; logname= uid=0 euid=0 tty=ssh ruser= rhost=103.99.0.122 
Jan  3 18:14:08 LabSZ sshd[5440]: Failed password for invalid user admin from 103.99.0.122 port 63560 ssh2
Jan  3 18:14:08 LabSZ sshd[5440]: error: Received disconnect from 103.99.0.122: 14: No more user authentication methods available. [preauth]
Jan  3 18:14:09 LabSZ sshd[5436]: message repeated 5 times: [ Failed password for root from 218.87.109.156 port 26114 ssh2]
Jan  3 18:14:09 LabSZ sshd[5436]: Disconnecting: Too many authentication failures for root [preauth]
Jan  3 18:14:09 LabSZ sshd[5436]: PAM 5 more authentication failures; logname= uid=0 euid=0 tty=ssh ruser= rhost=218.87.109.156  user=root
Jan  3 18:14:09 LabSZ sshd[5436]: PAM service(sshd) ignoring max retries; 6 > 3
Jan  3 18:14:10 LabSZ sshd[5442]: Invalid user support from 103.99.0.122
Jan  3 18:14:10 LabSZ sshd[5442]: input_userauth_request: invalid user support [preauth]
Jan  3 18:14:10 LabSZ sshd[5442]: pam_unix(sshd:auth): check pass; user unknown
Jan  3 18:14:10 LabSZ sshd[5442]: pam_unix(sshd:auth): authentication failure; logname= uid=0 euid=0 tty=ssh ruser= rhost=103.99.0.122 
Jan  3 18:14:12 LabSZ sshd[5442]: Failed password for invalid user support from 103.99.0.122 port 63936 ssh2
Jan  3 18:14:12 LabSZ sshd[5442]: error: Received disconnect from 103.99.0.122: 14: No more user authentication methods available. [preauth]
Jan  3 18:14:14 LabSZ sshd[5446]: Invalid user user from 103.99.0.122
Jan  3 18:14:14 LabSZ sshd[5446]: input_userauth_request: invalid user user [preauth]
Jan  3 18:14:14 LabSZ sshd[5446]: pam_unix(sshd:auth): check pass; user unknown
Jan  3 18:14:14 LabSZ sshd[5446]: pam_unix(sshd:auth): authentication failure; logname= uid=0 euid=0 tty=ssh ruser= rhost=103.99.0.122 
Jan  3 18:14:14 LabSZ sshd[5438]: message repeated 5 times: [ Failed password for root from 59.63.188.30 port 35874 ssh2]
Jan  3 18:14:14 LabSZ sshd[5438]: Disconnecting: Too many authentication failures for root [preauth]
Jan  3 18:14:14 LabSZ sshd[5438]: PAM 5 more authentication failures; logname= uid=0 euid=0 tty=ssh ruser= rhost=59.63.188.30  user=root
Jan  3 18:14:14 LabSZ sshd[5438]: PAM service(sshd) ignoring max retries; 6 > 3
Jan  3 18:14:15 LabSZ sshd[5448]: pam_unix(sshd:auth): authentication failure; logname= uid=0 euid=0 tty=ssh ruser= rhost=59.63.188.30  user=root
Jan  3 18:14:16 LabSZ sshd[5446]: Failed password for invalid user user from 103.99.0.122 port 64430 ssh2
Jan  3 18:14:16 LabSZ sshd[5444]: pam_unix(sshd:auth): authentication failure; logname= uid=0 euid=0 tty=ssh ruser= rhost=218.87.109.156  user=root
Jan  3 18:14:16 LabSZ sshd[5446]: error: Received disconnect from 103.99.0.122: 14: No more user authentication methods available. [preauth]
Jan  3 18:14:17 LabSZ sshd[5448]: Failed password for root from 59.63.188.30 port 52039 ssh2
Jan  3 18:14:17 LabSZ sshd[5450]: pam_unix(sshd:auth): authentication failure; logname= uid=0 euid=0 tty=ssh ruser= rhost=103.99.0.122  user=root
Jan  3 18:14:17 LabSZ sshd[5444]: Failed password for root from 218.87.109.156 port 4702 ssh2
Jan  3 18:14:19 LabSZ sshd[5450]: Failed password for root from 103.99.0.122 port 64857 ssh2
Jan  3 18:14:19 LabSZ sshd[5450]: error: Received disconnect from 103.99.0.122: 14: No more user authentication methods available. [preauth]
Jan  3 18:14:20 LabSZ sshd[5452]: Invalid user 1234 from 103.99.0.122
Jan  3 18:14:20 LabSZ sshd[5452]: input_userauth_request: invalid user 1234 [preauth]
Jan  3 18:14:20 LabSZ sshd[5452]: pam_unix(sshd:auth): check pass; user unknown
Jan  3 18:14:20 LabSZ sshd[5452]: pam_unix(sshd:auth): authentication failure; logname= uid=0 euid=0 tty=ssh ruser= rhost=103.99.0.122 
Jan  3 18:14:23 LabSZ sshd[5452]: Failed password for invalid user 1234 from 103.99.0.122 port 65244 ssh2
Jan  3 18:14:24 LabSZ sshd[5452]: error: Received disconnect from 103.99.0.122: 14: No more user authentication methods available. [preauth]
Jan  3 18:14:26 LabSZ sshd[5454]: pam_unix(sshd:auth): authentication failure; logname= uid=0 euid=0 tty=ssh ruser= rhost=103.99.0.122  user=root
Jan  3 18:14:28 LabSZ sshd[5448]: message repeated 5 times: [ Failed password for root from 59.63.188.30 port 52039 ssh2]
Jan  3 18:14:28 LabSZ sshd[5448]: Disconnecting: Too many authentication failures for root [preauth]
Jan  3 18:14:28 LabSZ sshd[5448]: PAM 5 more authentication failures; logname= uid=0 euid=0 tty=ssh ruser= rhost=59.63.188.30  user=root
Jan  3 18:14:28 LabSZ sshd[5448]: PAM service(sshd) ignoring max retries; 6 > 3
Jan  3 18:14:28 LabSZ sshd[5454]: Failed password for root from 103.99.0.122 port 49354 ssh2
Jan  3 18:14:29 LabSZ sshd[5456]: pam_unix(sshd:auth): authentication failure; logname= uid=0 euid=0 tty=ssh ruser= rhost=59.63.188.30  user=root
Jan  3 18:14:29 LabSZ sshd[5454]: error: Received disconnect from 103.99.0.122: 14: No more user authentication methods available. [preauth]
Jan  3 18:14:29 LabSZ sshd[5444]: message repeated 5 times: [ Failed password for root from 218.87.109.156 port 4702 ssh2]
Jan  3 18:14:29 LabSZ sshd[5444]: Disconnecting: Too many authentication failures for root [preauth]
Jan  3 18:14:29 LabSZ sshd[5444]: PAM 5 more authentication failures; logname= uid=0 euid=0 tty=ssh ruser= rhost=218.87.109.156  user=root
Jan  3 18:14:29 LabSZ sshd[5444]: PAM service(sshd) ignoring max retries; 6 > 3
Jan  3 18:14:31 LabSZ sshd[5456]: Failed password for root from 59.63.188.30 port 3049 ssh2
Jan  3 18:14:32 LabSZ sshd[5458]: Invalid user anonymous from 103.99.0.122
Jan  3 18:14:32 LabSZ sshd[5458]: input_userauth_request: invalid user anonymous [preauth]
Jan  3 18:14:32 LabSZ sshd[5458]: pam_unix(sshd:auth): check pass; user unknown
Jan  3 18:14:32 LabSZ sshd[5458]: pam_unix(sshd:auth): authentication failure; logname= uid=0 euid=0 tty=ssh ruser= rhost=103.99.0.122 
Jan  3 18:14:33 LabSZ sshd[5460]: pam_unix(sshd:auth): authentication failure; logname= uid=0 euid=0 tty=ssh ruser= rhost=218.87.109.156  user=root
Jan  3 18:14:34 LabSZ sshd[5460]: Failed password for root from 218.87.109.156 port 54598 ssh2
Jan  3 18:14:34 LabSZ sshd[5458]: Failed password for invalid user anonymous from 103.99.0.122 port 49926 ssh2
Jan  3 18:14:34 LabSZ sshd[5458]: error: Received disconnect from 103.99.0.122: 14: No more user authentication methods available. [preauth]
Jan  3 18:14:38 LabSZ sshd[5462]: Invalid user admin from 103.99.0.122
Jan  3 18:14:38 LabSZ sshd[5462]: input_userauth_request: invalid user admin [preauth]
Jan  3 18:14:38 LabSZ sshd[5462]: pam_unix(sshd:auth): check pass; user unknown
Jan  3 18:14:38 LabSZ sshd[5462]: pam_unix(sshd:auth): authentication failure; logname= uid=0 euid=0 tty=ssh ruser= rhost=103.99.0.122 
