Jan  3 18:15:31 LabSZ sshd[5498]: input_userauth_request: invalid user admin [preauth]
Jan  3 18:15:31 LabSZ sshd[5498]: pam_unix(sshd:auth): check pass; user unknown
Jan  3 18:15:31 LabSZ sshd[5498]: pam_unix(sshd:auth): authentication failure; logname= uid=0 euid=0 tty=ssh ruser= rhost=103.99.0.122 
Jan  3 18:15:33 LabSZ sshd[5498]: Failed password for invalid user admin from 103.99.0.122 port 56420 ssh2
Jan  3 18:15:33 LabSZ sshd[5498]: error: Received disconnect from 103.99.0.122: 14: No more user authentication methods available. [preauth]
Jan  3 18:15:35 LabSZ sshd[5502]: Invalid user admin from 103.99.0.122
Jan  3 18:15:35 LabSZ sshd[5502]: input_userauth_request: invalid user admin [preauth]
Jan  3 18:15:35 LabSZ sshd[5502]: pam_unix(sshd:auth): check pass; user unknown
Jan  3 18:15:35 LabSZ sshd[5502]: pam_unix(sshd:auth): authentication failure; logname= uid=0 euid=0 tty=ssh ruser= rhost=103.99.0.122 
Jan  3 18:15:36 LabSZ sshd[5500]: pam_unix(sshd:auth): authentication failure; logname= uid=0 euid=0 tty=ssh ruser= rhost=218.87.109.156  user=root
Jan  3 18:15:36 LabSZ sshd[5502]: Failed password for invalid user admin from 103.99.0.122 port 56895 ssh2
Jan  3 18:15:37 LabSZ sshd[5502]: error: Received disconnect from 103.99.0.122: 14: No more user authentication methods available. [preauth]
Jan  3 18:15:38 LabSZ sshd[5500]: Failed password for root from 218.87.109.156 port 7570 ssh2
Jan  3 18:15:39 LabSZ sshd[5504]: Invalid user admin from 103.99.0.122
Jan  3 18:15:39 LabSZ sshd[5504]: input_userauth_request: invalid user admin [preauth]
Jan  3 18:15:39 LabSZ sshd[5504]: pam_unix(sshd:auth): check pass; user unknown
Jan  3 18:15:39 LabSZ sshd[5504]: pam_unix(sshd:auth): authentication failure; logname= uid=0 euid=0 tty=ssh ruser= rhost=103.99.0.122 
Jan  3 18:15:42 LabSZ sshd[5504]: Failed password for invalid user admin from 103.99.0.122 port 57322 ssh2
Jan  3 18:15:42 LabSZ sshd[5496]: message repeated 5 times: [ Failed password for root from 59.63.188.30 port 6165 ssh2]
Jan  3 18:15:42 LabSZ sshd[5496]: Disconnecting: Too many authentication failures for root [preauth]
Jan  3 18:15:42 LabSZ sshd[5496]: PAM 5 more authentication failures; logname= uid=0 euid=0 tty=ssh ruser= rhost=59.63.188.30  user=root
Jan  3 18:15:42 LabSZ sshd[5496]: PAM service(sshd) ignoring max retries; 6 > 3
Jan  3 18:15:42 LabSZ sshd[5504]: error: Received disconnect from 103.99.0.122: 14: No more user authentication methods available. [preauth]
Jan  3 18:15:43 LabSZ sshd[5508]: pam_unix(sshd:auth): authentication failure; logname= uid=0 euid=0 tty=ssh ruser= rhost=59.63.188.30  user=root
Jan  3 18:15:43 LabSZ sshd[5506]: pam_unix(sshd:auth): authentication failure; logname= uid=0 euid=0 tty=ssh ruser= rhost=103.99.0.122  user=ftp
Jan  3 18:15:45 LabSZ sshd[5508]: Failed password for root from 59.63.188.30 port 23373 ssh2
Jan  3 18:15:45 LabSZ sshd[5506]: Failed password for ftp from 103.99.0.122 port 57889 ssh2
Jan  3 18:15:46 LabSZ sshd[5506]: error: Received disconnect from 103.99.0.122: 14: No more user authentication methods available. [preauth]
Jan  3 18:15:47 LabSZ sshd[5510]: Invalid user monitor from 103.99.0.122
Jan  3 18:15:47 LabSZ sshd[5510]: input_userauth_request: invalid user monitor [preauth]
Jan  3 18:15:47 LabSZ sshd[5510]: pam_unix(sshd:auth): check pass; user unknown
Jan  3 18:15:47 LabSZ sshd[5510]: pam_unix(sshd:auth): authentication failure; logname= uid=0 euid=0 tty=ssh ruser= rhost=103.99.0.122 
Jan  3 18:15:49 LabSZ sshd[5510]: Failed password for invalid user monitor from 103.99.0.122 port 58360 ssh2
Jan  3 18:15:49 LabSZ sshd[5510]: error: Received disconnect from 103.99.0.122: 14: No more user authentication methods available. [preauth]
Jan  3 18:15:50 LabSZ sshd[5500]: message repeated 5 times: [ Failed password for root from 218.87.109.156 port 7570 ssh2]
Jan  3 18:15:50 LabSZ sshd[5500]: Disconnecting: Too many authentication failures for root [preauth]
Jan  3 18:15:50 LabSZ sshd[5500]: PAM 5 more authentication failures; logname= uid=0 euid=0 tty=ssh ruser= rhost=218.87.109.156  user=root
Jan  3 18:15:50 LabSZ sshd[5500]: PAM service(sshd) ignoring max retries; 6 > 3
Jan  3 18:15:51 LabSZ sshd[5512]: Invalid user ftpuser from 103.99.0.122
Jan  3 18:15:51 LabSZ sshd[5512]: input_userauth_request: invalid user ftpuser [preauth]
Jan  3 18:15:51 LabSZ sshd[5512]: pam_unix(sshd:auth): check pass; user unknown
Jan  3 18:15:51 LabSZ sshd[5512]: pam_unix(sshd:auth): authentication failure; logname= uid=0 euid=0 tty=ssh ruser= rhost=103.99.0.122 
Jan  3 18:15:53 LabSZ sshd[5512]: Failed password for invalid user ftpuser from 103.99.0.122 port 58731 ssh2
Jan  3 18:15:53 LabSZ sshd[5512]: error: Received disconnect from 103.99.0.122: 14: No more user authentication methods available. [preauth]
Jan  3 18:15:54 LabSZ sshd[5516]: Invalid user pi from 103.99.0.122
Jan  3 18:15:54 LabSZ sshd[5516]: input_userauth_request: invalid user pi [preauth]
Jan  3 18:15:54 LabSZ sshd[5516]: pam_unix(sshd:auth): check pass; user unknown
Jan  3 18:15:54 LabSZ sshd[5516]: pam_unix(sshd:auth): authentication failure; logname= uid=0 euid=0 tty=ssh ruser= rhost=103.99.0.122 
Jan  3 18:15:56 LabSZ sshd[5514]: pam_unix(sshd:auth): authentication failure; logname= uid=0 euid=0 tty=ssh ruser= rhost=218.87.109.156  user=root
Jan  3 18:15:56 LabSZ sshd[5516]: Failed password for invalid user pi from 103.99.0.122 port 59221 ssh2
Jan  3 18:15:56 LabSZ sshd[5516]: error: Received disconnect from 103.99.0.122: 14: No more user authentication methods available. [preauth]
Jan  3 18:15:57 LabSZ sshd[5508]: message repeated 5 times: [ Failed password for root from 59.63.188.30 port 23373 ssh2]
Jan  3 18:15:57 LabSZ sshd[5508]: Disconnecting: Too many authentication failures for root [preauth]
Jan  3 18:15:57 LabSZ sshd[5508]: PAM 5 more authentication failures; logname= uid=0 euid=0 tty=ssh ruser= rhost=59.63.188.30  user=root
Jan  3 18:15:57 LabSZ sshd[5508]: PAM service(sshd) ignoring max retries; 6 > 3
Jan  3 18:15:58 LabSZ sshd[5514]: Failed password for root from 218.87.109.156 port 56112 ssh2
Jan  3 18:15:58 LabSZ sshd[5518]: Invalid user PlcmSpIp from 103.99.0.122
Jan  3 18:15:58 LabSZ sshd[5518]: input_userauth_request: invalid user PlcmSpIp [preauth]
Jan  3 18:15:58 LabSZ sshd[5518]: pam_unix(sshd:auth): check pass; user unknown
Jan  3 18:15:58 LabSZ sshd[5518]: pam_unix(sshd:auth): authentication failure; logname= uid=0 euid=0 tty=ssh ruser= rhost=103.99.0.122 
Jan  3 18:15:58 LabSZ sshd[5520]: pam_unix(sshd:auth): authentication failure; logname= uid=0 euid=0 tty=ssh ruser= rhost=59.63.188.30  user=root
Jan  3 18:16:00 LabSZ sshd[5518]: Failed password for invalid user PlcmSpIp from 103.99.0.122 port 59591 ssh2
Jan  3 18:16:00 LabSZ sshd[5518]: error: Received disconnect from 103.99.0.122: 14: No more user authentication methods available. [preauth]
Jan  3 18:16:00 LabSZ sshd[5520]: Failed password for root from 59.63.188.30 port 40329 ssh2
Jan  3 18:16:02 LabSZ sshd[5522]: Invalid user Management from 103.99.0.122
Jan  3 18:16:02 LabSZ sshd[5522]: input_userauth_request: invalid user Management [preauth]
Jan  3 18:16:02 LabSZ sshd[5522]: pam_unix(sshd:auth): check pass; user unknown
Jan  3 18:16:02 LabSZ sshd[5522]: pam_unix(sshd:auth): authentication failure; logname= uid=0 euid=0 tty=ssh ruser= rhost=103.99.0.122 
Jan  3 18:16:04 LabSZ sshd[5522]: Failed password for invalid user Management from 103.99.0.122 port 59971 ssh2
Jan  3 18:16:06 LabSZ sshd[5522]: error: Received disconnect from 103.99.0.122: 14: No more user authentication methods available. [preauth]
Jan  3 18:16:08 LabSZ sshd[5524]: pam_unix(sshd:auth): authentication failure; logname= uid=0 euid=0 tty=ssh ruser= rhost=103.99.0.122  user=root
Jan  3 18:16:10 LabSZ sshd[5524]: Failed password for root from 103.99.0.122 port 60732 ssh2
Jan  3 18:16:10 LabSZ sshd[5524]: error: Received disconnect from 103.99.0.122: 14: No more user authentication methods available. [preauth]
Jan  3 18:16:11 LabSZ sshd[5514]: message repeated 5 times: [ Failed password for root from 218.87.109.156 port 56112 ssh2]
Jan  3 18:16:11 LabSZ sshd[5514]: Disconnecting: Too many authentication failures for root [preauth]
Jan  3 18:16:11 LabSZ sshd[5514]: PAM 5 more authentication failures; logname= uid=0 euid=0 tty=ssh ruser= rhost=218.87.109.156  user=root
Jan  3 18:16:11 LabSZ sshd[5514]: PAM service(sshd) ignoring max retries; 6 > 3
Jan  3 18:16:12 LabSZ sshd[5520]: message repeated 5 times: [ Failed password for root from 59.63.188.30 port 40329 ssh2]
Jan  3 18:16:12 LabSZ sshd[5520]: Disconnecting: Too many authentication failures for root [preauth]
Jan  3 18:16:12 LabSZ sshd[5520]: PAM 5 more authentication failures; logname= uid=0 euid=0 tty=ssh ruser= rhost=59.63.188.30  user=root
Jan  3 18:16:12 LabSZ sshd[5520]: PAM service(sshd) ignoring max retries; 6 > 3
Jan  3 18:16:13 LabSZ sshd[5526]: Invalid user ftpuser from 103.99.0.122
Jan  3 18:16:13 LabSZ sshd[5526]: input_userauth_request: invalid user ftpuser [preauth]
Jan  3 18:16:13 LabSZ sshd[5526]: pam_unix(sshd:auth): check pass; user unknown
Jan  3 18:16:13 LabSZ sshd[5526]: pam_unix(sshd:auth): authentication failure; logname= uid=0 euid=0 tty=ssh ruser= rhost=103.99.0.122 
Jan  3 18:16:13 LabSZ sshd[5528]: pam_unix(sshd:auth): authentication failure; logname= uid=0 euid=0 tty=ssh ruser= rhost=59.63.188.30  user=root
Jan  3 18:16:15 LabSZ sshd[5526]: Failed password for invalid user ftpuser from 103.99.0.122 port 61229 ssh2
Jan  3 18:16:15 LabSZ sshd[5526]: error: Received disconnect from 103.99.0.122: 14: No more user authentication methods available. [preauth]
Jan  3 18:16:15 LabSZ sshd[5528]: Failed password for root from 59.63.188.30 port 56284 ssh2
Jan  3 18:16:23 LabSZ sshd[5530]: pam_unix(sshd:auth): authentication failure; logname= uid=0 euid=0 tty=ssh ruser= rhost=218.87.109.156  user=root
Jan  3 18:16:25 LabSZ sshd[5530]: Failed password for root from 218.87.109.156 port 43584 ssh2
Jan  3 18:16:28 LabSZ sshd[5528]: message repeated 5 times: [ Failed password for root from 59.63.188.30 port 56284 ssh2]
Jan  3 18:16:28 LabSZ sshd[5528]: Disconnecting: Too many authentication failures for root [preauth]
Jan  3 18:16:28 LabSZ sshd[5528]: PAM 5 more authentication failures; logname= uid=0 euid=0 tty=ssh ruser= rhost=59.63.188.30  user=root
Jan  3 18:16:28 LabSZ sshd[5528]: PAM service(sshd) ignoring max retries; 6 > 3
Jan  3 18:16:29 LabSZ sshd[5532]: pam_unix(sshd:auth): authentication failure; logname= uid=0 euid=0 tty=ssh ruser= rhost=59.63.188.30  user=root
Jan  3 18:16:31 LabSZ sshd[5532]: Failed password for root from 59.63.188.30 port 10352 ssh2
Jan  3 18:16:38 LabSZ sshd[5530]: message repeated 5 times: [ Failed password for root from 218.87.109.156 port 43584 ssh2]
Jan  3 18:16:38 LabSZ sshd[5530]: Disconnecting: Too many authentication failures for root [preauth]
Jan  3 18:16:38 LabSZ sshd[5530]: PAM 5 more authentication failures; logname= uid=0 euid=0 tty=ssh ruser= rhost=218.87.109.156  user=root
