Jan  4 03:10:59 LabSZ sshd[14560]: PAM 5 more authentication failures; logname= uid=0 euid=0 tty=ssh ruser= rhost=59.63.188.30  user=root
Jan  4 03:10:59 LabSZ sshd[14560]: PAM service(sshd) ignoring max retries; 6 > 3
Jan  4 03:11:00 LabSZ sshd[14564]: pam_unix(sshd:auth): authentication failure; logname= uid=0 euid=0 tty=ssh ruser= rhost=59.63.188.30  user=root
Jan  4 03:11:02 LabSZ sshd[14564]: Failed password for root from 59.63.188.30 port 61576 ssh2
Jan  4 03:11:05 LabSZ sshd[14562]: message repeated 5 times: [ Failed password for root from 59.63.188.30 port 49408 ssh2]
Jan  4 03:11:05 LabSZ sshd[14562]: Disconnecting: Too many authentication failures for root [preauth]
Jan  4 03:11:05 LabSZ sshd[14562]: PAM 5 more authentication failures; logname= uid=0 euid=0 tty=ssh ruser= rhost=59.63.188.30  user=root
Jan  4 03:11:05 LabSZ sshd[14562]: PAM service(sshd) ignoring max retries; 6 > 3
Jan  4 03:11:06 LabSZ sshd[14566]: pam_unix(sshd:auth): authentication failure; logname= uid=0 euid=0 tty=ssh ruser= rhost=59.63.188.30  user=root
Jan  4 03:11:09 LabSZ sshd[14566]: Failed password for root from 59.63.188.30 port 6326 ssh2
Jan  4 03:11:15 LabSZ sshd[14564]: message repeated 5 times: [ Failed password for root from 59.63.188.30 port 61576 ssh2]
Jan  4 03:11:15 LabSZ sshd[14564]: Disconnecting: Too many authentication failures for root [preauth]
Jan  4 03:11:15 LabSZ sshd[14564]: PAM 5 more authentication failures; logname= uid=0 euid=0 tty=ssh ruser= rhost=59.63.188.30  user=root
Jan  4 03:11:15 LabSZ sshd[14564]: PAM service(sshd) ignoring max retries; 6 > 3
Jan  4 03:11:17 LabSZ sshd[14568]: pam_unix(sshd:auth): authentication failure; logname= uid=0 euid=0 tty=ssh ruser= rhost=59.63.188.30  user=root
Jan  4 03:11:19 LabSZ sshd[14568]: Failed password for root from 59.63.188.30 port 18811 ssh2
Jan  4 03:11:22 LabSZ sshd[14566]: message repeated 5 times: [ Failed password for root from 59.63.188.30 port 6326 ssh2]
Jan  4 03:11:22 LabSZ sshd[14566]: Disconnecting: Too many authentication failures for root [preauth]
Jan  4 03:11:22 LabSZ sshd[14566]: PAM 5 more authentication failures; logname= uid=0 euid=0 tty=ssh ruser= rhost=59.63.188.30  user=root
Jan  4 03:11:22 LabSZ sshd[14566]: PAM service(sshd) ignoring max retries; 6 > 3
Jan  4 03:11:23 LabSZ sshd[14570]: pam_unix(sshd:auth): authentication failure; logname= uid=0 euid=0 tty=ssh ruser= rhost=59.63.188.30  user=root
Jan  4 03:11:25 LabSZ sshd[14570]: Failed password for root from 59.63.188.30 port 28093 ssh2
Jan  4 03:11:32 LabSZ sshd[14568]: message repeated 5 times: [ Failed password for root from 59.63.188.30 port 18811 ssh2]
Jan  4 03:11:32 LabSZ sshd[14568]: Disconnecting: Too many authentication failures for root [preauth]
Jan  4 03:11:32 LabSZ sshd[14568]: PAM 5 more authentication failures; logname= uid=0 euid=0 tty=ssh ruser= rhost=59.63.188.30  user=root
Jan  4 03:11:32 LabSZ sshd[14568]: PAM service(sshd) ignoring max retries; 6 > 3
Jan  4 03:11:34 LabSZ sshd[14572]: pam_unix(sshd:auth): authentication failure; logname= uid=0 euid=0 tty=ssh ruser= rhost=59.63.188.30  user=root
Jan  4 03:11:36 LabSZ sshd[14572]: Failed password for root from 59.63.188.30 port 41166 ssh2
Jan  4 03:11:38 LabSZ sshd[14570]: message repeated 5 times: [ Failed password for root from 59.63.188.30 port 28093 ssh2]
Jan  4 03:11:38 LabSZ sshd[14570]: Disconnecting: Too many authentication failures for root [preauth]
Jan  4 03:11:38 LabSZ sshd[14570]: PAM 5 more authentication failures; logname= uid=0 euid=0 tty=ssh ruser= rhost=59.63.188.30  user=root
Jan  4 03:11:38 LabSZ sshd[14570]: PAM service(sshd) ignoring max retries; 6 > 3
Jan  4 03:11:39 LabSZ sshd[14574]: Invalid user a from 202.107.207.123
Jan  4 03:11:39 LabSZ sshd[14574]: input_userauth_request: invalid user a [preauth]
Jan  4 03:11:39 LabSZ sshd[14574]: pam_unix(sshd:auth): check pass; user unknown
Jan  4 03:11:39 LabSZ sshd[14574]: pam_unix(sshd:auth): authentication failure; logname= uid=0 euid=0 tty=ssh ruser= rhost=202.107.207.123 
Jan  4 03:11:40 LabSZ sshd[14576]: pam_unix(sshd:auth): authentication failure; logname= uid=0 euid=0 tty=ssh ruser= rhost=59.63.188.30  user=root
Jan  4 03:11:40 LabSZ sshd[14574]: Failed password for invalid user a from 202.107.207.123 port 48744 ssh2
Jan  4 03:11:40 LabSZ sshd[14574]: Received disconnect from 202.107.207.123: 11: Bye Bye [preauth]
Jan  4 03:11:41 LabSZ sshd[14578]: pam_unix(sshd:auth): authentication failure; logname= uid=0 euid=0 tty=ssh ruser= rhost=202.107.207.123  user=root
Jan  4 03:11:42 LabSZ sshd[14576]: Failed password for root from 59.63.188.30 port 48816 ssh2
Jan  4 03:11:43 LabSZ sshd[14578]: Failed password for root from 202.107.207.123 port 51196 ssh2
Jan  4 03:11:43 LabSZ sshd[14578]: Received disconnect from 202.107.207.123: 11: Bye Bye [preauth]
Jan  4 03:11:43 LabSZ sshd[14580]: Invalid user postgres from 202.107.207.123
Jan  4 03:11:43 LabSZ sshd[14580]: input_userauth_request: invalid user postgres [preauth]
Jan  4 03:11:43 LabSZ sshd[14580]: pam_unix(sshd:auth): check pass; user unknown
Jan  4 03:11:43 LabSZ sshd[14580]: pam_unix(sshd:auth): authentication failure; logname= uid=0 euid=0 tty=ssh ruser= rhost=202.107.207.123 
Jan  4 03:11:46 LabSZ sshd[14580]: Failed password for invalid user postgres from 202.107.207.123 port 54380 ssh2
Jan  4 03:11:46 LabSZ sshd[14580]: Received disconnect from 202.107.207.123: 11: Bye Bye [preauth]
Jan  4 03:11:47 LabSZ sshd[14582]: Invalid user nagios from 202.107.207.123
Jan  4 03:11:47 LabSZ sshd[14582]: input_userauth_request: invalid user nagios [preauth]
Jan  4 03:11:47 LabSZ sshd[14582]: pam_unix(sshd:auth): check pass; user unknown
Jan  4 03:11:47 LabSZ sshd[14582]: pam_unix(sshd:auth): authentication failure; logname= uid=0 euid=0 tty=ssh ruser= rhost=202.107.207.123 
Jan  4 03:11:49 LabSZ sshd[14572]: message repeated 5 times: [ Failed password for root from 59.63.188.30 port 41166 ssh2]
Jan  4 03:11:49 LabSZ sshd[14572]: Disconnecting: Too many authentication failures for root [preauth]
Jan  4 03:11:49 LabSZ sshd[14572]: PAM 5 more authentication failures; logname= uid=0 euid=0 tty=ssh ruser= rhost=59.63.188.30  user=root
Jan  4 03:11:49 LabSZ sshd[14572]: PAM service(sshd) ignoring max retries; 6 > 3
Jan  4 03:11:49 LabSZ sshd[14582]: Failed password for invalid user nagios from 202.107.207.123 port 58940 ssh2
Jan  4 03:11:49 LabSZ sshd[14582]: Received disconnect from 202.107.207.123: 11: Bye Bye [preauth]
Jan  4 03:11:49 LabSZ sshd[14584]: Invalid user oracle from 202.107.207.123
Jan  4 03:11:49 LabSZ sshd[14584]: input_userauth_request: invalid user oracle [preauth]
Jan  4 03:11:49 LabSZ sshd[14584]: pam_unix(sshd:auth): check pass; user unknown
Jan  4 03:11:49 LabSZ sshd[14584]: pam_unix(sshd:auth): authentication failure; logname= uid=0 euid=0 tty=ssh ruser= rhost=202.107.207.123 
Jan  4 03:11:50 LabSZ sshd[14586]: pam_unix(sshd:auth): authentication failure; logname= uid=0 euid=0 tty=ssh ruser= rhost=59.63.188.30  user=root
Jan  4 03:11:52 LabSZ sshd[14584]: Failed password for invalid user oracle from 202.107.207.123 port 35276 ssh2
Jan  4 03:11:52 LabSZ sshd[14584]: Received disconnect from 202.107.207.123: 11: Bye Bye [preauth]
Jan  4 03:11:52 LabSZ sshd[14586]: Failed password for root from 59.63.188.30 port 61757 ssh2
Jan  4 03:11:53 LabSZ sshd[14588]: Invalid user ftpuser from 202.107.207.123
Jan  4 03:11:53 LabSZ sshd[14588]: input_userauth_request: invalid user ftpuser [preauth]
Jan  4 03:11:53 LabSZ sshd[14588]: pam_unix(sshd:auth): check pass; user unknown
Jan  4 03:11:53 LabSZ sshd[14588]: pam_unix(sshd:auth): authentication failure; logname= uid=0 euid=0 tty=ssh ruser= rhost=202.107.207.123 
Jan  4 03:11:55 LabSZ sshd[14576]: message repeated 5 times: [ Failed password for root from 59.63.188.30 port 48816 ssh2]
Jan  4 03:11:55 LabSZ sshd[14576]: Disconnecting: Too many authentication failures for root [preauth]
Jan  4 03:11:55 LabSZ sshd[14576]: PAM 5 more authentication failures; logname= uid=0 euid=0 tty=ssh ruser= rhost=59.63.188.30  user=root
Jan  4 03:11:55 LabSZ sshd[14576]: PAM service(sshd) ignoring max retries; 6 > 3
Jan  4 03:11:56 LabSZ sshd[14588]: Failed password for invalid user ftpuser from 202.107.207.123 port 38916 ssh2
Jan  4 03:11:56 LabSZ sshd[14588]: Received disconnect from 202.107.207.123: 11: Bye Bye [preauth]
Jan  4 03:11:56 LabSZ sshd[14590]: Invalid user hadoop from 202.107.207.123
Jan  4 03:11:56 LabSZ sshd[14590]: input_userauth_request: invalid user hadoop [preauth]
Jan  4 03:11:56 LabSZ sshd[14590]: pam_unix(sshd:auth): check pass; user unknown
Jan  4 03:11:56 LabSZ sshd[14590]: pam_unix(sshd:auth): authentication failure; logname= uid=0 euid=0 tty=ssh ruser= rhost=202.107.207.123 
Jan  4 03:11:56 LabSZ sshd[14592]: pam_unix(sshd:auth): authentication failure; logname= uid=0 euid=0 tty=ssh ruser= rhost=59.63.188.30  user=root
Jan  4 03:11:58 LabSZ sshd[14590]: Failed password for invalid user hadoop from 202.107.207.123 port 43278 ssh2
Jan  4 03:11:58 LabSZ sshd[14590]: Received disconnect from 202.107.207.123: 11: Bye Bye [preauth]
Jan  4 03:11:58 LabSZ sshd[14592]: Failed password for root from 59.63.188.30 port 6086 ssh2
Jan  4 03:11:58 LabSZ sshd[14594]: Invalid user db2admin from 202.107.207.123
Jan  4 03:11:58 LabSZ sshd[14594]: input_userauth_request: invalid user db2admin [preauth]
Jan  4 03:11:58 LabSZ sshd[14594]: pam_unix(sshd:auth): check pass; user unknown
Jan  4 03:11:58 LabSZ sshd[14594]: pam_unix(sshd:auth): authentication failure; logname= uid=0 euid=0 tty=ssh ruser= rhost=202.107.207.123 
Jan  4 03:12:00 LabSZ sshd[14594]: Failed password for invalid user db2admin from 202.107.207.123 port 47010 ssh2
Jan  4 03:12:00 LabSZ sshd[14594]: Received disconnect from 202.107.207.123: 11: Bye Bye [preauth]
Jan  4 03:12:00 LabSZ sshd[14596]: Invalid user db2inst1 from 202.107.207.123
Jan  4 03:12:00 LabSZ sshd[14596]: input_userauth_request: invalid user db2inst1 [preauth]
Jan  4 03:12:00 LabSZ sshd[14596]: pam_unix(sshd:auth): check pass; user unknown
Jan  4 03:12:00 LabSZ sshd[14596]: pam_unix(sshd:auth): authentication failure; logname= uid=0 euid=0 tty=ssh ruser= rhost=202.107.207.123 
Jan  4 03:12:03 LabSZ sshd[14596]: Failed password for invalid user db2inst1 from 202.107.207.123 port 50148 ssh2
Jan  4 03:12:03 LabSZ sshd[14596]: Received disconnect from 202.107.207.123: 11: Bye Bye [preauth]
Jan  4 03:12:03 LabSZ sshd[14598]: Invalid user db2fenc1 from 202.107.207.123
Jan  4 03:12:03 LabSZ sshd[14598]: input_userauth_request: invalid user db2fenc1 [preauth]
Jan  4 03:12:03 LabSZ sshd[14598]: pam_unix(sshd:auth): check pass; user unknown
