Jan  4 11:17:27 LabSZ sshd[29056]: Failed password for invalid user ncs from 119.7.221.137 port 59477 ssh2
Jan  4 11:17:27 LabSZ sshd[29056]: Received disconnect from 119.7.221.137: 11: Bye Bye [preauth]
Jan  4 11:17:27 LabSZ sshd[29058]: Invalid user sir from 119.7.221.137
Jan  4 11:17:27 LabSZ sshd[29058]: input_userauth_request: invalid user sir [preauth]
Jan  4 11:17:27 LabSZ sshd[29058]: pam_unix(sshd:auth): check pass; user unknown
Jan  4 11:17:27 LabSZ sshd[29058]: pam_unix(sshd:auth): authentication failure; logname= uid=0 euid=0 tty=ssh ruser= rhost=119.7.221.137 
Jan  4 11:17:28 LabSZ sshd[29048]: Failed password for root from 218.87.109.156 port 5988 ssh2
Jan  4 11:17:29 LabSZ sshd[29038]: message repeated 5 times: [ Failed password for root from 59.63.188.30 port 18288 ssh2]
Jan  4 11:17:29 LabSZ sshd[29038]: Disconnecting: Too many authentication failures for root [preauth]
Jan  4 11:17:29 LabSZ sshd[29038]: PAM 5 more authentication failures; logname= uid=0 euid=0 tty=ssh ruser= rhost=59.63.188.30  user=root
Jan  4 11:17:29 LabSZ sshd[29038]: PAM service(sshd) ignoring max retries; 6 > 3
Jan  4 11:17:30 LabSZ sshd[29058]: Failed password for invalid user sir from 119.7.221.137 port 60823 ssh2
Jan  4 11:17:30 LabSZ sshd[29044]: message repeated 5 times: [ Failed password for root from 59.63.188.30 port 24328 ssh2]
Jan  4 11:17:30 LabSZ sshd[29044]: Disconnecting: Too many authentication failures for root [preauth]
Jan  4 11:17:30 LabSZ sshd[29044]: PAM 5 more authentication failures; logname= uid=0 euid=0 tty=ssh ruser= rhost=59.63.188.30  user=root
Jan  4 11:17:30 LabSZ sshd[29044]: PAM service(sshd) ignoring max retries; 6 > 3
Jan  4 11:17:30 LabSZ sshd[29058]: Received disconnect from 119.7.221.137: 11: Bye Bye [preauth]
Jan  4 11:17:30 LabSZ sshd[29060]: Invalid user hxhtftp from 119.7.221.137
Jan  4 11:17:30 LabSZ sshd[29060]: input_userauth_request: invalid user hxhtftp [preauth]
Jan  4 11:17:30 LabSZ sshd[29060]: pam_unix(sshd:auth): check pass; user unknown
Jan  4 11:17:30 LabSZ sshd[29060]: pam_unix(sshd:auth): authentication failure; logname= uid=0 euid=0 tty=ssh ruser= rhost=119.7.221.137 
Jan  4 11:17:31 LabSZ sshd[29062]: pam_unix(sshd:auth): authentication failure; logname= uid=0 euid=0 tty=ssh ruser= rhost=59.63.188.30  user=root
Jan  4 11:17:31 LabSZ sshd[29064]: pam_unix(sshd:auth): authentication failure; logname= uid=0 euid=0 tty=ssh ruser= rhost=59.63.188.30  user=root
Jan  4 11:17:32 LabSZ sshd[29060]: Failed password for invalid user hxhtftp from 119.7.221.137 port 33666 ssh2
Jan  4 11:17:32 LabSZ sshd[29060]: Received disconnect from 119.7.221.137: 11: Bye Bye [preauth]
Jan  4 11:17:32 LabSZ sshd[29062]: Failed password for root from 59.63.188.30 port 43620 ssh2
Jan  4 11:17:33 LabSZ sshd[29064]: Failed password for root from 59.63.188.30 port 44364 ssh2
Jan  4 11:17:33 LabSZ sshd[29066]: Invalid user butter from 119.7.221.137
Jan  4 11:17:33 LabSZ sshd[29066]: input_userauth_request: invalid user butter [preauth]
Jan  4 11:17:33 LabSZ sshd[29066]: pam_unix(sshd:auth): check pass; user unknown
Jan  4 11:17:33 LabSZ sshd[29066]: pam_unix(sshd:auth): authentication failure; logname= uid=0 euid=0 tty=ssh ruser= rhost=119.7.221.137 
Jan  4 11:17:35 LabSZ sshd[29066]: Failed password for invalid user butter from 119.7.221.137 port 34387 ssh2
Jan  4 11:17:35 LabSZ sshd[29066]: Received disconnect from 119.7.221.137: 11: Bye Bye [preauth]
Jan  4 11:17:36 LabSZ sshd[29068]: Invalid user butter from 119.7.221.137
Jan  4 11:17:36 LabSZ sshd[29068]: input_userauth_request: invalid user butter [preauth]
Jan  4 11:17:36 LabSZ sshd[29068]: pam_unix(sshd:auth): check pass; user unknown
Jan  4 11:17:36 LabSZ sshd[29068]: pam_unix(sshd:auth): authentication failure; logname= uid=0 euid=0 tty=ssh ruser= rhost=119.7.221.137 
Jan  4 11:17:38 LabSZ sshd[29068]: Failed password for invalid user butter from 119.7.221.137 port 36467 ssh2
Jan  4 11:17:38 LabSZ sshd[29068]: Received disconnect from 119.7.221.137: 11: Bye Bye [preauth]
Jan  4 11:17:39 LabSZ sshd[29070]: Invalid user ncs from 119.7.221.137
Jan  4 11:17:39 LabSZ sshd[29070]: input_userauth_request: invalid user ncs [preauth]
Jan  4 11:17:39 LabSZ sshd[29070]: pam_unix(sshd:auth): check pass; user unknown
Jan  4 11:17:39 LabSZ sshd[29070]: pam_unix(sshd:auth): authentication failure; logname= uid=0 euid=0 tty=ssh ruser= rhost=119.7.221.137 
Jan  4 11:17:41 LabSZ sshd[29070]: Failed password for invalid user ncs from 119.7.221.137 port 38209 ssh2
Jan  4 11:17:41 LabSZ sshd[29070]: Received disconnect from 119.7.221.137: 11: Bye Bye [preauth]
Jan  4 11:17:42 LabSZ sshd[29048]: message repeated 5 times: [ Failed password for root from 218.87.109.156 port 5988 ssh2]
Jan  4 11:17:42 LabSZ sshd[29048]: Disconnecting: Too many authentication failures for root [preauth]
Jan  4 11:17:42 LabSZ sshd[29048]: PAM 5 more authentication failures; logname= uid=0 euid=0 tty=ssh ruser= rhost=218.87.109.156  user=root
Jan  4 11:17:42 LabSZ sshd[29048]: PAM service(sshd) ignoring max retries; 6 > 3
Jan  4 11:17:45 LabSZ sshd[29062]: message repeated 5 times: [ Failed password for root from 59.63.188.30 port 43620 ssh2]
Jan  4 11:17:45 LabSZ sshd[29062]: Disconnecting: Too many authentication failures for root [preauth]
Jan  4 11:17:45 LabSZ sshd[29062]: PAM 5 more authentication failures; logname= uid=0 euid=0 tty=ssh ruser= rhost=59.63.188.30  user=root
Jan  4 11:17:45 LabSZ sshd[29062]: PAM service(sshd) ignoring max retries; 6 > 3
Jan  4 11:17:46 LabSZ sshd[29064]: message repeated 5 times: [ Failed password for root from 59.63.188.30 port 44364 ssh2]
Jan  4 11:17:46 LabSZ sshd[29064]: Disconnecting: Too many authentication failures for root [preauth]
Jan  4 11:17:46 LabSZ sshd[29064]: PAM 5 more authentication failures; logname= uid=0 euid=0 tty=ssh ruser= rhost=59.63.188.30  user=root
Jan  4 11:17:46 LabSZ sshd[29064]: PAM service(sshd) ignoring max retries; 6 > 3
Jan  4 11:17:47 LabSZ sshd[29074]: pam_unix(sshd:auth): authentication failure; logname= uid=0 euid=0 tty=ssh ruser= rhost=59.63.188.30  user=root
Jan  4 11:17:47 LabSZ sshd[29076]: pam_unix(sshd:auth): authentication failure; logname= uid=0 euid=0 tty=ssh ruser= rhost=59.63.188.30  user=root
Jan  4 11:17:49 LabSZ sshd[29074]: Failed password for root from 59.63.188.30 port 62542 ssh2
Jan  4 11:17:49 LabSZ sshd[29076]: Failed password for root from 59.63.188.30 port 62890 ssh2
Jan  4 11:17:52 LabSZ sshd[29072]: pam_unix(sshd:auth): authentication failure; logname= uid=0 euid=0 tty=ssh ruser= rhost=218.87.109.156  user=root
Jan  4 11:17:53 LabSZ sshd[29072]: Failed password for root from 218.87.109.156 port 63798 ssh2
Jan  4 11:18:01 LabSZ sshd[29074]: message repeated 5 times: [ Failed password for root from 59.63.188.30 port 62542 ssh2]
Jan  4 11:18:01 LabSZ sshd[29074]: Disconnecting: Too many authentication failures for root [preauth]
Jan  4 11:18:01 LabSZ sshd[29074]: PAM 5 more authentication failures; logname= uid=0 euid=0 tty=ssh ruser= rhost=59.63.188.30  user=root
Jan  4 11:18:01 LabSZ sshd[29074]: PAM service(sshd) ignoring max retries; 6 > 3
Jan  4 11:18:02 LabSZ sshd[29078]: pam_unix(sshd:auth): authentication failure; logname= uid=0 euid=0 tty=ssh ruser= rhost=59.63.188.30  user=root
Jan  4 11:18:02 LabSZ sshd[29076]: message repeated 5 times: [ Failed password for root from 59.63.188.30 port 62890 ssh2]
Jan  4 11:18:02 LabSZ sshd[29076]: Disconnecting: Too many authentication failures for root [preauth]
Jan  4 11:18:02 LabSZ sshd[29076]: PAM 5 more authentication failures; logname= uid=0 euid=0 tty=ssh ruser= rhost=59.63.188.30  user=root
Jan  4 11:18:02 LabSZ sshd[29076]: PAM service(sshd) ignoring max retries; 6 > 3
Jan  4 11:18:03 LabSZ sshd[29080]: pam_unix(sshd:auth): authentication failure; logname= uid=0 euid=0 tty=ssh ruser= rhost=59.63.188.30  user=root
Jan  4 11:18:04 LabSZ sshd[29078]: Failed password for root from 59.63.188.30 port 15940 ssh2
Jan  4 11:18:05 LabSZ sshd[29080]: Failed password for root from 59.63.188.30 port 18289 ssh2
Jan  4 11:18:05 LabSZ sshd[29072]: message repeated 5 times: [ Failed password for root from 218.87.109.156 port 63798 ssh2]
Jan  4 11:18:05 LabSZ sshd[29072]: Disconnecting: Too many authentication failures for root [preauth]
Jan  4 11:18:05 LabSZ sshd[29072]: PAM 5 more authentication failures; logname= uid=0 euid=0 tty=ssh ruser= rhost=218.87.109.156  user=root
Jan  4 11:18:05 LabSZ sshd[29072]: PAM service(sshd) ignoring max retries; 6 > 3
Jan  4 11:18:11 LabSZ sshd[29082]: pam_unix(sshd:auth): authentication failure; logname= uid=0 euid=0 tty=ssh ruser= rhost=218.87.109.156  user=root
Jan  4 11:18:13 LabSZ sshd[29082]: Failed password for root from 218.87.109.156 port 49620 ssh2
Jan  4 11:18:17 LabSZ sshd[29078]: message repeated 5 times: [ Failed password for root from 59.63.188.30 port 15940 ssh2]
Jan  4 11:18:17 LabSZ sshd[29078]: Disconnecting: Too many authentication failures for root [preauth]
Jan  4 11:18:17 LabSZ sshd[29078]: PAM 5 more authentication failures; logname= uid=0 euid=0 tty=ssh ruser= rhost=59.63.188.30  user=root
Jan  4 11:18:17 LabSZ sshd[29078]: PAM service(sshd) ignoring max retries; 6 > 3
Jan  4 11:18:18 LabSZ sshd[29080]: message repeated 5 times: [ Failed password for root from 59.63.188.30 port 18289 ssh2]
Jan  4 11:18:18 LabSZ sshd[29080]: Disconnecting: Too many authentication failures for root [preauth]
Jan  4 11:18:18 LabSZ sshd[29080]: PAM 5 more authentication failures; logname= uid=0 euid=0 tty=ssh ruser= rhost=59.63.188.30  user=root
Jan  4 11:18:18 LabSZ sshd[29080]: PAM service(sshd) ignoring max retries; 6 > 3
Jan  4 11:18:18 LabSZ sshd[29084]: pam_unix(sshd:auth): authentication failure; logname= uid=0 euid=0 tty=ssh ruser= rhost=59.63.188.30  user=root
Jan  4 11:18:19 LabSZ sshd[29086]: pam_unix(sshd:auth): authentication failure; logname= uid=0 euid=0 tty=ssh ruser= rhost=59.63.188.30  user=root
Jan  4 11:18:20 LabSZ sshd[29084]: Failed password for root from 59.63.188.30 port 35399 ssh2
Jan  4 11:18:21 LabSZ sshd[29086]: Failed password for root from 59.63.188.30 port 36382 ssh2
Jan  4 11:18:25 LabSZ sshd[29082]: message repeated 5 times: [ Failed password for root from 218.87.109.156 port 49620 ssh2]
Jan  4 11:18:25 LabSZ sshd[29082]: Disconnecting: Too many authentication failures for root [preauth]
Jan  4 11:18:25 LabSZ sshd[29082]: PAM 5 more authentication failures; logname= uid=0 euid=0 tty=ssh ruser= rhost=218.87.109.156  user=root
Jan  4 11:18:25 LabSZ sshd[29082]: PAM service(sshd) ignoring max retries; 6 > 3
Jan  4 11:18:32 LabSZ sshd[29088]: pam_unix(sshd:auth): authentication failure; logname= uid=0 euid=0 tty=ssh ruser= rhost=218.87.109.156  user=root
Jan  4 11:18:32 LabSZ sshd[29084]: message repeated 5 times: [ Failed password for root from 59.63.188.30 port 35399 ssh2]
Jan  4 11:18:32 LabSZ sshd[29084]: Disconnecting: Too many authentication failures for root [preauth]
