Jan  3 12:22:57 LabSZ sshd[347]: pam_unix(sshd:auth): authentication failure; logname= uid=0 euid=0 tty=ssh ruser= rhost=119.7.221.129 
Jan  3 12:22:58 LabSZ sshd[343]: Failed password for root from 59.63.188.30 port 65481 ssh2
Jan  3 12:22:58 LabSZ sshd[345]: Failed password for root from 183.192.189.131 port 22500 ssh2
Jan  3 12:22:58 LabSZ sshd[345]: Connection closed by 183.192.189.131 [preauth]
Jan  3 12:22:58 LabSZ sshd[349]: reverse mapping checking getaddrinfo for . [183.192.189.131] failed - POSSIBLE BREAK-IN ATTEMPT!
Jan  3 12:22:59 LabSZ sshd[349]: pam_unix(sshd:auth): authentication failure; logname= uid=0 euid=0 tty=ssh ruser= rhost=183.192.189.131  user=root
Jan  3 12:22:59 LabSZ sshd[347]: Failed password for invalid user zxiptv from 119.7.221.129 port 60803 ssh2
Jan  3 12:22:59 LabSZ sshd[347]: Received disconnect from 119.7.221.129: 11: Bye Bye [preauth]
Jan  3 12:23:00 LabSZ sshd[351]: Invalid user zxiptv from 119.7.221.129
Jan  3 12:23:00 LabSZ sshd[351]: input_userauth_request: invalid user zxiptv [preauth]
Jan  3 12:23:00 LabSZ sshd[351]: pam_unix(sshd:auth): check pass; user unknown
Jan  3 12:23:00 LabSZ sshd[351]: pam_unix(sshd:auth): authentication failure; logname= uid=0 euid=0 tty=ssh ruser= rhost=119.7.221.129 
Jan  3 12:23:01 LabSZ sshd[349]: Failed password for root from 183.192.189.131 port 22501 ssh2
Jan  3 12:23:01 LabSZ sshd[349]: Connection closed by 183.192.189.131 [preauth]
Jan  3 12:23:01 LabSZ sshd[354]: reverse mapping checking getaddrinfo for . [183.192.189.131] failed - POSSIBLE BREAK-IN ATTEMPT!
Jan  3 12:23:01 LabSZ sshd[354]: pam_unix(sshd:auth): authentication failure; logname= uid=0 euid=0 tty=ssh ruser= rhost=183.192.189.131  user=root
Jan  3 12:23:02 LabSZ sshd[351]: Failed password for invalid user zxiptv from 119.7.221.129 port 34479 ssh2
Jan  3 12:23:02 LabSZ sshd[351]: Received disconnect from 119.7.221.129: 11: Bye Bye [preauth]
Jan  3 12:23:02 LabSZ sshd[356]: Invalid user zxin10 from 119.7.221.129
Jan  3 12:23:02 LabSZ sshd[356]: input_userauth_request: invalid user zxin10 [preauth]
Jan  3 12:23:02 LabSZ sshd[356]: pam_unix(sshd:auth): check pass; user unknown
Jan  3 12:23:02 LabSZ sshd[356]: pam_unix(sshd:auth): authentication failure; logname= uid=0 euid=0 tty=ssh ruser= rhost=119.7.221.129 
Jan  3 12:23:03 LabSZ sshd[354]: Failed password for root from 183.192.189.131 port 22502 ssh2
Jan  3 12:23:03 LabSZ sshd[354]: Connection closed by 183.192.189.131 [preauth]
Jan  3 12:23:03 LabSZ sshd[358]: reverse mapping checking getaddrinfo for . [183.192.189.131] failed - POSSIBLE BREAK-IN ATTEMPT!
Jan  3 12:23:03 LabSZ sshd[358]: pam_unix(sshd:auth): authentication failure; logname= uid=0 euid=0 tty=ssh ruser= rhost=183.192.189.131  user=root
Jan  3 12:23:04 LabSZ sshd[356]: Failed password for invalid user zxin10 from 119.7.221.129 port 35759 ssh2
Jan  3 12:23:04 LabSZ sshd[356]: Received disconnect from 119.7.221.129: 11: Bye Bye [preauth]
Jan  3 12:23:04 LabSZ sshd[360]: pam_unix(sshd:auth): authentication failure; logname= uid=0 euid=0 tty=ssh ruser= rhost=119.7.221.129  user=root
Jan  3 12:23:05 LabSZ sshd[358]: Failed password for root from 183.192.189.131 port 22503 ssh2
Jan  3 12:23:05 LabSZ sshd[358]: Connection closed by 183.192.189.131 [preauth]
Jan  3 12:23:05 LabSZ sshd[362]: reverse mapping checking getaddrinfo for . [183.192.189.131] failed - POSSIBLE BREAK-IN ATTEMPT!
Jan  3 12:23:05 LabSZ sshd[362]: pam_unix(sshd:auth): authentication failure; logname= uid=0 euid=0 tty=ssh ruser= rhost=183.192.189.131  user=root
Jan  3 12:23:06 LabSZ sshd[360]: Failed password for root from 119.7.221.129 port 37238 ssh2
Jan  3 12:23:06 LabSZ sshd[360]: Received disconnect from 119.7.221.129: 11: Bye Bye [preauth]
Jan  3 12:23:07 LabSZ sshd[364]: pam_unix(sshd:auth): authentication failure; logname= uid=0 euid=0 tty=ssh ruser= rhost=119.7.221.129  user=root
Jan  3 12:23:07 LabSZ sshd[362]: Failed password for root from 183.192.189.131 port 22504 ssh2
Jan  3 12:23:07 LabSZ sshd[362]: Connection closed by 183.192.189.131 [preauth]
Jan  3 12:23:07 LabSZ sshd[366]: reverse mapping checking getaddrinfo for . [183.192.189.131] failed - POSSIBLE BREAK-IN ATTEMPT!
Jan  3 12:23:07 LabSZ sshd[366]: pam_unix(sshd:auth): authentication failure; logname= uid=0 euid=0 tty=ssh ruser= rhost=183.192.189.131  user=root
Jan  3 12:23:08 LabSZ sshd[364]: Failed password for root from 119.7.221.129 port 38906 ssh2
Jan  3 12:23:08 LabSZ sshd[364]: Received disconnect from 119.7.221.129: 11: Bye Bye [preauth]
Jan  3 12:23:09 LabSZ sshd[366]: Failed password for root from 183.192.189.131 port 22505 ssh2
Jan  3 12:23:09 LabSZ sshd[368]: Invalid user bss from 119.7.221.129
Jan  3 12:23:09 LabSZ sshd[368]: input_userauth_request: invalid user bss [preauth]
Jan  3 12:23:09 LabSZ sshd[368]: pam_unix(sshd:auth): check pass; user unknown
Jan  3 12:23:09 LabSZ sshd[368]: pam_unix(sshd:auth): authentication failure; logname= uid=0 euid=0 tty=ssh ruser= rhost=119.7.221.129 
Jan  3 12:23:09 LabSZ sshd[366]: Connection closed by 183.192.189.131 [preauth]
Jan  3 12:23:09 LabSZ sshd[370]: reverse mapping checking getaddrinfo for . [183.192.189.131] failed - POSSIBLE BREAK-IN ATTEMPT!
Jan  3 12:23:09 LabSZ sshd[370]: pam_unix(sshd:auth): authentication failure; logname= uid=0 euid=0 tty=ssh ruser= rhost=183.192.189.131  user=root
Jan  3 12:23:11 LabSZ sshd[343]: message repeated 5 times: [ Failed password for root from 59.63.188.30 port 65481 ssh2]
Jan  3 12:23:11 LabSZ sshd[343]: Disconnecting: Too many authentication failures for root [preauth]
Jan  3 12:23:11 LabSZ sshd[343]: PAM 5 more authentication failures; logname= uid=0 euid=0 tty=ssh ruser= rhost=59.63.188.30  user=root
Jan  3 12:23:11 LabSZ sshd[343]: PAM service(sshd) ignoring max retries; 6 > 3
Jan  3 12:23:11 LabSZ sshd[368]: Failed password for invalid user bss from 119.7.221.129 port 40014 ssh2
Jan  3 12:23:11 LabSZ sshd[368]: Received disconnect from 119.7.221.129: 11: Bye Bye [preauth]
Jan  3 12:23:11 LabSZ sshd[370]: Failed password for root from 183.192.189.131 port 22506 ssh2
Jan  3 12:23:11 LabSZ sshd[370]: Connection closed by 183.192.189.131 [preauth]
Jan  3 12:23:12 LabSZ sshd[372]: Invalid user bssbill from 119.7.221.129
Jan  3 12:23:12 LabSZ sshd[372]: input_userauth_request: invalid user bssbill [preauth]
Jan  3 12:23:12 LabSZ sshd[372]: pam_unix(sshd:auth): check pass; user unknown
Jan  3 12:23:12 LabSZ sshd[372]: pam_unix(sshd:auth): authentication failure; logname= uid=0 euid=0 tty=ssh ruser= rhost=119.7.221.129 
Jan  3 12:23:12 LabSZ sshd[374]: reverse mapping checking getaddrinfo for . [183.192.189.131] failed - POSSIBLE BREAK-IN ATTEMPT!
Jan  3 12:23:12 LabSZ sshd[374]: pam_unix(sshd:auth): authentication failure; logname= uid=0 euid=0 tty=ssh ruser= rhost=183.192.189.131  user=root
Jan  3 12:23:12 LabSZ sshd[376]: pam_unix(sshd:auth): authentication failure; logname= uid=0 euid=0 tty=ssh ruser= rhost=59.63.188.30  user=root
Jan  3 12:23:13 LabSZ sshd[372]: Failed password for invalid user bssbill from 119.7.221.129 port 41844 ssh2
Jan  3 12:23:13 LabSZ sshd[372]: Received disconnect from 119.7.221.129: 11: Bye Bye [preauth]
Jan  3 12:23:13 LabSZ sshd[374]: Failed password for root from 183.192.189.131 port 22507 ssh2
Jan  3 12:23:13 LabSZ sshd[374]: Connection closed by 183.192.189.131 [preauth]
Jan  3 12:23:13 LabSZ sshd[380]: reverse mapping checking getaddrinfo for . [183.192.189.131] failed - POSSIBLE BREAK-IN ATTEMPT!
Jan  3 12:23:13 LabSZ sshd[380]: pam_unix(sshd:auth): authentication failure; logname= uid=0 euid=0 tty=ssh ruser= rhost=183.192.189.131  user=root
Jan  3 12:23:14 LabSZ sshd[378]: Invalid user cimp from 119.7.221.129
Jan  3 12:23:14 LabSZ sshd[378]: input_userauth_request: invalid user cimp [preauth]
Jan  3 12:23:14 LabSZ sshd[378]: pam_unix(sshd:auth): check pass; user unknown
Jan  3 12:23:14 LabSZ sshd[378]: pam_unix(sshd:auth): authentication failure; logname= uid=0 euid=0 tty=ssh ruser= rhost=119.7.221.129 
Jan  3 12:23:14 LabSZ sshd[376]: Failed password for root from 59.63.188.30 port 19947 ssh2
Jan  3 12:23:15 LabSZ sshd[380]: Failed password for root from 183.192.189.131 port 22570 ssh2
Jan  3 12:23:15 LabSZ sshd[380]: Connection closed by 183.192.189.131 [preauth]
Jan  3 12:23:15 LabSZ sshd[378]: Failed password for invalid user cimp from 119.7.221.129 port 43142 ssh2
Jan  3 12:23:15 LabSZ sshd[378]: Received disconnect from 119.7.221.129: 11: Bye Bye [preauth]
Jan  3 12:23:16 LabSZ sshd[382]: reverse mapping checking getaddrinfo for . [183.192.189.131] failed - POSSIBLE BREAK-IN ATTEMPT!
Jan  3 12:23:16 LabSZ sshd[382]: pam_unix(sshd:auth): authentication failure; logname= uid=0 euid=0 tty=ssh ruser= rhost=183.192.189.131  user=root
Jan  3 12:23:18 LabSZ sshd[382]: Failed password for root from 183.192.189.131 port 22571 ssh2
Jan  3 12:23:18 LabSZ sshd[382]: Connection closed by 183.192.189.131 [preauth]
Jan  3 12:23:18 LabSZ sshd[386]: reverse mapping checking getaddrinfo for . [183.192.189.131] failed - POSSIBLE BREAK-IN ATTEMPT!
Jan  3 12:23:18 LabSZ sshd[386]: pam_unix(sshd:auth): authentication failure; logname= uid=0 euid=0 tty=ssh ruser= rhost=183.192.189.131  user=root
Jan  3 12:23:19 LabSZ sshd[386]: Failed password for root from 183.192.189.131 port 22572 ssh2
Jan  3 12:23:19 LabSZ sshd[386]: Connection closed by 183.192.189.131 [preauth]
Jan  3 12:23:21 LabSZ sshd[384]: Invalid user eds from 119.7.221.129
Jan  3 12:23:21 LabSZ sshd[384]: input_userauth_request: invalid user eds [preauth]
Jan  3 12:23:21 LabSZ sshd[384]: pam_unix(sshd:auth): check pass; user unknown
Jan  3 12:23:21 LabSZ sshd[384]: pam_unix(sshd:auth): authentication failure; logname= uid=0 euid=0 tty=ssh ruser= rhost=119.7.221.129 
Jan  3 12:23:23 LabSZ sshd[384]: Failed password for invalid user eds from 119.7.221.129 port 44590 ssh2
Jan  3 12:23:23 LabSZ sshd[384]: Received disconnect from 119.7.221.129: 11: Bye Bye [preauth]
Jan  3 12:23:24 LabSZ sshd[390]: Invalid user epg from 119.7.221.129
Jan  3 12:23:24 LabSZ sshd[390]: input_userauth_request: invalid user epg [preauth]
Jan  3 12:23:24 LabSZ sshd[390]: pam_unix(sshd:auth): check pass; user unknown
Jan  3 12:23:24 LabSZ sshd[390]: pam_unix(sshd:auth): authentication failure; logname= uid=0 euid=0 tty=ssh ruser= rhost=119.7.221.129 
Jan  3 12:23:25 LabSZ sshd[390]: Failed password for invalid user epg from 119.7.221.129 port 48738 ssh2
Jan  3 12:23:25 LabSZ sshd[390]: Received disconnect from 119.7.221.129: 11: Bye Bye [preauth]
