Jan  4 02:18:17 LabSZ sshd[13468]: Failed password for root from 59.63.188.30 port 56726 ssh2
Jan  4 02:18:17 LabSZ sshd[13472]: pam_unix(sshd:auth): authentication failure; logname= uid=0 euid=0 tty=ssh ruser= rhost=59.63.188.30  user=root
Jan  4 02:18:17 LabSZ sshd[13470]: pam_unix(sshd:auth): authentication failure; logname= uid=0 euid=0 tty=ssh ruser= rhost=218.87.109.156  user=root
Jan  4 02:18:19 LabSZ sshd[13472]: Failed password for root from 59.63.188.30 port 60116 ssh2
Jan  4 02:18:19 LabSZ sshd[13470]: Failed password for root from 218.87.109.156 port 22254 ssh2
Jan  4 02:18:29 LabSZ sshd[13468]: message repeated 5 times: [ Failed password for root from 59.63.188.30 port 56726 ssh2]
Jan  4 02:18:29 LabSZ sshd[13468]: Disconnecting: Too many authentication failures for root [preauth]
Jan  4 02:18:29 LabSZ sshd[13468]: PAM 5 more authentication failures; logname= uid=0 euid=0 tty=ssh ruser= rhost=59.63.188.30  user=root
Jan  4 02:18:29 LabSZ sshd[13468]: PAM service(sshd) ignoring max retries; 6 > 3
Jan  4 02:18:30 LabSZ sshd[13472]: message repeated 5 times: [ Failed password for root from 59.63.188.30 port 60116 ssh2]
Jan  4 02:18:30 LabSZ sshd[13472]: Disconnecting: Too many authentication failures for root [preauth]
Jan  4 02:18:30 LabSZ sshd[13472]: PAM 5 more authentication failures; logname= uid=0 euid=0 tty=ssh ruser= rhost=59.63.188.30  user=root
Jan  4 02:18:30 LabSZ sshd[13472]: PAM service(sshd) ignoring max retries; 6 > 3
Jan  4 02:18:30 LabSZ sshd[13474]: pam_unix(sshd:auth): authentication failure; logname= uid=0 euid=0 tty=ssh ruser= rhost=59.63.188.30  user=root
Jan  4 02:18:31 LabSZ sshd[13476]: pam_unix(sshd:auth): authentication failure; logname= uid=0 euid=0 tty=ssh ruser= rhost=59.63.188.30  user=root
Jan  4 02:18:32 LabSZ sshd[13470]: message repeated 5 times: [ Failed password for root from 218.87.109.156 port 22254 ssh2]
Jan  4 02:18:32 LabSZ sshd[13470]: Disconnecting: Too many authentication failures for root [preauth]
Jan  4 02:18:32 LabSZ sshd[13470]: PAM 5 more authentication failures; logname= uid=0 euid=0 tty=ssh ruser= rhost=218.87.109.156  user=root
Jan  4 02:18:32 LabSZ sshd[13470]: PAM service(sshd) ignoring max retries; 6 > 3
Jan  4 02:18:32 LabSZ sshd[13474]: Failed password for root from 59.63.188.30 port 12904 ssh2
Jan  4 02:18:33 LabSZ sshd[13476]: Failed password for root from 59.63.188.30 port 14832 ssh2
Jan  4 02:18:34 LabSZ sshd[13478]: pam_unix(sshd:auth): authentication failure; logname= uid=0 euid=0 tty=ssh ruser= rhost=218.87.109.156  user=root
Jan  4 02:18:36 LabSZ sshd[13478]: Failed password for root from 218.87.109.156 port 64766 ssh2
Jan  4 02:18:44 LabSZ sshd[13474]: message repeated 5 times: [ Failed password for root from 59.63.188.30 port 12904 ssh2]
Jan  4 02:18:44 LabSZ sshd[13474]: Disconnecting: Too many authentication failures for root [preauth]
Jan  4 02:18:44 LabSZ sshd[13474]: PAM 5 more authentication failures; logname= uid=0 euid=0 tty=ssh ruser= rhost=59.63.188.30  user=root
Jan  4 02:18:44 LabSZ sshd[13474]: PAM service(sshd) ignoring max retries; 6 > 3
Jan  4 02:18:46 LabSZ sshd[13476]: message repeated 5 times: [ Failed password for root from 59.63.188.30 port 14832 ssh2]
Jan  4 02:18:46 LabSZ sshd[13476]: Disconnecting: Too many authentication failures for root [preauth]
Jan  4 02:18:46 LabSZ sshd[13476]: PAM 5 more authentication failures; logname= uid=0 euid=0 tty=ssh ruser= rhost=59.63.188.30  user=root
Jan  4 02:18:46 LabSZ sshd[13476]: PAM service(sshd) ignoring max retries; 6 > 3
Jan  4 02:18:46 LabSZ sshd[13480]: pam_unix(sshd:auth): authentication failure; logname= uid=0 euid=0 tty=ssh ruser= rhost=59.63.188.30  user=root
Jan  4 02:18:47 LabSZ sshd[13482]: pam_unix(sshd:auth): authentication failure; logname= uid=0 euid=0 tty=ssh ruser= rhost=59.63.188.30  user=root
Jan  4 02:18:48 LabSZ sshd[13480]: Failed password for root from 59.63.188.30 port 33342 ssh2
Jan  4 02:18:49 LabSZ sshd[13482]: Failed password for root from 59.63.188.30 port 35418 ssh2
Jan  4 02:18:49 LabSZ sshd[13478]: message repeated 5 times: [ Failed password for root from 218.87.109.156 port 64766 ssh2]
Jan  4 02:18:49 LabSZ sshd[13478]: Disconnecting: Too many authentication failures for root [preauth]
Jan  4 02:18:49 LabSZ sshd[13478]: PAM 5 more authentication failures; logname= uid=0 euid=0 tty=ssh ruser= rhost=218.87.109.156  user=root
Jan  4 02:18:49 LabSZ sshd[13478]: PAM service(sshd) ignoring max retries; 6 > 3
Jan  4 02:18:50 LabSZ sshd[13485]: pam_unix(sshd:auth): authentication failure; logname= uid=0 euid=0 tty=ssh ruser= rhost=218.87.109.156  user=root
Jan  4 02:18:52 LabSZ sshd[13485]: Failed password for root from 218.87.109.156 port 41612 ssh2
Jan  4 02:19:00 LabSZ sshd[13480]: message repeated 5 times: [ Failed password for root from 59.63.188.30 port 33342 ssh2]
Jan  4 02:19:00 LabSZ sshd[13480]: Disconnecting: Too many authentication failures for root [preauth]
Jan  4 02:19:00 LabSZ sshd[13480]: PAM 5 more authentication failures; logname= uid=0 euid=0 tty=ssh ruser= rhost=59.63.188.30  user=root
Jan  4 02:19:00 LabSZ sshd[13480]: PAM service(sshd) ignoring max retries; 6 > 3
Jan  4 02:19:01 LabSZ sshd[13482]: message repeated 5 times: [ Failed password for root from 59.63.188.30 port 35418 ssh2]
Jan  4 02:19:01 LabSZ sshd[13482]: Disconnecting: Too many authentication failures for root [preauth]
Jan  4 02:19:01 LabSZ sshd[13482]: PAM 5 more authentication failures; logname= uid=0 euid=0 tty=ssh ruser= rhost=59.63.188.30  user=root
Jan  4 02:19:01 LabSZ sshd[13482]: PAM service(sshd) ignoring max retries; 6 > 3
Jan  4 02:19:01 LabSZ sshd[13488]: pam_unix(sshd:auth): authentication failure; logname= uid=0 euid=0 tty=ssh ruser= rhost=59.63.188.30  user=root
Jan  4 02:19:02 LabSZ sshd[13490]: pam_unix(sshd:auth): authentication failure; logname= uid=0 euid=0 tty=ssh ruser= rhost=59.63.188.30  user=root
Jan  4 02:19:03 LabSZ sshd[13488]: Failed password for root from 59.63.188.30 port 54751 ssh2
Jan  4 02:19:04 LabSZ sshd[13490]: Failed password for root from 59.63.188.30 port 55798 ssh2
Jan  4 02:19:05 LabSZ sshd[13485]: message repeated 5 times: [ Failed password for root from 218.87.109.156 port 41612 ssh2]
Jan  4 02:19:05 LabSZ sshd[13485]: Disconnecting: Too many authentication failures for root [preauth]
Jan  4 02:19:05 LabSZ sshd[13485]: PAM 5 more authentication failures; logname= uid=0 euid=0 tty=ssh ruser= rhost=218.87.109.156  user=root
Jan  4 02:19:05 LabSZ sshd[13485]: PAM service(sshd) ignoring max retries; 6 > 3
Jan  4 02:19:06 LabSZ sshd[13492]: pam_unix(sshd:auth): authentication failure; logname= uid=0 euid=0 tty=ssh ruser= rhost=218.87.109.156  user=root
Jan  4 02:19:08 LabSZ sshd[13492]: Failed password for root from 218.87.109.156 port 14492 ssh2
Jan  4 02:19:15 LabSZ sshd[13488]: message repeated 5 times: [ Failed password for root from 59.63.188.30 port 54751 ssh2]
Jan  4 02:19:15 LabSZ sshd[13488]: Disconnecting: Too many authentication failures for root [preauth]
Jan  4 02:19:15 LabSZ sshd[13488]: PAM 5 more authentication failures; logname= uid=0 euid=0 tty=ssh ruser= rhost=59.63.188.30  user=root
Jan  4 02:19:15 LabSZ sshd[13488]: PAM service(sshd) ignoring max retries; 6 > 3
Jan  4 02:19:16 LabSZ sshd[13490]: message repeated 5 times: [ Failed password for root from 59.63.188.30 port 55798 ssh2]
Jan  4 02:19:16 LabSZ sshd[13490]: Disconnecting: Too many authentication failures for root [preauth]
Jan  4 02:19:16 LabSZ sshd[13490]: PAM 5 more authentication failures; logname= uid=0 euid=0 tty=ssh ruser= rhost=59.63.188.30  user=root
Jan  4 02:19:16 LabSZ sshd[13490]: PAM service(sshd) ignoring max retries; 6 > 3
Jan  4 02:19:17 LabSZ sshd[13494]: pam_unix(sshd:auth): authentication failure; logname= uid=0 euid=0 tty=ssh ruser= rhost=59.63.188.30  user=root
Jan  4 02:19:17 LabSZ sshd[13496]: pam_unix(sshd:auth): authentication failure; logname= uid=0 euid=0 tty=ssh ruser= rhost=59.63.188.30  user=root
Jan  4 02:19:19 LabSZ sshd[13494]: Failed password for root from 59.63.188.30 port 10274 ssh2
Jan  4 02:19:20 LabSZ sshd[13496]: Failed password for root from 59.63.188.30 port 11043 ssh2
Jan  4 02:19:21 LabSZ sshd[13492]: message repeated 5 times: [ Failed password for root from 218.87.109.156 port 14492 ssh2]
Jan  4 02:19:21 LabSZ sshd[13492]: Disconnecting: Too many authentication failures for root [preauth]
Jan  4 02:19:21 LabSZ sshd[13492]: PAM 5 more authentication failures; logname= uid=0 euid=0 tty=ssh ruser= rhost=218.87.109.156  user=root
Jan  4 02:19:21 LabSZ sshd[13492]: PAM service(sshd) ignoring max retries; 6 > 3
Jan  4 02:19:24 LabSZ sshd[13498]: pam_unix(sshd:auth): authentication failure; logname= uid=0 euid=0 tty=ssh ruser= rhost=218.87.109.156  user=root
Jan  4 02:19:26 LabSZ sshd[13498]: Failed password for root from 218.87.109.156 port 53384 ssh2
Jan  4 02:19:31 LabSZ sshd[13494]: message repeated 5 times: [ Failed password for root from 59.63.188.30 port 10274 ssh2]
Jan  4 02:19:31 LabSZ sshd[13494]: Disconnecting: Too many authentication failures for root [preauth]
Jan  4 02:19:31 LabSZ sshd[13494]: PAM 5 more authentication failures; logname= uid=0 euid=0 tty=ssh ruser= rhost=59.63.188.30  user=root
Jan  4 02:19:31 LabSZ sshd[13494]: PAM service(sshd) ignoring max retries; 6 > 3
Jan  4 02:19:32 LabSZ sshd[13496]: message repeated 5 times: [ Failed password for root from 59.63.188.30 port 11043 ssh2]
Jan  4 02:19:32 LabSZ sshd[13496]: Disconnecting: Too many authentication failures for root [preauth]
Jan  4 02:19:32 LabSZ sshd[13496]: PAM 5 more authentication failures; logname= uid=0 euid=0 tty=ssh ruser= rhost=59.63.188.30  user=root
Jan  4 02:19:32 LabSZ sshd[13496]: PAM service(sshd) ignoring max retries; 6 > 3
Jan  4 02:19:32 LabSZ sshd[13500]: pam_unix(sshd:auth): authentication failure; logname= uid=0 euid=0 tty=ssh ruser= rhost=59.63.188.30  user=root
Jan  4 02:19:33 LabSZ sshd[13502]: pam_unix(sshd:auth): authentication failure; logname= uid=0 euid=0 tty=ssh ruser= rhost=59.63.188.30  user=root
Jan  4 02:19:34 LabSZ sshd[13500]: Failed password for root from 59.63.188.30 port 30542 ssh2
Jan  4 02:19:35 LabSZ sshd[13502]: Failed password for root from 59.63.188.30 port 31094 ssh2
Jan  4 02:19:39 LabSZ sshd[13504]: Invalid user admin from 171.37.175.225
Jan  4 02:19:39 LabSZ sshd[13504]: input_userauth_request: invalid user admin [preauth]
Jan  4 02:19:39 LabSZ sshd[13504]: pam_unix(sshd:auth): check pass; user unknown
Jan  4 02:19:39 LabSZ sshd[13504]: pam_unix(sshd:auth): authentication failure; logname= uid=0 euid=0 tty=ssh ruser= rhost=171.37.175.225 
Jan  4 02:19:39 LabSZ sshd[13498]: message repeated 5 times: [ Failed password for root from 218.87.109.156 port 53384 ssh2]
Jan  4 02:19:39 LabSZ sshd[13498]: Disconnecting: Too many authentication failures for root [preauth]
Jan  4 02:19:39 LabSZ sshd[13498]: PAM 5 more authentication failures; logname= uid=0 euid=0 tty=ssh ruser= rhost=218.87.109.156  user=root
Jan  4 02:19:39 LabSZ sshd[13498]: PAM service(sshd) ignoring max retries; 6 > 3
Jan  4 02:19:40 LabSZ sshd[13506]: pam_unix(sshd:auth): authentication failure; logname= uid=0 euid=0 tty=ssh ruser= rhost=218.87.109.156  user=root
Jan  4 02:19:40 LabSZ sshd[13504]: Failed password for invalid user admin from 171.37.175.225 port 33726 ssh2
Jan  4 02:19:40 LabSZ sshd[13504]: pam_unix(sshd:auth): check pass; user unknown
