Jan  3 12:10:31 LabSZ sshd[31745]: pam_unix(sshd:auth): authentication failure; logname= uid=0 euid=0 tty=ssh ruser= rhost=119.7.221.129  user=root
Jan  3 12:10:33 LabSZ sshd[31745]: Failed password for root from 119.7.221.129 port 56820 ssh2
Jan  3 12:10:33 LabSZ sshd[31745]: Received disconnect from 119.7.221.129: 11: Bye Bye [preauth]
Jan  3 12:10:34 LabSZ sshd[31747]: pam_unix(sshd:auth): authentication failure; logname= uid=0 euid=0 tty=ssh ruser= rhost=119.7.221.129  user=root
Jan  3 12:10:35 LabSZ sshd[31747]: Failed password for root from 119.7.221.129 port 58971 ssh2
Jan  3 12:10:35 LabSZ sshd[31747]: Received disconnect from 119.7.221.129: 11: Bye Bye [preauth]
Jan  3 12:10:36 LabSZ sshd[31749]: pam_unix(sshd:auth): authentication failure; logname= uid=0 euid=0 tty=ssh ruser= rhost=119.7.221.129  user=root
Jan  3 12:10:38 LabSZ sshd[31749]: Failed password for root from 119.7.221.129 port 60671 ssh2
Jan  3 12:10:38 LabSZ sshd[31749]: Received disconnect from 119.7.221.129: 11: Bye Bye [preauth]
Jan  3 12:10:38 LabSZ sshd[31739]: reverse mapping checking getaddrinfo for . [183.192.189.131] failed - POSSIBLE BREAK-IN ATTEMPT!
Jan  3 12:10:38 LabSZ sshd[31739]: pam_unix(sshd:auth): authentication failure; logname= uid=0 euid=0 tty=ssh ruser= rhost=183.192.189.131  user=root
Jan  3 12:10:38 LabSZ sshd[31751]: Invalid user yuanxiao from 119.7.221.129
Jan  3 12:10:38 LabSZ sshd[31751]: input_userauth_request: invalid user yuanxiao [preauth]
Jan  3 12:10:38 LabSZ sshd[31751]: pam_unix(sshd:auth): check pass; user unknown
Jan  3 12:10:38 LabSZ sshd[31751]: pam_unix(sshd:auth): authentication failure; logname= uid=0 euid=0 tty=ssh ruser= rhost=119.7.221.129 
Jan  3 12:10:40 LabSZ sshd[31739]: Failed password for root from 183.192.189.131 port 22121 ssh2
Jan  3 12:10:40 LabSZ sshd[31739]: Connection closed by 183.192.189.131 [preauth]
Jan  3 12:10:40 LabSZ sshd[31751]: Failed password for invalid user yuanxiao from 119.7.221.129 port 34621 ssh2
Jan  3 12:10:40 LabSZ sshd[31751]: Received disconnect from 119.7.221.129: 11: Bye Bye [preauth]
Jan  3 12:10:40 LabSZ sshd[31753]: reverse mapping checking getaddrinfo for . [183.192.189.131] failed - POSSIBLE BREAK-IN ATTEMPT!
Jan  3 12:10:40 LabSZ sshd[31753]: pam_unix(sshd:auth): authentication failure; logname= uid=0 euid=0 tty=ssh ruser= rhost=183.192.189.131  user=root
Jan  3 12:10:40 LabSZ sshd[31755]: pam_unix(sshd:auth): authentication failure; logname= uid=0 euid=0 tty=ssh ruser= rhost=119.7.221.129  user=root
Jan  3 12:10:43 LabSZ sshd[31753]: Failed password for root from 183.192.189.131 port 22122 ssh2
Jan  3 12:10:43 LabSZ sshd[31753]: Connection closed by 183.192.189.131 [preauth]
Jan  3 12:10:43 LabSZ sshd[31757]: reverse mapping checking getaddrinfo for . [183.192.189.131] failed - POSSIBLE BREAK-IN ATTEMPT!
Jan  3 12:10:43 LabSZ sshd[31757]: pam_unix(sshd:auth): authentication failure; logname= uid=0 euid=0 tty=ssh ruser= rhost=183.192.189.131  user=root
Jan  3 12:10:43 LabSZ sshd[31755]: Failed password for root from 119.7.221.129 port 36396 ssh2
Jan  3 12:10:43 LabSZ sshd[31755]: Received disconnect from 119.7.221.129: 11: Bye Bye [preauth]
Jan  3 12:10:43 LabSZ sshd[31743]: message repeated 5 times: [ Failed password for root from 59.63.188.30 port 57290 ssh2]
Jan  3 12:10:43 LabSZ sshd[31743]: Disconnecting: Too many authentication failures for root [preauth]
Jan  3 12:10:43 LabSZ sshd[31743]: PAM 5 more authentication failures; logname= uid=0 euid=0 tty=ssh ruser= rhost=59.63.188.30  user=root
Jan  3 12:10:43 LabSZ sshd[31743]: PAM service(sshd) ignoring max retries; 6 > 3
Jan  3 12:10:45 LabSZ sshd[31757]: Failed password for root from 183.192.189.131 port 22123 ssh2
Jan  3 12:10:45 LabSZ sshd[31757]: Connection closed by 183.192.189.131 [preauth]
Jan  3 12:10:45 LabSZ sshd[31761]: pam_unix(sshd:auth): authentication failure; logname= uid=0 euid=0 tty=ssh ruser= rhost=59.63.188.30  user=root
Jan  3 12:10:45 LabSZ sshd[31763]: reverse mapping checking getaddrinfo for . [183.192.189.131] failed - POSSIBLE BREAK-IN ATTEMPT!
Jan  3 12:10:45 LabSZ sshd[31763]: pam_unix(sshd:auth): authentication failure; logname= uid=0 euid=0 tty=ssh ruser= rhost=183.192.189.131  user=root
Jan  3 12:10:46 LabSZ sshd[31759]: pam_unix(sshd:auth): authentication failure; logname= uid=0 euid=0 tty=ssh ruser= rhost=119.7.221.129  user=root
Jan  3 12:10:46 LabSZ sshd[31761]: Failed password for root from 59.63.188.30 port 11338 ssh2
Jan  3 12:10:46 LabSZ sshd[31763]: Failed password for root from 183.192.189.131 port 22124 ssh2
Jan  3 12:10:46 LabSZ sshd[31763]: Connection closed by 183.192.189.131 [preauth]
Jan  3 12:10:47 LabSZ sshd[31765]: reverse mapping checking getaddrinfo for . [183.192.189.131] failed - POSSIBLE BREAK-IN ATTEMPT!
Jan  3 12:10:47 LabSZ sshd[31765]: pam_unix(sshd:auth): authentication failure; logname= uid=0 euid=0 tty=ssh ruser= rhost=183.192.189.131  user=root
Jan  3 12:10:47 LabSZ sshd[31759]: Failed password for root from 119.7.221.129 port 38544 ssh2
Jan  3 12:10:48 LabSZ sshd[31759]: Received disconnect from 119.7.221.129: 11: Bye Bye [preauth]
Jan  3 12:10:48 LabSZ sshd[31767]: Invalid user yaohuixin from 119.7.221.129
Jan  3 12:10:48 LabSZ sshd[31767]: input_userauth_request: invalid user yaohuixin [preauth]
Jan  3 12:10:48 LabSZ sshd[31767]: pam_unix(sshd:auth): check pass; user unknown
Jan  3 12:10:48 LabSZ sshd[31767]: pam_unix(sshd:auth): authentication failure; logname= uid=0 euid=0 tty=ssh ruser= rhost=119.7.221.129 
Jan  3 12:10:49 LabSZ sshd[31765]: Failed password for root from 183.192.189.131 port 22125 ssh2
Jan  3 12:10:49 LabSZ sshd[31765]: Connection closed by 183.192.189.131 [preauth]
Jan  3 12:10:50 LabSZ sshd[31767]: Failed password for invalid user yaohuixin from 119.7.221.129 port 39987 ssh2
Jan  3 12:10:50 LabSZ sshd[31767]: Received disconnect from 119.7.221.129: 11: Bye Bye [preauth]
Jan  3 12:10:50 LabSZ sshd[31771]: Invalid user yangyb from 119.7.221.129
Jan  3 12:10:50 LabSZ sshd[31771]: input_userauth_request: invalid user yangyb [preauth]
Jan  3 12:10:50 LabSZ sshd[31771]: pam_unix(sshd:auth): check pass; user unknown
Jan  3 12:10:50 LabSZ sshd[31771]: pam_unix(sshd:auth): authentication failure; logname= uid=0 euid=0 tty=ssh ruser= rhost=119.7.221.129 
Jan  3 12:10:53 LabSZ sshd[31771]: Failed password for invalid user yangyb from 119.7.221.129 port 41554 ssh2
Jan  3 12:10:53 LabSZ sshd[31771]: Received disconnect from 119.7.221.129: 11: Bye Bye [preauth]
Jan  3 12:10:53 LabSZ sshd[31773]: pam_unix(sshd:auth): authentication failure; logname= uid=0 euid=0 tty=ssh ruser= rhost=119.7.221.129  user=root
Jan  3 12:10:55 LabSZ sshd[31773]: Failed password for root from 119.7.221.129 port 43801 ssh2
Jan  3 12:10:55 LabSZ sshd[31773]: Received disconnect from 119.7.221.129: 11: Bye Bye [preauth]
Jan  3 12:10:56 LabSZ sshd[31775]: Invalid user shency from 119.7.221.129
Jan  3 12:10:56 LabSZ sshd[31775]: input_userauth_request: invalid user shency [preauth]
Jan  3 12:10:56 LabSZ sshd[31775]: pam_unix(sshd:auth): check pass; user unknown
Jan  3 12:10:56 LabSZ sshd[31775]: pam_unix(sshd:auth): authentication failure; logname= uid=0 euid=0 tty=ssh ruser= rhost=119.7.221.129 
Jan  3 12:10:58 LabSZ sshd[31775]: Failed password for invalid user shency from 119.7.221.129 port 54262 ssh2
Jan  3 12:10:58 LabSZ sshd[31775]: Received disconnect from 119.7.221.129: 11: Bye Bye [preauth]
Jan  3 12:10:58 LabSZ sshd[31777]: pam_unix(sshd:auth): authentication failure; logname= uid=0 euid=0 tty=ssh ruser= rhost=119.7.221.129  user=root
Jan  3 12:10:59 LabSZ sshd[31761]: message repeated 5 times: [ Failed password for root from 59.63.188.30 port 11338 ssh2]
Jan  3 12:10:59 LabSZ sshd[31761]: Disconnecting: Too many authentication failures for root [preauth]
Jan  3 12:10:59 LabSZ sshd[31761]: PAM 5 more authentication failures; logname= uid=0 euid=0 tty=ssh ruser= rhost=59.63.188.30  user=root
Jan  3 12:10:59 LabSZ sshd[31761]: PAM service(sshd) ignoring max retries; 6 > 3
Jan  3 12:10:59 LabSZ sshd[31769]: reverse mapping checking getaddrinfo for . [183.192.189.131] failed - POSSIBLE BREAK-IN ATTEMPT!
Jan  3 12:10:59 LabSZ sshd[31769]: pam_unix(sshd:auth): authentication failure; logname= uid=0 euid=0 tty=ssh ruser= rhost=183.192.189.131  user=root
Jan  3 12:11:00 LabSZ sshd[31777]: Failed password for root from 119.7.221.129 port 56522 ssh2
Jan  3 12:11:00 LabSZ sshd[31777]: Received disconnect from 119.7.221.129: 11: Bye Bye [preauth]
Jan  3 12:11:00 LabSZ sshd[31779]: pam_unix(sshd:auth): authentication failure; logname= uid=0 euid=0 tty=ssh ruser= rhost=59.63.188.30  user=root
Jan  3 12:11:00 LabSZ sshd[31781]: Invalid user wuyh from 119.7.221.129
Jan  3 12:11:00 LabSZ sshd[31781]: input_userauth_request: invalid user wuyh [preauth]
Jan  3 12:11:00 LabSZ sshd[31781]: pam_unix(sshd:auth): check pass; user unknown
Jan  3 12:11:00 LabSZ sshd[31781]: pam_unix(sshd:auth): authentication failure; logname= uid=0 euid=0 tty=ssh ruser= rhost=119.7.221.129 
Jan  3 12:11:01 LabSZ sshd[31769]: Failed password for root from 183.192.189.131 port 22126 ssh2
Jan  3 12:11:01 LabSZ sshd[31769]: Connection closed by 183.192.189.131 [preauth]
Jan  3 12:11:01 LabSZ sshd[31783]: reverse mapping checking getaddrinfo for . [183.192.189.131] failed - POSSIBLE BREAK-IN ATTEMPT!
Jan  3 12:11:01 LabSZ sshd[31783]: pam_unix(sshd:auth): authentication failure; logname= uid=0 euid=0 tty=ssh ruser= rhost=183.192.189.131  user=root
Jan  3 12:11:02 LabSZ sshd[31779]: Failed password for root from 59.63.188.30 port 28973 ssh2
Jan  3 12:11:02 LabSZ sshd[31781]: Failed password for invalid user wuyh from 119.7.221.129 port 58222 ssh2
Jan  3 12:11:02 LabSZ sshd[31781]: Received disconnect from 119.7.221.129: 11: Bye Bye [preauth]
Jan  3 12:11:02 LabSZ sshd[31785]: pam_unix(sshd:auth): authentication failure; logname= uid=0 euid=0 tty=ssh ruser= rhost=119.7.221.129  user=root
Jan  3 12:11:03 LabSZ sshd[31783]: Failed password for root from 183.192.189.131 port 22127 ssh2
Jan  3 12:11:03 LabSZ sshd[31783]: Connection closed by 183.192.189.131 [preauth]
Jan  3 12:11:03 LabSZ sshd[31787]: reverse mapping checking getaddrinfo for . [183.192.189.131] failed - POSSIBLE BREAK-IN ATTEMPT!
Jan  3 12:11:03 LabSZ sshd[31787]: pam_unix(sshd:auth): authentication failure; logname= uid=0 euid=0 tty=ssh ruser= rhost=183.192.189.131  user=root
Jan  3 12:11:05 LabSZ sshd[31785]: Failed password for root from 119.7.221.129 port 60102 ssh2
Jan  3 12:11:05 LabSZ sshd[31785]: Received disconnect from 119.7.221.129: 11: Bye Bye [preauth]
Jan  3 12:11:05 LabSZ sshd[31787]: Failed password for root from 183.192.189.131 port 22128 ssh2
Jan  3 12:11:05 LabSZ sshd[31787]: Connection closed by 183.192.189.131 [preauth]
Jan  3 12:11:05 LabSZ sshd[31789]: Invalid user wangzy from 119.7.221.129
Jan  3 12:11:05 LabSZ sshd[31789]: input_userauth_request: invalid user wangzy [preauth]
