Jan  4 15:00:19 LabSZ sshd[1145]: Failed password for root from 59.63.188.30 port 58724 ssh2
Jan  4 15:00:20 LabSZ sshd[1147]: pam_unix(sshd:auth): authentication failure; logname= uid=0 euid=0 tty=ssh ruser= rhost=159.89.38.66  user=root
Jan  4 15:00:20 LabSZ sshd[1149]: pam_unix(sshd:auth): authentication failure; logname= uid=0 euid=0 tty=ssh ruser= rhost=59.63.188.30  user=root
Jan  4 15:00:22 LabSZ sshd[1147]: Failed password for root from 159.89.38.66 port 60798 ssh2
Jan  4 15:00:22 LabSZ sshd[1149]: Failed password for root from 59.63.188.30 port 61741 ssh2
Jan  4 15:00:22 LabSZ sshd[1147]: Received disconnect from 159.89.38.66: 11: Bye Bye [preauth]
Jan  4 15:00:24 LabSZ sshd[1151]: pam_unix(sshd:auth): authentication failure; logname= uid=0 euid=0 tty=ssh ruser= rhost=159.89.38.66  user=root
Jan  4 15:00:26 LabSZ sshd[1151]: Failed password for root from 159.89.38.66 port 43956 ssh2
Jan  4 15:00:26 LabSZ sshd[1151]: Received disconnect from 159.89.38.66: 11: Bye Bye [preauth]
Jan  4 15:00:29 LabSZ sshd[1156]: Invalid user telnet from 159.89.38.66
Jan  4 15:00:29 LabSZ sshd[1156]: input_userauth_request: invalid user telnet [preauth]
Jan  4 15:00:29 LabSZ sshd[1156]: pam_unix(sshd:auth): check pass; user unknown
Jan  4 15:00:29 LabSZ sshd[1156]: pam_unix(sshd:auth): authentication failure; logname= uid=0 euid=0 tty=ssh ruser= rhost=159.89.38.66 
Jan  4 15:00:31 LabSZ sshd[1156]: Failed password for invalid user telnet from 159.89.38.66 port 52176 ssh2
Jan  4 15:00:31 LabSZ sshd[1156]: Received disconnect from 159.89.38.66: 11: Bye Bye [preauth]
Jan  4 15:00:33 LabSZ sshd[1145]: message repeated 5 times: [ Failed password for root from 59.63.188.30 port 58724 ssh2]
Jan  4 15:00:33 LabSZ sshd[1145]: Disconnecting: Too many authentication failures for root [preauth]
Jan  4 15:00:33 LabSZ sshd[1145]: PAM 5 more authentication failures; logname= uid=0 euid=0 tty=ssh ruser= rhost=59.63.188.30  user=root
Jan  4 15:00:33 LabSZ sshd[1145]: PAM service(sshd) ignoring max retries; 6 > 3
Jan  4 15:00:33 LabSZ sshd[1158]: Invalid user guest from 159.89.38.66
Jan  4 15:00:33 LabSZ sshd[1158]: input_userauth_request: invalid user guest [preauth]
Jan  4 15:00:33 LabSZ sshd[1158]: pam_unix(sshd:auth): check pass; user unknown
Jan  4 15:00:33 LabSZ sshd[1158]: pam_unix(sshd:auth): authentication failure; logname= uid=0 euid=0 tty=ssh ruser= rhost=159.89.38.66 
Jan  4 15:00:34 LabSZ sshd[1161]: pam_unix(sshd:auth): authentication failure; logname= uid=0 euid=0 tty=ssh ruser= rhost=59.63.188.30  user=root
Jan  4 15:00:35 LabSZ sshd[1149]: message repeated 5 times: [ Failed password for root from 59.63.188.30 port 61741 ssh2]
Jan  4 15:00:35 LabSZ sshd[1149]: Disconnecting: Too many authentication failures for root [preauth]
Jan  4 15:00:35 LabSZ sshd[1149]: PAM 5 more authentication failures; logname= uid=0 euid=0 tty=ssh ruser= rhost=59.63.188.30  user=root
Jan  4 15:00:35 LabSZ sshd[1149]: PAM service(sshd) ignoring max retries; 6 > 3
Jan  4 15:00:35 LabSZ sshd[1158]: Failed password for invalid user guest from 159.89.38.66 port 34350 ssh2
Jan  4 15:00:35 LabSZ sshd[1158]: Received disconnect from 159.89.38.66: 11: Bye Bye [preauth]
Jan  4 15:00:36 LabSZ sshd[1161]: Failed password for root from 59.63.188.30 port 14676 ssh2
Jan  4 15:00:36 LabSZ sshd[1164]: pam_unix(sshd:auth): authentication failure; logname= uid=0 euid=0 tty=ssh ruser= rhost=59.63.188.30  user=root
Jan  4 15:00:37 LabSZ sshd[1164]: Failed password for root from 59.63.188.30 port 17017 ssh2
Jan  4 15:00:37 LabSZ sshd[1163]: Invalid user service from 159.89.38.66
Jan  4 15:00:37 LabSZ sshd[1163]: input_userauth_request: invalid user service [preauth]
Jan  4 15:00:37 LabSZ sshd[1163]: pam_unix(sshd:auth): check pass; user unknown
Jan  4 15:00:37 LabSZ sshd[1163]: pam_unix(sshd:auth): authentication failure; logname= uid=0 euid=0 tty=ssh ruser= rhost=159.89.38.66 
Jan  4 15:00:39 LabSZ sshd[1163]: Failed password for invalid user service from 159.89.38.66 port 42150 ssh2
Jan  4 15:00:39 LabSZ sshd[1163]: Received disconnect from 159.89.38.66: 11: Bye Bye [preauth]
Jan  4 15:00:41 LabSZ sshd[1167]: pam_unix(sshd:auth): authentication failure; logname= uid=0 euid=0 tty=ssh ruser= rhost=159.89.38.66  user=root
Jan  4 15:00:44 LabSZ sshd[1167]: Failed password for root from 159.89.38.66 port 50766 ssh2
Jan  4 15:00:44 LabSZ sshd[1167]: Received disconnect from 159.89.38.66: 11: Bye Bye [preauth]
Jan  4 15:00:47 LabSZ sshd[1161]: message repeated 5 times: [ Failed password for root from 59.63.188.30 port 14676 ssh2]
Jan  4 15:00:47 LabSZ sshd[1161]: Disconnecting: Too many authentication failures for root [preauth]
Jan  4 15:00:47 LabSZ sshd[1161]: PAM 5 more authentication failures; logname= uid=0 euid=0 tty=ssh ruser= rhost=59.63.188.30  user=root
Jan  4 15:00:47 LabSZ sshd[1161]: PAM service(sshd) ignoring max retries; 6 > 3
Jan  4 15:00:48 LabSZ sshd[1169]: pam_unix(sshd:auth): authentication failure; logname= uid=0 euid=0 tty=ssh ruser= rhost=59.63.188.30  user=root
Jan  4 15:00:49 LabSZ sshd[1164]: message repeated 5 times: [ Failed password for root from 59.63.188.30 port 17017 ssh2]
Jan  4 15:00:49 LabSZ sshd[1164]: Disconnecting: Too many authentication failures for root [preauth]
Jan  4 15:00:49 LabSZ sshd[1164]: PAM 5 more authentication failures; logname= uid=0 euid=0 tty=ssh ruser= rhost=59.63.188.30  user=root
Jan  4 15:00:49 LabSZ sshd[1164]: PAM service(sshd) ignoring max retries; 6 > 3
Jan  4 15:00:49 LabSZ sshd[1169]: Failed password for root from 59.63.188.30 port 32103 ssh2
Jan  4 15:00:50 LabSZ sshd[1171]: pam_unix(sshd:auth): authentication failure; logname= uid=0 euid=0 tty=ssh ruser= rhost=59.63.188.30  user=root
Jan  4 15:00:51 LabSZ sshd[1171]: Failed password for root from 59.63.188.30 port 34379 ssh2
Jan  4 15:01:01 LabSZ sshd[1169]: message repeated 5 times: [ Failed password for root from 59.63.188.30 port 32103 ssh2]
Jan  4 15:01:01 LabSZ sshd[1169]: Disconnecting: Too many authentication failures for root [preauth]
Jan  4 15:01:01 LabSZ sshd[1169]: PAM 5 more authentication failures; logname= uid=0 euid=0 tty=ssh ruser= rhost=59.63.188.30  user=root
Jan  4 15:01:01 LabSZ sshd[1169]: PAM service(sshd) ignoring max retries; 6 > 3
Jan  4 15:01:02 LabSZ sshd[1173]: pam_unix(sshd:auth): authentication failure; logname= uid=0 euid=0 tty=ssh ruser= rhost=59.63.188.30  user=root
Jan  4 15:01:03 LabSZ sshd[1171]: message repeated 5 times: [ Failed password for root from 59.63.188.30 port 34379 ssh2]
Jan  4 15:01:03 LabSZ sshd[1171]: Disconnecting: Too many authentication failures for root [preauth]
Jan  4 15:01:03 LabSZ sshd[1171]: PAM 5 more authentication failures; logname= uid=0 euid=0 tty=ssh ruser= rhost=59.63.188.30  user=root
Jan  4 15:01:03 LabSZ sshd[1171]: PAM service(sshd) ignoring max retries; 6 > 3
Jan  4 15:01:04 LabSZ sshd[1173]: Failed password for root from 59.63.188.30 port 49809 ssh2
Jan  4 15:01:04 LabSZ sshd[1175]: pam_unix(sshd:auth): authentication failure; logname= uid=0 euid=0 tty=ssh ruser= rhost=59.63.188.30  user=root
Jan  4 15:01:07 LabSZ sshd[1175]: Failed password for root from 59.63.188.30 port 52305 ssh2
Jan  4 15:01:17 LabSZ sshd[1173]: message repeated 5 times: [ Failed password for root from 59.63.188.30 port 49809 ssh2]
Jan  4 15:01:17 LabSZ sshd[1173]: Disconnecting: Too many authentication failures for root [preauth]
Jan  4 15:01:17 LabSZ sshd[1173]: PAM 5 more authentication failures; logname= uid=0 euid=0 tty=ssh ruser= rhost=59.63.188.30  user=root
Jan  4 15:01:17 LabSZ sshd[1173]: PAM service(sshd) ignoring max retries; 6 > 3
Jan  4 15:01:19 LabSZ sshd[1175]: message repeated 5 times: [ Failed password for root from 59.63.188.30 port 52305 ssh2]
Jan  4 15:01:19 LabSZ sshd[1175]: Disconnecting: Too many authentication failures for root [preauth]
Jan  4 15:01:19 LabSZ sshd[1175]: PAM 5 more authentication failures; logname= uid=0 euid=0 tty=ssh ruser= rhost=59.63.188.30  user=root
Jan  4 15:01:19 LabSZ sshd[1175]: PAM service(sshd) ignoring max retries; 6 > 3
Jan  4 15:01:19 LabSZ sshd[1177]: pam_unix(sshd:auth): authentication failure; logname= uid=0 euid=0 tty=ssh ruser= rhost=59.63.188.30  user=root
Jan  4 15:01:20 LabSZ sshd[1179]: pam_unix(sshd:auth): authentication failure; logname= uid=0 euid=0 tty=ssh ruser= rhost=59.63.188.30  user=root
Jan  4 15:01:21 LabSZ sshd[1177]: Failed password for root from 59.63.188.30 port 5188 ssh2
Jan  4 15:01:22 LabSZ sshd[1179]: Failed password for root from 59.63.188.30 port 7168 ssh2
Jan  4 15:01:33 LabSZ sshd[1177]: message repeated 5 times: [ Failed password for root from 59.63.188.30 port 5188 ssh2]
Jan  4 15:01:33 LabSZ sshd[1177]: Disconnecting: Too many authentication failures for root [preauth]
Jan  4 15:01:33 LabSZ sshd[1177]: PAM 5 more authentication failures; logname= uid=0 euid=0 tty=ssh ruser= rhost=59.63.188.30  user=root
Jan  4 15:01:33 LabSZ sshd[1177]: PAM service(sshd) ignoring max retries; 6 > 3
Jan  4 15:01:33 LabSZ sshd[1179]: message repeated 5 times: [ Failed password for root from 59.63.188.30 port 7168 ssh2]
Jan  4 15:01:33 LabSZ sshd[1179]: Disconnecting: Too many authentication failures for root [preauth]
Jan  4 15:01:33 LabSZ sshd[1179]: PAM 5 more authentication failures; logname= uid=0 euid=0 tty=ssh ruser= rhost=59.63.188.30  user=root
Jan  4 15:01:33 LabSZ sshd[1179]: PAM service(sshd) ignoring max retries; 6 > 3
Jan  4 15:01:34 LabSZ sshd[1181]: pam_unix(sshd:auth): authentication failure; logname= uid=0 euid=0 tty=ssh ruser= rhost=59.63.188.30  user=root
Jan  4 15:01:35 LabSZ sshd[1183]: pam_unix(sshd:auth): authentication failure; logname= uid=0 euid=0 tty=ssh ruser= rhost=59.63.188.30  user=root
Jan  4 15:01:36 LabSZ sshd[1181]: Failed password for root from 59.63.188.30 port 24980 ssh2
Jan  4 15:01:37 LabSZ sshd[1183]: Failed password for root from 59.63.188.30 port 25456 ssh2
Jan  4 15:01:48 LabSZ sshd[1181]: message repeated 5 times: [ Failed password for root from 59.63.188.30 port 24980 ssh2]
Jan  4 15:01:48 LabSZ sshd[1181]: Disconnecting: Too many authentication failures for root [preauth]
Jan  4 15:01:48 LabSZ sshd[1181]: PAM 5 more authentication failures; logname= uid=0 euid=0 tty=ssh ruser= rhost=59.63.188.30  user=root
Jan  4 15:01:48 LabSZ sshd[1181]: PAM service(sshd) ignoring max retries; 6 > 3
Jan  4 15:01:49 LabSZ sshd[1185]: pam_unix(sshd:auth): authentication failure; logname= uid=0 euid=0 tty=ssh ruser= rhost=59.63.188.30  user=root
Jan  4 15:01:49 LabSZ sshd[1183]: message repeated 5 times: [ Failed password for root from 59.63.188.30 port 25456 ssh2]
Jan  4 15:01:49 LabSZ sshd[1183]: Disconnecting: Too many authentication failures for root [preauth]
Jan  4 15:01:49 LabSZ sshd[1183]: PAM 5 more authentication failures; logname= uid=0 euid=0 tty=ssh ruser= rhost=59.63.188.30  user=root
Jan  4 15:01:49 LabSZ sshd[1183]: PAM service(sshd) ignoring max retries; 6 > 3
Jan  4 15:01:50 LabSZ sshd[1185]: Failed password for root from 59.63.188.30 port 43247 ssh2
