Jan  4 10:47:18 LabSZ sshd[28156]: Failed password for root from 118.96.253.193 port 35517 ssh2
Jan  4 10:47:18 LabSZ sshd[28156]: Received disconnect from 118.96.253.193: 11: Bye Bye [preauth]
Jan  4 10:47:20 LabSZ sshd[28154]: Failed password for root from 59.63.188.30 port 31013 ssh2
Jan  4 10:47:21 LabSZ sshd[28158]: pam_unix(sshd:auth): authentication failure; logname= uid=0 euid=0 tty=ssh ruser= rhost=118.96.253.193  user=root
Jan  4 10:47:23 LabSZ sshd[28144]: message repeated 5 times: [ Failed password for root from 218.87.109.156 port 45892 ssh2]
Jan  4 10:47:23 LabSZ sshd[28144]: Disconnecting: Too many authentication failures for root [preauth]
Jan  4 10:47:23 LabSZ sshd[28144]: PAM 5 more authentication failures; logname= uid=0 euid=0 tty=ssh ruser= rhost=218.87.109.156  user=root
Jan  4 10:47:23 LabSZ sshd[28144]: PAM service(sshd) ignoring max retries; 6 > 3
Jan  4 10:47:23 LabSZ sshd[28158]: Failed password for root from 118.96.253.193 port 35625 ssh2
Jan  4 10:47:23 LabSZ sshd[28158]: Received disconnect from 118.96.253.193: 11: Bye Bye [preauth]
Jan  4 10:47:25 LabSZ sshd[28160]: Invalid user pi from 118.96.253.193
Jan  4 10:47:25 LabSZ sshd[28160]: input_userauth_request: invalid user pi [preauth]
Jan  4 10:47:25 LabSZ sshd[28152]: message repeated 5 times: [ Failed password for root from 182.100.67.52 port 62792 ssh2]
Jan  4 10:47:25 LabSZ sshd[28152]: Disconnecting: Too many authentication failures for root [preauth]
Jan  4 10:47:25 LabSZ sshd[28152]: PAM 5 more authentication failures; logname= uid=0 euid=0 tty=ssh ruser= rhost=182.100.67.52  user=root
Jan  4 10:47:25 LabSZ sshd[28152]: PAM service(sshd) ignoring max retries; 6 > 3
Jan  4 10:47:25 LabSZ sshd[28160]: pam_unix(sshd:auth): check pass; user unknown
Jan  4 10:47:25 LabSZ sshd[28160]: pam_unix(sshd:auth): authentication failure; logname= uid=0 euid=0 tty=ssh ruser= rhost=118.96.253.193 
Jan  4 10:47:27 LabSZ sshd[28160]: Failed password for invalid user pi from 118.96.253.193 port 35778 ssh2
Jan  4 10:47:27 LabSZ sshd[28160]: Received disconnect from 118.96.253.193: 11: Bye Bye [preauth]
Jan  4 10:47:28 LabSZ sshd[28164]: pam_unix(sshd:auth): authentication failure; logname= uid=0 euid=0 tty=ssh ruser= rhost=182.100.67.52  user=root
Jan  4 10:47:29 LabSZ sshd[28166]: Invalid user pi from 118.96.253.193
Jan  4 10:47:29 LabSZ sshd[28166]: input_userauth_request: invalid user pi [preauth]
Jan  4 10:47:29 LabSZ sshd[28166]: pam_unix(sshd:auth): check pass; user unknown
Jan  4 10:47:29 LabSZ sshd[28166]: pam_unix(sshd:auth): authentication failure; logname= uid=0 euid=0 tty=ssh ruser= rhost=118.96.253.193 
Jan  4 10:47:30 LabSZ sshd[28164]: Failed password for root from 182.100.67.52 port 31506 ssh2
Jan  4 10:47:31 LabSZ sshd[28166]: Failed password for invalid user pi from 118.96.253.193 port 35894 ssh2
Jan  4 10:47:31 LabSZ sshd[28166]: Received disconnect from 118.96.253.193: 11: Bye Bye [preauth]
Jan  4 10:47:32 LabSZ sshd[28162]: pam_unix(sshd:auth): authentication failure; logname= uid=0 euid=0 tty=ssh ruser= rhost=218.87.109.156  user=root
Jan  4 10:47:32 LabSZ sshd[28154]: message repeated 5 times: [ Failed password for root from 59.63.188.30 port 31013 ssh2]
Jan  4 10:47:32 LabSZ sshd[28154]: Disconnecting: Too many authentication failures for root [preauth]
Jan  4 10:47:32 LabSZ sshd[28154]: PAM 5 more authentication failures; logname= uid=0 euid=0 tty=ssh ruser= rhost=59.63.188.30  user=root
Jan  4 10:47:32 LabSZ sshd[28154]: PAM service(sshd) ignoring max retries; 6 > 3
Jan  4 10:47:33 LabSZ sshd[28168]: Invalid user xbmc from 118.96.253.193
Jan  4 10:47:33 LabSZ sshd[28168]: input_userauth_request: invalid user xbmc [preauth]
Jan  4 10:47:33 LabSZ sshd[28168]: pam_unix(sshd:auth): check pass; user unknown
Jan  4 10:47:33 LabSZ sshd[28168]: pam_unix(sshd:auth): authentication failure; logname= uid=0 euid=0 tty=ssh ruser= rhost=118.96.253.193 
Jan  4 10:47:34 LabSZ sshd[28162]: Failed password for root from 218.87.109.156 port 29440 ssh2
Jan  4 10:47:34 LabSZ sshd[28170]: pam_unix(sshd:auth): authentication failure; logname= uid=0 euid=0 tty=ssh ruser= rhost=59.63.188.30  user=root
Jan  4 10:47:35 LabSZ sshd[28168]: Failed password for invalid user xbmc from 118.96.253.193 port 36017 ssh2
Jan  4 10:47:35 LabSZ sshd[28168]: Received disconnect from 118.96.253.193: 11: Bye Bye [preauth]
Jan  4 10:47:36 LabSZ sshd[28170]: Failed password for root from 59.63.188.30 port 49329 ssh2
Jan  4 10:47:37 LabSZ sshd[28172]: Invalid user volumio from 118.96.253.193
Jan  4 10:47:37 LabSZ sshd[28172]: input_userauth_request: invalid user volumio [preauth]
Jan  4 10:47:37 LabSZ sshd[28172]: pam_unix(sshd:auth): check pass; user unknown
Jan  4 10:47:37 LabSZ sshd[28172]: pam_unix(sshd:auth): authentication failure; logname= uid=0 euid=0 tty=ssh ruser= rhost=118.96.253.193 
Jan  4 10:47:39 LabSZ sshd[28172]: Failed password for invalid user volumio from 118.96.253.193 port 36146 ssh2
Jan  4 10:47:39 LabSZ sshd[28172]: Received disconnect from 118.96.253.193: 11: Bye Bye [preauth]
Jan  4 10:47:41 LabSZ sshd[28174]: Invalid user oracle from 118.96.253.193
Jan  4 10:47:41 LabSZ sshd[28174]: input_userauth_request: invalid user oracle [preauth]
Jan  4 10:47:41 LabSZ sshd[28174]: pam_unix(sshd:auth): check pass; user unknown
Jan  4 10:47:41 LabSZ sshd[28174]: pam_unix(sshd:auth): authentication failure; logname= uid=0 euid=0 tty=ssh ruser= rhost=118.96.253.193 
Jan  4 10:47:42 LabSZ sshd[28164]: message repeated 5 times: [ Failed password for root from 182.100.67.52 port 31506 ssh2]
Jan  4 10:47:42 LabSZ sshd[28164]: Disconnecting: Too many authentication failures for root [preauth]
Jan  4 10:47:42 LabSZ sshd[28164]: PAM 5 more authentication failures; logname= uid=0 euid=0 tty=ssh ruser= rhost=182.100.67.52  user=root
Jan  4 10:47:42 LabSZ sshd[28164]: PAM service(sshd) ignoring max retries; 6 > 3
Jan  4 10:47:43 LabSZ sshd[28174]: Failed password for invalid user oracle from 118.96.253.193 port 36244 ssh2
Jan  4 10:47:43 LabSZ sshd[28174]: Received disconnect from 118.96.253.193: 11: Bye Bye [preauth]
Jan  4 10:47:43 LabSZ sshd[28176]: pam_unix(sshd:auth): authentication failure; logname= uid=0 euid=0 tty=ssh ruser= rhost=182.100.67.52  user=root
Jan  4 10:47:45 LabSZ sshd[28178]: Invalid user nagios from 118.96.253.193
Jan  4 10:47:45 LabSZ sshd[28178]: input_userauth_request: invalid user nagios [preauth]
Jan  4 10:47:45 LabSZ sshd[28178]: pam_unix(sshd:auth): check pass; user unknown
Jan  4 10:47:45 LabSZ sshd[28178]: pam_unix(sshd:auth): authentication failure; logname= uid=0 euid=0 tty=ssh ruser= rhost=118.96.253.193 
Jan  4 10:47:45 LabSZ sshd[28176]: Failed password for root from 182.100.67.52 port 4082 ssh2
Jan  4 10:47:48 LabSZ sshd[28178]: Failed password for invalid user nagios from 118.96.253.193 port 36371 ssh2
Jan  4 10:47:48 LabSZ sshd[28178]: Received disconnect from 118.96.253.193: 11: Bye Bye [preauth]
Jan  4 10:47:50 LabSZ sshd[28180]: Invalid user vagrant from 118.96.253.193
Jan  4 10:47:50 LabSZ sshd[28180]: input_userauth_request: invalid user vagrant [preauth]
Jan  4 10:47:50 LabSZ sshd[28180]: pam_unix(sshd:auth): check pass; user unknown
Jan  4 10:47:50 LabSZ sshd[28180]: pam_unix(sshd:auth): authentication failure; logname= uid=0 euid=0 tty=ssh ruser= rhost=118.96.253.193 
Jan  4 10:47:50 LabSZ sshd[28162]: message repeated 5 times: [ Failed password for root from 218.87.109.156 port 29440 ssh2]
Jan  4 10:47:50 LabSZ sshd[28162]: Disconnecting: Too many authentication failures for root [preauth]
Jan  4 10:47:50 LabSZ sshd[28162]: PAM 5 more authentication failures; logname= uid=0 euid=0 tty=ssh ruser= rhost=218.87.109.156  user=root
Jan  4 10:47:50 LabSZ sshd[28162]: PAM service(sshd) ignoring max retries; 6 > 3
Jan  4 10:47:52 LabSZ sshd[28180]: Failed password for invalid user vagrant from 118.96.253.193 port 36504 ssh2
Jan  4 10:47:52 LabSZ sshd[28180]: Received disconnect from 118.96.253.193: 11: Bye Bye [preauth]
Jan  4 10:47:53 LabSZ sshd[28170]: message repeated 5 times: [ Failed password for root from 59.63.188.30 port 49329 ssh2]
Jan  4 10:47:53 LabSZ sshd[28170]: Disconnecting: Too many authentication failures for root [preauth]
Jan  4 10:47:53 LabSZ sshd[28170]: PAM 5 more authentication failures; logname= uid=0 euid=0 tty=ssh ruser= rhost=59.63.188.30  user=root
Jan  4 10:47:53 LabSZ sshd[28170]: PAM service(sshd) ignoring max retries; 6 > 3
Jan  4 10:47:54 LabSZ sshd[28186]: pam_unix(sshd:auth): authentication failure; logname= uid=0 euid=0 tty=ssh ruser= rhost=59.63.188.30  user=root
Jan  4 10:47:54 LabSZ sshd[28184]: Invalid user support from 118.96.253.193
Jan  4 10:47:54 LabSZ sshd[28184]: input_userauth_request: invalid user support [preauth]
Jan  4 10:47:54 LabSZ sshd[28184]: pam_unix(sshd:auth): check pass; user unknown
Jan  4 10:47:54 LabSZ sshd[28184]: pam_unix(sshd:auth): authentication failure; logname= uid=0 euid=0 tty=ssh ruser= rhost=118.96.253.193 
Jan  4 10:47:56 LabSZ sshd[28186]: Failed password for root from 59.63.188.30 port 7048 ssh2
Jan  4 10:47:56 LabSZ sshd[28184]: Failed password for invalid user support from 118.96.253.193 port 36642 ssh2
Jan  4 10:47:56 LabSZ sshd[28184]: Received disconnect from 118.96.253.193: 11: Bye Bye [preauth]
Jan  4 10:47:57 LabSZ sshd[28182]: pam_unix(sshd:auth): authentication failure; logname= uid=0 euid=0 tty=ssh ruser= rhost=218.87.109.156  user=root
Jan  4 10:47:58 LabSZ sshd[28176]: message repeated 5 times: [ Failed password for root from 182.100.67.52 port 4082 ssh2]
Jan  4 10:47:58 LabSZ sshd[28176]: Disconnecting: Too many authentication failures for root [preauth]
Jan  4 10:47:58 LabSZ sshd[28176]: PAM 5 more authentication failures; logname= uid=0 euid=0 tty=ssh ruser= rhost=182.100.67.52  user=root
Jan  4 10:47:58 LabSZ sshd[28176]: PAM service(sshd) ignoring max retries; 6 > 3
Jan  4 10:47:58 LabSZ sshd[28188]: Invalid user debian from 118.96.253.193
Jan  4 10:47:58 LabSZ sshd[28188]: input_userauth_request: invalid user debian [preauth]
Jan  4 10:47:58 LabSZ sshd[28188]: pam_unix(sshd:auth): check pass; user unknown
Jan  4 10:47:58 LabSZ sshd[28188]: pam_unix(sshd:auth): authentication failure; logname= uid=0 euid=0 tty=ssh ruser= rhost=118.96.253.193 
Jan  4 10:47:59 LabSZ sshd[28182]: Failed password for root from 218.87.109.156 port 25016 ssh2
Jan  4 10:48:00 LabSZ sshd[28190]: pam_unix(sshd:auth): authentication failure; logname= uid=0 euid=0 tty=ssh ruser= rhost=182.100.67.52  user=root
Jan  4 10:48:01 LabSZ sshd[28188]: Failed password for invalid user debian from 118.96.253.193 port 36763 ssh2
