Jan  2 06:06:08 LabSZ sshd[26157]: pam_unix(sshd:auth): check pass; user unknown
Jan  2 06:06:08 LabSZ sshd[26161]: reverse mapping checking getaddrinfo for 30.30.65.218.broad.xy.jx.dynamic.163data.com.cn [218.65.30.30] failed - POSSIBLE BREAK-IN ATTEMPT!
Jan  2 06:06:08 LabSZ sshd[26161]: pam_unix(sshd:auth): authentication failure; logname= uid=0 euid=0 tty=ssh ruser= rhost=218.65.30.30  user=root
Jan  2 06:06:09 LabSZ sshd[26157]: Failed password for invalid user admin from 119.1.109.20 port 1878 ssh2
Jan  2 06:06:09 LabSZ sshd[26157]: pam_unix(sshd:auth): check pass; user unknown
Jan  2 06:06:10 LabSZ sshd[26161]: Failed password for root from 218.65.30.30 port 14676 ssh2
Jan  2 06:06:11 LabSZ sshd[26155]: message repeated 5 times: [ Failed password for root from 58.242.83.25 port 22826 ssh2]
Jan  2 06:06:11 LabSZ sshd[26155]: Disconnecting: Too many authentication failures for root [preauth]
Jan  2 06:06:11 LabSZ sshd[26155]: PAM 5 more authentication failures; logname= uid=0 euid=0 tty=ssh ruser= rhost=58.242.83.25  user=root
Jan  2 06:06:11 LabSZ sshd[26155]: PAM service(sshd) ignoring max retries; 6 > 3
Jan  2 06:06:11 LabSZ sshd[26157]: Failed password for invalid user admin from 119.1.109.20 port 1878 ssh2
Jan  2 06:06:11 LabSZ sshd[26157]: pam_unix(sshd:auth): check pass; user unknown
Jan  2 06:06:12 LabSZ sshd[26163]: pam_unix(sshd:auth): authentication failure; logname= uid=0 euid=0 tty=ssh ruser= rhost=58.242.83.25  user=root
Jan  2 06:06:13 LabSZ sshd[26157]: Failed password for invalid user admin from 119.1.109.20 port 1878 ssh2
Jan  2 06:06:13 LabSZ sshd[26157]: fatal: Read from socket failed: Connection reset by peer [preauth]
Jan  2 06:06:13 LabSZ sshd[26157]: PAM 4 more authentication failures; logname= uid=0 euid=0 tty=ssh ruser= rhost=119.1.109.20 
Jan  2 06:06:13 LabSZ sshd[26157]: PAM service(sshd) ignoring max retries; 5 > 3
Jan  2 06:06:13 LabSZ sshd[26165]: Invalid user admin from 119.1.109.20
Jan  2 06:06:13 LabSZ sshd[26165]: input_userauth_request: invalid user admin [preauth]
Jan  2 06:06:13 LabSZ sshd[26165]: pam_unix(sshd:auth): check pass; user unknown
Jan  2 06:06:13 LabSZ sshd[26165]: pam_unix(sshd:auth): authentication failure; logname= uid=0 euid=0 tty=ssh ruser= rhost=119.1.109.20 
Jan  2 06:06:15 LabSZ sshd[26163]: Failed password for root from 58.242.83.25 port 43900 ssh2
Jan  2 06:06:15 LabSZ sshd[26165]: Failed password for invalid user admin from 119.1.109.20 port 2715 ssh2
Jan  2 06:06:15 LabSZ sshd[26165]: pam_unix(sshd:auth): check pass; user unknown
Jan  2 06:06:17 LabSZ sshd[26165]: Failed password for invalid user admin from 119.1.109.20 port 2715 ssh2
Jan  2 06:06:17 LabSZ sshd[26165]: pam_unix(sshd:auth): check pass; user unknown
Jan  2 06:06:19 LabSZ sshd[26165]: Failed password for invalid user admin from 119.1.109.20 port 2715 ssh2
Jan  2 06:06:19 LabSZ sshd[26165]: pam_unix(sshd:auth): check pass; user unknown
Jan  2 06:06:19 LabSZ sshd[26159]: message repeated 5 times: [ Failed password for root from 182.100.67.120 port 31384 ssh2]
Jan  2 06:06:19 LabSZ sshd[26159]: Disconnecting: Too many authentication failures for root [preauth]
Jan  2 06:06:19 LabSZ sshd[26159]: PAM 5 more authentication failures; logname= uid=0 euid=0 tty=ssh ruser= rhost=182.100.67.120  user=root
Jan  2 06:06:19 LabSZ sshd[26159]: PAM service(sshd) ignoring max retries; 6 > 3
Jan  2 06:06:21 LabSZ sshd[26167]: pam_unix(sshd:auth): authentication failure; logname= uid=0 euid=0 tty=ssh ruser= rhost=182.100.67.120  user=root
Jan  2 06:06:21 LabSZ sshd[26165]: Failed password for invalid user admin from 119.1.109.20 port 2715 ssh2
Jan  2 06:06:21 LabSZ sshd[26165]: pam_unix(sshd:auth): check pass; user unknown
Jan  2 06:06:22 LabSZ sshd[26161]: message repeated 5 times: [ Failed password for root from 218.65.30.30 port 14676 ssh2]
Jan  2 06:06:22 LabSZ sshd[26161]: Disconnecting: Too many authentication failures for root [preauth]
Jan  2 06:06:22 LabSZ sshd[26161]: PAM 5 more authentication failures; logname= uid=0 euid=0 tty=ssh ruser= rhost=218.65.30.30  user=root
Jan  2 06:06:22 LabSZ sshd[26161]: PAM service(sshd) ignoring max retries; 6 > 3
Jan  2 06:06:23 LabSZ sshd[26167]: Failed password for root from 182.100.67.120 port 3322 ssh2
Jan  2 06:06:23 LabSZ sshd[26165]: Failed password for invalid user admin from 119.1.109.20 port 2715 ssh2
Jan  2 06:06:24 LabSZ sshd[26169]: reverse mapping checking getaddrinfo for 30.30.65.218.broad.xy.jx.dynamic.163data.com.cn [218.65.30.30] failed - POSSIBLE BREAK-IN ATTEMPT!
Jan  2 06:06:24 LabSZ sshd[26169]: pam_unix(sshd:auth): authentication failure; logname= uid=0 euid=0 tty=ssh ruser= rhost=218.65.30.30  user=root
Jan  2 06:06:24 LabSZ sshd[26165]: fatal: Read from socket failed: Connection reset by peer [preauth]
Jan  2 06:06:24 LabSZ sshd[26165]: PAM 4 more authentication failures; logname= uid=0 euid=0 tty=ssh ruser= rhost=119.1.109.20 
Jan  2 06:06:24 LabSZ sshd[26165]: PAM service(sshd) ignoring max retries; 5 > 3
Jan  2 06:06:24 LabSZ sshd[26171]: Invalid user admin from 119.1.109.20
Jan  2 06:06:24 LabSZ sshd[26171]: input_userauth_request: invalid user admin [preauth]
Jan  2 06:06:24 LabSZ sshd[26171]: pam_unix(sshd:auth): check pass; user unknown
Jan  2 06:06:24 LabSZ sshd[26171]: pam_unix(sshd:auth): authentication failure; logname= uid=0 euid=0 tty=ssh ruser= rhost=119.1.109.20 
Jan  2 06:06:26 LabSZ sshd[26169]: Failed password for root from 218.65.30.30 port 50618 ssh2
Jan  2 06:06:26 LabSZ sshd[26171]: Failed password for invalid user admin from 119.1.109.20 port 4084 ssh2
Jan  2 06:06:26 LabSZ sshd[26171]: pam_unix(sshd:auth): check pass; user unknown
Jan  2 06:06:27 LabSZ sshd[26173]: reverse mapping checking getaddrinfo for 14.142.122.26.static-kolkata.vsnl.net.in [14.142.122.26] failed - POSSIBLE BREAK-IN ATTEMPT!
Jan  2 06:06:27 LabSZ sshd[26173]: Invalid user guest from 14.142.122.26
Jan  2 06:06:27 LabSZ sshd[26173]: input_userauth_request: invalid user guest [preauth]
Jan  2 06:06:27 LabSZ sshd[26173]: pam_unix(sshd:auth): check pass; user unknown
Jan  2 06:06:27 LabSZ sshd[26173]: pam_unix(sshd:auth): authentication failure; logname= uid=0 euid=0 tty=ssh ruser= rhost=14.142.122.26 
Jan  2 06:06:28 LabSZ sshd[26163]: message repeated 5 times: [ Failed password for root from 58.242.83.25 port 43900 ssh2]
Jan  2 06:06:28 LabSZ sshd[26163]: Disconnecting: Too many authentication failures for root [preauth]
Jan  2 06:06:28 LabSZ sshd[26163]: PAM 5 more authentication failures; logname= uid=0 euid=0 tty=ssh ruser= rhost=58.242.83.25  user=root
Jan  2 06:06:28 LabSZ sshd[26163]: PAM service(sshd) ignoring max retries; 6 > 3
Jan  2 06:06:28 LabSZ sshd[26171]: Failed password for invalid user admin from 119.1.109.20 port 4084 ssh2
Jan  2 06:06:28 LabSZ sshd[26171]: pam_unix(sshd:auth): check pass; user unknown
Jan  2 06:06:28 LabSZ sshd[26173]: Failed password for invalid user guest from 14.142.122.26 port 42179 ssh2
Jan  2 06:06:29 LabSZ sshd[26173]: Received disconnect from 14.142.122.26: 11: Bye Bye [preauth]
Jan  2 06:06:29 LabSZ sshd[26175]: pam_unix(sshd:auth): authentication failure; logname= uid=0 euid=0 tty=ssh ruser= rhost=58.242.83.25  user=root
Jan  2 06:06:30 LabSZ sshd[26171]: Failed password for invalid user admin from 119.1.109.20 port 4084 ssh2
Jan  2 06:06:30 LabSZ sshd[26171]: pam_unix(sshd:auth): check pass; user unknown
Jan  2 06:06:31 LabSZ sshd[26175]: Failed password for root from 58.242.83.25 port 1974 ssh2
Jan  2 06:06:32 LabSZ sshd[26171]: Failed password for invalid user admin from 119.1.109.20 port 4084 ssh2
Jan  2 06:06:32 LabSZ sshd[26171]: pam_unix(sshd:auth): check pass; user unknown
Jan  2 06:06:34 LabSZ sshd[26171]: Failed password for invalid user admin from 119.1.109.20 port 4084 ssh2
Jan  2 06:06:34 LabSZ sshd[26171]: fatal: Read from socket failed: Connection reset by peer [preauth]
Jan  2 06:06:34 LabSZ sshd[26171]: PAM 4 more authentication failures; logname= uid=0 euid=0 tty=ssh ruser= rhost=119.1.109.20 
Jan  2 06:06:34 LabSZ sshd[26171]: PAM service(sshd) ignoring max retries; 5 > 3
Jan  2 06:06:34 LabSZ sshd[26177]: Invalid user admin from 119.1.109.20
Jan  2 06:06:34 LabSZ sshd[26177]: input_userauth_request: invalid user admin [preauth]
Jan  2 06:06:34 LabSZ sshd[26177]: pam_unix(sshd:auth): check pass; user unknown
Jan  2 06:06:34 LabSZ sshd[26177]: pam_unix(sshd:auth): authentication failure; logname= uid=0 euid=0 tty=ssh ruser= rhost=119.1.109.20 
Jan  2 06:06:36 LabSZ sshd[26177]: Failed password for invalid user admin from 119.1.109.20 port 1389 ssh2
Jan  2 06:06:36 LabSZ sshd[26177]: pam_unix(sshd:auth): check pass; user unknown
Jan  2 06:06:38 LabSZ sshd[26167]: message repeated 5 times: [ Failed password for root from 182.100.67.120 port 3322 ssh2]
Jan  2 06:06:38 LabSZ sshd[26167]: Disconnecting: Too many authentication failures for root [preauth]
Jan  2 06:06:38 LabSZ sshd[26167]: PAM 5 more authentication failures; logname= uid=0 euid=0 tty=ssh ruser= rhost=182.100.67.120  user=root
Jan  2 06:06:38 LabSZ sshd[26167]: PAM service(sshd) ignoring max retries; 6 > 3
Jan  2 06:06:38 LabSZ sshd[26177]: Failed password for invalid user admin from 119.1.109.20 port 1389 ssh2
Jan  2 06:06:38 LabSZ sshd[26177]: pam_unix(sshd:auth): check pass; user unknown
Jan  2 06:06:38 LabSZ sshd[26169]: message repeated 5 times: [ Failed password for root from 218.65.30.30 port 50618 ssh2]
Jan  2 06:06:38 LabSZ sshd[26169]: Disconnecting: Too many authentication failures for root [preauth]
Jan  2 06:06:38 LabSZ sshd[26169]: PAM 5 more authentication failures; logname= uid=0 euid=0 tty=ssh ruser= rhost=218.65.30.30  user=root
Jan  2 06:06:38 LabSZ sshd[26169]: PAM service(sshd) ignoring max retries; 6 > 3
Jan  2 06:06:39 LabSZ sshd[26179]: pam_unix(sshd:auth): authentication failure; logname= uid=0 euid=0 tty=ssh ruser= rhost=182.100.67.120  user=root
Jan  2 06:06:40 LabSZ sshd[26181]: reverse mapping checking getaddrinfo for 30.30.65.218.broad.xy.jx.dynamic.163data.com.cn [218.65.30.30] failed - POSSIBLE BREAK-IN ATTEMPT!
Jan  2 06:06:40 LabSZ sshd[26181]: pam_unix(sshd:auth): authentication failure; logname= uid=0 euid=0 tty=ssh ruser= rhost=218.65.30.30  user=root
Jan  2 06:06:40 LabSZ sshd[26177]: Failed password for invalid user admin from 119.1.109.20 port 1389 ssh2
Jan  2 06:06:40 LabSZ sshd[26177]: pam_unix(sshd:auth): check pass; user unknown
Jan  2 06:06:41 LabSZ sshd[26179]: Failed password for root from 182.100.67.120 port 45074 ssh2
Jan  2 06:06:42 LabSZ sshd[26181]: Failed password for root from 218.65.30.30 port 23290 ssh2
Jan  2 06:06:42 LabSZ sshd[26177]: Failed password for invalid user admin from 119.1.109.20 port 1389 ssh2
