Jan  2 06:48:46 LabSZ sshd[27326]: reverse mapping checking getaddrinfo for 30.30.65.218.broad.xy.jx.dynamic.163data.com.cn [218.65.30.30] failed - POSSIBLE BREAK-IN ATTEMPT!
Jan  2 06:48:46 LabSZ sshd[27326]: pam_unix(sshd:auth): authentication failure; logname= uid=0 euid=0 tty=ssh ruser= rhost=218.65.30.30  user=root
Jan  2 06:48:48 LabSZ sshd[27326]: Failed password for root from 218.65.30.30 port 45428 ssh2
Jan  2 06:48:54 LabSZ sshd[27322]: message repeated 5 times: [ Failed password for root from 58.242.83.25 port 51600 ssh2]
Jan  2 06:48:54 LabSZ sshd[27322]: Disconnecting: Too many authentication failures for root [preauth]
Jan  2 06:48:54 LabSZ sshd[27322]: PAM 5 more authentication failures; logname= uid=0 euid=0 tty=ssh ruser= rhost=58.242.83.25  user=root
Jan  2 06:48:54 LabSZ sshd[27322]: PAM service(sshd) ignoring max retries; 6 > 3
Jan  2 06:48:55 LabSZ sshd[27324]: message repeated 5 times: [ Failed password for root from 182.100.67.120 port 24346 ssh2]
Jan  2 06:48:55 LabSZ sshd[27324]: Disconnecting: Too many authentication failures for root [preauth]
Jan  2 06:48:55 LabSZ sshd[27324]: PAM 5 more authentication failures; logname= uid=0 euid=0 tty=ssh ruser= rhost=182.100.67.120  user=root
Jan  2 06:48:55 LabSZ sshd[27324]: PAM service(sshd) ignoring max retries; 6 > 3
Jan  2 06:48:55 LabSZ sshd[27328]: pam_unix(sshd:auth): authentication failure; logname= uid=0 euid=0 tty=ssh ruser= rhost=58.242.83.25  user=root
Jan  2 06:48:56 LabSZ sshd[27330]: pam_unix(sshd:auth): authentication failure; logname= uid=0 euid=0 tty=ssh ruser= rhost=182.100.67.120  user=root
Jan  2 06:48:57 LabSZ sshd[27328]: Failed password for root from 58.242.83.25 port 7786 ssh2
Jan  2 06:48:59 LabSZ sshd[27330]: Failed password for root from 182.100.67.120 port 59884 ssh2
Jan  2 06:48:59 LabSZ sshd[27326]: message repeated 5 times: [ Failed password for root from 218.65.30.30 port 45428 ssh2]
Jan  2 06:48:59 LabSZ sshd[27326]: Disconnecting: Too many authentication failures for root [preauth]
Jan  2 06:48:59 LabSZ sshd[27326]: PAM 5 more authentication failures; logname= uid=0 euid=0 tty=ssh ruser= rhost=218.65.30.30  user=root
Jan  2 06:48:59 LabSZ sshd[27326]: PAM service(sshd) ignoring max retries; 6 > 3
Jan  2 06:49:01 LabSZ sshd[27332]: reverse mapping checking getaddrinfo for 30.30.65.218.broad.xy.jx.dynamic.163data.com.cn [218.65.30.30] failed - POSSIBLE BREAK-IN ATTEMPT!
Jan  2 06:49:01 LabSZ sshd[27332]: pam_unix(sshd:auth): authentication failure; logname= uid=0 euid=0 tty=ssh ruser= rhost=218.65.30.30  user=root
Jan  2 06:49:03 LabSZ sshd[27332]: Failed password for root from 218.65.30.30 port 14808 ssh2
Jan  2 06:49:07 LabSZ sshd[27334]: Invalid user admin from 187.103.62.192
Jan  2 06:49:07 LabSZ sshd[27334]: input_userauth_request: invalid user admin [preauth]
Jan  2 06:49:07 LabSZ sshd[27334]: pam_unix(sshd:auth): check pass; user unknown
Jan  2 06:49:07 LabSZ sshd[27334]: pam_unix(sshd:auth): authentication failure; logname= uid=0 euid=0 tty=ssh ruser= rhost=187.103.62.192.redfoxtelecom.com.br 
Jan  2 06:49:09 LabSZ sshd[27328]: message repeated 5 times: [ Failed password for root from 58.242.83.25 port 7786 ssh2]
Jan  2 06:49:09 LabSZ sshd[27328]: Disconnecting: Too many authentication failures for root [preauth]
Jan  2 06:49:09 LabSZ sshd[27328]: PAM 5 more authentication failures; logname= uid=0 euid=0 tty=ssh ruser= rhost=58.242.83.25  user=root
Jan  2 06:49:09 LabSZ sshd[27328]: PAM service(sshd) ignoring max retries; 6 > 3
Jan  2 06:49:10 LabSZ sshd[27336]: pam_unix(sshd:auth): authentication failure; logname= uid=0 euid=0 tty=ssh ruser= rhost=58.242.83.25  user=root
Jan  2 06:49:11 LabSZ sshd[27330]: message repeated 5 times: [ Failed password for root from 182.100.67.120 port 59884 ssh2]
Jan  2 06:49:11 LabSZ sshd[27330]: Disconnecting: Too many authentication failures for root [preauth]
Jan  2 06:49:11 LabSZ sshd[27330]: PAM 5 more authentication failures; logname= uid=0 euid=0 tty=ssh ruser= rhost=182.100.67.120  user=root
Jan  2 06:49:11 LabSZ sshd[27330]: PAM service(sshd) ignoring max retries; 6 > 3
Jan  2 06:49:12 LabSZ sshd[27336]: Failed password for root from 58.242.83.25 port 28912 ssh2
Jan  2 06:49:12 LabSZ sshd[27338]: pam_unix(sshd:auth): authentication failure; logname= uid=0 euid=0 tty=ssh ruser= rhost=182.100.67.120  user=root
Jan  2 06:49:14 LabSZ sshd[27334]: Failed password for invalid user admin from 187.103.62.192 port 39530 ssh2
Jan  2 06:49:14 LabSZ sshd[27334]: Connection closed by 187.103.62.192 [preauth]
Jan  2 06:49:14 LabSZ sshd[27338]: Failed password for root from 182.100.67.120 port 31542 ssh2
Jan  2 06:49:15 LabSZ sshd[27332]: message repeated 5 times: [ Failed password for root from 218.65.30.30 port 14808 ssh2]
Jan  2 06:49:15 LabSZ sshd[27332]: Disconnecting: Too many authentication failures for root [preauth]
Jan  2 06:49:15 LabSZ sshd[27332]: PAM 5 more authentication failures; logname= uid=0 euid=0 tty=ssh ruser= rhost=218.65.30.30  user=root
Jan  2 06:49:15 LabSZ sshd[27332]: PAM service(sshd) ignoring max retries; 6 > 3
Jan  2 06:49:17 LabSZ sshd[27342]: reverse mapping checking getaddrinfo for 30.30.65.218.broad.xy.jx.dynamic.163data.com.cn [218.65.30.30] failed - POSSIBLE BREAK-IN ATTEMPT!
Jan  2 06:49:17 LabSZ sshd[27342]: pam_unix(sshd:auth): authentication failure; logname= uid=0 euid=0 tty=ssh ruser= rhost=218.65.30.30  user=root
Jan  2 06:49:18 LabSZ sshd[27340]: Address 113.172.134.6 maps to static.vnpt.vn, but this does not map back to the address - POSSIBLE BREAK-IN ATTEMPT!
Jan  2 06:49:18 LabSZ sshd[27340]: Invalid user admin from 113.172.134.6
Jan  2 06:49:18 LabSZ sshd[27340]: input_userauth_request: invalid user admin [preauth]
Jan  2 06:49:18 LabSZ sshd[27340]: pam_unix(sshd:auth): check pass; user unknown
Jan  2 06:49:18 LabSZ sshd[27340]: pam_unix(sshd:auth): authentication failure; logname= uid=0 euid=0 tty=ssh ruser= rhost=113.172.134.6 
Jan  2 06:49:18 LabSZ sshd[27342]: Failed password for root from 218.65.30.30 port 53386 ssh2
Jan  2 06:49:20 LabSZ sshd[27340]: Failed password for invalid user admin from 113.172.134.6 port 58315 ssh2
Jan  2 06:49:21 LabSZ sshd[27340]: Connection closed by 113.172.134.6 [preauth]
Jan  2 06:49:24 LabSZ sshd[27336]: message repeated 5 times: [ Failed password for root from 58.242.83.25 port 28912 ssh2]
Jan  2 06:49:24 LabSZ sshd[27336]: Disconnecting: Too many authentication failures for root [preauth]
Jan  2 06:49:24 LabSZ sshd[27336]: PAM 5 more authentication failures; logname= uid=0 euid=0 tty=ssh ruser= rhost=58.242.83.25  user=root
Jan  2 06:49:24 LabSZ sshd[27336]: PAM service(sshd) ignoring max retries; 6 > 3
Jan  2 06:49:25 LabSZ sshd[27346]: pam_unix(sshd:auth): authentication failure; logname= uid=0 euid=0 tty=ssh ruser= rhost=58.242.83.25  user=root
Jan  2 06:49:26 LabSZ sshd[27338]: message repeated 5 times: [ Failed password for root from 182.100.67.120 port 31542 ssh2]
Jan  2 06:49:26 LabSZ sshd[27338]: Disconnecting: Too many authentication failures for root [preauth]
Jan  2 06:49:26 LabSZ sshd[27338]: PAM 5 more authentication failures; logname= uid=0 euid=0 tty=ssh ruser= rhost=182.100.67.120  user=root
Jan  2 06:49:26 LabSZ sshd[27338]: PAM service(sshd) ignoring max retries; 6 > 3
Jan  2 06:49:26 LabSZ sshd[27344]: Invalid user admin from 112.238.209.192
Jan  2 06:49:26 LabSZ sshd[27344]: input_userauth_request: invalid user admin [preauth]
Jan  2 06:49:26 LabSZ sshd[27344]: pam_unix(sshd:auth): check pass; user unknown
Jan  2 06:49:26 LabSZ sshd[27344]: pam_unix(sshd:auth): authentication failure; logname= uid=0 euid=0 tty=ssh ruser= rhost=112.238.209.192 
Jan  2 06:49:27 LabSZ sshd[27346]: Failed password for root from 58.242.83.25 port 48432 ssh2
Jan  2 06:49:27 LabSZ sshd[27348]: pam_unix(sshd:auth): authentication failure; logname= uid=0 euid=0 tty=ssh ruser= rhost=182.100.67.120  user=root
Jan  2 06:49:28 LabSZ sshd[27344]: Failed password for invalid user admin from 112.238.209.192 port 36774 ssh2
Jan  2 06:49:29 LabSZ sshd[27348]: Failed password for root from 182.100.67.120 port 2224 ssh2
Jan  2 06:49:30 LabSZ sshd[27342]: message repeated 5 times: [ Failed password for root from 218.65.30.30 port 53386 ssh2]
Jan  2 06:49:30 LabSZ sshd[27342]: Disconnecting: Too many authentication failures for root [preauth]
Jan  2 06:49:30 LabSZ sshd[27342]: PAM 5 more authentication failures; logname= uid=0 euid=0 tty=ssh ruser= rhost=218.65.30.30  user=root
Jan  2 06:49:30 LabSZ sshd[27342]: PAM service(sshd) ignoring max retries; 6 > 3
Jan  2 06:49:32 LabSZ sshd[27350]: reverse mapping checking getaddrinfo for 30.30.65.218.broad.xy.jx.dynamic.163data.com.cn [218.65.30.30] failed - POSSIBLE BREAK-IN ATTEMPT!
Jan  2 06:49:32 LabSZ sshd[27350]: pam_unix(sshd:auth): authentication failure; logname= uid=0 euid=0 tty=ssh ruser= rhost=218.65.30.30  user=root
Jan  2 06:49:35 LabSZ sshd[27350]: Failed password for root from 218.65.30.30 port 22388 ssh2
Jan  2 06:49:40 LabSZ sshd[27346]: message repeated 5 times: [ Failed password for root from 58.242.83.25 port 48432 ssh2]
Jan  2 06:49:40 LabSZ sshd[27346]: Disconnecting: Too many authentication failures for root [preauth]
Jan  2 06:49:40 LabSZ sshd[27346]: PAM 5 more authentication failures; logname= uid=0 euid=0 tty=ssh ruser= rhost=58.242.83.25  user=root
Jan  2 06:49:40 LabSZ sshd[27346]: PAM service(sshd) ignoring max retries; 6 > 3
Jan  2 06:49:41 LabSZ sshd[27352]: pam_unix(sshd:auth): authentication failure; logname= uid=0 euid=0 tty=ssh ruser= rhost=58.242.83.25  user=root
Jan  2 06:49:42 LabSZ sshd[27348]: message repeated 5 times: [ Failed password for root from 182.100.67.120 port 2224 ssh2]
Jan  2 06:49:42 LabSZ sshd[27348]: Disconnecting: Too many authentication failures for root [preauth]
Jan  2 06:49:42 LabSZ sshd[27348]: PAM 5 more authentication failures; logname= uid=0 euid=0 tty=ssh ruser= rhost=182.100.67.120  user=root
Jan  2 06:49:42 LabSZ sshd[27348]: PAM service(sshd) ignoring max retries; 6 > 3
Jan  2 06:49:43 LabSZ sshd[27354]: pam_unix(sshd:auth): authentication failure; logname= uid=0 euid=0 tty=ssh ruser= rhost=182.100.67.120  user=root
Jan  2 06:49:43 LabSZ sshd[27352]: Failed password for root from 58.242.83.25 port 5617 ssh2
Jan  2 06:49:46 LabSZ sshd[27354]: Failed password for root from 182.100.67.120 port 38198 ssh2
Jan  2 06:49:47 LabSZ sshd[27350]: message repeated 5 times: [ Failed password for root from 218.65.30.30 port 22388 ssh2]
Jan  2 06:49:47 LabSZ sshd[27350]: Disconnecting: Too many authentication failures for root [preauth]
Jan  2 06:49:47 LabSZ sshd[27350]: PAM 5 more authentication failures; logname= uid=0 euid=0 tty=ssh ruser= rhost=218.65.30.30  user=root
Jan  2 06:49:47 LabSZ sshd[27350]: PAM service(sshd) ignoring max retries; 6 > 3
Jan  2 06:49:48 LabSZ sshd[27356]: reverse mapping checking getaddrinfo for 30.30.65.218.broad.xy.jx.dynamic.163data.com.cn [218.65.30.30] failed - POSSIBLE BREAK-IN ATTEMPT!
Jan  2 06:49:48 LabSZ sshd[27356]: pam_unix(sshd:auth): authentication failure; logname= uid=0 euid=0 tty=ssh ruser= rhost=218.65.30.30  user=root
Jan  2 06:49:50 LabSZ sshd[27356]: Failed password for root from 218.65.30.30 port 62460 ssh2
Jan  2 06:49:56 LabSZ sshd[27352]: message repeated 5 times: [ Failed password for root from 58.242.83.25 port 5617 ssh2]
Jan  2 06:49:56 LabSZ sshd[27352]: Disconnecting: Too many authentication failures for root [preauth]
Jan  2 06:49:56 LabSZ sshd[27352]: PAM 5 more authentication failures; logname= uid=0 euid=0 tty=ssh ruser= rhost=58.242.83.25  user=root
