Jan  2 05:15:41 LabSZ sshd[24719]: message repeated 5 times: [ Failed password for root from 58.242.83.25 port 4057 ssh2]
Jan  2 05:15:41 LabSZ sshd[24719]: Disconnecting: Too many authentication failures for root [preauth]
Jan  2 05:15:41 LabSZ sshd[24719]: PAM 5 more authentication failures; logname= uid=0 euid=0 tty=ssh ruser= rhost=58.242.83.25  user=root
Jan  2 05:15:41 LabSZ sshd[24719]: PAM service(sshd) ignoring max retries; 6 > 3
Jan  2 05:15:42 LabSZ sshd[24723]: reverse mapping checking getaddrinfo for 30.30.65.218.broad.xy.jx.dynamic.163data.com.cn [218.65.30.30] failed - POSSIBLE BREAK-IN ATTEMPT!
Jan  2 05:15:42 LabSZ sshd[24723]: pam_unix(sshd:auth): authentication failure; logname= uid=0 euid=0 tty=ssh ruser= rhost=218.65.30.30  user=root
Jan  2 05:15:42 LabSZ sshd[24725]: pam_unix(sshd:auth): authentication failure; logname= uid=0 euid=0 tty=ssh ruser= rhost=58.242.83.25  user=root
Jan  2 05:15:44 LabSZ sshd[24723]: Failed password for root from 218.65.30.30 port 2626 ssh2
Jan  2 05:15:44 LabSZ sshd[24725]: Failed password for root from 58.242.83.25 port 25590 ssh2
Jan  2 05:15:45 LabSZ sshd[24721]: message repeated 5 times: [ Failed password for root from 182.100.67.120 port 55340 ssh2]
Jan  2 05:15:45 LabSZ sshd[24721]: Disconnecting: Too many authentication failures for root [preauth]
Jan  2 05:15:45 LabSZ sshd[24721]: PAM 5 more authentication failures; logname= uid=0 euid=0 tty=ssh ruser= rhost=182.100.67.120  user=root
Jan  2 05:15:45 LabSZ sshd[24721]: PAM service(sshd) ignoring max retries; 6 > 3
Jan  2 05:15:46 LabSZ sshd[24727]: pam_unix(sshd:auth): authentication failure; logname= uid=0 euid=0 tty=ssh ruser= rhost=182.100.67.120  user=root
Jan  2 05:15:48 LabSZ sshd[24727]: Failed password for root from 182.100.67.120 port 28566 ssh2
Jan  2 05:15:57 LabSZ sshd[24723]: message repeated 5 times: [ Failed password for root from 218.65.30.30 port 2626 ssh2]
Jan  2 05:15:57 LabSZ sshd[24723]: Disconnecting: Too many authentication failures for root [preauth]
Jan  2 05:15:57 LabSZ sshd[24723]: PAM 5 more authentication failures; logname= uid=0 euid=0 tty=ssh ruser= rhost=218.65.30.30  user=root
Jan  2 05:15:57 LabSZ sshd[24723]: PAM service(sshd) ignoring max retries; 6 > 3
Jan  2 05:15:57 LabSZ sshd[24725]: message repeated 5 times: [ Failed password for root from 58.242.83.25 port 25590 ssh2]
Jan  2 05:15:57 LabSZ sshd[24725]: Disconnecting: Too many authentication failures for root [preauth]
Jan  2 05:15:57 LabSZ sshd[24725]: PAM 5 more authentication failures; logname= uid=0 euid=0 tty=ssh ruser= rhost=58.242.83.25  user=root
Jan  2 05:15:57 LabSZ sshd[24725]: PAM service(sshd) ignoring max retries; 6 > 3
Jan  2 05:15:58 LabSZ sshd[24729]: reverse mapping checking getaddrinfo for 30.30.65.218.broad.xy.jx.dynamic.163data.com.cn [218.65.30.30] failed - POSSIBLE BREAK-IN ATTEMPT!
Jan  2 05:15:58 LabSZ sshd[24729]: pam_unix(sshd:auth): authentication failure; logname= uid=0 euid=0 tty=ssh ruser= rhost=218.65.30.30  user=root
Jan  2 05:15:58 LabSZ sshd[24731]: pam_unix(sshd:auth): authentication failure; logname= uid=0 euid=0 tty=ssh ruser= rhost=58.242.83.25  user=root
Jan  2 05:16:00 LabSZ sshd[24729]: Failed password for root from 218.65.30.30 port 40582 ssh2
Jan  2 05:16:00 LabSZ sshd[24731]: Failed password for root from 58.242.83.25 port 47240 ssh2
Jan  2 05:16:01 LabSZ sshd[24727]: message repeated 5 times: [ Failed password for root from 182.100.67.120 port 28566 ssh2]
Jan  2 05:16:01 LabSZ sshd[24727]: Disconnecting: Too many authentication failures for root [preauth]
Jan  2 05:16:01 LabSZ sshd[24727]: PAM 5 more authentication failures; logname= uid=0 euid=0 tty=ssh ruser= rhost=182.100.67.120  user=root
Jan  2 05:16:01 LabSZ sshd[24727]: PAM service(sshd) ignoring max retries; 6 > 3
Jan  2 05:16:03 LabSZ sshd[24733]: pam_unix(sshd:auth): authentication failure; logname= uid=0 euid=0 tty=ssh ruser= rhost=182.100.67.120  user=root
Jan  2 05:16:05 LabSZ sshd[24733]: Failed password for root from 182.100.67.120 port 64978 ssh2
Jan  2 05:16:12 LabSZ sshd[24729]: message repeated 5 times: [ Failed password for root from 218.65.30.30 port 40582 ssh2]
Jan  2 05:16:12 LabSZ sshd[24729]: Disconnecting: Too many authentication failures for root [preauth]
Jan  2 05:16:12 LabSZ sshd[24729]: PAM 5 more authentication failures; logname= uid=0 euid=0 tty=ssh ruser= rhost=218.65.30.30  user=root
Jan  2 05:16:12 LabSZ sshd[24729]: PAM service(sshd) ignoring max retries; 6 > 3
Jan  2 05:16:14 LabSZ sshd[24735]: reverse mapping checking getaddrinfo for 30.30.65.218.broad.xy.jx.dynamic.163data.com.cn [218.65.30.30] failed - POSSIBLE BREAK-IN ATTEMPT!
Jan  2 05:16:14 LabSZ sshd[24735]: pam_unix(sshd:auth): authentication failure; logname= uid=0 euid=0 tty=ssh ruser= rhost=218.65.30.30  user=root
Jan  2 05:16:14 LabSZ sshd[24731]: message repeated 5 times: [ Failed password for root from 58.242.83.25 port 47240 ssh2]
Jan  2 05:16:14 LabSZ sshd[24731]: Disconnecting: Too many authentication failures for root [preauth]
Jan  2 05:16:14 LabSZ sshd[24731]: PAM 5 more authentication failures; logname= uid=0 euid=0 tty=ssh ruser= rhost=58.242.83.25  user=root
Jan  2 05:16:14 LabSZ sshd[24731]: PAM service(sshd) ignoring max retries; 6 > 3
Jan  2 05:16:15 LabSZ sshd[24737]: pam_unix(sshd:auth): authentication failure; logname= uid=0 euid=0 tty=ssh ruser= rhost=58.242.83.25  user=root
Jan  2 05:16:16 LabSZ sshd[24735]: Failed password for root from 218.65.30.30 port 11168 ssh2
Jan  2 05:16:17 LabSZ sshd[24733]: message repeated 5 times: [ Failed password for root from 182.100.67.120 port 64978 ssh2]
Jan  2 05:16:17 LabSZ sshd[24733]: Disconnecting: Too many authentication failures for root [preauth]
Jan  2 05:16:17 LabSZ sshd[24733]: PAM 5 more authentication failures; logname= uid=0 euid=0 tty=ssh ruser= rhost=182.100.67.120  user=root
Jan  2 05:16:17 LabSZ sshd[24733]: PAM service(sshd) ignoring max retries; 6 > 3
Jan  2 05:16:17 LabSZ sshd[24737]: Failed password for root from 58.242.83.25 port 4406 ssh2
Jan  2 05:16:18 LabSZ sshd[24739]: pam_unix(sshd:auth): authentication failure; logname= uid=0 euid=0 tty=ssh ruser= rhost=182.100.67.120  user=root
Jan  2 05:16:21 LabSZ sshd[24739]: Failed password for root from 182.100.67.120 port 36566 ssh2
Jan  2 05:16:28 LabSZ sshd[24735]: message repeated 5 times: [ Failed password for root from 218.65.30.30 port 11168 ssh2]
Jan  2 05:16:28 LabSZ sshd[24735]: Disconnecting: Too many authentication failures for root [preauth]
Jan  2 05:16:28 LabSZ sshd[24735]: PAM 5 more authentication failures; logname= uid=0 euid=0 tty=ssh ruser= rhost=218.65.30.30  user=root
Jan  2 05:16:28 LabSZ sshd[24735]: PAM service(sshd) ignoring max retries; 6 > 3
Jan  2 05:16:30 LabSZ sshd[24741]: reverse mapping checking getaddrinfo for 30.30.65.218.broad.xy.jx.dynamic.163data.com.cn [218.65.30.30] failed - POSSIBLE BREAK-IN ATTEMPT!
Jan  2 05:16:30 LabSZ sshd[24741]: pam_unix(sshd:auth): authentication failure; logname= uid=0 euid=0 tty=ssh ruser= rhost=218.65.30.30  user=root
Jan  2 05:16:31 LabSZ sshd[24737]: message repeated 5 times: [ Failed password for root from 58.242.83.25 port 4406 ssh2]
Jan  2 05:16:31 LabSZ sshd[24737]: Disconnecting: Too many authentication failures for root [preauth]
Jan  2 05:16:31 LabSZ sshd[24737]: PAM 5 more authentication failures; logname= uid=0 euid=0 tty=ssh ruser= rhost=58.242.83.25  user=root
Jan  2 05:16:31 LabSZ sshd[24737]: PAM service(sshd) ignoring max retries; 6 > 3
Jan  2 05:16:32 LabSZ sshd[24741]: Failed password for root from 218.65.30.30 port 47496 ssh2
Jan  2 05:16:35 LabSZ sshd[24739]: message repeated 5 times: [ Failed password for root from 182.100.67.120 port 36566 ssh2]
Jan  2 05:16:35 LabSZ sshd[24739]: Disconnecting: Too many authentication failures for root [preauth]
Jan  2 05:16:35 LabSZ sshd[24739]: PAM 5 more authentication failures; logname= uid=0 euid=0 tty=ssh ruser= rhost=182.100.67.120  user=root
Jan  2 05:16:35 LabSZ sshd[24739]: PAM service(sshd) ignoring max retries; 6 > 3
Jan  2 05:16:36 LabSZ sshd[24745]: pam_unix(sshd:auth): authentication failure; logname= uid=0 euid=0 tty=ssh ruser= rhost=182.100.67.120  user=root
Jan  2 05:16:37 LabSZ sshd[24743]: pam_unix(sshd:auth): authentication failure; logname= uid=0 euid=0 tty=ssh ruser= rhost=58.242.83.25  user=root
Jan  2 05:16:38 LabSZ sshd[24745]: Failed password for root from 182.100.67.120 port 10798 ssh2
Jan  2 05:16:38 LabSZ sshd[24747]: Did not receive identification string from 103.207.39.212
Jan  2 05:16:39 LabSZ sshd[24743]: Failed password for root from 58.242.83.25 port 27309 ssh2
Jan  2 05:16:46 LabSZ sshd[24741]: message repeated 5 times: [ Failed password for root from 218.65.30.30 port 47496 ssh2]
Jan  2 05:16:46 LabSZ sshd[24741]: Disconnecting: Too many authentication failures for root [preauth]
Jan  2 05:16:46 LabSZ sshd[24741]: PAM 5 more authentication failures; logname= uid=0 euid=0 tty=ssh ruser= rhost=218.65.30.30  user=root
Jan  2 05:16:46 LabSZ sshd[24741]: PAM service(sshd) ignoring max retries; 6 > 3
Jan  2 05:16:47 LabSZ sshd[24748]: Invalid user postgres from 43.227.135.250
Jan  2 05:16:47 LabSZ sshd[24748]: input_userauth_request: invalid user postgres [preauth]
Jan  2 05:16:47 LabSZ sshd[24748]: pam_unix(sshd:auth): check pass; user unknown
Jan  2 05:16:47 LabSZ sshd[24748]: pam_unix(sshd:auth): authentication failure; logname= uid=0 euid=0 tty=ssh ruser= rhost=43.227.135.250 
Jan  2 05:16:47 LabSZ sshd[24750]: reverse mapping checking getaddrinfo for 30.30.65.218.broad.xy.jx.dynamic.163data.com.cn [218.65.30.30] failed - POSSIBLE BREAK-IN ATTEMPT!
Jan  2 05:16:47 LabSZ sshd[24750]: pam_unix(sshd:auth): authentication failure; logname= uid=0 euid=0 tty=ssh ruser= rhost=218.65.30.30  user=root
Jan  2 05:16:49 LabSZ sshd[24748]: Failed password for invalid user postgres from 43.227.135.250 port 42643 ssh2
Jan  2 05:16:49 LabSZ sshd[24748]: Received disconnect from 43.227.135.250: 11: Bye Bye [preauth]
Jan  2 05:16:49 LabSZ sshd[24750]: Failed password for root from 218.65.30.30 port 23986 ssh2
Jan  2 05:16:51 LabSZ sshd[24745]: message repeated 5 times: [ Failed password for root from 182.100.67.120 port 10798 ssh2]
Jan  2 05:16:51 LabSZ sshd[24745]: Disconnecting: Too many authentication failures for root [preauth]
Jan  2 05:16:51 LabSZ sshd[24745]: PAM 5 more authentication failures; logname= uid=0 euid=0 tty=ssh ruser= rhost=182.100.67.120  user=root
Jan  2 05:16:51 LabSZ sshd[24745]: PAM service(sshd) ignoring max retries; 6 > 3
Jan  2 05:16:52 LabSZ sshd[24752]: pam_unix(sshd:auth): authentication failure; logname= uid=0 euid=0 tty=ssh ruser= rhost=182.100.67.120  user=root
Jan  2 05:16:53 LabSZ sshd[24743]: message repeated 5 times: [ Failed password for root from 58.242.83.25 port 27309 ssh2]
Jan  2 05:16:53 LabSZ sshd[24743]: Disconnecting: Too many authentication failures for root [preauth]
Jan  2 05:16:53 LabSZ sshd[24743]: PAM 5 more authentication failures; logname= uid=0 euid=0 tty=ssh ruser= rhost=58.242.83.25  user=root
Jan  2 05:16:53 LabSZ sshd[24743]: PAM service(sshd) ignoring max retries; 6 > 3
Jan  2 05:16:54 LabSZ sshd[24752]: Failed password for root from 182.100.67.120 port 48016 ssh2
Jan  2 05:16:54 LabSZ sshd[24754]: pam_unix(sshd:auth): authentication failure; logname= uid=0 euid=0 tty=ssh ruser= rhost=58.242.83.25  user=root
Jan  2 05:16:57 LabSZ sshd[24754]: Failed password for root from 58.242.83.25 port 55669 ssh2
Jan  2 05:17:02 LabSZ sshd[24750]: message repeated 5 times: [ Failed password for root from 218.65.30.30 port 23986 ssh2]
Jan  2 05:17:02 LabSZ sshd[24750]: Disconnecting: Too many authentication failures for root [preauth]
