Jan  4 10:43:04 LabSZ sshd[27986]: Disconnecting: Too many authentication failures for root [preauth]
Jan  4 10:43:04 LabSZ sshd[27986]: PAM 5 more authentication failures; logname= uid=0 euid=0 tty=ssh ruser= rhost=218.87.109.156  user=root
Jan  4 10:43:04 LabSZ sshd[27986]: PAM service(sshd) ignoring max retries; 6 > 3
Jan  4 10:43:05 LabSZ sshd[27992]: pam_unix(sshd:auth): authentication failure; logname= uid=0 euid=0 tty=ssh ruser= rhost=182.100.67.52  user=root
Jan  4 10:43:05 LabSZ sshd[27990]: message repeated 5 times: [ Failed password for root from 59.63.188.30 port 7899 ssh2]
Jan  4 10:43:05 LabSZ sshd[27990]: Disconnecting: Too many authentication failures for root [preauth]
Jan  4 10:43:05 LabSZ sshd[27990]: PAM 5 more authentication failures; logname= uid=0 euid=0 tty=ssh ruser= rhost=59.63.188.30  user=root
Jan  4 10:43:05 LabSZ sshd[27990]: PAM service(sshd) ignoring max retries; 6 > 3
Jan  4 10:43:06 LabSZ sshd[27996]: pam_unix(sshd:auth): authentication failure; logname= uid=0 euid=0 tty=ssh ruser= rhost=59.63.188.30  user=root
Jan  4 10:43:06 LabSZ sshd[27992]: Failed password for root from 182.100.67.52 port 17550 ssh2
Jan  4 10:43:09 LabSZ sshd[27996]: Failed password for root from 59.63.188.30 port 28762 ssh2
Jan  4 10:43:10 LabSZ sshd[27994]: pam_unix(sshd:auth): authentication failure; logname= uid=0 euid=0 tty=ssh ruser= rhost=218.87.109.156  user=root
Jan  4 10:43:12 LabSZ sshd[27994]: Failed password for root from 218.87.109.156 port 45484 ssh2
Jan  4 10:43:20 LabSZ sshd[27992]: message repeated 5 times: [ Failed password for root from 182.100.67.52 port 17550 ssh2]
Jan  4 10:43:20 LabSZ sshd[27992]: Disconnecting: Too many authentication failures for root [preauth]
Jan  4 10:43:20 LabSZ sshd[27992]: PAM 5 more authentication failures; logname= uid=0 euid=0 tty=ssh ruser= rhost=182.100.67.52  user=root
Jan  4 10:43:20 LabSZ sshd[27992]: PAM service(sshd) ignoring max retries; 6 > 3
Jan  4 10:43:23 LabSZ sshd[27996]: message repeated 5 times: [ Failed password for root from 59.63.188.30 port 28762 ssh2]
Jan  4 10:43:23 LabSZ sshd[27996]: Disconnecting: Too many authentication failures for root [preauth]
Jan  4 10:43:23 LabSZ sshd[27996]: PAM 5 more authentication failures; logname= uid=0 euid=0 tty=ssh ruser= rhost=59.63.188.30  user=root
Jan  4 10:43:23 LabSZ sshd[27996]: PAM service(sshd) ignoring max retries; 6 > 3
Jan  4 10:43:24 LabSZ sshd[27998]: pam_unix(sshd:auth): authentication failure; logname= uid=0 euid=0 tty=ssh ruser= rhost=182.100.67.52  user=root
Jan  4 10:43:25 LabSZ sshd[27994]: message repeated 5 times: [ Failed password for root from 218.87.109.156 port 45484 ssh2]
Jan  4 10:43:25 LabSZ sshd[27994]: Disconnecting: Too many authentication failures for root [preauth]
Jan  4 10:43:25 LabSZ sshd[27994]: PAM 5 more authentication failures; logname= uid=0 euid=0 tty=ssh ruser= rhost=218.87.109.156  user=root
Jan  4 10:43:25 LabSZ sshd[27994]: PAM service(sshd) ignoring max retries; 6 > 3
Jan  4 10:43:26 LabSZ sshd[27998]: Failed password for root from 182.100.67.52 port 55960 ssh2
Jan  4 10:43:29 LabSZ sshd[28000]: pam_unix(sshd:auth): authentication failure; logname= uid=0 euid=0 tty=ssh ruser= rhost=59.63.188.30  user=root
Jan  4 10:43:31 LabSZ sshd[28000]: Failed password for root from 59.63.188.30 port 47707 ssh2
Jan  4 10:43:36 LabSZ sshd[28002]: pam_unix(sshd:auth): authentication failure; logname= uid=0 euid=0 tty=ssh ruser= rhost=218.87.109.156  user=root
Jan  4 10:43:38 LabSZ sshd[28002]: Failed password for root from 218.87.109.156 port 27192 ssh2
Jan  4 10:43:40 LabSZ sshd[27998]: message repeated 5 times: [ Failed password for root from 182.100.67.52 port 55960 ssh2]
Jan  4 10:43:40 LabSZ sshd[27998]: Disconnecting: Too many authentication failures for root [preauth]
Jan  4 10:43:40 LabSZ sshd[27998]: PAM 5 more authentication failures; logname= uid=0 euid=0 tty=ssh ruser= rhost=182.100.67.52  user=root
Jan  4 10:43:40 LabSZ sshd[27998]: PAM service(sshd) ignoring max retries; 6 > 3
Jan  4 10:43:42 LabSZ sshd[28004]: pam_unix(sshd:auth): authentication failure; logname= uid=0 euid=0 tty=ssh ruser= rhost=182.100.67.52  user=root
Jan  4 10:43:44 LabSZ sshd[28004]: Failed password for root from 182.100.67.52 port 36562 ssh2
Jan  4 10:43:45 LabSZ sshd[28000]: message repeated 5 times: [ Failed password for root from 59.63.188.30 port 47707 ssh2]
Jan  4 10:43:45 LabSZ sshd[28000]: Disconnecting: Too many authentication failures for root [preauth]
Jan  4 10:43:45 LabSZ sshd[28000]: PAM 5 more authentication failures; logname= uid=0 euid=0 tty=ssh ruser= rhost=59.63.188.30  user=root
Jan  4 10:43:45 LabSZ sshd[28000]: PAM service(sshd) ignoring max retries; 6 > 3
Jan  4 10:43:46 LabSZ sshd[28006]: pam_unix(sshd:auth): authentication failure; logname= uid=0 euid=0 tty=ssh ruser= rhost=59.63.188.30  user=root
Jan  4 10:43:48 LabSZ sshd[28006]: Failed password for root from 59.63.188.30 port 63593 ssh2
Jan  4 10:43:51 LabSZ sshd[28002]: message repeated 5 times: [ Failed password for root from 218.87.109.156 port 27192 ssh2]
Jan  4 10:43:51 LabSZ sshd[28002]: Disconnecting: Too many authentication failures for root [preauth]
Jan  4 10:43:51 LabSZ sshd[28002]: PAM 5 more authentication failures; logname= uid=0 euid=0 tty=ssh ruser= rhost=218.87.109.156  user=root
Jan  4 10:43:51 LabSZ sshd[28002]: PAM service(sshd) ignoring max retries; 6 > 3
Jan  4 10:43:58 LabSZ sshd[28004]: message repeated 5 times: [ Failed password for root from 182.100.67.52 port 36562 ssh2]
Jan  4 10:43:58 LabSZ sshd[28004]: Disconnecting: Too many authentication failures for root [preauth]
Jan  4 10:43:58 LabSZ sshd[28004]: PAM 5 more authentication failures; logname= uid=0 euid=0 tty=ssh ruser= rhost=182.100.67.52  user=root
Jan  4 10:43:58 LabSZ sshd[28004]: PAM service(sshd) ignoring max retries; 6 > 3
Jan  4 10:43:58 LabSZ sshd[28008]: pam_unix(sshd:auth): authentication failure; logname= uid=0 euid=0 tty=ssh ruser= rhost=218.87.109.156  user=root
Jan  4 10:43:59 LabSZ sshd[28008]: Failed password for root from 218.87.109.156 port 19974 ssh2
Jan  4 10:44:00 LabSZ sshd[28010]: pam_unix(sshd:auth): authentication failure; logname= uid=0 euid=0 tty=ssh ruser= rhost=182.100.67.52  user=root
Jan  4 10:44:02 LabSZ sshd[28010]: Failed password for root from 182.100.67.52 port 11668 ssh2
Jan  4 10:44:06 LabSZ sshd[28006]: message repeated 5 times: [ Failed password for root from 59.63.188.30 port 63593 ssh2]
Jan  4 10:44:06 LabSZ sshd[28006]: Disconnecting: Too many authentication failures for root [preauth]
Jan  4 10:44:06 LabSZ sshd[28006]: PAM 5 more authentication failures; logname= uid=0 euid=0 tty=ssh ruser= rhost=59.63.188.30  user=root
Jan  4 10:44:06 LabSZ sshd[28006]: PAM service(sshd) ignoring max retries; 6 > 3
Jan  4 10:44:07 LabSZ sshd[28012]: pam_unix(sshd:auth): authentication failure; logname= uid=0 euid=0 tty=ssh ruser= rhost=59.63.188.30  user=root
Jan  4 10:44:09 LabSZ sshd[28012]: Failed password for root from 59.63.188.30 port 21587 ssh2
Jan  4 10:44:13 LabSZ sshd[28008]: message repeated 5 times: [ Failed password for root from 218.87.109.156 port 19974 ssh2]
Jan  4 10:44:13 LabSZ sshd[28008]: Disconnecting: Too many authentication failures for root [preauth]
Jan  4 10:44:13 LabSZ sshd[28008]: PAM 5 more authentication failures; logname= uid=0 euid=0 tty=ssh ruser= rhost=218.87.109.156  user=root
Jan  4 10:44:13 LabSZ sshd[28008]: PAM service(sshd) ignoring max retries; 6 > 3
Jan  4 10:44:16 LabSZ sshd[28014]: pam_unix(sshd:auth): authentication failure; logname= uid=0 euid=0 tty=ssh ruser= rhost=118.96.253.193  user=root
Jan  4 10:44:17 LabSZ sshd[28010]: message repeated 5 times: [ Failed password for root from 182.100.67.52 port 11668 ssh2]
Jan  4 10:44:17 LabSZ sshd[28010]: Disconnecting: Too many authentication failures for root [preauth]
Jan  4 10:44:17 LabSZ sshd[28010]: PAM 5 more authentication failures; logname= uid=0 euid=0 tty=ssh ruser= rhost=182.100.67.52  user=root
Jan  4 10:44:17 LabSZ sshd[28010]: PAM service(sshd) ignoring max retries; 6 > 3
Jan  4 10:44:18 LabSZ sshd[28014]: Failed password for root from 118.96.253.193 port 58336 ssh2
Jan  4 10:44:18 LabSZ sshd[28014]: Received disconnect from 118.96.253.193: 11: Bye Bye [preauth]
Jan  4 10:44:18 LabSZ sshd[28018]: pam_unix(sshd:auth): authentication failure; logname= uid=0 euid=0 tty=ssh ruser= rhost=182.100.67.52  user=root
Jan  4 10:44:20 LabSZ sshd[28020]: pam_unix(sshd:auth): authentication failure; logname= uid=0 euid=0 tty=ssh ruser= rhost=118.96.253.193  user=root
Jan  4 10:44:21 LabSZ sshd[28018]: Failed password for root from 182.100.67.52 port 54432 ssh2
Jan  4 10:44:21 LabSZ sshd[28012]: message repeated 5 times: [ Failed password for root from 59.63.188.30 port 21587 ssh2]
Jan  4 10:44:21 LabSZ sshd[28012]: Disconnecting: Too many authentication failures for root [preauth]
Jan  4 10:44:21 LabSZ sshd[28012]: PAM 5 more authentication failures; logname= uid=0 euid=0 tty=ssh ruser= rhost=59.63.188.30  user=root
Jan  4 10:44:21 LabSZ sshd[28012]: PAM service(sshd) ignoring max retries; 6 > 3
Jan  4 10:44:22 LabSZ sshd[28022]: pam_unix(sshd:auth): authentication failure; logname= uid=0 euid=0 tty=ssh ruser= rhost=59.63.188.30  user=root
Jan  4 10:44:22 LabSZ sshd[28020]: Failed password for root from 118.96.253.193 port 58461 ssh2
Jan  4 10:44:23 LabSZ sshd[28020]: Received disconnect from 118.96.253.193: 11: Bye Bye [preauth]
Jan  4 10:44:24 LabSZ sshd[28022]: Failed password for root from 59.63.188.30 port 42405 ssh2
Jan  4 10:44:24 LabSZ sshd[28016]: pam_unix(sshd:auth): authentication failure; logname= uid=0 euid=0 tty=ssh ruser= rhost=218.87.109.156  user=root
Jan  4 10:44:25 LabSZ sshd[28024]: Invalid user ubnt from 118.96.253.193
Jan  4 10:44:25 LabSZ sshd[28024]: input_userauth_request: invalid user ubnt [preauth]
Jan  4 10:44:25 LabSZ sshd[28024]: pam_unix(sshd:auth): check pass; user unknown
Jan  4 10:44:25 LabSZ sshd[28024]: pam_unix(sshd:auth): authentication failure; logname= uid=0 euid=0 tty=ssh ruser= rhost=118.96.253.193 
Jan  4 10:44:26 LabSZ sshd[28016]: Failed password for root from 218.87.109.156 port 2378 ssh2
Jan  4 10:44:28 LabSZ sshd[28024]: Failed password for invalid user ubnt from 118.96.253.193 port 58607 ssh2
Jan  4 10:44:28 LabSZ sshd[28024]: Received disconnect from 118.96.253.193: 11: Bye Bye [preauth]
Jan  4 10:44:30 LabSZ sshd[28026]: pam_unix(sshd:auth): authentication failure; logname= uid=0 euid=0 tty=ssh ruser= rhost=118.96.253.193  user=root
Jan  4 10:44:32 LabSZ sshd[28026]: Failed password for root from 118.96.253.193 port 58764 ssh2
Jan  4 10:44:32 LabSZ sshd[28026]: Received disconnect from 118.96.253.193: 11: Bye Bye [preauth]
Jan  4 10:44:34 LabSZ sshd[28028]: pam_unix(sshd:auth): authentication failure; logname= uid=0 euid=0 tty=ssh ruser= rhost=118.96.253.193  user=root
Jan  4 10:44:35 LabSZ sshd[28018]: message repeated 5 times: [ Failed password for root from 182.100.67.52 port 54432 ssh2]
Jan  4 10:44:35 LabSZ sshd[28018]: Disconnecting: Too many authentication failures for root [preauth]
Jan  4 10:44:35 LabSZ sshd[28018]: PAM 5 more authentication failures; logname= uid=0 euid=0 tty=ssh ruser= rhost=182.100.67.52  user=root
Jan  4 10:44:35 LabSZ sshd[28018]: PAM service(sshd) ignoring max retries; 6 > 3
Jan  4 10:44:36 LabSZ sshd[28028]: Failed password for root from 118.96.253.193 port 58895 ssh2
