Jan  4 05:24:18 LabSZ sshd[18925]: Failed password for root from 59.63.188.30 port 63113 ssh2
Jan  4 05:24:19 LabSZ sshd[18927]: Invalid user guest from 103.207.39.19
Jan  4 05:24:19 LabSZ sshd[18927]: input_userauth_request: invalid user guest [preauth]
Jan  4 05:24:19 LabSZ sshd[18927]: pam_unix(sshd:auth): check pass; user unknown
Jan  4 05:24:19 LabSZ sshd[18927]: pam_unix(sshd:auth): authentication failure; logname= uid=0 euid=0 tty=ssh ruser= rhost=103.207.39.19 
Jan  4 05:24:21 LabSZ sshd[18927]: Failed password for invalid user guest from 103.207.39.19 port 61914 ssh2
Jan  4 05:24:22 LabSZ sshd[18918]: message repeated 5 times: [ Failed password for root from 182.100.67.52 port 2876 ssh2]
Jan  4 05:24:22 LabSZ sshd[18918]: Disconnecting: Too many authentication failures for root [preauth]
Jan  4 05:24:22 LabSZ sshd[18918]: PAM 5 more authentication failures; logname= uid=0 euid=0 tty=ssh ruser= rhost=182.100.67.52  user=root
Jan  4 05:24:22 LabSZ sshd[18918]: PAM service(sshd) ignoring max retries; 6 > 3
Jan  4 05:24:22 LabSZ sshd[18927]: fatal: Read from socket failed: Connection reset by peer [preauth]
Jan  4 05:24:23 LabSZ sshd[18921]: message repeated 5 times: [ Failed password for root from 59.63.188.30 port 59913 ssh2]
Jan  4 05:24:23 LabSZ sshd[18921]: Disconnecting: Too many authentication failures for root [preauth]
Jan  4 05:24:23 LabSZ sshd[18921]: PAM 5 more authentication failures; logname= uid=0 euid=0 tty=ssh ruser= rhost=59.63.188.30  user=root
Jan  4 05:24:23 LabSZ sshd[18921]: PAM service(sshd) ignoring max retries; 6 > 3
Jan  4 05:24:23 LabSZ sshd[18915]: message repeated 5 times: [ Failed password for root from 218.87.109.156 port 5636 ssh2]
Jan  4 05:24:23 LabSZ sshd[18915]: Disconnecting: Too many authentication failures for root [preauth]
Jan  4 05:24:23 LabSZ sshd[18915]: PAM 5 more authentication failures; logname= uid=0 euid=0 tty=ssh ruser= rhost=218.87.109.156  user=root
Jan  4 05:24:23 LabSZ sshd[18915]: PAM service(sshd) ignoring max retries; 6 > 3
Jan  4 05:24:23 LabSZ sshd[18929]: Invalid user admin from 103.207.39.19
Jan  4 05:24:23 LabSZ sshd[18929]: input_userauth_request: invalid user admin [preauth]
Jan  4 05:24:23 LabSZ sshd[18929]: pam_unix(sshd:auth): check pass; user unknown
Jan  4 05:24:23 LabSZ sshd[18929]: pam_unix(sshd:auth): authentication failure; logname= uid=0 euid=0 tty=ssh ruser= rhost=103.207.39.19 
Jan  4 05:24:23 LabSZ sshd[18931]: pam_unix(sshd:auth): authentication failure; logname= uid=0 euid=0 tty=ssh ruser= rhost=182.100.67.52  user=root
Jan  4 05:24:24 LabSZ sshd[18935]: pam_unix(sshd:auth): authentication failure; logname= uid=0 euid=0 tty=ssh ruser= rhost=218.87.109.156  user=root
Jan  4 05:24:25 LabSZ sshd[18929]: Failed password for invalid user admin from 103.207.39.19 port 62497 ssh2
Jan  4 05:24:25 LabSZ sshd[18931]: Failed password for root from 182.100.67.52 port 37494 ssh2
Jan  4 05:24:26 LabSZ sshd[18929]: fatal: Read from socket failed: Connection reset by peer [preauth]
Jan  4 05:24:26 LabSZ sshd[18935]: Failed password for root from 218.87.109.156 port 47358 ssh2
Jan  4 05:24:28 LabSZ sshd[18937]: Invalid user admin from 103.207.39.19
Jan  4 05:24:28 LabSZ sshd[18937]: input_userauth_request: invalid user admin [preauth]
Jan  4 05:24:28 LabSZ sshd[18937]: pam_unix(sshd:auth): check pass; user unknown
Jan  4 05:24:28 LabSZ sshd[18937]: pam_unix(sshd:auth): authentication failure; logname= uid=0 euid=0 tty=ssh ruser= rhost=103.207.39.19 
Jan  4 05:24:29 LabSZ sshd[18937]: Failed password for invalid user admin from 103.207.39.19 port 63231 ssh2
Jan  4 05:24:31 LabSZ sshd[18933]: pam_unix(sshd:auth): authentication failure; logname= uid=0 euid=0 tty=ssh ruser= rhost=59.63.188.30  user=root
Jan  4 05:24:31 LabSZ sshd[18925]: message repeated 5 times: [ Failed password for root from 59.63.188.30 port 63113 ssh2]
Jan  4 05:24:31 LabSZ sshd[18925]: Disconnecting: Too many authentication failures for root [preauth]
Jan  4 05:24:31 LabSZ sshd[18925]: PAM 5 more authentication failures; logname= uid=0 euid=0 tty=ssh ruser= rhost=59.63.188.30  user=root
Jan  4 05:24:31 LabSZ sshd[18925]: PAM service(sshd) ignoring max retries; 6 > 3
Jan  4 05:24:32 LabSZ sshd[18939]: pam_unix(sshd:auth): authentication failure; logname= uid=0 euid=0 tty=ssh ruser= rhost=59.63.188.30  user=root
Jan  4 05:24:33 LabSZ sshd[18933]: Failed password for root from 59.63.188.30 port 2471 ssh2
Jan  4 05:24:33 LabSZ sshd[18937]: fatal: Read from socket failed: Connection reset by peer [preauth]
Jan  4 05:24:34 LabSZ sshd[18939]: Failed password for root from 59.63.188.30 port 20020 ssh2
Jan  4 05:24:38 LabSZ sshd[18931]: message repeated 5 times: [ Failed password for root from 182.100.67.52 port 37494 ssh2]
Jan  4 05:24:38 LabSZ sshd[18931]: Disconnecting: Too many authentication failures for root [preauth]
Jan  4 05:24:38 LabSZ sshd[18931]: PAM 5 more authentication failures; logname= uid=0 euid=0 tty=ssh ruser= rhost=182.100.67.52  user=root
Jan  4 05:24:38 LabSZ sshd[18931]: PAM service(sshd) ignoring max retries; 6 > 3
Jan  4 05:24:39 LabSZ sshd[18943]: pam_unix(sshd:auth): authentication failure; logname= uid=0 euid=0 tty=ssh ruser= rhost=182.100.67.52  user=root
Jan  4 05:24:39 LabSZ sshd[18935]: message repeated 5 times: [ Failed password for root from 218.87.109.156 port 47358 ssh2]
Jan  4 05:24:39 LabSZ sshd[18935]: Disconnecting: Too many authentication failures for root [preauth]
Jan  4 05:24:39 LabSZ sshd[18935]: PAM 5 more authentication failures; logname= uid=0 euid=0 tty=ssh ruser= rhost=218.87.109.156  user=root
Jan  4 05:24:39 LabSZ sshd[18935]: PAM service(sshd) ignoring max retries; 6 > 3
Jan  4 05:24:40 LabSZ sshd[18941]: pam_unix(sshd:auth): authentication failure; logname= uid=0 euid=0 tty=ssh ruser= rhost=103.207.39.19  user=root
Jan  4 05:24:40 LabSZ sshd[18945]: pam_unix(sshd:auth): authentication failure; logname= uid=0 euid=0 tty=ssh ruser= rhost=218.87.109.156  user=root
Jan  4 05:24:41 LabSZ sshd[18943]: Failed password for root from 182.100.67.52 port 6822 ssh2
Jan  4 05:24:41 LabSZ sshd[18941]: Failed password for root from 103.207.39.19 port 63606 ssh2
Jan  4 05:24:42 LabSZ sshd[18945]: Failed password for root from 218.87.109.156 port 17752 ssh2
Jan  4 05:24:46 LabSZ sshd[18933]: message repeated 5 times: [ Failed password for root from 59.63.188.30 port 2471 ssh2]
Jan  4 05:24:46 LabSZ sshd[18933]: Disconnecting: Too many authentication failures for root [preauth]
Jan  4 05:24:46 LabSZ sshd[18933]: PAM 5 more authentication failures; logname= uid=0 euid=0 tty=ssh ruser= rhost=59.63.188.30  user=root
Jan  4 05:24:46 LabSZ sshd[18933]: PAM service(sshd) ignoring max retries; 6 > 3
Jan  4 05:24:47 LabSZ sshd[18947]: pam_unix(sshd:auth): authentication failure; logname= uid=0 euid=0 tty=ssh ruser= rhost=59.63.188.30  user=root
Jan  4 05:24:47 LabSZ sshd[18939]: message repeated 5 times: [ Failed password for root from 59.63.188.30 port 20020 ssh2]
Jan  4 05:24:47 LabSZ sshd[18939]: Disconnecting: Too many authentication failures for root [preauth]
Jan  4 05:24:47 LabSZ sshd[18939]: PAM 5 more authentication failures; logname= uid=0 euid=0 tty=ssh ruser= rhost=59.63.188.30  user=root
Jan  4 05:24:47 LabSZ sshd[18939]: PAM service(sshd) ignoring max retries; 6 > 3
Jan  4 05:24:48 LabSZ sshd[18941]: fatal: Read from socket failed: Connection reset by peer [preauth]
Jan  4 05:24:49 LabSZ sshd[18947]: Failed password for root from 59.63.188.30 port 26168 ssh2
Jan  4 05:24:49 LabSZ sshd[18949]: Invalid user PlcmSpIp from 103.207.39.19
Jan  4 05:24:49 LabSZ sshd[18949]: input_userauth_request: invalid user PlcmSpIp [preauth]
Jan  4 05:24:49 LabSZ sshd[18949]: pam_unix(sshd:auth): check pass; user unknown
Jan  4 05:24:49 LabSZ sshd[18949]: pam_unix(sshd:auth): authentication failure; logname= uid=0 euid=0 tty=ssh ruser= rhost=103.207.39.19 
Jan  4 05:24:51 LabSZ sshd[18949]: Failed password for invalid user PlcmSpIp from 103.207.39.19 port 64871 ssh2
Jan  4 05:24:53 LabSZ sshd[18943]: message repeated 5 times: [ Failed password for root from 182.100.67.52 port 6822 ssh2]
Jan  4 05:24:53 LabSZ sshd[18943]: Disconnecting: Too many authentication failures for root [preauth]
Jan  4 05:24:53 LabSZ sshd[18943]: PAM 5 more authentication failures; logname= uid=0 euid=0 tty=ssh ruser= rhost=182.100.67.52  user=root
Jan  4 05:24:53 LabSZ sshd[18943]: PAM service(sshd) ignoring max retries; 6 > 3
Jan  4 05:24:53 LabSZ sshd[18949]: fatal: Read from socket failed: Connection reset by peer [preauth]
Jan  4 05:24:54 LabSZ sshd[18950]: pam_unix(sshd:auth): authentication failure; logname= uid=0 euid=0 tty=ssh ruser= rhost=59.63.188.30  user=root
Jan  4 05:24:55 LabSZ sshd[18953]: pam_unix(sshd:auth): authentication failure; logname= uid=0 euid=0 tty=ssh ruser= rhost=182.100.67.52  user=root
Jan  4 05:24:56 LabSZ sshd[18945]: message repeated 5 times: [ Failed password for root from 218.87.109.156 port 17752 ssh2]
Jan  4 05:24:56 LabSZ sshd[18945]: Disconnecting: Too many authentication failures for root [preauth]
Jan  4 05:24:56 LabSZ sshd[18945]: PAM 5 more authentication failures; logname= uid=0 euid=0 tty=ssh ruser= rhost=218.87.109.156  user=root
Jan  4 05:24:56 LabSZ sshd[18945]: PAM service(sshd) ignoring max retries; 6 > 3
Jan  4 05:24:56 LabSZ sshd[18950]: Failed password for root from 59.63.188.30 port 34727 ssh2
Jan  4 05:24:57 LabSZ sshd[18955]: pam_unix(sshd:auth): authentication failure; logname= uid=0 euid=0 tty=ssh ruser= rhost=218.87.109.156  user=root
Jan  4 05:24:58 LabSZ sshd[18953]: Failed password for root from 182.100.67.52 port 39942 ssh2
Jan  4 05:24:59 LabSZ sshd[18955]: Failed password for root from 218.87.109.156 port 52148 ssh2
Jan  4 05:25:07 LabSZ sshd[18947]: message repeated 5 times: [ Failed password for root from 59.63.188.30 port 26168 ssh2]
Jan  4 05:25:07 LabSZ sshd[18947]: Disconnecting: Too many authentication failures for root [preauth]
Jan  4 05:25:07 LabSZ sshd[18947]: PAM 5 more authentication failures; logname= uid=0 euid=0 tty=ssh ruser= rhost=59.63.188.30  user=root
Jan  4 05:25:07 LabSZ sshd[18947]: PAM service(sshd) ignoring max retries; 6 > 3
Jan  4 05:25:08 LabSZ sshd[18957]: pam_unix(sshd:auth): authentication failure; logname= uid=0 euid=0 tty=ssh ruser= rhost=59.63.188.30  user=root
Jan  4 05:25:10 LabSZ sshd[18950]: message repeated 5 times: [ Failed password for root from 59.63.188.30 port 34727 ssh2]
Jan  4 05:25:10 LabSZ sshd[18950]: Disconnecting: Too many authentication failures for root [preauth]
Jan  4 05:25:10 LabSZ sshd[18950]: PAM 5 more authentication failures; logname= uid=0 euid=0 tty=ssh ruser= rhost=59.63.188.30  user=root
Jan  4 05:25:10 LabSZ sshd[18950]: PAM service(sshd) ignoring max retries; 6 > 3
Jan  4 05:25:11 LabSZ sshd[18957]: Failed password for root from 59.63.188.30 port 49220 ssh2
Jan  4 05:25:11 LabSZ sshd[18953]: message repeated 5 times: [ Failed password for root from 182.100.67.52 port 39942 ssh2]
Jan  4 05:25:11 LabSZ sshd[18953]: Disconnecting: Too many authentication failures for root [preauth]
