Jan  4 12:47:45 LabSZ sshd[31191]: PAM 5 more authentication failures; logname= uid=0 euid=0 tty=ssh ruser= rhost=59.63.188.30  user=root
Jan  4 12:47:45 LabSZ sshd[31191]: PAM service(sshd) ignoring max retries; 6 > 3
Jan  4 12:47:46 LabSZ sshd[31195]: pam_unix(sshd:auth): authentication failure; logname= uid=0 euid=0 tty=ssh ruser= rhost=59.63.188.30  user=root
Jan  4 12:47:48 LabSZ sshd[31195]: Failed password for root from 59.63.188.30 port 43948 ssh2
Jan  4 12:47:53 LabSZ sshd[31197]: Invalid user  0101 from 5.188.10.156
Jan  4 12:47:53 LabSZ sshd[31197]: input_userauth_request: invalid user  0101 [preauth]
Jan  4 12:47:53 LabSZ sshd[31197]: pam_unix(sshd:auth): check pass; user unknown
Jan  4 12:47:53 LabSZ sshd[31197]: pam_unix(sshd:auth): authentication failure; logname= uid=0 euid=0 tty=ssh ruser= rhost=5.188.10.156 
Jan  4 12:47:55 LabSZ sshd[31197]: Failed password for invalid user  0101 from 5.188.10.156 port 45314 ssh2
Jan  4 12:47:56 LabSZ sshd[31193]: message repeated 5 times: [ Failed password for root from 59.63.188.30 port 37733 ssh2]
Jan  4 12:47:56 LabSZ sshd[31193]: Disconnecting: Too many authentication failures for root [preauth]
Jan  4 12:47:56 LabSZ sshd[31193]: PAM 5 more authentication failures; logname= uid=0 euid=0 tty=ssh ruser= rhost=59.63.188.30  user=root
Jan  4 12:47:56 LabSZ sshd[31193]: PAM service(sshd) ignoring max retries; 6 > 3
Jan  4 12:47:57 LabSZ sshd[31199]: pam_unix(sshd:auth): authentication failure; logname= uid=0 euid=0 tty=ssh ruser= rhost=59.63.188.30  user=root
Jan  4 12:47:57 LabSZ sshd[31197]: Connection closed by 5.188.10.156 [preauth]
Jan  4 12:47:59 LabSZ sshd[31199]: Failed password for root from 59.63.188.30 port 56821 ssh2
Jan  4 12:48:00 LabSZ sshd[31195]: message repeated 5 times: [ Failed password for root from 59.63.188.30 port 43948 ssh2]
Jan  4 12:48:00 LabSZ sshd[31195]: Disconnecting: Too many authentication failures for root [preauth]
Jan  4 12:48:00 LabSZ sshd[31195]: PAM 5 more authentication failures; logname= uid=0 euid=0 tty=ssh ruser= rhost=59.63.188.30  user=root
Jan  4 12:48:00 LabSZ sshd[31195]: PAM service(sshd) ignoring max retries; 6 > 3
Jan  4 12:48:01 LabSZ sshd[31202]: pam_unix(sshd:auth): authentication failure; logname= uid=0 euid=0 tty=ssh ruser= rhost=59.63.188.30  user=root
Jan  4 12:48:03 LabSZ sshd[31202]: Failed password for root from 59.63.188.30 port 62174 ssh2
Jan  4 12:48:11 LabSZ sshd[31199]: message repeated 5 times: [ Failed password for root from 59.63.188.30 port 56821 ssh2]
Jan  4 12:48:11 LabSZ sshd[31199]: Disconnecting: Too many authentication failures for root [preauth]
Jan  4 12:48:11 LabSZ sshd[31199]: PAM 5 more authentication failures; logname= uid=0 euid=0 tty=ssh ruser= rhost=59.63.188.30  user=root
Jan  4 12:48:11 LabSZ sshd[31199]: PAM service(sshd) ignoring max retries; 6 > 3
Jan  4 12:48:13 LabSZ sshd[31205]: pam_unix(sshd:auth): authentication failure; logname= uid=0 euid=0 tty=ssh ruser= rhost=59.63.188.30  user=root
Jan  4 12:48:14 LabSZ sshd[31205]: Failed password for root from 59.63.188.30 port 10821 ssh2
Jan  4 12:48:14 LabSZ sshd[31202]: message repeated 5 times: [ Failed password for root from 59.63.188.30 port 62174 ssh2]
Jan  4 12:48:14 LabSZ sshd[31202]: Disconnecting: Too many authentication failures for root [preauth]
Jan  4 12:48:14 LabSZ sshd[31202]: PAM 5 more authentication failures; logname= uid=0 euid=0 tty=ssh ruser= rhost=59.63.188.30  user=root
Jan  4 12:48:14 LabSZ sshd[31202]: PAM service(sshd) ignoring max retries; 6 > 3
Jan  4 12:48:15 LabSZ sshd[31207]: pam_unix(sshd:auth): authentication failure; logname= uid=0 euid=0 tty=ssh ruser= rhost=59.63.188.30  user=root
Jan  4 12:48:17 LabSZ sshd[31207]: Failed password for root from 59.63.188.30 port 14276 ssh2
Jan  4 12:48:18 LabSZ sshd[31201]: Invalid user 0 from 5.188.10.156
Jan  4 12:48:18 LabSZ sshd[31201]: input_userauth_request: invalid user 0 [preauth]
Jan  4 12:48:18 LabSZ sshd[31201]: Failed none for invalid user 0 from 5.188.10.156 port 37458 ssh2
Jan  4 12:48:22 LabSZ sshd[31201]: pam_unix(sshd:auth): check pass; user unknown
Jan  4 12:48:22 LabSZ sshd[31201]: pam_unix(sshd:auth): authentication failure; logname= uid=0 euid=0 tty=ssh ruser= rhost=5.188.10.156 
Jan  4 12:48:24 LabSZ sshd[31201]: Failed password for invalid user 0 from 5.188.10.156 port 37458 ssh2
Jan  4 12:48:26 LabSZ sshd[31205]: message repeated 5 times: [ Failed password for root from 59.63.188.30 port 10821 ssh2]
Jan  4 12:48:26 LabSZ sshd[31205]: Disconnecting: Too many authentication failures for root [preauth]
Jan  4 12:48:26 LabSZ sshd[31205]: PAM 5 more authentication failures; logname= uid=0 euid=0 tty=ssh ruser= rhost=59.63.188.30  user=root
Jan  4 12:48:26 LabSZ sshd[31205]: PAM service(sshd) ignoring max retries; 6 > 3
Jan  4 12:48:27 LabSZ sshd[31209]: pam_unix(sshd:auth): authentication failure; logname= uid=0 euid=0 tty=ssh ruser= rhost=59.63.188.30  user=root
Jan  4 12:48:29 LabSZ sshd[31207]: message repeated 5 times: [ Failed password for root from 59.63.188.30 port 14276 ssh2]
Jan  4 12:48:29 LabSZ sshd[31207]: Disconnecting: Too many authentication failures for root [preauth]
Jan  4 12:48:29 LabSZ sshd[31207]: PAM 5 more authentication failures; logname= uid=0 euid=0 tty=ssh ruser= rhost=59.63.188.30  user=root
Jan  4 12:48:29 LabSZ sshd[31207]: PAM service(sshd) ignoring max retries; 6 > 3
Jan  4 12:48:30 LabSZ sshd[31209]: Failed password for root from 59.63.188.30 port 28239 ssh2
Jan  4 12:48:30 LabSZ sshd[31211]: pam_unix(sshd:auth): authentication failure; logname= uid=0 euid=0 tty=ssh ruser= rhost=59.63.188.30  user=root
Jan  4 12:48:32 LabSZ sshd[31211]: Failed password for root from 59.63.188.30 port 31627 ssh2
Jan  4 12:48:35 LabSZ sshd[31201]: Connection closed by 5.188.10.156 [preauth]
Jan  4 12:48:41 LabSZ sshd[31209]: message repeated 5 times: [ Failed password for root from 59.63.188.30 port 28239 ssh2]
Jan  4 12:48:41 LabSZ sshd[31209]: Disconnecting: Too many authentication failures for root [preauth]
Jan  4 12:48:41 LabSZ sshd[31209]: PAM 5 more authentication failures; logname= uid=0 euid=0 tty=ssh ruser= rhost=59.63.188.30  user=root
Jan  4 12:48:41 LabSZ sshd[31209]: PAM service(sshd) ignoring max retries; 6 > 3
Jan  4 12:48:43 LabSZ sshd[31215]: pam_unix(sshd:auth): authentication failure; logname= uid=0 euid=0 tty=ssh ruser= rhost=59.63.188.30  user=root
Jan  4 12:48:44 LabSZ sshd[31211]: message repeated 5 times: [ Failed password for root from 59.63.188.30 port 31627 ssh2]
Jan  4 12:48:44 LabSZ sshd[31211]: Disconnecting: Too many authentication failures for root [preauth]
Jan  4 12:48:44 LabSZ sshd[31211]: PAM 5 more authentication failures; logname= uid=0 euid=0 tty=ssh ruser= rhost=59.63.188.30  user=root
Jan  4 12:48:44 LabSZ sshd[31211]: PAM service(sshd) ignoring max retries; 6 > 3
Jan  4 12:48:45 LabSZ sshd[31215]: Failed password for root from 59.63.188.30 port 46663 ssh2
Jan  4 12:48:50 LabSZ sshd[31217]: pam_unix(sshd:auth): authentication failure; logname= uid=0 euid=0 tty=ssh ruser= rhost=59.63.188.30  user=root
Jan  4 12:48:52 LabSZ sshd[31217]: Failed password for root from 59.63.188.30 port 49495 ssh2
Jan  4 12:48:55 LabSZ sshd[31213]: Invalid user 1234 from 5.188.10.156
Jan  4 12:48:55 LabSZ sshd[31213]: input_userauth_request: invalid user 1234 [preauth]
Jan  4 12:48:55 LabSZ sshd[31213]: pam_unix(sshd:auth): check pass; user unknown
Jan  4 12:48:55 LabSZ sshd[31213]: pam_unix(sshd:auth): authentication failure; logname= uid=0 euid=0 tty=ssh ruser= rhost=5.188.10.156 
Jan  4 12:48:57 LabSZ sshd[31215]: message repeated 5 times: [ Failed password for root from 59.63.188.30 port 46663 ssh2]
Jan  4 12:48:57 LabSZ sshd[31215]: Disconnecting: Too many authentication failures for root [preauth]
Jan  4 12:48:57 LabSZ sshd[31215]: PAM 5 more authentication failures; logname= uid=0 euid=0 tty=ssh ruser= rhost=59.63.188.30  user=root
Jan  4 12:48:57 LabSZ sshd[31215]: PAM service(sshd) ignoring max retries; 6 > 3
Jan  4 12:48:57 LabSZ sshd[31213]: Failed password for invalid user 1234 from 5.188.10.156 port 49953 ssh2
Jan  4 12:48:58 LabSZ sshd[31219]: pam_unix(sshd:auth): authentication failure; logname= uid=0 euid=0 tty=ssh ruser= rhost=59.63.188.30  user=root
Jan  4 12:49:00 LabSZ sshd[31219]: Failed password for root from 59.63.188.30 port 64100 ssh2
Jan  4 12:49:03 LabSZ sshd[31213]: Connection closed by 5.188.10.156 [preauth]
Jan  4 12:49:04 LabSZ sshd[31217]: message repeated 5 times: [ Failed password for root from 59.63.188.30 port 49495 ssh2]
Jan  4 12:49:04 LabSZ sshd[31217]: Disconnecting: Too many authentication failures for root [preauth]
Jan  4 12:49:04 LabSZ sshd[31217]: PAM 5 more authentication failures; logname= uid=0 euid=0 tty=ssh ruser= rhost=59.63.188.30  user=root
Jan  4 12:49:04 LabSZ sshd[31217]: PAM service(sshd) ignoring max retries; 6 > 3
Jan  4 12:49:06 LabSZ sshd[31222]: pam_unix(sshd:auth): authentication failure; logname= uid=0 euid=0 tty=ssh ruser= rhost=59.63.188.30  user=root
Jan  4 12:49:07 LabSZ sshd[31222]: Failed password for root from 59.63.188.30 port 8727 ssh2
Jan  4 12:49:12 LabSZ sshd[31219]: message repeated 5 times: [ Failed password for root from 59.63.188.30 port 64100 ssh2]
Jan  4 12:49:12 LabSZ sshd[31219]: Disconnecting: Too many authentication failures for root [preauth]
Jan  4 12:49:12 LabSZ sshd[31219]: PAM 5 more authentication failures; logname= uid=0 euid=0 tty=ssh ruser= rhost=59.63.188.30  user=root
Jan  4 12:49:12 LabSZ sshd[31219]: PAM service(sshd) ignoring max retries; 6 > 3
Jan  4 12:49:13 LabSZ sshd[31225]: pam_unix(sshd:auth): authentication failure; logname= uid=0 euid=0 tty=ssh ruser= rhost=59.63.188.30  user=root
Jan  4 12:49:15 LabSZ sshd[31225]: Failed password for root from 59.63.188.30 port 17099 ssh2
Jan  4 12:49:19 LabSZ sshd[31221]: Invalid user admin from 5.188.10.156
Jan  4 12:49:19 LabSZ sshd[31221]: input_userauth_request: invalid user admin [preauth]
Jan  4 12:49:19 LabSZ sshd[31221]: Failed none for invalid user admin from 5.188.10.156 port 43240 ssh2
Jan  4 12:49:20 LabSZ sshd[31222]: message repeated 5 times: [ Failed password for root from 59.63.188.30 port 8727 ssh2]
Jan  4 12:49:20 LabSZ sshd[31222]: Disconnecting: Too many authentication failures for root [preauth]
Jan  4 12:49:20 LabSZ sshd[31222]: PAM 5 more authentication failures; logname= uid=0 euid=0 tty=ssh ruser= rhost=59.63.188.30  user=root
Jan  4 12:49:20 LabSZ sshd[31222]: PAM service(sshd) ignoring max retries; 6 > 3
Jan  4 12:49:21 LabSZ sshd[31221]: Connection closed by 5.188.10.156 [preauth]
Jan  4 12:49:21 LabSZ sshd[31228]: pam_unix(sshd:auth): authentication failure; logname= uid=0 euid=0 tty=ssh ruser= rhost=59.63.188.30  user=root
Jan  4 12:49:24 LabSZ sshd[31228]: Failed password for root from 59.63.188.30 port 27059 ssh2
Jan  4 12:49:27 LabSZ sshd[31225]: message repeated 5 times: [ Failed password for root from 59.63.188.30 port 17099 ssh2]
