Jan  4 01:55:53 LabSZ sshd[12923]: Failed password for root from 59.63.188.30 port 29401 ssh2
Jan  4 01:55:54 LabSZ sshd[12919]: message repeated 5 times: [ Failed password for root from 59.63.188.30 port 13645 ssh2]
Jan  4 01:55:54 LabSZ sshd[12919]: Disconnecting: Too many authentication failures for root [preauth]
Jan  4 01:55:54 LabSZ sshd[12919]: PAM 5 more authentication failures; logname= uid=0 euid=0 tty=ssh ruser= rhost=59.63.188.30  user=root
Jan  4 01:55:54 LabSZ sshd[12919]: PAM service(sshd) ignoring max retries; 6 > 3
Jan  4 01:55:55 LabSZ sshd[12925]: pam_unix(sshd:auth): authentication failure; logname= uid=0 euid=0 tty=ssh ruser= rhost=59.63.188.30  user=root
Jan  4 01:55:55 LabSZ sshd[12921]: message repeated 5 times: [ Failed password for root from 218.87.109.156 port 13234 ssh2]
Jan  4 01:55:55 LabSZ sshd[12921]: Disconnecting: Too many authentication failures for root [preauth]
Jan  4 01:55:55 LabSZ sshd[12921]: PAM 5 more authentication failures; logname= uid=0 euid=0 tty=ssh ruser= rhost=218.87.109.156  user=root
Jan  4 01:55:55 LabSZ sshd[12921]: PAM service(sshd) ignoring max retries; 6 > 3
Jan  4 01:55:56 LabSZ sshd[12927]: pam_unix(sshd:auth): authentication failure; logname= uid=0 euid=0 tty=ssh ruser= rhost=218.87.109.156  user=root
Jan  4 01:55:57 LabSZ sshd[12925]: Failed password for root from 59.63.188.30 port 35569 ssh2
Jan  4 01:55:59 LabSZ sshd[12927]: Failed password for root from 218.87.109.156 port 58090 ssh2
Jan  4 01:56:07 LabSZ sshd[12923]: message repeated 5 times: [ Failed password for root from 59.63.188.30 port 29401 ssh2]
Jan  4 01:56:07 LabSZ sshd[12923]: Disconnecting: Too many authentication failures for root [preauth]
Jan  4 01:56:07 LabSZ sshd[12923]: PAM 5 more authentication failures; logname= uid=0 euid=0 tty=ssh ruser= rhost=59.63.188.30  user=root
Jan  4 01:56:07 LabSZ sshd[12923]: PAM service(sshd) ignoring max retries; 6 > 3
Jan  4 01:56:08 LabSZ sshd[12929]: pam_unix(sshd:auth): authentication failure; logname= uid=0 euid=0 tty=ssh ruser= rhost=59.63.188.30  user=root
Jan  4 01:56:10 LabSZ sshd[12929]: Failed password for root from 59.63.188.30 port 51692 ssh2
Jan  4 01:56:11 LabSZ sshd[12925]: message repeated 5 times: [ Failed password for root from 59.63.188.30 port 35569 ssh2]
Jan  4 01:56:11 LabSZ sshd[12925]: Disconnecting: Too many authentication failures for root [preauth]
Jan  4 01:56:11 LabSZ sshd[12925]: PAM 5 more authentication failures; logname= uid=0 euid=0 tty=ssh ruser= rhost=59.63.188.30  user=root
Jan  4 01:56:11 LabSZ sshd[12925]: PAM service(sshd) ignoring max retries; 6 > 3
Jan  4 01:56:12 LabSZ sshd[12931]: pam_unix(sshd:auth): authentication failure; logname= uid=0 euid=0 tty=ssh ruser= rhost=59.63.188.30  user=root
Jan  4 01:56:13 LabSZ sshd[12927]: message repeated 5 times: [ Failed password for root from 218.87.109.156 port 58090 ssh2]
Jan  4 01:56:13 LabSZ sshd[12927]: Disconnecting: Too many authentication failures for root [preauth]
Jan  4 01:56:13 LabSZ sshd[12927]: PAM 5 more authentication failures; logname= uid=0 euid=0 tty=ssh ruser= rhost=218.87.109.156  user=root
Jan  4 01:56:13 LabSZ sshd[12927]: PAM service(sshd) ignoring max retries; 6 > 3
Jan  4 01:56:14 LabSZ sshd[12933]: pam_unix(sshd:auth): authentication failure; logname= uid=0 euid=0 tty=ssh ruser= rhost=218.87.109.156  user=root
Jan  4 01:56:15 LabSZ sshd[12931]: Failed password for root from 59.63.188.30 port 57848 ssh2
Jan  4 01:56:16 LabSZ sshd[12933]: Failed password for root from 218.87.109.156 port 38052 ssh2
Jan  4 01:56:19 LabSZ sshd[12935]: reverse mapping checking getaddrinfo for 179-150-5-219.user.vivozap.com.br [179.150.5.219] failed - POSSIBLE BREAK-IN ATTEMPT!
Jan  4 01:56:19 LabSZ sshd[12935]: pam_unix(sshd:auth): authentication failure; logname= uid=0 euid=0 tty=ssh ruser= rhost=179.150.5.219  user=root
Jan  4 01:56:21 LabSZ sshd[12935]: Failed password for root from 179.150.5.219 port 2739 ssh2
Jan  4 01:56:22 LabSZ sshd[12935]: Received disconnect from 179.150.5.219: 11: Bye Bye [preauth]
Jan  4 01:56:24 LabSZ sshd[12929]: message repeated 5 times: [ Failed password for root from 59.63.188.30 port 51692 ssh2]
Jan  4 01:56:24 LabSZ sshd[12929]: Disconnecting: Too many authentication failures for root [preauth]
Jan  4 01:56:24 LabSZ sshd[12929]: PAM 5 more authentication failures; logname= uid=0 euid=0 tty=ssh ruser= rhost=59.63.188.30  user=root
Jan  4 01:56:24 LabSZ sshd[12929]: PAM service(sshd) ignoring max retries; 6 > 3
Jan  4 01:56:25 LabSZ sshd[12937]: pam_unix(sshd:auth): authentication failure; logname= uid=0 euid=0 tty=ssh ruser= rhost=59.63.188.30  user=root
Jan  4 01:56:27 LabSZ sshd[12937]: Failed password for root from 59.63.188.30 port 9038 ssh2
Jan  4 01:56:27 LabSZ sshd[12931]: message repeated 5 times: [ Failed password for root from 59.63.188.30 port 57848 ssh2]
Jan  4 01:56:27 LabSZ sshd[12931]: Disconnecting: Too many authentication failures for root [preauth]
Jan  4 01:56:27 LabSZ sshd[12931]: PAM 5 more authentication failures; logname= uid=0 euid=0 tty=ssh ruser= rhost=59.63.188.30  user=root
Jan  4 01:56:27 LabSZ sshd[12931]: PAM service(sshd) ignoring max retries; 6 > 3
Jan  4 01:56:28 LabSZ sshd[12939]: pam_unix(sshd:auth): authentication failure; logname= uid=0 euid=0 tty=ssh ruser= rhost=59.63.188.30  user=root
Jan  4 01:56:30 LabSZ sshd[12933]: message repeated 5 times: [ Failed password for root from 218.87.109.156 port 38052 ssh2]
Jan  4 01:56:30 LabSZ sshd[12933]: Disconnecting: Too many authentication failures for root [preauth]
Jan  4 01:56:30 LabSZ sshd[12933]: PAM 5 more authentication failures; logname= uid=0 euid=0 tty=ssh ruser= rhost=218.87.109.156  user=root
Jan  4 01:56:30 LabSZ sshd[12933]: PAM service(sshd) ignoring max retries; 6 > 3
Jan  4 01:56:31 LabSZ sshd[12939]: Failed password for root from 59.63.188.30 port 14037 ssh2
Jan  4 01:56:32 LabSZ sshd[12941]: pam_unix(sshd:auth): authentication failure; logname= uid=0 euid=0 tty=ssh ruser= rhost=218.87.109.156  user=root
Jan  4 01:56:34 LabSZ sshd[12941]: Failed password for root from 218.87.109.156 port 18716 ssh2
Jan  4 01:56:40 LabSZ sshd[12937]: message repeated 5 times: [ Failed password for root from 59.63.188.30 port 9038 ssh2]
Jan  4 01:56:40 LabSZ sshd[12937]: Disconnecting: Too many authentication failures for root [preauth]
Jan  4 01:56:40 LabSZ sshd[12937]: PAM 5 more authentication failures; logname= uid=0 euid=0 tty=ssh ruser= rhost=59.63.188.30  user=root
Jan  4 01:56:40 LabSZ sshd[12937]: PAM service(sshd) ignoring max retries; 6 > 3
Jan  4 01:56:41 LabSZ sshd[12943]: pam_unix(sshd:auth): authentication failure; logname= uid=0 euid=0 tty=ssh ruser= rhost=59.63.188.30  user=root
Jan  4 01:56:43 LabSZ sshd[12943]: Failed password for root from 59.63.188.30 port 29776 ssh2
Jan  4 01:56:44 LabSZ sshd[12939]: message repeated 5 times: [ Failed password for root from 59.63.188.30 port 14037 ssh2]
Jan  4 01:56:44 LabSZ sshd[12939]: Disconnecting: Too many authentication failures for root [preauth]
Jan  4 01:56:44 LabSZ sshd[12939]: PAM 5 more authentication failures; logname= uid=0 euid=0 tty=ssh ruser= rhost=59.63.188.30  user=root
Jan  4 01:56:44 LabSZ sshd[12939]: PAM service(sshd) ignoring max retries; 6 > 3
Jan  4 01:56:45 LabSZ sshd[12945]: pam_unix(sshd:auth): authentication failure; logname= uid=0 euid=0 tty=ssh ruser= rhost=59.63.188.30  user=root
Jan  4 01:56:47 LabSZ sshd[12941]: message repeated 5 times: [ Failed password for root from 218.87.109.156 port 18716 ssh2]
Jan  4 01:56:47 LabSZ sshd[12941]: Disconnecting: Too many authentication failures for root [preauth]
Jan  4 01:56:47 LabSZ sshd[12941]: PAM 5 more authentication failures; logname= uid=0 euid=0 tty=ssh ruser= rhost=218.87.109.156  user=root
Jan  4 01:56:47 LabSZ sshd[12941]: PAM service(sshd) ignoring max retries; 6 > 3
Jan  4 01:56:47 LabSZ sshd[12945]: Failed password for root from 59.63.188.30 port 35165 ssh2
Jan  4 01:56:51 LabSZ sshd[12947]: pam_unix(sshd:auth): authentication failure; logname= uid=0 euid=0 tty=ssh ruser= rhost=218.87.109.156  user=root
Jan  4 01:56:53 LabSZ sshd[12947]: Failed password for root from 218.87.109.156 port 60994 ssh2
Jan  4 01:56:56 LabSZ sshd[12943]: message repeated 5 times: [ Failed password for root from 59.63.188.30 port 29776 ssh2]
Jan  4 01:56:56 LabSZ sshd[12943]: Disconnecting: Too many authentication failures for root [preauth]
Jan  4 01:56:56 LabSZ sshd[12943]: PAM 5 more authentication failures; logname= uid=0 euid=0 tty=ssh ruser= rhost=59.63.188.30  user=root
Jan  4 01:56:56 LabSZ sshd[12943]: PAM service(sshd) ignoring max retries; 6 > 3
Jan  4 01:56:57 LabSZ sshd[12949]: pam_unix(sshd:auth): authentication failure; logname= uid=0 euid=0 tty=ssh ruser= rhost=59.63.188.30  user=root
Jan  4 01:56:59 LabSZ sshd[12949]: Failed password for root from 59.63.188.30 port 50387 ssh2
Jan  4 01:57:00 LabSZ sshd[12945]: message repeated 5 times: [ Failed password for root from 59.63.188.30 port 35165 ssh2]
Jan  4 01:57:00 LabSZ sshd[12945]: Disconnecting: Too many authentication failures for root [preauth]
Jan  4 01:57:00 LabSZ sshd[12945]: PAM 5 more authentication failures; logname= uid=0 euid=0 tty=ssh ruser= rhost=59.63.188.30  user=root
Jan  4 01:57:00 LabSZ sshd[12945]: PAM service(sshd) ignoring max retries; 6 > 3
Jan  4 01:57:01 LabSZ sshd[12951]: Invalid user  0101 from 181.214.87.4
Jan  4 01:57:01 LabSZ sshd[12951]: input_userauth_request: invalid user  0101 [preauth]
Jan  4 01:57:01 LabSZ sshd[12951]: pam_unix(sshd:auth): check pass; user unknown
Jan  4 01:57:01 LabSZ sshd[12951]: pam_unix(sshd:auth): authentication failure; logname= uid=0 euid=0 tty=ssh ruser= rhost=181.214.87.4 
Jan  4 01:57:01 LabSZ sshd[12953]: pam_unix(sshd:auth): authentication failure; logname= uid=0 euid=0 tty=ssh ruser= rhost=59.63.188.30  user=root
Jan  4 01:57:02 LabSZ sshd[12951]: Failed password for invalid user  0101 from 181.214.87.4 port 48813 ssh2
Jan  4 01:57:02 LabSZ sshd[12953]: Failed password for root from 59.63.188.30 port 55829 ssh2
Jan  4 01:57:04 LabSZ sshd[12951]: Connection closed by 181.214.87.4 [preauth]
Jan  4 01:57:07 LabSZ sshd[12947]: message repeated 5 times: [ Failed password for root from 218.87.109.156 port 60994 ssh2]
Jan  4 01:57:07 LabSZ sshd[12947]: Disconnecting: Too many authentication failures for root [preauth]
Jan  4 01:57:07 LabSZ sshd[12947]: PAM 5 more authentication failures; logname= uid=0 euid=0 tty=ssh ruser= rhost=218.87.109.156  user=root
Jan  4 01:57:07 LabSZ sshd[12947]: PAM service(sshd) ignoring max retries; 6 > 3
Jan  4 01:57:08 LabSZ sshd[12957]: pam_unix(sshd:auth): authentication failure; logname= uid=0 euid=0 tty=ssh ruser= rhost=218.87.109.156  user=root
Jan  4 01:57:08 LabSZ sshd[12955]: Invalid user 0 from 181.214.87.4
Jan  4 01:57:08 LabSZ sshd[12955]: input_userauth_request: invalid user 0 [preauth]
Jan  4 01:57:08 LabSZ sshd[12955]: Failed none for invalid user 0 from 181.214.87.4 port 34733 ssh2
Jan  4 01:57:09 LabSZ sshd[12955]: pam_unix(sshd:auth): check pass; user unknown
Jan  4 01:57:09 LabSZ sshd[12955]: pam_unix(sshd:auth): authentication failure; logname= uid=0 euid=0 tty=ssh ruser= rhost=181.214.87.4 
Jan  4 01:57:11 LabSZ sshd[12957]: Failed password for root from 218.87.109.156 port 48304 ssh2
