Jan  4 16:54:07 LabSZ sshd[3241]: Invalid user admin from 5.188.10.156
Jan  4 16:54:07 LabSZ sshd[3241]: input_userauth_request: invalid user admin [preauth]
Jan  4 16:54:07 LabSZ sshd[3241]: pam_unix(sshd:auth): check pass; user unknown
Jan  4 16:54:07 LabSZ sshd[3241]: pam_unix(sshd:auth): authentication failure; logname= uid=0 euid=0 tty=ssh ruser= rhost=5.188.10.156 
Jan  4 16:54:08 LabSZ sshd[3243]: Failed password for root from 59.63.188.30 port 47620 ssh2
Jan  4 16:54:09 LabSZ sshd[3241]: Failed password for invalid user admin from 5.188.10.156 port 36537 ssh2
Jan  4 16:54:09 LabSZ sshd[3241]: pam_unix(sshd:auth): check pass; user unknown
Jan  4 16:54:12 LabSZ sshd[3241]: Failed password for invalid user admin from 5.188.10.156 port 36537 ssh2
Jan  4 16:54:12 LabSZ sshd[3231]: message repeated 5 times: [ Failed password for root from 59.63.188.30 port 37489 ssh2]
Jan  4 16:54:12 LabSZ sshd[3231]: Disconnecting: Too many authentication failures for root [preauth]
Jan  4 16:54:12 LabSZ sshd[3231]: PAM 5 more authentication failures; logname= uid=0 euid=0 tty=ssh ruser= rhost=59.63.188.30  user=root
Jan  4 16:54:12 LabSZ sshd[3231]: PAM service(sshd) ignoring max retries; 6 > 3
Jan  4 16:54:12 LabSZ sshd[3245]: pam_unix(sshd:auth): authentication failure; logname= uid=0 euid=0 tty=ssh ruser= rhost=218.4.104.194  user=nobody
Jan  4 16:54:12 LabSZ sshd[3241]: pam_unix(sshd:auth): check pass; user unknown
Jan  4 16:54:13 LabSZ sshd[3247]: pam_unix(sshd:auth): authentication failure; logname= uid=0 euid=0 tty=ssh ruser= rhost=59.63.188.30  user=root
Jan  4 16:54:14 LabSZ sshd[3245]: Failed password for nobody from 218.4.104.194 port 32905 ssh2
Jan  4 16:54:14 LabSZ sshd[3245]: Received disconnect from 218.4.104.194: 11: Bye Bye [preauth]
Jan  4 16:54:14 LabSZ sshd[3241]: Failed password for invalid user admin from 5.188.10.156 port 36537 ssh2
Jan  4 16:54:14 LabSZ sshd[3241]: pam_unix(sshd:auth): check pass; user unknown
Jan  4 16:54:14 LabSZ sshd[3249]: pam_unix(sshd:auth): authentication failure; logname= uid=0 euid=0 tty=ssh ruser= rhost=218.4.104.194  user=root
Jan  4 16:54:16 LabSZ sshd[3247]: Failed password for root from 59.63.188.30 port 55813 ssh2
Jan  4 16:54:17 LabSZ sshd[3241]: Failed password for invalid user admin from 5.188.10.156 port 36537 ssh2
Jan  4 16:54:17 LabSZ sshd[3249]: Failed password for root from 218.4.104.194 port 33751 ssh2
Jan  4 16:54:17 LabSZ sshd[3249]: Received disconnect from 218.4.104.194: 11: Bye Bye [preauth]
Jan  4 16:54:17 LabSZ sshd[3241]: pam_unix(sshd:auth): check pass; user unknown
Jan  4 16:54:17 LabSZ sshd[3251]: pam_unix(sshd:auth): authentication failure; logname= uid=0 euid=0 tty=ssh ruser= rhost=218.4.104.194  user=backup
Jan  4 16:54:19 LabSZ sshd[3241]: Failed password for invalid user admin from 5.188.10.156 port 36537 ssh2
Jan  4 16:54:19 LabSZ sshd[3251]: Failed password for backup from 218.4.104.194 port 34051 ssh2
Jan  4 16:54:19 LabSZ sshd[3251]: Received disconnect from 218.4.104.194: 11: Bye Bye [preauth]
Jan  4 16:54:19 LabSZ sshd[3241]: Connection closed by 5.188.10.156 [preauth]
Jan  4 16:54:19 LabSZ sshd[3241]: PAM 4 more authentication failures; logname= uid=0 euid=0 tty=ssh ruser= rhost=5.188.10.156 
Jan  4 16:54:19 LabSZ sshd[3241]: PAM service(sshd) ignoring max retries; 5 > 3
Jan  4 16:54:19 LabSZ sshd[3253]: Invalid user info from 218.4.104.194
Jan  4 16:54:19 LabSZ sshd[3253]: input_userauth_request: invalid user info [preauth]
Jan  4 16:54:19 LabSZ sshd[3253]: pam_unix(sshd:auth): check pass; user unknown
Jan  4 16:54:19 LabSZ sshd[3253]: pam_unix(sshd:auth): authentication failure; logname= uid=0 euid=0 tty=ssh ruser= rhost=218.4.104.194 
Jan  4 16:54:21 LabSZ sshd[3253]: Failed password for invalid user info from 218.4.104.194 port 34303 ssh2
Jan  4 16:54:21 LabSZ sshd[3253]: Received disconnect from 218.4.104.194: 11: Bye Bye [preauth]
Jan  4 16:54:21 LabSZ sshd[3243]: message repeated 5 times: [ Failed password for root from 59.63.188.30 port 47620 ssh2]
Jan  4 16:54:21 LabSZ sshd[3243]: Disconnecting: Too many authentication failures for root [preauth]
Jan  4 16:54:21 LabSZ sshd[3243]: PAM 5 more authentication failures; logname= uid=0 euid=0 tty=ssh ruser= rhost=59.63.188.30  user=root
Jan  4 16:54:21 LabSZ sshd[3243]: PAM service(sshd) ignoring max retries; 6 > 3
Jan  4 16:54:21 LabSZ sshd[3257]: Invalid user shop from 218.4.104.194
Jan  4 16:54:21 LabSZ sshd[3257]: input_userauth_request: invalid user shop [preauth]
Jan  4 16:54:21 LabSZ sshd[3257]: pam_unix(sshd:auth): check pass; user unknown
Jan  4 16:54:21 LabSZ sshd[3257]: pam_unix(sshd:auth): authentication failure; logname= uid=0 euid=0 tty=ssh ruser= rhost=218.4.104.194 
Jan  4 16:54:22 LabSZ sshd[3255]: Invalid user admin from 5.188.10.156
Jan  4 16:54:22 LabSZ sshd[3255]: input_userauth_request: invalid user admin [preauth]
Jan  4 16:54:22 LabSZ sshd[3255]: pam_unix(sshd:auth): check pass; user unknown
Jan  4 16:54:22 LabSZ sshd[3255]: pam_unix(sshd:auth): authentication failure; logname= uid=0 euid=0 tty=ssh ruser= rhost=5.188.10.156 
Jan  4 16:54:22 LabSZ sshd[3259]: pam_unix(sshd:auth): authentication failure; logname= uid=0 euid=0 tty=ssh ruser= rhost=59.63.188.30  user=root
Jan  4 16:54:23 LabSZ sshd[3257]: Failed password for invalid user shop from 218.4.104.194 port 34547 ssh2
Jan  4 16:54:23 LabSZ sshd[3257]: Received disconnect from 218.4.104.194: 11: Bye Bye [preauth]
Jan  4 16:54:24 LabSZ sshd[3255]: Failed password for invalid user admin from 5.188.10.156 port 49822 ssh2
Jan  4 16:54:24 LabSZ sshd[3261]: Invalid user sales from 218.4.104.194
Jan  4 16:54:24 LabSZ sshd[3261]: input_userauth_request: invalid user sales [preauth]
Jan  4 16:54:24 LabSZ sshd[3261]: pam_unix(sshd:auth): check pass; user unknown
Jan  4 16:54:24 LabSZ sshd[3261]: pam_unix(sshd:auth): authentication failure; logname= uid=0 euid=0 tty=ssh ruser= rhost=218.4.104.194 
Jan  4 16:54:24 LabSZ sshd[3255]: Connection closed by 5.188.10.156 [preauth]
Jan  4 16:54:24 LabSZ sshd[3259]: Failed password for root from 59.63.188.30 port 1832 ssh2
Jan  4 16:54:26 LabSZ sshd[3261]: Failed password for invalid user sales from 218.4.104.194 port 34837 ssh2
Jan  4 16:54:26 LabSZ sshd[3261]: Received disconnect from 218.4.104.194: 11: Bye Bye [preauth]
Jan  4 16:54:26 LabSZ sshd[3264]: Invalid user web from 218.4.104.194
Jan  4 16:54:26 LabSZ sshd[3264]: input_userauth_request: invalid user web [preauth]
Jan  4 16:54:26 LabSZ sshd[3264]: pam_unix(sshd:auth): check pass; user unknown
Jan  4 16:54:26 LabSZ sshd[3264]: pam_unix(sshd:auth): authentication failure; logname= uid=0 euid=0 tty=ssh ruser= rhost=218.4.104.194 
Jan  4 16:54:28 LabSZ sshd[3263]: Invalid user default from 5.188.10.156
Jan  4 16:54:28 LabSZ sshd[3263]: input_userauth_request: invalid user default [preauth]
Jan  4 16:54:28 LabSZ sshd[3263]: pam_unix(sshd:auth): check pass; user unknown
Jan  4 16:54:28 LabSZ sshd[3263]: pam_unix(sshd:auth): authentication failure; logname= uid=0 euid=0 tty=ssh ruser= rhost=5.188.10.156 
Jan  4 16:54:28 LabSZ sshd[3264]: Failed password for invalid user web from 218.4.104.194 port 35099 ssh2
Jan  4 16:54:29 LabSZ sshd[3264]: Received disconnect from 218.4.104.194: 11: Bye Bye [preauth]
Jan  4 16:54:29 LabSZ sshd[3247]: message repeated 5 times: [ Failed password for root from 59.63.188.30 port 55813 ssh2]
Jan  4 16:54:29 LabSZ sshd[3247]: Disconnecting: Too many authentication failures for root [preauth]
Jan  4 16:54:29 LabSZ sshd[3247]: PAM 5 more authentication failures; logname= uid=0 euid=0 tty=ssh ruser= rhost=59.63.188.30  user=root
Jan  4 16:54:29 LabSZ sshd[3247]: PAM service(sshd) ignoring max retries; 6 > 3
Jan  4 16:54:29 LabSZ sshd[3267]: Invalid user www from 218.4.104.194
Jan  4 16:54:29 LabSZ sshd[3267]: input_userauth_request: invalid user www [preauth]
Jan  4 16:54:29 LabSZ sshd[3267]: pam_unix(sshd:auth): check pass; user unknown
Jan  4 16:54:29 LabSZ sshd[3267]: pam_unix(sshd:auth): authentication failure; logname= uid=0 euid=0 tty=ssh ruser= rhost=218.4.104.194 
Jan  4 16:54:29 LabSZ sshd[3263]: Failed password for invalid user default from 5.188.10.156 port 37295 ssh2
Jan  4 16:54:30 LabSZ sshd[3263]: pam_unix(sshd:auth): check pass; user unknown
Jan  4 16:54:30 LabSZ sshd[3269]: pam_unix(sshd:auth): authentication failure; logname= uid=0 euid=0 tty=ssh ruser= rhost=59.63.188.30  user=root
Jan  4 16:54:31 LabSZ sshd[3267]: Failed password for invalid user www from 218.4.104.194 port 35395 ssh2
Jan  4 16:54:31 LabSZ sshd[3267]: Received disconnect from 218.4.104.194: 11: Bye Bye [preauth]
Jan  4 16:54:31 LabSZ sshd[3263]: Failed password for invalid user default from 5.188.10.156 port 37295 ssh2
Jan  4 16:54:32 LabSZ sshd[3271]: Invalid user wwwrun from 218.4.104.194
Jan  4 16:54:32 LabSZ sshd[3271]: input_userauth_request: invalid user wwwrun [preauth]
Jan  4 16:54:32 LabSZ sshd[3271]: pam_unix(sshd:auth): check pass; user unknown
Jan  4 16:54:32 LabSZ sshd[3271]: pam_unix(sshd:auth): authentication failure; logname= uid=0 euid=0 tty=ssh ruser= rhost=218.4.104.194 
Jan  4 16:54:32 LabSZ sshd[3269]: Failed password for root from 59.63.188.30 port 11329 ssh2
Jan  4 16:54:32 LabSZ sshd[3263]: Connection closed by 5.188.10.156 [preauth]
Jan  4 16:54:32 LabSZ sshd[3263]: PAM 1 more authentication failure; logname= uid=0 euid=0 tty=ssh ruser= rhost=5.188.10.156 
Jan  4 16:54:34 LabSZ sshd[3273]: pam_unix(sshd:auth): authentication failure; logname= uid=0 euid=0 tty=ssh ruser= rhost=5.188.10.156  user=ftp
Jan  4 16:54:34 LabSZ sshd[3271]: Failed password for invalid user wwwrun from 218.4.104.194 port 35627 ssh2
Jan  4 16:54:34 LabSZ sshd[3271]: Received disconnect from 218.4.104.194: 11: Bye Bye [preauth]
Jan  4 16:54:35 LabSZ sshd[3275]: Invalid user adam from 218.4.104.194
Jan  4 16:54:35 LabSZ sshd[3275]: input_userauth_request: invalid user adam [preauth]
Jan  4 16:54:35 LabSZ sshd[3275]: pam_unix(sshd:auth): check pass; user unknown
Jan  4 16:54:35 LabSZ sshd[3275]: pam_unix(sshd:auth): authentication failure; logname= uid=0 euid=0 tty=ssh ruser= rhost=218.4.104.194 
