Dec 11 19:47:55 LabSZ sshd[31697]: Failed password for root from 183.63.172.52 port 61666 ssh2
Dec 11 19:47:55 LabSZ sshd[31697]: Connection closed by 183.63.172.52 [preauth]
Dec 11 19:47:55 LabSZ sshd[31699]: pam_unix(sshd:auth): authentication failure; logname= uid=0 euid=0 tty=ssh ruser= rhost=183.63.172.52  user=root
Dec 11 19:47:57 LabSZ sshd[31693]: Failed password for root from 179.90.137.139 port 19950 ssh2
Dec 11 19:47:58 LabSZ sshd[31699]: Failed password for root from 183.63.172.52 port 61974 ssh2
Dec 11 19:47:58 LabSZ sshd[31699]: Connection closed by 183.63.172.52 [preauth]
Dec 11 19:47:58 LabSZ sshd[31701]: pam_unix(sshd:auth): authentication failure; logname= uid=0 euid=0 tty=ssh ruser= rhost=183.63.172.52  user=root
Dec 11 19:47:58 LabSZ sshd[31693]: Received disconnect from 179.90.137.139: 11: Bye Bye [preauth]
Dec 11 19:47:59 LabSZ sshd[31701]: Failed password for root from 183.63.172.52 port 62376 ssh2
Dec 11 19:47:59 LabSZ sshd[31701]: Connection closed by 183.63.172.52 [preauth]
Dec 11 19:47:59 LabSZ sshd[31704]: pam_unix(sshd:auth): authentication failure; logname= uid=0 euid=0 tty=ssh ruser= rhost=183.63.172.52  user=root
Dec 11 19:48:01 LabSZ sshd[31704]: Failed password for root from 183.63.172.52 port 62566 ssh2
Dec 11 19:48:01 LabSZ sshd[31704]: Connection closed by 183.63.172.52 [preauth]
Dec 11 19:48:01 LabSZ sshd[31707]: pam_unix(sshd:auth): authentication failure; logname= uid=0 euid=0 tty=ssh ruser= rhost=183.63.172.52  user=root
Dec 11 19:48:03 LabSZ sshd[31703]: reverse mapping checking getaddrinfo for 179-90-137-139.user.vivozap.com.br [179.90.137.139] failed - POSSIBLE BREAK-IN ATTEMPT!
Dec 11 19:48:03 LabSZ sshd[31707]: Failed password for root from 183.63.172.52 port 62952 ssh2
Dec 11 19:48:03 LabSZ sshd[31707]: Connection closed by 183.63.172.52 [preauth]
Dec 11 19:48:03 LabSZ sshd[31709]: pam_unix(sshd:auth): authentication failure; logname= uid=0 euid=0 tty=ssh ruser= rhost=183.63.172.52  user=root
Dec 11 19:48:04 LabSZ sshd[31703]: pam_unix(sshd:auth): authentication failure; logname= uid=0 euid=0 tty=ssh ruser= rhost=179.90.137.139  user=root
Dec 11 19:48:05 LabSZ sshd[31703]: Failed password for root from 179.90.137.139 port 19951 ssh2
Dec 11 19:48:06 LabSZ sshd[31709]: Failed password for root from 183.63.172.52 port 63298 ssh2
Dec 11 19:48:06 LabSZ sshd[31709]: Connection closed by 183.63.172.52 [preauth]
Dec 11 19:48:06 LabSZ sshd[31711]: pam_unix(sshd:auth): authentication failure; logname= uid=0 euid=0 tty=ssh ruser= rhost=183.63.172.52  user=root
Dec 11 19:48:06 LabSZ sshd[31703]: Received disconnect from 179.90.137.139: 11: Bye Bye [preauth]
Dec 11 19:48:07 LabSZ sshd[31711]: Failed password for root from 183.63.172.52 port 63786 ssh2
Dec 11 19:48:07 LabSZ sshd[31711]: Connection closed by 183.63.172.52 [preauth]
Dec 11 19:48:08 LabSZ sshd[31715]: pam_unix(sshd:auth): authentication failure; logname= uid=0 euid=0 tty=ssh ruser= rhost=183.63.172.52  user=root
Dec 11 19:48:10 LabSZ sshd[31715]: Failed password for root from 183.63.172.52 port 64060 ssh2
Dec 11 19:48:10 LabSZ sshd[31715]: Connection closed by 183.63.172.52 [preauth]
Dec 11 19:48:10 LabSZ sshd[31717]: pam_unix(sshd:auth): authentication failure; logname= uid=0 euid=0 tty=ssh ruser= rhost=183.63.172.52  user=root
Dec 11 19:48:10 LabSZ sshd[31713]: reverse mapping checking getaddrinfo for 179-90-137-139.user.vivozap.com.br [179.90.137.139] failed - POSSIBLE BREAK-IN ATTEMPT!
Dec 11 19:48:10 LabSZ sshd[31713]: Invalid user ubnt from 179.90.137.139
Dec 11 19:48:11 LabSZ sshd[31713]: input_userauth_request: invalid user ubnt [preauth]
Dec 11 19:48:11 LabSZ sshd[31713]: pam_unix(sshd:auth): check pass; user unknown
Dec 11 19:48:11 LabSZ sshd[31713]: pam_unix(sshd:auth): authentication failure; logname= uid=0 euid=0 tty=ssh ruser= rhost=179.90.137.139 
Dec 11 19:48:11 LabSZ sshd[31717]: Failed password for root from 183.63.172.52 port 64458 ssh2
Dec 11 19:48:11 LabSZ sshd[31717]: Connection closed by 183.63.172.52 [preauth]
Dec 11 19:48:11 LabSZ sshd[31719]: pam_unix(sshd:auth): authentication failure; logname= uid=0 euid=0 tty=ssh ruser= rhost=183.63.172.52  user=root
Dec 11 19:48:13 LabSZ sshd[31713]: Failed password for invalid user ubnt from 179.90.137.139 port 19952 ssh2
Dec 11 19:48:13 LabSZ sshd[31719]: Failed password for root from 183.63.172.52 port 64720 ssh2
Dec 11 19:48:13 LabSZ sshd[31719]: Connection closed by 183.63.172.52 [preauth]
Dec 11 19:48:13 LabSZ sshd[31721]: pam_unix(sshd:auth): authentication failure; logname= uid=0 euid=0 tty=ssh ruser= rhost=183.63.172.52  user=root
Dec 11 19:48:15 LabSZ sshd[31713]: Received disconnect from 179.90.137.139: 11: Bye Bye [preauth]
Dec 11 19:48:15 LabSZ sshd[31721]: Failed password for root from 183.63.172.52 port 65076 ssh2
Dec 11 19:48:15 LabSZ sshd[31721]: Connection closed by 183.63.172.52 [preauth]
Dec 11 19:48:15 LabSZ sshd[31724]: pam_unix(sshd:auth): authentication failure; logname= uid=0 euid=0 tty=ssh ruser= rhost=183.63.172.52  user=root
Dec 11 19:48:17 LabSZ sshd[31724]: Failed password for root from 183.63.172.52 port 65408 ssh2
Dec 11 19:48:17 LabSZ sshd[31724]: Connection closed by 183.63.172.52 [preauth]
Dec 11 19:48:18 LabSZ sshd[31727]: pam_unix(sshd:auth): authentication failure; logname= uid=0 euid=0 tty=ssh ruser= rhost=183.63.172.52  user=root
Dec 11 19:48:18 LabSZ sshd[31723]: reverse mapping checking getaddrinfo for 179-90-137-139.user.vivozap.com.br [179.90.137.139] failed - POSSIBLE BREAK-IN ATTEMPT!
Dec 11 19:48:19 LabSZ sshd[31723]: pam_unix(sshd:auth): authentication failure; logname= uid=0 euid=0 tty=ssh ruser= rhost=179.90.137.139  user=root
Dec 11 19:48:19 LabSZ sshd[31727]: Failed password for root from 183.63.172.52 port 1304 ssh2
Dec 11 19:48:20 LabSZ sshd[31727]: Connection closed by 183.63.172.52 [preauth]
Dec 11 19:48:20 LabSZ sshd[31729]: pam_unix(sshd:auth): authentication failure; logname= uid=0 euid=0 tty=ssh ruser= rhost=183.63.172.52  user=root
Dec 11 19:48:21 LabSZ sshd[31723]: Failed password for root from 179.90.137.139 port 19953 ssh2
Dec 11 19:48:21 LabSZ sshd[31729]: Failed password for root from 183.63.172.52 port 1648 ssh2
Dec 11 19:48:21 LabSZ sshd[31729]: Connection closed by 183.63.172.52 [preauth]
Dec 11 19:48:22 LabSZ sshd[31723]: Received disconnect from 179.90.137.139: 11: Bye Bye [preauth]
Dec 11 19:48:22 LabSZ sshd[31731]: pam_unix(sshd:auth): authentication failure; logname= uid=0 euid=0 tty=ssh ruser= rhost=183.63.172.52  user=root
Dec 11 19:48:23 LabSZ sshd[31731]: Failed password for root from 183.63.172.52 port 2000 ssh2
Dec 11 19:48:23 LabSZ sshd[31731]: Connection closed by 183.63.172.52 [preauth]
Dec 11 19:48:23 LabSZ sshd[31735]: pam_unix(sshd:auth): authentication failure; logname= uid=0 euid=0 tty=ssh ruser= rhost=183.63.172.52  user=root
Dec 11 19:48:25 LabSZ sshd[31735]: Failed password for root from 183.63.172.52 port 2268 ssh2
Dec 11 19:48:25 LabSZ sshd[31735]: Connection closed by 183.63.172.52 [preauth]
Dec 11 19:48:25 LabSZ sshd[31737]: pam_unix(sshd:auth): authentication failure; logname= uid=0 euid=0 tty=ssh ruser= rhost=183.63.172.52  user=root
Dec 11 19:48:25 LabSZ sshd[31733]: reverse mapping checking getaddrinfo for 179-90-137-139.user.vivozap.com.br [179.90.137.139] failed - POSSIBLE BREAK-IN ATTEMPT!
Dec 11 19:48:26 LabSZ sshd[31733]: pam_unix(sshd:auth): authentication failure; logname= uid=0 euid=0 tty=ssh ruser= rhost=179.90.137.139  user=root
Dec 11 19:48:27 LabSZ sshd[31737]: Failed password for root from 183.63.172.52 port 2602 ssh2
Dec 11 19:48:27 LabSZ sshd[31737]: Connection closed by 183.63.172.52 [preauth]
Dec 11 19:48:28 LabSZ sshd[31733]: Failed password for root from 179.90.137.139 port 19954 ssh2
Dec 11 19:48:29 LabSZ sshd[31733]: Received disconnect from 179.90.137.139: 11: Bye Bye [preauth]
Dec 11 19:48:32 LabSZ sshd[31739]: pam_unix(sshd:auth): authentication failure; logname= uid=0 euid=0 tty=ssh ruser= rhost=183.63.172.52  user=root
Dec 11 19:48:34 LabSZ sshd[31739]: Failed password for root from 183.63.172.52 port 2930 ssh2
Dec 11 19:48:34 LabSZ sshd[31739]: Connection closed by 183.63.172.52 [preauth]
Dec 11 19:48:35 LabSZ sshd[31742]: pam_unix(sshd:auth): authentication failure; logname= uid=0 euid=0 tty=ssh ruser= rhost=183.63.172.52  user=root
Dec 11 19:48:37 LabSZ sshd[23494]: pam_unix(sshd:session): session closed for user zachary
Dec 11 19:48:37 LabSZ sshd[31742]: Failed password for root from 183.63.172.52 port 4118 ssh2
Dec 11 19:48:37 LabSZ sshd[31742]: Connection closed by 183.63.172.52 [preauth]
Dec 11 19:48:37 LabSZ sshd[31745]: pam_unix(sshd:auth): authentication failure; logname= uid=0 euid=0 tty=ssh ruser= rhost=183.63.172.52  user=root
Dec 11 19:48:38 LabSZ sshd[31741]: reverse mapping checking getaddrinfo for 179-90-137-139.user.vivozap.com.br [179.90.137.139] failed - POSSIBLE BREAK-IN ATTEMPT!
Dec 11 19:48:39 LabSZ sshd[31741]: pam_unix(sshd:auth): authentication failure; logname= uid=0 euid=0 tty=ssh ruser= rhost=179.90.137.139  user=root
Dec 11 19:48:39 LabSZ sshd[31745]: Failed password for root from 183.63.172.52 port 4486 ssh2
Dec 11 19:48:39 LabSZ sshd[31745]: Connection closed by 183.63.172.52 [preauth]
Dec 11 19:48:39 LabSZ sshd[31747]: pam_unix(sshd:auth): authentication failure; logname= uid=0 euid=0 tty=ssh ruser= rhost=183.63.172.52  user=root
Dec 11 19:48:41 LabSZ sshd[31741]: Failed password for root from 179.90.137.139 port 19955 ssh2
Dec 11 19:48:41 LabSZ sshd[31747]: Failed password for root from 183.63.172.52 port 4858 ssh2
Dec 11 19:48:41 LabSZ sshd[31747]: Connection closed by 183.63.172.52 [preauth]
Dec 11 19:48:41 LabSZ sshd[31749]: pam_unix(sshd:auth): authentication failure; logname= uid=0 euid=0 tty=ssh ruser= rhost=183.63.172.52  user=root
Dec 11 19:48:42 LabSZ sshd[31741]: fatal: Read from socket failed: Connection reset by peer [preauth]
Dec 11 19:48:43 LabSZ sshd[31749]: Failed password for root from 183.63.172.52 port 5218 ssh2
Dec 11 19:48:43 LabSZ sshd[31749]: Connection closed by 183.63.172.52 [preauth]
Dec 11 19:48:43 LabSZ sshd[31751]: pam_unix(sshd:auth): authentication failure; logname= uid=0 euid=0 tty=ssh ruser= rhost=183.63.172.52  user=root
Dec 11 19:48:45 LabSZ sshd[31751]: Failed password for root from 183.63.172.52 port 5472 ssh2
Dec 11 19:48:45 LabSZ sshd[31751]: Connection closed by 183.63.172.52 [preauth]
Dec 11 19:48:45 LabSZ sshd[31753]: pam_unix(sshd:auth): authentication failure; logname= uid=0 euid=0 tty=ssh ruser= rhost=183.63.172.52  user=root
Dec 11 19:48:48 LabSZ sshd[31753]: Failed password for root from 183.63.172.52 port 5848 ssh2
Dec 11 19:48:48 LabSZ sshd[31753]: Connection closed by 183.63.172.52 [preauth]
Dec 11 19:48:48 LabSZ sshd[31755]: pam_unix(sshd:auth): authentication failure; logname= uid=0 euid=0 tty=ssh ruser= rhost=183.63.172.52  user=root
Dec 11 19:48:50 LabSZ sshd[31755]: Failed password for root from 183.63.172.52 port 6342 ssh2
Dec 11 19:48:50 LabSZ sshd[31755]: Connection closed by 183.63.172.52 [preauth]
