Jan  1 21:48:28 LabSZ sshd[15151]: Disconnecting: Too many authentication failures for root [preauth]
Jan  1 21:48:28 LabSZ sshd[15151]: PAM 5 more authentication failures; logname= uid=0 euid=0 tty=ssh ruser= rhost=182.100.67.120  user=root
Jan  1 21:48:28 LabSZ sshd[15151]: PAM service(sshd) ignoring max retries; 6 > 3
Jan  1 21:48:29 LabSZ sshd[15157]: pam_unix(sshd:auth): authentication failure; logname= uid=0 euid=0 tty=ssh ruser= rhost=182.100.67.120  user=root
Jan  1 21:48:31 LabSZ sshd[15157]: Failed password for root from 182.100.67.120 port 37354 ssh2
Jan  1 21:48:39 LabSZ sshd[15153]: message repeated 5 times: [ Failed password for root from 58.242.83.25 port 38147 ssh2]
Jan  1 21:48:39 LabSZ sshd[15153]: Disconnecting: Too many authentication failures for root [preauth]
Jan  1 21:48:39 LabSZ sshd[15153]: PAM 5 more authentication failures; logname= uid=0 euid=0 tty=ssh ruser= rhost=58.242.83.25  user=root
Jan  1 21:48:39 LabSZ sshd[15153]: PAM service(sshd) ignoring max retries; 6 > 3
Jan  1 21:48:40 LabSZ sshd[15159]: pam_unix(sshd:auth): authentication failure; logname= uid=0 euid=0 tty=ssh ruser= rhost=58.242.83.25  user=root
Jan  1 21:48:42 LabSZ sshd[15155]: message repeated 5 times: [ Failed password for root from 218.65.30.30 port 43582 ssh2]
Jan  1 21:48:42 LabSZ sshd[15155]: Disconnecting: Too many authentication failures for root [preauth]
Jan  1 21:48:42 LabSZ sshd[15155]: PAM 5 more authentication failures; logname= uid=0 euid=0 tty=ssh ruser= rhost=218.65.30.30  user=root
Jan  1 21:48:42 LabSZ sshd[15155]: PAM service(sshd) ignoring max retries; 6 > 3
Jan  1 21:48:42 LabSZ sshd[15159]: Failed password for root from 58.242.83.25 port 58735 ssh2
Jan  1 21:48:43 LabSZ sshd[15161]: reverse mapping checking getaddrinfo for 30.30.65.218.broad.xy.jx.dynamic.163data.com.cn [218.65.30.30] failed - POSSIBLE BREAK-IN ATTEMPT!
Jan  1 21:48:43 LabSZ sshd[15161]: pam_unix(sshd:auth): authentication failure; logname= uid=0 euid=0 tty=ssh ruser= rhost=218.65.30.30  user=root
Jan  1 21:48:44 LabSZ sshd[15157]: message repeated 5 times: [ Failed password for root from 182.100.67.120 port 37354 ssh2]
Jan  1 21:48:44 LabSZ sshd[15157]: Disconnecting: Too many authentication failures for root [preauth]
Jan  1 21:48:44 LabSZ sshd[15157]: PAM 5 more authentication failures; logname= uid=0 euid=0 tty=ssh ruser= rhost=182.100.67.120  user=root
Jan  1 21:48:44 LabSZ sshd[15157]: PAM service(sshd) ignoring max retries; 6 > 3
Jan  1 21:48:45 LabSZ sshd[15163]: pam_unix(sshd:auth): authentication failure; logname= uid=0 euid=0 tty=ssh ruser= rhost=182.100.67.120  user=root
Jan  1 21:48:45 LabSZ sshd[15161]: Failed password for root from 218.65.30.30 port 26528 ssh2
Jan  1 21:48:46 LabSZ sshd[15163]: Failed password for root from 182.100.67.120 port 8232 ssh2
Jan  1 21:48:54 LabSZ sshd[15159]: message repeated 5 times: [ Failed password for root from 58.242.83.25 port 58735 ssh2]
Jan  1 21:48:54 LabSZ sshd[15159]: Disconnecting: Too many authentication failures for root [preauth]
Jan  1 21:48:54 LabSZ sshd[15159]: PAM 5 more authentication failures; logname= uid=0 euid=0 tty=ssh ruser= rhost=58.242.83.25  user=root
Jan  1 21:48:54 LabSZ sshd[15159]: PAM service(sshd) ignoring max retries; 6 > 3
Jan  1 21:48:55 LabSZ sshd[15165]: pam_unix(sshd:auth): authentication failure; logname= uid=0 euid=0 tty=ssh ruser= rhost=58.242.83.25  user=root
Jan  1 21:48:57 LabSZ sshd[15161]: message repeated 5 times: [ Failed password for root from 218.65.30.30 port 26528 ssh2]
Jan  1 21:48:57 LabSZ sshd[15161]: Disconnecting: Too many authentication failures for root [preauth]
Jan  1 21:48:57 LabSZ sshd[15161]: PAM 5 more authentication failures; logname= uid=0 euid=0 tty=ssh ruser= rhost=218.65.30.30  user=root
Jan  1 21:48:57 LabSZ sshd[15161]: PAM service(sshd) ignoring max retries; 6 > 3
Jan  1 21:48:57 LabSZ sshd[15165]: Failed password for root from 58.242.83.25 port 13390 ssh2
Jan  1 21:48:58 LabSZ sshd[15167]: reverse mapping checking getaddrinfo for 30.30.65.218.broad.xy.jx.dynamic.163data.com.cn [218.65.30.30] failed - POSSIBLE BREAK-IN ATTEMPT!
Jan  1 21:48:58 LabSZ sshd[15167]: pam_unix(sshd:auth): authentication failure; logname= uid=0 euid=0 tty=ssh ruser= rhost=218.65.30.30  user=root
Jan  1 21:48:59 LabSZ sshd[15163]: message repeated 5 times: [ Failed password for root from 182.100.67.120 port 8232 ssh2]
Jan  1 21:48:59 LabSZ sshd[15163]: Disconnecting: Too many authentication failures for root [preauth]
Jan  1 21:48:59 LabSZ sshd[15163]: PAM 5 more authentication failures; logname= uid=0 euid=0 tty=ssh ruser= rhost=182.100.67.120  user=root
Jan  1 21:48:59 LabSZ sshd[15163]: PAM service(sshd) ignoring max retries; 6 > 3
Jan  1 21:49:00 LabSZ sshd[15169]: pam_unix(sshd:auth): authentication failure; logname= uid=0 euid=0 tty=ssh ruser= rhost=182.100.67.120  user=root
Jan  1 21:49:00 LabSZ sshd[15167]: Failed password for root from 218.65.30.30 port 60530 ssh2
Jan  1 21:49:02 LabSZ sshd[15169]: Failed password for root from 182.100.67.120 port 42994 ssh2
Jan  1 21:49:10 LabSZ sshd[15165]: message repeated 5 times: [ Failed password for root from 58.242.83.25 port 13390 ssh2]
Jan  1 21:49:10 LabSZ sshd[15165]: Disconnecting: Too many authentication failures for root [preauth]
Jan  1 21:49:10 LabSZ sshd[15165]: PAM 5 more authentication failures; logname= uid=0 euid=0 tty=ssh ruser= rhost=58.242.83.25  user=root
Jan  1 21:49:10 LabSZ sshd[15165]: PAM service(sshd) ignoring max retries; 6 > 3
Jan  1 21:49:12 LabSZ sshd[15171]: pam_unix(sshd:auth): authentication failure; logname= uid=0 euid=0 tty=ssh ruser= rhost=58.242.83.25  user=root
Jan  1 21:49:13 LabSZ sshd[15167]: message repeated 5 times: [ Failed password for root from 218.65.30.30 port 60530 ssh2]
Jan  1 21:49:13 LabSZ sshd[15167]: Disconnecting: Too many authentication failures for root [preauth]
Jan  1 21:49:13 LabSZ sshd[15167]: PAM 5 more authentication failures; logname= uid=0 euid=0 tty=ssh ruser= rhost=218.65.30.30  user=root
Jan  1 21:49:13 LabSZ sshd[15167]: PAM service(sshd) ignoring max retries; 6 > 3
Jan  1 21:49:14 LabSZ sshd[15171]: Failed password for root from 58.242.83.25 port 33776 ssh2
Jan  1 21:49:14 LabSZ sshd[15173]: reverse mapping checking getaddrinfo for 30.30.65.218.broad.xy.jx.dynamic.163data.com.cn [218.65.30.30] failed - POSSIBLE BREAK-IN ATTEMPT!
Jan  1 21:49:14 LabSZ sshd[15173]: pam_unix(sshd:auth): authentication failure; logname= uid=0 euid=0 tty=ssh ruser= rhost=218.65.30.30  user=root
Jan  1 21:49:15 LabSZ sshd[15169]: message repeated 5 times: [ Failed password for root from 182.100.67.120 port 42994 ssh2]
Jan  1 21:49:15 LabSZ sshd[15169]: Disconnecting: Too many authentication failures for root [preauth]
Jan  1 21:49:15 LabSZ sshd[15169]: PAM 5 more authentication failures; logname= uid=0 euid=0 tty=ssh ruser= rhost=182.100.67.120  user=root
Jan  1 21:49:15 LabSZ sshd[15169]: PAM service(sshd) ignoring max retries; 6 > 3
Jan  1 21:49:17 LabSZ sshd[15175]: pam_unix(sshd:auth): authentication failure; logname= uid=0 euid=0 tty=ssh ruser= rhost=182.100.67.120  user=root
Jan  1 21:49:17 LabSZ sshd[15173]: Failed password for root from 218.65.30.30 port 30766 ssh2
Jan  1 21:49:19 LabSZ sshd[15175]: Failed password for root from 182.100.67.120 port 14150 ssh2
Jan  1 21:49:26 LabSZ sshd[15177]: Invalid user admin from 103.99.0.122
Jan  1 21:49:26 LabSZ sshd[15177]: input_userauth_request: invalid user admin [preauth]
Jan  1 21:49:26 LabSZ sshd[15177]: pam_unix(sshd:auth): check pass; user unknown
Jan  1 21:49:26 LabSZ sshd[15177]: pam_unix(sshd:auth): authentication failure; logname= uid=0 euid=0 tty=ssh ruser= rhost=103.99.0.122 
Jan  1 21:49:27 LabSZ sshd[15171]: message repeated 5 times: [ Failed password for root from 58.242.83.25 port 33776 ssh2]
Jan  1 21:49:27 LabSZ sshd[15171]: Disconnecting: Too many authentication failures for root [preauth]
Jan  1 21:49:27 LabSZ sshd[15171]: PAM 5 more authentication failures; logname= uid=0 euid=0 tty=ssh ruser= rhost=58.242.83.25  user=root
Jan  1 21:49:27 LabSZ sshd[15171]: PAM service(sshd) ignoring max retries; 6 > 3
Jan  1 21:49:28 LabSZ sshd[15177]: Failed password for invalid user admin from 103.99.0.122 port 57267 ssh2
Jan  1 21:49:28 LabSZ sshd[15179]: pam_unix(sshd:auth): authentication failure; logname= uid=0 euid=0 tty=ssh ruser= rhost=58.242.83.25  user=root
Jan  1 21:49:29 LabSZ sshd[15177]: error: Received disconnect from 103.99.0.122: 14: No more user authentication methods available. [preauth]
Jan  1 21:49:29 LabSZ sshd[15173]: message repeated 5 times: [ Failed password for root from 218.65.30.30 port 30766 ssh2]
Jan  1 21:49:29 LabSZ sshd[15173]: Disconnecting: Too many authentication failures for root [preauth]
Jan  1 21:49:29 LabSZ sshd[15173]: PAM 5 more authentication failures; logname= uid=0 euid=0 tty=ssh ruser= rhost=218.65.30.30  user=root
Jan  1 21:49:29 LabSZ sshd[15173]: PAM service(sshd) ignoring max retries; 6 > 3
Jan  1 21:49:30 LabSZ sshd[15179]: Failed password for root from 58.242.83.25 port 55190 ssh2
Jan  1 21:49:30 LabSZ sshd[15181]: Invalid user support from 103.99.0.122
Jan  1 21:49:30 LabSZ sshd[15181]: input_userauth_request: invalid user support [preauth]
Jan  1 21:49:30 LabSZ sshd[15181]: pam_unix(sshd:auth): check pass; user unknown
Jan  1 21:49:30 LabSZ sshd[15181]: pam_unix(sshd:auth): authentication failure; logname= uid=0 euid=0 tty=ssh ruser= rhost=103.99.0.122 
Jan  1 21:49:31 LabSZ sshd[15183]: reverse mapping checking getaddrinfo for 30.30.65.218.broad.xy.jx.dynamic.163data.com.cn [218.65.30.30] failed - POSSIBLE BREAK-IN ATTEMPT!
Jan  1 21:49:31 LabSZ sshd[15183]: pam_unix(sshd:auth): authentication failure; logname= uid=0 euid=0 tty=ssh ruser= rhost=218.65.30.30  user=root
Jan  1 21:49:32 LabSZ sshd[15181]: Failed password for invalid user support from 103.99.0.122 port 58517 ssh2
Jan  1 21:49:32 LabSZ sshd[15175]: message repeated 5 times: [ Failed password for root from 182.100.67.120 port 14150 ssh2]
Jan  1 21:49:32 LabSZ sshd[15175]: Disconnecting: Too many authentication failures for root [preauth]
Jan  1 21:49:32 LabSZ sshd[15175]: PAM 5 more authentication failures; logname= uid=0 euid=0 tty=ssh ruser= rhost=182.100.67.120  user=root
Jan  1 21:49:32 LabSZ sshd[15175]: PAM service(sshd) ignoring max retries; 6 > 3
Jan  1 21:49:32 LabSZ sshd[15181]: error: Received disconnect from 103.99.0.122: 14: No more user authentication methods available. [preauth]
Jan  1 21:49:33 LabSZ sshd[15183]: Failed password for root from 218.65.30.30 port 3010 ssh2
Jan  1 21:49:33 LabSZ sshd[15187]: pam_unix(sshd:auth): authentication failure; logname= uid=0 euid=0 tty=ssh ruser= rhost=182.100.67.120  user=root
Jan  1 21:49:35 LabSZ sshd[15187]: Failed password for root from 182.100.67.120 port 52918 ssh2
Jan  1 21:49:35 LabSZ sshd[15185]: Invalid user user from 103.99.0.122
Jan  1 21:49:35 LabSZ sshd[15185]: input_userauth_request: invalid user user [preauth]
Jan  1 21:49:35 LabSZ sshd[15185]: pam_unix(sshd:auth): check pass; user unknown
Jan  1 21:49:35 LabSZ sshd[15185]: pam_unix(sshd:auth): authentication failure; logname= uid=0 euid=0 tty=ssh ruser= rhost=103.99.0.122 
Jan  1 21:49:37 LabSZ sshd[15185]: Failed password for invalid user user from 103.99.0.122 port 59395 ssh2
Jan  1 21:49:38 LabSZ sshd[15185]: error: Received disconnect from 103.99.0.122: 14: No more user authentication methods available. [preauth]
Jan  1 21:49:40 LabSZ sshd[15189]: pam_unix(sshd:auth): authentication failure; logname= uid=0 euid=0 tty=ssh ruser= rhost=103.99.0.122  user=root
