Jan  2 03:36:45 LabSZ sshd[22433]: PAM 1 more authentication failure; logname= uid=0 euid=0 tty=ssh ruser= rhost=5.188.10.156  user=root
Jan  2 03:36:45 LabSZ sshd[22419]: pam_unix(sshd:auth): check pass; user unknown
Jan  2 03:36:46 LabSZ sshd[22431]: message repeated 5 times: [ Failed password for root from 182.100.67.120 port 17010 ssh2]
Jan  2 03:36:46 LabSZ sshd[22431]: Disconnecting: Too many authentication failures for root [preauth]
Jan  2 03:36:46 LabSZ sshd[22431]: PAM 5 more authentication failures; logname= uid=0 euid=0 tty=ssh ruser= rhost=182.100.67.120  user=root
Jan  2 03:36:46 LabSZ sshd[22431]: PAM service(sshd) ignoring max retries; 6 > 3
Jan  2 03:36:47 LabSZ sshd[22441]: pam_unix(sshd:auth): authentication failure; logname= uid=0 euid=0 tty=ssh ruser= rhost=182.100.67.120  user=root
Jan  2 03:36:47 LabSZ sshd[22419]: Failed password for invalid user admin from 5.188.10.180 port 57825 ssh2
Jan  2 03:36:48 LabSZ sshd[22419]: Connection closed by 5.188.10.180 [preauth]
Jan  2 03:36:48 LabSZ sshd[22419]: PAM 4 more authentication failures; logname= uid=0 euid=0 tty=ssh ruser= rhost=5.188.10.180 
Jan  2 03:36:48 LabSZ sshd[22419]: PAM service(sshd) ignoring max retries; 5 > 3
Jan  2 03:36:49 LabSZ sshd[22439]: Connection closed by 5.188.10.156 [preauth]
Jan  2 03:36:49 LabSZ sshd[22434]: message repeated 5 times: [ Failed password for root from 218.65.30.30 port 42600 ssh2]
Jan  2 03:36:49 LabSZ sshd[22434]: Disconnecting: Too many authentication failures for root [preauth]
Jan  2 03:36:49 LabSZ sshd[22434]: PAM 5 more authentication failures; logname= uid=0 euid=0 tty=ssh ruser= rhost=218.65.30.30  user=root
Jan  2 03:36:49 LabSZ sshd[22434]: PAM service(sshd) ignoring max retries; 6 > 3
Jan  2 03:36:49 LabSZ sshd[22441]: Failed password for root from 182.100.67.120 port 50922 ssh2
Jan  2 03:36:50 LabSZ sshd[22446]: reverse mapping checking getaddrinfo for 30.30.65.218.broad.xy.jx.dynamic.163data.com.cn [218.65.30.30] failed - POSSIBLE BREAK-IN ATTEMPT!
Jan  2 03:36:50 LabSZ sshd[22446]: pam_unix(sshd:auth): authentication failure; logname= uid=0 euid=0 tty=ssh ruser= rhost=218.65.30.30  user=root
Jan  2 03:36:52 LabSZ sshd[22444]: Invalid user support from 5.188.10.156
Jan  2 03:36:52 LabSZ sshd[22444]: input_userauth_request: invalid user support [preauth]
Jan  2 03:36:52 LabSZ sshd[22444]: pam_unix(sshd:auth): check pass; user unknown
Jan  2 03:36:52 LabSZ sshd[22444]: pam_unix(sshd:auth): authentication failure; logname= uid=0 euid=0 tty=ssh ruser= rhost=5.188.10.156 
Jan  2 03:36:52 LabSZ sshd[22446]: Failed password for root from 218.65.30.30 port 15916 ssh2
Jan  2 03:36:54 LabSZ sshd[22444]: Failed password for invalid user support from 5.188.10.156 port 46046 ssh2
Jan  2 03:36:55 LabSZ sshd[22444]: Connection closed by 5.188.10.156 [preauth]
Jan  2 03:36:56 LabSZ sshd[22437]: message repeated 5 times: [ Failed password for root from 58.242.83.25 port 10488 ssh2]
Jan  2 03:36:56 LabSZ sshd[22437]: Disconnecting: Too many authentication failures for root [preauth]
Jan  2 03:36:56 LabSZ sshd[22437]: PAM 5 more authentication failures; logname= uid=0 euid=0 tty=ssh ruser= rhost=58.242.83.25  user=root
Jan  2 03:36:56 LabSZ sshd[22437]: PAM service(sshd) ignoring max retries; 6 > 3
Jan  2 03:36:57 LabSZ sshd[22450]: pam_unix(sshd:auth): authentication failure; logname= uid=0 euid=0 tty=ssh ruser= rhost=58.242.83.25  user=root
Jan  2 03:36:57 LabSZ sshd[22448]: Invalid user telecomadmin from 5.188.10.156
Jan  2 03:36:57 LabSZ sshd[22448]: input_userauth_request: invalid user telecomadmin [preauth]
Jan  2 03:36:57 LabSZ sshd[22448]: pam_unix(sshd:auth): check pass; user unknown
Jan  2 03:36:57 LabSZ sshd[22448]: pam_unix(sshd:auth): authentication failure; logname= uid=0 euid=0 tty=ssh ruser= rhost=5.188.10.156 
Jan  2 03:36:57 LabSZ sshd[22443]: Did not receive identification string from 5.188.10.180
Jan  2 03:36:59 LabSZ sshd[22450]: Failed password for root from 58.242.83.25 port 33058 ssh2
Jan  2 03:36:59 LabSZ sshd[22448]: Failed password for invalid user telecomadmin from 5.188.10.156 port 47002 ssh2
Jan  2 03:37:00 LabSZ sshd[22448]: Connection closed by 5.188.10.156 [preauth]
Jan  2 03:37:01 LabSZ sshd[22441]: message repeated 5 times: [ Failed password for root from 182.100.67.120 port 50922 ssh2]
Jan  2 03:37:01 LabSZ sshd[22441]: Disconnecting: Too many authentication failures for root [preauth]
Jan  2 03:37:01 LabSZ sshd[22441]: PAM 5 more authentication failures; logname= uid=0 euid=0 tty=ssh ruser= rhost=182.100.67.120  user=root
Jan  2 03:37:01 LabSZ sshd[22441]: PAM service(sshd) ignoring max retries; 6 > 3
Jan  2 03:37:02 LabSZ sshd[22453]: pam_unix(sshd:auth): authentication failure; logname= uid=0 euid=0 tty=ssh ruser= rhost=182.100.67.120  user=root
Jan  2 03:37:04 LabSZ sshd[22452]: Invalid user test from 5.188.10.156
Jan  2 03:37:04 LabSZ sshd[22452]: input_userauth_request: invalid user test [preauth]
Jan  2 03:37:04 LabSZ sshd[22452]: pam_unix(sshd:auth): check pass; user unknown
Jan  2 03:37:04 LabSZ sshd[22452]: pam_unix(sshd:auth): authentication failure; logname= uid=0 euid=0 tty=ssh ruser= rhost=5.188.10.156 
Jan  2 03:37:04 LabSZ sshd[22453]: Failed password for root from 182.100.67.120 port 22362 ssh2
Jan  2 03:37:05 LabSZ sshd[22446]: message repeated 5 times: [ Failed password for root from 218.65.30.30 port 15916 ssh2]
Jan  2 03:37:05 LabSZ sshd[22446]: Disconnecting: Too many authentication failures for root [preauth]
Jan  2 03:37:05 LabSZ sshd[22446]: PAM 5 more authentication failures; logname= uid=0 euid=0 tty=ssh ruser= rhost=218.65.30.30  user=root
Jan  2 03:37:05 LabSZ sshd[22446]: PAM service(sshd) ignoring max retries; 6 > 3
Jan  2 03:37:07 LabSZ sshd[22456]: reverse mapping checking getaddrinfo for 30.30.65.218.broad.xy.jx.dynamic.163data.com.cn [218.65.30.30] failed - POSSIBLE BREAK-IN ATTEMPT!
Jan  2 03:37:07 LabSZ sshd[22456]: pam_unix(sshd:auth): authentication failure; logname= uid=0 euid=0 tty=ssh ruser= rhost=218.65.30.30  user=root
Jan  2 03:37:07 LabSZ sshd[22452]: Failed password for invalid user test from 5.188.10.156 port 43804 ssh2
Jan  2 03:37:07 LabSZ sshd[22452]: Connection closed by 5.188.10.156 [preauth]
Jan  2 03:37:08 LabSZ sshd[22456]: Failed password for root from 218.65.30.30 port 54028 ssh2
Jan  2 03:37:11 LabSZ sshd[22450]: message repeated 5 times: [ Failed password for root from 58.242.83.25 port 33058 ssh2]
Jan  2 03:37:11 LabSZ sshd[22450]: Disconnecting: Too many authentication failures for root [preauth]
Jan  2 03:37:11 LabSZ sshd[22450]: PAM 5 more authentication failures; logname= uid=0 euid=0 tty=ssh ruser= rhost=58.242.83.25  user=root
Jan  2 03:37:11 LabSZ sshd[22450]: PAM service(sshd) ignoring max retries; 6 > 3
Jan  2 03:37:12 LabSZ sshd[22460]: pam_unix(sshd:auth): authentication failure; logname= uid=0 euid=0 tty=ssh ruser= rhost=58.242.83.25  user=root
Jan  2 03:37:13 LabSZ sshd[22458]: Invalid user ubnt from 5.188.10.156
Jan  2 03:37:13 LabSZ sshd[22458]: input_userauth_request: invalid user ubnt [preauth]
Jan  2 03:37:13 LabSZ sshd[22458]: pam_unix(sshd:auth): check pass; user unknown
Jan  2 03:37:13 LabSZ sshd[22458]: pam_unix(sshd:auth): authentication failure; logname= uid=0 euid=0 tty=ssh ruser= rhost=5.188.10.156 
Jan  2 03:37:14 LabSZ sshd[22460]: Failed password for root from 58.242.83.25 port 53024 ssh2
Jan  2 03:37:14 LabSZ sshd[22458]: Failed password for invalid user ubnt from 5.188.10.156 port 55462 ssh2
Jan  2 03:37:14 LabSZ sshd[22458]: Connection closed by 5.188.10.156 [preauth]
Jan  2 03:37:18 LabSZ sshd[22462]: Invalid user user from 5.188.10.156
Jan  2 03:37:18 LabSZ sshd[22462]: input_userauth_request: invalid user user [preauth]
Jan  2 03:37:18 LabSZ sshd[22462]: pam_unix(sshd:auth): check pass; user unknown
Jan  2 03:37:18 LabSZ sshd[22462]: pam_unix(sshd:auth): authentication failure; logname= uid=0 euid=0 tty=ssh ruser= rhost=5.188.10.156 
Jan  2 03:37:18 LabSZ sshd[22453]: message repeated 5 times: [ Failed password for root from 182.100.67.120 port 22362 ssh2]
Jan  2 03:37:18 LabSZ sshd[22453]: Disconnecting: Too many authentication failures for root [preauth]
Jan  2 03:37:18 LabSZ sshd[22453]: PAM 5 more authentication failures; logname= uid=0 euid=0 tty=ssh ruser= rhost=182.100.67.120  user=root
Jan  2 03:37:18 LabSZ sshd[22453]: PAM service(sshd) ignoring max retries; 6 > 3
Jan  2 03:37:20 LabSZ sshd[22464]: pam_unix(sshd:auth): authentication failure; logname= uid=0 euid=0 tty=ssh ruser= rhost=182.100.67.120  user=root
Jan  2 03:37:20 LabSZ sshd[22462]: Failed password for invalid user user from 5.188.10.156 port 53452 ssh2
Jan  2 03:37:20 LabSZ sshd[22462]: Connection closed by 5.188.10.156 [preauth]
Jan  2 03:37:21 LabSZ sshd[22456]: message repeated 5 times: [ Failed password for root from 218.65.30.30 port 54028 ssh2]
Jan  2 03:37:21 LabSZ sshd[22456]: Disconnecting: Too many authentication failures for root [preauth]
Jan  2 03:37:21 LabSZ sshd[22456]: PAM 5 more authentication failures; logname= uid=0 euid=0 tty=ssh ruser= rhost=218.65.30.30  user=root
Jan  2 03:37:21 LabSZ sshd[22456]: PAM service(sshd) ignoring max retries; 6 > 3
Jan  2 03:37:22 LabSZ sshd[22464]: Failed password for root from 182.100.67.120 port 60940 ssh2
Jan  2 03:37:25 LabSZ sshd[22466]: Invalid user user from 5.188.10.156
Jan  2 03:37:25 LabSZ sshd[22466]: input_userauth_request: invalid user user [preauth]
Jan  2 03:37:25 LabSZ sshd[22466]: pam_unix(sshd:auth): check pass; user unknown
Jan  2 03:37:25 LabSZ sshd[22466]: pam_unix(sshd:auth): authentication failure; logname= uid=0 euid=0 tty=ssh ruser= rhost=5.188.10.156 
Jan  2 03:37:26 LabSZ sshd[22460]: message repeated 5 times: [ Failed password for root from 58.242.83.25 port 53024 ssh2]
Jan  2 03:37:26 LabSZ sshd[22460]: Disconnecting: Too many authentication failures for root [preauth]
Jan  2 03:37:26 LabSZ sshd[22460]: PAM 5 more authentication failures; logname= uid=0 euid=0 tty=ssh ruser= rhost=58.242.83.25  user=root
Jan  2 03:37:26 LabSZ sshd[22460]: PAM service(sshd) ignoring max retries; 6 > 3
Jan  2 03:37:27 LabSZ sshd[22466]: Failed password for invalid user user from 5.188.10.156 port 38996 ssh2
Jan  2 03:37:27 LabSZ sshd[22468]: pam_unix(sshd:auth): authentication failure; logname= uid=0 euid=0 tty=ssh ruser= rhost=58.242.83.25  user=root
Jan  2 03:37:27 LabSZ sshd[22466]: Connection closed by 5.188.10.156 [preauth]
Jan  2 03:37:30 LabSZ sshd[22468]: Failed password for root from 58.242.83.25 port 9085 ssh2
Jan  2 03:37:31 LabSZ sshd[22470]: Invalid user user1 from 5.188.10.156
Jan  2 03:37:31 LabSZ sshd[22470]: input_userauth_request: invalid user user1 [preauth]
