Dec 15 15:38:17 LabSZ sshd[20092]: Connection closed by 183.238.25.86 [preauth]
Dec 15 15:38:19 LabSZ sshd[20094]: pam_unix(sshd:auth): authentication failure; logname= uid=0 euid=0 tty=ssh ruser= rhost=183.238.25.86  user=root
Dec 15 15:38:21 LabSZ sshd[20094]: Failed password for root from 183.238.25.86 port 11367 ssh2
Dec 15 15:38:21 LabSZ sshd[20094]: Connection closed by 183.238.25.86 [preauth]
Dec 15 15:38:23 LabSZ sshd[20096]: pam_unix(sshd:auth): authentication failure; logname= uid=0 euid=0 tty=ssh ruser= rhost=183.238.25.86  user=root
Dec 15 15:38:25 LabSZ sshd[20096]: Failed password for root from 183.238.25.86 port 11557 ssh2
Dec 15 15:38:25 LabSZ sshd[20096]: Connection closed by 183.238.25.86 [preauth]
Dec 15 15:38:26 LabSZ sshd[20098]: pam_unix(sshd:auth): authentication failure; logname= uid=0 euid=0 tty=ssh ruser= rhost=183.238.25.86  user=root
Dec 15 15:38:28 LabSZ sshd[20098]: Failed password for root from 183.238.25.86 port 11735 ssh2
Dec 15 15:38:29 LabSZ sshd[20098]: Connection closed by 183.238.25.86 [preauth]
Dec 15 15:38:30 LabSZ sshd[20100]: pam_unix(sshd:auth): authentication failure; logname= uid=0 euid=0 tty=ssh ruser= rhost=183.238.25.86  user=root
Dec 15 15:38:31 LabSZ sshd[20100]: Failed password for root from 183.238.25.86 port 11874 ssh2
Dec 15 15:38:32 LabSZ sshd[20100]: Connection closed by 183.238.25.86 [preauth]
Dec 15 15:38:33 LabSZ sshd[20102]: pam_unix(sshd:auth): authentication failure; logname= uid=0 euid=0 tty=ssh ruser= rhost=183.238.25.86  user=root
Dec 15 15:38:34 LabSZ sshd[20102]: Failed password for root from 183.238.25.86 port 12039 ssh2
Dec 15 15:38:35 LabSZ sshd[20102]: Connection closed by 183.238.25.86 [preauth]
Dec 15 15:38:36 LabSZ sshd[20104]: pam_unix(sshd:auth): authentication failure; logname= uid=0 euid=0 tty=ssh ruser= rhost=183.238.25.86  user=root
Dec 15 15:38:38 LabSZ sshd[20104]: Failed password for root from 183.238.25.86 port 12198 ssh2
Dec 15 15:38:38 LabSZ sshd[20104]: Connection closed by 183.238.25.86 [preauth]
Dec 15 15:38:39 LabSZ sshd[20106]: pam_unix(sshd:auth): authentication failure; logname= uid=0 euid=0 tty=ssh ruser= rhost=183.238.25.86  user=root
Dec 15 15:38:41 LabSZ sshd[20106]: Failed password for root from 183.238.25.86 port 12338 ssh2
Dec 15 15:38:41 LabSZ sshd[20106]: Connection closed by 183.238.25.86 [preauth]
Dec 15 15:38:42 LabSZ sshd[20108]: pam_unix(sshd:auth): authentication failure; logname= uid=0 euid=0 tty=ssh ruser= rhost=183.238.25.86  user=root
Dec 15 15:38:44 LabSZ sshd[20108]: Failed password for root from 183.238.25.86 port 12487 ssh2
Dec 15 15:38:45 LabSZ sshd[20108]: Connection closed by 183.238.25.86 [preauth]
Dec 15 15:38:46 LabSZ sshd[20110]: pam_unix(sshd:auth): authentication failure; logname= uid=0 euid=0 tty=ssh ruser= rhost=183.238.25.86  user=root
Dec 15 15:38:48 LabSZ sshd[20110]: Failed password for root from 183.238.25.86 port 12660 ssh2
Dec 15 15:38:48 LabSZ sshd[20110]: Connection closed by 183.238.25.86 [preauth]
Dec 15 15:38:49 LabSZ sshd[20112]: pam_unix(sshd:auth): authentication failure; logname= uid=0 euid=0 tty=ssh ruser= rhost=183.238.25.86  user=root
Dec 15 15:38:50 LabSZ sshd[20112]: Failed password for root from 183.238.25.86 port 12827 ssh2
Dec 15 15:38:51 LabSZ sshd[20112]: Connection closed by 183.238.25.86 [preauth]
Dec 15 15:38:52 LabSZ sshd[20114]: pam_unix(sshd:auth): authentication failure; logname= uid=0 euid=0 tty=ssh ruser= rhost=183.238.25.86  user=root
Dec 15 15:38:54 LabSZ sshd[20114]: Failed password for root from 183.238.25.86 port 12951 ssh2
Dec 15 15:38:54 LabSZ sshd[20114]: Connection closed by 183.238.25.86 [preauth]
Dec 15 15:38:55 LabSZ sshd[20116]: pam_unix(sshd:auth): authentication failure; logname= uid=0 euid=0 tty=ssh ruser= rhost=183.238.25.86  user=root
Dec 15 15:38:56 LabSZ sshd[20116]: Failed password for root from 183.238.25.86 port 13108 ssh2
Dec 15 15:38:57 LabSZ sshd[20116]: Connection closed by 183.238.25.86 [preauth]
Dec 15 15:38:58 LabSZ sshd[20118]: pam_unix(sshd:auth): authentication failure; logname= uid=0 euid=0 tty=ssh ruser= rhost=183.238.25.86  user=root
Dec 15 15:39:00 LabSZ sshd[20118]: Failed password for root from 183.238.25.86 port 13246 ssh2
Dec 15 15:39:00 LabSZ sshd[20118]: Connection closed by 183.238.25.86 [preauth]
Dec 15 15:39:01 LabSZ sshd[20120]: pam_unix(sshd:auth): authentication failure; logname= uid=0 euid=0 tty=ssh ruser= rhost=183.238.25.86  user=root
Dec 15 15:39:03 LabSZ sshd[20120]: Failed password for root from 183.238.25.86 port 13406 ssh2
Dec 15 15:39:03 LabSZ sshd[20120]: Connection closed by 183.238.25.86 [preauth]
Dec 15 15:39:04 LabSZ sshd[20136]: pam_unix(sshd:auth): authentication failure; logname= uid=0 euid=0 tty=ssh ruser= rhost=183.238.25.86  user=root
Dec 15 15:39:06 LabSZ sshd[20136]: Failed password for root from 183.238.25.86 port 13545 ssh2
Dec 15 15:39:07 LabSZ sshd[20136]: Connection closed by 183.238.25.86 [preauth]
Dec 15 15:39:08 LabSZ sshd[20138]: pam_unix(sshd:auth): authentication failure; logname= uid=0 euid=0 tty=ssh ruser= rhost=183.238.25.86  user=root
Dec 15 15:39:09 LabSZ sshd[20138]: Failed password for root from 183.238.25.86 port 13725 ssh2
Dec 15 15:39:10 LabSZ sshd[20138]: Connection closed by 183.238.25.86 [preauth]
Dec 15 15:39:11 LabSZ sshd[20140]: pam_unix(sshd:auth): authentication failure; logname= uid=0 euid=0 tty=ssh ruser= rhost=183.238.25.86  user=root
Dec 15 15:39:13 LabSZ sshd[20140]: Failed password for root from 183.238.25.86 port 13852 ssh2
Dec 15 15:39:13 LabSZ sshd[20140]: Connection closed by 183.238.25.86 [preauth]
Dec 15 15:39:14 LabSZ sshd[20144]: Received disconnect from 58.221.249.102: 11: Bye Bye [preauth]
Dec 15 15:39:15 LabSZ sshd[20146]: pam_unix(sshd:auth): authentication failure; logname= uid=0 euid=0 tty=ssh ruser= rhost=58.221.249.102  user=root
Dec 15 15:39:15 LabSZ sshd[20142]: pam_unix(sshd:auth): authentication failure; logname= uid=0 euid=0 tty=ssh ruser= rhost=183.238.25.86  user=root
Dec 15 15:39:16 LabSZ sshd[20146]: Failed password for root from 58.221.249.102 port 39879 ssh2
Dec 15 15:39:16 LabSZ sshd[20146]: Received disconnect from 58.221.249.102: 11: Bye Bye [preauth]
Dec 15 15:39:17 LabSZ sshd[20142]: Failed password for root from 183.238.25.86 port 14044 ssh2
Dec 15 15:39:17 LabSZ sshd[20148]: Invalid user admin from 58.221.249.102
Dec 15 15:39:17 LabSZ sshd[20148]: input_userauth_request: invalid user admin [preauth]
Dec 15 15:39:17 LabSZ sshd[20148]: pam_unix(sshd:auth): check pass; user unknown
Dec 15 15:39:17 LabSZ sshd[20148]: pam_unix(sshd:auth): authentication failure; logname= uid=0 euid=0 tty=ssh ruser= rhost=58.221.249.102 
Dec 15 15:39:17 LabSZ sshd[20142]: Connection closed by 183.238.25.86 [preauth]
Dec 15 15:39:18 LabSZ sshd[20150]: pam_unix(sshd:auth): authentication failure; logname= uid=0 euid=0 tty=ssh ruser= rhost=183.238.25.86  user=root
Dec 15 15:39:19 LabSZ sshd[20148]: Failed password for invalid user admin from 58.221.249.102 port 44157 ssh2
Dec 15 15:39:19 LabSZ sshd[20148]: Received disconnect from 58.221.249.102: 11: Bye Bye [preauth]
Dec 15 15:39:19 LabSZ sshd[20152]: Invalid user test from 58.221.249.102
Dec 15 15:39:19 LabSZ sshd[20152]: input_userauth_request: invalid user test [preauth]
Dec 15 15:39:19 LabSZ sshd[20152]: pam_unix(sshd:auth): check pass; user unknown
Dec 15 15:39:19 LabSZ sshd[20152]: pam_unix(sshd:auth): authentication failure; logname= uid=0 euid=0 tty=ssh ruser= rhost=58.221.249.102 
Dec 15 15:39:20 LabSZ sshd[20152]: Failed password for invalid user test from 58.221.249.102 port 49222 ssh2
Dec 15 15:39:20 LabSZ sshd[20150]: Failed password for root from 183.238.25.86 port 14235 ssh2
Dec 15 15:39:20 LabSZ sshd[20152]: Received disconnect from 58.221.249.102: 11: Bye Bye [preauth]
Dec 15 15:39:21 LabSZ sshd[20150]: Connection closed by 183.238.25.86 [preauth]
Dec 15 15:39:21 LabSZ sshd[20154]: Invalid user guest from 58.221.249.102
Dec 15 15:39:21 LabSZ sshd[20154]: input_userauth_request: invalid user guest [preauth]
Dec 15 15:39:21 LabSZ sshd[20154]: pam_unix(sshd:auth): check pass; user unknown
Dec 15 15:39:21 LabSZ sshd[20154]: pam_unix(sshd:auth): authentication failure; logname= uid=0 euid=0 tty=ssh ruser= rhost=58.221.249.102 
Dec 15 15:39:22 LabSZ sshd[20156]: pam_unix(sshd:auth): authentication failure; logname= uid=0 euid=0 tty=ssh ruser= rhost=183.238.25.86  user=root
Dec 15 15:39:23 LabSZ sshd[20154]: Failed password for invalid user guest from 58.221.249.102 port 52638 ssh2
Dec 15 15:39:23 LabSZ sshd[20154]: Received disconnect from 58.221.249.102: 11: Bye Bye [preauth]
Dec 15 15:39:23 LabSZ sshd[20158]: pam_unix(sshd:auth): authentication failure; logname= uid=0 euid=0 tty=ssh ruser= rhost=58.221.249.102  user=root
Dec 15 15:39:24 LabSZ sshd[20156]: Failed password for root from 183.238.25.86 port 14402 ssh2
Dec 15 15:39:25 LabSZ sshd[20156]: Connection closed by 183.238.25.86 [preauth]
Dec 15 15:39:26 LabSZ sshd[20158]: Failed password for root from 58.221.249.102 port 58246 ssh2
Dec 15 15:39:26 LabSZ sshd[20160]: pam_unix(sshd:auth): authentication failure; logname= uid=0 euid=0 tty=ssh ruser= rhost=183.238.25.86  user=root
Dec 15 15:39:26 LabSZ sshd[20158]: Received disconnect from 58.221.249.102: 11: Bye Bye [preauth]
Dec 15 15:39:26 LabSZ sshd[20162]: pam_unix(sshd:auth): authentication failure; logname= uid=0 euid=0 tty=ssh ruser= rhost=58.221.249.102  user=root
Dec 15 15:39:27 LabSZ sshd[20160]: Failed password for root from 183.238.25.86 port 14574 ssh2
Dec 15 15:39:28 LabSZ sshd[20162]: Failed password for root from 58.221.249.102 port 36126 ssh2
Dec 15 15:39:28 LabSZ sshd[20160]: Connection closed by 183.238.25.86 [preauth]
Dec 15 15:39:28 LabSZ sshd[20162]: Received disconnect from 58.221.249.102: 11: Bye Bye [preauth]
Dec 15 15:39:28 LabSZ sshd[20166]: pam_unix(sshd:auth): authentication failure; logname= uid=0 euid=0 tty=ssh ruser= rhost=58.221.249.102  user=root
Dec 15 15:39:28 LabSZ sshd[20164]: pam_unix(sshd:auth): authentication failure; logname= uid=0 euid=0 tty=ssh ruser= rhost=183.238.25.86  user=root
Dec 15 15:39:30 LabSZ sshd[20166]: Failed password for root from 58.221.249.102 port 40370 ssh2
Dec 15 15:39:30 LabSZ sshd[20166]: Received disconnect from 58.221.249.102: 11: Bye Bye [preauth]
Dec 15 15:39:30 LabSZ sshd[20164]: Failed password for root from 183.238.25.86 port 14708 ssh2
Dec 15 15:39:30 LabSZ sshd[20168]: pam_unix(sshd:auth): authentication failure; logname= uid=0 euid=0 tty=ssh ruser= rhost=58.221.249.102  user=root
Dec 15 15:39:31 LabSZ sshd[20164]: Connection closed by 183.238.25.86 [preauth]
Dec 15 15:39:32 LabSZ sshd[20170]: pam_unix(sshd:auth): authentication failure; logname= uid=0 euid=0 tty=ssh ruser= rhost=183.238.25.86  user=root
