Jan  4 13:01:12 LabSZ sshd[31449]: Failed password for invalid user admin from 181.214.87.4 port 51212 ssh2
Jan  4 13:01:12 LabSZ sshd[31449]: pam_unix(sshd:auth): check pass; user unknown
Jan  4 13:01:14 LabSZ sshd[31449]: Failed password for invalid user admin from 181.214.87.4 port 51212 ssh2
Jan  4 13:01:14 LabSZ sshd[31449]: Connection closed by 181.214.87.4 [preauth]
Jan  4 13:01:14 LabSZ sshd[31449]: PAM 4 more authentication failures; logname= uid=0 euid=0 tty=ssh ruser= rhost=181.214.87.4 
Jan  4 13:01:14 LabSZ sshd[31449]: PAM service(sshd) ignoring max retries; 5 > 3
Jan  4 13:01:16 LabSZ sshd[31455]: Invalid user admin from 181.214.87.4
Jan  4 13:01:16 LabSZ sshd[31455]: input_userauth_request: invalid user admin [preauth]
Jan  4 13:01:16 LabSZ sshd[31455]: pam_unix(sshd:auth): check pass; user unknown
Jan  4 13:01:16 LabSZ sshd[31455]: pam_unix(sshd:auth): authentication failure; logname= uid=0 euid=0 tty=ssh ruser= rhost=181.214.87.4 
Jan  4 13:01:18 LabSZ sshd[31455]: Failed password for invalid user admin from 181.214.87.4 port 54028 ssh2
Jan  4 13:01:18 LabSZ sshd[31455]: Connection closed by 181.214.87.4 [preauth]
Jan  4 13:01:19 LabSZ sshd[31451]: message repeated 5 times: [ Failed password for root from 59.63.188.30 port 62211 ssh2]
Jan  4 13:01:19 LabSZ sshd[31451]: Disconnecting: Too many authentication failures for root [preauth]
Jan  4 13:01:19 LabSZ sshd[31451]: PAM 5 more authentication failures; logname= uid=0 euid=0 tty=ssh ruser= rhost=59.63.188.30  user=root
Jan  4 13:01:19 LabSZ sshd[31451]: PAM service(sshd) ignoring max retries; 6 > 3
Jan  4 13:01:21 LabSZ sshd[31458]: pam_unix(sshd:auth): authentication failure; logname= uid=0 euid=0 tty=ssh ruser= rhost=59.63.188.30  user=root
Jan  4 13:01:21 LabSZ sshd[31453]: message repeated 5 times: [ Failed password for root from 59.63.188.30 port 63734 ssh2]
Jan  4 13:01:21 LabSZ sshd[31453]: Disconnecting: Too many authentication failures for root [preauth]
Jan  4 13:01:21 LabSZ sshd[31453]: PAM 5 more authentication failures; logname= uid=0 euid=0 tty=ssh ruser= rhost=59.63.188.30  user=root
Jan  4 13:01:21 LabSZ sshd[31453]: PAM service(sshd) ignoring max retries; 6 > 3
Jan  4 13:01:23 LabSZ sshd[31461]: pam_unix(sshd:auth): authentication failure; logname= uid=0 euid=0 tty=ssh ruser= rhost=59.63.188.30  user=root
Jan  4 13:01:23 LabSZ sshd[31458]: Failed password for root from 59.63.188.30 port 15333 ssh2
Jan  4 13:01:24 LabSZ sshd[31457]: Invalid user default from 181.214.87.4
Jan  4 13:01:24 LabSZ sshd[31457]: input_userauth_request: invalid user default [preauth]
Jan  4 13:01:24 LabSZ sshd[31457]: pam_unix(sshd:auth): check pass; user unknown
Jan  4 13:01:24 LabSZ sshd[31457]: pam_unix(sshd:auth): authentication failure; logname= uid=0 euid=0 tty=ssh ruser= rhost=181.214.87.4 
Jan  4 13:01:25 LabSZ sshd[31461]: Failed password for root from 59.63.188.30 port 17614 ssh2
Jan  4 13:01:25 LabSZ sshd[31457]: Failed password for invalid user default from 181.214.87.4 port 45226 ssh2
Jan  4 13:01:26 LabSZ sshd[31457]: pam_unix(sshd:auth): check pass; user unknown
Jan  4 13:01:27 LabSZ sshd[31457]: Failed password for invalid user default from 181.214.87.4 port 45226 ssh2
Jan  4 13:01:27 LabSZ sshd[31457]: Connection closed by 181.214.87.4 [preauth]
Jan  4 13:01:27 LabSZ sshd[31457]: PAM 1 more authentication failure; logname= uid=0 euid=0 tty=ssh ruser= rhost=181.214.87.4 
Jan  4 13:01:29 LabSZ sshd[31463]: pam_unix(sshd:auth): authentication failure; logname= uid=0 euid=0 tty=ssh ruser= rhost=181.214.87.4  user=ftp
Jan  4 13:01:32 LabSZ sshd[31463]: Failed password for ftp from 181.214.87.4 port 57475 ssh2
Jan  4 13:01:32 LabSZ sshd[31463]: Connection closed by 181.214.87.4 [preauth]
Jan  4 13:01:34 LabSZ sshd[31465]: Invalid user guest from 181.214.87.4
Jan  4 13:01:34 LabSZ sshd[31465]: input_userauth_request: invalid user guest [preauth]
Jan  4 13:01:34 LabSZ sshd[31465]: pam_unix(sshd:auth): check pass; user unknown
Jan  4 13:01:34 LabSZ sshd[31465]: pam_unix(sshd:auth): authentication failure; logname= uid=0 euid=0 tty=ssh ruser= rhost=181.214.87.4 
Jan  4 13:01:35 LabSZ sshd[31458]: message repeated 5 times: [ Failed password for root from 59.63.188.30 port 15333 ssh2]
Jan  4 13:01:35 LabSZ sshd[31458]: Disconnecting: Too many authentication failures for root [preauth]
Jan  4 13:01:35 LabSZ sshd[31458]: PAM 5 more authentication failures; logname= uid=0 euid=0 tty=ssh ruser= rhost=59.63.188.30  user=root
Jan  4 13:01:35 LabSZ sshd[31458]: PAM service(sshd) ignoring max retries; 6 > 3
Jan  4 13:01:36 LabSZ sshd[31467]: pam_unix(sshd:auth): authentication failure; logname= uid=0 euid=0 tty=ssh ruser= rhost=59.63.188.30  user=root
Jan  4 13:01:36 LabSZ sshd[31461]: message repeated 5 times: [ Failed password for root from 59.63.188.30 port 17614 ssh2]
Jan  4 13:01:36 LabSZ sshd[31461]: Disconnecting: Too many authentication failures for root [preauth]
Jan  4 13:01:36 LabSZ sshd[31461]: PAM 5 more authentication failures; logname= uid=0 euid=0 tty=ssh ruser= rhost=59.63.188.30  user=root
Jan  4 13:01:36 LabSZ sshd[31461]: PAM service(sshd) ignoring max retries; 6 > 3
Jan  4 13:01:36 LabSZ sshd[31465]: Failed password for invalid user guest from 181.214.87.4 port 42704 ssh2
Jan  4 13:01:37 LabSZ sshd[31465]: Connection closed by 181.214.87.4 [preauth]
Jan  4 13:01:37 LabSZ sshd[31471]: pam_unix(sshd:auth): authentication failure; logname= uid=0 euid=0 tty=ssh ruser= rhost=59.63.188.30  user=root
Jan  4 13:01:38 LabSZ sshd[31467]: Failed password for root from 59.63.188.30 port 33716 ssh2
Jan  4 13:01:39 LabSZ sshd[31469]: Connection closed by 181.214.87.4 [preauth]
Jan  4 13:01:39 LabSZ sshd[31471]: Failed password for root from 59.63.188.30 port 35223 ssh2
Jan  4 13:01:41 LabSZ sshd[31473]: Invalid user operator from 181.214.87.4
Jan  4 13:01:41 LabSZ sshd[31473]: input_userauth_request: invalid user operator [preauth]
Jan  4 13:01:41 LabSZ sshd[31473]: pam_unix(sshd:auth): check pass; user unknown
Jan  4 13:01:41 LabSZ sshd[31473]: pam_unix(sshd:auth): authentication failure; logname= uid=0 euid=0 tty=ssh ruser= rhost=181.214.87.4 
Jan  4 13:01:43 LabSZ sshd[31473]: Failed password for invalid user operator from 181.214.87.4 port 56569 ssh2
Jan  4 13:01:43 LabSZ sshd[31473]: Connection closed by 181.214.87.4 [preauth]
Jan  4 13:01:45 LabSZ sshd[31475]: Invalid user osmc from 181.214.87.4
Jan  4 13:01:45 LabSZ sshd[31475]: input_userauth_request: invalid user osmc [preauth]
Jan  4 13:01:45 LabSZ sshd[31475]: pam_unix(sshd:auth): check pass; user unknown
Jan  4 13:01:45 LabSZ sshd[31475]: pam_unix(sshd:auth): authentication failure; logname= uid=0 euid=0 tty=ssh ruser= rhost=181.214.87.4 
Jan  4 13:01:47 LabSZ sshd[31475]: Failed password for invalid user osmc from 181.214.87.4 port 43529 ssh2
Jan  4 13:01:49 LabSZ sshd[31475]: Connection closed by 181.214.87.4 [preauth]
Jan  4 13:01:49 LabSZ sshd[31467]: message repeated 5 times: [ Failed password for root from 59.63.188.30 port 33716 ssh2]
Jan  4 13:01:49 LabSZ sshd[31467]: Disconnecting: Too many authentication failures for root [preauth]
Jan  4 13:01:49 LabSZ sshd[31467]: PAM 5 more authentication failures; logname= uid=0 euid=0 tty=ssh ruser= rhost=59.63.188.30  user=root
Jan  4 13:01:49 LabSZ sshd[31467]: PAM service(sshd) ignoring max retries; 6 > 3
Jan  4 13:01:51 LabSZ sshd[31478]: pam_unix(sshd:auth): authentication failure; logname= uid=0 euid=0 tty=ssh ruser= rhost=59.63.188.30  user=root
Jan  4 13:01:52 LabSZ sshd[31471]: message repeated 5 times: [ Failed password for root from 59.63.188.30 port 35223 ssh2]
Jan  4 13:01:52 LabSZ sshd[31471]: Disconnecting: Too many authentication failures for root [preauth]
Jan  4 13:01:52 LabSZ sshd[31471]: PAM 5 more authentication failures; logname= uid=0 euid=0 tty=ssh ruser= rhost=59.63.188.30  user=root
Jan  4 13:01:52 LabSZ sshd[31471]: PAM service(sshd) ignoring max retries; 6 > 3
Jan  4 13:01:53 LabSZ sshd[31478]: Failed password for root from 59.63.188.30 port 51373 ssh2
Jan  4 13:01:53 LabSZ sshd[31481]: pam_unix(sshd:auth): authentication failure; logname= uid=0 euid=0 tty=ssh ruser= rhost=59.63.188.30  user=root
Jan  4 13:01:54 LabSZ sshd[31477]: pam_unix(sshd:auth): authentication failure; logname= uid=0 euid=0 tty=ssh ruser= rhost=181.214.87.4  user=root
Jan  4 13:01:55 LabSZ sshd[31481]: Failed password for root from 59.63.188.30 port 53421 ssh2
Jan  4 13:01:56 LabSZ sshd[31477]: Failed password for root from 181.214.87.4 port 38943 ssh2
Jan  4 13:02:06 LabSZ sshd[31478]: message repeated 5 times: [ Failed password for root from 59.63.188.30 port 51373 ssh2]
Jan  4 13:02:06 LabSZ sshd[31478]: Disconnecting: Too many authentication failures for root [preauth]
Jan  4 13:02:06 LabSZ sshd[31478]: PAM 5 more authentication failures; logname= uid=0 euid=0 tty=ssh ruser= rhost=59.63.188.30  user=root
Jan  4 13:02:06 LabSZ sshd[31478]: PAM service(sshd) ignoring max retries; 6 > 3
Jan  4 13:02:07 LabSZ sshd[31483]: pam_unix(sshd:auth): authentication failure; logname= uid=0 euid=0 tty=ssh ruser= rhost=59.63.188.30  user=root
Jan  4 13:02:07 LabSZ sshd[31481]: message repeated 5 times: [ Failed password for root from 59.63.188.30 port 53421 ssh2]
Jan  4 13:02:07 LabSZ sshd[31481]: Disconnecting: Too many authentication failures for root [preauth]
Jan  4 13:02:07 LabSZ sshd[31481]: PAM 5 more authentication failures; logname= uid=0 euid=0 tty=ssh ruser= rhost=59.63.188.30  user=root
Jan  4 13:02:07 LabSZ sshd[31481]: PAM service(sshd) ignoring max retries; 6 > 3
Jan  4 13:02:07 LabSZ sshd[31477]: Failed password for root from 181.214.87.4 port 38943 ssh2
Jan  4 13:02:08 LabSZ sshd[31477]: Connection closed by 181.214.87.4 [preauth]
Jan  4 13:02:08 LabSZ sshd[31477]: PAM 1 more authentication failure; logname= uid=0 euid=0 tty=ssh ruser= rhost=181.214.87.4  user=root
Jan  4 13:02:08 LabSZ sshd[31483]: Failed password for root from 59.63.188.30 port 5283 ssh2
Jan  4 13:02:09 LabSZ sshd[31485]: pam_unix(sshd:auth): authentication failure; logname= uid=0 euid=0 tty=ssh ruser= rhost=59.63.188.30  user=root
Jan  4 13:02:10 LabSZ sshd[31485]: Failed password for root from 59.63.188.30 port 7788 ssh2
Jan  4 13:02:17 LabSZ sshd[31487]: Did not receive identification string from 181.214.87.4
Jan  4 13:02:21 LabSZ sshd[31483]: message repeated 5 times: [ Failed password for root from 59.63.188.30 port 5283 ssh2]
Jan  4 13:02:21 LabSZ sshd[31483]: Disconnecting: Too many authentication failures for root [preauth]
Jan  4 13:02:21 LabSZ sshd[31483]: PAM 5 more authentication failures; logname= uid=0 euid=0 tty=ssh ruser= rhost=59.63.188.30  user=root
