Jan  5 07:20:02 LabSZ sshd[15718]: message repeated 5 times: [ Failed password for root from 182.100.67.52 port 34298 ssh2]
Jan  5 07:20:02 LabSZ sshd[15718]: Disconnecting: Too many authentication failures for root [preauth]
Jan  5 07:20:02 LabSZ sshd[15718]: PAM 5 more authentication failures; logname= uid=0 euid=0 tty=ssh ruser= rhost=182.100.67.52  user=root
Jan  5 07:20:02 LabSZ sshd[15718]: PAM service(sshd) ignoring max retries; 6 > 3
Jan  5 07:20:03 LabSZ sshd[15724]: pam_unix(sshd:auth): authentication failure; logname= uid=0 euid=0 tty=ssh ruser= rhost=182.100.67.52  user=root
Jan  5 07:20:04 LabSZ sshd[15720]: Failed password for invalid user admin from 5.188.10.182 port 49603 ssh2
Jan  5 07:20:05 LabSZ sshd[15720]: Connection closed by 5.188.10.182 [preauth]
Jan  5 07:20:05 LabSZ sshd[15724]: Failed password for root from 182.100.67.52 port 15242 ssh2
Jan  5 07:20:17 LabSZ sshd[15726]: Invalid user default from 5.188.10.182
Jan  5 07:20:17 LabSZ sshd[15726]: input_userauth_request: invalid user default [preauth]
Jan  5 07:20:17 LabSZ sshd[15726]: pam_unix(sshd:auth): check pass; user unknown
Jan  5 07:20:17 LabSZ sshd[15726]: pam_unix(sshd:auth): authentication failure; logname= uid=0 euid=0 tty=ssh ruser= rhost=5.188.10.182 
Jan  5 07:20:17 LabSZ sshd[15721]: message repeated 5 times: [ Failed password for root from 59.63.188.30 port 19986 ssh2]
Jan  5 07:20:17 LabSZ sshd[15721]: Disconnecting: Too many authentication failures for root [preauth]
Jan  5 07:20:17 LabSZ sshd[15721]: PAM 5 more authentication failures; logname= uid=0 euid=0 tty=ssh ruser= rhost=59.63.188.30  user=root
Jan  5 07:20:17 LabSZ sshd[15721]: PAM service(sshd) ignoring max retries; 6 > 3
Jan  5 07:20:18 LabSZ sshd[15724]: message repeated 5 times: [ Failed password for root from 182.100.67.52 port 15242 ssh2]
Jan  5 07:20:18 LabSZ sshd[15724]: Disconnecting: Too many authentication failures for root [preauth]
Jan  5 07:20:18 LabSZ sshd[15724]: PAM 5 more authentication failures; logname= uid=0 euid=0 tty=ssh ruser= rhost=182.100.67.52  user=root
Jan  5 07:20:18 LabSZ sshd[15724]: PAM service(sshd) ignoring max retries; 6 > 3
Jan  5 07:20:18 LabSZ sshd[15728]: pam_unix(sshd:auth): authentication failure; logname= uid=0 euid=0 tty=ssh ruser= rhost=59.63.188.30  user=root
Jan  5 07:20:19 LabSZ sshd[15730]: pam_unix(sshd:auth): authentication failure; logname= uid=0 euid=0 tty=ssh ruser= rhost=182.100.67.52  user=root
Jan  5 07:20:19 LabSZ sshd[15726]: Failed password for invalid user default from 5.188.10.182 port 35682 ssh2
Jan  5 07:20:19 LabSZ sshd[15726]: pam_unix(sshd:auth): check pass; user unknown
Jan  5 07:20:20 LabSZ sshd[15728]: Failed password for root from 59.63.188.30 port 41479 ssh2
Jan  5 07:20:21 LabSZ sshd[15730]: Failed password for root from 182.100.67.52 port 50578 ssh2
Jan  5 07:20:21 LabSZ sshd[15726]: Failed password for invalid user default from 5.188.10.182 port 35682 ssh2
Jan  5 07:20:22 LabSZ sshd[15726]: Connection closed by 5.188.10.182 [preauth]
Jan  5 07:20:22 LabSZ sshd[15726]: PAM 1 more authentication failure; logname= uid=0 euid=0 tty=ssh ruser= rhost=5.188.10.182 
Jan  5 07:20:25 LabSZ sshd[15732]: pam_unix(sshd:auth): authentication failure; logname= uid=0 euid=0 tty=ssh ruser= rhost=5.188.10.182  user=ftp
Jan  5 07:20:27 LabSZ sshd[15732]: Failed password for ftp from 5.188.10.182 port 57978 ssh2
Jan  5 07:20:28 LabSZ sshd[15732]: Connection closed by 5.188.10.182 [preauth]
Jan  5 07:20:32 LabSZ sshd[15734]: Invalid user guest from 5.188.10.182
Jan  5 07:20:32 LabSZ sshd[15734]: input_userauth_request: invalid user guest [preauth]
Jan  5 07:20:32 LabSZ sshd[15734]: pam_unix(sshd:auth): check pass; user unknown
Jan  5 07:20:32 LabSZ sshd[15734]: pam_unix(sshd:auth): authentication failure; logname= uid=0 euid=0 tty=ssh ruser= rhost=5.188.10.182 
Jan  5 07:20:33 LabSZ sshd[15728]: message repeated 5 times: [ Failed password for root from 59.63.188.30 port 41479 ssh2]
Jan  5 07:20:33 LabSZ sshd[15728]: Disconnecting: Too many authentication failures for root [preauth]
Jan  5 07:20:33 LabSZ sshd[15728]: PAM 5 more authentication failures; logname= uid=0 euid=0 tty=ssh ruser= rhost=59.63.188.30  user=root
Jan  5 07:20:33 LabSZ sshd[15728]: PAM service(sshd) ignoring max retries; 6 > 3
Jan  5 07:20:33 LabSZ sshd[15734]: Failed password for invalid user guest from 5.188.10.182 port 39159 ssh2
Jan  5 07:20:33 LabSZ sshd[15730]: message repeated 5 times: [ Failed password for root from 182.100.67.52 port 50578 ssh2]
Jan  5 07:20:33 LabSZ sshd[15730]: Disconnecting: Too many authentication failures for root [preauth]
Jan  5 07:20:33 LabSZ sshd[15730]: PAM 5 more authentication failures; logname= uid=0 euid=0 tty=ssh ruser= rhost=182.100.67.52  user=root
Jan  5 07:20:33 LabSZ sshd[15730]: PAM service(sshd) ignoring max retries; 6 > 3
Jan  5 07:20:34 LabSZ sshd[15734]: Connection closed by 5.188.10.182 [preauth]
Jan  5 07:20:34 LabSZ sshd[15736]: pam_unix(sshd:auth): authentication failure; logname= uid=0 euid=0 tty=ssh ruser= rhost=59.63.188.30  user=root
Jan  5 07:20:35 LabSZ sshd[15740]: pam_unix(sshd:auth): authentication failure; logname= uid=0 euid=0 tty=ssh ruser= rhost=182.100.67.52  user=root
Jan  5 07:20:36 LabSZ sshd[15738]: Connection closed by 5.188.10.182 [preauth]
Jan  5 07:20:37 LabSZ sshd[15736]: Failed password for root from 59.63.188.30 port 62412 ssh2
Jan  5 07:20:38 LabSZ sshd[15740]: Failed password for root from 182.100.67.52 port 15902 ssh2
Jan  5 07:20:40 LabSZ sshd[15742]: Invalid user operator from 5.188.10.182
Jan  5 07:20:40 LabSZ sshd[15742]: input_userauth_request: invalid user operator [preauth]
Jan  5 07:20:40 LabSZ sshd[15742]: pam_unix(sshd:auth): check pass; user unknown
Jan  5 07:20:40 LabSZ sshd[15742]: pam_unix(sshd:auth): authentication failure; logname= uid=0 euid=0 tty=ssh ruser= rhost=5.188.10.182 
Jan  5 07:20:42 LabSZ sshd[15742]: Failed password for invalid user operator from 5.188.10.182 port 36481 ssh2
Jan  5 07:20:42 LabSZ sshd[15742]: Connection closed by 5.188.10.182 [preauth]
Jan  5 07:20:47 LabSZ sshd[15744]: Invalid user osmc from 5.188.10.182
Jan  5 07:20:47 LabSZ sshd[15744]: input_userauth_request: invalid user osmc [preauth]
Jan  5 07:20:47 LabSZ sshd[15744]: pam_unix(sshd:auth): check pass; user unknown
Jan  5 07:20:47 LabSZ sshd[15744]: pam_unix(sshd:auth): authentication failure; logname= uid=0 euid=0 tty=ssh ruser= rhost=5.188.10.182 
Jan  5 07:20:49 LabSZ sshd[15736]: message repeated 5 times: [ Failed password for root from 59.63.188.30 port 62412 ssh2]
Jan  5 07:20:49 LabSZ sshd[15736]: Disconnecting: Too many authentication failures for root [preauth]
Jan  5 07:20:49 LabSZ sshd[15736]: PAM 5 more authentication failures; logname= uid=0 euid=0 tty=ssh ruser= rhost=59.63.188.30  user=root
Jan  5 07:20:49 LabSZ sshd[15736]: PAM service(sshd) ignoring max retries; 6 > 3
Jan  5 07:20:50 LabSZ sshd[15744]: Failed password for invalid user osmc from 5.188.10.182 port 36912 ssh2
Jan  5 07:20:50 LabSZ sshd[15740]: message repeated 5 times: [ Failed password for root from 182.100.67.52 port 15902 ssh2]
Jan  5 07:20:50 LabSZ sshd[15740]: Disconnecting: Too many authentication failures for root [preauth]
Jan  5 07:20:50 LabSZ sshd[15740]: PAM 5 more authentication failures; logname= uid=0 euid=0 tty=ssh ruser= rhost=182.100.67.52  user=root
Jan  5 07:20:50 LabSZ sshd[15740]: PAM service(sshd) ignoring max retries; 6 > 3
Jan  5 07:20:50 LabSZ sshd[15744]: Connection closed by 5.188.10.182 [preauth]
Jan  5 07:20:51 LabSZ sshd[15747]: pam_unix(sshd:auth): authentication failure; logname= uid=0 euid=0 tty=ssh ruser= rhost=59.63.188.30  user=root
Jan  5 07:20:51 LabSZ sshd[15749]: pam_unix(sshd:auth): authentication failure; logname= uid=0 euid=0 tty=ssh ruser= rhost=182.100.67.52  user=root
Jan  5 07:20:53 LabSZ sshd[15747]: Failed password for root from 59.63.188.30 port 19149 ssh2
Jan  5 07:20:53 LabSZ sshd[15749]: Failed password for root from 182.100.67.52 port 43698 ssh2
Jan  5 07:20:53 LabSZ sshd[15746]: pam_unix(sshd:auth): authentication failure; logname= uid=0 euid=0 tty=ssh ruser= rhost=5.188.10.182  user=root
Jan  5 07:20:55 LabSZ sshd[15746]: Failed password for root from 5.188.10.182 port 39330 ssh2
Jan  5 07:20:58 LabSZ sshd[15746]: Failed password for root from 5.188.10.182 port 39330 ssh2
Jan  5 07:20:58 LabSZ sshd[15746]: Connection closed by 5.188.10.182 [preauth]
Jan  5 07:20:58 LabSZ sshd[15746]: PAM 1 more authentication failure; logname= uid=0 euid=0 tty=ssh ruser= rhost=5.188.10.182  user=root
Jan  5 07:21:01 LabSZ sshd[15752]: Connection closed by 5.188.10.182 [preauth]
Jan  5 07:21:04 LabSZ sshd[15754]: Invalid user support from 5.188.10.182
Jan  5 07:21:04 LabSZ sshd[15754]: input_userauth_request: invalid user support [preauth]
Jan  5 07:21:04 LabSZ sshd[15754]: pam_unix(sshd:auth): check pass; user unknown
Jan  5 07:21:04 LabSZ sshd[15754]: pam_unix(sshd:auth): authentication failure; logname= uid=0 euid=0 tty=ssh ruser= rhost=5.188.10.182 
Jan  5 07:21:06 LabSZ sshd[15749]: message repeated 5 times: [ Failed password for root from 182.100.67.52 port 43698 ssh2]
Jan  5 07:21:06 LabSZ sshd[15749]: Disconnecting: Too many authentication failures for root [preauth]
Jan  5 07:21:06 LabSZ sshd[15749]: PAM 5 more authentication failures; logname= uid=0 euid=0 tty=ssh ruser= rhost=182.100.67.52  user=root
Jan  5 07:21:06 LabSZ sshd[15749]: PAM service(sshd) ignoring max retries; 6 > 3
Jan  5 07:21:06 LabSZ sshd[15747]: message repeated 5 times: [ Failed password for root from 59.63.188.30 port 19149 ssh2]
Jan  5 07:21:06 LabSZ sshd[15747]: Disconnecting: Too many authentication failures for root [preauth]
Jan  5 07:21:06 LabSZ sshd[15747]: PAM 5 more authentication failures; logname= uid=0 euid=0 tty=ssh ruser= rhost=59.63.188.30  user=root
Jan  5 07:21:06 LabSZ sshd[15747]: PAM service(sshd) ignoring max retries; 6 > 3
Jan  5 07:21:06 LabSZ sshd[15754]: Failed password for invalid user support from 5.188.10.182 port 55809 ssh2
Jan  5 07:21:07 LabSZ sshd[15754]: Connection closed by 5.188.10.182 [preauth]
Jan  5 07:21:07 LabSZ sshd[15756]: pam_unix(sshd:auth): authentication failure; logname= uid=0 euid=0 tty=ssh ruser= rhost=59.63.188.30  user=root
Jan  5 07:21:07 LabSZ sshd[15757]: pam_unix(sshd:auth): authentication failure; logname= uid=0 euid=0 tty=ssh ruser= rhost=182.100.67.52  user=root
Jan  5 07:21:08 LabSZ sshd[15756]: Failed password for root from 59.63.188.30 port 32726 ssh2
Jan  5 07:21:08 LabSZ sshd[15757]: Failed password for root from 182.100.67.52 port 7328 ssh2
Jan  5 07:21:10 LabSZ sshd[15760]: Invalid user telecomadmin from 5.188.10.182
