Dec 17 05:18:18 LabSZ sshd[25238]: pam_unix(sshd:auth): authentication failure; logname= uid=0 euid=0 tty=ssh ruser= rhost=183.129.154.138  user=root
Dec 17 05:18:18 LabSZ sshd[25234]: error: Received disconnect from 103.99.0.122: 14: No more user authentication methods available. [preauth]
Dec 17 05:18:19 LabSZ sshd[25238]: Failed password for root from 183.129.154.138 port 55858 ssh2
Dec 17 05:18:19 LabSZ sshd[25238]: Connection closed by 183.129.154.138 [preauth]
Dec 17 05:18:20 LabSZ sshd[25242]: pam_unix(sshd:auth): authentication failure; logname= uid=0 euid=0 tty=ssh ruser= rhost=183.129.154.138  user=root
Dec 17 05:18:20 LabSZ sshd[25240]: Invalid user pi from 103.99.0.122
Dec 17 05:18:20 LabSZ sshd[25240]: input_userauth_request: invalid user pi [preauth]
Dec 17 05:18:20 LabSZ sshd[25240]: pam_unix(sshd:auth): check pass; user unknown
Dec 17 05:18:20 LabSZ sshd[25240]: pam_unix(sshd:auth): authentication failure; logname= uid=0 euid=0 tty=ssh ruser= rhost=103.99.0.122 
Dec 17 05:18:22 LabSZ sshd[25242]: Failed password for root from 183.129.154.138 port 55998 ssh2
Dec 17 05:18:22 LabSZ sshd[25240]: Failed password for invalid user pi from 103.99.0.122 port 60136 ssh2
Dec 17 05:18:22 LabSZ sshd[25242]: Connection closed by 183.129.154.138 [preauth]
Dec 17 05:18:22 LabSZ sshd[25240]: error: Received disconnect from 103.99.0.122: 14: No more user authentication methods available. [preauth]
Dec 17 05:18:22 LabSZ sshd[25244]: pam_unix(sshd:auth): authentication failure; logname= uid=0 euid=0 tty=ssh ruser= rhost=183.129.154.138  user=root
Dec 17 05:18:24 LabSZ sshd[25246]: Invalid user PlcmSpIp from 103.99.0.122
Dec 17 05:18:24 LabSZ sshd[25246]: input_userauth_request: invalid user PlcmSpIp [preauth]
Dec 17 05:18:24 LabSZ sshd[25246]: pam_unix(sshd:auth): check pass; user unknown
Dec 17 05:18:24 LabSZ sshd[25246]: pam_unix(sshd:auth): authentication failure; logname= uid=0 euid=0 tty=ssh ruser= rhost=103.99.0.122 
Dec 17 05:18:24 LabSZ sshd[25244]: Failed password for root from 183.129.154.138 port 56284 ssh2
Dec 17 05:18:25 LabSZ sshd[25244]: Connection closed by 183.129.154.138 [preauth]
Dec 17 05:18:25 LabSZ sshd[25248]: pam_unix(sshd:auth): authentication failure; logname= uid=0 euid=0 tty=ssh ruser= rhost=183.129.154.138  user=root
Dec 17 05:18:26 LabSZ sshd[25246]: Failed password for invalid user PlcmSpIp from 103.99.0.122 port 61311 ssh2
Dec 17 05:18:27 LabSZ sshd[25248]: Failed password for root from 183.129.154.138 port 56556 ssh2
Dec 17 05:18:27 LabSZ sshd[25248]: Connection closed by 183.129.154.138 [preauth]
Dec 17 05:18:27 LabSZ sshd[25246]: error: Received disconnect from 103.99.0.122: 14: No more user authentication methods available. [preauth]
Dec 17 05:18:27 LabSZ sshd[25250]: pam_unix(sshd:auth): authentication failure; logname= uid=0 euid=0 tty=ssh ruser= rhost=183.129.154.138  user=root
Dec 17 05:18:30 LabSZ sshd[25250]: Failed password for root from 183.129.154.138 port 56790 ssh2
Dec 17 05:18:30 LabSZ sshd[25250]: Connection closed by 183.129.154.138 [preauth]
Dec 17 05:18:30 LabSZ sshd[25254]: pam_unix(sshd:auth): authentication failure; logname= uid=0 euid=0 tty=ssh ruser= rhost=183.129.154.138  user=root
Dec 17 05:18:30 LabSZ sshd[25252]: Invalid user Management from 103.99.0.122
Dec 17 05:18:30 LabSZ sshd[25252]: input_userauth_request: invalid user Management [preauth]
Dec 17 05:18:30 LabSZ sshd[25252]: pam_unix(sshd:auth): check pass; user unknown
Dec 17 05:18:30 LabSZ sshd[25252]: pam_unix(sshd:auth): authentication failure; logname= uid=0 euid=0 tty=ssh ruser= rhost=103.99.0.122 
Dec 17 05:18:31 LabSZ sshd[25254]: Failed password for root from 183.129.154.138 port 57058 ssh2
Dec 17 05:18:31 LabSZ sshd[25254]: Connection closed by 183.129.154.138 [preauth]
Dec 17 05:18:32 LabSZ sshd[25256]: pam_unix(sshd:auth): authentication failure; logname= uid=0 euid=0 tty=ssh ruser= rhost=183.129.154.138  user=root
Dec 17 05:18:32 LabSZ sshd[25252]: Failed password for invalid user Management from 103.99.0.122 port 62792 ssh2
Dec 17 05:18:32 LabSZ sshd[25252]: error: Received disconnect from 103.99.0.122: 14: No more user authentication methods available. [preauth]
Dec 17 05:18:34 LabSZ sshd[25256]: Failed password for root from 183.129.154.138 port 57262 ssh2
Dec 17 05:18:34 LabSZ sshd[25256]: Connection closed by 183.129.154.138 [preauth]
Dec 17 05:18:34 LabSZ sshd[25260]: pam_unix(sshd:auth): authentication failure; logname= uid=0 euid=0 tty=ssh ruser= rhost=183.129.154.138  user=root
Dec 17 05:18:35 LabSZ sshd[25258]: pam_unix(sshd:auth): authentication failure; logname= uid=0 euid=0 tty=ssh ruser= rhost=103.99.0.122  user=root
Dec 17 05:18:36 LabSZ sshd[25260]: Failed password for root from 183.129.154.138 port 57548 ssh2
Dec 17 05:18:36 LabSZ sshd[25260]: Connection closed by 183.129.154.138 [preauth]
Dec 17 05:18:36 LabSZ sshd[25262]: pam_unix(sshd:auth): authentication failure; logname= uid=0 euid=0 tty=ssh ruser= rhost=183.129.154.138  user=root
Dec 17 05:18:37 LabSZ sshd[25258]: Failed password for root from 103.99.0.122 port 64497 ssh2
Dec 17 05:18:37 LabSZ sshd[25258]: error: Received disconnect from 103.99.0.122: 14: No more user authentication methods available. [preauth]
Dec 17 05:18:38 LabSZ sshd[25262]: Failed password for root from 183.129.154.138 port 57776 ssh2
Dec 17 05:18:38 LabSZ sshd[25265]: Invalid user ftpuser from 103.99.0.122
Dec 17 05:18:38 LabSZ sshd[25265]: input_userauth_request: invalid user ftpuser [preauth]
Dec 17 05:18:38 LabSZ sshd[25265]: pam_unix(sshd:auth): check pass; user unknown
Dec 17 05:18:38 LabSZ sshd[25265]: pam_unix(sshd:auth): authentication failure; logname= uid=0 euid=0 tty=ssh ruser= rhost=103.99.0.122 
Dec 17 05:18:38 LabSZ sshd[25262]: Connection closed by 183.129.154.138 [preauth]
Dec 17 05:18:39 LabSZ sshd[25267]: pam_unix(sshd:auth): authentication failure; logname= uid=0 euid=0 tty=ssh ruser= rhost=183.129.154.138  user=root
Dec 17 05:18:40 LabSZ sshd[25265]: Failed password for invalid user ftpuser from 103.99.0.122 port 49610 ssh2
Dec 17 05:18:41 LabSZ sshd[25267]: Failed password for root from 183.129.154.138 port 58010 ssh2
Dec 17 05:18:41 LabSZ sshd[25267]: Connection closed by 183.129.154.138 [preauth]
Dec 17 05:18:41 LabSZ sshd[25269]: pam_unix(sshd:auth): authentication failure; logname= uid=0 euid=0 tty=ssh ruser= rhost=183.129.154.138  user=root
Dec 17 05:18:41 LabSZ sshd[25265]: error: Received disconnect from 103.99.0.122: 14: No more user authentication methods available. [preauth]
Dec 17 05:18:43 LabSZ sshd[25269]: Failed password for root from 183.129.154.138 port 57113 ssh2
Dec 17 05:18:43 LabSZ sshd[25269]: Connection closed by 183.129.154.138 [preauth]
Dec 17 05:18:44 LabSZ sshd[25271]: pam_unix(sshd:auth): authentication failure; logname= uid=0 euid=0 tty=ssh ruser= rhost=183.129.154.138  user=root
Dec 17 05:18:46 LabSZ sshd[25271]: Failed password for root from 183.129.154.138 port 58484 ssh2
Dec 17 05:18:46 LabSZ sshd[25271]: Connection closed by 183.129.154.138 [preauth]
Dec 17 05:18:46 LabSZ sshd[25273]: pam_unix(sshd:auth): authentication failure; logname= uid=0 euid=0 tty=ssh ruser= rhost=183.129.154.138  user=root
Dec 17 05:18:48 LabSZ sshd[25273]: Failed password for root from 183.129.154.138 port 44104 ssh2
Dec 17 05:18:48 LabSZ sshd[25273]: Connection closed by 183.129.154.138 [preauth]
Dec 17 05:18:48 LabSZ sshd[25275]: pam_unix(sshd:auth): authentication failure; logname= uid=0 euid=0 tty=ssh ruser= rhost=183.129.154.138  user=root
Dec 17 05:18:50 LabSZ sshd[25275]: Failed password for root from 183.129.154.138 port 58976 ssh2
Dec 17 05:18:50 LabSZ sshd[25275]: Connection closed by 183.129.154.138 [preauth]
Dec 17 05:18:51 LabSZ sshd[25277]: pam_unix(sshd:auth): authentication failure; logname= uid=0 euid=0 tty=ssh ruser= rhost=183.129.154.138  user=root
Dec 17 05:18:53 LabSZ sshd[25277]: Failed password for root from 183.129.154.138 port 48003 ssh2
Dec 17 05:18:53 LabSZ sshd[25277]: Connection closed by 183.129.154.138 [preauth]
Dec 17 05:18:53 LabSZ sshd[25279]: pam_unix(sshd:auth): authentication failure; logname= uid=0 euid=0 tty=ssh ruser= rhost=183.129.154.138  user=root
Dec 17 05:18:55 LabSZ sshd[25279]: Failed password for root from 183.129.154.138 port 59408 ssh2
Dec 17 05:18:55 LabSZ sshd[25279]: Connection closed by 183.129.154.138 [preauth]
Dec 17 05:18:56 LabSZ sshd[25281]: pam_unix(sshd:auth): authentication failure; logname= uid=0 euid=0 tty=ssh ruser= rhost=183.129.154.138  user=root
Dec 17 05:18:58 LabSZ sshd[25281]: Failed password for root from 183.129.154.138 port 59696 ssh2
Dec 17 05:18:58 LabSZ sshd[25281]: Connection closed by 183.129.154.138 [preauth]
Dec 17 05:18:58 LabSZ sshd[25283]: pam_unix(sshd:auth): authentication failure; logname= uid=0 euid=0 tty=ssh ruser= rhost=183.129.154.138  user=root
Dec 17 05:19:00 LabSZ sshd[25283]: Failed password for root from 183.129.154.138 port 28275 ssh2
Dec 17 05:19:00 LabSZ sshd[25283]: Connection closed by 183.129.154.138 [preauth]
Dec 17 05:19:00 LabSZ sshd[25285]: pam_unix(sshd:auth): authentication failure; logname= uid=0 euid=0 tty=ssh ruser= rhost=183.129.154.138  user=root
Dec 17 05:19:02 LabSZ sshd[25285]: Failed password for root from 183.129.154.138 port 60146 ssh2
Dec 17 05:19:02 LabSZ sshd[25285]: Connection closed by 183.129.154.138 [preauth]
Dec 17 05:19:02 LabSZ sshd[25287]: pam_unix(sshd:auth): authentication failure; logname= uid=0 euid=0 tty=ssh ruser= rhost=183.129.154.138  user=root
Dec 17 05:19:04 LabSZ sshd[25287]: Failed password for root from 183.129.154.138 port 31603 ssh2
Dec 17 05:19:04 LabSZ sshd[25287]: Connection closed by 183.129.154.138 [preauth]
Dec 17 05:19:05 LabSZ sshd[25289]: pam_unix(sshd:auth): authentication failure; logname= uid=0 euid=0 tty=ssh ruser= rhost=183.129.154.138  user=root
Dec 17 05:19:06 LabSZ sshd[25289]: Failed password for root from 183.129.154.138 port 60632 ssh2
Dec 17 05:19:06 LabSZ sshd[25289]: Connection closed by 183.129.154.138 [preauth]
Dec 17 05:19:07 LabSZ sshd[25291]: pam_unix(sshd:auth): authentication failure; logname= uid=0 euid=0 tty=ssh ruser= rhost=183.129.154.138  user=root
Dec 17 05:19:09 LabSZ sshd[25291]: Failed password for root from 183.129.154.138 port 60890 ssh2
Dec 17 05:19:09 LabSZ sshd[25291]: Connection closed by 183.129.154.138 [preauth]
Dec 17 05:19:10 LabSZ sshd[25293]: pam_unix(sshd:auth): authentication failure; logname= uid=0 euid=0 tty=ssh ruser= rhost=183.129.154.138  user=root
Dec 17 05:19:12 LabSZ sshd[25293]: Failed password for root from 183.129.154.138 port 32954 ssh2
Dec 17 05:19:12 LabSZ sshd[25293]: Connection closed by 183.129.154.138 [preauth]
Dec 17 05:19:12 LabSZ sshd[25295]: pam_unix(sshd:auth): authentication failure; logname= uid=0 euid=0 tty=ssh ruser= rhost=183.129.154.138  user=root
Dec 17 05:19:14 LabSZ sshd[25295]: Failed password for root from 183.129.154.138 port 33158 ssh2
Dec 17 05:19:14 LabSZ sshd[25295]: Connection closed by 183.129.154.138 [preauth]
