Jan  4 04:39:59 LabSZ sshd[17605]: pam_unix(sshd:auth): check pass; user unknown
Jan  4 04:40:00 LabSZ sshd[17615]: pam_unix(sshd:auth): authentication failure; logname= uid=0 euid=0 tty=ssh ruser= rhost=59.63.188.30  user=root
Jan  4 04:40:00 LabSZ sshd[17613]: Failed password for invalid user admin from 193.201.224.232 port 18411 ssh2
Jan  4 04:40:00 LabSZ sshd[17613]: pam_unix(sshd:auth): check pass; user unknown
Jan  4 04:40:01 LabSZ sshd[17605]: Failed password for invalid user admin from 181.214.87.4 port 57293 ssh2
Jan  4 04:40:02 LabSZ sshd[17615]: Failed password for root from 59.63.188.30 port 10929 ssh2
Jan  4 04:40:02 LabSZ sshd[17613]: Failed password for invalid user admin from 193.201.224.232 port 18411 ssh2
Jan  4 04:40:02 LabSZ sshd[17605]: pam_unix(sshd:auth): check pass; user unknown
Jan  4 04:40:02 LabSZ sshd[17613]: pam_unix(sshd:auth): check pass; user unknown
Jan  4 04:40:04 LabSZ sshd[17606]: message repeated 5 times: [ Failed password for root from 59.63.188.30 port 61329 ssh2]
Jan  4 04:40:04 LabSZ sshd[17606]: Disconnecting: Too many authentication failures for root [preauth]
Jan  4 04:40:04 LabSZ sshd[17606]: PAM 5 more authentication failures; logname= uid=0 euid=0 tty=ssh ruser= rhost=59.63.188.30  user=root
Jan  4 04:40:04 LabSZ sshd[17606]: PAM service(sshd) ignoring max retries; 6 > 3
Jan  4 04:40:05 LabSZ sshd[17605]: Failed password for invalid user admin from 181.214.87.4 port 57293 ssh2
Jan  4 04:40:05 LabSZ sshd[17613]: Failed password for invalid user admin from 193.201.224.232 port 18411 ssh2
Jan  4 04:40:05 LabSZ sshd[17605]: pam_unix(sshd:auth): check pass; user unknown
Jan  4 04:40:05 LabSZ sshd[17613]: pam_unix(sshd:auth): check pass; user unknown
Jan  4 04:40:05 LabSZ sshd[17617]: pam_unix(sshd:auth): authentication failure; logname= uid=0 euid=0 tty=ssh ruser= rhost=59.63.188.30  user=root
Jan  4 04:40:07 LabSZ sshd[17605]: Failed password for invalid user admin from 181.214.87.4 port 57293 ssh2
Jan  4 04:40:07 LabSZ sshd[17613]: Failed password for invalid user admin from 193.201.224.232 port 18411 ssh2
Jan  4 04:40:07 LabSZ sshd[17617]: Failed password for root from 59.63.188.30 port 16756 ssh2
Jan  4 04:40:07 LabSZ sshd[17613]: pam_unix(sshd:auth): check pass; user unknown
Jan  4 04:40:08 LabSZ sshd[17610]: message repeated 5 times: [ Failed password for root from 182.100.67.52 port 56300 ssh2]
Jan  4 04:40:08 LabSZ sshd[17610]: Disconnecting: Too many authentication failures for root [preauth]
Jan  4 04:40:08 LabSZ sshd[17610]: PAM 5 more authentication failures; logname= uid=0 euid=0 tty=ssh ruser= rhost=182.100.67.52  user=root
Jan  4 04:40:08 LabSZ sshd[17610]: PAM service(sshd) ignoring max retries; 6 > 3
Jan  4 04:40:09 LabSZ sshd[17605]: pam_unix(sshd:auth): check pass; user unknown
Jan  4 04:40:10 LabSZ sshd[17613]: Failed password for invalid user admin from 193.201.224.232 port 18411 ssh2
Jan  4 04:40:10 LabSZ sshd[17619]: pam_unix(sshd:auth): authentication failure; logname= uid=0 euid=0 tty=ssh ruser= rhost=182.100.67.52  user=root
Jan  4 04:40:10 LabSZ sshd[17613]: pam_unix(sshd:auth): check pass; user unknown
Jan  4 04:40:10 LabSZ sshd[17605]: Failed password for invalid user admin from 181.214.87.4 port 57293 ssh2
Jan  4 04:40:11 LabSZ sshd[17605]: Connection closed by 181.214.87.4 [preauth]
Jan  4 04:40:11 LabSZ sshd[17605]: PAM 4 more authentication failures; logname= uid=0 euid=0 tty=ssh ruser= rhost=181.214.87.4 
Jan  4 04:40:11 LabSZ sshd[17605]: PAM service(sshd) ignoring max retries; 5 > 3
Jan  4 04:40:11 LabSZ sshd[17619]: Failed password for root from 182.100.67.52 port 26160 ssh2
Jan  4 04:40:12 LabSZ sshd[17613]: Failed password for invalid user admin from 193.201.224.232 port 18411 ssh2
Jan  4 04:40:12 LabSZ sshd[17613]: Disconnecting: Too many authentication failures for admin [preauth]
Jan  4 04:40:12 LabSZ sshd[17613]: PAM 5 more authentication failures; logname= uid=0 euid=0 tty=ssh ruser= rhost=193.201.224.232 
Jan  4 04:40:12 LabSZ sshd[17613]: PAM service(sshd) ignoring max retries; 6 > 3
Jan  4 04:40:13 LabSZ sshd[17621]: Invalid user admin from 181.214.87.4
Jan  4 04:40:13 LabSZ sshd[17621]: input_userauth_request: invalid user admin [preauth]
Jan  4 04:40:13 LabSZ sshd[17621]: pam_unix(sshd:auth): check pass; user unknown
Jan  4 04:40:13 LabSZ sshd[17621]: pam_unix(sshd:auth): authentication failure; logname= uid=0 euid=0 tty=ssh ruser= rhost=181.214.87.4 
Jan  4 04:40:13 LabSZ sshd[17608]: message repeated 5 times: [ Failed password for root from 218.87.109.156 port 7088 ssh2]
Jan  4 04:40:13 LabSZ sshd[17608]: Disconnecting: Too many authentication failures for root [preauth]
Jan  4 04:40:13 LabSZ sshd[17608]: PAM 5 more authentication failures; logname= uid=0 euid=0 tty=ssh ruser= rhost=218.87.109.156  user=root
Jan  4 04:40:13 LabSZ sshd[17608]: PAM service(sshd) ignoring max retries; 6 > 3
Jan  4 04:40:14 LabSZ sshd[17623]: Invalid user admin from 193.201.224.232
Jan  4 04:40:14 LabSZ sshd[17623]: input_userauth_request: invalid user admin [preauth]
Jan  4 04:40:14 LabSZ sshd[17623]: pam_unix(sshd:auth): check pass; user unknown
Jan  4 04:40:14 LabSZ sshd[17623]: pam_unix(sshd:auth): authentication failure; logname= uid=0 euid=0 tty=ssh ruser= rhost=193.201.224.232 
Jan  4 04:40:14 LabSZ sshd[17625]: pam_unix(sshd:auth): authentication failure; logname= uid=0 euid=0 tty=ssh ruser= rhost=218.87.109.156  user=root
Jan  4 04:40:15 LabSZ sshd[17615]: message repeated 5 times: [ Failed password for root from 59.63.188.30 port 10929 ssh2]
Jan  4 04:40:15 LabSZ sshd[17615]: Disconnecting: Too many authentication failures for root [preauth]
Jan  4 04:40:15 LabSZ sshd[17615]: PAM 5 more authentication failures; logname= uid=0 euid=0 tty=ssh ruser= rhost=59.63.188.30  user=root
Jan  4 04:40:15 LabSZ sshd[17615]: PAM service(sshd) ignoring max retries; 6 > 3
Jan  4 04:40:15 LabSZ sshd[17621]: Failed password for invalid user admin from 181.214.87.4 port 58508 ssh2
Jan  4 04:40:16 LabSZ sshd[17621]: pam_unix(sshd:auth): check pass; user unknown
Jan  4 04:40:16 LabSZ sshd[17623]: Failed password for invalid user admin from 193.201.224.232 port 46266 ssh2
Jan  4 04:40:17 LabSZ sshd[17627]: pam_unix(sshd:auth): authentication failure; logname= uid=0 euid=0 tty=ssh ruser= rhost=59.63.188.30  user=root
Jan  4 04:40:17 LabSZ sshd[17625]: Failed password for root from 218.87.109.156 port 58560 ssh2
Jan  4 04:40:17 LabSZ sshd[17623]: pam_unix(sshd:auth): check pass; user unknown
Jan  4 04:40:18 LabSZ sshd[17621]: Failed password for invalid user admin from 181.214.87.4 port 58508 ssh2
Jan  4 04:40:18 LabSZ sshd[17621]: pam_unix(sshd:auth): check pass; user unknown
Jan  4 04:40:18 LabSZ sshd[17629]: Invalid user pi from 112.144.41.186
Jan  4 04:40:18 LabSZ sshd[17629]: input_userauth_request: invalid user pi [preauth]
Jan  4 04:40:19 LabSZ sshd[17631]: Invalid user pi from 112.144.41.186
Jan  4 04:40:19 LabSZ sshd[17631]: input_userauth_request: invalid user pi [preauth]
Jan  4 04:40:19 LabSZ sshd[17629]: pam_unix(sshd:auth): check pass; user unknown
Jan  4 04:40:19 LabSZ sshd[17629]: pam_unix(sshd:auth): authentication failure; logname= uid=0 euid=0 tty=ssh ruser= rhost=112.144.41.186 
Jan  4 04:40:19 LabSZ sshd[17631]: pam_unix(sshd:auth): check pass; user unknown
Jan  4 04:40:19 LabSZ sshd[17631]: pam_unix(sshd:auth): authentication failure; logname= uid=0 euid=0 tty=ssh ruser= rhost=112.144.41.186 
Jan  4 04:40:19 LabSZ sshd[17627]: Failed password for root from 59.63.188.30 port 32922 ssh2
Jan  4 04:40:19 LabSZ sshd[17623]: Failed password for invalid user admin from 193.201.224.232 port 46266 ssh2
Jan  4 04:40:19 LabSZ sshd[17623]: pam_unix(sshd:auth): check pass; user unknown
Jan  4 04:40:20 LabSZ sshd[17617]: message repeated 5 times: [ Failed password for root from 59.63.188.30 port 16756 ssh2]
Jan  4 04:40:20 LabSZ sshd[17617]: Disconnecting: Too many authentication failures for root [preauth]
Jan  4 04:40:20 LabSZ sshd[17617]: PAM 5 more authentication failures; logname= uid=0 euid=0 tty=ssh ruser= rhost=59.63.188.30  user=root
Jan  4 04:40:20 LabSZ sshd[17617]: PAM service(sshd) ignoring max retries; 6 > 3
Jan  4 04:40:20 LabSZ sshd[17621]: Failed password for invalid user admin from 181.214.87.4 port 58508 ssh2
Jan  4 04:40:21 LabSZ sshd[17629]: Failed password for invalid user pi from 112.144.41.186 port 59678 ssh2
Jan  4 04:40:21 LabSZ sshd[17631]: Failed password for invalid user pi from 112.144.41.186 port 45088 ssh2
Jan  4 04:40:21 LabSZ sshd[17629]: Connection closed by 112.144.41.186 [preauth]
Jan  4 04:40:21 LabSZ sshd[17631]: Connection closed by 112.144.41.186 [preauth]
Jan  4 04:40:21 LabSZ sshd[17621]: pam_unix(sshd:auth): check pass; user unknown
Jan  4 04:40:21 LabSZ sshd[17633]: pam_unix(sshd:auth): authentication failure; logname= uid=0 euid=0 tty=ssh ruser= rhost=59.63.188.30  user=root
Jan  4 04:40:21 LabSZ sshd[17623]: Failed password for invalid user admin from 193.201.224.232 port 46266 ssh2
Jan  4 04:40:21 LabSZ sshd[17623]: pam_unix(sshd:auth): check pass; user unknown
Jan  4 04:40:23 LabSZ sshd[17621]: Failed password for invalid user admin from 181.214.87.4 port 58508 ssh2
Jan  4 04:40:23 LabSZ sshd[17633]: Failed password for root from 59.63.188.30 port 38253 ssh2
Jan  4 04:40:23 LabSZ sshd[17621]: pam_unix(sshd:auth): check pass; user unknown
Jan  4 04:40:23 LabSZ sshd[17623]: Failed password for invalid user admin from 193.201.224.232 port 46266 ssh2
Jan  4 04:40:23 LabSZ sshd[17623]: pam_unix(sshd:auth): check pass; user unknown
Jan  4 04:40:24 LabSZ sshd[17619]: message repeated 5 times: [ Failed password for root from 182.100.67.52 port 26160 ssh2]
Jan  4 04:40:24 LabSZ sshd[17619]: Disconnecting: Too many authentication failures for root [preauth]
Jan  4 04:40:24 LabSZ sshd[17619]: PAM 5 more authentication failures; logname= uid=0 euid=0 tty=ssh ruser= rhost=182.100.67.52  user=root
Jan  4 04:40:24 LabSZ sshd[17619]: PAM service(sshd) ignoring max retries; 6 > 3
Jan  4 04:40:25 LabSZ sshd[17621]: Failed password for invalid user admin from 181.214.87.4 port 58508 ssh2
Jan  4 04:40:25 LabSZ sshd[17635]: pam_unix(sshd:auth): authentication failure; logname= uid=0 euid=0 tty=ssh ruser= rhost=182.100.67.52  user=root
Jan  4 04:40:25 LabSZ sshd[17623]: Failed password for invalid user admin from 193.201.224.232 port 46266 ssh2
