Jan  1 21:35:46 LabSZ sshd[14857]: Failed password for root from 58.242.83.25 port 43302 ssh2
Jan  1 21:35:49 LabSZ sshd[14852]: message repeated 5 times: [ Failed password for root from 182.100.67.120 port 41242 ssh2]
Jan  1 21:35:49 LabSZ sshd[14852]: Disconnecting: Too many authentication failures for root [preauth]
Jan  1 21:35:49 LabSZ sshd[14852]: PAM 5 more authentication failures; logname= uid=0 euid=0 tty=ssh ruser= rhost=182.100.67.120  user=root
Jan  1 21:35:49 LabSZ sshd[14852]: PAM service(sshd) ignoring max retries; 6 > 3
Jan  1 21:35:50 LabSZ sshd[14859]: pam_unix(sshd:auth): authentication failure; logname= uid=0 euid=0 tty=ssh ruser= rhost=182.100.67.120  user=root
Jan  1 21:35:52 LabSZ sshd[14851]: Invalid user 0 from 185.222.209.151
Jan  1 21:35:52 LabSZ sshd[14851]: input_userauth_request: invalid user 0 [preauth]
Jan  1 21:35:52 LabSZ sshd[14851]: Failed none for invalid user 0 from 185.222.209.151 port 57671 ssh2
Jan  1 21:35:52 LabSZ sshd[14859]: Failed password for root from 182.100.67.120 port 12412 ssh2
Jan  1 21:35:54 LabSZ sshd[14854]: message repeated 5 times: [ Failed password for root from 218.65.30.30 port 33574 ssh2]
Jan  1 21:35:54 LabSZ sshd[14854]: Disconnecting: Too many authentication failures for root [preauth]
Jan  1 21:35:54 LabSZ sshd[14854]: PAM 5 more authentication failures; logname= uid=0 euid=0 tty=ssh ruser= rhost=218.65.30.30  user=root
Jan  1 21:35:54 LabSZ sshd[14854]: PAM service(sshd) ignoring max retries; 6 > 3
Jan  1 21:35:56 LabSZ sshd[14861]: reverse mapping checking getaddrinfo for 30.30.65.218.broad.xy.jx.dynamic.163data.com.cn [218.65.30.30] failed - POSSIBLE BREAK-IN ATTEMPT!
Jan  1 21:35:56 LabSZ sshd[14861]: pam_unix(sshd:auth): authentication failure; logname= uid=0 euid=0 tty=ssh ruser= rhost=218.65.30.30  user=root
Jan  1 21:35:57 LabSZ sshd[14851]: Connection closed by 185.222.209.151 [preauth]
Jan  1 21:35:58 LabSZ sshd[14861]: Failed password for root from 218.65.30.30 port 4876 ssh2
Jan  1 21:35:59 LabSZ sshd[14857]: message repeated 5 times: [ Failed password for root from 58.242.83.25 port 43302 ssh2]
Jan  1 21:35:59 LabSZ sshd[14857]: Disconnecting: Too many authentication failures for root [preauth]
Jan  1 21:35:59 LabSZ sshd[14857]: PAM 5 more authentication failures; logname= uid=0 euid=0 tty=ssh ruser= rhost=58.242.83.25  user=root
Jan  1 21:35:59 LabSZ sshd[14857]: PAM service(sshd) ignoring max retries; 6 > 3
Jan  1 21:36:00 LabSZ sshd[14864]: pam_unix(sshd:auth): authentication failure; logname= uid=0 euid=0 tty=ssh ruser= rhost=58.242.83.25  user=root
Jan  1 21:36:02 LabSZ sshd[14864]: Failed password for root from 58.242.83.25 port 63911 ssh2
Jan  1 21:36:04 LabSZ sshd[14859]: message repeated 5 times: [ Failed password for root from 182.100.67.120 port 12412 ssh2]
Jan  1 21:36:04 LabSZ sshd[14859]: Disconnecting: Too many authentication failures for root [preauth]
Jan  1 21:36:04 LabSZ sshd[14859]: PAM 5 more authentication failures; logname= uid=0 euid=0 tty=ssh ruser= rhost=182.100.67.120  user=root
Jan  1 21:36:04 LabSZ sshd[14859]: PAM service(sshd) ignoring max retries; 6 > 3
Jan  1 21:36:09 LabSZ sshd[14867]: pam_unix(sshd:auth): authentication failure; logname= uid=0 euid=0 tty=ssh ruser= rhost=182.100.67.120  user=root
Jan  1 21:36:10 LabSZ sshd[14861]: message repeated 5 times: [ Failed password for root from 218.65.30.30 port 4876 ssh2]
Jan  1 21:36:10 LabSZ sshd[14861]: Disconnecting: Too many authentication failures for root [preauth]
Jan  1 21:36:10 LabSZ sshd[14861]: PAM 5 more authentication failures; logname= uid=0 euid=0 tty=ssh ruser= rhost=218.65.30.30  user=root
Jan  1 21:36:10 LabSZ sshd[14861]: PAM service(sshd) ignoring max retries; 6 > 3
Jan  1 21:36:11 LabSZ sshd[14867]: Failed password for root from 182.100.67.120 port 46816 ssh2
Jan  1 21:36:11 LabSZ sshd[14869]: reverse mapping checking getaddrinfo for 30.30.65.218.broad.xy.jx.dynamic.163data.com.cn [218.65.30.30] failed - POSSIBLE BREAK-IN ATTEMPT!
Jan  1 21:36:11 LabSZ sshd[14869]: pam_unix(sshd:auth): authentication failure; logname= uid=0 euid=0 tty=ssh ruser= rhost=218.65.30.30  user=root
Jan  1 21:36:13 LabSZ sshd[14869]: Failed password for root from 218.65.30.30 port 39738 ssh2
Jan  1 21:36:13 LabSZ sshd[14864]: message repeated 5 times: [ Failed password for root from 58.242.83.25 port 63911 ssh2]
Jan  1 21:36:13 LabSZ sshd[14864]: Disconnecting: Too many authentication failures for root [preauth]
Jan  1 21:36:13 LabSZ sshd[14864]: PAM 5 more authentication failures; logname= uid=0 euid=0 tty=ssh ruser= rhost=58.242.83.25  user=root
Jan  1 21:36:13 LabSZ sshd[14864]: PAM service(sshd) ignoring max retries; 6 > 3
Jan  1 21:36:13 LabSZ sshd[14863]: Invalid user 123 from 185.222.209.151
Jan  1 21:36:13 LabSZ sshd[14863]: input_userauth_request: invalid user 123 [preauth]
Jan  1 21:36:13 LabSZ sshd[14863]: pam_unix(sshd:auth): check pass; user unknown
Jan  1 21:36:13 LabSZ sshd[14863]: pam_unix(sshd:auth): authentication failure; logname= uid=0 euid=0 tty=ssh ruser= rhost=185.222.209.151 
Jan  1 21:36:15 LabSZ sshd[14871]: pam_unix(sshd:auth): authentication failure; logname= uid=0 euid=0 tty=ssh ruser= rhost=58.242.83.25  user=root
Jan  1 21:36:15 LabSZ sshd[14863]: Failed password for invalid user 123 from 185.222.209.151 port 40390 ssh2
Jan  1 21:36:17 LabSZ sshd[14871]: Failed password for root from 58.242.83.25 port 18553 ssh2
Jan  1 21:36:20 LabSZ sshd[14863]: Connection closed by 185.222.209.151 [preauth]
Jan  1 21:36:24 LabSZ sshd[14867]: message repeated 5 times: [ Failed password for root from 182.100.67.120 port 46816 ssh2]
Jan  1 21:36:24 LabSZ sshd[14867]: Disconnecting: Too many authentication failures for root [preauth]
Jan  1 21:36:24 LabSZ sshd[14867]: PAM 5 more authentication failures; logname= uid=0 euid=0 tty=ssh ruser= rhost=182.100.67.120  user=root
Jan  1 21:36:24 LabSZ sshd[14867]: PAM service(sshd) ignoring max retries; 6 > 3
Jan  1 21:36:25 LabSZ sshd[14869]: message repeated 5 times: [ Failed password for root from 218.65.30.30 port 39738 ssh2]
Jan  1 21:36:25 LabSZ sshd[14869]: Disconnecting: Too many authentication failures for root [preauth]
Jan  1 21:36:25 LabSZ sshd[14869]: PAM 5 more authentication failures; logname= uid=0 euid=0 tty=ssh ruser= rhost=218.65.30.30  user=root
Jan  1 21:36:25 LabSZ sshd[14869]: PAM service(sshd) ignoring max retries; 6 > 3
Jan  1 21:36:25 LabSZ sshd[14874]: pam_unix(sshd:auth): authentication failure; logname= uid=0 euid=0 tty=ssh ruser= rhost=182.100.67.120  user=root
Jan  1 21:36:26 LabSZ sshd[14876]: reverse mapping checking getaddrinfo for 30.30.65.218.broad.xy.jx.dynamic.163data.com.cn [218.65.30.30] failed - POSSIBLE BREAK-IN ATTEMPT!
Jan  1 21:36:26 LabSZ sshd[14876]: pam_unix(sshd:auth): authentication failure; logname= uid=0 euid=0 tty=ssh ruser= rhost=218.65.30.30  user=root
Jan  1 21:36:27 LabSZ sshd[14874]: Failed password for root from 182.100.67.120 port 27938 ssh2
Jan  1 21:36:28 LabSZ sshd[14876]: Failed password for root from 218.65.30.30 port 8786 ssh2
Jan  1 21:36:30 LabSZ sshd[14871]: message repeated 5 times: [ Failed password for root from 58.242.83.25 port 18553 ssh2]
Jan  1 21:36:30 LabSZ sshd[14871]: Disconnecting: Too many authentication failures for root [preauth]
Jan  1 21:36:30 LabSZ sshd[14871]: PAM 5 more authentication failures; logname= uid=0 euid=0 tty=ssh ruser= rhost=58.242.83.25  user=root
Jan  1 21:36:30 LabSZ sshd[14871]: PAM service(sshd) ignoring max retries; 6 > 3
Jan  1 21:36:31 LabSZ sshd[14878]: pam_unix(sshd:auth): authentication failure; logname= uid=0 euid=0 tty=ssh ruser= rhost=58.242.83.25  user=root
Jan  1 21:36:33 LabSZ sshd[14878]: Failed password for root from 58.242.83.25 port 39422 ssh2
Jan  1 21:36:40 LabSZ sshd[14874]: message repeated 5 times: [ Failed password for root from 182.100.67.120 port 27938 ssh2]
Jan  1 21:36:40 LabSZ sshd[14874]: Disconnecting: Too many authentication failures for root [preauth]
Jan  1 21:36:40 LabSZ sshd[14874]: PAM 5 more authentication failures; logname= uid=0 euid=0 tty=ssh ruser= rhost=182.100.67.120  user=root
Jan  1 21:36:40 LabSZ sshd[14874]: PAM service(sshd) ignoring max retries; 6 > 3
Jan  1 21:36:40 LabSZ sshd[14876]: message repeated 5 times: [ Failed password for root from 218.65.30.30 port 8786 ssh2]
Jan  1 21:36:40 LabSZ sshd[14876]: Disconnecting: Too many authentication failures for root [preauth]
Jan  1 21:36:40 LabSZ sshd[14876]: PAM 5 more authentication failures; logname= uid=0 euid=0 tty=ssh ruser= rhost=218.65.30.30  user=root
Jan  1 21:36:40 LabSZ sshd[14876]: PAM service(sshd) ignoring max retries; 6 > 3
Jan  1 21:36:41 LabSZ sshd[14882]: reverse mapping checking getaddrinfo for 30.30.65.218.broad.xy.jx.dynamic.163data.com.cn [218.65.30.30] failed - POSSIBLE BREAK-IN ATTEMPT!
Jan  1 21:36:41 LabSZ sshd[14882]: pam_unix(sshd:auth): authentication failure; logname= uid=0 euid=0 tty=ssh ruser= rhost=218.65.30.30  user=root
Jan  1 21:36:41 LabSZ sshd[14880]: pam_unix(sshd:auth): authentication failure; logname= uid=0 euid=0 tty=ssh ruser= rhost=182.100.67.120  user=root
Jan  1 21:36:42 LabSZ sshd[14873]: Did not receive identification string from 185.222.209.151
Jan  1 21:36:43 LabSZ sshd[14882]: Failed password for root from 218.65.30.30 port 42702 ssh2
Jan  1 21:36:43 LabSZ sshd[14880]: Failed password for root from 182.100.67.120 port 64028 ssh2
Jan  1 21:36:45 LabSZ sshd[14878]: message repeated 5 times: [ Failed password for root from 58.242.83.25 port 39422 ssh2]
Jan  1 21:36:45 LabSZ sshd[14878]: Disconnecting: Too many authentication failures for root [preauth]
Jan  1 21:36:45 LabSZ sshd[14878]: PAM 5 more authentication failures; logname= uid=0 euid=0 tty=ssh ruser= rhost=58.242.83.25  user=root
Jan  1 21:36:45 LabSZ sshd[14878]: PAM service(sshd) ignoring max retries; 6 > 3
Jan  1 21:36:46 LabSZ sshd[14884]: pam_unix(sshd:auth): authentication failure; logname= uid=0 euid=0 tty=ssh ruser= rhost=58.242.83.25  user=root
Jan  1 21:36:48 LabSZ sshd[14884]: Failed password for root from 58.242.83.25 port 58951 ssh2
Jan  1 21:36:56 LabSZ sshd[14882]: message repeated 5 times: [ Failed password for root from 218.65.30.30 port 42702 ssh2]
Jan  1 21:36:56 LabSZ sshd[14882]: Disconnecting: Too many authentication failures for root [preauth]
Jan  1 21:36:56 LabSZ sshd[14882]: PAM 5 more authentication failures; logname= uid=0 euid=0 tty=ssh ruser= rhost=218.65.30.30  user=root
Jan  1 21:36:56 LabSZ sshd[14882]: PAM service(sshd) ignoring max retries; 6 > 3
Jan  1 21:36:57 LabSZ sshd[14880]: message repeated 5 times: [ Failed password for root from 182.100.67.120 port 64028 ssh2]
Jan  1 21:36:57 LabSZ sshd[14880]: Disconnecting: Too many authentication failures for root [preauth]
Jan  1 21:36:57 LabSZ sshd[14880]: PAM 5 more authentication failures; logname= uid=0 euid=0 tty=ssh ruser= rhost=182.100.67.120  user=root
Jan  1 21:36:57 LabSZ sshd[14880]: PAM service(sshd) ignoring max retries; 6 > 3
Jan  1 21:36:57 LabSZ sshd[14886]: reverse mapping checking getaddrinfo for 30.30.65.218.broad.xy.jx.dynamic.163data.com.cn [218.65.30.30] failed - POSSIBLE BREAK-IN ATTEMPT!
Jan  1 21:36:57 LabSZ sshd[14886]: pam_unix(sshd:auth): authentication failure; logname= uid=0 euid=0 tty=ssh ruser= rhost=218.65.30.30  user=root
Jan  1 21:36:59 LabSZ sshd[14888]: pam_unix(sshd:auth): authentication failure; logname= uid=0 euid=0 tty=ssh ruser= rhost=182.100.67.120  user=root
Jan  1 21:36:59 LabSZ sshd[14886]: Failed password for root from 218.65.30.30 port 12428 ssh2
