Jan  4 04:05:32 LabSZ sshd[16353]: PAM service(sshd) ignoring max retries; 6 > 3
Jan  4 04:05:32 LabSZ sshd[16370]: Failed password for invalid user ubuntu from 183.196.29.120 port 43361 ssh2
Jan  4 04:05:32 LabSZ sshd[16370]: Received disconnect from 183.196.29.120: 11: Bye Bye [preauth]
Jan  4 04:05:33 LabSZ sshd[16372]: Invalid user alarm from 183.196.29.120
Jan  4 04:05:33 LabSZ sshd[16372]: input_userauth_request: invalid user alarm [preauth]
Jan  4 04:05:33 LabSZ sshd[16372]: pam_unix(sshd:auth): check pass; user unknown
Jan  4 04:05:33 LabSZ sshd[16372]: pam_unix(sshd:auth): authentication failure; logname= uid=0 euid=0 tty=ssh ruser= rhost=183.196.29.120 
Jan  4 04:05:33 LabSZ sshd[16374]: pam_unix(sshd:auth): authentication failure; logname= uid=0 euid=0 tty=ssh ruser= rhost=182.100.67.52  user=root
Jan  4 04:05:35 LabSZ sshd[16372]: Failed password for invalid user alarm from 183.196.29.120 port 43429 ssh2
Jan  4 04:05:35 LabSZ sshd[16372]: Received disconnect from 183.196.29.120: 11: Bye Bye [preauth]
Jan  4 04:05:35 LabSZ sshd[16374]: Failed password for root from 182.100.67.52 port 4966 ssh2
Jan  4 04:05:36 LabSZ sshd[16362]: message repeated 5 times: [ Failed password for root from 59.63.188.30 port 41795 ssh2]
Jan  4 04:05:36 LabSZ sshd[16362]: Disconnecting: Too many authentication failures for root [preauth]
Jan  4 04:05:36 LabSZ sshd[16362]: PAM 5 more authentication failures; logname= uid=0 euid=0 tty=ssh ruser= rhost=59.63.188.30  user=root
Jan  4 04:05:36 LabSZ sshd[16362]: PAM service(sshd) ignoring max retries; 6 > 3
Jan  4 04:05:36 LabSZ sshd[16376]: Invalid user guest from 183.196.29.120
Jan  4 04:05:36 LabSZ sshd[16376]: input_userauth_request: invalid user guest [preauth]
Jan  4 04:05:36 LabSZ sshd[16376]: pam_unix(sshd:auth): check pass; user unknown
Jan  4 04:05:36 LabSZ sshd[16376]: pam_unix(sshd:auth): authentication failure; logname= uid=0 euid=0 tty=ssh ruser= rhost=183.196.29.120 
Jan  4 04:05:37 LabSZ sshd[16364]: message repeated 5 times: [ Failed password for root from 59.63.188.30 port 41869 ssh2]
Jan  4 04:05:37 LabSZ sshd[16364]: Disconnecting: Too many authentication failures for root [preauth]
Jan  4 04:05:37 LabSZ sshd[16364]: PAM 5 more authentication failures; logname= uid=0 euid=0 tty=ssh ruser= rhost=59.63.188.30  user=root
Jan  4 04:05:37 LabSZ sshd[16364]: PAM service(sshd) ignoring max retries; 6 > 3
Jan  4 04:05:37 LabSZ sshd[16378]: pam_unix(sshd:auth): authentication failure; logname= uid=0 euid=0 tty=ssh ruser= rhost=59.63.188.30  user=root
Jan  4 04:05:38 LabSZ sshd[16376]: Failed password for invalid user guest from 183.196.29.120 port 43536 ssh2
Jan  4 04:05:38 LabSZ sshd[16376]: Received disconnect from 183.196.29.120: 11: Bye Bye [preauth]
Jan  4 04:05:39 LabSZ sshd[16382]: pam_unix(sshd:auth): authentication failure; logname= uid=0 euid=0 tty=ssh ruser= rhost=59.63.188.30  user=root
Jan  4 04:05:40 LabSZ sshd[16378]: Failed password for root from 59.63.188.30 port 61681 ssh2
Jan  4 04:05:40 LabSZ sshd[16358]: message repeated 5 times: [ Failed password for root from 218.87.109.156 port 39554 ssh2]
Jan  4 04:05:40 LabSZ sshd[16358]: Disconnecting: Too many authentication failures for root [preauth]
Jan  4 04:05:40 LabSZ sshd[16358]: PAM 5 more authentication failures; logname= uid=0 euid=0 tty=ssh ruser= rhost=218.87.109.156  user=root
Jan  4 04:05:40 LabSZ sshd[16358]: PAM service(sshd) ignoring max retries; 6 > 3
Jan  4 04:05:40 LabSZ sshd[16382]: Failed password for root from 59.63.188.30 port 62888 ssh2
Jan  4 04:05:42 LabSZ sshd[16384]: pam_unix(sshd:auth): authentication failure; logname= uid=0 euid=0 tty=ssh ruser= rhost=218.87.109.156  user=root
Jan  4 04:05:42 LabSZ sshd[16380]: Invalid user test from 183.196.29.120
Jan  4 04:05:42 LabSZ sshd[16380]: input_userauth_request: invalid user test [preauth]
Jan  4 04:05:42 LabSZ sshd[16380]: pam_unix(sshd:auth): check pass; user unknown
Jan  4 04:05:42 LabSZ sshd[16380]: pam_unix(sshd:auth): authentication failure; logname= uid=0 euid=0 tty=ssh ruser= rhost=183.196.29.120 
Jan  4 04:05:44 LabSZ sshd[16384]: Failed password for root from 218.87.109.156 port 24772 ssh2
Jan  4 04:05:45 LabSZ sshd[16380]: Failed password for invalid user test from 183.196.29.120 port 43632 ssh2
Jan  4 04:05:45 LabSZ sshd[16380]: Received disconnect from 183.196.29.120: 11: Bye Bye [preauth]
Jan  4 04:05:46 LabSZ sshd[16386]: Invalid user cirros from 183.196.29.120
Jan  4 04:05:46 LabSZ sshd[16386]: input_userauth_request: invalid user cirros [preauth]
Jan  4 04:05:46 LabSZ sshd[16386]: pam_unix(sshd:auth): check pass; user unknown
Jan  4 04:05:46 LabSZ sshd[16386]: pam_unix(sshd:auth): authentication failure; logname= uid=0 euid=0 tty=ssh ruser= rhost=183.196.29.120 
Jan  4 04:05:47 LabSZ sshd[16374]: message repeated 5 times: [ Failed password for root from 182.100.67.52 port 4966 ssh2]
Jan  4 04:05:47 LabSZ sshd[16374]: Disconnecting: Too many authentication failures for root [preauth]
Jan  4 04:05:47 LabSZ sshd[16374]: PAM 5 more authentication failures; logname= uid=0 euid=0 tty=ssh ruser= rhost=182.100.67.52  user=root
Jan  4 04:05:47 LabSZ sshd[16374]: PAM service(sshd) ignoring max retries; 6 > 3
Jan  4 04:05:48 LabSZ sshd[16386]: Failed password for invalid user cirros from 183.196.29.120 port 43836 ssh2
Jan  4 04:05:48 LabSZ sshd[16386]: Received disconnect from 183.196.29.120: 11: Bye Bye [preauth]
Jan  4 04:05:49 LabSZ sshd[16390]: pam_unix(sshd:auth): authentication failure; logname= uid=0 euid=0 tty=ssh ruser= rhost=182.100.67.52  user=root
Jan  4 04:05:49 LabSZ sshd[16388]: Invalid user cirros from 183.196.29.120
Jan  4 04:05:49 LabSZ sshd[16388]: input_userauth_request: invalid user cirros [preauth]
Jan  4 04:05:49 LabSZ sshd[16388]: pam_unix(sshd:auth): check pass; user unknown
Jan  4 04:05:49 LabSZ sshd[16388]: pam_unix(sshd:auth): authentication failure; logname= uid=0 euid=0 tty=ssh ruser= rhost=183.196.29.120 
Jan  4 04:05:51 LabSZ sshd[16390]: Failed password for root from 182.100.67.52 port 39820 ssh2
Jan  4 04:05:51 LabSZ sshd[16388]: Failed password for invalid user cirros from 183.196.29.120 port 43929 ssh2
Jan  4 04:05:51 LabSZ sshd[16388]: Received disconnect from 183.196.29.120: 11: Bye Bye [preauth]
Jan  4 04:05:53 LabSZ sshd[16378]: message repeated 5 times: [ Failed password for root from 59.63.188.30 port 61681 ssh2]
Jan  4 04:05:53 LabSZ sshd[16378]: Disconnecting: Too many authentication failures for root [preauth]
Jan  4 04:05:53 LabSZ sshd[16378]: PAM 5 more authentication failures; logname= uid=0 euid=0 tty=ssh ruser= rhost=59.63.188.30  user=root
Jan  4 04:05:53 LabSZ sshd[16378]: PAM service(sshd) ignoring max retries; 6 > 3
Jan  4 04:05:53 LabSZ sshd[16392]: Invalid user admin from 183.196.29.120
Jan  4 04:05:53 LabSZ sshd[16392]: input_userauth_request: invalid user admin [preauth]
Jan  4 04:05:53 LabSZ sshd[16392]: pam_unix(sshd:auth): check pass; user unknown
Jan  4 04:05:53 LabSZ sshd[16392]: pam_unix(sshd:auth): authentication failure; logname= uid=0 euid=0 tty=ssh ruser= rhost=183.196.29.120 
Jan  4 04:05:53 LabSZ sshd[16382]: message repeated 5 times: [ Failed password for root from 59.63.188.30 port 62888 ssh2]
Jan  4 04:05:53 LabSZ sshd[16382]: Disconnecting: Too many authentication failures for root [preauth]
Jan  4 04:05:53 LabSZ sshd[16382]: PAM 5 more authentication failures; logname= uid=0 euid=0 tty=ssh ruser= rhost=59.63.188.30  user=root
Jan  4 04:05:53 LabSZ sshd[16382]: PAM service(sshd) ignoring max retries; 6 > 3
Jan  4 04:05:54 LabSZ sshd[16394]: pam_unix(sshd:auth): authentication failure; logname= uid=0 euid=0 tty=ssh ruser= rhost=59.63.188.30  user=root
Jan  4 04:05:54 LabSZ sshd[16396]: pam_unix(sshd:auth): authentication failure; logname= uid=0 euid=0 tty=ssh ruser= rhost=59.63.188.30  user=root
Jan  4 04:05:55 LabSZ sshd[16392]: Failed password for invalid user admin from 183.196.29.120 port 44031 ssh2
Jan  4 04:05:55 LabSZ sshd[16392]: Received disconnect from 183.196.29.120: 11: Bye Bye [preauth]
Jan  4 04:05:56 LabSZ sshd[16394]: Failed password for root from 59.63.188.30 port 19258 ssh2
Jan  4 04:05:56 LabSZ sshd[16384]: message repeated 5 times: [ Failed password for root from 218.87.109.156 port 24772 ssh2]
Jan  4 04:05:56 LabSZ sshd[16384]: Disconnecting: Too many authentication failures for root [preauth]
Jan  4 04:05:56 LabSZ sshd[16384]: PAM 5 more authentication failures; logname= uid=0 euid=0 tty=ssh ruser= rhost=218.87.109.156  user=root
Jan  4 04:05:56 LabSZ sshd[16384]: PAM service(sshd) ignoring max retries; 6 > 3
Jan  4 04:05:56 LabSZ sshd[16396]: Failed password for root from 59.63.188.30 port 19986 ssh2
Jan  4 04:06:00 LabSZ sshd[16398]: pam_unix(sshd:auth): authentication failure; logname= uid=0 euid=0 tty=ssh ruser= rhost=218.87.109.156  user=root
Jan  4 04:06:03 LabSZ sshd[16390]: message repeated 5 times: [ Failed password for root from 182.100.67.52 port 39820 ssh2]
Jan  4 04:06:03 LabSZ sshd[16390]: Disconnecting: Too many authentication failures for root [preauth]
Jan  4 04:06:03 LabSZ sshd[16390]: PAM 5 more authentication failures; logname= uid=0 euid=0 tty=ssh ruser= rhost=182.100.67.52  user=root
Jan  4 04:06:03 LabSZ sshd[16390]: PAM service(sshd) ignoring max retries; 6 > 3
Jan  4 04:06:03 LabSZ sshd[16398]: Failed password for root from 218.87.109.156 port 62518 ssh2
Jan  4 04:06:04 LabSZ sshd[16400]: pam_unix(sshd:auth): authentication failure; logname= uid=0 euid=0 tty=ssh ruser= rhost=182.100.67.52  user=root
Jan  4 04:06:06 LabSZ sshd[16400]: Failed password for root from 182.100.67.52 port 11528 ssh2
Jan  4 04:06:08 LabSZ sshd[16396]: message repeated 5 times: [ Failed password for root from 59.63.188.30 port 19986 ssh2]
Jan  4 04:06:08 LabSZ sshd[16396]: Disconnecting: Too many authentication failures for root [preauth]
Jan  4 04:06:08 LabSZ sshd[16396]: PAM 5 more authentication failures; logname= uid=0 euid=0 tty=ssh ruser= rhost=59.63.188.30  user=root
Jan  4 04:06:08 LabSZ sshd[16396]: PAM service(sshd) ignoring max retries; 6 > 3
Jan  4 04:06:08 LabSZ sshd[16394]: message repeated 5 times: [ Failed password for root from 59.63.188.30 port 19258 ssh2]
Jan  4 04:06:08 LabSZ sshd[16394]: Disconnecting: Too many authentication failures for root [preauth]
Jan  4 04:06:08 LabSZ sshd[16394]: PAM 5 more authentication failures; logname= uid=0 euid=0 tty=ssh ruser= rhost=59.63.188.30  user=root
Jan  4 04:06:08 LabSZ sshd[16394]: PAM service(sshd) ignoring max retries; 6 > 3
Jan  4 04:06:09 LabSZ sshd[16402]: pam_unix(sshd:auth): authentication failure; logname= uid=0 euid=0 tty=ssh ruser= rhost=59.63.188.30  user=root
Jan  4 04:06:09 LabSZ sshd[16404]: pam_unix(sshd:auth): authentication failure; logname= uid=0 euid=0 tty=ssh ruser= rhost=59.63.188.30  user=root
Jan  4 04:06:11 LabSZ sshd[16402]: Failed password for root from 59.63.188.30 port 39809 ssh2
