Jan  5 07:17:18 LabSZ sshd[15622]: error: Received disconnect from 103.99.0.122: 14: No more user authentication methods available. [preauth]
Jan  5 07:17:20 LabSZ sshd[15626]: Invalid user admin from 103.99.0.122
Jan  5 07:17:20 LabSZ sshd[15626]: input_userauth_request: invalid user admin [preauth]
Jan  5 07:17:20 LabSZ sshd[15626]: pam_unix(sshd:auth): check pass; user unknown
Jan  5 07:17:20 LabSZ sshd[15626]: pam_unix(sshd:auth): authentication failure; logname= uid=0 euid=0 tty=ssh ruser= rhost=103.99.0.122 
Jan  5 07:17:22 LabSZ sshd[15626]: Failed password for invalid user admin from 103.99.0.122 port 52927 ssh2
Jan  5 07:17:22 LabSZ sshd[15626]: error: Received disconnect from 103.99.0.122: 14: No more user authentication methods available. [preauth]
Jan  5 07:17:24 LabSZ sshd[15628]: Invalid user cisco from 103.99.0.122
Jan  5 07:17:24 LabSZ sshd[15628]: input_userauth_request: invalid user cisco [preauth]
Jan  5 07:17:24 LabSZ sshd[15628]: pam_unix(sshd:auth): check pass; user unknown
Jan  5 07:17:24 LabSZ sshd[15628]: pam_unix(sshd:auth): authentication failure; logname= uid=0 euid=0 tty=ssh ruser= rhost=103.99.0.122 
Jan  5 07:17:24 LabSZ sshd[15618]: message repeated 5 times: [ Failed password for root from 182.100.67.52 port 10552 ssh2]
Jan  5 07:17:24 LabSZ sshd[15618]: Disconnecting: Too many authentication failures for root [preauth]
Jan  5 07:17:24 LabSZ sshd[15618]: PAM 5 more authentication failures; logname= uid=0 euid=0 tty=ssh ruser= rhost=182.100.67.52  user=root
Jan  5 07:17:24 LabSZ sshd[15618]: PAM service(sshd) ignoring max retries; 6 > 3
Jan  5 07:17:25 LabSZ sshd[15630]: pam_unix(sshd:auth): authentication failure; logname= uid=0 euid=0 tty=ssh ruser= rhost=182.100.67.52  user=root
Jan  5 07:17:26 LabSZ sshd[15628]: Failed password for invalid user cisco from 103.99.0.122 port 53774 ssh2
Jan  5 07:17:27 LabSZ sshd[15628]: error: Received disconnect from 103.99.0.122: 14: No more user authentication methods available. [preauth]
Jan  5 07:17:27 LabSZ sshd[15630]: Failed password for root from 182.100.67.52 port 35530 ssh2
Jan  5 07:17:29 LabSZ sshd[15632]: Invalid user test from 103.99.0.122
Jan  5 07:17:29 LabSZ sshd[15632]: input_userauth_request: invalid user test [preauth]
Jan  5 07:17:29 LabSZ sshd[15632]: pam_unix(sshd:auth): check pass; user unknown
Jan  5 07:17:29 LabSZ sshd[15632]: pam_unix(sshd:auth): authentication failure; logname= uid=0 euid=0 tty=ssh ruser= rhost=103.99.0.122 
Jan  5 07:17:31 LabSZ sshd[15632]: Failed password for invalid user test from 103.99.0.122 port 54811 ssh2
Jan  5 07:17:31 LabSZ sshd[15624]: message repeated 5 times: [ Failed password for root from 59.63.188.30 port 44043 ssh2]
Jan  5 07:17:31 LabSZ sshd[15624]: Disconnecting: Too many authentication failures for root [preauth]
Jan  5 07:17:31 LabSZ sshd[15624]: PAM 5 more authentication failures; logname= uid=0 euid=0 tty=ssh ruser= rhost=59.63.188.30  user=root
Jan  5 07:17:32 LabSZ sshd[15624]: PAM service(sshd) ignoring max retries; 6 > 3
Jan  5 07:17:32 LabSZ sshd[15632]: error: Received disconnect from 103.99.0.122: 14: No more user authentication methods available. [preauth]
Jan  5 07:17:33 LabSZ sshd[15636]: pam_unix(sshd:auth): authentication failure; logname= uid=0 euid=0 tty=ssh ruser= rhost=59.63.188.30  user=root
Jan  5 07:17:33 LabSZ sshd[15634]: Invalid user guest from 103.99.0.122
Jan  5 07:17:33 LabSZ sshd[15634]: input_userauth_request: invalid user guest [preauth]
Jan  5 07:17:33 LabSZ sshd[15634]: pam_unix(sshd:auth): check pass; user unknown
Jan  5 07:17:33 LabSZ sshd[15634]: pam_unix(sshd:auth): authentication failure; logname= uid=0 euid=0 tty=ssh ruser= rhost=103.99.0.122 
Jan  5 07:17:35 LabSZ sshd[15636]: Failed password for root from 59.63.188.30 port 64511 ssh2
Jan  5 07:17:35 LabSZ sshd[15634]: Failed password for invalid user guest from 103.99.0.122 port 56092 ssh2
Jan  5 07:17:35 LabSZ sshd[15634]: error: Received disconnect from 103.99.0.122: 14: No more user authentication methods available. [preauth]
Jan  5 07:17:36 LabSZ sshd[15638]: Invalid user user from 103.99.0.122
Jan  5 07:17:36 LabSZ sshd[15638]: input_userauth_request: invalid user user [preauth]
Jan  5 07:17:36 LabSZ sshd[15638]: pam_unix(sshd:auth): check pass; user unknown
Jan  5 07:17:36 LabSZ sshd[15638]: pam_unix(sshd:auth): authentication failure; logname= uid=0 euid=0 tty=ssh ruser= rhost=103.99.0.122 
Jan  5 07:17:38 LabSZ sshd[15638]: Failed password for invalid user user from 103.99.0.122 port 56931 ssh2
Jan  5 07:17:38 LabSZ sshd[15638]: error: Received disconnect from 103.99.0.122: 14: No more user authentication methods available. [preauth]
Jan  5 07:17:40 LabSZ sshd[15640]: Invalid user operator from 103.99.0.122
Jan  5 07:17:40 LabSZ sshd[15640]: input_userauth_request: invalid user operator [preauth]
Jan  5 07:17:40 LabSZ sshd[15640]: pam_unix(sshd:auth): check pass; user unknown
Jan  5 07:17:40 LabSZ sshd[15640]: pam_unix(sshd:auth): authentication failure; logname= uid=0 euid=0 tty=ssh ruser= rhost=103.99.0.122 
Jan  5 07:17:40 LabSZ sshd[15630]: message repeated 5 times: [ Failed password for root from 182.100.67.52 port 35530 ssh2]
Jan  5 07:17:40 LabSZ sshd[15630]: Disconnecting: Too many authentication failures for root [preauth]
Jan  5 07:17:40 LabSZ sshd[15630]: PAM 5 more authentication failures; logname= uid=0 euid=0 tty=ssh ruser= rhost=182.100.67.52  user=root
Jan  5 07:17:40 LabSZ sshd[15630]: PAM service(sshd) ignoring max retries; 6 > 3
Jan  5 07:17:42 LabSZ sshd[15642]: pam_unix(sshd:auth): authentication failure; logname= uid=0 euid=0 tty=ssh ruser= rhost=182.100.67.52  user=root
Jan  5 07:17:42 LabSZ sshd[15640]: Failed password for invalid user operator from 103.99.0.122 port 57787 ssh2
Jan  5 07:17:42 LabSZ sshd[15640]: error: Received disconnect from 103.99.0.122: 14: No more user authentication methods available. [preauth]
Jan  5 07:17:43 LabSZ sshd[15644]: Invalid user admin from 103.99.0.122
Jan  5 07:17:43 LabSZ sshd[15644]: input_userauth_request: invalid user admin [preauth]
Jan  5 07:17:43 LabSZ sshd[15644]: pam_unix(sshd:auth): check pass; user unknown
Jan  5 07:17:43 LabSZ sshd[15644]: pam_unix(sshd:auth): authentication failure; logname= uid=0 euid=0 tty=ssh ruser= rhost=103.99.0.122 
Jan  5 07:17:44 LabSZ sshd[15642]: Failed password for root from 182.100.67.52 port 58750 ssh2
Jan  5 07:17:45 LabSZ sshd[15644]: Failed password for invalid user admin from 103.99.0.122 port 58828 ssh2
Jan  5 07:17:46 LabSZ sshd[15644]: error: Received disconnect from 103.99.0.122: 14: No more user authentication methods available. [preauth]
Jan  5 07:17:48 LabSZ sshd[15646]: pam_unix(sshd:auth): authentication failure; logname= uid=0 euid=0 tty=ssh ruser= rhost=103.99.0.122  user=root
Jan  5 07:17:48 LabSZ sshd[15636]: message repeated 5 times: [ Failed password for root from 59.63.188.30 port 64511 ssh2]
Jan  5 07:17:48 LabSZ sshd[15636]: Disconnecting: Too many authentication failures for root [preauth]
Jan  5 07:17:48 LabSZ sshd[15636]: PAM 5 more authentication failures; logname= uid=0 euid=0 tty=ssh ruser= rhost=59.63.188.30  user=root
Jan  5 07:17:48 LabSZ sshd[15636]: PAM service(sshd) ignoring max retries; 6 > 3
Jan  5 07:17:49 LabSZ sshd[15648]: pam_unix(sshd:auth): authentication failure; logname= uid=0 euid=0 tty=ssh ruser= rhost=59.63.188.30  user=root
Jan  5 07:17:50 LabSZ sshd[15646]: Failed password for root from 103.99.0.122 port 59656 ssh2
Jan  5 07:17:50 LabSZ sshd[15646]: error: Received disconnect from 103.99.0.122: 14: No more user authentication methods available. [preauth]
Jan  5 07:17:52 LabSZ sshd[15648]: Failed password for root from 59.63.188.30 port 21071 ssh2
Jan  5 07:17:53 LabSZ sshd[15650]: Invalid user admin from 103.99.0.122
Jan  5 07:17:53 LabSZ sshd[15650]: input_userauth_request: invalid user admin [preauth]
Jan  5 07:17:53 LabSZ sshd[15650]: pam_unix(sshd:auth): check pass; user unknown
Jan  5 07:17:53 LabSZ sshd[15650]: pam_unix(sshd:auth): authentication failure; logname= uid=0 euid=0 tty=ssh ruser= rhost=103.99.0.122 
Jan  5 07:17:55 LabSZ sshd[15650]: Failed password for invalid user admin from 103.99.0.122 port 60719 ssh2
Jan  5 07:17:56 LabSZ sshd[15650]: error: Received disconnect from 103.99.0.122: 14: No more user authentication methods available. [preauth]
Jan  5 07:17:57 LabSZ sshd[15652]: Invalid user admin from 103.99.0.122
Jan  5 07:17:57 LabSZ sshd[15652]: input_userauth_request: invalid user admin [preauth]
Jan  5 07:17:57 LabSZ sshd[15652]: pam_unix(sshd:auth): check pass; user unknown
Jan  5 07:17:57 LabSZ sshd[15652]: pam_unix(sshd:auth): authentication failure; logname= uid=0 euid=0 tty=ssh ruser= rhost=103.99.0.122 
Jan  5 07:17:57 LabSZ sshd[15642]: message repeated 5 times: [ Failed password for root from 182.100.67.52 port 58750 ssh2]
Jan  5 07:17:57 LabSZ sshd[15642]: Disconnecting: Too many authentication failures for root [preauth]
Jan  5 07:17:57 LabSZ sshd[15642]: PAM 5 more authentication failures; logname= uid=0 euid=0 tty=ssh ruser= rhost=182.100.67.52  user=root
Jan  5 07:17:57 LabSZ sshd[15642]: PAM service(sshd) ignoring max retries; 6 > 3
Jan  5 07:17:58 LabSZ sshd[15656]: pam_unix(sshd:auth): authentication failure; logname= uid=0 euid=0 tty=ssh ruser= rhost=182.100.67.52  user=root
Jan  5 07:17:59 LabSZ sshd[15652]: Failed password for invalid user admin from 103.99.0.122 port 61963 ssh2
Jan  5 07:17:59 LabSZ sshd[15654]: Invalid user support from 103.207.37.148
Jan  5 07:17:59 LabSZ sshd[15654]: input_userauth_request: invalid user support [preauth]
Jan  5 07:17:59 LabSZ sshd[15654]: pam_unix(sshd:auth): check pass; user unknown
Jan  5 07:17:59 LabSZ sshd[15654]: pam_unix(sshd:auth): authentication failure; logname= uid=0 euid=0 tty=ssh ruser= rhost=103.207.37.148 
Jan  5 07:18:00 LabSZ sshd[15652]: error: Received disconnect from 103.99.0.122: 14: No more user authentication methods available. [preauth]
Jan  5 07:18:00 LabSZ sshd[15656]: Failed password for root from 182.100.67.52 port 18086 ssh2
Jan  5 07:18:01 LabSZ sshd[15654]: Failed password for invalid user support from 103.207.37.148 port 52981 ssh2
Jan  5 07:18:02 LabSZ sshd[15658]: Invalid user admin from 103.99.0.122
Jan  5 07:18:02 LabSZ sshd[15658]: input_userauth_request: invalid user admin [preauth]
Jan  5 07:18:02 LabSZ sshd[15658]: pam_unix(sshd:auth): check pass; user unknown
Jan  5 07:18:02 LabSZ sshd[15658]: pam_unix(sshd:auth): authentication failure; logname= uid=0 euid=0 tty=ssh ruser= rhost=103.99.0.122 
Jan  5 07:18:03 LabSZ sshd[15654]: fatal: Read from socket failed: Connection reset by peer [preauth]
Jan  5 07:18:04 LabSZ sshd[15660]: Invalid user admin from 103.207.37.148
Jan  5 07:18:04 LabSZ sshd[15660]: input_userauth_request: invalid user admin [preauth]
