Dec 12 04:32:16 LabSZ sshd[14254]: Connection closed by 183.238.178.195 [preauth]
Dec 12 04:32:16 LabSZ sshd[14258]: pam_unix(sshd:auth): authentication failure; logname= uid=0 euid=0 tty=ssh ruser= rhost=183.238.178.195  user=root
Dec 12 04:32:17 LabSZ sshd[14256]: pam_unix(sshd:auth): authentication failure; logname= uid=0 euid=0 tty=ssh ruser= rhost=42.159.145.29  user=root
Dec 12 04:32:19 LabSZ sshd[14256]: Failed password for root from 42.159.145.29 port 51142 ssh2
Dec 12 04:32:19 LabSZ sshd[14256]: Received disconnect from 42.159.145.29: 11: Bye Bye [preauth]
Dec 12 04:32:19 LabSZ sshd[14258]: Failed password for root from 183.238.178.195 port 13196 ssh2
Dec 12 04:32:19 LabSZ sshd[14258]: Connection closed by 183.238.178.195 [preauth]
Dec 12 04:32:19 LabSZ sshd[14262]: pam_unix(sshd:auth): authentication failure; logname= uid=0 euid=0 tty=ssh ruser= rhost=183.238.178.195  user=root
Dec 12 04:32:19 LabSZ sshd[14260]: pam_unix(sshd:auth): authentication failure; logname= uid=0 euid=0 tty=ssh ruser= rhost=42.159.145.29  user=root
Dec 12 04:32:21 LabSZ sshd[14262]: Failed password for root from 183.238.178.195 port 13457 ssh2
Dec 12 04:32:21 LabSZ sshd[14262]: Connection closed by 183.238.178.195 [preauth]
Dec 12 04:32:21 LabSZ sshd[14264]: pam_unix(sshd:auth): authentication failure; logname= uid=0 euid=0 tty=ssh ruser= rhost=183.238.178.195  user=root
Dec 12 04:32:21 LabSZ sshd[14260]: Failed password for root from 42.159.145.29 port 51579 ssh2
Dec 12 04:32:21 LabSZ sshd[14260]: Received disconnect from 42.159.145.29: 11: Bye Bye [preauth]
Dec 12 04:32:22 LabSZ sshd[14266]: pam_unix(sshd:auth): authentication failure; logname= uid=0 euid=0 tty=ssh ruser= rhost=42.159.145.29  user=root
Dec 12 04:32:24 LabSZ sshd[14264]: Failed password for root from 183.238.178.195 port 13756 ssh2
Dec 12 04:32:24 LabSZ sshd[14264]: Connection closed by 183.238.178.195 [preauth]
Dec 12 04:32:24 LabSZ sshd[14268]: pam_unix(sshd:auth): authentication failure; logname= uid=0 euid=0 tty=ssh ruser= rhost=183.238.178.195  user=root
Dec 12 04:32:24 LabSZ sshd[14266]: Failed password for root from 42.159.145.29 port 52126 ssh2
Dec 12 04:32:24 LabSZ sshd[14266]: Received disconnect from 42.159.145.29: 11: Bye Bye [preauth]
Dec 12 04:32:24 LabSZ sshd[14270]: pam_unix(sshd:auth): authentication failure; logname= uid=0 euid=0 tty=ssh ruser= rhost=42.159.145.29  user=root
Dec 12 04:32:25 LabSZ sshd[14268]: Failed password for root from 183.238.178.195 port 14028 ssh2
Dec 12 04:32:25 LabSZ sshd[14268]: Connection closed by 183.238.178.195 [preauth]
Dec 12 04:32:25 LabSZ sshd[14272]: pam_unix(sshd:auth): authentication failure; logname= uid=0 euid=0 tty=ssh ruser= rhost=183.238.178.195  user=root
Dec 12 04:32:26 LabSZ sshd[14270]: Failed password for root from 42.159.145.29 port 52570 ssh2
Dec 12 04:32:26 LabSZ sshd[14270]: Received disconnect from 42.159.145.29: 11: Bye Bye [preauth]
Dec 12 04:32:26 LabSZ sshd[14274]: pam_unix(sshd:auth): authentication failure; logname= uid=0 euid=0 tty=ssh ruser= rhost=42.159.145.29  user=root
Dec 12 04:32:28 LabSZ sshd[14272]: Failed password for root from 183.238.178.195 port 14226 ssh2
Dec 12 04:32:28 LabSZ sshd[14272]: Connection closed by 183.238.178.195 [preauth]
Dec 12 04:32:28 LabSZ sshd[14274]: Failed password for root from 42.159.145.29 port 52931 ssh2
Dec 12 04:32:28 LabSZ sshd[14274]: Received disconnect from 42.159.145.29: 11: Bye Bye [preauth]
Dec 12 04:32:28 LabSZ sshd[14276]: pam_unix(sshd:auth): authentication failure; logname= uid=0 euid=0 tty=ssh ruser= rhost=183.238.178.195  user=root
Dec 12 04:32:29 LabSZ sshd[14278]: pam_unix(sshd:auth): authentication failure; logname= uid=0 euid=0 tty=ssh ruser= rhost=42.159.145.29  user=root
Dec 12 04:32:31 LabSZ sshd[14278]: Failed password for root from 42.159.145.29 port 53463 ssh2
Dec 12 04:32:31 LabSZ sshd[14278]: Received disconnect from 42.159.145.29: 11: Bye Bye [preauth]
Dec 12 04:32:31 LabSZ sshd[14276]: Failed password for root from 183.238.178.195 port 14564 ssh2
Dec 12 04:32:31 LabSZ sshd[14276]: Connection closed by 183.238.178.195 [preauth]
Dec 12 04:32:31 LabSZ sshd[14280]: pam_unix(sshd:auth): authentication failure; logname= uid=0 euid=0 tty=ssh ruser= rhost=42.159.145.29  user=root
Dec 12 04:32:31 LabSZ sshd[14282]: pam_unix(sshd:auth): authentication failure; logname= uid=0 euid=0 tty=ssh ruser= rhost=183.238.178.195  user=root
Dec 12 04:32:33 LabSZ sshd[14280]: Failed password for root from 42.159.145.29 port 53843 ssh2
Dec 12 04:32:33 LabSZ sshd[14280]: Received disconnect from 42.159.145.29: 11: Bye Bye [preauth]
Dec 12 04:32:33 LabSZ sshd[14282]: Failed password for root from 183.238.178.195 port 14847 ssh2
Dec 12 04:32:33 LabSZ sshd[14282]: Connection closed by 183.238.178.195 [preauth]
Dec 12 04:32:33 LabSZ sshd[14285]: pam_unix(sshd:auth): authentication failure; logname= uid=0 euid=0 tty=ssh ruser= rhost=183.238.178.195  user=root
Dec 12 04:32:33 LabSZ sshd[14284]: pam_unix(sshd:auth): authentication failure; logname= uid=0 euid=0 tty=ssh ruser= rhost=42.159.145.29  user=root
Dec 12 04:32:35 LabSZ sshd[14285]: Failed password for root from 183.238.178.195 port 15127 ssh2
Dec 12 04:32:35 LabSZ sshd[14285]: Connection closed by 183.238.178.195 [preauth]
Dec 12 04:32:35 LabSZ sshd[14288]: pam_unix(sshd:auth): authentication failure; logname= uid=0 euid=0 tty=ssh ruser= rhost=183.238.178.195  user=root
Dec 12 04:32:36 LabSZ sshd[14284]: Failed password for root from 42.159.145.29 port 54357 ssh2
Dec 12 04:32:36 LabSZ sshd[14284]: Received disconnect from 42.159.145.29: 11: Bye Bye [preauth]
Dec 12 04:32:36 LabSZ sshd[14290]: pam_unix(sshd:auth): authentication failure; logname= uid=0 euid=0 tty=ssh ruser= rhost=42.159.145.29  user=root
Dec 12 04:32:37 LabSZ sshd[14288]: Failed password for root from 183.238.178.195 port 15427 ssh2
Dec 12 04:32:37 LabSZ sshd[14288]: Connection closed by 183.238.178.195 [preauth]
Dec 12 04:32:37 LabSZ sshd[14292]: pam_unix(sshd:auth): authentication failure; logname= uid=0 euid=0 tty=ssh ruser= rhost=183.238.178.195  user=root
Dec 12 04:32:37 LabSZ sshd[14290]: Failed password for root from 42.159.145.29 port 54819 ssh2
Dec 12 04:32:37 LabSZ sshd[14290]: Received disconnect from 42.159.145.29: 11: Bye Bye [preauth]
Dec 12 04:32:38 LabSZ sshd[14294]: pam_unix(sshd:auth): authentication failure; logname= uid=0 euid=0 tty=ssh ruser= rhost=42.159.145.29  user=root
Dec 12 04:32:40 LabSZ sshd[14294]: Failed password for root from 42.159.145.29 port 55176 ssh2
Dec 12 04:32:40 LabSZ sshd[14294]: Received disconnect from 42.159.145.29: 11: Bye Bye [preauth]
Dec 12 04:32:40 LabSZ sshd[14292]: Failed password for root from 183.238.178.195 port 15661 ssh2
Dec 12 04:32:40 LabSZ sshd[14292]: Connection closed by 183.238.178.195 [preauth]
Dec 12 04:32:40 LabSZ sshd[14298]: pam_unix(sshd:auth): authentication failure; logname= uid=0 euid=0 tty=ssh ruser= rhost=183.238.178.195  user=root
Dec 12 04:32:40 LabSZ sshd[14296]: Invalid user PlcmSpIp from 42.159.145.29
Dec 12 04:32:40 LabSZ sshd[14296]: input_userauth_request: invalid user PlcmSpIp [preauth]
Dec 12 04:32:40 LabSZ sshd[14296]: pam_unix(sshd:auth): check pass; user unknown
Dec 12 04:32:40 LabSZ sshd[14296]: pam_unix(sshd:auth): authentication failure; logname= uid=0 euid=0 tty=ssh ruser= rhost=42.159.145.29 
Dec 12 04:32:43 LabSZ sshd[14298]: Failed password for root from 183.238.178.195 port 16001 ssh2
Dec 12 04:32:43 LabSZ sshd[14298]: Connection closed by 183.238.178.195 [preauth]
Dec 12 04:32:43 LabSZ sshd[14296]: Failed password for invalid user PlcmSpIp from 42.159.145.29 port 55655 ssh2
Dec 12 04:32:43 LabSZ sshd[14296]: Received disconnect from 42.159.145.29: 11: Bye Bye [preauth]
Dec 12 04:32:43 LabSZ sshd[14300]: pam_unix(sshd:auth): authentication failure; logname= uid=0 euid=0 tty=ssh ruser= rhost=183.238.178.195  user=root
Dec 12 04:32:43 LabSZ sshd[14302]: Invalid user server-pilot from 42.159.145.29
Dec 12 04:32:43 LabSZ sshd[14302]: input_userauth_request: invalid user server-pilot [preauth]
Dec 12 04:32:43 LabSZ sshd[14302]: pam_unix(sshd:auth): check pass; user unknown
Dec 12 04:32:43 LabSZ sshd[14302]: pam_unix(sshd:auth): authentication failure; logname= uid=0 euid=0 tty=ssh ruser= rhost=42.159.145.29 
Dec 12 04:32:45 LabSZ sshd[14300]: Failed password for root from 183.238.178.195 port 16312 ssh2
Dec 12 04:32:45 LabSZ sshd[14300]: Connection closed by 183.238.178.195 [preauth]
Dec 12 04:32:45 LabSZ sshd[14304]: pam_unix(sshd:auth): authentication failure; logname= uid=0 euid=0 tty=ssh ruser= rhost=183.238.178.195  user=root
Dec 12 04:32:45 LabSZ sshd[14302]: Failed password for invalid user server-pilot from 42.159.145.29 port 56157 ssh2
Dec 12 04:32:45 LabSZ sshd[14302]: Received disconnect from 42.159.145.29: 11: Bye Bye [preauth]
Dec 12 04:32:46 LabSZ sshd[14306]: Invalid user serverpilot from 42.159.145.29
Dec 12 04:32:46 LabSZ sshd[14306]: input_userauth_request: invalid user serverpilot [preauth]
Dec 12 04:32:46 LabSZ sshd[14306]: pam_unix(sshd:auth): check pass; user unknown
Dec 12 04:32:46 LabSZ sshd[14306]: pam_unix(sshd:auth): authentication failure; logname= uid=0 euid=0 tty=ssh ruser= rhost=42.159.145.29 
Dec 12 04:32:47 LabSZ sshd[14306]: Failed password for invalid user serverpilot from 42.159.145.29 port 56632 ssh2
Dec 12 04:32:47 LabSZ sshd[14304]: Failed password for root from 183.238.178.195 port 16617 ssh2
Dec 12 04:32:47 LabSZ sshd[14304]: Connection closed by 183.238.178.195 [preauth]
Dec 12 04:32:47 LabSZ sshd[14306]: Received disconnect from 42.159.145.29: 11: Bye Bye [preauth]
Dec 12 04:32:47 LabSZ sshd[14308]: pam_unix(sshd:auth): authentication failure; logname= uid=0 euid=0 tty=ssh ruser= rhost=183.238.178.195  user=root
Dec 12 04:32:48 LabSZ sshd[14310]: Invalid user digitaluser from 42.159.145.29
Dec 12 04:32:48 LabSZ sshd[14310]: input_userauth_request: invalid user digitaluser [preauth]
Dec 12 04:32:48 LabSZ sshd[14310]: pam_unix(sshd:auth): check pass; user unknown
Dec 12 04:32:48 LabSZ sshd[14310]: pam_unix(sshd:auth): authentication failure; logname= uid=0 euid=0 tty=ssh ruser= rhost=42.159.145.29 
Dec 12 04:32:49 LabSZ sshd[14308]: Failed password for root from 183.238.178.195 port 16897 ssh2
Dec 12 04:32:49 LabSZ sshd[14308]: Connection closed by 183.238.178.195 [preauth]
Dec 12 04:32:49 LabSZ sshd[14312]: pam_unix(sshd:auth): authentication failure; logname= uid=0 euid=0 tty=ssh ruser= rhost=183.238.178.195  user=root
Dec 12 04:32:49 LabSZ sshd[14310]: Failed password for invalid user digitaluser from 42.159.145.29 port 57004 ssh2
Dec 12 04:32:49 LabSZ sshd[14310]: Received disconnect from 42.159.145.29: 11: Bye Bye [preauth]
Dec 12 04:32:49 LabSZ sshd[14314]: Invalid user digitalocean from 42.159.145.29
Dec 12 04:32:49 LabSZ sshd[14314]: input_userauth_request: invalid user digitalocean [preauth]
