Dec 17 02:04:37 LabSZ sshd[14561]: message repeated 5 times: [ Failed password for root from 37.130.144.162 port 54544 ssh2]
Dec 17 02:04:37 LabSZ sshd[14561]: Disconnecting: Too many authentication failures for root [preauth]
Dec 17 02:04:37 LabSZ sshd[14561]: PAM 5 more authentication failures; logname= uid=0 euid=0 tty=ssh ruser= rhost=37.130.144.162  user=root
Dec 17 02:04:37 LabSZ sshd[14561]: PAM service(sshd) ignoring max retries; 6 > 3
Dec 17 02:04:37 LabSZ sshd[14579]: Failed password for root from 185.165.29.62 port 35836 ssh2
Dec 17 02:04:37 LabSZ sshd[14579]: Received disconnect from 185.165.29.62: 11: Bye Bye [preauth]
Dec 17 02:04:39 LabSZ sshd[14583]: Failed password for root from 183.129.154.138 port 40094 ssh2
Dec 17 02:04:39 LabSZ sshd[14583]: Connection closed by 183.129.154.138 [preauth]
Dec 17 02:04:39 LabSZ sshd[14587]: pam_unix(sshd:auth): authentication failure; logname= uid=0 euid=0 tty=ssh ruser= rhost=183.129.154.138  user=root
Dec 17 02:04:40 LabSZ sshd[14585]: pam_unix(sshd:auth): authentication failure; logname= uid=0 euid=0 tty=ssh ruser= rhost=185.165.29.62  user=root
Dec 17 02:04:41 LabSZ sshd[14587]: Failed password for root from 183.129.154.138 port 40390 ssh2
Dec 17 02:04:41 LabSZ sshd[14587]: Connection closed by 183.129.154.138 [preauth]
Dec 17 02:04:41 LabSZ sshd[14589]: pam_unix(sshd:auth): authentication failure; logname= uid=0 euid=0 tty=ssh ruser= rhost=183.129.154.138  user=root
Dec 17 02:04:42 LabSZ sshd[14585]: Failed password for root from 185.165.29.62 port 39770 ssh2
Dec 17 02:04:42 LabSZ sshd[14585]: Received disconnect from 185.165.29.62: 11: Bye Bye [preauth]
Dec 17 02:04:43 LabSZ sshd[14589]: Failed password for root from 183.129.154.138 port 40580 ssh2
Dec 17 02:04:43 LabSZ sshd[14589]: Connection closed by 183.129.154.138 [preauth]
Dec 17 02:04:43 LabSZ sshd[14593]: pam_unix(sshd:auth): authentication failure; logname= uid=0 euid=0 tty=ssh ruser= rhost=183.129.154.138  user=root
Dec 17 02:04:45 LabSZ sshd[14591]: pam_unix(sshd:auth): authentication failure; logname= uid=0 euid=0 tty=ssh ruser= rhost=185.165.29.62  user=root
Dec 17 02:04:45 LabSZ sshd[14593]: Failed password for root from 183.129.154.138 port 57481 ssh2
Dec 17 02:04:45 LabSZ sshd[14593]: Connection closed by 183.129.154.138 [preauth]
Dec 17 02:04:46 LabSZ sshd[14595]: pam_unix(sshd:auth): authentication failure; logname= uid=0 euid=0 tty=ssh ruser= rhost=183.129.154.138  user=root
Dec 17 02:04:46 LabSZ sshd[14591]: Failed password for root from 185.165.29.62 port 42552 ssh2
Dec 17 02:04:47 LabSZ sshd[14591]: Received disconnect from 185.165.29.62: 11: Bye Bye [preauth]
Dec 17 02:04:48 LabSZ sshd[14595]: Failed password for root from 183.129.154.138 port 41164 ssh2
Dec 17 02:04:48 LabSZ sshd[14595]: Connection closed by 183.129.154.138 [preauth]
Dec 17 02:04:48 LabSZ sshd[14599]: pam_unix(sshd:auth): authentication failure; logname= uid=0 euid=0 tty=ssh ruser= rhost=183.129.154.138  user=root
Dec 17 02:04:50 LabSZ sshd[14597]: pam_unix(sshd:auth): authentication failure; logname= uid=0 euid=0 tty=ssh ruser= rhost=185.165.29.62  user=root
Dec 17 02:04:51 LabSZ sshd[14599]: Failed password for root from 183.129.154.138 port 41450 ssh2
Dec 17 02:04:51 LabSZ sshd[14599]: Connection closed by 183.129.154.138 [preauth]
Dec 17 02:04:51 LabSZ sshd[14601]: pam_unix(sshd:auth): authentication failure; logname= uid=0 euid=0 tty=ssh ruser= rhost=183.129.154.138  user=root
Dec 17 02:04:52 LabSZ sshd[14601]: Failed password for root from 183.129.154.138 port 41770 ssh2
Dec 17 02:04:52 LabSZ sshd[14601]: Connection closed by 183.129.154.138 [preauth]
Dec 17 02:04:52 LabSZ sshd[14603]: pam_unix(sshd:auth): authentication failure; logname= uid=0 euid=0 tty=ssh ruser= rhost=183.129.154.138  user=root
Dec 17 02:04:53 LabSZ sshd[14597]: Failed password for root from 185.165.29.62 port 46004 ssh2
Dec 17 02:04:53 LabSZ sshd[14597]: Received disconnect from 185.165.29.62: 11: Bye Bye [preauth]
Dec 17 02:04:54 LabSZ sshd[14603]: Failed password for root from 183.129.154.138 port 41902 ssh2
Dec 17 02:04:54 LabSZ sshd[14603]: Connection closed by 183.129.154.138 [preauth]
Dec 17 02:04:54 LabSZ sshd[14607]: pam_unix(sshd:auth): authentication failure; logname= uid=0 euid=0 tty=ssh ruser= rhost=183.129.154.138  user=root
Dec 17 02:04:56 LabSZ sshd[14605]: pam_unix(sshd:auth): authentication failure; logname= uid=0 euid=0 tty=ssh ruser= rhost=185.165.29.62  user=root
Dec 17 02:04:56 LabSZ sshd[14607]: Failed password for root from 183.129.154.138 port 42108 ssh2
Dec 17 02:04:56 LabSZ sshd[14607]: Connection closed by 183.129.154.138 [preauth]
Dec 17 02:04:56 LabSZ sshd[14609]: pam_unix(sshd:auth): authentication failure; logname= uid=0 euid=0 tty=ssh ruser= rhost=183.129.154.138  user=root
Dec 17 02:04:58 LabSZ sshd[14605]: Failed password for root from 185.165.29.62 port 50881 ssh2
Dec 17 02:04:58 LabSZ sshd[14605]: Received disconnect from 185.165.29.62: 11: Bye Bye [preauth]
Dec 17 02:04:58 LabSZ sshd[14609]: Failed password for root from 183.129.154.138 port 42352 ssh2
Dec 17 02:04:58 LabSZ sshd[14609]: Connection closed by 183.129.154.138 [preauth]
Dec 17 02:04:59 LabSZ sshd[14612]: pam_unix(sshd:auth): authentication failure; logname= uid=0 euid=0 tty=ssh ruser= rhost=183.129.154.138  user=root
Dec 17 02:05:01 LabSZ sshd[14612]: Failed password for root from 183.129.154.138 port 42560 ssh2
Dec 17 02:05:01 LabSZ sshd[14612]: Connection closed by 183.129.154.138 [preauth]
Dec 17 02:05:01 LabSZ sshd[14615]: pam_unix(sshd:auth): authentication failure; logname= uid=0 euid=0 tty=ssh ruser= rhost=183.129.154.138  user=root
Dec 17 02:05:02 LabSZ sshd[14611]: Invalid user www from 185.165.29.62
Dec 17 02:05:02 LabSZ sshd[14611]: input_userauth_request: invalid user www [preauth]
Dec 17 02:05:02 LabSZ sshd[14611]: pam_unix(sshd:auth): check pass; user unknown
Dec 17 02:05:02 LabSZ sshd[14611]: pam_unix(sshd:auth): authentication failure; logname= uid=0 euid=0 tty=ssh ruser= rhost=185.165.29.62 
Dec 17 02:05:04 LabSZ sshd[14615]: Failed password for root from 183.129.154.138 port 42848 ssh2
Dec 17 02:05:04 LabSZ sshd[14615]: Connection closed by 183.129.154.138 [preauth]
Dec 17 02:05:04 LabSZ sshd[14617]: pam_unix(sshd:auth): authentication failure; logname= uid=0 euid=0 tty=ssh ruser= rhost=183.129.154.138  user=root
Dec 17 02:05:05 LabSZ sshd[14611]: Failed password for invalid user www from 185.165.29.62 port 53916 ssh2
Dec 17 02:05:06 LabSZ sshd[14611]: Received disconnect from 185.165.29.62: 11: Bye Bye [preauth]
Dec 17 02:05:06 LabSZ sshd[14617]: Failed password for root from 183.129.154.138 port 43154 ssh2
Dec 17 02:05:06 LabSZ sshd[14617]: Connection closed by 183.129.154.138 [preauth]
Dec 17 02:05:06 LabSZ sshd[14619]: pam_unix(sshd:auth): authentication failure; logname= uid=0 euid=0 tty=ssh ruser= rhost=183.129.154.138  user=root
Dec 17 02:05:08 LabSZ sshd[14619]: Failed password for root from 183.129.154.138 port 43394 ssh2
Dec 17 02:05:08 LabSZ sshd[14619]: Connection closed by 183.129.154.138 [preauth]
Dec 17 02:05:08 LabSZ sshd[14623]: pam_unix(sshd:auth): authentication failure; logname= uid=0 euid=0 tty=ssh ruser= rhost=183.129.154.138  user=root
Dec 17 02:05:09 LabSZ sshd[14621]: Invalid user postgres from 185.165.29.62
Dec 17 02:05:09 LabSZ sshd[14621]: input_userauth_request: invalid user postgres [preauth]
Dec 17 02:05:09 LabSZ sshd[14621]: pam_unix(sshd:auth): check pass; user unknown
Dec 17 02:05:09 LabSZ sshd[14621]: pam_unix(sshd:auth): authentication failure; logname= uid=0 euid=0 tty=ssh ruser= rhost=185.165.29.62 
Dec 17 02:05:10 LabSZ sshd[14623]: Failed password for root from 183.129.154.138 port 43614 ssh2
Dec 17 02:05:10 LabSZ sshd[14623]: Connection closed by 183.129.154.138 [preauth]
Dec 17 02:05:10 LabSZ sshd[14625]: pam_unix(sshd:auth): authentication failure; logname= uid=0 euid=0 tty=ssh ruser= rhost=183.129.154.138  user=root
Dec 17 02:05:11 LabSZ sshd[14621]: Failed password for invalid user postgres from 185.165.29.62 port 57986 ssh2
Dec 17 02:05:11 LabSZ sshd[14621]: Received disconnect from 185.165.29.62: 11: Bye Bye [preauth]
Dec 17 02:05:12 LabSZ sshd[14625]: Failed password for root from 183.129.154.138 port 43806 ssh2
Dec 17 02:05:12 LabSZ sshd[14625]: Connection closed by 183.129.154.138 [preauth]
Dec 17 02:05:12 LabSZ sshd[14628]: pam_unix(sshd:auth): authentication failure; logname= uid=0 euid=0 tty=ssh ruser= rhost=183.129.154.138  user=root
Dec 17 02:05:14 LabSZ sshd[14627]: Invalid user oracle from 185.165.29.62
Dec 17 02:05:14 LabSZ sshd[14627]: input_userauth_request: invalid user oracle [preauth]
Dec 17 02:05:14 LabSZ sshd[14627]: pam_unix(sshd:auth): check pass; user unknown
Dec 17 02:05:14 LabSZ sshd[14627]: pam_unix(sshd:auth): authentication failure; logname= uid=0 euid=0 tty=ssh ruser= rhost=185.165.29.62 
Dec 17 02:05:14 LabSZ sshd[14628]: Failed password for root from 183.129.154.138 port 44028 ssh2
Dec 17 02:05:14 LabSZ sshd[14628]: Connection closed by 183.129.154.138 [preauth]
Dec 17 02:05:15 LabSZ sshd[14631]: pam_unix(sshd:auth): authentication failure; logname= uid=0 euid=0 tty=ssh ruser= rhost=183.129.154.138  user=root
Dec 17 02:05:16 LabSZ sshd[14631]: Failed password for root from 183.129.154.138 port 44336 ssh2
Dec 17 02:05:16 LabSZ sshd[14631]: Connection closed by 183.129.154.138 [preauth]
Dec 17 02:05:17 LabSZ sshd[14633]: pam_unix(sshd:auth): authentication failure; logname= uid=0 euid=0 tty=ssh ruser= rhost=183.129.154.138  user=root
Dec 17 02:05:17 LabSZ sshd[14627]: Failed password for invalid user oracle from 185.165.29.62 port 33853 ssh2
Dec 17 02:05:17 LabSZ sshd[14627]: Received disconnect from 185.165.29.62: 11: Bye Bye [preauth]
Dec 17 02:05:18 LabSZ sshd[14633]: Failed password for root from 183.129.154.138 port 44552 ssh2
Dec 17 02:05:18 LabSZ sshd[14633]: Connection closed by 183.129.154.138 [preauth]
Dec 17 02:05:18 LabSZ sshd[14637]: pam_unix(sshd:auth): authentication failure; logname= uid=0 euid=0 tty=ssh ruser= rhost=183.129.154.138  user=root
Dec 17 02:05:20 LabSZ sshd[14637]: Failed password for root from 183.129.154.138 port 44786 ssh2
Dec 17 02:05:20 LabSZ sshd[14637]: Connection closed by 183.129.154.138 [preauth]
Dec 17 02:05:21 LabSZ sshd[14639]: pam_unix(sshd:auth): authentication failure; logname= uid=0 euid=0 tty=ssh ruser= rhost=183.129.154.138  user=root
Dec 17 02:05:22 LabSZ sshd[14635]: Invalid user ftpuser from 185.165.29.62
Dec 17 02:05:22 LabSZ sshd[14635]: input_userauth_request: invalid user ftpuser [preauth]
Dec 17 02:05:22 LabSZ sshd[14635]: pam_unix(sshd:auth): check pass; user unknown
Dec 17 02:05:22 LabSZ sshd[14635]: pam_unix(sshd:auth): authentication failure; logname= uid=0 euid=0 tty=ssh ruser= rhost=185.165.29.62 
