Dec 11 18:43:46 LabSZ sshd[27820]: pam_unix(sshd:auth): authentication failure; logname= uid=0 euid=0 tty=ssh ruser= rhost=212.237.41.152 
Dec 11 18:43:46 LabSZ sshd[27824]: Failed password for root from 183.63.172.52 port 18484 ssh2
Dec 11 18:43:46 LabSZ sshd[27824]: Connection closed by 183.63.172.52 [preauth]
Dec 11 18:43:46 LabSZ sshd[27826]: pam_unix(sshd:auth): authentication failure; logname= uid=0 euid=0 tty=ssh ruser= rhost=183.63.172.52  user=root
Dec 11 18:43:48 LabSZ sshd[27820]: Failed password for invalid user admin from 212.237.41.152 port 40602 ssh2
Dec 11 18:43:49 LabSZ sshd[27826]: Failed password for root from 183.63.172.52 port 18892 ssh2
Dec 11 18:43:49 LabSZ sshd[27826]: Connection closed by 183.63.172.52 [preauth]
Dec 11 18:43:49 LabSZ sshd[27829]: pam_unix(sshd:auth): authentication failure; logname= uid=0 euid=0 tty=ssh ruser= rhost=183.63.172.52  user=root
Dec 11 18:43:49 LabSZ sshd[27820]: Received disconnect from 212.237.41.152: 11: Bye Bye [preauth]
Dec 11 18:43:50 LabSZ sshd[27829]: Failed password for root from 183.63.172.52 port 19272 ssh2
Dec 11 18:43:50 LabSZ sshd[27829]: Connection closed by 183.63.172.52 [preauth]
Dec 11 18:43:51 LabSZ sshd[27832]: pam_unix(sshd:auth): authentication failure; logname= uid=0 euid=0 tty=ssh ruser= rhost=183.63.172.52  user=root
Dec 11 18:43:51 LabSZ sshd[27828]: reverse mapping checking getaddrinfo for host152-41-237-212.serverdedicati.aruba.it [212.237.41.152] failed - POSSIBLE BREAK-IN ATTEMPT!
Dec 11 18:43:51 LabSZ sshd[27828]: Invalid user support from 212.237.41.152
Dec 11 18:43:51 LabSZ sshd[27828]: input_userauth_request: invalid user support [preauth]
Dec 11 18:43:51 LabSZ sshd[27828]: pam_unix(sshd:auth): check pass; user unknown
Dec 11 18:43:51 LabSZ sshd[27828]: pam_unix(sshd:auth): authentication failure; logname= uid=0 euid=0 tty=ssh ruser= rhost=212.237.41.152 
Dec 11 18:43:53 LabSZ sshd[27832]: Failed password for root from 183.63.172.52 port 19630 ssh2
Dec 11 18:43:53 LabSZ sshd[27832]: Connection closed by 183.63.172.52 [preauth]
Dec 11 18:43:53 LabSZ sshd[27834]: pam_unix(sshd:auth): authentication failure; logname= uid=0 euid=0 tty=ssh ruser= rhost=183.63.172.52  user=root
Dec 11 18:43:54 LabSZ sshd[27828]: Failed password for invalid user support from 212.237.41.152 port 46458 ssh2
Dec 11 18:43:54 LabSZ sshd[27828]: Received disconnect from 212.237.41.152: 11: Bye Bye [preauth]
Dec 11 18:43:55 LabSZ sshd[27834]: Failed password for root from 183.63.172.52 port 20088 ssh2
Dec 11 18:43:55 LabSZ sshd[27834]: Connection closed by 183.63.172.52 [preauth]
Dec 11 18:43:55 LabSZ sshd[27837]: pam_unix(sshd:auth): authentication failure; logname= uid=0 euid=0 tty=ssh ruser= rhost=183.63.172.52  user=root
Dec 11 18:43:57 LabSZ sshd[27837]: Failed password for root from 183.63.172.52 port 20400 ssh2
Dec 11 18:43:57 LabSZ sshd[27837]: Connection closed by 183.63.172.52 [preauth]
Dec 11 18:43:57 LabSZ sshd[27840]: pam_unix(sshd:auth): authentication failure; logname= uid=0 euid=0 tty=ssh ruser= rhost=183.63.172.52  user=root
Dec 11 18:43:58 LabSZ sshd[27836]: reverse mapping checking getaddrinfo for host152-41-237-212.serverdedicati.aruba.it [212.237.41.152] failed - POSSIBLE BREAK-IN ATTEMPT!
Dec 11 18:43:58 LabSZ sshd[27836]: Invalid user telnet from 212.237.41.152
Dec 11 18:43:58 LabSZ sshd[27836]: input_userauth_request: invalid user telnet [preauth]
Dec 11 18:43:58 LabSZ sshd[27836]: pam_unix(sshd:auth): check pass; user unknown
Dec 11 18:43:58 LabSZ sshd[27836]: pam_unix(sshd:auth): authentication failure; logname= uid=0 euid=0 tty=ssh ruser= rhost=212.237.41.152 
Dec 11 18:43:59 LabSZ sshd[27840]: Failed password for root from 183.63.172.52 port 20732 ssh2
Dec 11 18:43:59 LabSZ sshd[27840]: Connection closed by 183.63.172.52 [preauth]
Dec 11 18:43:59 LabSZ sshd[27842]: pam_unix(sshd:auth): authentication failure; logname= uid=0 euid=0 tty=ssh ruser= rhost=183.63.172.52  user=root
Dec 11 18:44:00 LabSZ sshd[27836]: Failed password for invalid user telnet from 212.237.41.152 port 47958 ssh2
Dec 11 18:44:00 LabSZ sshd[27836]: Received disconnect from 212.237.41.152: 11: Bye Bye [preauth]
Dec 11 18:44:01 LabSZ sshd[27842]: Failed password for root from 183.63.172.52 port 21110 ssh2
Dec 11 18:44:01 LabSZ sshd[27842]: Connection closed by 183.63.172.52 [preauth]
Dec 11 18:44:01 LabSZ sshd[27844]: pam_unix(sshd:auth): authentication failure; logname= uid=0 euid=0 tty=ssh ruser= rhost=183.63.172.52  user=root
Dec 11 18:44:02 LabSZ sshd[27844]: Failed password for root from 183.63.172.52 port 21428 ssh2
Dec 11 18:44:02 LabSZ sshd[27844]: Connection closed by 183.63.172.52 [preauth]
Dec 11 18:44:02 LabSZ sshd[27848]: pam_unix(sshd:auth): authentication failure; logname= uid=0 euid=0 tty=ssh ruser= rhost=183.63.172.52  user=root
Dec 11 18:44:03 LabSZ sshd[27846]: reverse mapping checking getaddrinfo for host152-41-237-212.serverdedicati.aruba.it [212.237.41.152] failed - POSSIBLE BREAK-IN ATTEMPT!
Dec 11 18:44:03 LabSZ sshd[27846]: Invalid user test from 212.237.41.152
Dec 11 18:44:03 LabSZ sshd[27846]: input_userauth_request: invalid user test [preauth]
Dec 11 18:44:03 LabSZ sshd[27846]: pam_unix(sshd:auth): check pass; user unknown
Dec 11 18:44:03 LabSZ sshd[27846]: pam_unix(sshd:auth): authentication failure; logname= uid=0 euid=0 tty=ssh ruser= rhost=212.237.41.152 
Dec 11 18:44:04 LabSZ sshd[27848]: Failed password for root from 183.63.172.52 port 21718 ssh2
Dec 11 18:44:04 LabSZ sshd[27848]: Connection closed by 183.63.172.52 [preauth]
Dec 11 18:44:04 LabSZ sshd[27850]: pam_unix(sshd:auth): authentication failure; logname= uid=0 euid=0 tty=ssh ruser= rhost=183.63.172.52  user=root
Dec 11 18:44:06 LabSZ sshd[27846]: Failed password for invalid user test from 212.237.41.152 port 53016 ssh2
Dec 11 18:44:06 LabSZ sshd[27846]: Received disconnect from 212.237.41.152: 11: Bye Bye [preauth]
Dec 11 18:44:07 LabSZ sshd[27850]: Failed password for root from 183.63.172.52 port 22094 ssh2
Dec 11 18:44:07 LabSZ sshd[27850]: Connection closed by 183.63.172.52 [preauth]
Dec 11 18:44:07 LabSZ sshd[27853]: pam_unix(sshd:auth): authentication failure; logname= uid=0 euid=0 tty=ssh ruser= rhost=183.63.172.52  user=root
Dec 11 18:44:09 LabSZ sshd[27853]: Failed password for root from 183.63.172.52 port 22484 ssh2
Dec 11 18:44:09 LabSZ sshd[27853]: Connection closed by 183.63.172.52 [preauth]
Dec 11 18:44:09 LabSZ sshd[27856]: pam_unix(sshd:auth): authentication failure; logname= uid=0 euid=0 tty=ssh ruser= rhost=183.63.172.52  user=root
Dec 11 18:44:09 LabSZ sshd[27852]: reverse mapping checking getaddrinfo for host152-41-237-212.serverdedicati.aruba.it [212.237.41.152] failed - POSSIBLE BREAK-IN ATTEMPT!
Dec 11 18:44:09 LabSZ sshd[27852]: Invalid user ubnt from 212.237.41.152
Dec 11 18:44:09 LabSZ sshd[27852]: input_userauth_request: invalid user ubnt [preauth]
Dec 11 18:44:09 LabSZ sshd[27852]: pam_unix(sshd:auth): check pass; user unknown
Dec 11 18:44:09 LabSZ sshd[27852]: pam_unix(sshd:auth): authentication failure; logname= uid=0 euid=0 tty=ssh ruser= rhost=212.237.41.152 
Dec 11 18:44:11 LabSZ sshd[27856]: Failed password for root from 183.63.172.52 port 22838 ssh2
Dec 11 18:44:11 LabSZ sshd[27856]: Connection closed by 183.63.172.52 [preauth]
Dec 11 18:44:11 LabSZ sshd[27858]: pam_unix(sshd:auth): authentication failure; logname= uid=0 euid=0 tty=ssh ruser= rhost=183.63.172.52  user=root
Dec 11 18:44:11 LabSZ sshd[27852]: Failed password for invalid user ubnt from 212.237.41.152 port 54212 ssh2
Dec 11 18:44:11 LabSZ sshd[27852]: Received disconnect from 212.237.41.152: 11: Bye Bye [preauth]
Dec 11 18:44:12 LabSZ sshd[27858]: Failed password for root from 183.63.172.52 port 23210 ssh2
Dec 11 18:44:12 LabSZ sshd[27858]: Connection closed by 183.63.172.52 [preauth]
Dec 11 18:44:12 LabSZ sshd[27862]: pam_unix(sshd:auth): authentication failure; logname= uid=0 euid=0 tty=ssh ruser= rhost=183.63.172.52  user=root
Dec 11 18:44:14 LabSZ sshd[27862]: Failed password for root from 183.63.172.52 port 23544 ssh2
Dec 11 18:44:14 LabSZ sshd[27862]: Connection closed by 183.63.172.52 [preauth]
Dec 11 18:44:14 LabSZ sshd[27864]: pam_unix(sshd:auth): authentication failure; logname= uid=0 euid=0 tty=ssh ruser= rhost=183.63.172.52  user=root
Dec 11 18:44:15 LabSZ sshd[27860]: reverse mapping checking getaddrinfo for host152-41-237-212.serverdedicati.aruba.it [212.237.41.152] failed - POSSIBLE BREAK-IN ATTEMPT!
Dec 11 18:44:15 LabSZ sshd[27860]: Invalid user user from 212.237.41.152
Dec 11 18:44:15 LabSZ sshd[27860]: input_userauth_request: invalid user user [preauth]
Dec 11 18:44:15 LabSZ sshd[27860]: pam_unix(sshd:auth): check pass; user unknown
Dec 11 18:44:15 LabSZ sshd[27860]: pam_unix(sshd:auth): authentication failure; logname= uid=0 euid=0 tty=ssh ruser= rhost=212.237.41.152 
Dec 11 18:44:16 LabSZ sshd[27864]: Failed password for root from 183.63.172.52 port 23838 ssh2
Dec 11 18:44:16 LabSZ sshd[27864]: Connection closed by 183.63.172.52 [preauth]
Dec 11 18:44:16 LabSZ sshd[27866]: pam_unix(sshd:auth): authentication failure; logname= uid=0 euid=0 tty=ssh ruser= rhost=183.63.172.52  user=root
Dec 11 18:44:18 LabSZ sshd[27860]: Failed password for invalid user user from 212.237.41.152 port 51720 ssh2
Dec 11 18:44:18 LabSZ sshd[27860]: Received disconnect from 212.237.41.152: 11: Bye Bye [preauth]
Dec 11 18:44:19 LabSZ sshd[27866]: Failed password for root from 183.63.172.52 port 24254 ssh2
Dec 11 18:44:19 LabSZ sshd[27866]: Connection closed by 183.63.172.52 [preauth]
Dec 11 18:44:19 LabSZ sshd[27868]: pam_unix(sshd:auth): authentication failure; logname= uid=0 euid=0 tty=ssh ruser= rhost=183.63.172.52  user=root
Dec 11 18:44:21 LabSZ sshd[27868]: Failed password for root from 183.63.172.52 port 24640 ssh2
Dec 11 18:44:21 LabSZ sshd[27868]: Connection closed by 183.63.172.52 [preauth]
Dec 11 18:44:21 LabSZ sshd[27870]: pam_unix(sshd:auth): authentication failure; logname= uid=0 euid=0 tty=ssh ruser= rhost=183.63.172.52  user=root
Dec 11 18:44:23 LabSZ sshd[27870]: Failed password for root from 183.63.172.52 port 25022 ssh2
Dec 11 18:44:23 LabSZ sshd[27870]: Connection closed by 183.63.172.52 [preauth]
Dec 11 18:44:23 LabSZ sshd[27872]: pam_unix(sshd:auth): authentication failure; logname= uid=0 euid=0 tty=ssh ruser= rhost=183.63.172.52  user=root
Dec 11 18:44:24 LabSZ sshd[27872]: Failed password for root from 183.63.172.52 port 25364 ssh2
Dec 11 18:44:24 LabSZ sshd[27872]: Connection closed by 183.63.172.52 [preauth]
Dec 11 18:44:24 LabSZ sshd[27874]: pam_unix(sshd:auth): authentication failure; logname= uid=0 euid=0 tty=ssh ruser= rhost=183.63.172.52  user=root
Dec 11 18:44:26 LabSZ sshd[27874]: Failed password for root from 183.63.172.52 port 25644 ssh2
Dec 11 18:44:26 LabSZ sshd[27874]: Connection closed by 183.63.172.52 [preauth]
