Jan  3 16:27:09 LabSZ sshd[3985]: message repeated 5 times: [ Failed password for root from 218.87.109.156 port 20270 ssh2]
Jan  3 16:27:09 LabSZ sshd[3985]: Disconnecting: Too many authentication failures for root [preauth]
Jan  3 16:27:09 LabSZ sshd[3985]: PAM 5 more authentication failures; logname= uid=0 euid=0 tty=ssh ruser= rhost=218.87.109.156  user=root
Jan  3 16:27:09 LabSZ sshd[3985]: PAM service(sshd) ignoring max retries; 6 > 3
Jan  3 16:27:13 LabSZ sshd[3987]: message repeated 5 times: [ Failed password for root from 59.63.188.30 port 46210 ssh2]
Jan  3 16:27:13 LabSZ sshd[3987]: Disconnecting: Too many authentication failures for root [preauth]
Jan  3 16:27:13 LabSZ sshd[3987]: PAM 5 more authentication failures; logname= uid=0 euid=0 tty=ssh ruser= rhost=59.63.188.30  user=root
Jan  3 16:27:13 LabSZ sshd[3987]: PAM service(sshd) ignoring max retries; 6 > 3
Jan  3 16:27:14 LabSZ sshd[3991]: pam_unix(sshd:auth): authentication failure; logname= uid=0 euid=0 tty=ssh ruser= rhost=59.63.188.30  user=root
Jan  3 16:27:16 LabSZ sshd[3989]: pam_unix(sshd:auth): authentication failure; logname= uid=0 euid=0 tty=ssh ruser= rhost=218.87.109.156  user=root
Jan  3 16:27:16 LabSZ sshd[3991]: Failed password for root from 59.63.188.30 port 63330 ssh2
Jan  3 16:27:18 LabSZ sshd[3989]: Failed password for root from 218.87.109.156 port 4494 ssh2
Jan  3 16:27:29 LabSZ sshd[3991]: message repeated 5 times: [ Failed password for root from 59.63.188.30 port 63330 ssh2]
Jan  3 16:27:29 LabSZ sshd[3991]: Disconnecting: Too many authentication failures for root [preauth]
Jan  3 16:27:29 LabSZ sshd[3991]: PAM 5 more authentication failures; logname= uid=0 euid=0 tty=ssh ruser= rhost=59.63.188.30  user=root
Jan  3 16:27:29 LabSZ sshd[3991]: PAM service(sshd) ignoring max retries; 6 > 3
Jan  3 16:27:30 LabSZ sshd[3989]: message repeated 5 times: [ Failed password for root from 218.87.109.156 port 4494 ssh2]
Jan  3 16:27:30 LabSZ sshd[3989]: Disconnecting: Too many authentication failures for root [preauth]
Jan  3 16:27:30 LabSZ sshd[3989]: PAM 5 more authentication failures; logname= uid=0 euid=0 tty=ssh ruser= rhost=218.87.109.156  user=root
Jan  3 16:27:30 LabSZ sshd[3989]: PAM service(sshd) ignoring max retries; 6 > 3
Jan  3 16:27:30 LabSZ sshd[3993]: pam_unix(sshd:auth): authentication failure; logname= uid=0 euid=0 tty=ssh ruser= rhost=59.63.188.30  user=root
Jan  3 16:27:32 LabSZ sshd[3993]: Failed password for root from 59.63.188.30 port 17789 ssh2
Jan  3 16:27:37 LabSZ sshd[3995]: pam_unix(sshd:auth): authentication failure; logname= uid=0 euid=0 tty=ssh ruser= rhost=218.87.109.156  user=root
Jan  3 16:27:38 LabSZ sshd[3998]: reverse mapping checking getaddrinfo for 90.156.53.112.static.js.chinamobile.com [112.53.156.90] failed - POSSIBLE BREAK-IN ATTEMPT!
Jan  3 16:27:38 LabSZ sshd[3998]: Invalid user test from 112.53.156.90
Jan  3 16:27:38 LabSZ sshd[3998]: input_userauth_request: invalid user test [preauth]
Jan  3 16:27:38 LabSZ sshd[3998]: pam_unix(sshd:auth): check pass; user unknown
Jan  3 16:27:38 LabSZ sshd[3998]: pam_unix(sshd:auth): authentication failure; logname= uid=0 euid=0 tty=ssh ruser= rhost=112.53.156.90 
Jan  3 16:27:39 LabSZ sshd[3995]: Failed password for root from 218.87.109.156 port 53026 ssh2
Jan  3 16:27:40 LabSZ sshd[3997]: Invalid user  0101 from 5.188.10.156
Jan  3 16:27:40 LabSZ sshd[3997]: input_userauth_request: invalid user  0101 [preauth]
Jan  3 16:27:40 LabSZ sshd[3997]: pam_unix(sshd:auth): check pass; user unknown
Jan  3 16:27:40 LabSZ sshd[3997]: pam_unix(sshd:auth): authentication failure; logname= uid=0 euid=0 tty=ssh ruser= rhost=5.188.10.156 
Jan  3 16:27:41 LabSZ sshd[3998]: Failed password for invalid user test from 112.53.156.90 port 49504 ssh2
Jan  3 16:27:41 LabSZ sshd[3998]: Connection closed by 112.53.156.90 [preauth]
Jan  3 16:27:41 LabSZ sshd[3997]: Failed password for invalid user  0101 from 5.188.10.156 port 51325 ssh2
Jan  3 16:27:42 LabSZ sshd[3997]: Connection closed by 5.188.10.156 [preauth]
Jan  3 16:27:44 LabSZ sshd[3993]: message repeated 5 times: [ Failed password for root from 59.63.188.30 port 17789 ssh2]
Jan  3 16:27:44 LabSZ sshd[3993]: Disconnecting: Too many authentication failures for root [preauth]
Jan  3 16:27:44 LabSZ sshd[3993]: PAM 5 more authentication failures; logname= uid=0 euid=0 tty=ssh ruser= rhost=59.63.188.30  user=root
Jan  3 16:27:44 LabSZ sshd[3993]: PAM service(sshd) ignoring max retries; 6 > 3
Jan  3 16:27:45 LabSZ sshd[4002]: pam_unix(sshd:auth): authentication failure; logname= uid=0 euid=0 tty=ssh ruser= rhost=59.63.188.30  user=root
Jan  3 16:27:47 LabSZ sshd[4002]: Failed password for root from 59.63.188.30 port 34703 ssh2
Jan  3 16:27:47 LabSZ sshd[4001]: Invalid user 0 from 5.188.10.156
Jan  3 16:27:47 LabSZ sshd[4001]: input_userauth_request: invalid user 0 [preauth]
Jan  3 16:27:47 LabSZ sshd[4001]: Failed none for invalid user 0 from 5.188.10.156 port 38941 ssh2
Jan  3 16:27:48 LabSZ sshd[4001]: pam_unix(sshd:auth): check pass; user unknown
Jan  3 16:27:48 LabSZ sshd[4001]: pam_unix(sshd:auth): authentication failure; logname= uid=0 euid=0 tty=ssh ruser= rhost=5.188.10.156 
Jan  3 16:27:49 LabSZ sshd[4001]: Failed password for invalid user 0 from 5.188.10.156 port 38941 ssh2
Jan  3 16:27:50 LabSZ sshd[4001]: Connection closed by 5.188.10.156 [preauth]
Jan  3 16:27:51 LabSZ sshd[3995]: message repeated 5 times: [ Failed password for root from 218.87.109.156 port 53026 ssh2]
Jan  3 16:27:51 LabSZ sshd[3995]: Disconnecting: Too many authentication failures for root [preauth]
Jan  3 16:27:51 LabSZ sshd[3995]: PAM 5 more authentication failures; logname= uid=0 euid=0 tty=ssh ruser= rhost=218.87.109.156  user=root
Jan  3 16:27:51 LabSZ sshd[3995]: PAM service(sshd) ignoring max retries; 6 > 3
Jan  3 16:27:53 LabSZ sshd[4005]: Invalid user 1234 from 5.188.10.156
Jan  3 16:27:53 LabSZ sshd[4005]: input_userauth_request: invalid user 1234 [preauth]
Jan  3 16:27:53 LabSZ sshd[4005]: pam_unix(sshd:auth): check pass; user unknown
Jan  3 16:27:53 LabSZ sshd[4005]: pam_unix(sshd:auth): authentication failure; logname= uid=0 euid=0 tty=ssh ruser= rhost=5.188.10.156 
Jan  3 16:27:55 LabSZ sshd[4005]: Failed password for invalid user 1234 from 5.188.10.156 port 39023 ssh2
Jan  3 16:27:56 LabSZ sshd[4005]: Connection closed by 5.188.10.156 [preauth]
Jan  3 16:27:57 LabSZ sshd[4007]: pam_unix(sshd:auth): authentication failure; logname= uid=0 euid=0 tty=ssh ruser= rhost=218.87.109.156  user=root
Jan  3 16:27:59 LabSZ sshd[4007]: Failed password for root from 218.87.109.156 port 40352 ssh2
Jan  3 16:28:00 LabSZ sshd[4002]: message repeated 5 times: [ Failed password for root from 59.63.188.30 port 34703 ssh2]
Jan  3 16:28:00 LabSZ sshd[4002]: Disconnecting: Too many authentication failures for root [preauth]
Jan  3 16:28:00 LabSZ sshd[4002]: PAM 5 more authentication failures; logname= uid=0 euid=0 tty=ssh ruser= rhost=59.63.188.30  user=root
Jan  3 16:28:00 LabSZ sshd[4002]: PAM service(sshd) ignoring max retries; 6 > 3
Jan  3 16:28:01 LabSZ sshd[4011]: pam_unix(sshd:auth): authentication failure; logname= uid=0 euid=0 tty=ssh ruser= rhost=59.63.188.30  user=root
Jan  3 16:28:03 LabSZ sshd[4009]: Invalid user admin from 5.188.10.156
Jan  3 16:28:03 LabSZ sshd[4009]: input_userauth_request: invalid user admin [preauth]
Jan  3 16:28:03 LabSZ sshd[4009]: Failed none for invalid user admin from 5.188.10.156 port 58339 ssh2
Jan  3 16:28:03 LabSZ sshd[4011]: Failed password for root from 59.63.188.30 port 53161 ssh2
Jan  3 16:28:04 LabSZ sshd[4009]: Connection closed by 5.188.10.156 [preauth]
Jan  3 16:28:12 LabSZ sshd[4007]: message repeated 5 times: [ Failed password for root from 218.87.109.156 port 40352 ssh2]
Jan  3 16:28:12 LabSZ sshd[4007]: Disconnecting: Too many authentication failures for root [preauth]
Jan  3 16:28:12 LabSZ sshd[4007]: PAM 5 more authentication failures; logname= uid=0 euid=0 tty=ssh ruser= rhost=218.87.109.156  user=root
Jan  3 16:28:12 LabSZ sshd[4007]: PAM service(sshd) ignoring max retries; 6 > 3
Jan  3 16:28:13 LabSZ sshd[4015]: pam_unix(sshd:auth): authentication failure; logname= uid=0 euid=0 tty=ssh ruser= rhost=218.87.109.156  user=root
Jan  3 16:28:14 LabSZ sshd[4013]: Invalid user admin from 5.188.10.156
Jan  3 16:28:14 LabSZ sshd[4013]: input_userauth_request: invalid user admin [preauth]
Jan  3 16:28:14 LabSZ sshd[4013]: pam_unix(sshd:auth): check pass; user unknown
Jan  3 16:28:14 LabSZ sshd[4013]: pam_unix(sshd:auth): authentication failure; logname= uid=0 euid=0 tty=ssh ruser= rhost=5.188.10.156 
Jan  3 16:28:15 LabSZ sshd[4015]: Failed password for root from 218.87.109.156 port 24362 ssh2
Jan  3 16:28:16 LabSZ sshd[4013]: Failed password for invalid user admin from 5.188.10.156 port 60276 ssh2
Jan  3 16:28:16 LabSZ sshd[4011]: message repeated 5 times: [ Failed password for root from 59.63.188.30 port 53161 ssh2]
Jan  3 16:28:16 LabSZ sshd[4011]: Disconnecting: Too many authentication failures for root [preauth]
Jan  3 16:28:16 LabSZ sshd[4011]: PAM 5 more authentication failures; logname= uid=0 euid=0 tty=ssh ruser= rhost=59.63.188.30  user=root
Jan  3 16:28:16 LabSZ sshd[4011]: PAM service(sshd) ignoring max retries; 6 > 3
Jan  3 16:28:17 LabSZ sshd[4013]: pam_unix(sshd:auth): check pass; user unknown
Jan  3 16:28:17 LabSZ sshd[4017]: pam_unix(sshd:auth): authentication failure; logname= uid=0 euid=0 tty=ssh ruser= rhost=59.63.188.30  user=root
Jan  3 16:28:18 LabSZ sshd[4013]: Failed password for invalid user admin from 5.188.10.156 port 60276 ssh2
Jan  3 16:28:19 LabSZ sshd[4017]: Failed password for root from 59.63.188.30 port 6806 ssh2
Jan  3 16:28:19 LabSZ sshd[4013]: pam_unix(sshd:auth): check pass; user unknown
Jan  3 16:28:21 LabSZ sshd[4013]: Failed password for invalid user admin from 5.188.10.156 port 60276 ssh2
Jan  3 16:28:22 LabSZ sshd[4013]: pam_unix(sshd:auth): check pass; user unknown
Jan  3 16:28:24 LabSZ sshd[4013]: Failed password for invalid user admin from 5.188.10.156 port 60276 ssh2
Jan  3 16:28:25 LabSZ sshd[4013]: pam_unix(sshd:auth): check pass; user unknown
Jan  3 16:28:27 LabSZ sshd[4013]: Failed password for invalid user admin from 5.188.10.156 port 60276 ssh2
Jan  3 16:28:28 LabSZ sshd[4013]: Connection closed by 5.188.10.156 [preauth]
Jan  3 16:28:28 LabSZ sshd[4013]: PAM 4 more authentication failures; logname= uid=0 euid=0 tty=ssh ruser= rhost=5.188.10.156 
Jan  3 16:28:28 LabSZ sshd[4013]: PAM service(sshd) ignoring max retries; 5 > 3
