Jan  4 01:59:15 LabSZ sshd[13014]: message repeated 5 times: [ Failed password for root from 59.63.188.30 port 22479 ssh2]
Jan  4 01:59:15 LabSZ sshd[13014]: Disconnecting: Too many authentication failures for root [preauth]
Jan  4 01:59:15 LabSZ sshd[13014]: PAM 5 more authentication failures; logname= uid=0 euid=0 tty=ssh ruser= rhost=59.63.188.30  user=root
Jan  4 01:59:15 LabSZ sshd[13014]: PAM service(sshd) ignoring max retries; 6 > 3
Jan  4 01:59:16 LabSZ sshd[13021]: pam_unix(sshd:auth): authentication failure; logname= uid=0 euid=0 tty=ssh ruser= rhost=59.63.188.30  user=root
Jan  4 01:59:18 LabSZ sshd[13012]: message repeated 5 times: [ Failed password for root from 218.87.109.156 port 14842 ssh2]
Jan  4 01:59:18 LabSZ sshd[13012]: Disconnecting: Too many authentication failures for root [preauth]
Jan  4 01:59:18 LabSZ sshd[13012]: PAM 5 more authentication failures; logname= uid=0 euid=0 tty=ssh ruser= rhost=218.87.109.156  user=root
Jan  4 01:59:18 LabSZ sshd[13012]: PAM service(sshd) ignoring max retries; 6 > 3
Jan  4 01:59:18 LabSZ sshd[13021]: Failed password for root from 59.63.188.30 port 41567 ssh2
Jan  4 01:59:19 LabSZ sshd[13019]: Invalid user guest from 181.214.87.4
Jan  4 01:59:19 LabSZ sshd[13019]: input_userauth_request: invalid user guest [preauth]
Jan  4 01:59:19 LabSZ sshd[13019]: pam_unix(sshd:auth): check pass; user unknown
Jan  4 01:59:19 LabSZ sshd[13019]: pam_unix(sshd:auth): authentication failure; logname= uid=0 euid=0 tty=ssh ruser= rhost=181.214.87.4 
Jan  4 01:59:19 LabSZ sshd[13023]: pam_unix(sshd:auth): authentication failure; logname= uid=0 euid=0 tty=ssh ruser= rhost=218.87.109.156  user=root
Jan  4 01:59:20 LabSZ sshd[13017]: message repeated 5 times: [ Failed password for root from 59.63.188.30 port 28754 ssh2]
Jan  4 01:59:20 LabSZ sshd[13017]: Disconnecting: Too many authentication failures for root [preauth]
Jan  4 01:59:20 LabSZ sshd[13017]: PAM 5 more authentication failures; logname= uid=0 euid=0 tty=ssh ruser= rhost=59.63.188.30  user=root
Jan  4 01:59:20 LabSZ sshd[13017]: PAM service(sshd) ignoring max retries; 6 > 3
Jan  4 01:59:20 LabSZ sshd[13019]: Failed password for invalid user guest from 181.214.87.4 port 58533 ssh2
Jan  4 01:59:21 LabSZ sshd[13019]: Connection closed by 181.214.87.4 [preauth]
Jan  4 01:59:21 LabSZ sshd[13023]: Failed password for root from 218.87.109.156 port 64454 ssh2
Jan  4 01:59:21 LabSZ sshd[13025]: pam_unix(sshd:auth): authentication failure; logname= uid=0 euid=0 tty=ssh ruser= rhost=59.63.188.30  user=root
Jan  4 01:59:23 LabSZ sshd[13025]: Failed password for root from 59.63.188.30 port 48214 ssh2
Jan  4 01:59:30 LabSZ sshd[13021]: message repeated 5 times: [ Failed password for root from 59.63.188.30 port 41567 ssh2]
Jan  4 01:59:30 LabSZ sshd[13021]: Disconnecting: Too many authentication failures for root [preauth]
Jan  4 01:59:30 LabSZ sshd[13021]: PAM 5 more authentication failures; logname= uid=0 euid=0 tty=ssh ruser= rhost=59.63.188.30  user=root
Jan  4 01:59:30 LabSZ sshd[13021]: PAM service(sshd) ignoring max retries; 6 > 3
Jan  4 01:59:31 LabSZ sshd[13029]: pam_unix(sshd:auth): authentication failure; logname= uid=0 euid=0 tty=ssh ruser= rhost=59.63.188.30  user=root
Jan  4 01:59:32 LabSZ sshd[13023]: message repeated 5 times: [ Failed password for root from 218.87.109.156 port 64454 ssh2]
Jan  4 01:59:32 LabSZ sshd[13023]: Disconnecting: Too many authentication failures for root [preauth]
Jan  4 01:59:32 LabSZ sshd[13023]: PAM 5 more authentication failures; logname= uid=0 euid=0 tty=ssh ruser= rhost=218.87.109.156  user=root
Jan  4 01:59:32 LabSZ sshd[13023]: PAM service(sshd) ignoring max retries; 6 > 3
Jan  4 01:59:33 LabSZ sshd[13029]: Failed password for root from 59.63.188.30 port 61568 ssh2
Jan  4 01:59:34 LabSZ sshd[13027]: Connection closed by 181.214.87.4 [preauth]
Jan  4 01:59:34 LabSZ sshd[13031]: pam_unix(sshd:auth): authentication failure; logname= uid=0 euid=0 tty=ssh ruser= rhost=218.87.109.156  user=root
Jan  4 01:59:34 LabSZ sshd[13025]: message repeated 5 times: [ Failed password for root from 59.63.188.30 port 48214 ssh2]
Jan  4 01:59:34 LabSZ sshd[13025]: Disconnecting: Too many authentication failures for root [preauth]
Jan  4 01:59:34 LabSZ sshd[13025]: PAM 5 more authentication failures; logname= uid=0 euid=0 tty=ssh ruser= rhost=59.63.188.30  user=root
Jan  4 01:59:34 LabSZ sshd[13025]: PAM service(sshd) ignoring max retries; 6 > 3
Jan  4 01:59:36 LabSZ sshd[13034]: pam_unix(sshd:auth): authentication failure; logname= uid=0 euid=0 tty=ssh ruser= rhost=59.63.188.30  user=root
Jan  4 01:59:36 LabSZ sshd[13031]: Failed password for root from 218.87.109.156 port 36558 ssh2
Jan  4 01:59:38 LabSZ sshd[13034]: Failed password for root from 59.63.188.30 port 3447 ssh2
Jan  4 01:59:42 LabSZ sshd[13033]: Did not receive identification string from 181.214.87.4
Jan  4 01:59:45 LabSZ sshd[13029]: message repeated 5 times: [ Failed password for root from 59.63.188.30 port 61568 ssh2]
Jan  4 01:59:45 LabSZ sshd[13029]: Disconnecting: Too many authentication failures for root [preauth]
Jan  4 01:59:45 LabSZ sshd[13029]: PAM 5 more authentication failures; logname= uid=0 euid=0 tty=ssh ruser= rhost=59.63.188.30  user=root
Jan  4 01:59:45 LabSZ sshd[13029]: PAM service(sshd) ignoring max retries; 6 > 3
Jan  4 01:59:46 LabSZ sshd[13036]: pam_unix(sshd:auth): authentication failure; logname= uid=0 euid=0 tty=ssh ruser= rhost=59.63.188.30  user=root
Jan  4 01:59:48 LabSZ sshd[13031]: message repeated 5 times: [ Failed password for root from 218.87.109.156 port 36558 ssh2]
Jan  4 01:59:48 LabSZ sshd[13031]: Disconnecting: Too many authentication failures for root [preauth]
Jan  4 01:59:48 LabSZ sshd[13031]: PAM 5 more authentication failures; logname= uid=0 euid=0 tty=ssh ruser= rhost=218.87.109.156  user=root
Jan  4 01:59:48 LabSZ sshd[13031]: PAM service(sshd) ignoring max retries; 6 > 3
Jan  4 01:59:48 LabSZ sshd[13036]: Failed password for root from 59.63.188.30 port 16983 ssh2
Jan  4 01:59:49 LabSZ sshd[13038]: pam_unix(sshd:auth): authentication failure; logname= uid=0 euid=0 tty=ssh ruser= rhost=218.87.109.156  user=root
Jan  4 01:59:50 LabSZ sshd[13034]: message repeated 5 times: [ Failed password for root from 59.63.188.30 port 3447 ssh2]
Jan  4 01:59:50 LabSZ sshd[13034]: Disconnecting: Too many authentication failures for root [preauth]
Jan  4 01:59:50 LabSZ sshd[13034]: PAM 5 more authentication failures; logname= uid=0 euid=0 tty=ssh ruser= rhost=59.63.188.30  user=root
Jan  4 01:59:50 LabSZ sshd[13034]: PAM service(sshd) ignoring max retries; 6 > 3
Jan  4 01:59:51 LabSZ sshd[13038]: Failed password for root from 218.87.109.156 port 11730 ssh2
Jan  4 01:59:51 LabSZ sshd[13040]: pam_unix(sshd:auth): authentication failure; logname= uid=0 euid=0 tty=ssh ruser= rhost=59.63.188.30  user=root
Jan  4 01:59:53 LabSZ sshd[13040]: Failed password for root from 59.63.188.30 port 23602 ssh2
Jan  4 02:00:00 LabSZ sshd[13036]: message repeated 5 times: [ Failed password for root from 59.63.188.30 port 16983 ssh2]
Jan  4 02:00:00 LabSZ sshd[13036]: Disconnecting: Too many authentication failures for root [preauth]
Jan  4 02:00:00 LabSZ sshd[13036]: PAM 5 more authentication failures; logname= uid=0 euid=0 tty=ssh ruser= rhost=59.63.188.30  user=root
Jan  4 02:00:00 LabSZ sshd[13036]: PAM service(sshd) ignoring max retries; 6 > 3
Jan  4 02:00:01 LabSZ sshd[13042]: pam_unix(sshd:auth): authentication failure; logname= uid=0 euid=0 tty=ssh ruser= rhost=59.63.188.30  user=root
Jan  4 02:00:03 LabSZ sshd[13042]: Failed password for root from 59.63.188.30 port 37225 ssh2
Jan  4 02:00:04 LabSZ sshd[13038]: message repeated 5 times: [ Failed password for root from 218.87.109.156 port 11730 ssh2]
Jan  4 02:00:04 LabSZ sshd[13038]: Disconnecting: Too many authentication failures for root [preauth]
Jan  4 02:00:04 LabSZ sshd[13038]: PAM 5 more authentication failures; logname= uid=0 euid=0 tty=ssh ruser= rhost=218.87.109.156  user=root
Jan  4 02:00:04 LabSZ sshd[13038]: PAM service(sshd) ignoring max retries; 6 > 3
Jan  4 02:00:05 LabSZ sshd[13044]: pam_unix(sshd:auth): authentication failure; logname= uid=0 euid=0 tty=ssh ruser= rhost=218.87.109.156  user=root
Jan  4 02:00:05 LabSZ sshd[13040]: message repeated 5 times: [ Failed password for root from 59.63.188.30 port 23602 ssh2]
Jan  4 02:00:05 LabSZ sshd[13040]: Disconnecting: Too many authentication failures for root [preauth]
Jan  4 02:00:05 LabSZ sshd[13040]: PAM 5 more authentication failures; logname= uid=0 euid=0 tty=ssh ruser= rhost=59.63.188.30  user=root
Jan  4 02:00:05 LabSZ sshd[13040]: PAM service(sshd) ignoring max retries; 6 > 3
Jan  4 02:00:06 LabSZ sshd[13046]: pam_unix(sshd:auth): authentication failure; logname= uid=0 euid=0 tty=ssh ruser= rhost=59.63.188.30  user=root
Jan  4 02:00:07 LabSZ sshd[13044]: Failed password for root from 218.87.109.156 port 52656 ssh2
Jan  4 02:00:08 LabSZ sshd[13046]: Failed password for root from 59.63.188.30 port 44181 ssh2
Jan  4 02:00:14 LabSZ sshd[13042]: message repeated 5 times: [ Failed password for root from 59.63.188.30 port 37225 ssh2]
Jan  4 02:00:14 LabSZ sshd[13042]: Disconnecting: Too many authentication failures for root [preauth]
Jan  4 02:00:14 LabSZ sshd[13042]: PAM 5 more authentication failures; logname= uid=0 euid=0 tty=ssh ruser= rhost=59.63.188.30  user=root
Jan  4 02:00:14 LabSZ sshd[13042]: PAM service(sshd) ignoring max retries; 6 > 3
Jan  4 02:00:16 LabSZ sshd[13048]: pam_unix(sshd:auth): authentication failure; logname= uid=0 euid=0 tty=ssh ruser= rhost=59.63.188.30  user=root
Jan  4 02:00:18 LabSZ sshd[13048]: Failed password for root from 59.63.188.30 port 56589 ssh2
Jan  4 02:00:19 LabSZ sshd[13044]: message repeated 5 times: [ Failed password for root from 218.87.109.156 port 52656 ssh2]
Jan  4 02:00:19 LabSZ sshd[13044]: Disconnecting: Too many authentication failures for root [preauth]
Jan  4 02:00:19 LabSZ sshd[13044]: PAM 5 more authentication failures; logname= uid=0 euid=0 tty=ssh ruser= rhost=218.87.109.156  user=root
Jan  4 02:00:19 LabSZ sshd[13044]: PAM service(sshd) ignoring max retries; 6 > 3
Jan  4 02:00:20 LabSZ sshd[13046]: message repeated 5 times: [ Failed password for root from 59.63.188.30 port 44181 ssh2]
Jan  4 02:00:20 LabSZ sshd[13046]: Disconnecting: Too many authentication failures for root [preauth]
Jan  4 02:00:20 LabSZ sshd[13046]: PAM 5 more authentication failures; logname= uid=0 euid=0 tty=ssh ruser= rhost=59.63.188.30  user=root
Jan  4 02:00:20 LabSZ sshd[13046]: PAM service(sshd) ignoring max retries; 6 > 3
Jan  4 02:00:21 LabSZ sshd[13052]: pam_unix(sshd:auth): authentication failure; logname= uid=0 euid=0 tty=ssh ruser= rhost=59.63.188.30  user=root
Jan  4 02:00:22 LabSZ sshd[13050]: pam_unix(sshd:auth): authentication failure; logname= uid=0 euid=0 tty=ssh ruser= rhost=218.87.109.156  user=root
Jan  4 02:00:24 LabSZ sshd[13050]: Failed password for root from 218.87.109.156 port 28014 ssh2
Jan  4 02:00:24 LabSZ sshd[13052]: Failed password for root from 59.63.188.30 port 63783 ssh2
Jan  4 02:00:30 LabSZ sshd[13048]: message repeated 5 times: [ Failed password for root from 59.63.188.30 port 56589 ssh2]
Jan  4 02:00:30 LabSZ sshd[13048]: Disconnecting: Too many authentication failures for root [preauth]
