Jan  2 20:47:47 LabSZ sshd[12306]: pam_unix(sshd:auth): authentication failure; logname= uid=0 euid=0 tty=ssh ruser= rhost=183.63.110.206  user=root
Jan  2 20:47:48 LabSZ sshd[12304]: Invalid user admin from 5.188.10.156
Jan  2 20:47:48 LabSZ sshd[12304]: input_userauth_request: invalid user admin [preauth]
Jan  2 20:47:48 LabSZ sshd[12304]: pam_unix(sshd:auth): check pass; user unknown
Jan  2 20:47:48 LabSZ sshd[12304]: pam_unix(sshd:auth): authentication failure; logname= uid=0 euid=0 tty=ssh ruser= rhost=5.188.10.156 
Jan  2 20:47:50 LabSZ sshd[12306]: Failed password for root from 183.63.110.206 port 41077 ssh2
Jan  2 20:47:50 LabSZ sshd[12306]: Connection closed by 183.63.110.206 [preauth]
Jan  2 20:47:50 LabSZ sshd[12304]: Failed password for invalid user admin from 5.188.10.156 port 37003 ssh2
Jan  2 20:47:50 LabSZ sshd[12304]: Connection closed by 5.188.10.156 [preauth]
Jan  2 20:47:51 LabSZ sshd[12308]: pam_unix(sshd:auth): authentication failure; logname= uid=0 euid=0 tty=ssh ruser= rhost=183.63.110.206  user=root
Jan  2 20:47:53 LabSZ sshd[12308]: Failed password for root from 183.63.110.206 port 41184 ssh2
Jan  2 20:47:54 LabSZ sshd[12308]: Connection closed by 183.63.110.206 [preauth]
Jan  2 20:47:54 LabSZ sshd[12309]: Invalid user default from 5.188.10.156
Jan  2 20:47:54 LabSZ sshd[12309]: input_userauth_request: invalid user default [preauth]
Jan  2 20:47:54 LabSZ sshd[12309]: pam_unix(sshd:auth): check pass; user unknown
Jan  2 20:47:54 LabSZ sshd[12309]: pam_unix(sshd:auth): authentication failure; logname= uid=0 euid=0 tty=ssh ruser= rhost=5.188.10.156 
Jan  2 20:47:55 LabSZ sshd[12312]: pam_unix(sshd:auth): authentication failure; logname= uid=0 euid=0 tty=ssh ruser= rhost=183.63.110.206  user=root
Jan  2 20:47:56 LabSZ sshd[12309]: Failed password for invalid user default from 5.188.10.156 port 35014 ssh2
Jan  2 20:47:56 LabSZ sshd[12309]: pam_unix(sshd:auth): check pass; user unknown
Jan  2 20:47:57 LabSZ sshd[12312]: Failed password for root from 183.63.110.206 port 41289 ssh2
Jan  2 20:47:57 LabSZ sshd[12312]: Connection closed by 183.63.110.206 [preauth]
Jan  2 20:47:58 LabSZ sshd[12309]: Failed password for invalid user default from 5.188.10.156 port 35014 ssh2
Jan  2 20:47:59 LabSZ sshd[12309]: Connection closed by 5.188.10.156 [preauth]
Jan  2 20:47:59 LabSZ sshd[12309]: PAM 1 more authentication failure; logname= uid=0 euid=0 tty=ssh ruser= rhost=5.188.10.156 
Jan  2 20:47:59 LabSZ sshd[12314]: pam_unix(sshd:auth): authentication failure; logname= uid=0 euid=0 tty=ssh ruser= rhost=183.63.110.206  user=root
Jan  2 20:48:01 LabSZ sshd[12316]: pam_unix(sshd:auth): authentication failure; logname= uid=0 euid=0 tty=ssh ruser= rhost=5.188.10.156  user=ftp
Jan  2 20:48:01 LabSZ sshd[12314]: Failed password for root from 183.63.110.206 port 41399 ssh2
Jan  2 20:48:02 LabSZ sshd[12314]: Connection closed by 183.63.110.206 [preauth]
Jan  2 20:48:02 LabSZ sshd[12316]: Failed password for ftp from 5.188.10.156 port 51126 ssh2
Jan  2 20:48:03 LabSZ sshd[12316]: Connection closed by 5.188.10.156 [preauth]
Jan  2 20:48:03 LabSZ sshd[12318]: pam_unix(sshd:auth): authentication failure; logname= uid=0 euid=0 tty=ssh ruser= rhost=183.63.110.206  user=root
Jan  2 20:48:06 LabSZ sshd[12318]: Failed password for root from 183.63.110.206 port 41550 ssh2
Jan  2 20:48:06 LabSZ sshd[12318]: Connection closed by 183.63.110.206 [preauth]
Jan  2 20:48:07 LabSZ sshd[12320]: Invalid user guest from 5.188.10.156
Jan  2 20:48:07 LabSZ sshd[12320]: input_userauth_request: invalid user guest [preauth]
Jan  2 20:48:07 LabSZ sshd[12320]: pam_unix(sshd:auth): check pass; user unknown
Jan  2 20:48:07 LabSZ sshd[12320]: pam_unix(sshd:auth): authentication failure; logname= uid=0 euid=0 tty=ssh ruser= rhost=5.188.10.156 
Jan  2 20:48:07 LabSZ sshd[12322]: pam_unix(sshd:auth): authentication failure; logname= uid=0 euid=0 tty=ssh ruser= rhost=183.63.110.206  user=root
Jan  2 20:48:08 LabSZ sshd[12320]: Failed password for invalid user guest from 5.188.10.156 port 36296 ssh2
Jan  2 20:48:09 LabSZ sshd[12322]: Failed password for root from 183.63.110.206 port 41684 ssh2
Jan  2 20:48:09 LabSZ sshd[12320]: Connection closed by 5.188.10.156 [preauth]
Jan  2 20:48:09 LabSZ sshd[12322]: Connection closed by 183.63.110.206 [preauth]
Jan  2 20:48:11 LabSZ sshd[12324]: pam_unix(sshd:auth): authentication failure; logname= uid=0 euid=0 tty=ssh ruser= rhost=183.63.110.206  user=root
Jan  2 20:48:11 LabSZ sshd[12325]: Connection closed by 5.188.10.156 [preauth]
Jan  2 20:48:13 LabSZ sshd[12324]: Failed password for root from 183.63.110.206 port 41772 ssh2
Jan  2 20:48:13 LabSZ sshd[12324]: Connection closed by 183.63.110.206 [preauth]
Jan  2 20:48:14 LabSZ sshd[12328]: Invalid user operator from 5.188.10.156
Jan  2 20:48:14 LabSZ sshd[12328]: input_userauth_request: invalid user operator [preauth]
Jan  2 20:48:14 LabSZ sshd[12328]: pam_unix(sshd:auth): check pass; user unknown
Jan  2 20:48:14 LabSZ sshd[12328]: pam_unix(sshd:auth): authentication failure; logname= uid=0 euid=0 tty=ssh ruser= rhost=5.188.10.156 
Jan  2 20:48:15 LabSZ sshd[12330]: pam_unix(sshd:auth): authentication failure; logname= uid=0 euid=0 tty=ssh ruser= rhost=183.63.110.206  user=root
Jan  2 20:48:15 LabSZ sshd[12328]: Failed password for invalid user operator from 5.188.10.156 port 52104 ssh2
Jan  2 20:48:16 LabSZ sshd[12328]: Connection closed by 5.188.10.156 [preauth]
Jan  2 20:48:17 LabSZ sshd[12330]: Failed password for root from 183.63.110.206 port 41898 ssh2
Jan  2 20:48:18 LabSZ sshd[12330]: Connection closed by 183.63.110.206 [preauth]
Jan  2 20:48:18 LabSZ sshd[12332]: Invalid user osmc from 5.188.10.156
Jan  2 20:48:18 LabSZ sshd[12332]: input_userauth_request: invalid user osmc [preauth]
Jan  2 20:48:18 LabSZ sshd[12332]: pam_unix(sshd:auth): check pass; user unknown
Jan  2 20:48:18 LabSZ sshd[12332]: pam_unix(sshd:auth): authentication failure; logname= uid=0 euid=0 tty=ssh ruser= rhost=5.188.10.156 
Jan  2 20:48:19 LabSZ sshd[12334]: pam_unix(sshd:auth): authentication failure; logname= uid=0 euid=0 tty=ssh ruser= rhost=183.63.110.206  user=root
Jan  2 20:48:20 LabSZ sshd[12332]: Failed password for invalid user osmc from 5.188.10.156 port 43023 ssh2
Jan  2 20:48:20 LabSZ sshd[12332]: Connection closed by 5.188.10.156 [preauth]
Jan  2 20:48:21 LabSZ sshd[12334]: Failed password for root from 183.63.110.206 port 42026 ssh2
Jan  2 20:48:21 LabSZ sshd[12334]: Connection closed by 183.63.110.206 [preauth]
Jan  2 20:48:23 LabSZ sshd[12337]: pam_unix(sshd:auth): authentication failure; logname= uid=0 euid=0 tty=ssh ruser= rhost=183.63.110.206  user=root
Jan  2 20:48:23 LabSZ sshd[12336]: pam_unix(sshd:auth): authentication failure; logname= uid=0 euid=0 tty=ssh ruser= rhost=5.188.10.156  user=root
Jan  2 20:48:25 LabSZ sshd[12337]: Failed password for root from 183.63.110.206 port 42115 ssh2
Jan  2 20:48:25 LabSZ sshd[12336]: Failed password for root from 5.188.10.156 port 57534 ssh2
Jan  2 20:48:25 LabSZ sshd[12337]: Connection closed by 183.63.110.206 [preauth]
Jan  2 20:48:27 LabSZ sshd[12340]: pam_unix(sshd:auth): authentication failure; logname= uid=0 euid=0 tty=ssh ruser= rhost=183.63.110.206  user=root
Jan  2 20:48:27 LabSZ sshd[12336]: Failed password for root from 5.188.10.156 port 57534 ssh2
Jan  2 20:48:27 LabSZ sshd[12336]: Connection closed by 5.188.10.156 [preauth]
Jan  2 20:48:27 LabSZ sshd[12336]: PAM 1 more authentication failure; logname= uid=0 euid=0 tty=ssh ruser= rhost=5.188.10.156  user=root
Jan  2 20:48:29 LabSZ sshd[12340]: Failed password for root from 183.63.110.206 port 42259 ssh2
Jan  2 20:48:30 LabSZ sshd[12340]: Connection closed by 183.63.110.206 [preauth]
Jan  2 20:48:30 LabSZ sshd[12342]: Connection closed by 5.188.10.156 [preauth]
Jan  2 20:48:32 LabSZ sshd[12344]: pam_unix(sshd:auth): authentication failure; logname= uid=0 euid=0 tty=ssh ruser= rhost=183.63.110.206  user=root
Jan  2 20:48:32 LabSZ sshd[12346]: Invalid user support from 5.188.10.156
Jan  2 20:48:32 LabSZ sshd[12346]: input_userauth_request: invalid user support [preauth]
Jan  2 20:48:32 LabSZ sshd[12346]: pam_unix(sshd:auth): check pass; user unknown
Jan  2 20:48:32 LabSZ sshd[12346]: pam_unix(sshd:auth): authentication failure; logname= uid=0 euid=0 tty=ssh ruser= rhost=5.188.10.156 
Jan  2 20:48:33 LabSZ sshd[12344]: Failed password for root from 183.63.110.206 port 42390 ssh2
Jan  2 20:48:33 LabSZ sshd[12346]: Failed password for invalid user support from 5.188.10.156 port 35096 ssh2
Jan  2 20:48:34 LabSZ sshd[12344]: Connection closed by 183.63.110.206 [preauth]
Jan  2 20:48:34 LabSZ sshd[12346]: Connection closed by 5.188.10.156 [preauth]
Jan  2 20:48:35 LabSZ sshd[12348]: pam_unix(sshd:auth): authentication failure; logname= uid=0 euid=0 tty=ssh ruser= rhost=183.63.110.206  user=root
Jan  2 20:48:36 LabSZ sshd[12350]: Invalid user telecomadmin from 5.188.10.156
Jan  2 20:48:36 LabSZ sshd[12350]: input_userauth_request: invalid user telecomadmin [preauth]
Jan  2 20:48:36 LabSZ sshd[12350]: pam_unix(sshd:auth): check pass; user unknown
Jan  2 20:48:36 LabSZ sshd[12350]: pam_unix(sshd:auth): authentication failure; logname= uid=0 euid=0 tty=ssh ruser= rhost=5.188.10.156 
Jan  2 20:48:37 LabSZ sshd[12348]: Failed password for root from 183.63.110.206 port 42522 ssh2
Jan  2 20:48:37 LabSZ sshd[12348]: Connection closed by 183.63.110.206 [preauth]
Jan  2 20:48:38 LabSZ sshd[12350]: Failed password for invalid user telecomadmin from 5.188.10.156 port 58961 ssh2
Jan  2 20:48:38 LabSZ sshd[12350]: Connection closed by 5.188.10.156 [preauth]
Jan  2 20:48:39 LabSZ sshd[12352]: pam_unix(sshd:auth): authentication failure; logname= uid=0 euid=0 tty=ssh ruser= rhost=183.63.110.206  user=root
Jan  2 20:48:40 LabSZ sshd[12354]: Invalid user test from 5.188.10.156
Jan  2 20:48:40 LabSZ sshd[12354]: input_userauth_request: invalid user test [preauth]
Jan  2 20:48:40 LabSZ sshd[12354]: pam_unix(sshd:auth): check pass; user unknown
Jan  2 20:48:40 LabSZ sshd[12354]: pam_unix(sshd:auth): authentication failure; logname= uid=0 euid=0 tty=ssh ruser= rhost=5.188.10.156 
Jan  2 20:48:41 LabSZ sshd[12352]: Failed password for root from 183.63.110.206 port 42643 ssh2
