Dec 10 12:26:06 LabSZ sshd[30952]: input_userauth_request: invalid user test [preauth]
Dec 10 12:26:06 LabSZ sshd[30952]: pam_unix(sshd:auth): check pass; user unknown
Dec 10 12:26:06 LabSZ sshd[30952]: pam_unix(sshd:auth): authentication failure; logname= uid=0 euid=0 tty=ssh ruser= rhost=5.188.10.182 
Dec 10 12:26:07 LabSZ sshd[30954]: Failed password for root from 183.62.140.253 port 58609 ssh2
Dec 10 12:26:07 LabSZ sshd[30954]: Received disconnect from 183.62.140.253: 11: Bye Bye [preauth]
Dec 10 12:26:07 LabSZ sshd[30956]: pam_unix(sshd:auth): authentication failure; logname= uid=0 euid=0 tty=ssh ruser= rhost=183.62.140.253  user=root
Dec 10 12:26:08 LabSZ sshd[30952]: Failed password for invalid user test from 5.188.10.182 port 59743 ssh2
Dec 10 12:26:10 LabSZ sshd[30956]: Failed password for root from 183.62.140.253 port 59011 ssh2
Dec 10 12:26:10 LabSZ sshd[30956]: Received disconnect from 183.62.140.253: 11: Bye Bye [preauth]
Dec 10 12:26:10 LabSZ sshd[30958]: pam_unix(sshd:auth): authentication failure; logname= uid=0 euid=0 tty=ssh ruser= rhost=183.62.140.253  user=root
Dec 10 12:26:10 LabSZ sshd[30952]: Connection closed by 5.188.10.182 [preauth]
Dec 10 12:26:11 LabSZ sshd[30958]: Failed password for root from 183.62.140.253 port 59469 ssh2
Dec 10 12:26:11 LabSZ sshd[30958]: Received disconnect from 183.62.140.253: 11: Bye Bye [preauth]
Dec 10 12:26:11 LabSZ sshd[30961]: pam_unix(sshd:auth): authentication failure; logname= uid=0 euid=0 tty=ssh ruser= rhost=183.62.140.253  user=root
Dec 10 12:26:13 LabSZ sshd[30961]: Failed password for root from 183.62.140.253 port 59754 ssh2
Dec 10 12:26:13 LabSZ sshd[30961]: Received disconnect from 183.62.140.253: 11: Bye Bye [preauth]
Dec 10 12:26:13 LabSZ sshd[30965]: pam_unix(sshd:auth): authentication failure; logname= uid=0 euid=0 tty=ssh ruser= rhost=183.62.140.253  user=root
Dec 10 12:26:15 LabSZ sshd[30960]: Invalid user ubnt from 5.188.10.182
Dec 10 12:26:15 LabSZ sshd[30960]: input_userauth_request: invalid user ubnt [preauth]
Dec 10 12:26:15 LabSZ sshd[30960]: pam_unix(sshd:auth): check pass; user unknown
Dec 10 12:26:15 LabSZ sshd[30960]: pam_unix(sshd:auth): authentication failure; logname= uid=0 euid=0 tty=ssh ruser= rhost=5.188.10.182 
Dec 10 12:26:16 LabSZ sshd[30965]: Failed password for root from 183.62.140.253 port 60138 ssh2
Dec 10 12:26:16 LabSZ sshd[30965]: Received disconnect from 183.62.140.253: 11: Bye Bye [preauth]
Dec 10 12:26:16 LabSZ sshd[30967]: pam_unix(sshd:auth): authentication failure; logname= uid=0 euid=0 tty=ssh ruser= rhost=183.62.140.253  user=root
Dec 10 12:26:17 LabSZ sshd[30960]: Failed password for invalid user ubnt from 5.188.10.182 port 49825 ssh2
Dec 10 12:26:18 LabSZ sshd[30967]: Failed password for root from 183.62.140.253 port 60580 ssh2
Dec 10 12:26:18 LabSZ sshd[30967]: Received disconnect from 183.62.140.253: 11: Bye Bye [preauth]
Dec 10 12:26:18 LabSZ sshd[30969]: pam_unix(sshd:auth): authentication failure; logname= uid=0 euid=0 tty=ssh ruser= rhost=183.62.140.253  user=root
Dec 10 12:26:18 LabSZ sshd[30960]: Connection closed by 5.188.10.182 [preauth]
Dec 10 12:26:20 LabSZ sshd[30969]: Failed password for root from 183.62.140.253 port 60957 ssh2
Dec 10 12:26:20 LabSZ sshd[30969]: Received disconnect from 183.62.140.253: 11: Bye Bye [preauth]
Dec 10 12:26:20 LabSZ sshd[30972]: pam_unix(sshd:auth): authentication failure; logname= uid=0 euid=0 tty=ssh ruser= rhost=183.62.140.253  user=root
Dec 10 12:26:22 LabSZ sshd[30972]: Failed password for root from 183.62.140.253 port 33087 ssh2
Dec 10 12:26:22 LabSZ sshd[30972]: Received disconnect from 183.62.140.253: 11: Bye Bye [preauth]
Dec 10 12:26:23 LabSZ sshd[30975]: pam_unix(sshd:auth): authentication failure; logname= uid=0 euid=0 tty=ssh ruser= rhost=183.62.140.253  user=root
Dec 10 12:26:24 LabSZ sshd[30971]: Invalid user user from 5.188.10.182
Dec 10 12:26:24 LabSZ sshd[30971]: input_userauth_request: invalid user user [preauth]
Dec 10 12:26:24 LabSZ sshd[30971]: pam_unix(sshd:auth): check pass; user unknown
Dec 10 12:26:24 LabSZ sshd[30971]: pam_unix(sshd:auth): authentication failure; logname= uid=0 euid=0 tty=ssh ruser= rhost=5.188.10.182 
Dec 10 12:26:25 LabSZ sshd[30975]: Failed password for root from 183.62.140.253 port 33504 ssh2
Dec 10 12:26:25 LabSZ sshd[30975]: Received disconnect from 183.62.140.253: 11: Bye Bye [preauth]
Dec 10 12:26:25 LabSZ sshd[30977]: pam_unix(sshd:auth): authentication failure; logname= uid=0 euid=0 tty=ssh ruser= rhost=183.62.140.253  user=root
Dec 10 12:26:26 LabSZ sshd[30971]: Failed password for invalid user user from 5.188.10.182 port 43875 ssh2
Dec 10 12:26:27 LabSZ sshd[30977]: Failed password for root from 183.62.140.253 port 33898 ssh2
Dec 10 12:26:27 LabSZ sshd[30977]: Received disconnect from 183.62.140.253: 11: Bye Bye [preauth]
Dec 10 12:26:27 LabSZ sshd[30971]: Connection closed by 5.188.10.182 [preauth]
Dec 10 12:26:27 LabSZ sshd[30980]: pam_unix(sshd:auth): authentication failure; logname= uid=0 euid=0 tty=ssh ruser= rhost=183.62.140.253  user=root
Dec 10 12:26:29 LabSZ sshd[30980]: Failed password for root from 183.62.140.253 port 34318 ssh2
Dec 10 12:26:29 LabSZ sshd[30980]: Received disconnect from 183.62.140.253: 11: Bye Bye [preauth]
Dec 10 12:26:29 LabSZ sshd[30984]: pam_unix(sshd:auth): authentication failure; logname= uid=0 euid=0 tty=ssh ruser= rhost=183.62.140.253  user=root
Dec 10 12:26:31 LabSZ sshd[30984]: Failed password for root from 183.62.140.253 port 34751 ssh2
Dec 10 12:26:31 LabSZ sshd[30984]: Received disconnect from 183.62.140.253: 11: Bye Bye [preauth]
Dec 10 12:26:31 LabSZ sshd[30986]: pam_unix(sshd:auth): authentication failure; logname= uid=0 euid=0 tty=ssh ruser= rhost=183.62.140.253  user=root
Dec 10 12:26:34 LabSZ sshd[30986]: Failed password for root from 183.62.140.253 port 35088 ssh2
Dec 10 12:26:34 LabSZ sshd[30986]: Received disconnect from 183.62.140.253: 11: Bye Bye [preauth]
Dec 10 12:26:34 LabSZ sshd[30988]: pam_unix(sshd:auth): authentication failure; logname= uid=0 euid=0 tty=ssh ruser= rhost=183.62.140.253  user=root
Dec 10 12:26:35 LabSZ sshd[30988]: Failed password for root from 183.62.140.253 port 35531 ssh2
Dec 10 12:26:35 LabSZ sshd[30988]: Received disconnect from 183.62.140.253: 11: Bye Bye [preauth]
Dec 10 12:26:36 LabSZ sshd[30990]: pam_unix(sshd:auth): authentication failure; logname= uid=0 euid=0 tty=ssh ruser= rhost=183.62.140.253  user=root
Dec 10 12:26:38 LabSZ sshd[30990]: Failed password for root from 183.62.140.253 port 35852 ssh2
Dec 10 12:26:38 LabSZ sshd[30990]: Received disconnect from 183.62.140.253: 11: Bye Bye [preauth]
Dec 10 12:26:38 LabSZ sshd[30982]: Invalid user user from 5.188.10.182
Dec 10 12:26:38 LabSZ sshd[30982]: input_userauth_request: invalid user user [preauth]
Dec 10 12:26:38 LabSZ sshd[30982]: pam_unix(sshd:auth): check pass; user unknown
Dec 10 12:26:38 LabSZ sshd[30982]: pam_unix(sshd:auth): authentication failure; logname= uid=0 euid=0 tty=ssh ruser= rhost=5.188.10.182 
Dec 10 12:26:38 LabSZ sshd[30992]: pam_unix(sshd:auth): authentication failure; logname= uid=0 euid=0 tty=ssh ruser= rhost=183.62.140.253  user=root
Dec 10 12:26:40 LabSZ sshd[30982]: Failed password for invalid user user from 5.188.10.182 port 41807 ssh2
Dec 10 12:26:40 LabSZ sshd[30992]: Failed password for root from 183.62.140.253 port 36245 ssh2
Dec 10 12:26:40 LabSZ sshd[30992]: Received disconnect from 183.62.140.253: 11: Bye Bye [preauth]
Dec 10 12:26:41 LabSZ sshd[30994]: pam_unix(sshd:auth): authentication failure; logname= uid=0 euid=0 tty=ssh ruser= rhost=183.62.140.253  user=root
Dec 10 12:26:41 LabSZ sshd[30982]: Connection closed by 5.188.10.182 [preauth]
Dec 10 12:26:42 LabSZ sshd[30994]: Failed password for root from 183.62.140.253 port 36768 ssh2
Dec 10 12:26:42 LabSZ sshd[30994]: Received disconnect from 183.62.140.253: 11: Bye Bye [preauth]
Dec 10 12:26:43 LabSZ sshd[30997]: pam_unix(sshd:auth): authentication failure; logname= uid=0 euid=0 tty=ssh ruser= rhost=183.62.140.253  user=root
Dec 10 12:26:45 LabSZ sshd[30997]: Failed password for root from 183.62.140.253 port 37078 ssh2
Dec 10 12:26:45 LabSZ sshd[30997]: Received disconnect from 183.62.140.253: 11: Bye Bye [preauth]
Dec 10 12:26:45 LabSZ sshd[31000]: pam_unix(sshd:auth): authentication failure; logname= uid=0 euid=0 tty=ssh ruser= rhost=183.62.140.253  user=root
Dec 10 12:26:45 LabSZ sshd[30996]: Invalid user user1 from 5.188.10.182
Dec 10 12:26:45 LabSZ sshd[30996]: input_userauth_request: invalid user user1 [preauth]
Dec 10 12:26:45 LabSZ sshd[30996]: Failed none for invalid user user1 from 5.188.10.182 port 56852 ssh2
Dec 10 12:26:46 LabSZ sshd[30996]: pam_unix(sshd:auth): check pass; user unknown
Dec 10 12:26:46 LabSZ sshd[30996]: pam_unix(sshd:auth): authentication failure; logname= uid=0 euid=0 tty=ssh ruser= rhost=5.188.10.182 
Dec 10 12:26:47 LabSZ sshd[30996]: Failed password for invalid user user1 from 5.188.10.182 port 56852 ssh2
Dec 10 12:26:47 LabSZ sshd[31000]: Failed password for root from 183.62.140.253 port 37520 ssh2
Dec 10 12:26:47 LabSZ sshd[31000]: Received disconnect from 183.62.140.253: 11: Bye Bye [preauth]
Dec 10 12:26:47 LabSZ sshd[31003]: pam_unix(sshd:auth): authentication failure; logname= uid=0 euid=0 tty=ssh ruser= rhost=183.62.140.253  user=root
Dec 10 12:26:48 LabSZ sshd[30996]: Connection closed by 5.188.10.182 [preauth]
Dec 10 12:26:50 LabSZ sshd[31003]: Failed password for root from 183.62.140.253 port 37941 ssh2
Dec 10 12:26:50 LabSZ sshd[31003]: Received disconnect from 183.62.140.253: 11: Bye Bye [preauth]
Dec 10 12:26:50 LabSZ sshd[31006]: pam_unix(sshd:auth): authentication failure; logname= uid=0 euid=0 tty=ssh ruser= rhost=183.62.140.253  user=root
Dec 10 12:26:52 LabSZ sshd[31006]: Failed password for root from 183.62.140.253 port 38384 ssh2
Dec 10 12:26:52 LabSZ sshd[31006]: Received disconnect from 183.62.140.253: 11: Bye Bye [preauth]
Dec 10 12:26:52 LabSZ sshd[31009]: pam_unix(sshd:auth): authentication failure; logname= uid=0 euid=0 tty=ssh ruser= rhost=183.62.140.253  user=root
Dec 10 12:26:54 LabSZ sshd[31009]: Failed password for root from 183.62.140.253 port 38879 ssh2
Dec 10 12:26:54 LabSZ sshd[31009]: Received disconnect from 183.62.140.253: 11: Bye Bye [preauth]
Dec 10 12:26:54 LabSZ sshd[31011]: pam_unix(sshd:auth): authentication failure; logname= uid=0 euid=0 tty=ssh ruser= rhost=183.62.140.253  user=root
Dec 10 12:26:56 LabSZ sshd[31011]: Failed password for root from 183.62.140.253 port 39191 ssh2
Dec 10 12:26:56 LabSZ sshd[31011]: Received disconnect from 183.62.140.253: 11: Bye Bye [preauth]
Dec 10 12:26:57 LabSZ sshd[31013]: pam_unix(sshd:auth): authentication failure; logname= uid=0 euid=0 tty=ssh ruser= rhost=183.62.140.253  user=root
Dec 10 12:26:58 LabSZ sshd[31013]: Failed password for root from 183.62.140.253 port 39617 ssh2
