Jan  2 01:48:26 LabSZ sshd[20167]: message repeated 5 times: [ Failed password for root from 182.100.67.120 port 46406 ssh2]
Jan  2 01:48:26 LabSZ sshd[20167]: Disconnecting: Too many authentication failures for root [preauth]
Jan  2 01:48:26 LabSZ sshd[20167]: PAM 5 more authentication failures; logname= uid=0 euid=0 tty=ssh ruser= rhost=182.100.67.120  user=root
Jan  2 01:48:26 LabSZ sshd[20167]: PAM service(sshd) ignoring max retries; 6 > 3
Jan  2 01:48:27 LabSZ sshd[20171]: pam_unix(sshd:auth): authentication failure; logname= uid=0 euid=0 tty=ssh ruser= rhost=58.242.83.25  user=root
Jan  2 01:48:27 LabSZ sshd[20173]: pam_unix(sshd:auth): authentication failure; logname= uid=0 euid=0 tty=ssh ruser= rhost=182.100.67.120  user=root
Jan  2 01:48:27 LabSZ sshd[20169]: Failed password for invalid user user from 62.210.169.42 port 58199 ssh2
Jan  2 01:48:29 LabSZ sshd[20169]: fatal: Read from socket failed: Connection reset by peer [preauth]
Jan  2 01:48:29 LabSZ sshd[20171]: Failed password for root from 58.242.83.25 port 28126 ssh2
Jan  2 01:48:29 LabSZ sshd[20173]: Failed password for root from 182.100.67.120 port 15558 ssh2
Jan  2 01:48:33 LabSZ sshd[20175]: Invalid user admin from 62.210.169.42
Jan  2 01:48:33 LabSZ sshd[20175]: input_userauth_request: invalid user admin [preauth]
Jan  2 01:48:33 LabSZ sshd[20175]: pam_unix(sshd:auth): check pass; user unknown
Jan  2 01:48:33 LabSZ sshd[20175]: pam_unix(sshd:auth): authentication failure; logname= uid=0 euid=0 tty=ssh ruser= rhost=62-210-169-42.rev.poneytelecom.eu 
Jan  2 01:48:40 LabSZ sshd[20175]: Failed password for invalid user admin from 62.210.169.42 port 61006 ssh2
Jan  2 01:48:40 LabSZ sshd[20175]: fatal: Read from socket failed: Connection reset by peer [preauth]
Jan  2 01:48:41 LabSZ sshd[20173]: message repeated 5 times: [ Failed password for root from 182.100.67.120 port 15558 ssh2]
Jan  2 01:48:41 LabSZ sshd[20173]: Disconnecting: Too many authentication failures for root [preauth]
Jan  2 01:48:41 LabSZ sshd[20173]: PAM 5 more authentication failures; logname= uid=0 euid=0 tty=ssh ruser= rhost=182.100.67.120  user=root
Jan  2 01:48:41 LabSZ sshd[20173]: PAM service(sshd) ignoring max retries; 6 > 3
Jan  2 01:48:42 LabSZ sshd[20171]: message repeated 5 times: [ Failed password for root from 58.242.83.25 port 28126 ssh2]
Jan  2 01:48:42 LabSZ sshd[20171]: Disconnecting: Too many authentication failures for root [preauth]
Jan  2 01:48:42 LabSZ sshd[20171]: PAM 5 more authentication failures; logname= uid=0 euid=0 tty=ssh ruser= rhost=58.242.83.25  user=root
Jan  2 01:48:42 LabSZ sshd[20171]: PAM service(sshd) ignoring max retries; 6 > 3
Jan  2 01:48:42 LabSZ sshd[20178]: pam_unix(sshd:auth): authentication failure; logname= uid=0 euid=0 tty=ssh ruser= rhost=182.100.67.120  user=root
Jan  2 01:48:44 LabSZ sshd[20181]: pam_unix(sshd:auth): authentication failure; logname= uid=0 euid=0 tty=ssh ruser= rhost=58.242.83.25  user=root
Jan  2 01:48:45 LabSZ sshd[20178]: Failed password for root from 182.100.67.120 port 48386 ssh2
Jan  2 01:48:45 LabSZ sshd[20181]: Failed password for root from 58.242.83.25 port 50361 ssh2
Jan  2 01:48:48 LabSZ sshd[20177]: Invalid user oper from 62.210.169.42
Jan  2 01:48:48 LabSZ sshd[20177]: input_userauth_request: invalid user oper [preauth]
Jan  2 01:48:48 LabSZ sshd[20177]: pam_unix(sshd:auth): check pass; user unknown
Jan  2 01:48:48 LabSZ sshd[20177]: pam_unix(sshd:auth): authentication failure; logname= uid=0 euid=0 tty=ssh ruser= rhost=62-210-169-42.rev.poneytelecom.eu 
Jan  2 01:48:56 LabSZ sshd[20177]: Failed password for invalid user oper from 62.210.169.42 port 64013 ssh2
Jan  2 01:48:57 LabSZ sshd[20178]: message repeated 5 times: [ Failed password for root from 182.100.67.120 port 48386 ssh2]
Jan  2 01:48:57 LabSZ sshd[20178]: Disconnecting: Too many authentication failures for root [preauth]
Jan  2 01:48:57 LabSZ sshd[20178]: PAM 5 more authentication failures; logname= uid=0 euid=0 tty=ssh ruser= rhost=182.100.67.120  user=root
Jan  2 01:48:57 LabSZ sshd[20178]: PAM service(sshd) ignoring max retries; 6 > 3
Jan  2 01:48:58 LabSZ sshd[20181]: message repeated 5 times: [ Failed password for root from 58.242.83.25 port 50361 ssh2]
Jan  2 01:48:58 LabSZ sshd[20181]: Disconnecting: Too many authentication failures for root [preauth]
Jan  2 01:48:58 LabSZ sshd[20181]: PAM 5 more authentication failures; logname= uid=0 euid=0 tty=ssh ruser= rhost=58.242.83.25  user=root
Jan  2 01:48:58 LabSZ sshd[20181]: PAM service(sshd) ignoring max retries; 6 > 3
Jan  2 01:48:59 LabSZ sshd[20183]: pam_unix(sshd:auth): authentication failure; logname= uid=0 euid=0 tty=ssh ruser= rhost=182.100.67.120  user=root
Jan  2 01:48:59 LabSZ sshd[20177]: fatal: Read from socket failed: Connection reset by peer [preauth]
Jan  2 01:49:00 LabSZ sshd[20185]: pam_unix(sshd:auth): authentication failure; logname= uid=0 euid=0 tty=ssh ruser= rhost=58.242.83.25  user=root
Jan  2 01:49:01 LabSZ sshd[20183]: Failed password for root from 182.100.67.120 port 21338 ssh2
Jan  2 01:49:02 LabSZ sshd[20185]: Failed password for root from 58.242.83.25 port 7265 ssh2
Jan  2 01:49:05 LabSZ sshd[20187]: Did not receive identification string from 62.210.169.42
Jan  2 01:49:13 LabSZ sshd[20183]: message repeated 5 times: [ Failed password for root from 182.100.67.120 port 21338 ssh2]
Jan  2 01:49:13 LabSZ sshd[20183]: Disconnecting: Too many authentication failures for root [preauth]
Jan  2 01:49:13 LabSZ sshd[20183]: PAM 5 more authentication failures; logname= uid=0 euid=0 tty=ssh ruser= rhost=182.100.67.120  user=root
Jan  2 01:49:13 LabSZ sshd[20183]: PAM service(sshd) ignoring max retries; 6 > 3
Jan  2 01:49:15 LabSZ sshd[20188]: pam_unix(sshd:auth): authentication failure; logname= uid=0 euid=0 tty=ssh ruser= rhost=182.100.67.120  user=root
Jan  2 01:49:15 LabSZ sshd[20185]: message repeated 5 times: [ Failed password for root from 58.242.83.25 port 7265 ssh2]
Jan  2 01:49:15 LabSZ sshd[20185]: Disconnecting: Too many authentication failures for root [preauth]
Jan  2 01:49:15 LabSZ sshd[20185]: PAM 5 more authentication failures; logname= uid=0 euid=0 tty=ssh ruser= rhost=58.242.83.25  user=root
Jan  2 01:49:15 LabSZ sshd[20185]: PAM service(sshd) ignoring max retries; 6 > 3
Jan  2 01:49:17 LabSZ sshd[20188]: Failed password for root from 182.100.67.120 port 56810 ssh2
Jan  2 01:49:17 LabSZ sshd[20190]: pam_unix(sshd:auth): authentication failure; logname= uid=0 euid=0 tty=ssh ruser= rhost=58.242.83.25  user=root
Jan  2 01:49:19 LabSZ sshd[20190]: Failed password for root from 58.242.83.25 port 30503 ssh2
Jan  2 01:49:29 LabSZ sshd[20188]: message repeated 5 times: [ Failed password for root from 182.100.67.120 port 56810 ssh2]
Jan  2 01:49:29 LabSZ sshd[20188]: Disconnecting: Too many authentication failures for root [preauth]
Jan  2 01:49:29 LabSZ sshd[20188]: PAM 5 more authentication failures; logname= uid=0 euid=0 tty=ssh ruser= rhost=182.100.67.120  user=root
Jan  2 01:49:29 LabSZ sshd[20188]: PAM service(sshd) ignoring max retries; 6 > 3
Jan  2 01:49:31 LabSZ sshd[20192]: pam_unix(sshd:auth): authentication failure; logname= uid=0 euid=0 tty=ssh ruser= rhost=182.100.67.120  user=root
Jan  2 01:49:31 LabSZ sshd[20190]: message repeated 5 times: [ Failed password for root from 58.242.83.25 port 30503 ssh2]
Jan  2 01:49:31 LabSZ sshd[20190]: Disconnecting: Too many authentication failures for root [preauth]
Jan  2 01:49:31 LabSZ sshd[20190]: PAM 5 more authentication failures; logname= uid=0 euid=0 tty=ssh ruser= rhost=58.242.83.25  user=root
Jan  2 01:49:31 LabSZ sshd[20190]: PAM service(sshd) ignoring max retries; 6 > 3
Jan  2 01:49:32 LabSZ sshd[20192]: Failed password for root from 182.100.67.120 port 28468 ssh2
Jan  2 01:49:32 LabSZ sshd[20194]: pam_unix(sshd:auth): authentication failure; logname= uid=0 euid=0 tty=ssh ruser= rhost=58.242.83.25  user=root
Jan  2 01:49:34 LabSZ sshd[20194]: Failed password for root from 58.242.83.25 port 51502 ssh2
Jan  2 01:49:44 LabSZ sshd[20192]: message repeated 5 times: [ Failed password for root from 182.100.67.120 port 28468 ssh2]
Jan  2 01:49:44 LabSZ sshd[20192]: Disconnecting: Too many authentication failures for root [preauth]
Jan  2 01:49:44 LabSZ sshd[20192]: PAM 5 more authentication failures; logname= uid=0 euid=0 tty=ssh ruser= rhost=182.100.67.120  user=root
Jan  2 01:49:44 LabSZ sshd[20192]: PAM service(sshd) ignoring max retries; 6 > 3
Jan  2 01:49:46 LabSZ sshd[20196]: pam_unix(sshd:auth): authentication failure; logname= uid=0 euid=0 tty=ssh ruser= rhost=182.100.67.120  user=root
Jan  2 01:49:47 LabSZ sshd[20194]: message repeated 5 times: [ Failed password for root from 58.242.83.25 port 51502 ssh2]
Jan  2 01:49:47 LabSZ sshd[20194]: Disconnecting: Too many authentication failures for root [preauth]
Jan  2 01:49:47 LabSZ sshd[20194]: PAM 5 more authentication failures; logname= uid=0 euid=0 tty=ssh ruser= rhost=58.242.83.25  user=root
Jan  2 01:49:47 LabSZ sshd[20194]: PAM service(sshd) ignoring max retries; 6 > 3
Jan  2 01:49:48 LabSZ sshd[20196]: Failed password for root from 182.100.67.120 port 62790 ssh2
Jan  2 01:49:48 LabSZ sshd[20198]: pam_unix(sshd:auth): authentication failure; logname= uid=0 euid=0 tty=ssh ruser= rhost=58.242.83.25  user=root
Jan  2 01:49:51 LabSZ sshd[20198]: Failed password for root from 58.242.83.25 port 8003 ssh2
Jan  2 01:50:01 LabSZ sshd[20196]: message repeated 5 times: [ Failed password for root from 182.100.67.120 port 62790 ssh2]
Jan  2 01:50:01 LabSZ sshd[20196]: Disconnecting: Too many authentication failures for root [preauth]
Jan  2 01:50:01 LabSZ sshd[20196]: PAM 5 more authentication failures; logname= uid=0 euid=0 tty=ssh ruser= rhost=182.100.67.120  user=root
Jan  2 01:50:01 LabSZ sshd[20196]: PAM service(sshd) ignoring max retries; 6 > 3
Jan  2 01:50:02 LabSZ sshd[20200]: pam_unix(sshd:auth): authentication failure; logname= uid=0 euid=0 tty=ssh ruser= rhost=182.100.67.120  user=root
Jan  2 01:50:03 LabSZ sshd[20198]: message repeated 5 times: [ Failed password for root from 58.242.83.25 port 8003 ssh2]
Jan  2 01:50:03 LabSZ sshd[20198]: Disconnecting: Too many authentication failures for root [preauth]
Jan  2 01:50:03 LabSZ sshd[20198]: PAM 5 more authentication failures; logname= uid=0 euid=0 tty=ssh ruser= rhost=58.242.83.25  user=root
Jan  2 01:50:03 LabSZ sshd[20198]: PAM service(sshd) ignoring max retries; 6 > 3
Jan  2 01:50:04 LabSZ sshd[20200]: Failed password for root from 182.100.67.120 port 36420 ssh2
Jan  2 01:50:04 LabSZ sshd[20202]: pam_unix(sshd:auth): authentication failure; logname= uid=0 euid=0 tty=ssh ruser= rhost=58.242.83.25  user=root
Jan  2 01:50:06 LabSZ sshd[20202]: Failed password for root from 58.242.83.25 port 30528 ssh2
Jan  2 01:50:15 LabSZ sshd[20200]: message repeated 5 times: [ Failed password for root from 182.100.67.120 port 36420 ssh2]
Jan  2 01:50:15 LabSZ sshd[20200]: Disconnecting: Too many authentication failures for root [preauth]
Jan  2 01:50:15 LabSZ sshd[20200]: PAM 5 more authentication failures; logname= uid=0 euid=0 tty=ssh ruser= rhost=182.100.67.120  user=root
Jan  2 01:50:15 LabSZ sshd[20200]: PAM service(sshd) ignoring max retries; 6 > 3
Jan  2 01:50:16 LabSZ sshd[20204]: pam_unix(sshd:auth): authentication failure; logname= uid=0 euid=0 tty=ssh ruser= rhost=182.100.67.120  user=root
