Jan  3 23:34:01 LabSZ sshd[10293]: pam_unix(sshd:auth): authentication failure; logname= uid=0 euid=0 tty=ssh ruser= rhost=218.87.109.156  user=root
Jan  3 23:34:03 LabSZ sshd[10293]: Failed password for root from 218.87.109.156 port 12212 ssh2
Jan  3 23:34:08 LabSZ sshd[10291]: message repeated 5 times: [ Failed password for root from 59.63.188.30 port 51724 ssh2]
Jan  3 23:34:08 LabSZ sshd[10291]: Disconnecting: Too many authentication failures for root [preauth]
Jan  3 23:34:08 LabSZ sshd[10291]: PAM 5 more authentication failures; logname= uid=0 euid=0 tty=ssh ruser= rhost=59.63.188.30  user=root
Jan  3 23:34:08 LabSZ sshd[10291]: PAM service(sshd) ignoring max retries; 6 > 3
Jan  3 23:34:09 LabSZ sshd[10295]: pam_unix(sshd:auth): authentication failure; logname= uid=0 euid=0 tty=ssh ruser= rhost=59.63.188.30  user=root
Jan  3 23:34:11 LabSZ sshd[10295]: Failed password for root from 59.63.188.30 port 6554 ssh2
Jan  3 23:34:17 LabSZ sshd[10293]: message repeated 5 times: [ Failed password for root from 218.87.109.156 port 12212 ssh2]
Jan  3 23:34:17 LabSZ sshd[10293]: Disconnecting: Too many authentication failures for root [preauth]
Jan  3 23:34:17 LabSZ sshd[10293]: PAM 5 more authentication failures; logname= uid=0 euid=0 tty=ssh ruser= rhost=218.87.109.156  user=root
Jan  3 23:34:17 LabSZ sshd[10293]: PAM service(sshd) ignoring max retries; 6 > 3
Jan  3 23:34:18 LabSZ sshd[10297]: pam_unix(sshd:auth): authentication failure; logname= uid=0 euid=0 tty=ssh ruser= rhost=218.87.109.156  user=root
Jan  3 23:34:20 LabSZ sshd[10297]: Failed password for root from 218.87.109.156 port 4988 ssh2
Jan  3 23:34:24 LabSZ sshd[10295]: message repeated 5 times: [ Failed password for root from 59.63.188.30 port 6554 ssh2]
Jan  3 23:34:24 LabSZ sshd[10295]: Disconnecting: Too many authentication failures for root [preauth]
Jan  3 23:34:24 LabSZ sshd[10295]: PAM 5 more authentication failures; logname= uid=0 euid=0 tty=ssh ruser= rhost=59.63.188.30  user=root
Jan  3 23:34:24 LabSZ sshd[10295]: PAM service(sshd) ignoring max retries; 6 > 3
Jan  3 23:34:25 LabSZ sshd[10299]: pam_unix(sshd:auth): authentication failure; logname= uid=0 euid=0 tty=ssh ruser= rhost=59.63.188.30  user=root
Jan  3 23:34:26 LabSZ sshd[10301]: Invalid user usuario from 60.172.229.172
Jan  3 23:34:26 LabSZ sshd[10301]: input_userauth_request: invalid user usuario [preauth]
Jan  3 23:34:26 LabSZ sshd[10301]: pam_unix(sshd:auth): check pass; user unknown
Jan  3 23:34:26 LabSZ sshd[10301]: pam_unix(sshd:auth): authentication failure; logname= uid=0 euid=0 tty=ssh ruser= rhost=60.172.229.172 
Jan  3 23:34:27 LabSZ sshd[10299]: Failed password for root from 59.63.188.30 port 25059 ssh2
Jan  3 23:34:28 LabSZ sshd[10301]: Failed password for invalid user usuario from 60.172.229.172 port 47275 ssh2
Jan  3 23:34:28 LabSZ sshd[10301]: pam_unix(sshd:auth): check pass; user unknown
Jan  3 23:34:30 LabSZ sshd[10301]: Failed password for invalid user usuario from 60.172.229.172 port 47275 ssh2
Jan  3 23:34:31 LabSZ sshd[10301]: pam_unix(sshd:auth): check pass; user unknown
Jan  3 23:34:32 LabSZ sshd[10301]: Failed password for invalid user usuario from 60.172.229.172 port 47275 ssh2
Jan  3 23:34:32 LabSZ sshd[10301]: pam_unix(sshd:auth): check pass; user unknown
Jan  3 23:34:33 LabSZ sshd[10297]: message repeated 5 times: [ Failed password for root from 218.87.109.156 port 4988 ssh2]
Jan  3 23:34:33 LabSZ sshd[10297]: Disconnecting: Too many authentication failures for root [preauth]
Jan  3 23:34:33 LabSZ sshd[10297]: PAM 5 more authentication failures; logname= uid=0 euid=0 tty=ssh ruser= rhost=218.87.109.156  user=root
Jan  3 23:34:33 LabSZ sshd[10297]: PAM service(sshd) ignoring max retries; 6 > 3
Jan  3 23:34:34 LabSZ sshd[10301]: Failed password for invalid user usuario from 60.172.229.172 port 47275 ssh2
Jan  3 23:34:34 LabSZ sshd[10301]: pam_unix(sshd:auth): check pass; user unknown
Jan  3 23:34:34 LabSZ sshd[10303]: pam_unix(sshd:auth): authentication failure; logname= uid=0 euid=0 tty=ssh ruser= rhost=218.87.109.156  user=root
Jan  3 23:34:36 LabSZ sshd[10301]: Failed password for invalid user usuario from 60.172.229.172 port 47275 ssh2
Jan  3 23:34:36 LabSZ sshd[10301]: pam_unix(sshd:auth): check pass; user unknown
Jan  3 23:34:37 LabSZ sshd[10303]: Failed password for root from 218.87.109.156 port 43176 ssh2
Jan  3 23:34:38 LabSZ sshd[10301]: Failed password for invalid user usuario from 60.172.229.172 port 47275 ssh2
Jan  3 23:34:38 LabSZ sshd[10301]: Disconnecting: Too many authentication failures for usuario [preauth]
Jan  3 23:34:38 LabSZ sshd[10301]: PAM 5 more authentication failures; logname= uid=0 euid=0 tty=ssh ruser= rhost=60.172.229.172 
Jan  3 23:34:38 LabSZ sshd[10301]: PAM service(sshd) ignoring max retries; 6 > 3
Jan  3 23:34:40 LabSZ sshd[10299]: message repeated 5 times: [ Failed password for root from 59.63.188.30 port 25059 ssh2]
Jan  3 23:34:40 LabSZ sshd[10299]: Disconnecting: Too many authentication failures for root [preauth]
Jan  3 23:34:40 LabSZ sshd[10299]: PAM 5 more authentication failures; logname= uid=0 euid=0 tty=ssh ruser= rhost=59.63.188.30  user=root
Jan  3 23:34:40 LabSZ sshd[10299]: PAM service(sshd) ignoring max retries; 6 > 3
Jan  3 23:34:41 LabSZ sshd[10305]: pam_unix(sshd:auth): authentication failure; logname= uid=0 euid=0 tty=ssh ruser= rhost=59.63.188.30  user=root
Jan  3 23:34:44 LabSZ sshd[10305]: Failed password for root from 59.63.188.30 port 43331 ssh2
Jan  3 23:34:49 LabSZ sshd[10303]: message repeated 5 times: [ Failed password for root from 218.87.109.156 port 43176 ssh2]
Jan  3 23:34:49 LabSZ sshd[10303]: Disconnecting: Too many authentication failures for root [preauth]
Jan  3 23:34:49 LabSZ sshd[10303]: PAM 5 more authentication failures; logname= uid=0 euid=0 tty=ssh ruser= rhost=218.87.109.156  user=root
Jan  3 23:34:49 LabSZ sshd[10303]: PAM service(sshd) ignoring max retries; 6 > 3
Jan  3 23:34:51 LabSZ sshd[10307]: pam_unix(sshd:auth): authentication failure; logname= uid=0 euid=0 tty=ssh ruser= rhost=218.87.109.156  user=root
Jan  3 23:34:53 LabSZ sshd[10307]: Failed password for root from 218.87.109.156 port 16998 ssh2
Jan  3 23:34:56 LabSZ sshd[10305]: message repeated 5 times: [ Failed password for root from 59.63.188.30 port 43331 ssh2]
Jan  3 23:34:56 LabSZ sshd[10305]: Disconnecting: Too many authentication failures for root [preauth]
Jan  3 23:34:56 LabSZ sshd[10305]: PAM 5 more authentication failures; logname= uid=0 euid=0 tty=ssh ruser= rhost=59.63.188.30  user=root
Jan  3 23:34:56 LabSZ sshd[10305]: PAM service(sshd) ignoring max retries; 6 > 3
Jan  3 23:34:57 LabSZ sshd[10309]: pam_unix(sshd:auth): authentication failure; logname= uid=0 euid=0 tty=ssh ruser= rhost=59.63.188.30  user=root
Jan  3 23:35:00 LabSZ sshd[10309]: Failed password for root from 59.63.188.30 port 61672 ssh2
Jan  3 23:35:07 LabSZ sshd[10307]: message repeated 5 times: [ Failed password for root from 218.87.109.156 port 16998 ssh2]
Jan  3 23:35:07 LabSZ sshd[10307]: Disconnecting: Too many authentication failures for root [preauth]
Jan  3 23:35:07 LabSZ sshd[10307]: PAM 5 more authentication failures; logname= uid=0 euid=0 tty=ssh ruser= rhost=218.87.109.156  user=root
Jan  3 23:35:07 LabSZ sshd[10307]: PAM service(sshd) ignoring max retries; 6 > 3
Jan  3 23:35:08 LabSZ sshd[10311]: pam_unix(sshd:auth): authentication failure; logname= uid=0 euid=0 tty=ssh ruser= rhost=218.87.109.156  user=root
Jan  3 23:35:10 LabSZ sshd[10311]: Failed password for root from 218.87.109.156 port 57460 ssh2
Jan  3 23:35:12 LabSZ sshd[10309]: message repeated 5 times: [ Failed password for root from 59.63.188.30 port 61672 ssh2]
Jan  3 23:35:12 LabSZ sshd[10309]: Disconnecting: Too many authentication failures for root [preauth]
Jan  3 23:35:12 LabSZ sshd[10309]: PAM 5 more authentication failures; logname= uid=0 euid=0 tty=ssh ruser= rhost=59.63.188.30  user=root
Jan  3 23:35:12 LabSZ sshd[10309]: PAM service(sshd) ignoring max retries; 6 > 3
Jan  3 23:35:14 LabSZ sshd[10313]: pam_unix(sshd:auth): authentication failure; logname= uid=0 euid=0 tty=ssh ruser= rhost=59.63.188.30  user=root
Jan  3 23:35:15 LabSZ sshd[10313]: Failed password for root from 59.63.188.30 port 15454 ssh2
Jan  3 23:35:22 LabSZ sshd[10311]: message repeated 5 times: [ Failed password for root from 218.87.109.156 port 57460 ssh2]
Jan  3 23:35:22 LabSZ sshd[10311]: Disconnecting: Too many authentication failures for root [preauth]
Jan  3 23:35:22 LabSZ sshd[10311]: PAM 5 more authentication failures; logname= uid=0 euid=0 tty=ssh ruser= rhost=218.87.109.156  user=root
Jan  3 23:35:22 LabSZ sshd[10311]: PAM service(sshd) ignoring max retries; 6 > 3
Jan  3 23:35:24 LabSZ sshd[10315]: pam_unix(sshd:auth): authentication failure; logname= uid=0 euid=0 tty=ssh ruser= rhost=218.87.109.156  user=root
Jan  3 23:35:26 LabSZ sshd[10315]: Failed password for root from 218.87.109.156 port 29944 ssh2
Jan  3 23:35:28 LabSZ sshd[10313]: message repeated 5 times: [ Failed password for root from 59.63.188.30 port 15454 ssh2]
Jan  3 23:35:28 LabSZ sshd[10313]: Disconnecting: Too many authentication failures for root [preauth]
Jan  3 23:35:28 LabSZ sshd[10313]: PAM 5 more authentication failures; logname= uid=0 euid=0 tty=ssh ruser= rhost=59.63.188.30  user=root
Jan  3 23:35:28 LabSZ sshd[10313]: PAM service(sshd) ignoring max retries; 6 > 3
Jan  3 23:35:29 LabSZ sshd[10317]: pam_unix(sshd:auth): authentication failure; logname= uid=0 euid=0 tty=ssh ruser= rhost=59.63.188.30  user=root
Jan  3 23:35:31 LabSZ sshd[10317]: Failed password for root from 59.63.188.30 port 33024 ssh2
Jan  3 23:35:39 LabSZ sshd[10315]: message repeated 5 times: [ Failed password for root from 218.87.109.156 port 29944 ssh2]
Jan  3 23:35:39 LabSZ sshd[10315]: Disconnecting: Too many authentication failures for root [preauth]
Jan  3 23:35:39 LabSZ sshd[10315]: PAM 5 more authentication failures; logname= uid=0 euid=0 tty=ssh ruser= rhost=218.87.109.156  user=root
Jan  3 23:35:39 LabSZ sshd[10315]: PAM service(sshd) ignoring max retries; 6 > 3
Jan  3 23:35:41 LabSZ sshd[10319]: pam_unix(sshd:auth): authentication failure; logname= uid=0 euid=0 tty=ssh ruser= rhost=218.87.109.156  user=root
Jan  3 23:35:43 LabSZ sshd[10319]: Failed password for root from 218.87.109.156 port 4734 ssh2
Jan  3 23:35:44 LabSZ sshd[10317]: message repeated 5 times: [ Failed password for root from 59.63.188.30 port 33024 ssh2]
Jan  3 23:35:44 LabSZ sshd[10317]: Disconnecting: Too many authentication failures for root [preauth]
Jan  3 23:35:44 LabSZ sshd[10317]: PAM 5 more authentication failures; logname= uid=0 euid=0 tty=ssh ruser= rhost=59.63.188.30  user=root
Jan  3 23:35:44 LabSZ sshd[10317]: PAM service(sshd) ignoring max retries; 6 > 3
Jan  3 23:35:45 LabSZ sshd[10321]: pam_unix(sshd:auth): authentication failure; logname= uid=0 euid=0 tty=ssh ruser= rhost=59.63.188.30  user=root
Jan  3 23:35:47 LabSZ sshd[10321]: Failed password for root from 59.63.188.30 port 51070 ssh2
Jan  3 23:35:56 LabSZ sshd[10319]: message repeated 5 times: [ Failed password for root from 218.87.109.156 port 4734 ssh2]
Jan  3 23:35:56 LabSZ sshd[10319]: Disconnecting: Too many authentication failures for root [preauth]
