Jan  4 06:48:01 LabSZ sshd[21402]: pam_unix(sshd:auth): check pass; user unknown
Jan  4 06:48:01 LabSZ sshd[21444]: pam_unix(sshd:auth): authentication failure; logname= uid=0 euid=0 tty=ssh ruser= rhost=218.87.109.156  user=root
Jan  4 06:48:02 LabSZ sshd[21438]: message repeated 5 times: [ Failed password for root from 59.63.188.30 port 52635 ssh2]
Jan  4 06:48:02 LabSZ sshd[21438]: Disconnecting: Too many authentication failures for root [preauth]
Jan  4 06:48:02 LabSZ sshd[21438]: PAM 5 more authentication failures; logname= uid=0 euid=0 tty=ssh ruser= rhost=59.63.188.30  user=root
Jan  4 06:48:02 LabSZ sshd[21438]: PAM service(sshd) ignoring max retries; 6 > 3
Jan  4 06:48:03 LabSZ sshd[21402]: Failed password for invalid user admin from 185.222.209.151 port 53705 ssh2
Jan  4 06:48:03 LabSZ sshd[21444]: Failed password for root from 218.87.109.156 port 50560 ssh2
Jan  4 06:48:03 LabSZ sshd[21446]: pam_unix(sshd:auth): authentication failure; logname= uid=0 euid=0 tty=ssh ruser= rhost=59.63.188.30  user=root
Jan  4 06:48:05 LabSZ sshd[21440]: message repeated 5 times: [ Failed password for root from 59.63.188.30 port 52994 ssh2]
Jan  4 06:48:05 LabSZ sshd[21440]: Disconnecting: Too many authentication failures for root [preauth]
Jan  4 06:48:05 LabSZ sshd[21440]: PAM 5 more authentication failures; logname= uid=0 euid=0 tty=ssh ruser= rhost=59.63.188.30  user=root
Jan  4 06:48:05 LabSZ sshd[21440]: PAM service(sshd) ignoring max retries; 6 > 3
Jan  4 06:48:05 LabSZ sshd[21446]: Failed password for root from 59.63.188.30 port 62805 ssh2
Jan  4 06:48:09 LabSZ sshd[21402]: pam_unix(sshd:auth): check pass; user unknown
Jan  4 06:48:09 LabSZ sshd[21448]: pam_unix(sshd:auth): authentication failure; logname= uid=0 euid=0 tty=ssh ruser= rhost=59.63.188.30  user=root
Jan  4 06:48:12 LabSZ sshd[21402]: Failed password for invalid user admin from 185.222.209.151 port 53705 ssh2
Jan  4 06:48:12 LabSZ sshd[21442]: message repeated 5 times: [ Failed password for root from 182.100.67.52 port 13900 ssh2]
Jan  4 06:48:12 LabSZ sshd[21442]: Disconnecting: Too many authentication failures for root [preauth]
Jan  4 06:48:12 LabSZ sshd[21442]: PAM 5 more authentication failures; logname= uid=0 euid=0 tty=ssh ruser= rhost=182.100.67.52  user=root
Jan  4 06:48:12 LabSZ sshd[21442]: PAM service(sshd) ignoring max retries; 6 > 3
Jan  4 06:48:12 LabSZ sshd[21448]: Failed password for root from 59.63.188.30 port 9249 ssh2
Jan  4 06:48:14 LabSZ sshd[21450]: pam_unix(sshd:auth): authentication failure; logname= uid=0 euid=0 tty=ssh ruser= rhost=182.100.67.52  user=root
Jan  4 06:48:16 LabSZ sshd[21444]: message repeated 5 times: [ Failed password for root from 218.87.109.156 port 50560 ssh2]
Jan  4 06:48:16 LabSZ sshd[21444]: Disconnecting: Too many authentication failures for root [preauth]
Jan  4 06:48:16 LabSZ sshd[21444]: PAM 5 more authentication failures; logname= uid=0 euid=0 tty=ssh ruser= rhost=218.87.109.156  user=root
Jan  4 06:48:16 LabSZ sshd[21444]: PAM service(sshd) ignoring max retries; 6 > 3
Jan  4 06:48:16 LabSZ sshd[21450]: Failed password for root from 182.100.67.52 port 60844 ssh2
Jan  4 06:48:18 LabSZ sshd[21452]: pam_unix(sshd:auth): authentication failure; logname= uid=0 euid=0 tty=ssh ruser= rhost=218.87.109.156  user=root
Jan  4 06:48:19 LabSZ sshd[21446]: message repeated 5 times: [ Failed password for root from 59.63.188.30 port 62805 ssh2]
Jan  4 06:48:19 LabSZ sshd[21446]: Disconnecting: Too many authentication failures for root [preauth]
Jan  4 06:48:19 LabSZ sshd[21446]: PAM 5 more authentication failures; logname= uid=0 euid=0 tty=ssh ruser= rhost=59.63.188.30  user=root
Jan  4 06:48:19 LabSZ sshd[21446]: PAM service(sshd) ignoring max retries; 6 > 3
Jan  4 06:48:20 LabSZ sshd[21452]: Failed password for root from 218.87.109.156 port 18456 ssh2
Jan  4 06:48:20 LabSZ sshd[21454]: pam_unix(sshd:auth): authentication failure; logname= uid=0 euid=0 tty=ssh ruser= rhost=59.63.188.30  user=root
Jan  4 06:48:22 LabSZ sshd[21402]: Connection closed by 185.222.209.151 [preauth]
Jan  4 06:48:22 LabSZ sshd[21402]: PAM 4 more authentication failures; logname= uid=0 euid=0 tty=ssh ruser= rhost=185.222.209.151 
Jan  4 06:48:22 LabSZ sshd[21402]: PAM service(sshd) ignoring max retries; 5 > 3
Jan  4 06:48:23 LabSZ sshd[21454]: Failed password for root from 59.63.188.30 port 19666 ssh2
Jan  4 06:48:26 LabSZ sshd[21448]: message repeated 5 times: [ Failed password for root from 59.63.188.30 port 9249 ssh2]
Jan  4 06:48:26 LabSZ sshd[21448]: Disconnecting: Too many authentication failures for root [preauth]
Jan  4 06:48:26 LabSZ sshd[21448]: PAM 5 more authentication failures; logname= uid=0 euid=0 tty=ssh ruser= rhost=59.63.188.30  user=root
Jan  4 06:48:26 LabSZ sshd[21448]: PAM service(sshd) ignoring max retries; 6 > 3
Jan  4 06:48:27 LabSZ sshd[21457]: pam_unix(sshd:auth): authentication failure; logname= uid=0 euid=0 tty=ssh ruser= rhost=59.63.188.30  user=root
Jan  4 06:48:29 LabSZ sshd[21457]: Failed password for root from 59.63.188.30 port 24895 ssh2
Jan  4 06:48:30 LabSZ sshd[21450]: message repeated 5 times: [ Failed password for root from 182.100.67.52 port 60844 ssh2]
Jan  4 06:48:30 LabSZ sshd[21450]: Disconnecting: Too many authentication failures for root [preauth]
Jan  4 06:48:30 LabSZ sshd[21450]: PAM 5 more authentication failures; logname= uid=0 euid=0 tty=ssh ruser= rhost=182.100.67.52  user=root
Jan  4 06:48:30 LabSZ sshd[21450]: PAM service(sshd) ignoring max retries; 6 > 3
Jan  4 06:48:34 LabSZ sshd[21459]: pam_unix(sshd:auth): authentication failure; logname= uid=0 euid=0 tty=ssh ruser= rhost=182.100.67.52  user=root
Jan  4 06:48:34 LabSZ sshd[21452]: message repeated 5 times: [ Failed password for root from 218.87.109.156 port 18456 ssh2]
Jan  4 06:48:34 LabSZ sshd[21452]: Disconnecting: Too many authentication failures for root [preauth]
Jan  4 06:48:34 LabSZ sshd[21452]: PAM 5 more authentication failures; logname= uid=0 euid=0 tty=ssh ruser= rhost=218.87.109.156  user=root
Jan  4 06:48:34 LabSZ sshd[21452]: PAM service(sshd) ignoring max retries; 6 > 3
Jan  4 06:48:35 LabSZ sshd[21454]: message repeated 5 times: [ Failed password for root from 59.63.188.30 port 19666 ssh2]
Jan  4 06:48:35 LabSZ sshd[21454]: Disconnecting: Too many authentication failures for root [preauth]
Jan  4 06:48:35 LabSZ sshd[21454]: PAM 5 more authentication failures; logname= uid=0 euid=0 tty=ssh ruser= rhost=59.63.188.30  user=root
Jan  4 06:48:35 LabSZ sshd[21454]: PAM service(sshd) ignoring max retries; 6 > 3
Jan  4 06:48:35 LabSZ sshd[21459]: Failed password for root from 182.100.67.52 port 33018 ssh2
Jan  4 06:48:36 LabSZ sshd[21461]: pam_unix(sshd:auth): authentication failure; logname= uid=0 euid=0 tty=ssh ruser= rhost=218.87.109.156  user=root
Jan  4 06:48:37 LabSZ sshd[21463]: pam_unix(sshd:auth): authentication failure; logname= uid=0 euid=0 tty=ssh ruser= rhost=59.63.188.30  user=root
Jan  4 06:48:38 LabSZ sshd[21461]: Failed password for root from 218.87.109.156 port 54968 ssh2
Jan  4 06:48:39 LabSZ sshd[21463]: Failed password for root from 59.63.188.30 port 40665 ssh2
Jan  4 06:48:47 LabSZ sshd[21457]: message repeated 5 times: [ Failed password for root from 59.63.188.30 port 24895 ssh2]
Jan  4 06:48:47 LabSZ sshd[21457]: Disconnecting: Too many authentication failures for root [preauth]
Jan  4 06:48:47 LabSZ sshd[21457]: PAM 5 more authentication failures; logname= uid=0 euid=0 tty=ssh ruser= rhost=59.63.188.30  user=root
Jan  4 06:48:47 LabSZ sshd[21457]: PAM service(sshd) ignoring max retries; 6 > 3
Jan  4 06:48:48 LabSZ sshd[21465]: pam_unix(sshd:auth): authentication failure; logname= uid=0 euid=0 tty=ssh ruser= rhost=59.63.188.30  user=root
Jan  4 06:48:49 LabSZ sshd[21456]: Did not receive identification string from 185.222.209.151
Jan  4 06:48:50 LabSZ sshd[21459]: message repeated 5 times: [ Failed password for root from 182.100.67.52 port 33018 ssh2]
Jan  4 06:48:50 LabSZ sshd[21459]: Disconnecting: Too many authentication failures for root [preauth]
Jan  4 06:48:50 LabSZ sshd[21459]: PAM 5 more authentication failures; logname= uid=0 euid=0 tty=ssh ruser= rhost=182.100.67.52  user=root
Jan  4 06:48:50 LabSZ sshd[21459]: PAM service(sshd) ignoring max retries; 6 > 3
Jan  4 06:48:50 LabSZ sshd[21465]: Failed password for root from 59.63.188.30 port 46885 ssh2
Jan  4 06:48:50 LabSZ sshd[21461]: message repeated 5 times: [ Failed password for root from 218.87.109.156 port 54968 ssh2]
Jan  4 06:48:50 LabSZ sshd[21461]: Disconnecting: Too many authentication failures for root [preauth]
Jan  4 06:48:50 LabSZ sshd[21461]: PAM 5 more authentication failures; logname= uid=0 euid=0 tty=ssh ruser= rhost=218.87.109.156  user=root
Jan  4 06:48:50 LabSZ sshd[21461]: PAM service(sshd) ignoring max retries; 6 > 3
Jan  4 06:48:52 LabSZ sshd[21467]: pam_unix(sshd:auth): authentication failure; logname= uid=0 euid=0 tty=ssh ruser= rhost=218.87.109.156  user=root
Jan  4 06:48:53 LabSZ sshd[21463]: message repeated 5 times: [ Failed password for root from 59.63.188.30 port 40665 ssh2]
Jan  4 06:48:53 LabSZ sshd[21463]: Disconnecting: Too many authentication failures for root [preauth]
Jan  4 06:48:53 LabSZ sshd[21463]: PAM 5 more authentication failures; logname= uid=0 euid=0 tty=ssh ruser= rhost=59.63.188.30  user=root
Jan  4 06:48:53 LabSZ sshd[21463]: PAM service(sshd) ignoring max retries; 6 > 3
Jan  4 06:48:54 LabSZ sshd[21467]: Failed password for root from 218.87.109.156 port 23198 ssh2
Jan  4 06:48:55 LabSZ sshd[21469]: pam_unix(sshd:auth): authentication failure; logname= uid=0 euid=0 tty=ssh ruser= rhost=182.100.67.52  user=root
Jan  4 06:48:56 LabSZ sshd[21471]: pam_unix(sshd:auth): authentication failure; logname= uid=0 euid=0 tty=ssh ruser= rhost=59.63.188.30  user=root
Jan  4 06:48:57 LabSZ sshd[21469]: Failed password for root from 182.100.67.52 port 11852 ssh2
Jan  4 06:48:59 LabSZ sshd[21471]: Failed password for root from 59.63.188.30 port 62813 ssh2
Jan  4 06:49:03 LabSZ sshd[21465]: message repeated 5 times: [ Failed password for root from 59.63.188.30 port 46885 ssh2]
Jan  4 06:49:03 LabSZ sshd[21465]: Disconnecting: Too many authentication failures for root [preauth]
Jan  4 06:49:03 LabSZ sshd[21465]: PAM 5 more authentication failures; logname= uid=0 euid=0 tty=ssh ruser= rhost=59.63.188.30  user=root
Jan  4 06:49:03 LabSZ sshd[21465]: PAM service(sshd) ignoring max retries; 6 > 3
Jan  4 06:49:04 LabSZ sshd[21473]: pam_unix(sshd:auth): authentication failure; logname= uid=0 euid=0 tty=ssh ruser= rhost=59.63.188.30  user=root
Jan  4 06:49:06 LabSZ sshd[21473]: Failed password for root from 59.63.188.30 port 3536 ssh2
Jan  4 06:49:06 LabSZ sshd[21467]: message repeated 5 times: [ Failed password for root from 218.87.109.156 port 23198 ssh2]
Jan  4 06:49:06 LabSZ sshd[21467]: Disconnecting: Too many authentication failures for root [preauth]
Jan  4 06:49:06 LabSZ sshd[21467]: PAM 5 more authentication failures; logname= uid=0 euid=0 tty=ssh ruser= rhost=218.87.109.156  user=root
Jan  4 06:49:06 LabSZ sshd[21467]: PAM service(sshd) ignoring max retries; 6 > 3
Jan  4 06:49:08 LabSZ sshd[21475]: pam_unix(sshd:auth): authentication failure; logname= uid=0 euid=0 tty=ssh ruser= rhost=218.87.109.156  user=root
Jan  4 06:49:10 LabSZ sshd[21475]: Failed password for root from 218.87.109.156 port 54308 ssh2
