Jan  4 16:53:07 LabSZ sshd[3169]: Failed password for invalid user admin from 218.4.104.194 port 25949 ssh2
Jan  4 16:53:07 LabSZ sshd[3169]: Received disconnect from 218.4.104.194: 11: Bye Bye [preauth]
Jan  4 16:53:07 LabSZ sshd[3173]: pam_unix(sshd:auth): authentication failure; logname= uid=0 euid=0 tty=ssh ruser= rhost=218.4.104.194  user=root
Jan  4 16:53:08 LabSZ sshd[3171]: Failed password for root from 59.63.188.30 port 41794 ssh2
Jan  4 16:53:10 LabSZ sshd[3173]: Failed password for root from 218.4.104.194 port 26251 ssh2
Jan  4 16:53:10 LabSZ sshd[3173]: Received disconnect from 218.4.104.194: 11: Bye Bye [preauth]
Jan  4 16:53:10 LabSZ sshd[3175]: pam_unix(sshd:auth): authentication failure; logname= uid=0 euid=0 tty=ssh ruser= rhost=218.4.104.194  user=root
Jan  4 16:53:13 LabSZ sshd[3175]: Failed password for root from 218.4.104.194 port 26587 ssh2
Jan  4 16:53:13 LabSZ sshd[3175]: Received disconnect from 218.4.104.194: 11: Bye Bye [preauth]
Jan  4 16:53:13 LabSZ sshd[3161]: message repeated 5 times: [ Failed password for root from 59.63.188.30 port 31154 ssh2]
Jan  4 16:53:13 LabSZ sshd[3161]: Disconnecting: Too many authentication failures for root [preauth]
Jan  4 16:53:13 LabSZ sshd[3161]: PAM 5 more authentication failures; logname= uid=0 euid=0 tty=ssh ruser= rhost=59.63.188.30  user=root
Jan  4 16:53:13 LabSZ sshd[3161]: PAM service(sshd) ignoring max retries; 6 > 3
Jan  4 16:53:13 LabSZ sshd[3177]: Invalid user test from 218.4.104.194
Jan  4 16:53:13 LabSZ sshd[3177]: input_userauth_request: invalid user test [preauth]
Jan  4 16:53:13 LabSZ sshd[3177]: pam_unix(sshd:auth): check pass; user unknown
Jan  4 16:53:13 LabSZ sshd[3177]: pam_unix(sshd:auth): authentication failure; logname= uid=0 euid=0 tty=ssh ruser= rhost=218.4.104.194 
Jan  4 16:53:14 LabSZ sshd[3179]: pam_unix(sshd:auth): authentication failure; logname= uid=0 euid=0 tty=ssh ruser= rhost=59.63.188.30  user=root
Jan  4 16:53:15 LabSZ sshd[3177]: Failed password for invalid user test from 218.4.104.194 port 26915 ssh2
Jan  4 16:53:15 LabSZ sshd[3177]: Received disconnect from 218.4.104.194: 11: Bye Bye [preauth]
Jan  4 16:53:16 LabSZ sshd[3181]: Invalid user test from 218.4.104.194
Jan  4 16:53:16 LabSZ sshd[3181]: input_userauth_request: invalid user test [preauth]
Jan  4 16:53:16 LabSZ sshd[3181]: pam_unix(sshd:auth): check pass; user unknown
Jan  4 16:53:16 LabSZ sshd[3181]: pam_unix(sshd:auth): authentication failure; logname= uid=0 euid=0 tty=ssh ruser= rhost=218.4.104.194 
Jan  4 16:53:17 LabSZ sshd[3179]: Failed password for root from 59.63.188.30 port 52247 ssh2
Jan  4 16:53:18 LabSZ sshd[3181]: Failed password for invalid user test from 218.4.104.194 port 27177 ssh2
Jan  4 16:53:18 LabSZ sshd[3181]: Received disconnect from 218.4.104.194: 11: Bye Bye [preauth]
Jan  4 16:53:18 LabSZ sshd[3184]: Invalid user webmaster from 218.4.104.194
Jan  4 16:53:18 LabSZ sshd[3184]: input_userauth_request: invalid user webmaster [preauth]
Jan  4 16:53:18 LabSZ sshd[3184]: pam_unix(sshd:auth): check pass; user unknown
Jan  4 16:53:18 LabSZ sshd[3184]: pam_unix(sshd:auth): authentication failure; logname= uid=0 euid=0 tty=ssh ruser= rhost=218.4.104.194 
Jan  4 16:53:20 LabSZ sshd[3183]: Invalid user  0101 from 5.188.10.156
Jan  4 16:53:20 LabSZ sshd[3183]: input_userauth_request: invalid user  0101 [preauth]
Jan  4 16:53:20 LabSZ sshd[3183]: pam_unix(sshd:auth): check pass; user unknown
Jan  4 16:53:20 LabSZ sshd[3183]: pam_unix(sshd:auth): authentication failure; logname= uid=0 euid=0 tty=ssh ruser= rhost=5.188.10.156 
Jan  4 16:53:20 LabSZ sshd[3184]: Failed password for invalid user webmaster from 218.4.104.194 port 27449 ssh2
Jan  4 16:53:20 LabSZ sshd[3184]: Received disconnect from 218.4.104.194: 11: Bye Bye [preauth]
Jan  4 16:53:20 LabSZ sshd[3187]: Invalid user username from 218.4.104.194
Jan  4 16:53:20 LabSZ sshd[3187]: input_userauth_request: invalid user username [preauth]
Jan  4 16:53:20 LabSZ sshd[3187]: pam_unix(sshd:auth): check pass; user unknown
Jan  4 16:53:20 LabSZ sshd[3187]: pam_unix(sshd:auth): authentication failure; logname= uid=0 euid=0 tty=ssh ruser= rhost=218.4.104.194 
Jan  4 16:53:21 LabSZ sshd[3171]: message repeated 5 times: [ Failed password for root from 59.63.188.30 port 41794 ssh2]
Jan  4 16:53:21 LabSZ sshd[3171]: Disconnecting: Too many authentication failures for root [preauth]
Jan  4 16:53:21 LabSZ sshd[3171]: PAM 5 more authentication failures; logname= uid=0 euid=0 tty=ssh ruser= rhost=59.63.188.30  user=root
Jan  4 16:53:21 LabSZ sshd[3171]: PAM service(sshd) ignoring max retries; 6 > 3
Jan  4 16:53:22 LabSZ sshd[3183]: Failed password for invalid user  0101 from 5.188.10.156 port 44710 ssh2
Jan  4 16:53:23 LabSZ sshd[3187]: Failed password for invalid user username from 218.4.104.194 port 27703 ssh2
Jan  4 16:53:23 LabSZ sshd[3187]: Received disconnect from 218.4.104.194: 11: Bye Bye [preauth]
Jan  4 16:53:23 LabSZ sshd[3189]: pam_unix(sshd:auth): authentication failure; logname= uid=0 euid=0 tty=ssh ruser= rhost=59.63.188.30  user=root
Jan  4 16:53:23 LabSZ sshd[3191]: Invalid user user from 218.4.104.194
Jan  4 16:53:23 LabSZ sshd[3191]: input_userauth_request: invalid user user [preauth]
Jan  4 16:53:23 LabSZ sshd[3191]: pam_unix(sshd:auth): check pass; user unknown
Jan  4 16:53:23 LabSZ sshd[3191]: pam_unix(sshd:auth): authentication failure; logname= uid=0 euid=0 tty=ssh ruser= rhost=218.4.104.194 
Jan  4 16:53:23 LabSZ sshd[3183]: Connection closed by 5.188.10.156 [preauth]
Jan  4 16:53:25 LabSZ sshd[3189]: Failed password for root from 59.63.188.30 port 62255 ssh2
Jan  4 16:53:25 LabSZ sshd[3191]: Failed password for invalid user user from 218.4.104.194 port 27987 ssh2
Jan  4 16:53:25 LabSZ sshd[3191]: Received disconnect from 218.4.104.194: 11: Bye Bye [preauth]
Jan  4 16:53:26 LabSZ sshd[3194]: pam_unix(sshd:auth): authentication failure; logname= uid=0 euid=0 tty=ssh ruser= rhost=218.4.104.194  user=root
Jan  4 16:53:28 LabSZ sshd[3193]: Invalid user 0 from 5.188.10.156
Jan  4 16:53:28 LabSZ sshd[3193]: input_userauth_request: invalid user 0 [preauth]
Jan  4 16:53:28 LabSZ sshd[3193]: Failed none for invalid user 0 from 5.188.10.156 port 57476 ssh2
Jan  4 16:53:28 LabSZ sshd[3194]: Failed password for root from 218.4.104.194 port 28275 ssh2
Jan  4 16:53:28 LabSZ sshd[3194]: Received disconnect from 218.4.104.194: 11: Bye Bye [preauth]
Jan  4 16:53:28 LabSZ sshd[3193]: pam_unix(sshd:auth): check pass; user unknown
Jan  4 16:53:28 LabSZ sshd[3193]: pam_unix(sshd:auth): authentication failure; logname= uid=0 euid=0 tty=ssh ruser= rhost=5.188.10.156 
Jan  4 16:53:29 LabSZ sshd[3197]: Invalid user admin from 218.4.104.194
Jan  4 16:53:29 LabSZ sshd[3197]: input_userauth_request: invalid user admin [preauth]
Jan  4 16:53:29 LabSZ sshd[3197]: pam_unix(sshd:auth): check pass; user unknown
Jan  4 16:53:29 LabSZ sshd[3197]: pam_unix(sshd:auth): authentication failure; logname= uid=0 euid=0 tty=ssh ruser= rhost=218.4.104.194 
Jan  4 16:53:30 LabSZ sshd[3179]: message repeated 5 times: [ Failed password for root from 59.63.188.30 port 52247 ssh2]
Jan  4 16:53:30 LabSZ sshd[3179]: Disconnecting: Too many authentication failures for root [preauth]
Jan  4 16:53:30 LabSZ sshd[3179]: PAM 5 more authentication failures; logname= uid=0 euid=0 tty=ssh ruser= rhost=59.63.188.30  user=root
Jan  4 16:53:30 LabSZ sshd[3179]: PAM service(sshd) ignoring max retries; 6 > 3
Jan  4 16:53:30 LabSZ sshd[3193]: Failed password for invalid user 0 from 5.188.10.156 port 57476 ssh2
Jan  4 16:53:30 LabSZ sshd[3197]: Failed password for invalid user admin from 218.4.104.194 port 28629 ssh2
Jan  4 16:53:31 LabSZ sshd[3197]: Received disconnect from 218.4.104.194: 11: Bye Bye [preauth]
Jan  4 16:53:31 LabSZ sshd[3199]: Invalid user test from 218.4.104.194
Jan  4 16:53:31 LabSZ sshd[3199]: input_userauth_request: invalid user test [preauth]
Jan  4 16:53:31 LabSZ sshd[3199]: pam_unix(sshd:auth): check pass; user unknown
Jan  4 16:53:31 LabSZ sshd[3199]: pam_unix(sshd:auth): authentication failure; logname= uid=0 euid=0 tty=ssh ruser= rhost=218.4.104.194 
Jan  4 16:53:31 LabSZ sshd[3193]: Connection closed by 5.188.10.156 [preauth]
Jan  4 16:53:31 LabSZ sshd[3201]: pam_unix(sshd:auth): authentication failure; logname= uid=0 euid=0 tty=ssh ruser= rhost=59.63.188.30  user=root
Jan  4 16:53:33 LabSZ sshd[3199]: Failed password for invalid user test from 218.4.104.194 port 28885 ssh2
Jan  4 16:53:33 LabSZ sshd[3199]: Received disconnect from 218.4.104.194: 11: Bye Bye [preauth]
Jan  4 16:53:34 LabSZ sshd[3201]: Failed password for root from 59.63.188.30 port 7393 ssh2
Jan  4 16:53:34 LabSZ sshd[3205]: pam_unix(sshd:auth): authentication failure; logname= uid=0 euid=0 tty=ssh ruser= rhost=218.4.104.194  user=root
Jan  4 16:53:34 LabSZ sshd[3203]: Invalid user 1234 from 5.188.10.156
Jan  4 16:53:34 LabSZ sshd[3203]: input_userauth_request: invalid user 1234 [preauth]
Jan  4 16:53:34 LabSZ sshd[3203]: pam_unix(sshd:auth): check pass; user unknown
Jan  4 16:53:34 LabSZ sshd[3203]: pam_unix(sshd:auth): authentication failure; logname= uid=0 euid=0 tty=ssh ruser= rhost=5.188.10.156 
Jan  4 16:53:36 LabSZ sshd[3205]: Failed password for root from 218.4.104.194 port 29193 ssh2
Jan  4 16:53:37 LabSZ sshd[3205]: Received disconnect from 218.4.104.194: 11: Bye Bye [preauth]
Jan  4 16:53:37 LabSZ sshd[3207]: pam_unix(sshd:auth): authentication failure; logname= uid=0 euid=0 tty=ssh ruser= rhost=218.4.104.194  user=root
Jan  4 16:53:37 LabSZ sshd[3203]: Failed password for invalid user 1234 from 5.188.10.156 port 59548 ssh2
Jan  4 16:53:37 LabSZ sshd[3203]: Connection closed by 5.188.10.156 [preauth]
Jan  4 16:53:39 LabSZ sshd[3207]: Failed password for root from 218.4.104.194 port 29501 ssh2
Jan  4 16:53:39 LabSZ sshd[3207]: Received disconnect from 218.4.104.194: 11: Bye Bye [preauth]
Jan  4 16:53:39 LabSZ sshd[3189]: message repeated 5 times: [ Failed password for root from 59.63.188.30 port 62255 ssh2]
Jan  4 16:53:39 LabSZ sshd[3189]: Disconnecting: Too many authentication failures for root [preauth]
Jan  4 16:53:39 LabSZ sshd[3189]: PAM 5 more authentication failures; logname= uid=0 euid=0 tty=ssh ruser= rhost=59.63.188.30  user=root
