Jan  4 01:21:33 LabSZ sshd[12056]: PAM service(sshd) ignoring max retries; 6 > 3
Jan  4 01:21:38 LabSZ sshd[12060]: pam_unix(sshd:auth): authentication failure; logname= uid=0 euid=0 tty=ssh ruser= rhost=218.87.109.156  user=root
Jan  4 01:21:40 LabSZ sshd[12060]: Failed password for root from 218.87.109.156 port 34636 ssh2
Jan  4 01:21:43 LabSZ sshd[12058]: message repeated 5 times: [ Failed password for root from 59.63.188.30 port 53595 ssh2]
Jan  4 01:21:43 LabSZ sshd[12058]: Disconnecting: Too many authentication failures for root [preauth]
Jan  4 01:21:43 LabSZ sshd[12058]: PAM 5 more authentication failures; logname= uid=0 euid=0 tty=ssh ruser= rhost=59.63.188.30  user=root
Jan  4 01:21:43 LabSZ sshd[12058]: PAM service(sshd) ignoring max retries; 6 > 3
Jan  4 01:21:45 LabSZ sshd[12062]: pam_unix(sshd:auth): authentication failure; logname= uid=0 euid=0 tty=ssh ruser= rhost=59.63.188.30  user=root
Jan  4 01:21:47 LabSZ sshd[12062]: Failed password for root from 59.63.188.30 port 9310 ssh2
Jan  4 01:21:53 LabSZ sshd[12060]: message repeated 5 times: [ Failed password for root from 218.87.109.156 port 34636 ssh2]
Jan  4 01:21:53 LabSZ sshd[12060]: Disconnecting: Too many authentication failures for root [preauth]
Jan  4 01:21:53 LabSZ sshd[12060]: PAM 5 more authentication failures; logname= uid=0 euid=0 tty=ssh ruser= rhost=218.87.109.156  user=root
Jan  4 01:21:53 LabSZ sshd[12060]: PAM service(sshd) ignoring max retries; 6 > 3
Jan  4 01:21:54 LabSZ sshd[12064]: pam_unix(sshd:auth): authentication failure; logname= uid=0 euid=0 tty=ssh ruser= rhost=218.87.109.156  user=root
Jan  4 01:21:55 LabSZ sshd[12064]: Failed password for root from 218.87.109.156 port 16298 ssh2
Jan  4 01:21:59 LabSZ sshd[12062]: message repeated 5 times: [ Failed password for root from 59.63.188.30 port 9310 ssh2]
Jan  4 01:21:59 LabSZ sshd[12062]: Disconnecting: Too many authentication failures for root [preauth]
Jan  4 01:21:59 LabSZ sshd[12062]: PAM 5 more authentication failures; logname= uid=0 euid=0 tty=ssh ruser= rhost=59.63.188.30  user=root
Jan  4 01:21:59 LabSZ sshd[12062]: PAM service(sshd) ignoring max retries; 6 > 3
Jan  4 01:22:01 LabSZ sshd[12066]: pam_unix(sshd:auth): authentication failure; logname= uid=0 euid=0 tty=ssh ruser= rhost=59.63.188.30  user=root
Jan  4 01:22:02 LabSZ sshd[12066]: Failed password for root from 59.63.188.30 port 29504 ssh2
Jan  4 01:22:08 LabSZ sshd[12064]: message repeated 5 times: [ Failed password for root from 218.87.109.156 port 16298 ssh2]
Jan  4 01:22:08 LabSZ sshd[12064]: Disconnecting: Too many authentication failures for root [preauth]
Jan  4 01:22:08 LabSZ sshd[12064]: PAM 5 more authentication failures; logname= uid=0 euid=0 tty=ssh ruser= rhost=218.87.109.156  user=root
Jan  4 01:22:08 LabSZ sshd[12064]: PAM service(sshd) ignoring max retries; 6 > 3
Jan  4 01:22:09 LabSZ sshd[12068]: pam_unix(sshd:auth): authentication failure; logname= uid=0 euid=0 tty=ssh ruser= rhost=218.87.109.156  user=root
Jan  4 01:22:11 LabSZ sshd[12068]: Failed password for root from 218.87.109.156 port 51868 ssh2
Jan  4 01:22:14 LabSZ sshd[12066]: message repeated 5 times: [ Failed password for root from 59.63.188.30 port 29504 ssh2]
Jan  4 01:22:14 LabSZ sshd[12066]: Disconnecting: Too many authentication failures for root [preauth]
Jan  4 01:22:14 LabSZ sshd[12066]: PAM 5 more authentication failures; logname= uid=0 euid=0 tty=ssh ruser= rhost=59.63.188.30  user=root
Jan  4 01:22:14 LabSZ sshd[12066]: PAM service(sshd) ignoring max retries; 6 > 3
Jan  4 01:22:15 LabSZ sshd[12070]: pam_unix(sshd:auth): authentication failure; logname= uid=0 euid=0 tty=ssh ruser= rhost=59.63.188.30  user=root
Jan  4 01:22:17 LabSZ sshd[12070]: Failed password for root from 59.63.188.30 port 48432 ssh2
Jan  4 01:22:24 LabSZ sshd[12068]: message repeated 5 times: [ Failed password for root from 218.87.109.156 port 51868 ssh2]
Jan  4 01:22:24 LabSZ sshd[12068]: Disconnecting: Too many authentication failures for root [preauth]
Jan  4 01:22:24 LabSZ sshd[12068]: PAM 5 more authentication failures; logname= uid=0 euid=0 tty=ssh ruser= rhost=218.87.109.156  user=root
Jan  4 01:22:24 LabSZ sshd[12068]: PAM service(sshd) ignoring max retries; 6 > 3
Jan  4 01:22:28 LabSZ sshd[12072]: pam_unix(sshd:auth): authentication failure; logname= uid=0 euid=0 tty=ssh ruser= rhost=218.87.109.156  user=root
Jan  4 01:22:29 LabSZ sshd[12070]: message repeated 5 times: [ Failed password for root from 59.63.188.30 port 48432 ssh2]
Jan  4 01:22:29 LabSZ sshd[12070]: Disconnecting: Too many authentication failures for root [preauth]
Jan  4 01:22:29 LabSZ sshd[12070]: PAM 5 more authentication failures; logname= uid=0 euid=0 tty=ssh ruser= rhost=59.63.188.30  user=root
Jan  4 01:22:29 LabSZ sshd[12070]: PAM service(sshd) ignoring max retries; 6 > 3
Jan  4 01:22:30 LabSZ sshd[12072]: Failed password for root from 218.87.109.156 port 24492 ssh2
Jan  4 01:22:30 LabSZ sshd[12074]: pam_unix(sshd:auth): authentication failure; logname= uid=0 euid=0 tty=ssh ruser= rhost=59.63.188.30  user=root
Jan  4 01:22:32 LabSZ sshd[12074]: Failed password for root from 59.63.188.30 port 2815 ssh2
Jan  4 01:22:44 LabSZ sshd[12072]: message repeated 5 times: [ Failed password for root from 218.87.109.156 port 24492 ssh2]
Jan  4 01:22:44 LabSZ sshd[12072]: Disconnecting: Too many authentication failures for root [preauth]
Jan  4 01:22:44 LabSZ sshd[12072]: PAM 5 more authentication failures; logname= uid=0 euid=0 tty=ssh ruser= rhost=218.87.109.156  user=root
Jan  4 01:22:44 LabSZ sshd[12072]: PAM service(sshd) ignoring max retries; 6 > 3
Jan  4 01:22:45 LabSZ sshd[12078]: pam_unix(sshd:auth): authentication failure; logname= uid=0 euid=0 tty=ssh ruser= rhost=218.87.109.156  user=root
Jan  4 01:22:45 LabSZ sshd[12074]: message repeated 5 times: [ Failed password for root from 59.63.188.30 port 2815 ssh2]
Jan  4 01:22:45 LabSZ sshd[12074]: Disconnecting: Too many authentication failures for root [preauth]
Jan  4 01:22:45 LabSZ sshd[12074]: PAM 5 more authentication failures; logname= uid=0 euid=0 tty=ssh ruser= rhost=59.63.188.30  user=root
Jan  4 01:22:45 LabSZ sshd[12074]: PAM service(sshd) ignoring max retries; 6 > 3
Jan  4 01:22:46 LabSZ sshd[12080]: pam_unix(sshd:auth): authentication failure; logname= uid=0 euid=0 tty=ssh ruser= rhost=59.63.188.30  user=root
Jan  4 01:22:47 LabSZ sshd[12078]: Failed password for root from 218.87.109.156 port 6860 ssh2
Jan  4 01:22:48 LabSZ sshd[12080]: Failed password for root from 59.63.188.30 port 23004 ssh2
Jan  4 01:22:49 LabSZ sshd[12076]: pam_unix(sshd:auth): authentication failure; logname= uid=0 euid=0 tty=ssh ruser= rhost=152.175.0.249  user=root
Jan  4 01:22:50 LabSZ sshd[12076]: Failed password for root from 152.175.0.249 port 45147 ssh2
Jan  4 01:22:51 LabSZ sshd[12076]: Received disconnect from 152.175.0.249: 11: Bye Bye [preauth]
Jan  4 01:22:58 LabSZ sshd[12082]: pam_unix(sshd:auth): authentication failure; logname= uid=0 euid=0 tty=ssh ruser= rhost=152.175.0.249  user=root
Jan  4 01:23:00 LabSZ sshd[12078]: message repeated 5 times: [ Failed password for root from 218.87.109.156 port 6860 ssh2]
Jan  4 01:23:00 LabSZ sshd[12078]: Disconnecting: Too many authentication failures for root [preauth]
Jan  4 01:23:00 LabSZ sshd[12078]: PAM 5 more authentication failures; logname= uid=0 euid=0 tty=ssh ruser= rhost=218.87.109.156  user=root
Jan  4 01:23:00 LabSZ sshd[12078]: PAM service(sshd) ignoring max retries; 6 > 3
Jan  4 01:23:00 LabSZ sshd[12082]: Failed password for root from 152.175.0.249 port 45405 ssh2
Jan  4 01:23:01 LabSZ sshd[12080]: message repeated 5 times: [ Failed password for root from 59.63.188.30 port 23004 ssh2]
Jan  4 01:23:01 LabSZ sshd[12080]: Disconnecting: Too many authentication failures for root [preauth]
Jan  4 01:23:01 LabSZ sshd[12080]: PAM 5 more authentication failures; logname= uid=0 euid=0 tty=ssh ruser= rhost=59.63.188.30  user=root
Jan  4 01:23:01 LabSZ sshd[12080]: PAM service(sshd) ignoring max retries; 6 > 3
Jan  4 01:23:01 LabSZ sshd[12082]: Received disconnect from 152.175.0.249: 11: Bye Bye [preauth]
Jan  4 01:23:01 LabSZ sshd[12084]: pam_unix(sshd:auth): authentication failure; logname= uid=0 euid=0 tty=ssh ruser= rhost=218.87.109.156  user=root
Jan  4 01:23:02 LabSZ sshd[12087]: pam_unix(sshd:auth): authentication failure; logname= uid=0 euid=0 tty=ssh ruser= rhost=59.63.188.30  user=root
Jan  4 01:23:03 LabSZ sshd[12084]: Failed password for root from 218.87.109.156 port 45024 ssh2
Jan  4 01:23:04 LabSZ sshd[12087]: Failed password for root from 59.63.188.30 port 42592 ssh2
Jan  4 01:23:07 LabSZ sshd[12086]: Invalid user ubnt from 152.175.0.249
Jan  4 01:23:07 LabSZ sshd[12086]: input_userauth_request: invalid user ubnt [preauth]
Jan  4 01:23:08 LabSZ sshd[12086]: pam_unix(sshd:auth): check pass; user unknown
Jan  4 01:23:08 LabSZ sshd[12086]: pam_unix(sshd:auth): authentication failure; logname= uid=0 euid=0 tty=ssh ruser= rhost=152.175.0.249 
Jan  4 01:23:11 LabSZ sshd[12086]: Failed password for invalid user ubnt from 152.175.0.249 port 45692 ssh2
Jan  4 01:23:11 LabSZ sshd[12086]: Connection closed by 152.175.0.249 [preauth]
Jan  4 01:23:16 LabSZ sshd[12084]: message repeated 5 times: [ Failed password for root from 218.87.109.156 port 45024 ssh2]
Jan  4 01:23:16 LabSZ sshd[12084]: Disconnecting: Too many authentication failures for root [preauth]
Jan  4 01:23:16 LabSZ sshd[12084]: PAM 5 more authentication failures; logname= uid=0 euid=0 tty=ssh ruser= rhost=218.87.109.156  user=root
Jan  4 01:23:16 LabSZ sshd[12084]: PAM service(sshd) ignoring max retries; 6 > 3
Jan  4 01:23:17 LabSZ sshd[12090]: pam_unix(sshd:auth): authentication failure; logname= uid=0 euid=0 tty=ssh ruser= rhost=218.87.109.156  user=root
Jan  4 01:23:18 LabSZ sshd[12087]: message repeated 5 times: [ Failed password for root from 59.63.188.30 port 42592 ssh2]
Jan  4 01:23:18 LabSZ sshd[12087]: Disconnecting: Too many authentication failures for root [preauth]
Jan  4 01:23:18 LabSZ sshd[12087]: PAM 5 more authentication failures; logname= uid=0 euid=0 tty=ssh ruser= rhost=59.63.188.30  user=root
Jan  4 01:23:18 LabSZ sshd[12087]: PAM service(sshd) ignoring max retries; 6 > 3
Jan  4 01:23:19 LabSZ sshd[12092]: pam_unix(sshd:auth): authentication failure; logname= uid=0 euid=0 tty=ssh ruser= rhost=59.63.188.30  user=root
Jan  4 01:23:20 LabSZ sshd[12090]: Failed password for root from 218.87.109.156 port 17728 ssh2
Jan  4 01:23:21 LabSZ sshd[12092]: Failed password for root from 59.63.188.30 port 63233 ssh2
Jan  4 01:23:32 LabSZ sshd[12090]: message repeated 5 times: [ Failed password for root from 218.87.109.156 port 17728 ssh2]
Jan  4 01:23:32 LabSZ sshd[12090]: Disconnecting: Too many authentication failures for root [preauth]
Jan  4 01:23:32 LabSZ sshd[12090]: PAM 5 more authentication failures; logname= uid=0 euid=0 tty=ssh ruser= rhost=218.87.109.156  user=root
Jan  4 01:23:32 LabSZ sshd[12090]: PAM service(sshd) ignoring max retries; 6 > 3
Jan  4 01:23:33 LabSZ sshd[12094]: pam_unix(sshd:auth): authentication failure; logname= uid=0 euid=0 tty=ssh ruser= rhost=218.87.109.156  user=root
Jan  4 01:23:34 LabSZ sshd[12092]: message repeated 5 times: [ Failed password for root from 59.63.188.30 port 63233 ssh2]
Jan  4 01:23:34 LabSZ sshd[12092]: Disconnecting: Too many authentication failures for root [preauth]
