Jan  3 15:00:11 LabSZ sshd[2810]: pam_unix(sshd:auth): authentication failure; logname= uid=0 euid=0 tty=ssh ruser= rhost=59.63.188.30  user=root
Jan  3 15:00:13 LabSZ sshd[2810]: Failed password for root from 59.63.188.30 port 10627 ssh2
Jan  3 15:00:26 LabSZ sshd[2810]: message repeated 5 times: [ Failed password for root from 59.63.188.30 port 10627 ssh2]
Jan  3 15:00:26 LabSZ sshd[2810]: Disconnecting: Too many authentication failures for root [preauth]
Jan  3 15:00:26 LabSZ sshd[2810]: PAM 5 more authentication failures; logname= uid=0 euid=0 tty=ssh ruser= rhost=59.63.188.30  user=root
Jan  3 15:00:26 LabSZ sshd[2810]: PAM service(sshd) ignoring max retries; 6 > 3
Jan  3 15:00:27 LabSZ sshd[2812]: pam_unix(sshd:auth): authentication failure; logname= uid=0 euid=0 tty=ssh ruser= rhost=59.63.188.30  user=root
Jan  3 15:00:30 LabSZ sshd[2812]: Failed password for root from 59.63.188.30 port 28562 ssh2
Jan  3 15:00:44 LabSZ sshd[2812]: message repeated 5 times: [ Failed password for root from 59.63.188.30 port 28562 ssh2]
Jan  3 15:00:44 LabSZ sshd[2812]: Disconnecting: Too many authentication failures for root [preauth]
Jan  3 15:00:44 LabSZ sshd[2812]: PAM 5 more authentication failures; logname= uid=0 euid=0 tty=ssh ruser= rhost=59.63.188.30  user=root
Jan  3 15:00:44 LabSZ sshd[2812]: PAM service(sshd) ignoring max retries; 6 > 3
Jan  3 15:00:46 LabSZ sshd[2814]: pam_unix(sshd:auth): authentication failure; logname= uid=0 euid=0 tty=ssh ruser= rhost=59.63.188.30  user=root
Jan  3 15:00:48 LabSZ sshd[2814]: Failed password for root from 59.63.188.30 port 47829 ssh2
Jan  3 15:01:02 LabSZ sshd[2814]: message repeated 5 times: [ Failed password for root from 59.63.188.30 port 47829 ssh2]
Jan  3 15:01:02 LabSZ sshd[2814]: Disconnecting: Too many authentication failures for root [preauth]
Jan  3 15:01:02 LabSZ sshd[2814]: PAM 5 more authentication failures; logname= uid=0 euid=0 tty=ssh ruser= rhost=59.63.188.30  user=root
Jan  3 15:01:02 LabSZ sshd[2814]: PAM service(sshd) ignoring max retries; 6 > 3
Jan  3 15:01:03 LabSZ sshd[2816]: pam_unix(sshd:auth): authentication failure; logname= uid=0 euid=0 tty=ssh ruser= rhost=59.63.188.30  user=root
Jan  3 15:01:05 LabSZ sshd[2816]: Failed password for root from 59.63.188.30 port 2978 ssh2
Jan  3 15:01:18 LabSZ sshd[2816]: message repeated 5 times: [ Failed password for root from 59.63.188.30 port 2978 ssh2]
Jan  3 15:01:18 LabSZ sshd[2816]: Disconnecting: Too many authentication failures for root [preauth]
Jan  3 15:01:18 LabSZ sshd[2816]: PAM 5 more authentication failures; logname= uid=0 euid=0 tty=ssh ruser= rhost=59.63.188.30  user=root
Jan  3 15:01:18 LabSZ sshd[2816]: PAM service(sshd) ignoring max retries; 6 > 3
Jan  3 15:01:19 LabSZ sshd[2818]: pam_unix(sshd:auth): authentication failure; logname= uid=0 euid=0 tty=ssh ruser= rhost=59.63.188.30  user=root
Jan  3 15:01:22 LabSZ sshd[2818]: Failed password for root from 59.63.188.30 port 19927 ssh2
Jan  3 15:01:35 LabSZ sshd[2818]: message repeated 5 times: [ Failed password for root from 59.63.188.30 port 19927 ssh2]
Jan  3 15:01:35 LabSZ sshd[2818]: Disconnecting: Too many authentication failures for root [preauth]
Jan  3 15:01:35 LabSZ sshd[2818]: PAM 5 more authentication failures; logname= uid=0 euid=0 tty=ssh ruser= rhost=59.63.188.30  user=root
Jan  3 15:01:35 LabSZ sshd[2818]: PAM service(sshd) ignoring max retries; 6 > 3
Jan  3 15:01:36 LabSZ sshd[2820]: pam_unix(sshd:auth): authentication failure; logname= uid=0 euid=0 tty=ssh ruser= rhost=59.63.188.30  user=root
Jan  3 15:01:38 LabSZ sshd[2820]: Failed password for root from 59.63.188.30 port 38185 ssh2
Jan  3 15:01:51 LabSZ sshd[2820]: message repeated 5 times: [ Failed password for root from 59.63.188.30 port 38185 ssh2]
Jan  3 15:01:51 LabSZ sshd[2820]: Disconnecting: Too many authentication failures for root [preauth]
Jan  3 15:01:51 LabSZ sshd[2820]: PAM 5 more authentication failures; logname= uid=0 euid=0 tty=ssh ruser= rhost=59.63.188.30  user=root
Jan  3 15:01:51 LabSZ sshd[2820]: PAM service(sshd) ignoring max retries; 6 > 3
Jan  3 15:01:52 LabSZ sshd[2824]: pam_unix(sshd:auth): authentication failure; logname= uid=0 euid=0 tty=ssh ruser= rhost=59.63.188.30  user=root
Jan  3 15:01:54 LabSZ sshd[2824]: Failed password for root from 59.63.188.30 port 56658 ssh2
Jan  3 15:01:55 LabSZ sshd[2826]: Invalid user user from 86.213.13.102
Jan  3 15:01:55 LabSZ sshd[2826]: input_userauth_request: invalid user user [preauth]
Jan  3 15:01:55 LabSZ sshd[2826]: pam_unix(sshd:auth): check pass; user unknown
Jan  3 15:01:55 LabSZ sshd[2826]: pam_unix(sshd:auth): authentication failure; logname= uid=0 euid=0 tty=ssh ruser= rhost=lfbn-1-11044-102.w86-213.abo.wanadoo.fr 
Jan  3 15:01:56 LabSZ sshd[2822]: pam_unix(sshd:auth): authentication failure; logname= uid=0 euid=0 tty=ssh ruser= rhost=218.87.109.156  user=root
Jan  3 15:01:58 LabSZ sshd[2822]: Failed password for root from 218.87.109.156 port 55608 ssh2
Jan  3 15:02:03 LabSZ sshd[2826]: Failed password for invalid user user from 86.213.13.102 port 40303 ssh2
Jan  3 15:02:03 LabSZ sshd[2826]: pam_unix(sshd:auth): check pass; user unknown
Jan  3 15:02:05 LabSZ sshd[2826]: Failed password for invalid user user from 86.213.13.102 port 40303 ssh2
Jan  3 15:02:06 LabSZ sshd[2826]: pam_unix(sshd:auth): check pass; user unknown
Jan  3 15:02:06 LabSZ sshd[2824]: message repeated 5 times: [ Failed password for root from 59.63.188.30 port 56658 ssh2]
Jan  3 15:02:06 LabSZ sshd[2824]: Disconnecting: Too many authentication failures for root [preauth]
Jan  3 15:02:06 LabSZ sshd[2824]: PAM 5 more authentication failures; logname= uid=0 euid=0 tty=ssh ruser= rhost=59.63.188.30  user=root
Jan  3 15:02:06 LabSZ sshd[2824]: PAM service(sshd) ignoring max retries; 6 > 3
Jan  3 15:02:07 LabSZ sshd[2828]: pam_unix(sshd:auth): authentication failure; logname= uid=0 euid=0 tty=ssh ruser= rhost=59.63.188.30  user=root
Jan  3 15:02:08 LabSZ sshd[2826]: Failed password for invalid user user from 86.213.13.102 port 40303 ssh2
Jan  3 15:02:09 LabSZ sshd[2826]: pam_unix(sshd:auth): check pass; user unknown
Jan  3 15:02:09 LabSZ sshd[2828]: Failed password for root from 59.63.188.30 port 8022 ssh2
Jan  3 15:02:10 LabSZ sshd[2826]: Failed password for invalid user user from 86.213.13.102 port 40303 ssh2
Jan  3 15:02:11 LabSZ sshd[2826]: pam_unix(sshd:auth): check pass; user unknown
Jan  3 15:02:11 LabSZ sshd[2822]: message repeated 5 times: [ Failed password for root from 218.87.109.156 port 55608 ssh2]
Jan  3 15:02:11 LabSZ sshd[2822]: Disconnecting: Too many authentication failures for root [preauth]
Jan  3 15:02:11 LabSZ sshd[2822]: PAM 5 more authentication failures; logname= uid=0 euid=0 tty=ssh ruser= rhost=218.87.109.156  user=root
Jan  3 15:02:11 LabSZ sshd[2822]: PAM service(sshd) ignoring max retries; 6 > 3
Jan  3 15:02:13 LabSZ sshd[2826]: Failed password for invalid user user from 86.213.13.102 port 40303 ssh2
Jan  3 15:02:13 LabSZ sshd[2830]: pam_unix(sshd:auth): authentication failure; logname= uid=0 euid=0 tty=ssh ruser= rhost=218.87.109.156  user=root
Jan  3 15:02:13 LabSZ sshd[2826]: pam_unix(sshd:auth): check pass; user unknown
Jan  3 15:02:15 LabSZ sshd[2830]: Failed password for root from 218.87.109.156 port 41776 ssh2
Jan  3 15:02:15 LabSZ sshd[2826]: Failed password for invalid user user from 86.213.13.102 port 40303 ssh2
Jan  3 15:02:15 LabSZ sshd[2826]: Disconnecting: Too many authentication failures for user [preauth]
Jan  3 15:02:15 LabSZ sshd[2826]: PAM 5 more authentication failures; logname= uid=0 euid=0 tty=ssh ruser= rhost=lfbn-1-11044-102.w86-213.abo.wanadoo.fr 
Jan  3 15:02:15 LabSZ sshd[2826]: PAM service(sshd) ignoring max retries; 6 > 3
Jan  3 15:02:22 LabSZ sshd[2828]: message repeated 5 times: [ Failed password for root from 59.63.188.30 port 8022 ssh2]
Jan  3 15:02:22 LabSZ sshd[2828]: Disconnecting: Too many authentication failures for root [preauth]
Jan  3 15:02:22 LabSZ sshd[2828]: PAM 5 more authentication failures; logname= uid=0 euid=0 tty=ssh ruser= rhost=59.63.188.30  user=root
Jan  3 15:02:22 LabSZ sshd[2828]: PAM service(sshd) ignoring max retries; 6 > 3
Jan  3 15:02:23 LabSZ sshd[2832]: pam_unix(sshd:auth): authentication failure; logname= uid=0 euid=0 tty=ssh ruser= rhost=59.63.188.30  user=root
Jan  3 15:02:25 LabSZ sshd[2832]: Failed password for root from 59.63.188.30 port 26459 ssh2
Jan  3 15:02:28 LabSZ sshd[2830]: message repeated 5 times: [ Failed password for root from 218.87.109.156 port 41776 ssh2]
Jan  3 15:02:28 LabSZ sshd[2830]: Disconnecting: Too many authentication failures for root [preauth]
Jan  3 15:02:28 LabSZ sshd[2830]: PAM 5 more authentication failures; logname= uid=0 euid=0 tty=ssh ruser= rhost=218.87.109.156  user=root
Jan  3 15:02:28 LabSZ sshd[2830]: PAM service(sshd) ignoring max retries; 6 > 3
Jan  3 15:02:35 LabSZ sshd[2834]: pam_unix(sshd:auth): authentication failure; logname= uid=0 euid=0 tty=ssh ruser= rhost=218.87.109.156  user=root
Jan  3 15:02:36 LabSZ sshd[2834]: Failed password for root from 218.87.109.156 port 18886 ssh2
Jan  3 15:02:38 LabSZ sshd[2832]: message repeated 5 times: [ Failed password for root from 59.63.188.30 port 26459 ssh2]
Jan  3 15:02:38 LabSZ sshd[2832]: Disconnecting: Too many authentication failures for root [preauth]
Jan  3 15:02:38 LabSZ sshd[2832]: PAM 5 more authentication failures; logname= uid=0 euid=0 tty=ssh ruser= rhost=59.63.188.30  user=root
Jan  3 15:02:38 LabSZ sshd[2832]: PAM service(sshd) ignoring max retries; 6 > 3
Jan  3 15:02:39 LabSZ sshd[2836]: pam_unix(sshd:auth): authentication failure; logname= uid=0 euid=0 tty=ssh ruser= rhost=59.63.188.30  user=root
Jan  3 15:02:41 LabSZ sshd[2836]: Failed password for root from 59.63.188.30 port 44027 ssh2
Jan  3 15:02:49 LabSZ sshd[2834]: message repeated 5 times: [ Failed password for root from 218.87.109.156 port 18886 ssh2]
Jan  3 15:02:49 LabSZ sshd[2834]: Disconnecting: Too many authentication failures for root [preauth]
Jan  3 15:02:49 LabSZ sshd[2834]: PAM 5 more authentication failures; logname= uid=0 euid=0 tty=ssh ruser= rhost=218.87.109.156  user=root
Jan  3 15:02:49 LabSZ sshd[2834]: PAM service(sshd) ignoring max retries; 6 > 3
Jan  3 15:02:54 LabSZ sshd[2836]: message repeated 5 times: [ Failed password for root from 59.63.188.30 port 44027 ssh2]
Jan  3 15:02:54 LabSZ sshd[2836]: Disconnecting: Too many authentication failures for root [preauth]
Jan  3 15:02:54 LabSZ sshd[2836]: PAM 5 more authentication failures; logname= uid=0 euid=0 tty=ssh ruser= rhost=59.63.188.30  user=root
Jan  3 15:02:54 LabSZ sshd[2836]: PAM service(sshd) ignoring max retries; 6 > 3
Jan  3 15:02:55 LabSZ sshd[2840]: pam_unix(sshd:auth): authentication failure; logname= uid=0 euid=0 tty=ssh ruser= rhost=59.63.188.30  user=root
Jan  3 15:02:55 LabSZ sshd[2838]: pam_unix(sshd:auth): authentication failure; logname= uid=0 euid=0 tty=ssh ruser= rhost=218.87.109.156  user=root
Jan  3 15:02:57 LabSZ sshd[2840]: Failed password for root from 59.63.188.30 port 61515 ssh2
Jan  3 15:02:57 LabSZ sshd[2838]: Failed password for root from 218.87.109.156 port 3424 ssh2
