Jan  3 12:24:15 LabSZ sshd[466]: Received disconnect from 119.7.221.129: 11: Bye Bye [preauth]
Jan  3 12:24:15 LabSZ sshd[468]: Failed password for root from 59.63.188.30 port 25022 ssh2
Jan  3 12:24:15 LabSZ sshd[470]: reverse mapping checking getaddrinfo for . [183.192.189.131] failed - POSSIBLE BREAK-IN ATTEMPT!
Jan  3 12:24:15 LabSZ sshd[470]: pam_unix(sshd:auth): authentication failure; logname= uid=0 euid=0 tty=ssh ruser= rhost=183.192.189.131  user=root
Jan  3 12:24:16 LabSZ sshd[472]: Invalid user ftpuser from 119.7.221.129
Jan  3 12:24:16 LabSZ sshd[472]: input_userauth_request: invalid user ftpuser [preauth]
Jan  3 12:24:16 LabSZ sshd[472]: pam_unix(sshd:auth): check pass; user unknown
Jan  3 12:24:16 LabSZ sshd[472]: pam_unix(sshd:auth): authentication failure; logname= uid=0 euid=0 tty=ssh ruser= rhost=119.7.221.129 
Jan  3 12:24:17 LabSZ sshd[472]: Failed password for invalid user ftpuser from 119.7.221.129 port 51798 ssh2
Jan  3 12:24:17 LabSZ sshd[470]: Failed password for root from 183.192.189.131 port 22589 ssh2
Jan  3 12:24:17 LabSZ sshd[472]: Received disconnect from 119.7.221.129: 11: Bye Bye [preauth]
Jan  3 12:24:17 LabSZ sshd[470]: Connection closed by 183.192.189.131 [preauth]
Jan  3 12:24:18 LabSZ sshd[475]: reverse mapping checking getaddrinfo for . [183.192.189.131] failed - POSSIBLE BREAK-IN ATTEMPT!
Jan  3 12:24:18 LabSZ sshd[475]: pam_unix(sshd:auth): authentication failure; logname= uid=0 euid=0 tty=ssh ruser= rhost=183.192.189.131  user=root
Jan  3 12:24:18 LabSZ sshd[474]: Invalid user nmsguest from 119.7.221.129
Jan  3 12:24:18 LabSZ sshd[474]: input_userauth_request: invalid user nmsguest [preauth]
Jan  3 12:24:18 LabSZ sshd[474]: pam_unix(sshd:auth): check pass; user unknown
Jan  3 12:24:18 LabSZ sshd[474]: pam_unix(sshd:auth): authentication failure; logname= uid=0 euid=0 tty=ssh ruser= rhost=119.7.221.129 
Jan  3 12:24:20 LabSZ sshd[475]: Failed password for root from 183.192.189.131 port 22590 ssh2
Jan  3 12:24:20 LabSZ sshd[475]: Connection closed by 183.192.189.131 [preauth]
Jan  3 12:24:20 LabSZ sshd[474]: Failed password for invalid user nmsguest from 119.7.221.129 port 53042 ssh2
Jan  3 12:24:20 LabSZ sshd[474]: Received disconnect from 119.7.221.129: 11: Bye Bye [preauth]
Jan  3 12:24:20 LabSZ sshd[478]: reverse mapping checking getaddrinfo for . [183.192.189.131] failed - POSSIBLE BREAK-IN ATTEMPT!
Jan  3 12:24:20 LabSZ sshd[478]: pam_unix(sshd:auth): authentication failure; logname= uid=0 euid=0 tty=ssh ruser= rhost=183.192.189.131  user=root
Jan  3 12:24:20 LabSZ sshd[480]: Invalid user omc from 119.7.221.129
Jan  3 12:24:20 LabSZ sshd[480]: input_userauth_request: invalid user omc [preauth]
Jan  3 12:24:20 LabSZ sshd[480]: pam_unix(sshd:auth): check pass; user unknown
Jan  3 12:24:20 LabSZ sshd[480]: pam_unix(sshd:auth): authentication failure; logname= uid=0 euid=0 tty=ssh ruser= rhost=119.7.221.129 
Jan  3 12:24:22 LabSZ sshd[478]: Failed password for root from 183.192.189.131 port 22591 ssh2
Jan  3 12:24:22 LabSZ sshd[478]: Connection closed by 183.192.189.131 [preauth]
Jan  3 12:24:22 LabSZ sshd[482]: reverse mapping checking getaddrinfo for . [183.192.189.131] failed - POSSIBLE BREAK-IN ATTEMPT!
Jan  3 12:24:22 LabSZ sshd[480]: Failed password for invalid user omc from 119.7.221.129 port 54700 ssh2
Jan  3 12:24:22 LabSZ sshd[482]: pam_unix(sshd:auth): authentication failure; logname= uid=0 euid=0 tty=ssh ruser= rhost=183.192.189.131  user=root
Jan  3 12:24:22 LabSZ sshd[480]: Received disconnect from 119.7.221.129: 11: Bye Bye [preauth]
Jan  3 12:24:22 LabSZ sshd[484]: Invalid user srcuser from 119.7.221.129
Jan  3 12:24:22 LabSZ sshd[484]: input_userauth_request: invalid user srcuser [preauth]
Jan  3 12:24:22 LabSZ sshd[484]: pam_unix(sshd:auth): check pass; user unknown
Jan  3 12:24:22 LabSZ sshd[484]: pam_unix(sshd:auth): authentication failure; logname= uid=0 euid=0 tty=ssh ruser= rhost=119.7.221.129 
Jan  3 12:24:24 LabSZ sshd[482]: Failed password for root from 183.192.189.131 port 22592 ssh2
Jan  3 12:24:24 LabSZ sshd[482]: Connection closed by 183.192.189.131 [preauth]
Jan  3 12:24:25 LabSZ sshd[486]: reverse mapping checking getaddrinfo for . [183.192.189.131] failed - POSSIBLE BREAK-IN ATTEMPT!
Jan  3 12:24:25 LabSZ sshd[486]: pam_unix(sshd:auth): authentication failure; logname= uid=0 euid=0 tty=ssh ruser= rhost=183.192.189.131  user=root
Jan  3 12:24:25 LabSZ sshd[484]: Failed password for invalid user srcuser from 119.7.221.129 port 56040 ssh2
Jan  3 12:24:25 LabSZ sshd[484]: Received disconnect from 119.7.221.129: 11: Bye Bye [preauth]
Jan  3 12:24:25 LabSZ sshd[488]: Invalid user oem_admin from 119.7.221.129
Jan  3 12:24:25 LabSZ sshd[488]: input_userauth_request: invalid user oem_admin [preauth]
Jan  3 12:24:25 LabSZ sshd[488]: pam_unix(sshd:auth): check pass; user unknown
Jan  3 12:24:25 LabSZ sshd[488]: pam_unix(sshd:auth): authentication failure; logname= uid=0 euid=0 tty=ssh ruser= rhost=119.7.221.129 
Jan  3 12:24:26 LabSZ sshd[486]: Failed password for root from 183.192.189.131 port 22593 ssh2
Jan  3 12:24:26 LabSZ sshd[486]: Connection closed by 183.192.189.131 [preauth]
Jan  3 12:24:26 LabSZ sshd[488]: Failed password for invalid user oem_admin from 119.7.221.129 port 57601 ssh2
Jan  3 12:24:26 LabSZ sshd[488]: Received disconnect from 119.7.221.129: 11: Bye Bye [preauth]
Jan  3 12:24:27 LabSZ sshd[494]: Invalid user web_admin from 119.7.221.129
Jan  3 12:24:27 LabSZ sshd[494]: input_userauth_request: invalid user web_admin [preauth]
Jan  3 12:24:27 LabSZ sshd[494]: pam_unix(sshd:auth): check pass; user unknown
Jan  3 12:24:27 LabSZ sshd[494]: pam_unix(sshd:auth): authentication failure; logname= uid=0 euid=0 tty=ssh ruser= rhost=119.7.221.129 
Jan  3 12:24:27 LabSZ sshd[468]: message repeated 5 times: [ Failed password for root from 59.63.188.30 port 25022 ssh2]
Jan  3 12:24:27 LabSZ sshd[468]: Disconnecting: Too many authentication failures for root [preauth]
Jan  3 12:24:27 LabSZ sshd[468]: PAM 5 more authentication failures; logname= uid=0 euid=0 tty=ssh ruser= rhost=59.63.188.30  user=root
Jan  3 12:24:27 LabSZ sshd[468]: PAM service(sshd) ignoring max retries; 6 > 3
Jan  3 12:24:29 LabSZ sshd[496]: pam_unix(sshd:auth): authentication failure; logname= uid=0 euid=0 tty=ssh ruser= rhost=59.63.188.30  user=root
Jan  3 12:24:29 LabSZ sshd[494]: Failed password for invalid user web_admin from 119.7.221.129 port 58737 ssh2
Jan  3 12:24:29 LabSZ sshd[494]: Received disconnect from 119.7.221.129: 11: Bye Bye [preauth]
Jan  3 12:24:29 LabSZ sshd[498]: Invalid user ICPDB from 119.7.221.129
Jan  3 12:24:29 LabSZ sshd[498]: input_userauth_request: invalid user ICPDB [preauth]
Jan  3 12:24:29 LabSZ sshd[498]: pam_unix(sshd:auth): check pass; user unknown
Jan  3 12:24:29 LabSZ sshd[498]: pam_unix(sshd:auth): authentication failure; logname= uid=0 euid=0 tty=ssh ruser= rhost=119.7.221.129 
Jan  3 12:24:31 LabSZ sshd[496]: Failed password for root from 59.63.188.30 port 42131 ssh2
Jan  3 12:24:32 LabSZ sshd[498]: Failed password for invalid user ICPDB from 119.7.221.129 port 60159 ssh2
Jan  3 12:24:32 LabSZ sshd[498]: Received disconnect from 119.7.221.129: 11: Bye Bye [preauth]
Jan  3 12:24:32 LabSZ sshd[500]: Invalid user zxin10 from 119.7.221.129
Jan  3 12:24:32 LabSZ sshd[500]: input_userauth_request: invalid user zxin10 [preauth]
Jan  3 12:24:32 LabSZ sshd[500]: pam_unix(sshd:auth): check pass; user unknown
Jan  3 12:24:32 LabSZ sshd[500]: pam_unix(sshd:auth): authentication failure; logname= uid=0 euid=0 tty=ssh ruser= rhost=119.7.221.129 
Jan  3 12:24:34 LabSZ sshd[500]: Failed password for invalid user zxin10 from 119.7.221.129 port 33925 ssh2
Jan  3 12:24:34 LabSZ sshd[500]: Received disconnect from 119.7.221.129: 11: Bye Bye [preauth]
Jan  3 12:24:36 LabSZ sshd[490]: reverse mapping checking getaddrinfo for . [183.192.189.131] failed - POSSIBLE BREAK-IN ATTEMPT!
Jan  3 12:24:36 LabSZ sshd[490]: pam_unix(sshd:auth): authentication failure; logname= uid=0 euid=0 tty=ssh ruser= rhost=183.192.189.131  user=root
Jan  3 12:24:38 LabSZ sshd[490]: Failed password for root from 183.192.189.131 port 22594 ssh2
Jan  3 12:24:38 LabSZ sshd[490]: Connection closed by 183.192.189.131 [preauth]
Jan  3 12:24:38 LabSZ sshd[504]: reverse mapping checking getaddrinfo for . [183.192.189.131] failed - POSSIBLE BREAK-IN ATTEMPT!
Jan  3 12:24:38 LabSZ sshd[504]: pam_unix(sshd:auth): authentication failure; logname= uid=0 euid=0 tty=ssh ruser= rhost=183.192.189.131  user=root
Jan  3 12:24:40 LabSZ sshd[502]: Invalid user zxin10 from 119.7.221.129
Jan  3 12:24:40 LabSZ sshd[502]: input_userauth_request: invalid user zxin10 [preauth]
Jan  3 12:24:40 LabSZ sshd[502]: pam_unix(sshd:auth): check pass; user unknown
Jan  3 12:24:40 LabSZ sshd[502]: pam_unix(sshd:auth): authentication failure; logname= uid=0 euid=0 tty=ssh ruser= rhost=119.7.221.129 
Jan  3 12:24:40 LabSZ sshd[504]: Failed password for root from 183.192.189.131 port 22595 ssh2
Jan  3 12:24:40 LabSZ sshd[504]: Connection closed by 183.192.189.131 [preauth]
Jan  3 12:24:40 LabSZ sshd[506]: reverse mapping checking getaddrinfo for . [183.192.189.131] failed - POSSIBLE BREAK-IN ATTEMPT!
Jan  3 12:24:40 LabSZ sshd[506]: pam_unix(sshd:auth): authentication failure; logname= uid=0 euid=0 tty=ssh ruser= rhost=183.192.189.131  user=root
Jan  3 12:24:41 LabSZ sshd[502]: Failed password for invalid user zxin10 from 119.7.221.129 port 35269 ssh2
Jan  3 12:24:41 LabSZ sshd[502]: Received disconnect from 119.7.221.129: 11: Bye Bye [preauth]
Jan  3 12:24:42 LabSZ sshd[508]: Invalid user zxin10 from 119.7.221.129
Jan  3 12:24:42 LabSZ sshd[508]: input_userauth_request: invalid user zxin10 [preauth]
Jan  3 12:24:42 LabSZ sshd[508]: pam_unix(sshd:auth): check pass; user unknown
Jan  3 12:24:42 LabSZ sshd[508]: pam_unix(sshd:auth): authentication failure; logname= uid=0 euid=0 tty=ssh ruser= rhost=119.7.221.129 
Jan  3 12:24:42 LabSZ sshd[506]: Failed password for root from 183.192.189.131 port 22596 ssh2
Jan  3 12:24:42 LabSZ sshd[506]: Connection closed by 183.192.189.131 [preauth]
Jan  3 12:24:42 LabSZ sshd[511]: reverse mapping checking getaddrinfo for . [183.192.189.131] failed - POSSIBLE BREAK-IN ATTEMPT!
Jan  3 12:24:42 LabSZ sshd[511]: pam_unix(sshd:auth): authentication failure; logname= uid=0 euid=0 tty=ssh ruser= rhost=183.192.189.131  user=root
