Dec 15 16:21:14 LabSZ sshd[22080]: Failed password for root from 183.238.25.86 port 12183 ssh2
Dec 15 16:21:15 LabSZ sshd[22080]: Connection closed by 183.238.25.86 [preauth]
Dec 15 16:21:15 LabSZ sshd[22082]: pam_unix(sshd:auth): authentication failure; logname= uid=0 euid=0 tty=ssh ruser= rhost=183.238.25.86  user=root
Dec 15 16:21:17 LabSZ sshd[22082]: Failed password for root from 183.238.25.86 port 12348 ssh2
Dec 15 16:21:17 LabSZ sshd[22082]: Connection closed by 183.238.25.86 [preauth]
Dec 15 16:21:18 LabSZ sshd[22084]: pam_unix(sshd:auth): authentication failure; logname= uid=0 euid=0 tty=ssh ruser= rhost=183.238.25.86  user=root
Dec 15 16:21:20 LabSZ sshd[22084]: Failed password for root from 183.238.25.86 port 12507 ssh2
Dec 15 16:21:20 LabSZ sshd[22084]: Connection closed by 183.238.25.86 [preauth]
Dec 15 16:21:21 LabSZ sshd[22086]: pam_unix(sshd:auth): authentication failure; logname= uid=0 euid=0 tty=ssh ruser= rhost=183.238.25.86  user=root
Dec 15 16:21:24 LabSZ sshd[22086]: Failed password for root from 183.238.25.86 port 12696 ssh2
Dec 15 16:21:24 LabSZ sshd[22086]: Connection closed by 183.238.25.86 [preauth]
Dec 15 16:21:25 LabSZ sshd[22088]: pam_unix(sshd:auth): authentication failure; logname= uid=0 euid=0 tty=ssh ruser= rhost=183.238.25.86  user=root
Dec 15 16:21:26 LabSZ sshd[22088]: Failed password for root from 183.238.25.86 port 12900 ssh2
Dec 15 16:21:26 LabSZ sshd[22088]: Connection closed by 183.238.25.86 [preauth]
Dec 15 16:21:27 LabSZ sshd[22091]: pam_unix(sshd:auth): authentication failure; logname= uid=0 euid=0 tty=ssh ruser= rhost=183.238.25.86  user=root
Dec 15 16:21:28 LabSZ sshd[22091]: Failed password for root from 183.238.25.86 port 13025 ssh2
Dec 15 16:21:29 LabSZ sshd[22091]: Connection closed by 183.238.25.86 [preauth]
Dec 15 16:21:30 LabSZ sshd[22093]: pam_unix(sshd:auth): authentication failure; logname= uid=0 euid=0 tty=ssh ruser= rhost=183.238.25.86  user=root
Dec 15 16:21:32 LabSZ sshd[22093]: Failed password for root from 183.238.25.86 port 13160 ssh2
Dec 15 16:21:32 LabSZ sshd[22093]: Connection closed by 183.238.25.86 [preauth]
Dec 15 16:21:33 LabSZ sshd[22095]: pam_unix(sshd:auth): authentication failure; logname= uid=0 euid=0 tty=ssh ruser= rhost=183.238.25.86  user=root
Dec 15 16:21:35 LabSZ sshd[22095]: Failed password for root from 183.238.25.86 port 13359 ssh2
Dec 15 16:21:35 LabSZ sshd[22095]: Connection closed by 183.238.25.86 [preauth]
Dec 15 16:21:36 LabSZ sshd[22097]: pam_unix(sshd:auth): authentication failure; logname= uid=0 euid=0 tty=ssh ruser= rhost=183.238.25.86  user=root
Dec 15 16:21:38 LabSZ sshd[22097]: Failed password for root from 183.238.25.86 port 13579 ssh2
Dec 15 16:21:38 LabSZ sshd[22097]: Connection closed by 183.238.25.86 [preauth]
Dec 15 16:21:39 LabSZ sshd[22101]: pam_unix(sshd:auth): authentication failure; logname= uid=0 euid=0 tty=ssh ruser= rhost=183.238.25.86  user=root
Dec 15 16:21:41 LabSZ sshd[22098]: Invalid user  0101 from 5.188.10.182
Dec 15 16:21:41 LabSZ sshd[22098]: input_userauth_request: invalid user  0101 [preauth]
Dec 15 16:21:41 LabSZ sshd[22098]: pam_unix(sshd:auth): check pass; user unknown
Dec 15 16:21:41 LabSZ sshd[22098]: pam_unix(sshd:auth): authentication failure; logname= uid=0 euid=0 tty=ssh ruser= rhost=5.188.10.182 
Dec 15 16:21:41 LabSZ sshd[22101]: Failed password for root from 183.238.25.86 port 13777 ssh2
Dec 15 16:21:41 LabSZ sshd[22101]: Connection closed by 183.238.25.86 [preauth]
Dec 15 16:21:42 LabSZ sshd[22103]: pam_unix(sshd:auth): authentication failure; logname= uid=0 euid=0 tty=ssh ruser= rhost=183.238.25.86  user=root
Dec 15 16:21:43 LabSZ sshd[22098]: Failed password for invalid user  0101 from 5.188.10.182 port 59063 ssh2
Dec 15 16:21:44 LabSZ sshd[22103]: Failed password for root from 183.238.25.86 port 13923 ssh2
Dec 15 16:21:44 LabSZ sshd[22103]: Connection closed by 183.238.25.86 [preauth]
Dec 15 16:21:44 LabSZ sshd[22105]: pam_unix(sshd:auth): authentication failure; logname= uid=0 euid=0 tty=ssh ruser= rhost=183.238.25.86  user=root
Dec 15 16:21:46 LabSZ sshd[22098]: Connection closed by 5.188.10.182 [preauth]
Dec 15 16:21:46 LabSZ sshd[22079]: Invalid user admin from 185.222.209.151
Dec 15 16:21:46 LabSZ sshd[22079]: input_userauth_request: invalid user admin [preauth]
Dec 15 16:21:46 LabSZ sshd[22079]: pam_unix(sshd:auth): check pass; user unknown
Dec 15 16:21:46 LabSZ sshd[22079]: pam_unix(sshd:auth): authentication failure; logname= uid=0 euid=0 tty=ssh ruser= rhost=185.222.209.151 
Dec 15 16:21:46 LabSZ sshd[22105]: Failed password for root from 183.238.25.86 port 14109 ssh2
Dec 15 16:21:47 LabSZ sshd[22105]: Connection closed by 183.238.25.86 [preauth]
Dec 15 16:21:48 LabSZ sshd[22108]: pam_unix(sshd:auth): authentication failure; logname= uid=0 euid=0 tty=ssh ruser= rhost=183.238.25.86  user=root
Dec 15 16:21:48 LabSZ sshd[22079]: Failed password for invalid user admin from 185.222.209.151 port 57811 ssh2
Dec 15 16:21:49 LabSZ sshd[22108]: Failed password for root from 183.238.25.86 port 14262 ssh2
Dec 15 16:21:50 LabSZ sshd[22108]: Connection closed by 183.238.25.86 [preauth]
Dec 15 16:21:50 LabSZ sshd[22111]: pam_unix(sshd:auth): authentication failure; logname= uid=0 euid=0 tty=ssh ruser= rhost=183.238.25.86  user=root
Dec 15 16:21:52 LabSZ sshd[22111]: Failed password for root from 183.238.25.86 port 14432 ssh2
Dec 15 16:21:52 LabSZ sshd[22111]: Connection closed by 183.238.25.86 [preauth]
Dec 15 16:21:53 LabSZ sshd[22113]: pam_unix(sshd:auth): authentication failure; logname= uid=0 euid=0 tty=ssh ruser= rhost=183.238.25.86  user=root
Dec 15 16:21:53 LabSZ sshd[22107]: Invalid user 0 from 5.188.10.182
Dec 15 16:21:53 LabSZ sshd[22107]: input_userauth_request: invalid user 0 [preauth]
Dec 15 16:21:53 LabSZ sshd[22107]: Failed none for invalid user 0 from 5.188.10.182 port 40251 ssh2
Dec 15 16:21:55 LabSZ sshd[22113]: Failed password for root from 183.238.25.86 port 14561 ssh2
Dec 15 16:21:55 LabSZ sshd[22113]: Connection closed by 183.238.25.86 [preauth]
Dec 15 16:21:56 LabSZ sshd[22115]: pam_unix(sshd:auth): authentication failure; logname= uid=0 euid=0 tty=ssh ruser= rhost=183.238.25.86  user=root
Dec 15 16:21:58 LabSZ sshd[22115]: Failed password for root from 183.238.25.86 port 14724 ssh2
Dec 15 16:21:58 LabSZ sshd[22115]: Connection closed by 183.238.25.86 [preauth]
Dec 15 16:21:58 LabSZ sshd[22079]: pam_unix(sshd:auth): check pass; user unknown
Dec 15 16:21:59 LabSZ sshd[22117]: pam_unix(sshd:auth): authentication failure; logname= uid=0 euid=0 tty=ssh ruser= rhost=183.238.25.86  user=root
Dec 15 16:21:59 LabSZ sshd[22107]: pam_unix(sshd:auth): check pass; user unknown
Dec 15 16:21:59 LabSZ sshd[22107]: pam_unix(sshd:auth): authentication failure; logname= uid=0 euid=0 tty=ssh ruser= rhost=5.188.10.182 
Dec 15 16:22:00 LabSZ sshd[22079]: Failed password for invalid user admin from 185.222.209.151 port 57811 ssh2
Dec 15 16:22:02 LabSZ sshd[22117]: Failed password for root from 183.238.25.86 port 14943 ssh2
Dec 15 16:22:02 LabSZ sshd[22117]: Connection closed by 183.238.25.86 [preauth]
Dec 15 16:22:02 LabSZ sshd[22107]: Failed password for invalid user 0 from 5.188.10.182 port 40251 ssh2
Dec 15 16:22:02 LabSZ sshd[22119]: pam_unix(sshd:auth): authentication failure; logname= uid=0 euid=0 tty=ssh ruser= rhost=183.238.25.86  user=root
Dec 15 16:22:03 LabSZ sshd[22119]: Failed password for root from 183.238.25.86 port 15130 ssh2
Dec 15 16:22:04 LabSZ sshd[22119]: Connection closed by 183.238.25.86 [preauth]
Dec 15 16:22:04 LabSZ sshd[22107]: Connection closed by 5.188.10.182 [preauth]
Dec 15 16:22:05 LabSZ sshd[22121]: pam_unix(sshd:auth): authentication failure; logname= uid=0 euid=0 tty=ssh ruser= rhost=183.238.25.86  user=root
Dec 15 16:22:06 LabSZ sshd[22121]: Failed password for root from 183.238.25.86 port 15268 ssh2
Dec 15 16:22:07 LabSZ sshd[22121]: Connection closed by 183.238.25.86 [preauth]
Dec 15 16:22:08 LabSZ sshd[22124]: pam_unix(sshd:auth): authentication failure; logname= uid=0 euid=0 tty=ssh ruser= rhost=183.238.25.86  user=root
Dec 15 16:22:08 LabSZ sshd[22079]: pam_unix(sshd:auth): check pass; user unknown
Dec 15 16:22:10 LabSZ sshd[22124]: Failed password for root from 183.238.25.86 port 15443 ssh2
Dec 15 16:22:10 LabSZ sshd[22124]: Connection closed by 183.238.25.86 [preauth]
Dec 15 16:22:10 LabSZ sshd[22079]: Failed password for invalid user admin from 185.222.209.151 port 57811 ssh2
Dec 15 16:22:11 LabSZ sshd[22126]: pam_unix(sshd:auth): authentication failure; logname= uid=0 euid=0 tty=ssh ruser= rhost=183.238.25.86  user=root
Dec 15 16:22:13 LabSZ sshd[22126]: Failed password for root from 183.238.25.86 port 15617 ssh2
Dec 15 16:22:13 LabSZ sshd[22126]: Connection closed by 183.238.25.86 [preauth]
Dec 15 16:22:14 LabSZ sshd[22128]: pam_unix(sshd:auth): authentication failure; logname= uid=0 euid=0 tty=ssh ruser= rhost=183.238.25.86  user=root
Dec 15 16:22:14 LabSZ sshd[22079]: Connection closed by 185.222.209.151 [preauth]
Dec 15 16:22:14 LabSZ sshd[22079]: PAM 2 more authentication failures; logname= uid=0 euid=0 tty=ssh ruser= rhost=185.222.209.151 
Dec 15 16:22:15 LabSZ sshd[22128]: Failed password for root from 183.238.25.86 port 15814 ssh2
Dec 15 16:22:16 LabSZ sshd[22128]: Connection closed by 183.238.25.86 [preauth]
Dec 15 16:22:16 LabSZ sshd[22123]: Did not receive identification string from 5.188.10.182
Dec 15 16:22:16 LabSZ sshd[22131]: pam_unix(sshd:auth): authentication failure; logname= uid=0 euid=0 tty=ssh ruser= rhost=183.238.25.86  user=root
Dec 15 16:22:18 LabSZ sshd[22131]: Failed password for root from 183.238.25.86 port 15952 ssh2
Dec 15 16:22:18 LabSZ sshd[22131]: Connection closed by 183.238.25.86 [preauth]
Dec 15 16:22:20 LabSZ sshd[22133]: pam_unix(sshd:auth): authentication failure; logname= uid=0 euid=0 tty=ssh ruser= rhost=183.238.25.86  user=root
Dec 15 16:22:21 LabSZ sshd[22133]: Failed password for root from 183.238.25.86 port 16130 ssh2
Dec 15 16:22:22 LabSZ sshd[22133]: Connection closed by 183.238.25.86 [preauth]
Dec 15 16:22:23 LabSZ sshd[22135]: pam_unix(sshd:auth): authentication failure; logname= uid=0 euid=0 tty=ssh ruser= rhost=183.238.25.86  user=root
Dec 15 16:22:25 LabSZ sshd[22135]: Failed password for root from 183.238.25.86 port 16303 ssh2
Dec 15 16:22:25 LabSZ sshd[22135]: Connection closed by 183.238.25.86 [preauth]
Dec 15 16:22:26 LabSZ sshd[22137]: pam_unix(sshd:auth): authentication failure; logname= uid=0 euid=0 tty=ssh ruser= rhost=183.238.25.86  user=root
