Jan  2 03:35:58 LabSZ sshd[22405]: pam_unix(sshd:auth): authentication failure; logname= uid=0 euid=0 tty=ssh ruser= rhost=182.100.67.120  user=root
Jan  2 03:35:59 LabSZ sshd[22403]: Failed password for invalid user default from 5.188.10.156 port 59373 ssh2
Jan  2 03:36:00 LabSZ sshd[22403]: pam_unix(sshd:auth): check pass; user unknown
Jan  2 03:36:00 LabSZ sshd[22405]: Failed password for root from 182.100.67.120 port 6372 ssh2
Jan  2 03:36:00 LabSZ sshd[22395]: message repeated 5 times: [ Failed password for root from 218.65.30.30 port 57876 ssh2]
Jan  2 03:36:00 LabSZ sshd[22395]: Disconnecting: Too many authentication failures for root [preauth]
Jan  2 03:36:00 LabSZ sshd[22395]: PAM 5 more authentication failures; logname= uid=0 euid=0 tty=ssh ruser= rhost=218.65.30.30  user=root
Jan  2 03:36:00 LabSZ sshd[22395]: PAM service(sshd) ignoring max retries; 6 > 3
Jan  2 03:36:01 LabSZ sshd[22403]: Failed password for invalid user default from 5.188.10.156 port 59373 ssh2
Jan  2 03:36:01 LabSZ sshd[22403]: Connection closed by 5.188.10.156 [preauth]
Jan  2 03:36:01 LabSZ sshd[22403]: PAM 1 more authentication failure; logname= uid=0 euid=0 tty=ssh ruser= rhost=5.188.10.156 
Jan  2 03:36:02 LabSZ sshd[22407]: reverse mapping checking getaddrinfo for 30.30.65.218.broad.xy.jx.dynamic.163data.com.cn [218.65.30.30] failed - POSSIBLE BREAK-IN ATTEMPT!
Jan  2 03:36:02 LabSZ sshd[22407]: pam_unix(sshd:auth): authentication failure; logname= uid=0 euid=0 tty=ssh ruser= rhost=218.65.30.30  user=root
Jan  2 03:36:03 LabSZ sshd[22397]: Connection closed by 5.188.10.180 [preauth]
Jan  2 03:36:04 LabSZ sshd[22407]: Failed password for root from 218.65.30.30 port 32892 ssh2
Jan  2 03:36:05 LabSZ sshd[22409]: pam_unix(sshd:auth): authentication failure; logname= uid=0 euid=0 tty=ssh ruser= rhost=5.188.10.156  user=ftp
Jan  2 03:36:08 LabSZ sshd[22401]: message repeated 5 times: [ Failed password for root from 58.242.83.25 port 10103 ssh2]
Jan  2 03:36:08 LabSZ sshd[22401]: Disconnecting: Too many authentication failures for root [preauth]
Jan  2 03:36:08 LabSZ sshd[22401]: PAM 5 more authentication failures; logname= uid=0 euid=0 tty=ssh ruser= rhost=58.242.83.25  user=root
Jan  2 03:36:08 LabSZ sshd[22401]: PAM service(sshd) ignoring max retries; 6 > 3
Jan  2 03:36:08 LabSZ sshd[22409]: Failed password for ftp from 5.188.10.156 port 52018 ssh2
Jan  2 03:36:09 LabSZ sshd[22409]: Connection closed by 5.188.10.156 [preauth]
Jan  2 03:36:09 LabSZ sshd[22414]: pam_unix(sshd:auth): authentication failure; logname= uid=0 euid=0 tty=ssh ruser= rhost=58.242.83.25  user=root
Jan  2 03:36:12 LabSZ sshd[22413]: Invalid user guest from 5.188.10.156
Jan  2 03:36:12 LabSZ sshd[22413]: input_userauth_request: invalid user guest [preauth]
Jan  2 03:36:12 LabSZ sshd[22413]: pam_unix(sshd:auth): check pass; user unknown
Jan  2 03:36:12 LabSZ sshd[22413]: pam_unix(sshd:auth): authentication failure; logname= uid=0 euid=0 tty=ssh ruser= rhost=5.188.10.156 
Jan  2 03:36:12 LabSZ sshd[22414]: Failed password for root from 58.242.83.25 port 33102 ssh2
Jan  2 03:36:12 LabSZ sshd[22411]: Invalid user admin from 5.188.10.180
Jan  2 03:36:12 LabSZ sshd[22411]: input_userauth_request: invalid user admin [preauth]
Jan  2 03:36:12 LabSZ sshd[22411]: Failed none for invalid user admin from 5.188.10.180 port 54330 ssh2
Jan  2 03:36:13 LabSZ sshd[22413]: Failed password for invalid user guest from 5.188.10.156 port 42171 ssh2
Jan  2 03:36:13 LabSZ sshd[22405]: message repeated 5 times: [ Failed password for root from 182.100.67.120 port 6372 ssh2]
Jan  2 03:36:13 LabSZ sshd[22405]: Disconnecting: Too many authentication failures for root [preauth]
Jan  2 03:36:13 LabSZ sshd[22405]: PAM 5 more authentication failures; logname= uid=0 euid=0 tty=ssh ruser= rhost=182.100.67.120  user=root
Jan  2 03:36:13 LabSZ sshd[22405]: PAM service(sshd) ignoring max retries; 6 > 3
Jan  2 03:36:13 LabSZ sshd[22413]: Connection closed by 5.188.10.156 [preauth]
Jan  2 03:36:14 LabSZ sshd[22411]: Connection closed by 5.188.10.180 [preauth]
Jan  2 03:36:15 LabSZ sshd[22420]: pam_unix(sshd:auth): authentication failure; logname= uid=0 euid=0 tty=ssh ruser= rhost=182.100.67.120  user=root
Jan  2 03:36:15 LabSZ sshd[22417]: Connection closed by 5.188.10.156 [preauth]
Jan  2 03:36:17 LabSZ sshd[22407]: message repeated 5 times: [ Failed password for root from 218.65.30.30 port 32892 ssh2]
Jan  2 03:36:17 LabSZ sshd[22407]: Disconnecting: Too many authentication failures for root [preauth]
Jan  2 03:36:17 LabSZ sshd[22407]: PAM 5 more authentication failures; logname= uid=0 euid=0 tty=ssh ruser= rhost=218.65.30.30  user=root
Jan  2 03:36:17 LabSZ sshd[22407]: PAM service(sshd) ignoring max retries; 6 > 3
Jan  2 03:36:18 LabSZ sshd[22420]: Failed password for root from 182.100.67.120 port 42262 ssh2
Jan  2 03:36:19 LabSZ sshd[22423]: reverse mapping checking getaddrinfo for 30.30.65.218.broad.xy.jx.dynamic.163data.com.cn [218.65.30.30] failed - POSSIBLE BREAK-IN ATTEMPT!
Jan  2 03:36:19 LabSZ sshd[22423]: pam_unix(sshd:auth): authentication failure; logname= uid=0 euid=0 tty=ssh ruser= rhost=218.65.30.30  user=root
Jan  2 03:36:21 LabSZ sshd[22423]: Failed password for root from 218.65.30.30 port 8550 ssh2
Jan  2 03:36:21 LabSZ sshd[22422]: Invalid user operator from 5.188.10.156
Jan  2 03:36:21 LabSZ sshd[22422]: input_userauth_request: invalid user operator [preauth]
Jan  2 03:36:21 LabSZ sshd[22422]: pam_unix(sshd:auth): check pass; user unknown
Jan  2 03:36:21 LabSZ sshd[22422]: pam_unix(sshd:auth): authentication failure; logname= uid=0 euid=0 tty=ssh ruser= rhost=5.188.10.156 
Jan  2 03:36:24 LabSZ sshd[22414]: message repeated 5 times: [ Failed password for root from 58.242.83.25 port 33102 ssh2]
Jan  2 03:36:24 LabSZ sshd[22414]: Disconnecting: Too many authentication failures for root [preauth]
Jan  2 03:36:24 LabSZ sshd[22414]: PAM 5 more authentication failures; logname= uid=0 euid=0 tty=ssh ruser= rhost=58.242.83.25  user=root
Jan  2 03:36:24 LabSZ sshd[22414]: PAM service(sshd) ignoring max retries; 6 > 3
Jan  2 03:36:24 LabSZ sshd[22422]: Failed password for invalid user operator from 5.188.10.156 port 37707 ssh2
Jan  2 03:36:25 LabSZ sshd[22422]: Connection closed by 5.188.10.156 [preauth]
Jan  2 03:36:25 LabSZ sshd[22419]: Invalid user admin from 5.188.10.180
Jan  2 03:36:25 LabSZ sshd[22419]: input_userauth_request: invalid user admin [preauth]
Jan  2 03:36:25 LabSZ sshd[22419]: pam_unix(sshd:auth): check pass; user unknown
Jan  2 03:36:25 LabSZ sshd[22419]: pam_unix(sshd:auth): authentication failure; logname= uid=0 euid=0 tty=ssh ruser= rhost=5.188.10.180 
Jan  2 03:36:25 LabSZ sshd[22427]: pam_unix(sshd:auth): authentication failure; logname= uid=0 euid=0 tty=ssh ruser= rhost=58.242.83.25  user=root
Jan  2 03:36:26 LabSZ sshd[22419]: Failed password for invalid user admin from 5.188.10.180 port 57825 ssh2
Jan  2 03:36:27 LabSZ sshd[22427]: Failed password for root from 58.242.83.25 port 53777 ssh2
Jan  2 03:36:29 LabSZ sshd[22429]: Invalid user osmc from 5.188.10.156
Jan  2 03:36:29 LabSZ sshd[22429]: input_userauth_request: invalid user osmc [preauth]
Jan  2 03:36:29 LabSZ sshd[22429]: pam_unix(sshd:auth): check pass; user unknown
Jan  2 03:36:29 LabSZ sshd[22429]: pam_unix(sshd:auth): authentication failure; logname= uid=0 euid=0 tty=ssh ruser= rhost=5.188.10.156 
Jan  2 03:36:30 LabSZ sshd[22420]: message repeated 5 times: [ Failed password for root from 182.100.67.120 port 42262 ssh2]
Jan  2 03:36:30 LabSZ sshd[22420]: Disconnecting: Too many authentication failures for root [preauth]
Jan  2 03:36:30 LabSZ sshd[22420]: PAM 5 more authentication failures; logname= uid=0 euid=0 tty=ssh ruser= rhost=182.100.67.120  user=root
Jan  2 03:36:30 LabSZ sshd[22420]: PAM service(sshd) ignoring max retries; 6 > 3
Jan  2 03:36:30 LabSZ sshd[22419]: pam_unix(sshd:auth): check pass; user unknown
Jan  2 03:36:31 LabSZ sshd[22431]: pam_unix(sshd:auth): authentication failure; logname= uid=0 euid=0 tty=ssh ruser= rhost=182.100.67.120  user=root
Jan  2 03:36:31 LabSZ sshd[22429]: Failed password for invalid user osmc from 5.188.10.156 port 53654 ssh2
Jan  2 03:36:32 LabSZ sshd[22419]: Failed password for invalid user admin from 5.188.10.180 port 57825 ssh2
Jan  2 03:36:32 LabSZ sshd[22429]: Connection closed by 5.188.10.156 [preauth]
Jan  2 03:36:33 LabSZ sshd[22423]: message repeated 5 times: [ Failed password for root from 218.65.30.30 port 8550 ssh2]
Jan  2 03:36:33 LabSZ sshd[22423]: Disconnecting: Too many authentication failures for root [preauth]
Jan  2 03:36:33 LabSZ sshd[22423]: PAM 5 more authentication failures; logname= uid=0 euid=0 tty=ssh ruser= rhost=218.65.30.30  user=root
Jan  2 03:36:33 LabSZ sshd[22423]: PAM service(sshd) ignoring max retries; 6 > 3
Jan  2 03:36:33 LabSZ sshd[22431]: Failed password for root from 182.100.67.120 port 17010 ssh2
Jan  2 03:36:34 LabSZ sshd[22434]: reverse mapping checking getaddrinfo for 30.30.65.218.broad.xy.jx.dynamic.163data.com.cn [218.65.30.30] failed - POSSIBLE BREAK-IN ATTEMPT!
Jan  2 03:36:34 LabSZ sshd[22434]: pam_unix(sshd:auth): authentication failure; logname= uid=0 euid=0 tty=ssh ruser= rhost=218.65.30.30  user=root
Jan  2 03:36:35 LabSZ sshd[22419]: pam_unix(sshd:auth): check pass; user unknown
Jan  2 03:36:36 LabSZ sshd[22434]: Failed password for root from 218.65.30.30 port 42600 ssh2
Jan  2 03:36:37 LabSZ sshd[22419]: Failed password for invalid user admin from 5.188.10.180 port 57825 ssh2
Jan  2 03:36:39 LabSZ sshd[22419]: pam_unix(sshd:auth): check pass; user unknown
Jan  2 03:36:39 LabSZ sshd[22433]: pam_unix(sshd:auth): authentication failure; logname= uid=0 euid=0 tty=ssh ruser= rhost=5.188.10.156  user=root
Jan  2 03:36:39 LabSZ sshd[22427]: message repeated 5 times: [ Failed password for root from 58.242.83.25 port 53777 ssh2]
Jan  2 03:36:39 LabSZ sshd[22427]: Disconnecting: Too many authentication failures for root [preauth]
Jan  2 03:36:39 LabSZ sshd[22427]: PAM 5 more authentication failures; logname= uid=0 euid=0 tty=ssh ruser= rhost=58.242.83.25  user=root
Jan  2 03:36:39 LabSZ sshd[22427]: PAM service(sshd) ignoring max retries; 6 > 3
Jan  2 03:36:41 LabSZ sshd[22437]: pam_unix(sshd:auth): authentication failure; logname= uid=0 euid=0 tty=ssh ruser= rhost=58.242.83.25  user=root
Jan  2 03:36:41 LabSZ sshd[22419]: Failed password for invalid user admin from 5.188.10.180 port 57825 ssh2
Jan  2 03:36:42 LabSZ sshd[22433]: Failed password for root from 5.188.10.156 port 55342 ssh2
Jan  2 03:36:43 LabSZ sshd[22437]: Failed password for root from 58.242.83.25 port 10488 ssh2
Jan  2 03:36:44 LabSZ sshd[22433]: Failed password for root from 5.188.10.156 port 55342 ssh2
Jan  2 03:36:45 LabSZ sshd[22433]: Connection closed by 5.188.10.156 [preauth]
