Jan  4 04:40:26 LabSZ sshd[17621]: Connection closed by 181.214.87.4 [preauth]
Jan  4 04:40:26 LabSZ sshd[17621]: PAM 4 more authentication failures; logname= uid=0 euid=0 tty=ssh ruser= rhost=181.214.87.4 
Jan  4 04:40:26 LabSZ sshd[17621]: PAM service(sshd) ignoring max retries; 5 > 3
Jan  4 04:40:26 LabSZ sshd[17623]: pam_unix(sshd:auth): check pass; user unknown
Jan  4 04:40:27 LabSZ sshd[17635]: Failed password for root from 182.100.67.52 port 59948 ssh2
Jan  4 04:40:27 LabSZ sshd[17637]: Invalid user admin from 181.214.87.4
Jan  4 04:40:27 LabSZ sshd[17637]: input_userauth_request: invalid user admin [preauth]
Jan  4 04:40:27 LabSZ sshd[17637]: pam_unix(sshd:auth): check pass; user unknown
Jan  4 04:40:27 LabSZ sshd[17637]: pam_unix(sshd:auth): authentication failure; logname= uid=0 euid=0 tty=ssh ruser= rhost=181.214.87.4 
Jan  4 04:40:28 LabSZ sshd[17623]: Failed password for invalid user admin from 193.201.224.232 port 46266 ssh2
Jan  4 04:40:28 LabSZ sshd[17623]: Disconnecting: Too many authentication failures for admin [preauth]
Jan  4 04:40:28 LabSZ sshd[17623]: PAM 5 more authentication failures; logname= uid=0 euid=0 tty=ssh ruser= rhost=193.201.224.232 
Jan  4 04:40:28 LabSZ sshd[17623]: PAM service(sshd) ignoring max retries; 6 > 3
Jan  4 04:40:29 LabSZ sshd[17637]: Failed password for invalid user admin from 181.214.87.4 port 35110 ssh2
Jan  4 04:40:29 LabSZ sshd[17625]: message repeated 5 times: [ Failed password for root from 218.87.109.156 port 58560 ssh2]
Jan  4 04:40:29 LabSZ sshd[17625]: Disconnecting: Too many authentication failures for root [preauth]
Jan  4 04:40:29 LabSZ sshd[17625]: PAM 5 more authentication failures; logname= uid=0 euid=0 tty=ssh ruser= rhost=218.87.109.156  user=root
Jan  4 04:40:29 LabSZ sshd[17625]: PAM service(sshd) ignoring max retries; 6 > 3
Jan  4 04:40:29 LabSZ sshd[17637]: Connection closed by 181.214.87.4 [preauth]
Jan  4 04:40:30 LabSZ sshd[17639]: Invalid user admin from 193.201.224.232
Jan  4 04:40:30 LabSZ sshd[17639]: input_userauth_request: invalid user admin [preauth]
Jan  4 04:40:30 LabSZ sshd[17642]: pam_unix(sshd:auth): authentication failure; logname= uid=0 euid=0 tty=ssh ruser= rhost=218.87.109.156  user=root
Jan  4 04:40:30 LabSZ sshd[17639]: pam_unix(sshd:auth): check pass; user unknown
Jan  4 04:40:30 LabSZ sshd[17639]: pam_unix(sshd:auth): authentication failure; logname= uid=0 euid=0 tty=ssh ruser= rhost=193.201.224.232 
Jan  4 04:40:31 LabSZ sshd[17627]: message repeated 5 times: [ Failed password for root from 59.63.188.30 port 32922 ssh2]
Jan  4 04:40:31 LabSZ sshd[17627]: Disconnecting: Too many authentication failures for root [preauth]
Jan  4 04:40:31 LabSZ sshd[17627]: PAM 5 more authentication failures; logname= uid=0 euid=0 tty=ssh ruser= rhost=59.63.188.30  user=root
Jan  4 04:40:31 LabSZ sshd[17627]: PAM service(sshd) ignoring max retries; 6 > 3
Jan  4 04:40:32 LabSZ sshd[17642]: Failed password for root from 218.87.109.156 port 30184 ssh2
Jan  4 04:40:32 LabSZ sshd[17641]: Invalid user default from 181.214.87.4
Jan  4 04:40:32 LabSZ sshd[17641]: input_userauth_request: invalid user default [preauth]
Jan  4 04:40:32 LabSZ sshd[17641]: pam_unix(sshd:auth): check pass; user unknown
Jan  4 04:40:32 LabSZ sshd[17641]: pam_unix(sshd:auth): authentication failure; logname= uid=0 euid=0 tty=ssh ruser= rhost=181.214.87.4 
Jan  4 04:40:32 LabSZ sshd[17639]: Failed password for invalid user admin from 193.201.224.232 port 11146 ssh2
Jan  4 04:40:32 LabSZ sshd[17645]: pam_unix(sshd:auth): authentication failure; logname= uid=0 euid=0 tty=ssh ruser= rhost=59.63.188.30  user=root
Jan  4 04:40:33 LabSZ sshd[17639]: pam_unix(sshd:auth): check pass; user unknown
Jan  4 04:40:34 LabSZ sshd[17641]: Failed password for invalid user default from 181.214.87.4 port 55967 ssh2
Jan  4 04:40:34 LabSZ sshd[17645]: Failed password for root from 59.63.188.30 port 54013 ssh2
Jan  4 04:40:34 LabSZ sshd[17639]: Failed password for invalid user admin from 193.201.224.232 port 11146 ssh2
Jan  4 04:40:34 LabSZ sshd[17641]: pam_unix(sshd:auth): check pass; user unknown
Jan  4 04:40:35 LabSZ sshd[17639]: pam_unix(sshd:auth): check pass; user unknown
Jan  4 04:40:36 LabSZ sshd[17633]: message repeated 5 times: [ Failed password for root from 59.63.188.30 port 38253 ssh2]
Jan  4 04:40:36 LabSZ sshd[17633]: Disconnecting: Too many authentication failures for root [preauth]
Jan  4 04:40:36 LabSZ sshd[17633]: PAM 5 more authentication failures; logname= uid=0 euid=0 tty=ssh ruser= rhost=59.63.188.30  user=root
Jan  4 04:40:36 LabSZ sshd[17633]: PAM service(sshd) ignoring max retries; 6 > 3
Jan  4 04:40:36 LabSZ sshd[17641]: Failed password for invalid user default from 181.214.87.4 port 55967 ssh2
Jan  4 04:40:37 LabSZ sshd[17639]: Failed password for invalid user admin from 193.201.224.232 port 11146 ssh2
Jan  4 04:40:37 LabSZ sshd[17639]: pam_unix(sshd:auth): check pass; user unknown
Jan  4 04:40:37 LabSZ sshd[17641]: Connection closed by 181.214.87.4 [preauth]
Jan  4 04:40:37 LabSZ sshd[17641]: PAM 1 more authentication failure; logname= uid=0 euid=0 tty=ssh ruser= rhost=181.214.87.4 
Jan  4 04:40:37 LabSZ sshd[17647]: pam_unix(sshd:auth): authentication failure; logname= uid=0 euid=0 tty=ssh ruser= rhost=59.63.188.30  user=root
Jan  4 04:40:39 LabSZ sshd[17639]: Failed password for invalid user admin from 193.201.224.232 port 11146 ssh2
Jan  4 04:40:39 LabSZ sshd[17639]: pam_unix(sshd:auth): check pass; user unknown
Jan  4 04:40:39 LabSZ sshd[17649]: pam_unix(sshd:auth): authentication failure; logname= uid=0 euid=0 tty=ssh ruser= rhost=181.214.87.4  user=ftp
Jan  4 04:40:39 LabSZ sshd[17647]: Failed password for root from 59.63.188.30 port 59579 ssh2
Jan  4 04:40:40 LabSZ sshd[17635]: message repeated 5 times: [ Failed password for root from 182.100.67.52 port 59948 ssh2]
Jan  4 04:40:40 LabSZ sshd[17635]: Disconnecting: Too many authentication failures for root [preauth]
Jan  4 04:40:40 LabSZ sshd[17635]: PAM 5 more authentication failures; logname= uid=0 euid=0 tty=ssh ruser= rhost=182.100.67.52  user=root
Jan  4 04:40:40 LabSZ sshd[17635]: PAM service(sshd) ignoring max retries; 6 > 3
Jan  4 04:40:41 LabSZ sshd[17639]: Failed password for invalid user admin from 193.201.224.232 port 11146 ssh2
Jan  4 04:40:41 LabSZ sshd[17649]: Failed password for ftp from 181.214.87.4 port 58836 ssh2
Jan  4 04:40:41 LabSZ sshd[17639]: pam_unix(sshd:auth): check pass; user unknown
Jan  4 04:40:41 LabSZ sshd[17649]: Connection closed by 181.214.87.4 [preauth]
Jan  4 04:40:43 LabSZ sshd[17639]: Failed password for invalid user admin from 193.201.224.232 port 11146 ssh2
Jan  4 04:40:43 LabSZ sshd[17639]: Disconnecting: Too many authentication failures for admin [preauth]
Jan  4 04:40:43 LabSZ sshd[17639]: PAM 5 more authentication failures; logname= uid=0 euid=0 tty=ssh ruser= rhost=193.201.224.232 
Jan  4 04:40:43 LabSZ sshd[17639]: PAM service(sshd) ignoring max retries; 6 > 3
Jan  4 04:40:44 LabSZ sshd[17652]: pam_unix(sshd:auth): authentication failure; logname= uid=0 euid=0 tty=ssh ruser= rhost=182.100.67.52  user=root
Jan  4 04:40:45 LabSZ sshd[17642]: message repeated 5 times: [ Failed password for root from 218.87.109.156 port 30184 ssh2]
Jan  4 04:40:45 LabSZ sshd[17642]: Disconnecting: Too many authentication failures for root [preauth]
Jan  4 04:40:45 LabSZ sshd[17642]: PAM 5 more authentication failures; logname= uid=0 euid=0 tty=ssh ruser= rhost=218.87.109.156  user=root
Jan  4 04:40:45 LabSZ sshd[17642]: PAM service(sshd) ignoring max retries; 6 > 3
Jan  4 04:40:45 LabSZ sshd[17651]: Invalid user guest from 181.214.87.4
Jan  4 04:40:45 LabSZ sshd[17651]: input_userauth_request: invalid user guest [preauth]
Jan  4 04:40:45 LabSZ sshd[17651]: pam_unix(sshd:auth): check pass; user unknown
Jan  4 04:40:45 LabSZ sshd[17651]: pam_unix(sshd:auth): authentication failure; logname= uid=0 euid=0 tty=ssh ruser= rhost=181.214.87.4 
Jan  4 04:40:45 LabSZ sshd[17654]: Invalid user admin from 193.201.224.232
Jan  4 04:40:45 LabSZ sshd[17654]: input_userauth_request: invalid user admin [preauth]
Jan  4 04:40:46 LabSZ sshd[17654]: pam_unix(sshd:auth): check pass; user unknown
Jan  4 04:40:46 LabSZ sshd[17654]: pam_unix(sshd:auth): authentication failure; logname= uid=0 euid=0 tty=ssh ruser= rhost=193.201.224.232 
Jan  4 04:40:46 LabSZ sshd[17652]: Failed password for root from 182.100.67.52 port 29408 ssh2
Jan  4 04:40:46 LabSZ sshd[17657]: pam_unix(sshd:auth): authentication failure; logname= uid=0 euid=0 tty=ssh ruser= rhost=218.87.109.156  user=root
Jan  4 04:40:47 LabSZ sshd[17645]: message repeated 5 times: [ Failed password for root from 59.63.188.30 port 54013 ssh2]
Jan  4 04:40:47 LabSZ sshd[17645]: Disconnecting: Too many authentication failures for root [preauth]
Jan  4 04:40:47 LabSZ sshd[17645]: PAM 5 more authentication failures; logname= uid=0 euid=0 tty=ssh ruser= rhost=59.63.188.30  user=root
Jan  4 04:40:47 LabSZ sshd[17645]: PAM service(sshd) ignoring max retries; 6 > 3
Jan  4 04:40:47 LabSZ sshd[17651]: Failed password for invalid user guest from 181.214.87.4 port 35698 ssh2
Jan  4 04:40:47 LabSZ sshd[17654]: Failed password for invalid user admin from 193.201.224.232 port 37637 ssh2
Jan  4 04:40:47 LabSZ sshd[17651]: Connection closed by 181.214.87.4 [preauth]
Jan  4 04:40:48 LabSZ sshd[17654]: pam_unix(sshd:auth): check pass; user unknown
Jan  4 04:40:48 LabSZ sshd[17660]: pam_unix(sshd:auth): authentication failure; logname= uid=0 euid=0 tty=ssh ruser= rhost=59.63.188.30  user=root
Jan  4 04:40:48 LabSZ sshd[17657]: Failed password for root from 218.87.109.156 port 1818 ssh2
Jan  4 04:40:50 LabSZ sshd[17659]: Connection closed by 181.214.87.4 [preauth]
Jan  4 04:40:50 LabSZ sshd[17654]: Failed password for invalid user admin from 193.201.224.232 port 37637 ssh2
Jan  4 04:40:50 LabSZ sshd[17654]: pam_unix(sshd:auth): check pass; user unknown
Jan  4 04:40:50 LabSZ sshd[17660]: Failed password for root from 59.63.188.30 port 9195 ssh2
Jan  4 04:40:52 LabSZ sshd[17663]: Invalid user operator from 181.214.87.4
Jan  4 04:40:52 LabSZ sshd[17663]: input_userauth_request: invalid user operator [preauth]
Jan  4 04:40:52 LabSZ sshd[17663]: pam_unix(sshd:auth): check pass; user unknown
Jan  4 04:40:52 LabSZ sshd[17663]: pam_unix(sshd:auth): authentication failure; logname= uid=0 euid=0 tty=ssh ruser= rhost=181.214.87.4 
