Jan  4 01:23:34 LabSZ sshd[12092]: PAM 5 more authentication failures; logname= uid=0 euid=0 tty=ssh ruser= rhost=59.63.188.30  user=root
Jan  4 01:23:34 LabSZ sshd[12092]: PAM service(sshd) ignoring max retries; 6 > 3
Jan  4 01:23:35 LabSZ sshd[12096]: pam_unix(sshd:auth): authentication failure; logname= uid=0 euid=0 tty=ssh ruser= rhost=59.63.188.30  user=root
Jan  4 01:23:35 LabSZ sshd[12094]: Failed password for root from 218.87.109.156 port 57026 ssh2
Jan  4 01:23:38 LabSZ sshd[12096]: Failed password for root from 59.63.188.30 port 19222 ssh2
Jan  4 01:23:48 LabSZ sshd[12094]: message repeated 5 times: [ Failed password for root from 218.87.109.156 port 57026 ssh2]
Jan  4 01:23:48 LabSZ sshd[12094]: Disconnecting: Too many authentication failures for root [preauth]
Jan  4 01:23:48 LabSZ sshd[12094]: PAM 5 more authentication failures; logname= uid=0 euid=0 tty=ssh ruser= rhost=218.87.109.156  user=root
Jan  4 01:23:48 LabSZ sshd[12094]: PAM service(sshd) ignoring max retries; 6 > 3
Jan  4 01:23:49 LabSZ sshd[12098]: pam_unix(sshd:auth): authentication failure; logname= uid=0 euid=0 tty=ssh ruser= rhost=218.87.109.156  user=root
Jan  4 01:23:50 LabSZ sshd[12096]: message repeated 5 times: [ Failed password for root from 59.63.188.30 port 19222 ssh2]
Jan  4 01:23:50 LabSZ sshd[12096]: Disconnecting: Too many authentication failures for root [preauth]
Jan  4 01:23:50 LabSZ sshd[12096]: PAM 5 more authentication failures; logname= uid=0 euid=0 tty=ssh ruser= rhost=59.63.188.30  user=root
Jan  4 01:23:50 LabSZ sshd[12096]: PAM service(sshd) ignoring max retries; 6 > 3
Jan  4 01:23:51 LabSZ sshd[12098]: Failed password for root from 218.87.109.156 port 31628 ssh2
Jan  4 01:23:52 LabSZ sshd[12100]: pam_unix(sshd:auth): authentication failure; logname= uid=0 euid=0 tty=ssh ruser= rhost=59.63.188.30  user=root
Jan  4 01:23:54 LabSZ sshd[12100]: Failed password for root from 59.63.188.30 port 39900 ssh2
Jan  4 01:24:04 LabSZ sshd[12098]: message repeated 5 times: [ Failed password for root from 218.87.109.156 port 31628 ssh2]
Jan  4 01:24:04 LabSZ sshd[12098]: Disconnecting: Too many authentication failures for root [preauth]
Jan  4 01:24:04 LabSZ sshd[12098]: PAM 5 more authentication failures; logname= uid=0 euid=0 tty=ssh ruser= rhost=218.87.109.156  user=root
Jan  4 01:24:04 LabSZ sshd[12098]: PAM service(sshd) ignoring max retries; 6 > 3
Jan  4 01:24:06 LabSZ sshd[12102]: pam_unix(sshd:auth): authentication failure; logname= uid=0 euid=0 tty=ssh ruser= rhost=218.87.109.156  user=root
Jan  4 01:24:07 LabSZ sshd[12100]: message repeated 5 times: [ Failed password for root from 59.63.188.30 port 39900 ssh2]
Jan  4 01:24:07 LabSZ sshd[12100]: Disconnecting: Too many authentication failures for root [preauth]
Jan  4 01:24:07 LabSZ sshd[12100]: PAM 5 more authentication failures; logname= uid=0 euid=0 tty=ssh ruser= rhost=59.63.188.30  user=root
Jan  4 01:24:07 LabSZ sshd[12100]: PAM service(sshd) ignoring max retries; 6 > 3
Jan  4 01:24:07 LabSZ sshd[12102]: Failed password for root from 218.87.109.156 port 5926 ssh2
Jan  4 01:24:08 LabSZ sshd[12104]: pam_unix(sshd:auth): authentication failure; logname= uid=0 euid=0 tty=ssh ruser= rhost=59.63.188.30  user=root
Jan  4 01:24:10 LabSZ sshd[12104]: Failed password for root from 59.63.188.30 port 60339 ssh2
Jan  4 01:24:20 LabSZ sshd[12102]: message repeated 5 times: [ Failed password for root from 218.87.109.156 port 5926 ssh2]
Jan  4 01:24:20 LabSZ sshd[12102]: Disconnecting: Too many authentication failures for root [preauth]
Jan  4 01:24:20 LabSZ sshd[12102]: PAM 5 more authentication failures; logname= uid=0 euid=0 tty=ssh ruser= rhost=218.87.109.156  user=root
Jan  4 01:24:20 LabSZ sshd[12102]: PAM service(sshd) ignoring max retries; 6 > 3
Jan  4 01:24:22 LabSZ sshd[12106]: pam_unix(sshd:auth): authentication failure; logname= uid=0 euid=0 tty=ssh ruser= rhost=218.87.109.156  user=root
Jan  4 01:24:24 LabSZ sshd[12104]: message repeated 5 times: [ Failed password for root from 59.63.188.30 port 60339 ssh2]
Jan  4 01:24:24 LabSZ sshd[12104]: Disconnecting: Too many authentication failures for root [preauth]
Jan  4 01:24:24 LabSZ sshd[12104]: PAM 5 more authentication failures; logname= uid=0 euid=0 tty=ssh ruser= rhost=59.63.188.30  user=root
Jan  4 01:24:24 LabSZ sshd[12104]: PAM service(sshd) ignoring max retries; 6 > 3
Jan  4 01:24:25 LabSZ sshd[12106]: Failed password for root from 218.87.109.156 port 43784 ssh2
Jan  4 01:24:25 LabSZ sshd[12108]: pam_unix(sshd:auth): authentication failure; logname= uid=0 euid=0 tty=ssh ruser= rhost=59.63.188.30  user=root
Jan  4 01:24:27 LabSZ sshd[12108]: Failed password for root from 59.63.188.30 port 16606 ssh2
Jan  4 01:24:40 LabSZ sshd[12108]: message repeated 5 times: [ Failed password for root from 59.63.188.30 port 16606 ssh2]
Jan  4 01:24:40 LabSZ sshd[12108]: Disconnecting: Too many authentication failures for root [preauth]
Jan  4 01:24:40 LabSZ sshd[12108]: PAM 5 more authentication failures; logname= uid=0 euid=0 tty=ssh ruser= rhost=59.63.188.30  user=root
Jan  4 01:24:40 LabSZ sshd[12108]: PAM service(sshd) ignoring max retries; 6 > 3
Jan  4 01:24:40 LabSZ sshd[12106]: message repeated 5 times: [ Failed password for root from 218.87.109.156 port 43784 ssh2]
Jan  4 01:24:40 LabSZ sshd[12106]: Disconnecting: Too many authentication failures for root [preauth]
Jan  4 01:24:40 LabSZ sshd[12106]: PAM 5 more authentication failures; logname= uid=0 euid=0 tty=ssh ruser= rhost=218.87.109.156  user=root
Jan  4 01:24:40 LabSZ sshd[12106]: PAM service(sshd) ignoring max retries; 6 > 3
Jan  4 01:24:41 LabSZ sshd[12110]: pam_unix(sshd:auth): authentication failure; logname= uid=0 euid=0 tty=ssh ruser= rhost=59.63.188.30  user=root
Jan  4 01:24:41 LabSZ sshd[12112]: pam_unix(sshd:auth): authentication failure; logname= uid=0 euid=0 tty=ssh ruser= rhost=218.87.109.156  user=root
Jan  4 01:24:43 LabSZ sshd[12110]: Failed password for root from 59.63.188.30 port 36795 ssh2
Jan  4 01:24:43 LabSZ sshd[12112]: Failed password for root from 218.87.109.156 port 26226 ssh2
Jan  4 01:24:52 LabSZ sshd[12114]: reverse mapping checking getaddrinfo for ip-187-119-142-14.user.vivozap.com.br [187.119.142.14] failed - POSSIBLE BREAK-IN ATTEMPT!
Jan  4 01:24:52 LabSZ sshd[12114]: pam_unix(sshd:auth): authentication failure; logname= uid=0 euid=0 tty=ssh ruser= rhost=187.119.142.14  user=root
Jan  4 01:24:55 LabSZ sshd[12114]: Failed password for root from 187.119.142.14 port 20114 ssh2
Jan  4 01:24:55 LabSZ sshd[12114]: Received disconnect from 187.119.142.14: 11: Bye Bye [preauth]
Jan  4 01:24:57 LabSZ sshd[12110]: message repeated 5 times: [ Failed password for root from 59.63.188.30 port 36795 ssh2]
Jan  4 01:24:57 LabSZ sshd[12110]: Disconnecting: Too many authentication failures for root [preauth]
Jan  4 01:24:57 LabSZ sshd[12110]: PAM 5 more authentication failures; logname= uid=0 euid=0 tty=ssh ruser= rhost=59.63.188.30  user=root
Jan  4 01:24:57 LabSZ sshd[12110]: PAM service(sshd) ignoring max retries; 6 > 3
Jan  4 01:24:57 LabSZ sshd[12112]: message repeated 5 times: [ Failed password for root from 218.87.109.156 port 26226 ssh2]
Jan  4 01:24:57 LabSZ sshd[12112]: Disconnecting: Too many authentication failures for root [preauth]
Jan  4 01:24:57 LabSZ sshd[12112]: PAM 5 more authentication failures; logname= uid=0 euid=0 tty=ssh ruser= rhost=218.87.109.156  user=root
Jan  4 01:24:57 LabSZ sshd[12112]: PAM service(sshd) ignoring max retries; 6 > 3
Jan  4 01:24:58 LabSZ sshd[12118]: pam_unix(sshd:auth): authentication failure; logname= uid=0 euid=0 tty=ssh ruser= rhost=59.63.188.30  user=root
Jan  4 01:24:58 LabSZ sshd[12116]: reverse mapping checking getaddrinfo for ip-187-119-142-14.user.vivozap.com.br [187.119.142.14] failed - POSSIBLE BREAK-IN ATTEMPT!
Jan  4 01:24:59 LabSZ sshd[12120]: pam_unix(sshd:auth): authentication failure; logname= uid=0 euid=0 tty=ssh ruser= rhost=218.87.109.156  user=root
Jan  4 01:24:59 LabSZ sshd[12116]: pam_unix(sshd:auth): authentication failure; logname= uid=0 euid=0 tty=ssh ruser= rhost=187.119.142.14  user=root
Jan  4 01:25:00 LabSZ sshd[12118]: Failed password for root from 59.63.188.30 port 57958 ssh2
Jan  4 01:25:01 LabSZ sshd[12120]: Failed password for root from 218.87.109.156 port 3674 ssh2
Jan  4 01:25:01 LabSZ sshd[12116]: Failed password for root from 187.119.142.14 port 20115 ssh2
Jan  4 01:25:01 LabSZ sshd[12116]: Received disconnect from 187.119.142.14: 11: Bye Bye [preauth]
Jan  4 01:25:05 LabSZ sshd[12122]: reverse mapping checking getaddrinfo for ip-187-119-142-14.user.vivozap.com.br [187.119.142.14] failed - POSSIBLE BREAK-IN ATTEMPT!
Jan  4 01:25:05 LabSZ sshd[12122]: Invalid user ubnt from 187.119.142.14
Jan  4 01:25:05 LabSZ sshd[12122]: input_userauth_request: invalid user ubnt [preauth]
Jan  4 01:25:05 LabSZ sshd[12122]: pam_unix(sshd:auth): check pass; user unknown
Jan  4 01:25:05 LabSZ sshd[12122]: pam_unix(sshd:auth): authentication failure; logname= uid=0 euid=0 tty=ssh ruser= rhost=187.119.142.14 
Jan  4 01:25:07 LabSZ sshd[12122]: Failed password for invalid user ubnt from 187.119.142.14 port 20116 ssh2
Jan  4 01:25:07 LabSZ sshd[12122]: Received disconnect from 187.119.142.14: 11: Bye Bye [preauth]
Jan  4 01:25:11 LabSZ sshd[12124]: reverse mapping checking getaddrinfo for ip-187-119-142-14.user.vivozap.com.br [187.119.142.14] failed - POSSIBLE BREAK-IN ATTEMPT!
Jan  4 01:25:11 LabSZ sshd[12124]: pam_unix(sshd:auth): authentication failure; logname= uid=0 euid=0 tty=ssh ruser= rhost=187.119.142.14  user=root
Jan  4 01:25:13 LabSZ sshd[12118]: message repeated 5 times: [ Failed password for root from 59.63.188.30 port 57958 ssh2]
Jan  4 01:25:13 LabSZ sshd[12118]: Disconnecting: Too many authentication failures for root [preauth]
Jan  4 01:25:13 LabSZ sshd[12118]: PAM 5 more authentication failures; logname= uid=0 euid=0 tty=ssh ruser= rhost=59.63.188.30  user=root
Jan  4 01:25:13 LabSZ sshd[12118]: PAM service(sshd) ignoring max retries; 6 > 3
Jan  4 01:25:13 LabSZ sshd[12124]: Failed password for root from 187.119.142.14 port 20117 ssh2
Jan  4 01:25:14 LabSZ sshd[12124]: Received disconnect from 187.119.142.14: 11: Bye Bye [preauth]
Jan  4 01:25:14 LabSZ sshd[12120]: message repeated 5 times: [ Failed password for root from 218.87.109.156 port 3674 ssh2]
Jan  4 01:25:14 LabSZ sshd[12120]: Disconnecting: Too many authentication failures for root [preauth]
Jan  4 01:25:14 LabSZ sshd[12120]: PAM 5 more authentication failures; logname= uid=0 euid=0 tty=ssh ruser= rhost=218.87.109.156  user=root
Jan  4 01:25:14 LabSZ sshd[12120]: PAM service(sshd) ignoring max retries; 6 > 3
Jan  4 01:25:14 LabSZ sshd[12126]: pam_unix(sshd:auth): authentication failure; logname= uid=0 euid=0 tty=ssh ruser= rhost=59.63.188.30  user=root
Jan  4 01:25:15 LabSZ sshd[12130]: pam_unix(sshd:auth): authentication failure; logname= uid=0 euid=0 tty=ssh ruser= rhost=218.87.109.156  user=root
Jan  4 01:25:16 LabSZ sshd[12126]: Failed password for root from 59.63.188.30 port 13675 ssh2
Jan  4 01:25:17 LabSZ sshd[12128]: reverse mapping checking getaddrinfo for ip-187-119-142-14.user.vivozap.com.br [187.119.142.14] failed - POSSIBLE BREAK-IN ATTEMPT!
Jan  4 01:25:17 LabSZ sshd[12128]: pam_unix(sshd:auth): authentication failure; logname= uid=0 euid=0 tty=ssh ruser= rhost=187.119.142.14  user=root
Jan  4 01:25:17 LabSZ sshd[12130]: Failed password for root from 218.87.109.156 port 42682 ssh2
Jan  4 01:25:19 LabSZ sshd[12128]: Failed password for root from 187.119.142.14 port 20118 ssh2
Jan  4 01:25:20 LabSZ sshd[12128]: Received disconnect from 187.119.142.14: 11: Bye Bye [preauth]
