Dec 11 19:38:55 LabSZ sshd[31155]: Failed password for root from 183.63.172.52 port 34270 ssh2
Dec 11 19:38:55 LabSZ sshd[31155]: Connection closed by 183.63.172.52 [preauth]
Dec 11 19:38:55 LabSZ sshd[31157]: pam_unix(sshd:auth): authentication failure; logname= uid=0 euid=0 tty=ssh ruser= rhost=183.63.172.52  user=root
Dec 11 19:38:57 LabSZ sshd[31157]: Failed password for root from 183.63.172.52 port 34700 ssh2
Dec 11 19:38:57 LabSZ sshd[31157]: Connection closed by 183.63.172.52 [preauth]
Dec 11 19:38:57 LabSZ sshd[31159]: pam_unix(sshd:auth): authentication failure; logname= uid=0 euid=0 tty=ssh ruser= rhost=183.63.172.52  user=root
Dec 11 19:38:59 LabSZ sshd[31159]: Failed password for root from 183.63.172.52 port 35126 ssh2
Dec 11 19:38:59 LabSZ sshd[31159]: Connection closed by 183.63.172.52 [preauth]
Dec 11 19:38:59 LabSZ sshd[31161]: pam_unix(sshd:auth): authentication failure; logname= uid=0 euid=0 tty=ssh ruser= rhost=183.63.172.52  user=root
Dec 11 19:39:01 LabSZ sshd[31161]: Failed password for root from 183.63.172.52 port 35392 ssh2
Dec 11 19:39:01 LabSZ sshd[31161]: Connection closed by 183.63.172.52 [preauth]
Dec 11 19:39:11 LabSZ sshd[31163]: pam_unix(sshd:auth): authentication failure; logname= uid=0 euid=0 tty=ssh ruser= rhost=183.63.172.52  user=root
Dec 11 19:39:12 LabSZ sshd[31163]: Failed password for root from 183.63.172.52 port 35672 ssh2
Dec 11 19:39:12 LabSZ sshd[31163]: Connection closed by 183.63.172.52 [preauth]
Dec 11 19:39:12 LabSZ sshd[31180]: pam_unix(sshd:auth): authentication failure; logname= uid=0 euid=0 tty=ssh ruser= rhost=183.63.172.52  user=root
Dec 11 19:39:14 LabSZ sshd[31180]: Failed password for root from 183.63.172.52 port 37668 ssh2
Dec 11 19:39:14 LabSZ sshd[31180]: Connection closed by 183.63.172.52 [preauth]
Dec 11 19:39:14 LabSZ sshd[31183]: pam_unix(sshd:auth): authentication failure; logname= uid=0 euid=0 tty=ssh ruser= rhost=183.63.172.52  user=root
Dec 11 19:39:16 LabSZ sshd[31183]: Failed password for root from 183.63.172.52 port 38012 ssh2
Dec 11 19:39:16 LabSZ sshd[31183]: Connection closed by 183.63.172.52 [preauth]
Dec 11 19:39:16 LabSZ sshd[31185]: pam_unix(sshd:auth): authentication failure; logname= uid=0 euid=0 tty=ssh ruser= rhost=183.63.172.52  user=root
Dec 11 19:39:17 LabSZ sshd[31179]: Invalid user  0101 from 5.188.10.156
Dec 11 19:39:17 LabSZ sshd[31179]: input_userauth_request: invalid user  0101 [preauth]
Dec 11 19:39:17 LabSZ sshd[31179]: pam_unix(sshd:auth): check pass; user unknown
Dec 11 19:39:17 LabSZ sshd[31179]: pam_unix(sshd:auth): authentication failure; logname= uid=0 euid=0 tty=ssh ruser= rhost=5.188.10.156 
Dec 11 19:39:18 LabSZ sshd[31185]: Failed password for root from 183.63.172.52 port 38344 ssh2
Dec 11 19:39:18 LabSZ sshd[31185]: Connection closed by 183.63.172.52 [preauth]
Dec 11 19:39:18 LabSZ sshd[31187]: pam_unix(sshd:auth): authentication failure; logname= uid=0 euid=0 tty=ssh ruser= rhost=183.63.172.52  user=root
Dec 11 19:39:20 LabSZ sshd[31179]: Failed password for invalid user  0101 from 5.188.10.156 port 52060 ssh2
Dec 11 19:39:21 LabSZ sshd[31187]: Failed password for root from 183.63.172.52 port 38676 ssh2
Dec 11 19:39:21 LabSZ sshd[31187]: Connection closed by 183.63.172.52 [preauth]
Dec 11 19:39:21 LabSZ sshd[31189]: pam_unix(sshd:auth): authentication failure; logname= uid=0 euid=0 tty=ssh ruser= rhost=183.63.172.52  user=root
Dec 11 19:39:21 LabSZ sshd[31179]: Connection closed by 5.188.10.156 [preauth]
Dec 11 19:39:22 LabSZ sshd[31189]: Failed password for root from 183.63.172.52 port 39074 ssh2
Dec 11 19:39:22 LabSZ sshd[31189]: Connection closed by 183.63.172.52 [preauth]
Dec 11 19:39:22 LabSZ sshd[31192]: pam_unix(sshd:auth): authentication failure; logname= uid=0 euid=0 tty=ssh ruser= rhost=183.63.172.52  user=root
Dec 11 19:39:24 LabSZ sshd[31192]: Failed password for root from 183.63.172.52 port 39346 ssh2
Dec 11 19:39:24 LabSZ sshd[31192]: Connection closed by 183.63.172.52 [preauth]
Dec 11 19:39:24 LabSZ sshd[31195]: pam_unix(sshd:auth): authentication failure; logname= uid=0 euid=0 tty=ssh ruser= rhost=183.63.172.52  user=root
Dec 11 19:39:26 LabSZ sshd[31195]: Failed password for root from 183.63.172.52 port 39604 ssh2
Dec 11 19:39:26 LabSZ sshd[31195]: Connection closed by 183.63.172.52 [preauth]
Dec 11 19:39:26 LabSZ sshd[31197]: pam_unix(sshd:auth): authentication failure; logname= uid=0 euid=0 tty=ssh ruser= rhost=183.63.172.52  user=root
Dec 11 19:39:26 LabSZ sshd[31191]: Invalid user 0 from 5.188.10.156
Dec 11 19:39:26 LabSZ sshd[31191]: input_userauth_request: invalid user 0 [preauth]
Dec 11 19:39:26 LabSZ sshd[31191]: Failed none for invalid user 0 from 5.188.10.156 port 59356 ssh2
Dec 11 19:39:28 LabSZ sshd[31197]: Failed password for root from 183.63.172.52 port 39936 ssh2
Dec 11 19:39:28 LabSZ sshd[31197]: Connection closed by 183.63.172.52 [preauth]
Dec 11 19:39:28 LabSZ sshd[31199]: pam_unix(sshd:auth): authentication failure; logname= uid=0 euid=0 tty=ssh ruser= rhost=183.63.172.52  user=root
Dec 11 19:39:29 LabSZ sshd[31191]: pam_unix(sshd:auth): check pass; user unknown
Dec 11 19:39:29 LabSZ sshd[31191]: pam_unix(sshd:auth): authentication failure; logname= uid=0 euid=0 tty=ssh ruser= rhost=5.188.10.156 
Dec 11 19:39:30 LabSZ sshd[31199]: Failed password for root from 183.63.172.52 port 40272 ssh2
Dec 11 19:39:30 LabSZ sshd[31199]: Connection closed by 183.63.172.52 [preauth]
Dec 11 19:39:30 LabSZ sshd[31201]: pam_unix(sshd:auth): authentication failure; logname= uid=0 euid=0 tty=ssh ruser= rhost=183.63.172.52  user=root
Dec 11 19:39:31 LabSZ sshd[31191]: Failed password for invalid user 0 from 5.188.10.156 port 59356 ssh2
Dec 11 19:39:32 LabSZ sshd[31201]: Failed password for root from 183.63.172.52 port 40674 ssh2
Dec 11 19:39:32 LabSZ sshd[31201]: Connection closed by 183.63.172.52 [preauth]
Dec 11 19:39:32 LabSZ sshd[31203]: pam_unix(sshd:auth): authentication failure; logname= uid=0 euid=0 tty=ssh ruser= rhost=183.63.172.52  user=root
Dec 11 19:39:35 LabSZ sshd[31203]: Failed password for root from 183.63.172.52 port 41048 ssh2
Dec 11 19:39:35 LabSZ sshd[31203]: Connection closed by 183.63.172.52 [preauth]
Dec 11 19:39:35 LabSZ sshd[31205]: pam_unix(sshd:auth): authentication failure; logname= uid=0 euid=0 tty=ssh ruser= rhost=183.63.172.52  user=root
Dec 11 19:39:36 LabSZ sshd[31205]: Failed password for root from 183.63.172.52 port 41462 ssh2
Dec 11 19:39:36 LabSZ sshd[31205]: Connection closed by 183.63.172.52 [preauth]
Dec 11 19:39:36 LabSZ sshd[31207]: pam_unix(sshd:auth): authentication failure; logname= uid=0 euid=0 tty=ssh ruser= rhost=183.63.172.52  user=root
Dec 11 19:39:38 LabSZ sshd[31191]: Connection closed by 5.188.10.156 [preauth]
Dec 11 19:39:38 LabSZ sshd[31207]: Failed password for root from 183.63.172.52 port 41736 ssh2
Dec 11 19:39:38 LabSZ sshd[31207]: Connection closed by 183.63.172.52 [preauth]
Dec 11 19:39:38 LabSZ sshd[31210]: pam_unix(sshd:auth): authentication failure; logname= uid=0 euid=0 tty=ssh ruser= rhost=183.63.172.52  user=root
Dec 11 19:39:41 LabSZ sshd[31210]: Failed password for root from 183.63.172.52 port 42102 ssh2
Dec 11 19:39:41 LabSZ sshd[31210]: Connection closed by 183.63.172.52 [preauth]
Dec 11 19:39:41 LabSZ sshd[31212]: pam_unix(sshd:auth): authentication failure; logname= uid=0 euid=0 tty=ssh ruser= rhost=183.63.172.52  user=root
Dec 11 19:39:43 LabSZ sshd[31212]: Failed password for root from 183.63.172.52 port 42464 ssh2
Dec 11 19:39:43 LabSZ sshd[31212]: Connection closed by 183.63.172.52 [preauth]
Dec 11 19:39:43 LabSZ sshd[31215]: pam_unix(sshd:auth): authentication failure; logname= uid=0 euid=0 tty=ssh ruser= rhost=183.63.172.52  user=root
Dec 11 19:39:45 LabSZ sshd[31215]: Failed password for root from 183.63.172.52 port 42824 ssh2
Dec 11 19:39:45 LabSZ sshd[31215]: Connection closed by 183.63.172.52 [preauth]
Dec 11 19:39:45 LabSZ sshd[31217]: pam_unix(sshd:auth): authentication failure; logname= uid=0 euid=0 tty=ssh ruser= rhost=183.63.172.52  user=root
Dec 11 19:39:46 LabSZ sshd[31209]: Invalid user 1234 from 5.188.10.156
Dec 11 19:39:46 LabSZ sshd[31209]: input_userauth_request: invalid user 1234 [preauth]
Dec 11 19:39:46 LabSZ sshd[31209]: pam_unix(sshd:auth): check pass; user unknown
Dec 11 19:39:46 LabSZ sshd[31209]: pam_unix(sshd:auth): authentication failure; logname= uid=0 euid=0 tty=ssh ruser= rhost=5.188.10.156 
Dec 11 19:39:47 LabSZ sshd[31217]: Failed password for root from 183.63.172.52 port 43222 ssh2
Dec 11 19:39:47 LabSZ sshd[31217]: Connection closed by 183.63.172.52 [preauth]
Dec 11 19:39:47 LabSZ sshd[31219]: pam_unix(sshd:auth): authentication failure; logname= uid=0 euid=0 tty=ssh ruser= rhost=183.63.172.52  user=root
Dec 11 19:39:48 LabSZ sshd[31209]: Failed password for invalid user 1234 from 5.188.10.156 port 38596 ssh2
Dec 11 19:39:48 LabSZ sshd[31209]: Connection closed by 5.188.10.156 [preauth]
Dec 11 19:39:49 LabSZ sshd[31219]: Failed password for root from 183.63.172.52 port 43612 ssh2
Dec 11 19:39:49 LabSZ sshd[31219]: Connection closed by 183.63.172.52 [preauth]
Dec 11 19:39:49 LabSZ sshd[31222]: pam_unix(sshd:auth): authentication failure; logname= uid=0 euid=0 tty=ssh ruser= rhost=183.63.172.52  user=root
Dec 11 19:39:51 LabSZ sshd[31222]: Failed password for root from 183.63.172.52 port 43946 ssh2
Dec 11 19:39:51 LabSZ sshd[31222]: Connection closed by 183.63.172.52 [preauth]
Dec 11 19:39:51 LabSZ sshd[31225]: pam_unix(sshd:auth): authentication failure; logname= uid=0 euid=0 tty=ssh ruser= rhost=183.63.172.52  user=root
Dec 11 19:39:54 LabSZ sshd[31225]: Failed password for root from 183.63.172.52 port 44308 ssh2
Dec 11 19:39:54 LabSZ sshd[31225]: Connection closed by 183.63.172.52 [preauth]
Dec 11 19:39:54 LabSZ sshd[31227]: pam_unix(sshd:auth): authentication failure; logname= uid=0 euid=0 tty=ssh ruser= rhost=183.63.172.52  user=root
Dec 11 19:39:56 LabSZ sshd[31227]: Failed password for root from 183.63.172.52 port 44760 ssh2
Dec 11 19:39:56 LabSZ sshd[31227]: Connection closed by 183.63.172.52 [preauth]
Dec 11 19:39:56 LabSZ sshd[31229]: pam_unix(sshd:auth): authentication failure; logname= uid=0 euid=0 tty=ssh ruser= rhost=183.63.172.52  user=root
Dec 11 19:39:58 LabSZ sshd[31229]: Failed password for root from 183.63.172.52 port 45054 ssh2
Dec 11 19:39:58 LabSZ sshd[31229]: Connection closed by 183.63.172.52 [preauth]
Dec 11 19:39:58 LabSZ sshd[31231]: pam_unix(sshd:auth): authentication failure; logname= uid=0 euid=0 tty=ssh ruser= rhost=183.63.172.52  user=root
