Jan  3 12:13:59 LabSZ sshd[32045]: pam_unix(sshd:auth): authentication failure; logname= uid=0 euid=0 tty=ssh ruser= rhost=119.7.221.129 
Jan  3 12:14:01 LabSZ sshd[32045]: Failed password for invalid user myapn_cen from 119.7.221.129 port 42565 ssh2
Jan  3 12:14:01 LabSZ sshd[32045]: Received disconnect from 119.7.221.129: 11: Bye Bye [preauth]
Jan  3 12:14:01 LabSZ sshd[32047]: pam_unix(sshd:auth): authentication failure; logname= uid=0 euid=0 tty=ssh ruser= rhost=119.7.221.129  user=root
Jan  3 12:14:03 LabSZ sshd[32047]: Failed password for root from 119.7.221.129 port 44590 ssh2
Jan  3 12:14:03 LabSZ sshd[32047]: Received disconnect from 119.7.221.129: 11: Bye Bye [preauth]
Jan  3 12:14:04 LabSZ sshd[32035]: message repeated 5 times: [ Failed password for root from 59.63.188.30 port 27867 ssh2]
Jan  3 12:14:04 LabSZ sshd[32035]: Disconnecting: Too many authentication failures for root [preauth]
Jan  3 12:14:04 LabSZ sshd[32035]: PAM 5 more authentication failures; logname= uid=0 euid=0 tty=ssh ruser= rhost=59.63.188.30  user=root
Jan  3 12:14:04 LabSZ sshd[32035]: PAM service(sshd) ignoring max retries; 6 > 3
Jan  3 12:14:04 LabSZ sshd[32049]: pam_unix(sshd:auth): authentication failure; logname= uid=0 euid=0 tty=ssh ruser= rhost=119.7.221.129  user=root
Jan  3 12:14:05 LabSZ sshd[32051]: pam_unix(sshd:auth): authentication failure; logname= uid=0 euid=0 tty=ssh ruser= rhost=59.63.188.30  user=root
Jan  3 12:14:06 LabSZ sshd[32049]: Failed password for root from 119.7.221.129 port 47109 ssh2
Jan  3 12:14:06 LabSZ sshd[32049]: Received disconnect from 119.7.221.129: 11: Bye Bye [preauth]
Jan  3 12:14:06 LabSZ sshd[32053]: pam_unix(sshd:auth): authentication failure; logname= uid=0 euid=0 tty=ssh ruser= rhost=119.7.221.129  user=root
Jan  3 12:14:07 LabSZ sshd[32051]: Failed password for root from 59.63.188.30 port 46911 ssh2
Jan  3 12:14:08 LabSZ sshd[32053]: Failed password for root from 119.7.221.129 port 49331 ssh2
Jan  3 12:14:08 LabSZ sshd[32053]: Received disconnect from 119.7.221.129: 11: Bye Bye [preauth]
Jan  3 12:14:09 LabSZ sshd[32043]: reverse mapping checking getaddrinfo for . [183.192.189.131] failed - POSSIBLE BREAK-IN ATTEMPT!
Jan  3 12:14:09 LabSZ sshd[32043]: pam_unix(sshd:auth): authentication failure; logname= uid=0 euid=0 tty=ssh ruser= rhost=183.192.189.131  user=root
Jan  3 12:14:09 LabSZ sshd[32055]: Invalid user patrol from 119.7.221.129
Jan  3 12:14:09 LabSZ sshd[32055]: input_userauth_request: invalid user patrol [preauth]
Jan  3 12:14:09 LabSZ sshd[32055]: pam_unix(sshd:auth): check pass; user unknown
Jan  3 12:14:09 LabSZ sshd[32055]: pam_unix(sshd:auth): authentication failure; logname= uid=0 euid=0 tty=ssh ruser= rhost=119.7.221.129 
Jan  3 12:14:10 LabSZ sshd[32043]: Failed password for root from 183.192.189.131 port 22239 ssh2
Jan  3 12:14:10 LabSZ sshd[32043]: Connection closed by 183.192.189.131 [preauth]
Jan  3 12:14:10 LabSZ sshd[32055]: Failed password for invalid user patrol from 119.7.221.129 port 51539 ssh2
Jan  3 12:14:10 LabSZ sshd[32055]: Received disconnect from 119.7.221.129: 11: Bye Bye [preauth]
Jan  3 12:14:11 LabSZ sshd[32057]: reverse mapping checking getaddrinfo for . [183.192.189.131] failed - POSSIBLE BREAK-IN ATTEMPT!
Jan  3 12:14:11 LabSZ sshd[32057]: pam_unix(sshd:auth): authentication failure; logname= uid=0 euid=0 tty=ssh ruser= rhost=183.192.189.131  user=root
Jan  3 12:14:11 LabSZ sshd[32059]: pam_unix(sshd:auth): authentication failure; logname= uid=0 euid=0 tty=ssh ruser= rhost=119.7.221.129  user=root
Jan  3 12:14:13 LabSZ sshd[32057]: Failed password for root from 183.192.189.131 port 22240 ssh2
Jan  3 12:14:13 LabSZ sshd[32057]: Connection closed by 183.192.189.131 [preauth]
Jan  3 12:14:13 LabSZ sshd[32059]: Failed password for root from 119.7.221.129 port 53508 ssh2
Jan  3 12:14:13 LabSZ sshd[32061]: reverse mapping checking getaddrinfo for . [183.192.189.131] failed - POSSIBLE BREAK-IN ATTEMPT!
Jan  3 12:14:13 LabSZ sshd[32061]: pam_unix(sshd:auth): authentication failure; logname= uid=0 euid=0 tty=ssh ruser= rhost=183.192.189.131  user=root
Jan  3 12:14:13 LabSZ sshd[32059]: Received disconnect from 119.7.221.129: 11: Bye Bye [preauth]
Jan  3 12:14:13 LabSZ sshd[32063]: pam_unix(sshd:auth): authentication failure; logname= uid=0 euid=0 tty=ssh ruser= rhost=119.7.221.129  user=root
Jan  3 12:14:15 LabSZ sshd[32061]: Failed password for root from 183.192.189.131 port 22241 ssh2
Jan  3 12:14:15 LabSZ sshd[32061]: Connection closed by 183.192.189.131 [preauth]
Jan  3 12:14:15 LabSZ sshd[32065]: reverse mapping checking getaddrinfo for . [183.192.189.131] failed - POSSIBLE BREAK-IN ATTEMPT!
Jan  3 12:14:15 LabSZ sshd[32065]: pam_unix(sshd:auth): authentication failure; logname= uid=0 euid=0 tty=ssh ruser= rhost=183.192.189.131  user=root
Jan  3 12:14:16 LabSZ sshd[32063]: Failed password for root from 119.7.221.129 port 55766 ssh2
Jan  3 12:14:16 LabSZ sshd[32063]: Received disconnect from 119.7.221.129: 11: Bye Bye [preauth]
Jan  3 12:14:16 LabSZ sshd[32067]: pam_unix(sshd:auth): authentication failure; logname= uid=0 euid=0 tty=ssh ruser= rhost=119.7.221.129  user=root
Jan  3 12:14:18 LabSZ sshd[32065]: Failed password for root from 183.192.189.131 port 22242 ssh2
Jan  3 12:14:18 LabSZ sshd[32065]: Connection closed by 183.192.189.131 [preauth]
Jan  3 12:14:18 LabSZ sshd[32067]: Failed password for root from 119.7.221.129 port 58189 ssh2
Jan  3 12:14:18 LabSZ sshd[32067]: Received disconnect from 119.7.221.129: 11: Bye Bye [preauth]
Jan  3 12:14:18 LabSZ sshd[32071]: pam_unix(sshd:auth): authentication failure; logname= uid=0 euid=0 tty=ssh ruser= rhost=119.7.221.129  user=root
Jan  3 12:14:20 LabSZ sshd[32051]: message repeated 5 times: [ Failed password for root from 59.63.188.30 port 46911 ssh2]
Jan  3 12:14:20 LabSZ sshd[32051]: Disconnecting: Too many authentication failures for root [preauth]
Jan  3 12:14:20 LabSZ sshd[32051]: PAM 5 more authentication failures; logname= uid=0 euid=0 tty=ssh ruser= rhost=59.63.188.30  user=root
Jan  3 12:14:20 LabSZ sshd[32051]: PAM service(sshd) ignoring max retries; 6 > 3
Jan  3 12:14:20 LabSZ sshd[32071]: Failed password for root from 119.7.221.129 port 60423 ssh2
Jan  3 12:14:20 LabSZ sshd[32071]: Received disconnect from 119.7.221.129: 11: Bye Bye [preauth]
Jan  3 12:14:21 LabSZ sshd[32073]: Invalid user ultranms from 119.7.221.129
Jan  3 12:14:21 LabSZ sshd[32073]: input_userauth_request: invalid user ultranms [preauth]
Jan  3 12:14:21 LabSZ sshd[32073]: pam_unix(sshd:auth): check pass; user unknown
Jan  3 12:14:21 LabSZ sshd[32073]: pam_unix(sshd:auth): authentication failure; logname= uid=0 euid=0 tty=ssh ruser= rhost=119.7.221.129 
Jan  3 12:14:21 LabSZ sshd[32075]: pam_unix(sshd:auth): authentication failure; logname= uid=0 euid=0 tty=ssh ruser= rhost=59.63.188.30  user=root
Jan  3 12:14:22 LabSZ sshd[32073]: Failed password for invalid user ultranms from 119.7.221.129 port 34311 ssh2
Jan  3 12:14:23 LabSZ sshd[32073]: Received disconnect from 119.7.221.129: 11: Bye Bye [preauth]
Jan  3 12:14:23 LabSZ sshd[32075]: Failed password for root from 59.63.188.30 port 64496 ssh2
Jan  3 12:14:23 LabSZ sshd[32077]: pam_unix(sshd:auth): authentication failure; logname= uid=0 euid=0 tty=ssh ruser= rhost=119.7.221.129  user=root
Jan  3 12:14:25 LabSZ sshd[32077]: Failed password for root from 119.7.221.129 port 36186 ssh2
Jan  3 12:14:25 LabSZ sshd[32077]: Received disconnect from 119.7.221.129: 11: Bye Bye [preauth]
Jan  3 12:14:25 LabSZ sshd[32079]: pam_unix(sshd:auth): authentication failure; logname= uid=0 euid=0 tty=ssh ruser= rhost=119.7.221.129  user=root
Jan  3 12:14:28 LabSZ sshd[32079]: Failed password for root from 119.7.221.129 port 38333 ssh2
Jan  3 12:14:28 LabSZ sshd[32079]: Received disconnect from 119.7.221.129: 11: Bye Bye [preauth]
Jan  3 12:14:28 LabSZ sshd[32069]: reverse mapping checking getaddrinfo for . [183.192.189.131] failed - POSSIBLE BREAK-IN ATTEMPT!
Jan  3 12:14:28 LabSZ sshd[32069]: pam_unix(sshd:auth): authentication failure; logname= uid=0 euid=0 tty=ssh ruser= rhost=183.192.189.131  user=root
Jan  3 12:14:28 LabSZ sshd[32081]: Invalid user hxht from 119.7.221.129
Jan  3 12:14:28 LabSZ sshd[32081]: input_userauth_request: invalid user hxht [preauth]
Jan  3 12:14:28 LabSZ sshd[32081]: pam_unix(sshd:auth): check pass; user unknown
Jan  3 12:14:28 LabSZ sshd[32081]: pam_unix(sshd:auth): authentication failure; logname= uid=0 euid=0 tty=ssh ruser= rhost=119.7.221.129 
Jan  3 12:14:30 LabSZ sshd[32069]: Failed password for root from 183.192.189.131 port 22243 ssh2
Jan  3 12:14:30 LabSZ sshd[32069]: Connection closed by 183.192.189.131 [preauth]
Jan  3 12:14:30 LabSZ sshd[32081]: Failed password for invalid user hxht from 119.7.221.129 port 40634 ssh2
Jan  3 12:14:30 LabSZ sshd[32081]: Received disconnect from 119.7.221.129: 11: Bye Bye [preauth]
Jan  3 12:14:30 LabSZ sshd[32083]: reverse mapping checking getaddrinfo for . [183.192.189.131] failed - POSSIBLE BREAK-IN ATTEMPT!
Jan  3 12:14:30 LabSZ sshd[32083]: pam_unix(sshd:auth): authentication failure; logname= uid=0 euid=0 tty=ssh ruser= rhost=183.192.189.131  user=root
Jan  3 12:14:31 LabSZ sshd[32085]: pam_unix(sshd:auth): authentication failure; logname= uid=0 euid=0 tty=ssh ruser= rhost=119.7.221.129  user=root
Jan  3 12:14:32 LabSZ sshd[32083]: Failed password for root from 183.192.189.131 port 22244 ssh2
Jan  3 12:14:33 LabSZ sshd[32083]: Connection closed by 183.192.189.131 [preauth]
Jan  3 12:14:33 LabSZ sshd[32085]: Failed password for root from 119.7.221.129 port 42745 ssh2
Jan  3 12:14:33 LabSZ sshd[32085]: Received disconnect from 119.7.221.129: 11: Bye Bye [preauth]
Jan  3 12:14:33 LabSZ sshd[32089]: pam_unix(sshd:auth): authentication failure; logname= uid=0 euid=0 tty=ssh ruser= rhost=119.7.221.129  user=root
Jan  3 12:14:35 LabSZ sshd[32089]: Failed password for root from 119.7.221.129 port 45164 ssh2
Jan  3 12:14:35 LabSZ sshd[32089]: Received disconnect from 119.7.221.129: 11: Bye Bye [preauth]
Jan  3 12:14:36 LabSZ sshd[32091]: Invalid user xiuno from 119.7.221.129
Jan  3 12:14:36 LabSZ sshd[32091]: input_userauth_request: invalid user xiuno [preauth]
Jan  3 12:14:36 LabSZ sshd[32091]: pam_unix(sshd:auth): check pass; user unknown
Jan  3 12:14:36 LabSZ sshd[32091]: pam_unix(sshd:auth): authentication failure; logname= uid=0 euid=0 tty=ssh ruser= rhost=119.7.221.129 
Jan  3 12:14:36 LabSZ sshd[32075]: message repeated 5 times: [ Failed password for root from 59.63.188.30 port 64496 ssh2]
Jan  3 12:14:36 LabSZ sshd[32075]: Disconnecting: Too many authentication failures for root [preauth]
Jan  3 12:14:36 LabSZ sshd[32075]: PAM 5 more authentication failures; logname= uid=0 euid=0 tty=ssh ruser= rhost=59.63.188.30  user=root
Jan  3 12:14:36 LabSZ sshd[32075]: PAM service(sshd) ignoring max retries; 6 > 3
Jan  3 12:14:37 LabSZ sshd[32093]: pam_unix(sshd:auth): authentication failure; logname= uid=0 euid=0 tty=ssh ruser= rhost=59.63.188.30  user=root
Jan  3 12:14:38 LabSZ sshd[32091]: Failed password for invalid user xiuno from 119.7.221.129 port 47293 ssh2
