Jan  3 04:55:25 LabSZ sshd[9162]: reverse mapping checking getaddrinfo for . [183.192.189.131] failed - POSSIBLE BREAK-IN ATTEMPT!
Jan  3 04:55:25 LabSZ sshd[9158]: Failed password for root from 183.63.110.206 port 52945 ssh2
Jan  3 04:55:25 LabSZ sshd[9162]: pam_unix(sshd:auth): authentication failure; logname= uid=0 euid=0 tty=ssh ruser= rhost=183.192.189.131  user=root
Jan  3 04:55:25 LabSZ sshd[9158]: Connection closed by 183.63.110.206 [preauth]
Jan  3 04:55:27 LabSZ sshd[9162]: Failed password for root from 183.192.189.131 port 11313 ssh2
Jan  3 04:55:27 LabSZ sshd[9162]: Connection closed by 183.192.189.131 [preauth]
Jan  3 04:55:27 LabSZ sshd[9166]: reverse mapping checking getaddrinfo for . [183.192.189.131] failed - POSSIBLE BREAK-IN ATTEMPT!
Jan  3 04:55:27 LabSZ sshd[9166]: pam_unix(sshd:auth): authentication failure; logname= uid=0 euid=0 tty=ssh ruser= rhost=183.192.189.131  user=root
Jan  3 04:55:29 LabSZ sshd[9164]: pam_unix(sshd:auth): authentication failure; logname= uid=0 euid=0 tty=ssh ruser= rhost=183.63.110.206  user=root
Jan  3 04:55:29 LabSZ sshd[9166]: Failed password for root from 183.192.189.131 port 11314 ssh2
Jan  3 04:55:29 LabSZ sshd[9166]: Connection closed by 183.192.189.131 [preauth]
Jan  3 04:55:30 LabSZ sshd[9168]: reverse mapping checking getaddrinfo for . [183.192.189.131] failed - POSSIBLE BREAK-IN ATTEMPT!
Jan  3 04:55:30 LabSZ sshd[9168]: pam_unix(sshd:auth): authentication failure; logname= uid=0 euid=0 tty=ssh ruser= rhost=183.192.189.131  user=root
Jan  3 04:55:30 LabSZ sshd[9164]: Failed password for root from 183.63.110.206 port 53042 ssh2
Jan  3 04:55:31 LabSZ sshd[9164]: Connection closed by 183.63.110.206 [preauth]
Jan  3 04:55:32 LabSZ sshd[9168]: Failed password for root from 183.192.189.131 port 11315 ssh2
Jan  3 04:55:32 LabSZ sshd[9168]: Connection closed by 183.192.189.131 [preauth]
Jan  3 04:55:32 LabSZ sshd[9172]: reverse mapping checking getaddrinfo for . [183.192.189.131] failed - POSSIBLE BREAK-IN ATTEMPT!
Jan  3 04:55:32 LabSZ sshd[9172]: pam_unix(sshd:auth): authentication failure; logname= uid=0 euid=0 tty=ssh ruser= rhost=183.192.189.131  user=root
Jan  3 04:55:34 LabSZ sshd[9172]: Failed password for root from 183.192.189.131 port 11316 ssh2
Jan  3 04:55:34 LabSZ sshd[9172]: Connection closed by 183.192.189.131 [preauth]
Jan  3 04:55:34 LabSZ sshd[9174]: reverse mapping checking getaddrinfo for . [183.192.189.131] failed - POSSIBLE BREAK-IN ATTEMPT!
Jan  3 04:55:34 LabSZ sshd[9174]: pam_unix(sshd:auth): authentication failure; logname= uid=0 euid=0 tty=ssh ruser= rhost=183.192.189.131  user=root
Jan  3 04:55:36 LabSZ sshd[9170]: pam_unix(sshd:auth): authentication failure; logname= uid=0 euid=0 tty=ssh ruser= rhost=183.63.110.206  user=root
Jan  3 04:55:36 LabSZ sshd[9174]: Failed password for root from 183.192.189.131 port 11317 ssh2
Jan  3 04:55:37 LabSZ sshd[9174]: Connection closed by 183.192.189.131 [preauth]
Jan  3 04:55:37 LabSZ sshd[9176]: reverse mapping checking getaddrinfo for . [183.192.189.131] failed - POSSIBLE BREAK-IN ATTEMPT!
Jan  3 04:55:37 LabSZ sshd[9176]: pam_unix(sshd:auth): authentication failure; logname= uid=0 euid=0 tty=ssh ruser= rhost=183.192.189.131  user=root
Jan  3 04:55:38 LabSZ sshd[9170]: Failed password for root from 183.63.110.206 port 53196 ssh2
Jan  3 04:55:38 LabSZ sshd[9170]: Connection closed by 183.63.110.206 [preauth]
Jan  3 04:55:39 LabSZ sshd[9176]: Failed password for root from 183.192.189.131 port 11318 ssh2
Jan  3 04:55:39 LabSZ sshd[9176]: Connection closed by 183.192.189.131 [preauth]
Jan  3 04:55:40 LabSZ sshd[9178]: pam_unix(sshd:auth): authentication failure; logname= uid=0 euid=0 tty=ssh ruser= rhost=183.63.110.206  user=root
Jan  3 04:55:43 LabSZ sshd[9178]: Failed password for root from 183.63.110.206 port 53375 ssh2
Jan  3 04:55:43 LabSZ sshd[9178]: Connection closed by 183.63.110.206 [preauth]
Jan  3 04:55:45 LabSZ sshd[9182]: pam_unix(sshd:auth): authentication failure; logname= uid=0 euid=0 tty=ssh ruser= rhost=183.63.110.206  user=root
Jan  3 04:55:47 LabSZ sshd[9182]: Failed password for root from 183.63.110.206 port 53512 ssh2
Jan  3 04:55:48 LabSZ sshd[9182]: Connection closed by 183.63.110.206 [preauth]
Jan  3 04:55:49 LabSZ sshd[9184]: pam_unix(sshd:auth): authentication failure; logname= uid=0 euid=0 tty=ssh ruser= rhost=183.63.110.206  user=root
Jan  3 04:55:49 LabSZ sshd[9180]: reverse mapping checking getaddrinfo for . [183.192.189.131] failed - POSSIBLE BREAK-IN ATTEMPT!
Jan  3 04:55:49 LabSZ sshd[9180]: pam_unix(sshd:auth): authentication failure; logname= uid=0 euid=0 tty=ssh ruser= rhost=183.192.189.131  user=root
Jan  3 04:55:51 LabSZ sshd[9184]: Failed password for root from 183.63.110.206 port 53655 ssh2
Jan  3 04:55:51 LabSZ sshd[9184]: Connection closed by 183.63.110.206 [preauth]
Jan  3 04:55:51 LabSZ sshd[9180]: Failed password for root from 183.192.189.131 port 11319 ssh2
Jan  3 04:55:52 LabSZ sshd[9180]: Connection closed by 183.192.189.131 [preauth]
Jan  3 04:55:52 LabSZ sshd[9188]: reverse mapping checking getaddrinfo for . [183.192.189.131] failed - POSSIBLE BREAK-IN ATTEMPT!
Jan  3 04:55:52 LabSZ sshd[9188]: pam_unix(sshd:auth): authentication failure; logname= uid=0 euid=0 tty=ssh ruser= rhost=183.192.189.131  user=root
Jan  3 04:55:53 LabSZ sshd[9186]: pam_unix(sshd:auth): authentication failure; logname= uid=0 euid=0 tty=ssh ruser= rhost=183.63.110.206  user=root
Jan  3 04:55:54 LabSZ sshd[9188]: Failed password for root from 183.192.189.131 port 11320 ssh2
Jan  3 04:55:54 LabSZ sshd[9188]: Connection closed by 183.192.189.131 [preauth]
Jan  3 04:55:55 LabSZ sshd[9186]: Failed password for root from 183.63.110.206 port 53749 ssh2
Jan  3 04:55:55 LabSZ sshd[9190]: reverse mapping checking getaddrinfo for . [183.192.189.131] failed - POSSIBLE BREAK-IN ATTEMPT!
Jan  3 04:55:55 LabSZ sshd[9190]: pam_unix(sshd:auth): authentication failure; logname= uid=0 euid=0 tty=ssh ruser= rhost=183.192.189.131  user=root
Jan  3 04:55:55 LabSZ sshd[9186]: Connection closed by 183.63.110.206 [preauth]
Jan  3 04:55:56 LabSZ sshd[9192]: pam_unix(sshd:auth): authentication failure; logname= uid=0 euid=0 tty=ssh ruser= rhost=183.63.110.206  user=root
Jan  3 04:55:57 LabSZ sshd[9190]: Failed password for root from 183.192.189.131 port 11321 ssh2
Jan  3 04:55:57 LabSZ sshd[9190]: Connection closed by 183.192.189.131 [preauth]
Jan  3 04:55:58 LabSZ sshd[9192]: Failed password for root from 183.63.110.206 port 53849 ssh2
Jan  3 04:55:58 LabSZ sshd[9192]: Connection closed by 183.63.110.206 [preauth]
Jan  3 04:56:00 LabSZ sshd[9196]: pam_unix(sshd:auth): authentication failure; logname= uid=0 euid=0 tty=ssh ruser= rhost=183.63.110.206  user=root
Jan  3 04:56:02 LabSZ sshd[9196]: Failed password for root from 183.63.110.206 port 53957 ssh2
Jan  3 04:56:02 LabSZ sshd[9196]: Connection closed by 183.63.110.206 [preauth]
Jan  3 04:56:05 LabSZ sshd[9198]: pam_unix(sshd:auth): authentication failure; logname= uid=0 euid=0 tty=ssh ruser= rhost=183.63.110.206  user=root
Jan  3 04:56:07 LabSZ sshd[9198]: Failed password for root from 183.63.110.206 port 54064 ssh2
Jan  3 04:56:07 LabSZ sshd[9194]: reverse mapping checking getaddrinfo for . [183.192.189.131] failed - POSSIBLE BREAK-IN ATTEMPT!
Jan  3 04:56:07 LabSZ sshd[9194]: pam_unix(sshd:auth): authentication failure; logname= uid=0 euid=0 tty=ssh ruser= rhost=183.192.189.131  user=root
Jan  3 04:56:07 LabSZ sshd[9198]: Connection closed by 183.63.110.206 [preauth]
Jan  3 04:56:09 LabSZ sshd[9200]: pam_unix(sshd:auth): authentication failure; logname= uid=0 euid=0 tty=ssh ruser= rhost=183.63.110.206  user=root
Jan  3 04:56:09 LabSZ sshd[9194]: Failed password for root from 183.192.189.131 port 11322 ssh2
Jan  3 04:56:09 LabSZ sshd[9194]: Connection closed by 183.192.189.131 [preauth]
Jan  3 04:56:10 LabSZ sshd[9200]: Failed password for root from 183.63.110.206 port 54193 ssh2
Jan  3 04:56:11 LabSZ sshd[9200]: Connection closed by 183.63.110.206 [preauth]
Jan  3 04:56:12 LabSZ sshd[9204]: pam_unix(sshd:auth): authentication failure; logname= uid=0 euid=0 tty=ssh ruser= rhost=183.63.110.206  user=root
Jan  3 04:56:14 LabSZ sshd[9204]: Failed password for root from 183.63.110.206 port 54298 ssh2
Jan  3 04:56:15 LabSZ sshd[9204]: Connection closed by 183.63.110.206 [preauth]
Jan  3 04:56:17 LabSZ sshd[9206]: pam_unix(sshd:auth): authentication failure; logname= uid=0 euid=0 tty=ssh ruser= rhost=183.63.110.206  user=root
Jan  3 04:56:19 LabSZ sshd[9206]: Failed password for root from 183.63.110.206 port 54411 ssh2
Jan  3 04:56:19 LabSZ sshd[9206]: Connection closed by 183.63.110.206 [preauth]
Jan  3 04:56:19 LabSZ sshd[9202]: reverse mapping checking getaddrinfo for . [183.192.189.131] failed - POSSIBLE BREAK-IN ATTEMPT!
Jan  3 04:56:19 LabSZ sshd[9202]: pam_unix(sshd:auth): authentication failure; logname= uid=0 euid=0 tty=ssh ruser= rhost=183.192.189.131  user=root
Jan  3 04:56:21 LabSZ sshd[9208]: pam_unix(sshd:auth): authentication failure; logname= uid=0 euid=0 tty=ssh ruser= rhost=183.63.110.206  user=root
Jan  3 04:56:21 LabSZ sshd[9202]: Failed password for root from 183.192.189.131 port 11323 ssh2
Jan  3 04:56:21 LabSZ sshd[9202]: Connection closed by 183.192.189.131 [preauth]
Jan  3 04:56:22 LabSZ sshd[9212]: Did not receive identification string from 195.154.37.122
Jan  3 04:56:23 LabSZ sshd[9208]: Failed password for root from 183.63.110.206 port 54523 ssh2
Jan  3 04:56:23 LabSZ sshd[9208]: Connection closed by 183.63.110.206 [preauth]
Jan  3 04:56:24 LabSZ sshd[9213]: reverse mapping checking getaddrinfo for 195-154-37-122.rev.poneytelecom.eu [195.154.37.122] failed - POSSIBLE BREAK-IN ATTEMPT!
Jan  3 04:56:24 LabSZ sshd[9213]: Invalid user support from 195.154.37.122
Jan  3 04:56:24 LabSZ sshd[9213]: input_userauth_request: invalid user support [preauth]
Jan  3 04:56:24 LabSZ sshd[9213]: pam_unix(sshd:auth): check pass; user unknown
Jan  3 04:56:24 LabSZ sshd[9213]: pam_unix(sshd:auth): authentication failure; logname= uid=0 euid=0 tty=ssh ruser= rhost=195.154.37.122 
Jan  3 04:56:25 LabSZ sshd[9215]: pam_unix(sshd:auth): authentication failure; logname= uid=0 euid=0 tty=ssh ruser= rhost=183.63.110.206  user=root
Jan  3 04:56:26 LabSZ sshd[9213]: Failed password for invalid user support from 195.154.37.122 port 51782 ssh2
Jan  3 04:56:27 LabSZ sshd[9213]: error: Received disconnect from 195.154.37.122: 3: com.jcraft.jsch.JSchException: Auth fail [preauth]
Jan  3 04:56:27 LabSZ sshd[9215]: Failed password for root from 183.63.110.206 port 54644 ssh2
Jan  3 04:56:28 LabSZ sshd[9215]: Connection closed by 183.63.110.206 [preauth]
Jan  3 04:56:28 LabSZ sshd[9217]: reverse mapping checking getaddrinfo for 195-154-37-122.rev.poneytelecom.eu [195.154.37.122] failed - POSSIBLE BREAK-IN ATTEMPT!
Jan  3 04:56:29 LabSZ sshd[9217]: pam_unix(sshd:auth): authentication failure; logname= uid=0 euid=0 tty=ssh ruser= rhost=195.154.37.122  user=uucp
Jan  3 04:56:31 LabSZ sshd[9217]: Failed password for uucp from 195.154.37.122 port 54119 ssh2
Jan  3 04:56:31 LabSZ sshd[9219]: pam_unix(sshd:auth): authentication failure; logname= uid=0 euid=0 tty=ssh ruser= rhost=183.63.110.206  user=root
