Jan  2 04:50:12 LabSZ sshd[24075]: Disconnecting: Too many authentication failures for root [preauth]
Jan  2 04:50:12 LabSZ sshd[24075]: PAM 5 more authentication failures; logname= uid=0 euid=0 tty=ssh ruser= rhost=218.65.30.30  user=root
Jan  2 04:50:12 LabSZ sshd[24075]: PAM service(sshd) ignoring max retries; 6 > 3
Jan  2 04:50:13 LabSZ sshd[24081]: reverse mapping checking getaddrinfo for 30.30.65.218.broad.xy.jx.dynamic.163data.com.cn [218.65.30.30] failed - POSSIBLE BREAK-IN ATTEMPT!
Jan  2 04:50:13 LabSZ sshd[24081]: pam_unix(sshd:auth): authentication failure; logname= uid=0 euid=0 tty=ssh ruser= rhost=218.65.30.30  user=root
Jan  2 04:50:15 LabSZ sshd[24081]: Failed password for root from 218.65.30.30 port 47360 ssh2
Jan  2 04:50:17 LabSZ sshd[24077]: message repeated 5 times: [ Failed password for root from 58.242.83.25 port 41173 ssh2]
Jan  2 04:50:17 LabSZ sshd[24077]: Disconnecting: Too many authentication failures for root [preauth]
Jan  2 04:50:17 LabSZ sshd[24077]: PAM 5 more authentication failures; logname= uid=0 euid=0 tty=ssh ruser= rhost=58.242.83.25  user=root
Jan  2 04:50:17 LabSZ sshd[24077]: PAM service(sshd) ignoring max retries; 6 > 3
Jan  2 04:50:19 LabSZ sshd[24079]: message repeated 5 times: [ Failed password for root from 182.100.67.120 port 11428 ssh2]
Jan  2 04:50:19 LabSZ sshd[24079]: Disconnecting: Too many authentication failures for root [preauth]
Jan  2 04:50:19 LabSZ sshd[24079]: PAM 5 more authentication failures; logname= uid=0 euid=0 tty=ssh ruser= rhost=182.100.67.120  user=root
Jan  2 04:50:19 LabSZ sshd[24079]: PAM service(sshd) ignoring max retries; 6 > 3
Jan  2 04:50:19 LabSZ sshd[24083]: pam_unix(sshd:auth): authentication failure; logname= uid=0 euid=0 tty=ssh ruser= rhost=58.242.83.25  user=root
Jan  2 04:50:20 LabSZ sshd[24085]: pam_unix(sshd:auth): authentication failure; logname= uid=0 euid=0 tty=ssh ruser= rhost=182.100.67.120  user=root
Jan  2 04:50:20 LabSZ sshd[24083]: Failed password for root from 58.242.83.25 port 63161 ssh2
Jan  2 04:50:22 LabSZ sshd[24085]: Failed password for root from 182.100.67.120 port 48850 ssh2
Jan  2 04:50:29 LabSZ sshd[24081]: message repeated 5 times: [ Failed password for root from 218.65.30.30 port 47360 ssh2]
Jan  2 04:50:29 LabSZ sshd[24081]: Disconnecting: Too many authentication failures for root [preauth]
Jan  2 04:50:29 LabSZ sshd[24081]: PAM 5 more authentication failures; logname= uid=0 euid=0 tty=ssh ruser= rhost=218.65.30.30  user=root
Jan  2 04:50:29 LabSZ sshd[24081]: PAM service(sshd) ignoring max retries; 6 > 3
Jan  2 04:50:30 LabSZ sshd[24087]: reverse mapping checking getaddrinfo for 30.30.65.218.broad.xy.jx.dynamic.163data.com.cn [218.65.30.30] failed - POSSIBLE BREAK-IN ATTEMPT!
Jan  2 04:50:30 LabSZ sshd[24087]: pam_unix(sshd:auth): authentication failure; logname= uid=0 euid=0 tty=ssh ruser= rhost=218.65.30.30  user=root
Jan  2 04:50:32 LabSZ sshd[24087]: Failed password for root from 218.65.30.30 port 22054 ssh2
Jan  2 04:50:34 LabSZ sshd[24083]: message repeated 5 times: [ Failed password for root from 58.242.83.25 port 63161 ssh2]
Jan  2 04:50:34 LabSZ sshd[24083]: Disconnecting: Too many authentication failures for root [preauth]
Jan  2 04:50:34 LabSZ sshd[24083]: PAM 5 more authentication failures; logname= uid=0 euid=0 tty=ssh ruser= rhost=58.242.83.25  user=root
Jan  2 04:50:34 LabSZ sshd[24083]: PAM service(sshd) ignoring max retries; 6 > 3
Jan  2 04:50:35 LabSZ sshd[24090]: pam_unix(sshd:auth): authentication failure; logname= uid=0 euid=0 tty=ssh ruser= rhost=58.242.83.25  user=root
Jan  2 04:50:35 LabSZ sshd[24085]: message repeated 5 times: [ Failed password for root from 182.100.67.120 port 48850 ssh2]
Jan  2 04:50:35 LabSZ sshd[24085]: Disconnecting: Too many authentication failures for root [preauth]
Jan  2 04:50:35 LabSZ sshd[24085]: PAM 5 more authentication failures; logname= uid=0 euid=0 tty=ssh ruser= rhost=182.100.67.120  user=root
Jan  2 04:50:35 LabSZ sshd[24085]: PAM service(sshd) ignoring max retries; 6 > 3
Jan  2 04:50:37 LabSZ sshd[24093]: pam_unix(sshd:auth): authentication failure; logname= uid=0 euid=0 tty=ssh ruser= rhost=182.100.67.120  user=root
Jan  2 04:50:37 LabSZ sshd[24090]: Failed password for root from 58.242.83.25 port 20277 ssh2
Jan  2 04:50:38 LabSZ sshd[24089]: Invalid user admin from 125.20.160.106
Jan  2 04:50:38 LabSZ sshd[24089]: input_userauth_request: invalid user admin [preauth]
Jan  2 04:50:38 LabSZ sshd[24089]: pam_unix(sshd:auth): check pass; user unknown
Jan  2 04:50:38 LabSZ sshd[24089]: pam_unix(sshd:auth): authentication failure; logname= uid=0 euid=0 tty=ssh ruser= rhost=125.20.160.106 
Jan  2 04:50:39 LabSZ sshd[24093]: Failed password for root from 182.100.67.120 port 21808 ssh2
Jan  2 04:50:40 LabSZ sshd[24089]: Failed password for invalid user admin from 125.20.160.106 port 55017 ssh2
Jan  2 04:50:40 LabSZ sshd[24089]: Received disconnect from 125.20.160.106: 11: Bye Bye [preauth]
Jan  2 04:50:45 LabSZ sshd[24087]: message repeated 5 times: [ Failed password for root from 218.65.30.30 port 22054 ssh2]
Jan  2 04:50:45 LabSZ sshd[24087]: Disconnecting: Too many authentication failures for root [preauth]
Jan  2 04:50:45 LabSZ sshd[24087]: PAM 5 more authentication failures; logname= uid=0 euid=0 tty=ssh ruser= rhost=218.65.30.30  user=root
Jan  2 04:50:45 LabSZ sshd[24087]: PAM service(sshd) ignoring max retries; 6 > 3
Jan  2 04:50:46 LabSZ sshd[24095]: reverse mapping checking getaddrinfo for 30.30.65.218.broad.xy.jx.dynamic.163data.com.cn [218.65.30.30] failed - POSSIBLE BREAK-IN ATTEMPT!
Jan  2 04:50:46 LabSZ sshd[24095]: pam_unix(sshd:auth): authentication failure; logname= uid=0 euid=0 tty=ssh ruser= rhost=218.65.30.30  user=root
Jan  2 04:50:48 LabSZ sshd[24095]: Failed password for root from 218.65.30.30 port 59244 ssh2
Jan  2 04:50:50 LabSZ sshd[24090]: message repeated 5 times: [ Failed password for root from 58.242.83.25 port 20277 ssh2]
Jan  2 04:50:50 LabSZ sshd[24090]: Disconnecting: Too many authentication failures for root [preauth]
Jan  2 04:50:50 LabSZ sshd[24090]: PAM 5 more authentication failures; logname= uid=0 euid=0 tty=ssh ruser= rhost=58.242.83.25  user=root
Jan  2 04:50:50 LabSZ sshd[24090]: PAM service(sshd) ignoring max retries; 6 > 3
Jan  2 04:50:52 LabSZ sshd[24097]: pam_unix(sshd:auth): authentication failure; logname= uid=0 euid=0 tty=ssh ruser= rhost=58.242.83.25  user=root
Jan  2 04:50:52 LabSZ sshd[24093]: message repeated 5 times: [ Failed password for root from 182.100.67.120 port 21808 ssh2]
Jan  2 04:50:52 LabSZ sshd[24093]: Disconnecting: Too many authentication failures for root [preauth]
Jan  2 04:50:52 LabSZ sshd[24093]: PAM 5 more authentication failures; logname= uid=0 euid=0 tty=ssh ruser= rhost=182.100.67.120  user=root
Jan  2 04:50:52 LabSZ sshd[24093]: PAM service(sshd) ignoring max retries; 6 > 3
Jan  2 04:50:54 LabSZ sshd[24099]: pam_unix(sshd:auth): authentication failure; logname= uid=0 euid=0 tty=ssh ruser= rhost=182.100.67.120  user=root
Jan  2 04:50:54 LabSZ sshd[24097]: Failed password for root from 58.242.83.25 port 42079 ssh2
Jan  2 04:50:56 LabSZ sshd[24099]: Failed password for root from 182.100.67.120 port 58952 ssh2
Jan  2 04:51:02 LabSZ sshd[24095]: message repeated 5 times: [ Failed password for root from 218.65.30.30 port 59244 ssh2]
Jan  2 04:51:02 LabSZ sshd[24095]: Disconnecting: Too many authentication failures for root [preauth]
Jan  2 04:51:02 LabSZ sshd[24095]: PAM 5 more authentication failures; logname= uid=0 euid=0 tty=ssh ruser= rhost=218.65.30.30  user=root
Jan  2 04:51:02 LabSZ sshd[24095]: PAM service(sshd) ignoring max retries; 6 > 3
Jan  2 04:51:03 LabSZ sshd[24101]: reverse mapping checking getaddrinfo for 30.30.65.218.broad.xy.jx.dynamic.163data.com.cn [218.65.30.30] failed - POSSIBLE BREAK-IN ATTEMPT!
Jan  2 04:51:03 LabSZ sshd[24101]: pam_unix(sshd:auth): authentication failure; logname= uid=0 euid=0 tty=ssh ruser= rhost=218.65.30.30  user=root
Jan  2 04:51:05 LabSZ sshd[24101]: Failed password for root from 218.65.30.30 port 33954 ssh2
Jan  2 04:51:06 LabSZ sshd[24097]: message repeated 5 times: [ Failed password for root from 58.242.83.25 port 42079 ssh2]
Jan  2 04:51:06 LabSZ sshd[24097]: Disconnecting: Too many authentication failures for root [preauth]
Jan  2 04:51:06 LabSZ sshd[24097]: PAM 5 more authentication failures; logname= uid=0 euid=0 tty=ssh ruser= rhost=58.242.83.25  user=root
Jan  2 04:51:06 LabSZ sshd[24097]: PAM service(sshd) ignoring max retries; 6 > 3
Jan  2 04:51:08 LabSZ sshd[24103]: pam_unix(sshd:auth): authentication failure; logname= uid=0 euid=0 tty=ssh ruser= rhost=58.242.83.25  user=root
Jan  2 04:51:09 LabSZ sshd[24099]: message repeated 5 times: [ Failed password for root from 182.100.67.120 port 58952 ssh2]
Jan  2 04:51:09 LabSZ sshd[24099]: Disconnecting: Too many authentication failures for root [preauth]
Jan  2 04:51:09 LabSZ sshd[24099]: PAM 5 more authentication failures; logname= uid=0 euid=0 tty=ssh ruser= rhost=182.100.67.120  user=root
Jan  2 04:51:09 LabSZ sshd[24099]: PAM service(sshd) ignoring max retries; 6 > 3
Jan  2 04:51:10 LabSZ sshd[24103]: Failed password for root from 58.242.83.25 port 62948 ssh2
Jan  2 04:51:11 LabSZ sshd[24105]: pam_unix(sshd:auth): authentication failure; logname= uid=0 euid=0 tty=ssh ruser= rhost=182.100.67.120  user=root
Jan  2 04:51:13 LabSZ sshd[24105]: Failed password for root from 182.100.67.120 port 34648 ssh2
Jan  2 04:51:19 LabSZ sshd[24101]: message repeated 5 times: [ Failed password for root from 218.65.30.30 port 33954 ssh2]
Jan  2 04:51:19 LabSZ sshd[24101]: Disconnecting: Too many authentication failures for root [preauth]
Jan  2 04:51:19 LabSZ sshd[24101]: PAM 5 more authentication failures; logname= uid=0 euid=0 tty=ssh ruser= rhost=218.65.30.30  user=root
Jan  2 04:51:19 LabSZ sshd[24101]: PAM service(sshd) ignoring max retries; 6 > 3
Jan  2 04:51:20 LabSZ sshd[24107]: reverse mapping checking getaddrinfo for 30.30.65.218.broad.xy.jx.dynamic.163data.com.cn [218.65.30.30] failed - POSSIBLE BREAK-IN ATTEMPT!
Jan  2 04:51:20 LabSZ sshd[24107]: pam_unix(sshd:auth): authentication failure; logname= uid=0 euid=0 tty=ssh ruser= rhost=218.65.30.30  user=root
Jan  2 04:51:22 LabSZ sshd[24107]: Failed password for root from 218.65.30.30 port 8554 ssh2
Jan  2 04:51:23 LabSZ sshd[24103]: message repeated 5 times: [ Failed password for root from 58.242.83.25 port 62948 ssh2]
Jan  2 04:51:23 LabSZ sshd[24103]: Disconnecting: Too many authentication failures for root [preauth]
Jan  2 04:51:23 LabSZ sshd[24103]: PAM 5 more authentication failures; logname= uid=0 euid=0 tty=ssh ruser= rhost=58.242.83.25  user=root
Jan  2 04:51:23 LabSZ sshd[24103]: PAM service(sshd) ignoring max retries; 6 > 3
Jan  2 04:51:25 LabSZ sshd[24109]: pam_unix(sshd:auth): authentication failure; logname= uid=0 euid=0 tty=ssh ruser= rhost=58.242.83.25  user=root
Jan  2 04:51:26 LabSZ sshd[24105]: message repeated 5 times: [ Failed password for root from 182.100.67.120 port 34648 ssh2]
Jan  2 04:51:26 LabSZ sshd[24105]: Disconnecting: Too many authentication failures for root [preauth]
Jan  2 04:51:26 LabSZ sshd[24105]: PAM 5 more authentication failures; logname= uid=0 euid=0 tty=ssh ruser= rhost=182.100.67.120  user=root
Jan  2 04:51:26 LabSZ sshd[24105]: PAM service(sshd) ignoring max retries; 6 > 3
Jan  2 04:51:27 LabSZ sshd[24109]: Failed password for root from 58.242.83.25 port 20674 ssh2
Jan  2 04:51:29 LabSZ sshd[24111]: pam_unix(sshd:auth): authentication failure; logname= uid=0 euid=0 tty=ssh ruser= rhost=182.100.67.120  user=root
Jan  2 04:51:31 LabSZ sshd[24111]: Failed password for root from 182.100.67.120 port 5880 ssh2
