Dec 17 02:03:50 LabSZ sshd[14522]: pam_unix(sshd:auth): authentication failure; logname= uid=0 euid=0 tty=ssh ruser= rhost=183.129.154.138  user=root
Dec 17 02:03:53 LabSZ sshd[14520]: Failed password for root from 185.165.29.62 port 33119 ssh2
Dec 17 02:03:53 LabSZ sshd[14522]: Failed password for root from 183.129.154.138 port 35022 ssh2
Dec 17 02:03:53 LabSZ sshd[14522]: Connection closed by 183.129.154.138 [preauth]
Dec 17 02:03:53 LabSZ sshd[14524]: pam_unix(sshd:auth): authentication failure; logname= uid=0 euid=0 tty=ssh ruser= rhost=183.129.154.138  user=root
Dec 17 02:03:53 LabSZ sshd[14520]: Received disconnect from 185.165.29.62: 11: Bye Bye [preauth]
Dec 17 02:03:55 LabSZ sshd[14524]: Failed password for root from 183.129.154.138 port 35284 ssh2
Dec 17 02:03:55 LabSZ sshd[14524]: Connection closed by 183.129.154.138 [preauth]
Dec 17 02:03:55 LabSZ sshd[14528]: pam_unix(sshd:auth): authentication failure; logname= uid=0 euid=0 tty=ssh ruser= rhost=183.129.154.138  user=root
Dec 17 02:03:56 LabSZ sshd[14526]: pam_unix(sshd:auth): authentication failure; logname= uid=0 euid=0 tty=ssh ruser= rhost=185.165.29.62  user=root
Dec 17 02:03:57 LabSZ sshd[14528]: Failed password for root from 183.129.154.138 port 35510 ssh2
Dec 17 02:03:57 LabSZ sshd[14528]: Connection closed by 183.129.154.138 [preauth]
Dec 17 02:03:57 LabSZ sshd[14530]: pam_unix(sshd:auth): authentication failure; logname= uid=0 euid=0 tty=ssh ruser= rhost=183.129.154.138  user=root
Dec 17 02:03:58 LabSZ sshd[14526]: Failed password for root from 185.165.29.62 port 36985 ssh2
Dec 17 02:03:58 LabSZ sshd[14526]: Received disconnect from 185.165.29.62: 11: Bye Bye [preauth]
Dec 17 02:03:59 LabSZ sshd[14530]: Failed password for root from 183.129.154.138 port 35798 ssh2
Dec 17 02:03:59 LabSZ sshd[14530]: Connection closed by 183.129.154.138 [preauth]
Dec 17 02:03:59 LabSZ sshd[14533]: pam_unix(sshd:auth): authentication failure; logname= uid=0 euid=0 tty=ssh ruser= rhost=183.129.154.138  user=root
Dec 17 02:04:01 LabSZ sshd[14533]: Failed password for root from 183.129.154.138 port 35962 ssh2
Dec 17 02:04:01 LabSZ sshd[14533]: Connection closed by 183.129.154.138 [preauth]
Dec 17 02:04:01 LabSZ sshd[14536]: pam_unix(sshd:auth): authentication failure; logname= uid=0 euid=0 tty=ssh ruser= rhost=183.129.154.138  user=root
Dec 17 02:04:03 LabSZ sshd[14532]: pam_unix(sshd:auth): authentication failure; logname= uid=0 euid=0 tty=ssh ruser= rhost=185.165.29.62  user=root
Dec 17 02:04:04 LabSZ sshd[14536]: Failed password for root from 183.129.154.138 port 36250 ssh2
Dec 17 02:04:04 LabSZ sshd[14536]: Connection closed by 183.129.154.138 [preauth]
Dec 17 02:04:04 LabSZ sshd[14538]: pam_unix(sshd:auth): authentication failure; logname= uid=0 euid=0 tty=ssh ruser= rhost=183.129.154.138  user=root
Dec 17 02:04:06 LabSZ sshd[14532]: Failed password for root from 185.165.29.62 port 41171 ssh2
Dec 17 02:04:06 LabSZ sshd[14532]: Received disconnect from 185.165.29.62: 11: Bye Bye [preauth]
Dec 17 02:04:06 LabSZ sshd[14538]: Failed password for root from 183.129.154.138 port 36536 ssh2
Dec 17 02:04:06 LabSZ sshd[14538]: Connection closed by 183.129.154.138 [preauth]
Dec 17 02:04:07 LabSZ sshd[14541]: pam_unix(sshd:auth): authentication failure; logname= uid=0 euid=0 tty=ssh ruser= rhost=183.129.154.138  user=root
Dec 17 02:04:09 LabSZ sshd[14540]: Invalid user test from 185.165.29.62
Dec 17 02:04:09 LabSZ sshd[14540]: input_userauth_request: invalid user test [preauth]
Dec 17 02:04:09 LabSZ sshd[14541]: Failed password for root from 183.129.154.138 port 36784 ssh2
Dec 17 02:04:09 LabSZ sshd[14540]: pam_unix(sshd:auth): check pass; user unknown
Dec 17 02:04:09 LabSZ sshd[14540]: pam_unix(sshd:auth): authentication failure; logname= uid=0 euid=0 tty=ssh ruser= rhost=185.165.29.62 
Dec 17 02:04:09 LabSZ sshd[14541]: Connection closed by 183.129.154.138 [preauth]
Dec 17 02:04:09 LabSZ sshd[14544]: pam_unix(sshd:auth): authentication failure; logname= uid=0 euid=0 tty=ssh ruser= rhost=183.129.154.138  user=root
Dec 17 02:04:10 LabSZ sshd[14540]: Failed password for invalid user test from 185.165.29.62 port 45411 ssh2
Dec 17 02:04:10 LabSZ sshd[14544]: Failed password for root from 183.129.154.138 port 37030 ssh2
Dec 17 02:04:10 LabSZ sshd[14544]: Connection closed by 183.129.154.138 [preauth]
Dec 17 02:04:10 LabSZ sshd[14540]: Received disconnect from 185.165.29.62: 11: Bye Bye [preauth]
Dec 17 02:04:10 LabSZ sshd[14546]: pam_unix(sshd:auth): authentication failure; logname= uid=0 euid=0 tty=ssh ruser= rhost=183.129.154.138  user=root
Dec 17 02:04:12 LabSZ sshd[14546]: Failed password for root from 183.129.154.138 port 37190 ssh2
Dec 17 02:04:12 LabSZ sshd[14546]: Connection closed by 183.129.154.138 [preauth]
Dec 17 02:04:12 LabSZ sshd[14551]: pam_unix(sshd:auth): authentication failure; logname= uid=0 euid=0 tty=ssh ruser= rhost=183.129.154.138  user=root
Dec 17 02:04:14 LabSZ sshd[14549]: Invalid user postgres from 185.165.29.62
Dec 17 02:04:14 LabSZ sshd[14549]: input_userauth_request: invalid user postgres [preauth]
Dec 17 02:04:14 LabSZ sshd[14549]: pam_unix(sshd:auth): check pass; user unknown
Dec 17 02:04:14 LabSZ sshd[14549]: pam_unix(sshd:auth): authentication failure; logname= uid=0 euid=0 tty=ssh ruser= rhost=185.165.29.62 
Dec 17 02:04:14 LabSZ sshd[14551]: Failed password for root from 183.129.154.138 port 37414 ssh2
Dec 17 02:04:15 LabSZ sshd[14551]: Connection closed by 183.129.154.138 [preauth]
Dec 17 02:04:15 LabSZ sshd[14553]: pam_unix(sshd:auth): authentication failure; logname= uid=0 euid=0 tty=ssh ruser= rhost=183.129.154.138  user=root
Dec 17 02:04:16 LabSZ sshd[14549]: Failed password for invalid user postgres from 185.165.29.62 port 47827 ssh2
Dec 17 02:04:17 LabSZ sshd[14553]: Failed password for root from 183.129.154.138 port 11712 ssh2
Dec 17 02:04:17 LabSZ sshd[14553]: Connection closed by 183.129.154.138 [preauth]
Dec 17 02:04:17 LabSZ sshd[14549]: Received disconnect from 185.165.29.62: 11: Bye Bye [preauth]
Dec 17 02:04:17 LabSZ sshd[14555]: pam_unix(sshd:auth): authentication failure; logname= uid=0 euid=0 tty=ssh ruser= rhost=183.129.154.138  user=root
Dec 17 02:04:19 LabSZ sshd[14555]: Failed password for root from 183.129.154.138 port 37984 ssh2
Dec 17 02:04:19 LabSZ sshd[14555]: Connection closed by 183.129.154.138 [preauth]
Dec 17 02:04:19 LabSZ sshd[14559]: pam_unix(sshd:auth): authentication failure; logname= uid=0 euid=0 tty=ssh ruser= rhost=183.129.154.138  user=root
Dec 17 02:04:19 LabSZ sshd[14557]: pam_unix(sshd:auth): authentication failure; logname= uid=0 euid=0 tty=ssh ruser= rhost=185.165.29.62  user=root
Dec 17 02:04:21 LabSZ sshd[14559]: Failed password for root from 183.129.154.138 port 38200 ssh2
Dec 17 02:04:21 LabSZ sshd[14559]: Connection closed by 183.129.154.138 [preauth]
Dec 17 02:04:21 LabSZ sshd[14557]: Failed password for root from 185.165.29.62 port 52388 ssh2
Dec 17 02:04:21 LabSZ sshd[14563]: pam_unix(sshd:auth): authentication failure; logname= uid=0 euid=0 tty=ssh ruser= rhost=183.129.154.138  user=root
Dec 17 02:04:22 LabSZ sshd[14557]: Received disconnect from 185.165.29.62: 11: Bye Bye [preauth]
Dec 17 02:04:23 LabSZ sshd[14563]: Failed password for root from 183.129.154.138 port 38400 ssh2
Dec 17 02:04:23 LabSZ sshd[14563]: Connection closed by 183.129.154.138 [preauth]
Dec 17 02:04:23 LabSZ sshd[14567]: pam_unix(sshd:auth): authentication failure; logname= uid=0 euid=0 tty=ssh ruser= rhost=183.129.154.138  user=root
Dec 17 02:04:24 LabSZ sshd[14561]: reverse mapping checking getaddrinfo for 37.130.144.162.radiocable.net [37.130.144.162] failed - POSSIBLE BREAK-IN ATTEMPT!
Dec 17 02:04:24 LabSZ sshd[14561]: pam_unix(sshd:auth): authentication failure; logname= uid=0 euid=0 tty=ssh ruser= rhost=37.130.144.162  user=root
Dec 17 02:04:24 LabSZ sshd[14565]: pam_unix(sshd:auth): authentication failure; logname= uid=0 euid=0 tty=ssh ruser= rhost=185.165.29.62  user=root
Dec 17 02:04:25 LabSZ sshd[14567]: Failed password for root from 183.129.154.138 port 38620 ssh2
Dec 17 02:04:25 LabSZ sshd[14567]: Connection closed by 183.129.154.138 [preauth]
Dec 17 02:04:25 LabSZ sshd[14569]: pam_unix(sshd:auth): authentication failure; logname= uid=0 euid=0 tty=ssh ruser= rhost=183.129.154.138  user=root
Dec 17 02:04:26 LabSZ sshd[14561]: Failed password for root from 37.130.144.162 port 54544 ssh2
Dec 17 02:04:27 LabSZ sshd[14565]: Failed password for root from 185.165.29.62 port 55911 ssh2
Dec 17 02:04:27 LabSZ sshd[14565]: Received disconnect from 185.165.29.62: 11: Bye Bye [preauth]
Dec 17 02:04:28 LabSZ sshd[14569]: Failed password for root from 183.129.154.138 port 38864 ssh2
Dec 17 02:04:28 LabSZ sshd[14569]: Connection closed by 183.129.154.138 [preauth]
Dec 17 02:04:28 LabSZ sshd[14573]: pam_unix(sshd:auth): authentication failure; logname= uid=0 euid=0 tty=ssh ruser= rhost=183.129.154.138  user=root
Dec 17 02:04:30 LabSZ sshd[14573]: Failed password for root from 183.129.154.138 port 39168 ssh2
Dec 17 02:04:30 LabSZ sshd[14573]: Connection closed by 183.129.154.138 [preauth]
Dec 17 02:04:30 LabSZ sshd[14571]: Invalid user guest from 185.165.29.62
Dec 17 02:04:30 LabSZ sshd[14571]: input_userauth_request: invalid user guest [preauth]
Dec 17 02:04:30 LabSZ sshd[14571]: pam_unix(sshd:auth): check pass; user unknown
Dec 17 02:04:30 LabSZ sshd[14571]: pam_unix(sshd:auth): authentication failure; logname= uid=0 euid=0 tty=ssh ruser= rhost=185.165.29.62 
Dec 17 02:04:30 LabSZ sshd[14575]: pam_unix(sshd:auth): authentication failure; logname= uid=0 euid=0 tty=ssh ruser= rhost=183.129.154.138  user=root
Dec 17 02:04:32 LabSZ sshd[14571]: Failed password for invalid user guest from 185.165.29.62 port 60256 ssh2
Dec 17 02:04:32 LabSZ sshd[14575]: Failed password for root from 183.129.154.138 port 39384 ssh2
Dec 17 02:04:32 LabSZ sshd[14575]: Connection closed by 183.129.154.138 [preauth]
Dec 17 02:04:32 LabSZ sshd[14577]: pam_unix(sshd:auth): authentication failure; logname= uid=0 euid=0 tty=ssh ruser= rhost=183.129.154.138  user=root
Dec 17 02:04:32 LabSZ sshd[14571]: Received disconnect from 185.165.29.62: 11: Bye Bye [preauth]
Dec 17 02:04:34 LabSZ sshd[14577]: Failed password for root from 183.129.154.138 port 39646 ssh2
Dec 17 02:04:34 LabSZ sshd[14577]: Connection closed by 183.129.154.138 [preauth]
Dec 17 02:04:34 LabSZ sshd[14581]: pam_unix(sshd:auth): authentication failure; logname= uid=0 euid=0 tty=ssh ruser= rhost=183.129.154.138  user=root
Dec 17 02:04:35 LabSZ sshd[14579]: pam_unix(sshd:auth): authentication failure; logname= uid=0 euid=0 tty=ssh ruser= rhost=185.165.29.62  user=root
Dec 17 02:04:36 LabSZ sshd[14581]: Failed password for root from 183.129.154.138 port 39858 ssh2
Dec 17 02:04:36 LabSZ sshd[14581]: Connection closed by 183.129.154.138 [preauth]
Dec 17 02:04:36 LabSZ sshd[14583]: pam_unix(sshd:auth): authentication failure; logname= uid=0 euid=0 tty=ssh ruser= rhost=183.129.154.138  user=root
