Jan  2 05:18:32 LabSZ sshd[24786]: Disconnecting: Too many authentication failures for root [preauth]
Jan  2 05:18:32 LabSZ sshd[24786]: PAM 5 more authentication failures; logname= uid=0 euid=0 tty=ssh ruser= rhost=182.100.67.120  user=root
Jan  2 05:18:32 LabSZ sshd[24786]: PAM service(sshd) ignoring max retries; 6 > 3
Jan  2 05:18:32 LabSZ sshd[24790]: Failed password for root from 218.65.30.30 port 1808 ssh2
Jan  2 05:18:33 LabSZ sshd[24792]: pam_unix(sshd:auth): authentication failure; logname= uid=0 euid=0 tty=ssh ruser= rhost=182.100.67.120  user=root
Jan  2 05:18:35 LabSZ sshd[24792]: Failed password for root from 182.100.67.120 port 14246 ssh2
Jan  2 05:18:35 LabSZ sshd[24788]: message repeated 5 times: [ Failed password for root from 58.242.83.25 port 38783 ssh2]
Jan  2 05:18:35 LabSZ sshd[24788]: Disconnecting: Too many authentication failures for root [preauth]
Jan  2 05:18:35 LabSZ sshd[24788]: PAM 5 more authentication failures; logname= uid=0 euid=0 tty=ssh ruser= rhost=58.242.83.25  user=root
Jan  2 05:18:35 LabSZ sshd[24788]: PAM service(sshd) ignoring max retries; 6 > 3
Jan  2 05:18:37 LabSZ sshd[24794]: pam_unix(sshd:auth): authentication failure; logname= uid=0 euid=0 tty=ssh ruser= rhost=58.242.83.25  user=root
Jan  2 05:18:39 LabSZ sshd[24794]: Failed password for root from 58.242.83.25 port 60371 ssh2
Jan  2 05:18:45 LabSZ sshd[24790]: message repeated 5 times: [ Failed password for root from 218.65.30.30 port 1808 ssh2]
Jan  2 05:18:45 LabSZ sshd[24790]: Disconnecting: Too many authentication failures for root [preauth]
Jan  2 05:18:45 LabSZ sshd[24790]: PAM 5 more authentication failures; logname= uid=0 euid=0 tty=ssh ruser= rhost=218.65.30.30  user=root
Jan  2 05:18:45 LabSZ sshd[24790]: PAM service(sshd) ignoring max retries; 6 > 3
Jan  2 05:18:46 LabSZ sshd[24796]: reverse mapping checking getaddrinfo for 30.30.65.218.broad.xy.jx.dynamic.163data.com.cn [218.65.30.30] failed - POSSIBLE BREAK-IN ATTEMPT!
Jan  2 05:18:46 LabSZ sshd[24796]: pam_unix(sshd:auth): authentication failure; logname= uid=0 euid=0 tty=ssh ruser= rhost=218.65.30.30  user=root
Jan  2 05:18:48 LabSZ sshd[24792]: message repeated 5 times: [ Failed password for root from 182.100.67.120 port 14246 ssh2]
Jan  2 05:18:48 LabSZ sshd[24792]: Disconnecting: Too many authentication failures for root [preauth]
Jan  2 05:18:48 LabSZ sshd[24792]: PAM 5 more authentication failures; logname= uid=0 euid=0 tty=ssh ruser= rhost=182.100.67.120  user=root
Jan  2 05:18:48 LabSZ sshd[24792]: PAM service(sshd) ignoring max retries; 6 > 3
Jan  2 05:18:48 LabSZ sshd[24796]: Failed password for root from 218.65.30.30 port 39420 ssh2
Jan  2 05:18:49 LabSZ sshd[24798]: pam_unix(sshd:auth): authentication failure; logname= uid=0 euid=0 tty=ssh ruser= rhost=182.100.67.120  user=root
Jan  2 05:18:51 LabSZ sshd[24798]: Failed password for root from 182.100.67.120 port 50406 ssh2
Jan  2 05:18:52 LabSZ sshd[24794]: message repeated 5 times: [ Failed password for root from 58.242.83.25 port 60371 ssh2]
Jan  2 05:18:52 LabSZ sshd[24794]: Disconnecting: Too many authentication failures for root [preauth]
Jan  2 05:18:52 LabSZ sshd[24794]: PAM 5 more authentication failures; logname= uid=0 euid=0 tty=ssh ruser= rhost=58.242.83.25  user=root
Jan  2 05:18:52 LabSZ sshd[24794]: PAM service(sshd) ignoring max retries; 6 > 3
Jan  2 05:18:53 LabSZ sshd[24800]: pam_unix(sshd:auth): authentication failure; logname= uid=0 euid=0 tty=ssh ruser= rhost=58.242.83.25  user=root
Jan  2 05:18:55 LabSZ sshd[24800]: Failed password for root from 58.242.83.25 port 18095 ssh2
Jan  2 05:19:00 LabSZ sshd[24796]: message repeated 5 times: [ Failed password for root from 218.65.30.30 port 39420 ssh2]
Jan  2 05:19:00 LabSZ sshd[24796]: Disconnecting: Too many authentication failures for root [preauth]
Jan  2 05:19:00 LabSZ sshd[24796]: PAM 5 more authentication failures; logname= uid=0 euid=0 tty=ssh ruser= rhost=218.65.30.30  user=root
Jan  2 05:19:00 LabSZ sshd[24796]: PAM service(sshd) ignoring max retries; 6 > 3
Jan  2 05:19:02 LabSZ sshd[24802]: reverse mapping checking getaddrinfo for 30.30.65.218.broad.xy.jx.dynamic.163data.com.cn [218.65.30.30] failed - POSSIBLE BREAK-IN ATTEMPT!
Jan  2 05:19:02 LabSZ sshd[24802]: pam_unix(sshd:auth): authentication failure; logname= uid=0 euid=0 tty=ssh ruser= rhost=218.65.30.30  user=root
Jan  2 05:19:03 LabSZ sshd[24798]: message repeated 5 times: [ Failed password for root from 182.100.67.120 port 50406 ssh2]
Jan  2 05:19:03 LabSZ sshd[24798]: Disconnecting: Too many authentication failures for root [preauth]
Jan  2 05:19:03 LabSZ sshd[24798]: PAM 5 more authentication failures; logname= uid=0 euid=0 tty=ssh ruser= rhost=182.100.67.120  user=root
Jan  2 05:19:03 LabSZ sshd[24798]: PAM service(sshd) ignoring max retries; 6 > 3
Jan  2 05:19:04 LabSZ sshd[24802]: Failed password for root from 218.65.30.30 port 12038 ssh2
Jan  2 05:19:06 LabSZ sshd[24806]: pam_unix(sshd:auth): authentication failure; logname= uid=0 euid=0 tty=ssh ruser= rhost=182.100.67.120  user=root
Jan  2 05:19:07 LabSZ sshd[24806]: Failed password for root from 182.100.67.120 port 22072 ssh2
Jan  2 05:19:08 LabSZ sshd[24800]: message repeated 5 times: [ Failed password for root from 58.242.83.25 port 18095 ssh2]
Jan  2 05:19:08 LabSZ sshd[24800]: Disconnecting: Too many authentication failures for root [preauth]
Jan  2 05:19:08 LabSZ sshd[24800]: PAM 5 more authentication failures; logname= uid=0 euid=0 tty=ssh ruser= rhost=58.242.83.25  user=root
Jan  2 05:19:08 LabSZ sshd[24800]: PAM service(sshd) ignoring max retries; 6 > 3
Jan  2 05:19:09 LabSZ sshd[24808]: pam_unix(sshd:auth): authentication failure; logname= uid=0 euid=0 tty=ssh ruser= rhost=58.242.83.25  user=root
Jan  2 05:19:11 LabSZ sshd[24808]: Failed password for root from 58.242.83.25 port 39154 ssh2
Jan  2 05:19:11 LabSZ sshd[24804]: Invalid user postgres from 43.227.135.250
Jan  2 05:19:11 LabSZ sshd[24804]: input_userauth_request: invalid user postgres [preauth]
Jan  2 05:19:11 LabSZ sshd[24804]: pam_unix(sshd:auth): check pass; user unknown
Jan  2 05:19:11 LabSZ sshd[24804]: pam_unix(sshd:auth): authentication failure; logname= uid=0 euid=0 tty=ssh ruser= rhost=43.227.135.250 
Jan  2 05:19:13 LabSZ sshd[24804]: Failed password for invalid user postgres from 43.227.135.250 port 46634 ssh2
Jan  2 05:19:13 LabSZ sshd[24804]: Received disconnect from 43.227.135.250: 11: Bye Bye [preauth]
Jan  2 05:19:16 LabSZ sshd[24802]: message repeated 5 times: [ Failed password for root from 218.65.30.30 port 12038 ssh2]
Jan  2 05:19:16 LabSZ sshd[24802]: Disconnecting: Too many authentication failures for root [preauth]
Jan  2 05:19:16 LabSZ sshd[24802]: PAM 5 more authentication failures; logname= uid=0 euid=0 tty=ssh ruser= rhost=218.65.30.30  user=root
Jan  2 05:19:16 LabSZ sshd[24802]: PAM service(sshd) ignoring max retries; 6 > 3
Jan  2 05:19:18 LabSZ sshd[24810]: reverse mapping checking getaddrinfo for 30.30.65.218.broad.xy.jx.dynamic.163data.com.cn [218.65.30.30] failed - POSSIBLE BREAK-IN ATTEMPT!
Jan  2 05:19:18 LabSZ sshd[24810]: pam_unix(sshd:auth): authentication failure; logname= uid=0 euid=0 tty=ssh ruser= rhost=218.65.30.30  user=root
Jan  2 05:19:19 LabSZ sshd[24810]: Failed password for root from 218.65.30.30 port 49344 ssh2
Jan  2 05:19:21 LabSZ sshd[24806]: message repeated 5 times: [ Failed password for root from 182.100.67.120 port 22072 ssh2]
Jan  2 05:19:21 LabSZ sshd[24806]: Disconnecting: Too many authentication failures for root [preauth]
Jan  2 05:19:21 LabSZ sshd[24806]: PAM 5 more authentication failures; logname= uid=0 euid=0 tty=ssh ruser= rhost=182.100.67.120  user=root
Jan  2 05:19:21 LabSZ sshd[24806]: PAM service(sshd) ignoring max retries; 6 > 3
Jan  2 05:19:23 LabSZ sshd[24812]: pam_unix(sshd:auth): authentication failure; logname= uid=0 euid=0 tty=ssh ruser= rhost=182.100.67.120  user=root
Jan  2 05:19:23 LabSZ sshd[24808]: message repeated 5 times: [ Failed password for root from 58.242.83.25 port 39154 ssh2]
Jan  2 05:19:23 LabSZ sshd[24808]: Disconnecting: Too many authentication failures for root [preauth]
Jan  2 05:19:23 LabSZ sshd[24808]: PAM 5 more authentication failures; logname= uid=0 euid=0 tty=ssh ruser= rhost=58.242.83.25  user=root
Jan  2 05:19:23 LabSZ sshd[24808]: PAM service(sshd) ignoring max retries; 6 > 3
Jan  2 05:19:24 LabSZ sshd[24814]: pam_unix(sshd:auth): authentication failure; logname= uid=0 euid=0 tty=ssh ruser= rhost=58.242.83.25  user=root
Jan  2 05:19:24 LabSZ sshd[24812]: Failed password for root from 182.100.67.120 port 63520 ssh2
Jan  2 05:19:26 LabSZ sshd[24814]: Failed password for root from 58.242.83.25 port 59629 ssh2
Jan  2 05:19:31 LabSZ sshd[24810]: message repeated 5 times: [ Failed password for root from 218.65.30.30 port 49344 ssh2]
Jan  2 05:19:31 LabSZ sshd[24810]: Disconnecting: Too many authentication failures for root [preauth]
Jan  2 05:19:31 LabSZ sshd[24810]: PAM 5 more authentication failures; logname= uid=0 euid=0 tty=ssh ruser= rhost=218.65.30.30  user=root
Jan  2 05:19:31 LabSZ sshd[24810]: PAM service(sshd) ignoring max retries; 6 > 3
Jan  2 05:19:33 LabSZ sshd[24816]: reverse mapping checking getaddrinfo for 30.30.65.218.broad.xy.jx.dynamic.163data.com.cn [218.65.30.30] failed - POSSIBLE BREAK-IN ATTEMPT!
Jan  2 05:19:33 LabSZ sshd[24816]: pam_unix(sshd:auth): authentication failure; logname= uid=0 euid=0 tty=ssh ruser= rhost=218.65.30.30  user=root
Jan  2 05:19:34 LabSZ sshd[24816]: Failed password for root from 218.65.30.30 port 20356 ssh2
Jan  2 05:19:37 LabSZ sshd[24812]: message repeated 5 times: [ Failed password for root from 182.100.67.120 port 63520 ssh2]
Jan  2 05:19:37 LabSZ sshd[24812]: Disconnecting: Too many authentication failures for root [preauth]
Jan  2 05:19:37 LabSZ sshd[24812]: PAM 5 more authentication failures; logname= uid=0 euid=0 tty=ssh ruser= rhost=182.100.67.120  user=root
Jan  2 05:19:37 LabSZ sshd[24812]: PAM service(sshd) ignoring max retries; 6 > 3
Jan  2 05:19:38 LabSZ sshd[24814]: message repeated 5 times: [ Failed password for root from 58.242.83.25 port 59629 ssh2]
Jan  2 05:19:38 LabSZ sshd[24814]: Disconnecting: Too many authentication failures for root [preauth]
Jan  2 05:19:38 LabSZ sshd[24814]: PAM 5 more authentication failures; logname= uid=0 euid=0 tty=ssh ruser= rhost=58.242.83.25  user=root
Jan  2 05:19:38 LabSZ sshd[24814]: PAM service(sshd) ignoring max retries; 6 > 3
Jan  2 05:19:39 LabSZ sshd[24818]: pam_unix(sshd:auth): authentication failure; logname= uid=0 euid=0 tty=ssh ruser= rhost=182.100.67.120  user=root
Jan  2 05:19:39 LabSZ sshd[24820]: pam_unix(sshd:auth): authentication failure; logname= uid=0 euid=0 tty=ssh ruser= rhost=58.242.83.25  user=root
Jan  2 05:19:40 LabSZ sshd[24818]: Failed password for root from 182.100.67.120 port 34718 ssh2
Jan  2 05:19:41 LabSZ sshd[24820]: Failed password for root from 58.242.83.25 port 15118 ssh2
Jan  2 05:19:47 LabSZ sshd[24816]: message repeated 5 times: [ Failed password for root from 218.65.30.30 port 20356 ssh2]
Jan  2 05:19:47 LabSZ sshd[24816]: Disconnecting: Too many authentication failures for root [preauth]
Jan  2 05:19:47 LabSZ sshd[24816]: PAM 5 more authentication failures; logname= uid=0 euid=0 tty=ssh ruser= rhost=218.65.30.30  user=root
Jan  2 05:19:47 LabSZ sshd[24816]: PAM service(sshd) ignoring max retries; 6 > 3
Jan  2 05:19:48 LabSZ sshd[24822]: reverse mapping checking getaddrinfo for 30.30.65.218.broad.xy.jx.dynamic.163data.com.cn [218.65.30.30] failed - POSSIBLE BREAK-IN ATTEMPT!
Jan  2 05:19:48 LabSZ sshd[24822]: pam_unix(sshd:auth): authentication failure; logname= uid=0 euid=0 tty=ssh ruser= rhost=218.65.30.30  user=root
