Jan  5 07:22:35 LabSZ sshd[15792]: pam_unix(sshd:auth): authentication failure; logname= uid=0 euid=0 tty=ssh ruser= rhost=182.100.67.52  user=root
Jan  5 07:22:37 LabSZ sshd[15792]: Failed password for root from 182.100.67.52 port 22154 ssh2
Jan  5 07:22:44 LabSZ sshd[15790]: message repeated 5 times: [ Failed password for root from 59.63.188.30 port 58350 ssh2]
Jan  5 07:22:44 LabSZ sshd[15790]: Disconnecting: Too many authentication failures for root [preauth]
Jan  5 07:22:44 LabSZ sshd[15790]: PAM 5 more authentication failures; logname= uid=0 euid=0 tty=ssh ruser= rhost=59.63.188.30  user=root
Jan  5 07:22:44 LabSZ sshd[15790]: PAM service(sshd) ignoring max retries; 6 > 3
Jan  5 07:22:45 LabSZ sshd[15794]: pam_unix(sshd:auth): authentication failure; logname= uid=0 euid=0 tty=ssh ruser= rhost=59.63.188.30  user=root
Jan  5 07:22:47 LabSZ sshd[15794]: Failed password for root from 59.63.188.30 port 14150 ssh2
Jan  5 07:22:49 LabSZ sshd[15792]: message repeated 5 times: [ Failed password for root from 182.100.67.52 port 22154 ssh2]
Jan  5 07:22:49 LabSZ sshd[15792]: Disconnecting: Too many authentication failures for root [preauth]
Jan  5 07:22:49 LabSZ sshd[15792]: PAM 5 more authentication failures; logname= uid=0 euid=0 tty=ssh ruser= rhost=182.100.67.52  user=root
Jan  5 07:22:49 LabSZ sshd[15792]: PAM service(sshd) ignoring max retries; 6 > 3
Jan  5 07:22:51 LabSZ sshd[15796]: pam_unix(sshd:auth): authentication failure; logname= uid=0 euid=0 tty=ssh ruser= rhost=182.100.67.52  user=root
Jan  5 07:22:53 LabSZ sshd[15796]: Failed password for root from 182.100.67.52 port 44916 ssh2
Jan  5 07:22:59 LabSZ sshd[15794]: message repeated 5 times: [ Failed password for root from 59.63.188.30 port 14150 ssh2]
Jan  5 07:22:59 LabSZ sshd[15794]: Disconnecting: Too many authentication failures for root [preauth]
Jan  5 07:22:59 LabSZ sshd[15794]: PAM 5 more authentication failures; logname= uid=0 euid=0 tty=ssh ruser= rhost=59.63.188.30  user=root
Jan  5 07:22:59 LabSZ sshd[15794]: PAM service(sshd) ignoring max retries; 6 > 3
Jan  5 07:23:03 LabSZ sshd[15798]: pam_unix(sshd:auth): authentication failure; logname= uid=0 euid=0 tty=ssh ruser= rhost=59.63.188.30  user=root
Jan  5 07:23:05 LabSZ sshd[15798]: Failed password for root from 59.63.188.30 port 33920 ssh2
Jan  5 07:23:06 LabSZ sshd[15796]: message repeated 5 times: [ Failed password for root from 182.100.67.52 port 44916 ssh2]
Jan  5 07:23:06 LabSZ sshd[15796]: Disconnecting: Too many authentication failures for root [preauth]
Jan  5 07:23:06 LabSZ sshd[15796]: PAM 5 more authentication failures; logname= uid=0 euid=0 tty=ssh ruser= rhost=182.100.67.52  user=root
Jan  5 07:23:06 LabSZ sshd[15796]: PAM service(sshd) ignoring max retries; 6 > 3
Jan  5 07:23:07 LabSZ sshd[15800]: pam_unix(sshd:auth): authentication failure; logname= uid=0 euid=0 tty=ssh ruser= rhost=182.100.67.52  user=root
Jan  5 07:23:09 LabSZ sshd[15800]: Failed password for root from 182.100.67.52 port 4120 ssh2
Jan  5 07:23:18 LabSZ sshd[15798]: message repeated 5 times: [ Failed password for root from 59.63.188.30 port 33920 ssh2]
Jan  5 07:23:18 LabSZ sshd[15798]: Disconnecting: Too many authentication failures for root [preauth]
Jan  5 07:23:18 LabSZ sshd[15798]: PAM 5 more authentication failures; logname= uid=0 euid=0 tty=ssh ruser= rhost=59.63.188.30  user=root
Jan  5 07:23:18 LabSZ sshd[15798]: PAM service(sshd) ignoring max retries; 6 > 3
Jan  5 07:23:21 LabSZ sshd[15800]: message repeated 5 times: [ Failed password for root from 182.100.67.52 port 4120 ssh2]
Jan  5 07:23:21 LabSZ sshd[15800]: Disconnecting: Too many authentication failures for root [preauth]
Jan  5 07:23:21 LabSZ sshd[15800]: PAM 5 more authentication failures; logname= uid=0 euid=0 tty=ssh ruser= rhost=182.100.67.52  user=root
Jan  5 07:23:21 LabSZ sshd[15800]: PAM service(sshd) ignoring max retries; 6 > 3
Jan  5 07:23:22 LabSZ sshd[15805]: pam_unix(sshd:auth): authentication failure; logname= uid=0 euid=0 tty=ssh ruser= rhost=182.100.67.52  user=root
Jan  5 07:23:24 LabSZ sshd[15805]: Failed password for root from 182.100.67.52 port 25868 ssh2
Jan  5 07:23:25 LabSZ sshd[15803]: pam_unix(sshd:auth): authentication failure; logname= uid=0 euid=0 tty=ssh ruser= rhost=59.63.188.30  user=root
Jan  5 07:23:27 LabSZ sshd[15803]: Failed password for root from 59.63.188.30 port 43891 ssh2
Jan  5 07:23:33 LabSZ sshd[15802]: Invalid user 0 from 185.222.209.151
Jan  5 07:23:33 LabSZ sshd[15802]: input_userauth_request: invalid user 0 [preauth]
Jan  5 07:23:33 LabSZ sshd[15802]: Failed none for invalid user 0 from 185.222.209.151 port 53751 ssh2
Jan  5 07:23:35 LabSZ sshd[15802]: Connection closed by 185.222.209.151 [preauth]
Jan  5 07:23:37 LabSZ sshd[15805]: message repeated 5 times: [ Failed password for root from 182.100.67.52 port 25868 ssh2]
Jan  5 07:23:37 LabSZ sshd[15805]: Disconnecting: Too many authentication failures for root [preauth]
Jan  5 07:23:37 LabSZ sshd[15805]: PAM 5 more authentication failures; logname= uid=0 euid=0 tty=ssh ruser= rhost=182.100.67.52  user=root
Jan  5 07:23:37 LabSZ sshd[15805]: PAM service(sshd) ignoring max retries; 6 > 3
Jan  5 07:23:38 LabSZ sshd[15809]: pam_unix(sshd:auth): authentication failure; logname= uid=0 euid=0 tty=ssh ruser= rhost=182.100.67.52  user=root
Jan  5 07:23:39 LabSZ sshd[15803]: message repeated 5 times: [ Failed password for root from 59.63.188.30 port 43891 ssh2]
Jan  5 07:23:39 LabSZ sshd[15803]: Disconnecting: Too many authentication failures for root [preauth]
Jan  5 07:23:39 LabSZ sshd[15803]: PAM 5 more authentication failures; logname= uid=0 euid=0 tty=ssh ruser= rhost=59.63.188.30  user=root
Jan  5 07:23:39 LabSZ sshd[15803]: PAM service(sshd) ignoring max retries; 6 > 3
Jan  5 07:23:40 LabSZ sshd[15809]: Failed password for root from 182.100.67.52 port 47402 ssh2
Jan  5 07:23:40 LabSZ sshd[15811]: pam_unix(sshd:auth): authentication failure; logname= uid=0 euid=0 tty=ssh ruser= rhost=59.63.188.30  user=root
Jan  5 07:23:43 LabSZ sshd[15811]: Failed password for root from 59.63.188.30 port 64103 ssh2
Jan  5 07:23:53 LabSZ sshd[15809]: message repeated 5 times: [ Failed password for root from 182.100.67.52 port 47402 ssh2]
Jan  5 07:23:53 LabSZ sshd[15809]: Disconnecting: Too many authentication failures for root [preauth]
Jan  5 07:23:53 LabSZ sshd[15809]: PAM 5 more authentication failures; logname= uid=0 euid=0 tty=ssh ruser= rhost=182.100.67.52  user=root
Jan  5 07:23:53 LabSZ sshd[15809]: PAM service(sshd) ignoring max retries; 6 > 3
Jan  5 07:23:54 LabSZ sshd[15814]: pam_unix(sshd:auth): authentication failure; logname= uid=0 euid=0 tty=ssh ruser= rhost=182.100.67.52  user=root
Jan  5 07:23:56 LabSZ sshd[15814]: Failed password for root from 182.100.67.52 port 4954 ssh2
Jan  5 07:23:57 LabSZ sshd[15808]: Invalid user 123 from 185.222.209.151
Jan  5 07:23:57 LabSZ sshd[15808]: input_userauth_request: invalid user 123 [preauth]
Jan  5 07:23:57 LabSZ sshd[15808]: pam_unix(sshd:auth): check pass; user unknown
Jan  5 07:23:57 LabSZ sshd[15808]: pam_unix(sshd:auth): authentication failure; logname= uid=0 euid=0 tty=ssh ruser= rhost=185.222.209.151 
Jan  5 07:23:59 LabSZ sshd[15808]: Failed password for invalid user 123 from 185.222.209.151 port 52247 ssh2
Jan  5 07:24:00 LabSZ sshd[15811]: message repeated 5 times: [ Failed password for root from 59.63.188.30 port 64103 ssh2]
Jan  5 07:24:00 LabSZ sshd[15811]: Disconnecting: Too many authentication failures for root [preauth]
Jan  5 07:24:00 LabSZ sshd[15811]: PAM 5 more authentication failures; logname= uid=0 euid=0 tty=ssh ruser= rhost=59.63.188.30  user=root
Jan  5 07:24:00 LabSZ sshd[15811]: PAM service(sshd) ignoring max retries; 6 > 3
Jan  5 07:24:01 LabSZ sshd[15808]: Connection closed by 185.222.209.151 [preauth]
Jan  5 07:24:02 LabSZ sshd[15817]: pam_unix(sshd:auth): authentication failure; logname= uid=0 euid=0 tty=ssh ruser= rhost=59.63.188.30  user=root
Jan  5 07:24:04 LabSZ sshd[15817]: Failed password for root from 59.63.188.30 port 21695 ssh2
Jan  5 07:24:08 LabSZ sshd[15814]: message repeated 5 times: [ Failed password for root from 182.100.67.52 port 4954 ssh2]
Jan  5 07:24:08 LabSZ sshd[15814]: Disconnecting: Too many authentication failures for root [preauth]
Jan  5 07:24:08 LabSZ sshd[15814]: PAM 5 more authentication failures; logname= uid=0 euid=0 tty=ssh ruser= rhost=182.100.67.52  user=root
Jan  5 07:24:08 LabSZ sshd[15814]: PAM service(sshd) ignoring max retries; 6 > 3
Jan  5 07:24:10 LabSZ sshd[15819]: pam_unix(sshd:auth): authentication failure; logname= uid=0 euid=0 tty=ssh ruser= rhost=182.100.67.52  user=root
Jan  5 07:24:12 LabSZ sshd[15819]: Failed password for root from 182.100.67.52 port 25030 ssh2
Jan  5 07:24:16 LabSZ sshd[15817]: message repeated 5 times: [ Failed password for root from 59.63.188.30 port 21695 ssh2]
Jan  5 07:24:16 LabSZ sshd[15817]: Disconnecting: Too many authentication failures for root [preauth]
Jan  5 07:24:16 LabSZ sshd[15817]: PAM 5 more authentication failures; logname= uid=0 euid=0 tty=ssh ruser= rhost=59.63.188.30  user=root
Jan  5 07:24:16 LabSZ sshd[15817]: PAM service(sshd) ignoring max retries; 6 > 3
Jan  5 07:24:17 LabSZ sshd[15821]: pam_unix(sshd:auth): authentication failure; logname= uid=0 euid=0 tty=ssh ruser= rhost=59.63.188.30  user=root
Jan  5 07:24:20 LabSZ sshd[15821]: Failed password for root from 59.63.188.30 port 42318 ssh2
Jan  5 07:24:25 LabSZ sshd[15819]: message repeated 5 times: [ Failed password for root from 182.100.67.52 port 25030 ssh2]
Jan  5 07:24:25 LabSZ sshd[15819]: Disconnecting: Too many authentication failures for root [preauth]
Jan  5 07:24:25 LabSZ sshd[15819]: PAM 5 more authentication failures; logname= uid=0 euid=0 tty=ssh ruser= rhost=182.100.67.52  user=root
Jan  5 07:24:25 LabSZ sshd[15819]: PAM service(sshd) ignoring max retries; 6 > 3
Jan  5 07:24:33 LabSZ sshd[15821]: message repeated 5 times: [ Failed password for root from 59.63.188.30 port 42318 ssh2]
Jan  5 07:24:33 LabSZ sshd[15821]: Disconnecting: Too many authentication failures for root [preauth]
Jan  5 07:24:33 LabSZ sshd[15821]: PAM 5 more authentication failures; logname= uid=0 euid=0 tty=ssh ruser= rhost=59.63.188.30  user=root
Jan  5 07:24:33 LabSZ sshd[15821]: PAM service(sshd) ignoring max retries; 6 > 3
Jan  5 07:24:34 LabSZ sshd[15824]: pam_unix(sshd:auth): authentication failure; logname= uid=0 euid=0 tty=ssh ruser= rhost=59.63.188.30  user=root
Jan  5 07:24:36 LabSZ sshd[15824]: Failed password for root from 59.63.188.30 port 63498 ssh2
Jan  5 07:24:36 LabSZ sshd[15826]: pam_unix(sshd:auth): authentication failure; logname= uid=0 euid=0 tty=ssh ruser= rhost=182.100.67.52  user=root
Jan  5 07:24:38 LabSZ sshd[15826]: Failed password for root from 182.100.67.52 port 60038 ssh2
Jan  5 07:24:42 LabSZ sshd[15816]: Invalid user admin from 185.222.209.151
Jan  5 07:24:42 LabSZ sshd[15816]: input_userauth_request: invalid user admin [preauth]
Jan  5 07:24:42 LabSZ sshd[15816]: pam_unix(sshd:auth): check pass; user unknown
Jan  5 07:24:42 LabSZ sshd[15816]: pam_unix(sshd:auth): authentication failure; logname= uid=0 euid=0 tty=ssh ruser= rhost=185.222.209.151 
