Jan  2 07:29:19 LabSZ sshd[28292]: PAM service(sshd) ignoring max retries; 6 > 3
Jan  2 07:29:20 LabSZ sshd[28296]: reverse mapping checking getaddrinfo for 30.30.65.218.broad.xy.jx.dynamic.163data.com.cn [218.65.30.30] failed - POSSIBLE BREAK-IN ATTEMPT!
Jan  2 07:29:20 LabSZ sshd[28296]: pam_unix(sshd:auth): authentication failure; logname= uid=0 euid=0 tty=ssh ruser= rhost=218.65.30.30  user=root
Jan  2 07:29:22 LabSZ sshd[28296]: Failed password for root from 218.65.30.30 port 25490 ssh2
Jan  2 07:29:28 LabSZ sshd[28294]: message repeated 5 times: [ Failed password for root from 58.242.83.25 port 19882 ssh2]
Jan  2 07:29:28 LabSZ sshd[28294]: Disconnecting: Too many authentication failures for root [preauth]
Jan  2 07:29:28 LabSZ sshd[28294]: PAM 5 more authentication failures; logname= uid=0 euid=0 tty=ssh ruser= rhost=58.242.83.25  user=root
Jan  2 07:29:28 LabSZ sshd[28294]: PAM service(sshd) ignoring max retries; 6 > 3
Jan  2 07:29:30 LabSZ sshd[28298]: pam_unix(sshd:auth): authentication failure; logname= uid=0 euid=0 tty=ssh ruser= rhost=58.242.83.25  user=root
Jan  2 07:29:32 LabSZ sshd[28298]: Failed password for root from 58.242.83.25 port 40958 ssh2
Jan  2 07:29:35 LabSZ sshd[28296]: message repeated 5 times: [ Failed password for root from 218.65.30.30 port 25490 ssh2]
Jan  2 07:29:35 LabSZ sshd[28296]: Disconnecting: Too many authentication failures for root [preauth]
Jan  2 07:29:35 LabSZ sshd[28296]: PAM 5 more authentication failures; logname= uid=0 euid=0 tty=ssh ruser= rhost=218.65.30.30  user=root
Jan  2 07:29:35 LabSZ sshd[28296]: PAM service(sshd) ignoring max retries; 6 > 3
Jan  2 07:29:37 LabSZ sshd[28300]: reverse mapping checking getaddrinfo for 30.30.65.218.broad.xy.jx.dynamic.163data.com.cn [218.65.30.30] failed - POSSIBLE BREAK-IN ATTEMPT!
Jan  2 07:29:37 LabSZ sshd[28300]: pam_unix(sshd:auth): authentication failure; logname= uid=0 euid=0 tty=ssh ruser= rhost=218.65.30.30  user=root
Jan  2 07:29:40 LabSZ sshd[28300]: Failed password for root from 218.65.30.30 port 63130 ssh2
Jan  2 07:29:45 LabSZ sshd[28298]: message repeated 5 times: [ Failed password for root from 58.242.83.25 port 40958 ssh2]
Jan  2 07:29:45 LabSZ sshd[28298]: Disconnecting: Too many authentication failures for root [preauth]
Jan  2 07:29:45 LabSZ sshd[28298]: PAM 5 more authentication failures; logname= uid=0 euid=0 tty=ssh ruser= rhost=58.242.83.25  user=root
Jan  2 07:29:45 LabSZ sshd[28298]: PAM service(sshd) ignoring max retries; 6 > 3
Jan  2 07:29:47 LabSZ sshd[28302]: pam_unix(sshd:auth): authentication failure; logname= uid=0 euid=0 tty=ssh ruser= rhost=58.242.83.25  user=root
Jan  2 07:29:49 LabSZ sshd[28302]: Failed password for root from 58.242.83.25 port 62523 ssh2
Jan  2 07:29:53 LabSZ sshd[28300]: message repeated 5 times: [ Failed password for root from 218.65.30.30 port 63130 ssh2]
Jan  2 07:29:53 LabSZ sshd[28300]: Disconnecting: Too many authentication failures for root [preauth]
Jan  2 07:29:53 LabSZ sshd[28300]: PAM 5 more authentication failures; logname= uid=0 euid=0 tty=ssh ruser= rhost=218.65.30.30  user=root
Jan  2 07:29:53 LabSZ sshd[28300]: PAM service(sshd) ignoring max retries; 6 > 3
Jan  2 07:29:54 LabSZ sshd[28304]: reverse mapping checking getaddrinfo for 30.30.65.218.broad.xy.jx.dynamic.163data.com.cn [218.65.30.30] failed - POSSIBLE BREAK-IN ATTEMPT!
Jan  2 07:29:54 LabSZ sshd[28304]: pam_unix(sshd:auth): authentication failure; logname= uid=0 euid=0 tty=ssh ruser= rhost=218.65.30.30  user=root
Jan  2 07:29:56 LabSZ sshd[28304]: Failed password for root from 218.65.30.30 port 38706 ssh2
Jan  2 07:30:01 LabSZ sshd[28302]: message repeated 5 times: [ Failed password for root from 58.242.83.25 port 62523 ssh2]
Jan  2 07:30:01 LabSZ sshd[28302]: Disconnecting: Too many authentication failures for root [preauth]
Jan  2 07:30:01 LabSZ sshd[28302]: PAM 5 more authentication failures; logname= uid=0 euid=0 tty=ssh ruser= rhost=58.242.83.25  user=root
Jan  2 07:30:01 LabSZ sshd[28302]: PAM service(sshd) ignoring max retries; 6 > 3
Jan  2 07:30:02 LabSZ sshd[28306]: pam_unix(sshd:auth): authentication failure; logname= uid=0 euid=0 tty=ssh ruser= rhost=58.242.83.25  user=root
Jan  2 07:30:04 LabSZ sshd[28308]: pam_unix(sshd:auth): authentication failure; logname= uid=0 euid=0 tty=ssh ruser= rhost=182.100.67.120  user=root
Jan  2 07:30:05 LabSZ sshd[28306]: Failed password for root from 58.242.83.25 port 17847 ssh2
Jan  2 07:30:06 LabSZ sshd[28308]: Failed password for root from 182.100.67.120 port 34230 ssh2
Jan  2 07:30:10 LabSZ sshd[28304]: message repeated 5 times: [ Failed password for root from 218.65.30.30 port 38706 ssh2]
Jan  2 07:30:10 LabSZ sshd[28304]: Disconnecting: Too many authentication failures for root [preauth]
Jan  2 07:30:10 LabSZ sshd[28304]: PAM 5 more authentication failures; logname= uid=0 euid=0 tty=ssh ruser= rhost=218.65.30.30  user=root
Jan  2 07:30:10 LabSZ sshd[28304]: PAM service(sshd) ignoring max retries; 6 > 3
Jan  2 07:30:11 LabSZ sshd[28310]: reverse mapping checking getaddrinfo for 30.30.65.218.broad.xy.jx.dynamic.163data.com.cn [218.65.30.30] failed - POSSIBLE BREAK-IN ATTEMPT!
Jan  2 07:30:11 LabSZ sshd[28310]: pam_unix(sshd:auth): authentication failure; logname= uid=0 euid=0 tty=ssh ruser= rhost=218.65.30.30  user=root
Jan  2 07:30:13 LabSZ sshd[28310]: Failed password for root from 218.65.30.30 port 11174 ssh2
Jan  2 07:30:18 LabSZ sshd[28306]: message repeated 5 times: [ Failed password for root from 58.242.83.25 port 17847 ssh2]
Jan  2 07:30:18 LabSZ sshd[28306]: Disconnecting: Too many authentication failures for root [preauth]
Jan  2 07:30:18 LabSZ sshd[28306]: PAM 5 more authentication failures; logname= uid=0 euid=0 tty=ssh ruser= rhost=58.242.83.25  user=root
Jan  2 07:30:18 LabSZ sshd[28306]: PAM service(sshd) ignoring max retries; 6 > 3
Jan  2 07:30:19 LabSZ sshd[28312]: pam_unix(sshd:auth): authentication failure; logname= uid=0 euid=0 tty=ssh ruser= rhost=58.242.83.25  user=root
Jan  2 07:30:20 LabSZ sshd[28308]: message repeated 5 times: [ Failed password for root from 182.100.67.120 port 34230 ssh2]
Jan  2 07:30:20 LabSZ sshd[28308]: Disconnecting: Too many authentication failures for root [preauth]
Jan  2 07:30:20 LabSZ sshd[28308]: PAM 5 more authentication failures; logname= uid=0 euid=0 tty=ssh ruser= rhost=182.100.67.120  user=root
Jan  2 07:30:20 LabSZ sshd[28308]: PAM service(sshd) ignoring max retries; 6 > 3
Jan  2 07:30:21 LabSZ sshd[28314]: pam_unix(sshd:auth): authentication failure; logname= uid=0 euid=0 tty=ssh ruser= rhost=182.100.67.120  user=root
Jan  2 07:30:22 LabSZ sshd[28312]: Failed password for root from 58.242.83.25 port 39582 ssh2
Jan  2 07:30:23 LabSZ sshd[28314]: Failed password for root from 182.100.67.120 port 8078 ssh2
Jan  2 07:30:27 LabSZ sshd[28310]: message repeated 5 times: [ Failed password for root from 218.65.30.30 port 11174 ssh2]
Jan  2 07:30:27 LabSZ sshd[28310]: Disconnecting: Too many authentication failures for root [preauth]
Jan  2 07:30:27 LabSZ sshd[28310]: PAM 5 more authentication failures; logname= uid=0 euid=0 tty=ssh ruser= rhost=218.65.30.30  user=root
Jan  2 07:30:27 LabSZ sshd[28310]: PAM service(sshd) ignoring max retries; 6 > 3
Jan  2 07:30:27 LabSZ sshd[28316]: reverse mapping checking getaddrinfo for 45.32.81.34.vultr.com [45.32.81.34] failed - POSSIBLE BREAK-IN ATTEMPT!
Jan  2 07:30:27 LabSZ sshd[28316]: Invalid user admin from 45.32.81.34
Jan  2 07:30:27 LabSZ sshd[28316]: input_userauth_request: invalid user admin [preauth]
Jan  2 07:30:27 LabSZ sshd[28316]: pam_unix(sshd:auth): check pass; user unknown
Jan  2 07:30:27 LabSZ sshd[28316]: pam_unix(sshd:auth): authentication failure; logname= uid=0 euid=0 tty=ssh ruser= rhost=45.32.81.34 
Jan  2 07:30:28 LabSZ sshd[28318]: reverse mapping checking getaddrinfo for 30.30.65.218.broad.xy.jx.dynamic.163data.com.cn [218.65.30.30] failed - POSSIBLE BREAK-IN ATTEMPT!
Jan  2 07:30:28 LabSZ sshd[28318]: pam_unix(sshd:auth): authentication failure; logname= uid=0 euid=0 tty=ssh ruser= rhost=218.65.30.30  user=root
Jan  2 07:30:29 LabSZ sshd[28316]: Failed password for invalid user admin from 45.32.81.34 port 45316 ssh2
Jan  2 07:30:29 LabSZ sshd[28316]: Received disconnect from 45.32.81.34: 11: Bye Bye [preauth]
Jan  2 07:30:30 LabSZ sshd[28318]: Failed password for root from 218.65.30.30 port 50016 ssh2
Jan  2 07:30:36 LabSZ sshd[28312]: message repeated 5 times: [ Failed password for root from 58.242.83.25 port 39582 ssh2]
Jan  2 07:30:36 LabSZ sshd[28312]: Disconnecting: Too many authentication failures for root [preauth]
Jan  2 07:30:36 LabSZ sshd[28312]: PAM 5 more authentication failures; logname= uid=0 euid=0 tty=ssh ruser= rhost=58.242.83.25  user=root
Jan  2 07:30:36 LabSZ sshd[28312]: PAM service(sshd) ignoring max retries; 6 > 3
Jan  2 07:30:37 LabSZ sshd[28314]: message repeated 5 times: [ Failed password for root from 182.100.67.120 port 8078 ssh2]
Jan  2 07:30:37 LabSZ sshd[28314]: Disconnecting: Too many authentication failures for root [preauth]
Jan  2 07:30:37 LabSZ sshd[28314]: PAM 5 more authentication failures; logname= uid=0 euid=0 tty=ssh ruser= rhost=182.100.67.120  user=root
Jan  2 07:30:37 LabSZ sshd[28314]: PAM service(sshd) ignoring max retries; 6 > 3
Jan  2 07:30:37 LabSZ sshd[28320]: pam_unix(sshd:auth): authentication failure; logname= uid=0 euid=0 tty=ssh ruser= rhost=58.242.83.25  user=root
Jan  2 07:30:38 LabSZ sshd[28322]: pam_unix(sshd:auth): authentication failure; logname= uid=0 euid=0 tty=ssh ruser= rhost=182.100.67.120  user=root
Jan  2 07:30:40 LabSZ sshd[28320]: Failed password for root from 58.242.83.25 port 62042 ssh2
Jan  2 07:30:41 LabSZ sshd[28322]: Failed password for root from 182.100.67.120 port 44962 ssh2
Jan  2 07:30:45 LabSZ sshd[28318]: message repeated 5 times: [ Failed password for root from 218.65.30.30 port 50016 ssh2]
Jan  2 07:30:45 LabSZ sshd[28318]: Disconnecting: Too many authentication failures for root [preauth]
Jan  2 07:30:45 LabSZ sshd[28318]: PAM 5 more authentication failures; logname= uid=0 euid=0 tty=ssh ruser= rhost=218.65.30.30  user=root
Jan  2 07:30:45 LabSZ sshd[28318]: PAM service(sshd) ignoring max retries; 6 > 3
Jan  2 07:30:46 LabSZ sshd[28324]: reverse mapping checking getaddrinfo for 30.30.65.218.broad.xy.jx.dynamic.163data.com.cn [218.65.30.30] failed - POSSIBLE BREAK-IN ATTEMPT!
Jan  2 07:30:46 LabSZ sshd[28324]: pam_unix(sshd:auth): authentication failure; logname= uid=0 euid=0 tty=ssh ruser= rhost=218.65.30.30  user=root
Jan  2 07:30:49 LabSZ sshd[28324]: Failed password for root from 218.65.30.30 port 27414 ssh2
Jan  2 07:30:53 LabSZ sshd[28320]: message repeated 5 times: [ Failed password for root from 58.242.83.25 port 62042 ssh2]
Jan  2 07:30:53 LabSZ sshd[28320]: Disconnecting: Too many authentication failures for root [preauth]
Jan  2 07:30:53 LabSZ sshd[28320]: PAM 5 more authentication failures; logname= uid=0 euid=0 tty=ssh ruser= rhost=58.242.83.25  user=root
Jan  2 07:30:53 LabSZ sshd[28320]: PAM service(sshd) ignoring max retries; 6 > 3
Jan  2 07:30:54 LabSZ sshd[28322]: message repeated 5 times: [ Failed password for root from 182.100.67.120 port 44962 ssh2]
Jan  2 07:30:54 LabSZ sshd[28322]: Disconnecting: Too many authentication failures for root [preauth]
Jan  2 07:30:54 LabSZ sshd[28322]: PAM 5 more authentication failures; logname= uid=0 euid=0 tty=ssh ruser= rhost=182.100.67.120  user=root
Jan  2 07:30:54 LabSZ sshd[28322]: PAM service(sshd) ignoring max retries; 6 > 3
Jan  2 07:30:54 LabSZ sshd[28326]: pam_unix(sshd:auth): authentication failure; logname= uid=0 euid=0 tty=ssh ruser= rhost=117.52.87.214  user=root
Jan  2 07:30:55 LabSZ sshd[28328]: pam_unix(sshd:auth): authentication failure; logname= uid=0 euid=0 tty=ssh ruser= rhost=58.242.83.25  user=root
