Jan  2 08:58:34 LabSZ sshd[30775]: Disconnecting: Too many authentication failures for root [preauth]
Jan  2 08:58:34 LabSZ sshd[30775]: PAM 5 more authentication failures; logname= uid=0 euid=0 tty=ssh ruser= rhost=218.65.30.30  user=root
Jan  2 08:58:34 LabSZ sshd[30775]: PAM service(sshd) ignoring max retries; 6 > 3
Jan  2 08:58:35 LabSZ sshd[30778]: pam_unix(sshd:auth): authentication failure; logname= uid=0 euid=0 tty=ssh ruser= rhost=182.100.67.120  user=root
Jan  2 08:58:36 LabSZ sshd[30781]: reverse mapping checking getaddrinfo for 30.30.65.218.broad.xy.jx.dynamic.163data.com.cn [218.65.30.30] failed - POSSIBLE BREAK-IN ATTEMPT!
Jan  2 08:58:36 LabSZ sshd[30781]: pam_unix(sshd:auth): authentication failure; logname= uid=0 euid=0 tty=ssh ruser= rhost=218.65.30.30  user=root
Jan  2 08:58:36 LabSZ sshd[30777]: pam_unix(sshd:auth): authentication failure; logname= uid=0 euid=0 tty=ssh ruser= rhost=58.242.83.25  user=root
Jan  2 08:58:37 LabSZ sshd[30778]: Failed password for root from 182.100.67.120 port 16934 ssh2
Jan  2 08:58:38 LabSZ sshd[30781]: Failed password for root from 218.65.30.30 port 43122 ssh2
Jan  2 08:58:38 LabSZ sshd[30777]: Failed password for root from 58.242.83.25 port 25033 ssh2
Jan  2 08:58:51 LabSZ sshd[30778]: message repeated 5 times: [ Failed password for root from 182.100.67.120 port 16934 ssh2]
Jan  2 08:58:51 LabSZ sshd[30778]: Disconnecting: Too many authentication failures for root [preauth]
Jan  2 08:58:51 LabSZ sshd[30778]: PAM 5 more authentication failures; logname= uid=0 euid=0 tty=ssh ruser= rhost=182.100.67.120  user=root
Jan  2 08:58:51 LabSZ sshd[30778]: PAM service(sshd) ignoring max retries; 6 > 3
Jan  2 08:58:51 LabSZ sshd[30777]: message repeated 5 times: [ Failed password for root from 58.242.83.25 port 25033 ssh2]
Jan  2 08:58:51 LabSZ sshd[30777]: Disconnecting: Too many authentication failures for root [preauth]
Jan  2 08:58:51 LabSZ sshd[30777]: PAM 5 more authentication failures; logname= uid=0 euid=0 tty=ssh ruser= rhost=58.242.83.25  user=root
Jan  2 08:58:51 LabSZ sshd[30777]: PAM service(sshd) ignoring max retries; 6 > 3
Jan  2 08:58:51 LabSZ sshd[30781]: message repeated 5 times: [ Failed password for root from 218.65.30.30 port 43122 ssh2]
Jan  2 08:58:51 LabSZ sshd[30781]: Disconnecting: Too many authentication failures for root [preauth]
Jan  2 08:58:51 LabSZ sshd[30781]: PAM 5 more authentication failures; logname= uid=0 euid=0 tty=ssh ruser= rhost=218.65.30.30  user=root
Jan  2 08:58:51 LabSZ sshd[30781]: PAM service(sshd) ignoring max retries; 6 > 3
Jan  2 08:58:52 LabSZ sshd[30785]: pam_unix(sshd:auth): authentication failure; logname= uid=0 euid=0 tty=ssh ruser= rhost=58.242.83.25  user=root
Jan  2 08:58:52 LabSZ sshd[30787]: reverse mapping checking getaddrinfo for 30.30.65.218.broad.xy.jx.dynamic.163data.com.cn [218.65.30.30] failed - POSSIBLE BREAK-IN ATTEMPT!
Jan  2 08:58:52 LabSZ sshd[30783]: pam_unix(sshd:auth): authentication failure; logname= uid=0 euid=0 tty=ssh ruser= rhost=182.100.67.120  user=root
Jan  2 08:58:52 LabSZ sshd[30787]: pam_unix(sshd:auth): authentication failure; logname= uid=0 euid=0 tty=ssh ruser= rhost=218.65.30.30  user=root
Jan  2 08:58:54 LabSZ sshd[30785]: Failed password for root from 58.242.83.25 port 46252 ssh2
Jan  2 08:58:54 LabSZ sshd[30783]: Failed password for root from 182.100.67.120 port 52500 ssh2
Jan  2 08:58:54 LabSZ sshd[30787]: Failed password for root from 218.65.30.30 port 15754 ssh2
Jan  2 08:59:08 LabSZ sshd[30785]: message repeated 5 times: [ Failed password for root from 58.242.83.25 port 46252 ssh2]
Jan  2 08:59:08 LabSZ sshd[30785]: Disconnecting: Too many authentication failures for root [preauth]
Jan  2 08:59:08 LabSZ sshd[30785]: PAM 5 more authentication failures; logname= uid=0 euid=0 tty=ssh ruser= rhost=58.242.83.25  user=root
Jan  2 08:59:08 LabSZ sshd[30785]: PAM service(sshd) ignoring max retries; 6 > 3
Jan  2 08:59:08 LabSZ sshd[30783]: message repeated 5 times: [ Failed password for root from 182.100.67.120 port 52500 ssh2]
Jan  2 08:59:08 LabSZ sshd[30783]: Disconnecting: Too many authentication failures for root [preauth]
Jan  2 08:59:08 LabSZ sshd[30783]: PAM 5 more authentication failures; logname= uid=0 euid=0 tty=ssh ruser= rhost=182.100.67.120  user=root
Jan  2 08:59:08 LabSZ sshd[30783]: PAM service(sshd) ignoring max retries; 6 > 3
Jan  2 08:59:08 LabSZ sshd[30787]: message repeated 5 times: [ Failed password for root from 218.65.30.30 port 15754 ssh2]
Jan  2 08:59:08 LabSZ sshd[30787]: Disconnecting: Too many authentication failures for root [preauth]
Jan  2 08:59:08 LabSZ sshd[30787]: PAM 5 more authentication failures; logname= uid=0 euid=0 tty=ssh ruser= rhost=218.65.30.30  user=root
Jan  2 08:59:08 LabSZ sshd[30787]: PAM service(sshd) ignoring max retries; 6 > 3
Jan  2 08:59:09 LabSZ sshd[30791]: pam_unix(sshd:auth): authentication failure; logname= uid=0 euid=0 tty=ssh ruser= rhost=182.100.67.120  user=root
Jan  2 08:59:09 LabSZ sshd[30789]: pam_unix(sshd:auth): authentication failure; logname= uid=0 euid=0 tty=ssh ruser= rhost=58.242.83.25  user=root
Jan  2 08:59:09 LabSZ sshd[30792]: reverse mapping checking getaddrinfo for 30.30.65.218.broad.xy.jx.dynamic.163data.com.cn [218.65.30.30] failed - POSSIBLE BREAK-IN ATTEMPT!
Jan  2 08:59:09 LabSZ sshd[30792]: pam_unix(sshd:auth): authentication failure; logname= uid=0 euid=0 tty=ssh ruser= rhost=218.65.30.30  user=root
Jan  2 08:59:11 LabSZ sshd[30791]: Failed password for root from 182.100.67.120 port 24738 ssh2
Jan  2 08:59:11 LabSZ sshd[30789]: Failed password for root from 58.242.83.25 port 3140 ssh2
Jan  2 08:59:11 LabSZ sshd[30792]: Failed password for root from 218.65.30.30 port 53098 ssh2
Jan  2 08:59:16 LabSZ sshd[30795]: Invalid user service from 49.77.235.11
Jan  2 08:59:16 LabSZ sshd[30795]: input_userauth_request: invalid user service [preauth]
Jan  2 08:59:16 LabSZ sshd[30795]: pam_unix(sshd:auth): check pass; user unknown
Jan  2 08:59:16 LabSZ sshd[30795]: pam_unix(sshd:auth): authentication failure; logname= uid=0 euid=0 tty=ssh ruser= rhost=49.77.235.11 
Jan  2 08:59:18 LabSZ sshd[30795]: Failed password for invalid user service from 49.77.235.11 port 34612 ssh2
Jan  2 08:59:18 LabSZ sshd[30795]: pam_unix(sshd:auth): check pass; user unknown
Jan  2 08:59:20 LabSZ sshd[30795]: Failed password for invalid user service from 49.77.235.11 port 34612 ssh2
Jan  2 08:59:20 LabSZ sshd[30795]: pam_unix(sshd:auth): check pass; user unknown
Jan  2 08:59:22 LabSZ sshd[30795]: Failed password for invalid user service from 49.77.235.11 port 34612 ssh2
Jan  2 08:59:22 LabSZ sshd[30795]: pam_unix(sshd:auth): check pass; user unknown
Jan  2 08:59:24 LabSZ sshd[30791]: message repeated 5 times: [ Failed password for root from 182.100.67.120 port 24738 ssh2]
Jan  2 08:59:24 LabSZ sshd[30791]: Disconnecting: Too many authentication failures for root [preauth]
Jan  2 08:59:24 LabSZ sshd[30791]: PAM 5 more authentication failures; logname= uid=0 euid=0 tty=ssh ruser= rhost=182.100.67.120  user=root
Jan  2 08:59:24 LabSZ sshd[30791]: PAM service(sshd) ignoring max retries; 6 > 3
Jan  2 08:59:24 LabSZ sshd[30789]: message repeated 5 times: [ Failed password for root from 58.242.83.25 port 3140 ssh2]
Jan  2 08:59:24 LabSZ sshd[30789]: Disconnecting: Too many authentication failures for root [preauth]
Jan  2 08:59:24 LabSZ sshd[30789]: PAM 5 more authentication failures; logname= uid=0 euid=0 tty=ssh ruser= rhost=58.242.83.25  user=root
Jan  2 08:59:24 LabSZ sshd[30789]: PAM service(sshd) ignoring max retries; 6 > 3
Jan  2 08:59:24 LabSZ sshd[30795]: Failed password for invalid user service from 49.77.235.11 port 34612 ssh2
Jan  2 08:59:24 LabSZ sshd[30792]: message repeated 5 times: [ Failed password for root from 218.65.30.30 port 53098 ssh2]
Jan  2 08:59:24 LabSZ sshd[30792]: Disconnecting: Too many authentication failures for root [preauth]
Jan  2 08:59:24 LabSZ sshd[30792]: PAM 5 more authentication failures; logname= uid=0 euid=0 tty=ssh ruser= rhost=218.65.30.30  user=root
Jan  2 08:59:24 LabSZ sshd[30792]: PAM service(sshd) ignoring max retries; 6 > 3
Jan  2 08:59:24 LabSZ sshd[30795]: pam_unix(sshd:auth): check pass; user unknown
Jan  2 08:59:25 LabSZ sshd[30797]: pam_unix(sshd:auth): authentication failure; logname= uid=0 euid=0 tty=ssh ruser= rhost=182.100.67.120  user=root
Jan  2 08:59:26 LabSZ sshd[30801]: reverse mapping checking getaddrinfo for 30.30.65.218.broad.xy.jx.dynamic.163data.com.cn [218.65.30.30] failed - POSSIBLE BREAK-IN ATTEMPT!
Jan  2 08:59:26 LabSZ sshd[30801]: pam_unix(sshd:auth): authentication failure; logname= uid=0 euid=0 tty=ssh ruser= rhost=218.65.30.30  user=root
Jan  2 08:59:26 LabSZ sshd[30799]: pam_unix(sshd:auth): authentication failure; logname= uid=0 euid=0 tty=ssh ruser= rhost=58.242.83.25  user=root
Jan  2 08:59:26 LabSZ sshd[30795]: Failed password for invalid user service from 49.77.235.11 port 34612 ssh2
Jan  2 08:59:26 LabSZ sshd[30795]: pam_unix(sshd:auth): check pass; user unknown
Jan  2 08:59:27 LabSZ sshd[30797]: Failed password for root from 182.100.67.120 port 60424 ssh2
Jan  2 08:59:28 LabSZ sshd[30801]: Failed password for root from 218.65.30.30 port 25804 ssh2
Jan  2 08:59:28 LabSZ sshd[30799]: Failed password for root from 58.242.83.25 port 23446 ssh2
Jan  2 08:59:29 LabSZ sshd[30795]: Failed password for invalid user service from 49.77.235.11 port 34612 ssh2
Jan  2 08:59:29 LabSZ sshd[30795]: Disconnecting: Too many authentication failures for service [preauth]
Jan  2 08:59:29 LabSZ sshd[30795]: PAM 5 more authentication failures; logname= uid=0 euid=0 tty=ssh ruser= rhost=49.77.235.11 
Jan  2 08:59:29 LabSZ sshd[30795]: PAM service(sshd) ignoring max retries; 6 > 3
Jan  2 08:59:41 LabSZ sshd[30797]: message repeated 5 times: [ Failed password for root from 182.100.67.120 port 60424 ssh2]
Jan  2 08:59:41 LabSZ sshd[30797]: Disconnecting: Too many authentication failures for root [preauth]
Jan  2 08:59:41 LabSZ sshd[30797]: PAM 5 more authentication failures; logname= uid=0 euid=0 tty=ssh ruser= rhost=182.100.67.120  user=root
Jan  2 08:59:41 LabSZ sshd[30797]: PAM service(sshd) ignoring max retries; 6 > 3
Jan  2 08:59:41 LabSZ sshd[30801]: message repeated 5 times: [ Failed password for root from 218.65.30.30 port 25804 ssh2]
Jan  2 08:59:41 LabSZ sshd[30801]: Disconnecting: Too many authentication failures for root [preauth]
Jan  2 08:59:41 LabSZ sshd[30801]: PAM 5 more authentication failures; logname= uid=0 euid=0 tty=ssh ruser= rhost=218.65.30.30  user=root
Jan  2 08:59:41 LabSZ sshd[30801]: PAM service(sshd) ignoring max retries; 6 > 3
Jan  2 08:59:42 LabSZ sshd[30799]: message repeated 5 times: [ Failed password for root from 58.242.83.25 port 23446 ssh2]
Jan  2 08:59:42 LabSZ sshd[30799]: Disconnecting: Too many authentication failures for root [preauth]
Jan  2 08:59:42 LabSZ sshd[30799]: PAM 5 more authentication failures; logname= uid=0 euid=0 tty=ssh ruser= rhost=58.242.83.25  user=root
Jan  2 08:59:42 LabSZ sshd[30799]: PAM service(sshd) ignoring max retries; 6 > 3
Jan  2 08:59:43 LabSZ sshd[30803]: pam_unix(sshd:auth): authentication failure; logname= uid=0 euid=0 tty=ssh ruser= rhost=182.100.67.120  user=root
Jan  2 08:59:43 LabSZ sshd[30805]: reverse mapping checking getaddrinfo for 30.30.65.218.broad.xy.jx.dynamic.163data.com.cn [218.65.30.30] failed - POSSIBLE BREAK-IN ATTEMPT!
Jan  2 08:59:43 LabSZ sshd[30805]: pam_unix(sshd:auth): authentication failure; logname= uid=0 euid=0 tty=ssh ruser= rhost=218.65.30.30  user=root
