Jan  4 16:56:23 LabSZ sshd[3423]: Invalid user xgridagent from 218.4.104.194
Jan  4 16:56:23 LabSZ sshd[3423]: input_userauth_request: invalid user xgridagent [preauth]
Jan  4 16:56:23 LabSZ sshd[3423]: pam_unix(sshd:auth): check pass; user unknown
Jan  4 16:56:23 LabSZ sshd[3423]: pam_unix(sshd:auth): authentication failure; logname= uid=0 euid=0 tty=ssh ruser= rhost=218.4.104.194 
Jan  4 16:56:25 LabSZ sshd[3423]: Failed password for invalid user xgridagent from 218.4.104.194 port 47003 ssh2
Jan  4 16:56:25 LabSZ sshd[3423]: Received disconnect from 218.4.104.194: 11: Bye Bye [preauth]
Jan  4 16:56:25 LabSZ sshd[3426]: Invalid user agent from 218.4.104.194
Jan  4 16:56:25 LabSZ sshd[3426]: input_userauth_request: invalid user agent [preauth]
Jan  4 16:56:25 LabSZ sshd[3426]: pam_unix(sshd:auth): check pass; user unknown
Jan  4 16:56:25 LabSZ sshd[3426]: pam_unix(sshd:auth): authentication failure; logname= uid=0 euid=0 tty=ssh ruser= rhost=218.4.104.194 
Jan  4 16:56:27 LabSZ sshd[3426]: Failed password for invalid user agent from 218.4.104.194 port 47339 ssh2
Jan  4 16:56:27 LabSZ sshd[3426]: Received disconnect from 218.4.104.194: 11: Bye Bye [preauth]
Jan  4 16:56:28 LabSZ sshd[3428]: Invalid user xgridcontroller from 218.4.104.194
Jan  4 16:56:28 LabSZ sshd[3428]: input_userauth_request: invalid user xgridcontroller [preauth]
Jan  4 16:56:28 LabSZ sshd[3428]: pam_unix(sshd:auth): check pass; user unknown
Jan  4 16:56:28 LabSZ sshd[3428]: pam_unix(sshd:auth): authentication failure; logname= uid=0 euid=0 tty=ssh ruser= rhost=218.4.104.194 
Jan  4 16:56:28 LabSZ sshd[3412]: message repeated 5 times: [ Failed password for root from 59.63.188.30 port 7736 ssh2]
Jan  4 16:56:28 LabSZ sshd[3412]: Disconnecting: Too many authentication failures for root [preauth]
Jan  4 16:56:28 LabSZ sshd[3412]: PAM 5 more authentication failures; logname= uid=0 euid=0 tty=ssh ruser= rhost=59.63.188.30  user=root
Jan  4 16:56:28 LabSZ sshd[3412]: PAM service(sshd) ignoring max retries; 6 > 3
Jan  4 16:56:29 LabSZ sshd[3430]: pam_unix(sshd:auth): authentication failure; logname= uid=0 euid=0 tty=ssh ruser= rhost=59.63.188.30  user=root
Jan  4 16:56:29 LabSZ sshd[3428]: Failed password for invalid user xgridcontroller from 218.4.104.194 port 47697 ssh2
Jan  4 16:56:29 LabSZ sshd[3428]: Received disconnect from 218.4.104.194: 11: Bye Bye [preauth]
Jan  4 16:56:30 LabSZ sshd[3432]: Invalid user jabber from 218.4.104.194
Jan  4 16:56:30 LabSZ sshd[3432]: input_userauth_request: invalid user jabber [preauth]
Jan  4 16:56:30 LabSZ sshd[3432]: pam_unix(sshd:auth): check pass; user unknown
Jan  4 16:56:30 LabSZ sshd[3432]: pam_unix(sshd:auth): authentication failure; logname= uid=0 euid=0 tty=ssh ruser= rhost=218.4.104.194 
Jan  4 16:56:31 LabSZ sshd[3430]: Failed password for root from 59.63.188.30 port 25932 ssh2
Jan  4 16:56:32 LabSZ sshd[3432]: Failed password for invalid user jabber from 218.4.104.194 port 48037 ssh2
Jan  4 16:56:32 LabSZ sshd[3432]: Received disconnect from 218.4.104.194: 11: Bye Bye [preauth]
Jan  4 16:56:32 LabSZ sshd[3418]: Invalid user 1234 from 5.188.10.180
Jan  4 16:56:32 LabSZ sshd[3418]: input_userauth_request: invalid user 1234 [preauth]
Jan  4 16:56:32 LabSZ sshd[3418]: pam_unix(sshd:auth): check pass; user unknown
Jan  4 16:56:32 LabSZ sshd[3418]: pam_unix(sshd:auth): authentication failure; logname= uid=0 euid=0 tty=ssh ruser= rhost=5.188.10.180 
Jan  4 16:56:32 LabSZ sshd[3434]: Invalid user amavisd from 218.4.104.194
Jan  4 16:56:32 LabSZ sshd[3434]: input_userauth_request: invalid user amavisd [preauth]
Jan  4 16:56:32 LabSZ sshd[3434]: pam_unix(sshd:auth): check pass; user unknown
Jan  4 16:56:32 LabSZ sshd[3434]: pam_unix(sshd:auth): authentication failure; logname= uid=0 euid=0 tty=ssh ruser= rhost=218.4.104.194 
Jan  4 16:56:32 LabSZ sshd[3419]: message repeated 5 times: [ Failed password for root from 59.63.188.30 port 12483 ssh2]
Jan  4 16:56:32 LabSZ sshd[3419]: Disconnecting: Too many authentication failures for root [preauth]
Jan  4 16:56:32 LabSZ sshd[3419]: PAM 5 more authentication failures; logname= uid=0 euid=0 tty=ssh ruser= rhost=59.63.188.30  user=root
Jan  4 16:56:32 LabSZ sshd[3419]: PAM service(sshd) ignoring max retries; 6 > 3
Jan  4 16:56:34 LabSZ sshd[3436]: pam_unix(sshd:auth): authentication failure; logname= uid=0 euid=0 tty=ssh ruser= rhost=59.63.188.30  user=root
Jan  4 16:56:34 LabSZ sshd[3418]: Failed password for invalid user 1234 from 5.188.10.180 port 49348 ssh2
Jan  4 16:56:35 LabSZ sshd[3434]: Failed password for invalid user amavisd from 218.4.104.194 port 48445 ssh2
Jan  4 16:56:35 LabSZ sshd[3434]: Received disconnect from 218.4.104.194: 11: Bye Bye [preauth]
Jan  4 16:56:35 LabSZ sshd[3438]: Invalid user clamav from 218.4.104.194
Jan  4 16:56:35 LabSZ sshd[3438]: input_userauth_request: invalid user clamav [preauth]
Jan  4 16:56:35 LabSZ sshd[3438]: pam_unix(sshd:auth): check pass; user unknown
Jan  4 16:56:35 LabSZ sshd[3438]: pam_unix(sshd:auth): authentication failure; logname= uid=0 euid=0 tty=ssh ruser= rhost=218.4.104.194 
Jan  4 16:56:35 LabSZ sshd[3436]: Failed password for root from 59.63.188.30 port 30590 ssh2
Jan  4 16:56:37 LabSZ sshd[3438]: Failed password for invalid user clamav from 218.4.104.194 port 48841 ssh2
Jan  4 16:56:37 LabSZ sshd[3438]: Received disconnect from 218.4.104.194: 11: Bye Bye [preauth]
Jan  4 16:56:37 LabSZ sshd[3440]: Invalid user appserver from 218.4.104.194
Jan  4 16:56:37 LabSZ sshd[3440]: input_userauth_request: invalid user appserver [preauth]
Jan  4 16:56:37 LabSZ sshd[3440]: pam_unix(sshd:auth): check pass; user unknown
Jan  4 16:56:37 LabSZ sshd[3440]: pam_unix(sshd:auth): authentication failure; logname= uid=0 euid=0 tty=ssh ruser= rhost=218.4.104.194 
Jan  4 16:56:39 LabSZ sshd[3440]: Failed password for invalid user appserver from 218.4.104.194 port 49227 ssh2
Jan  4 16:56:39 LabSZ sshd[3440]: Received disconnect from 218.4.104.194: 11: Bye Bye [preauth]
Jan  4 16:56:40 LabSZ sshd[3442]: Invalid user mailman from 218.4.104.194
Jan  4 16:56:40 LabSZ sshd[3442]: input_userauth_request: invalid user mailman [preauth]
Jan  4 16:56:40 LabSZ sshd[3442]: pam_unix(sshd:auth): check pass; user unknown
Jan  4 16:56:40 LabSZ sshd[3442]: pam_unix(sshd:auth): authentication failure; logname= uid=0 euid=0 tty=ssh ruser= rhost=218.4.104.194 
Jan  4 16:56:40 LabSZ sshd[3418]: Connection closed by 5.188.10.180 [preauth]
Jan  4 16:56:41 LabSZ sshd[3442]: Failed password for invalid user mailman from 218.4.104.194 port 49641 ssh2
Jan  4 16:56:41 LabSZ sshd[3442]: Received disconnect from 218.4.104.194: 11: Bye Bye [preauth]
Jan  4 16:56:42 LabSZ sshd[3445]: Invalid user cyrusimap from 218.4.104.194
Jan  4 16:56:42 LabSZ sshd[3445]: input_userauth_request: invalid user cyrusimap [preauth]
Jan  4 16:56:42 LabSZ sshd[3445]: pam_unix(sshd:auth): check pass; user unknown
Jan  4 16:56:42 LabSZ sshd[3445]: pam_unix(sshd:auth): authentication failure; logname= uid=0 euid=0 tty=ssh ruser= rhost=218.4.104.194 
Jan  4 16:56:43 LabSZ sshd[3430]: message repeated 5 times: [ Failed password for root from 59.63.188.30 port 25932 ssh2]
Jan  4 16:56:43 LabSZ sshd[3430]: Disconnecting: Too many authentication failures for root [preauth]
Jan  4 16:56:43 LabSZ sshd[3430]: PAM 5 more authentication failures; logname= uid=0 euid=0 tty=ssh ruser= rhost=59.63.188.30  user=root
Jan  4 16:56:43 LabSZ sshd[3430]: PAM service(sshd) ignoring max retries; 6 > 3
Jan  4 16:56:44 LabSZ sshd[3447]: pam_unix(sshd:auth): authentication failure; logname= uid=0 euid=0 tty=ssh ruser= rhost=59.63.188.30  user=root
Jan  4 16:56:44 LabSZ sshd[3445]: Failed password for invalid user cyrusimap from 218.4.104.194 port 50033 ssh2
Jan  4 16:56:44 LabSZ sshd[3445]: Received disconnect from 218.4.104.194: 11: Bye Bye [preauth]
Jan  4 16:56:44 LabSZ sshd[3449]: Invalid user qtss from 218.4.104.194
Jan  4 16:56:44 LabSZ sshd[3449]: input_userauth_request: invalid user qtss [preauth]
Jan  4 16:56:44 LabSZ sshd[3449]: pam_unix(sshd:auth): check pass; user unknown
Jan  4 16:56:44 LabSZ sshd[3449]: pam_unix(sshd:auth): authentication failure; logname= uid=0 euid=0 tty=ssh ruser= rhost=218.4.104.194 
Jan  4 16:56:46 LabSZ sshd[3447]: Failed password for root from 59.63.188.30 port 43165 ssh2
Jan  4 16:56:47 LabSZ sshd[3436]: message repeated 5 times: [ Failed password for root from 59.63.188.30 port 30590 ssh2]
Jan  4 16:56:47 LabSZ sshd[3436]: Disconnecting: Too many authentication failures for root [preauth]
Jan  4 16:56:47 LabSZ sshd[3436]: PAM 5 more authentication failures; logname= uid=0 euid=0 tty=ssh ruser= rhost=59.63.188.30  user=root
Jan  4 16:56:47 LabSZ sshd[3436]: PAM service(sshd) ignoring max retries; 6 > 3
Jan  4 16:56:47 LabSZ sshd[3449]: Failed password for invalid user qtss from 218.4.104.194 port 50525 ssh2
Jan  4 16:56:47 LabSZ sshd[3449]: Received disconnect from 218.4.104.194: 11: Bye Bye [preauth]
Jan  4 16:56:47 LabSZ sshd[3451]: Invalid user eppc from 218.4.104.194
Jan  4 16:56:47 LabSZ sshd[3451]: input_userauth_request: invalid user eppc [preauth]
Jan  4 16:56:47 LabSZ sshd[3451]: pam_unix(sshd:auth): check pass; user unknown
Jan  4 16:56:47 LabSZ sshd[3451]: pam_unix(sshd:auth): authentication failure; logname= uid=0 euid=0 tty=ssh ruser= rhost=218.4.104.194 
Jan  4 16:56:48 LabSZ sshd[3453]: pam_unix(sshd:auth): authentication failure; logname= uid=0 euid=0 tty=ssh ruser= rhost=59.63.188.30  user=root
Jan  4 16:56:49 LabSZ sshd[3451]: Failed password for invalid user eppc from 218.4.104.194 port 51003 ssh2
Jan  4 16:56:49 LabSZ sshd[3451]: Received disconnect from 218.4.104.194: 11: Bye Bye [preauth]
Jan  4 16:56:49 LabSZ sshd[3455]: Invalid user telnetd from 218.4.104.194
Jan  4 16:56:49 LabSZ sshd[3455]: input_userauth_request: invalid user telnetd [preauth]
Jan  4 16:56:49 LabSZ sshd[3455]: pam_unix(sshd:auth): check pass; user unknown
Jan  4 16:56:49 LabSZ sshd[3455]: pam_unix(sshd:auth): authentication failure; logname= uid=0 euid=0 tty=ssh ruser= rhost=218.4.104.194 
Jan  4 16:56:50 LabSZ sshd[3453]: Failed password for root from 59.63.188.30 port 48038 ssh2
