Jan  3 12:22:10 LabSZ sshd[32732]: input_userauth_request: invalid user myhadoop [preauth]
Jan  3 12:22:10 LabSZ sshd[32732]: pam_unix(sshd:auth): check pass; user unknown
Jan  3 12:22:10 LabSZ sshd[32732]: pam_unix(sshd:auth): authentication failure; logname= uid=0 euid=0 tty=ssh ruser= rhost=119.7.221.129 
Jan  3 12:22:11 LabSZ sshd[32730]: Failed password for root from 59.63.188.30 port 12240 ssh2
Jan  3 12:22:13 LabSZ sshd[32732]: Failed password for invalid user myhadoop from 119.7.221.129 port 58993 ssh2
Jan  3 12:22:13 LabSZ sshd[32732]: Received disconnect from 119.7.221.129: 11: Bye Bye [preauth]
Jan  3 12:22:13 LabSZ sshd[32726]: reverse mapping checking getaddrinfo for . [183.192.189.131] failed - POSSIBLE BREAK-IN ATTEMPT!
Jan  3 12:22:13 LabSZ sshd[32726]: pam_unix(sshd:auth): authentication failure; logname= uid=0 euid=0 tty=ssh ruser= rhost=183.192.189.131  user=root
Jan  3 12:22:13 LabSZ sshd[32734]: Invalid user hchenscut from 119.7.221.129
Jan  3 12:22:13 LabSZ sshd[32734]: input_userauth_request: invalid user hchenscut [preauth]
Jan  3 12:22:13 LabSZ sshd[32734]: pam_unix(sshd:auth): check pass; user unknown
Jan  3 12:22:13 LabSZ sshd[32734]: pam_unix(sshd:auth): authentication failure; logname= uid=0 euid=0 tty=ssh ruser= rhost=119.7.221.129 
Jan  3 12:22:15 LabSZ sshd[32726]: Failed password for root from 183.192.189.131 port 22485 ssh2
Jan  3 12:22:15 LabSZ sshd[32726]: Connection closed by 183.192.189.131 [preauth]
Jan  3 12:22:15 LabSZ sshd[32734]: Failed password for invalid user hchenscut from 119.7.221.129 port 60655 ssh2
Jan  3 12:22:15 LabSZ sshd[32734]: Received disconnect from 119.7.221.129: 11: Bye Bye [preauth]
Jan  3 12:22:15 LabSZ sshd[32736]: reverse mapping checking getaddrinfo for . [183.192.189.131] failed - POSSIBLE BREAK-IN ATTEMPT!
Jan  3 12:22:15 LabSZ sshd[32736]: pam_unix(sshd:auth): authentication failure; logname= uid=0 euid=0 tty=ssh ruser= rhost=183.192.189.131  user=root
Jan  3 12:22:15 LabSZ sshd[32738]: Invalid user sshusr from 119.7.221.129
Jan  3 12:22:15 LabSZ sshd[32738]: input_userauth_request: invalid user sshusr [preauth]
Jan  3 12:22:15 LabSZ sshd[32738]: pam_unix(sshd:auth): check pass; user unknown
Jan  3 12:22:15 LabSZ sshd[32738]: pam_unix(sshd:auth): authentication failure; logname= uid=0 euid=0 tty=ssh ruser= rhost=119.7.221.129 
Jan  3 12:22:18 LabSZ sshd[32736]: Failed password for root from 183.192.189.131 port 22486 ssh2
Jan  3 12:22:18 LabSZ sshd[32736]: Connection closed by 183.192.189.131 [preauth]
Jan  3 12:22:18 LabSZ sshd[32738]: Failed password for invalid user sshusr from 119.7.221.129 port 33922 ssh2
Jan  3 12:22:18 LabSZ sshd[32738]: Received disconnect from 119.7.221.129: 11: Bye Bye [preauth]
Jan  3 12:22:18 LabSZ sshd[32740]: reverse mapping checking getaddrinfo for . [183.192.189.131] failed - POSSIBLE BREAK-IN ATTEMPT!
Jan  3 12:22:18 LabSZ sshd[32740]: pam_unix(sshd:auth): authentication failure; logname= uid=0 euid=0 tty=ssh ruser= rhost=183.192.189.131  user=root
Jan  3 12:22:18 LabSZ sshd[32742]: pam_unix(sshd:auth): authentication failure; logname= uid=0 euid=0 tty=ssh ruser= rhost=119.7.221.129  user=root
Jan  3 12:22:19 LabSZ sshd[32740]: Failed password for root from 183.192.189.131 port 22487 ssh2
Jan  3 12:22:19 LabSZ sshd[32740]: Connection closed by 183.192.189.131 [preauth]
Jan  3 12:22:19 LabSZ sshd[32744]: reverse mapping checking getaddrinfo for . [183.192.189.131] failed - POSSIBLE BREAK-IN ATTEMPT!
Jan  3 12:22:19 LabSZ sshd[32744]: pam_unix(sshd:auth): authentication failure; logname= uid=0 euid=0 tty=ssh ruser= rhost=183.192.189.131  user=root
Jan  3 12:22:19 LabSZ sshd[32742]: Failed password for root from 119.7.221.129 port 35758 ssh2
Jan  3 12:22:19 LabSZ sshd[32742]: Received disconnect from 119.7.221.129: 11: Bye Bye [preauth]
Jan  3 12:22:20 LabSZ sshd[32746]: Invalid user sshusr from 119.7.221.129
Jan  3 12:22:20 LabSZ sshd[32746]: input_userauth_request: invalid user sshusr [preauth]
Jan  3 12:22:20 LabSZ sshd[32746]: pam_unix(sshd:auth): check pass; user unknown
Jan  3 12:22:20 LabSZ sshd[32746]: pam_unix(sshd:auth): authentication failure; logname= uid=0 euid=0 tty=ssh ruser= rhost=119.7.221.129 
Jan  3 12:22:21 LabSZ sshd[32744]: Failed password for root from 183.192.189.131 port 22488 ssh2
Jan  3 12:22:21 LabSZ sshd[32744]: Connection closed by 183.192.189.131 [preauth]
Jan  3 12:22:21 LabSZ sshd[32752]: reverse mapping checking getaddrinfo for . [183.192.189.131] failed - POSSIBLE BREAK-IN ATTEMPT!
Jan  3 12:22:21 LabSZ sshd[32752]: pam_unix(sshd:auth): authentication failure; logname= uid=0 euid=0 tty=ssh ruser= rhost=183.192.189.131  user=root
Jan  3 12:22:21 LabSZ sshd[32748]: Invalid user pi from 86.172.149.142
Jan  3 12:22:21 LabSZ sshd[32748]: input_userauth_request: invalid user pi [preauth]
Jan  3 12:22:22 LabSZ sshd[32750]: Invalid user pi from 86.172.149.142
Jan  3 12:22:22 LabSZ sshd[32750]: input_userauth_request: invalid user pi [preauth]
Jan  3 12:22:22 LabSZ sshd[32746]: Failed password for invalid user sshusr from 119.7.221.129 port 36859 ssh2
Jan  3 12:22:22 LabSZ sshd[32746]: Received disconnect from 119.7.221.129: 11: Bye Bye [preauth]
Jan  3 12:22:22 LabSZ sshd[32748]: pam_unix(sshd:auth): check pass; user unknown
Jan  3 12:22:22 LabSZ sshd[32748]: pam_unix(sshd:auth): authentication failure; logname= uid=0 euid=0 tty=ssh ruser= rhost=host86-172-149-142.range86-172.btcentralplus.com 
Jan  3 12:22:22 LabSZ sshd[32750]: pam_unix(sshd:auth): check pass; user unknown
Jan  3 12:22:22 LabSZ sshd[32750]: pam_unix(sshd:auth): authentication failure; logname= uid=0 euid=0 tty=ssh ruser= rhost=host86-172-149-142.range86-172.btcentralplus.com 
Jan  3 12:22:22 LabSZ sshd[32754]: pam_unix(sshd:auth): authentication failure; logname= uid=0 euid=0 tty=ssh ruser= rhost=119.7.221.129  user=root
Jan  3 12:22:24 LabSZ sshd[32752]: Failed password for root from 183.192.189.131 port 22489 ssh2
Jan  3 12:22:24 LabSZ sshd[32752]: Connection closed by 183.192.189.131 [preauth]
Jan  3 12:22:24 LabSZ sshd[32758]: reverse mapping checking getaddrinfo for . [183.192.189.131] failed - POSSIBLE BREAK-IN ATTEMPT!
Jan  3 12:22:24 LabSZ sshd[32758]: pam_unix(sshd:auth): authentication failure; logname= uid=0 euid=0 tty=ssh ruser= rhost=183.192.189.131  user=root
Jan  3 12:22:24 LabSZ sshd[32754]: Failed password for root from 119.7.221.129 port 38381 ssh2
Jan  3 12:22:24 LabSZ sshd[32754]: Received disconnect from 119.7.221.129: 11: Bye Bye [preauth]
Jan  3 12:22:24 LabSZ sshd[32730]: message repeated 5 times: [ Failed password for root from 59.63.188.30 port 12240 ssh2]
Jan  3 12:22:24 LabSZ sshd[32730]: Disconnecting: Too many authentication failures for root [preauth]
Jan  3 12:22:24 LabSZ sshd[32730]: PAM 5 more authentication failures; logname= uid=0 euid=0 tty=ssh ruser= rhost=59.63.188.30  user=root
Jan  3 12:22:24 LabSZ sshd[32730]: PAM service(sshd) ignoring max retries; 6 > 3
Jan  3 12:22:25 LabSZ sshd[32760]: Invalid user zxin10 from 119.7.221.129
Jan  3 12:22:25 LabSZ sshd[32760]: input_userauth_request: invalid user zxin10 [preauth]
Jan  3 12:22:25 LabSZ sshd[32760]: pam_unix(sshd:auth): check pass; user unknown
Jan  3 12:22:25 LabSZ sshd[32760]: pam_unix(sshd:auth): authentication failure; logname= uid=0 euid=0 tty=ssh ruser= rhost=119.7.221.129 
Jan  3 12:22:25 LabSZ sshd[32756]: reverse mapping checking getaddrinfo for 45.77.126.151.vultr.com [45.77.126.151] failed - POSSIBLE BREAK-IN ATTEMPT!
Jan  3 12:22:25 LabSZ sshd[32756]: Invalid user 1111 from 45.77.126.151
Jan  3 12:22:25 LabSZ sshd[32756]: input_userauth_request: invalid user 1111 [preauth]
Jan  3 12:22:25 LabSZ sshd[32756]: pam_unix(sshd:auth): check pass; user unknown
Jan  3 12:22:25 LabSZ sshd[32756]: pam_unix(sshd:auth): authentication failure; logname= uid=0 euid=0 tty=ssh ruser= rhost=45.77.126.151 
Jan  3 12:22:25 LabSZ sshd[32762]: pam_unix(sshd:auth): authentication failure; logname= uid=0 euid=0 tty=ssh ruser= rhost=59.63.188.30  user=root
Jan  3 12:22:26 LabSZ sshd[32758]: Failed password for root from 183.192.189.131 port 22490 ssh2
Jan  3 12:22:26 LabSZ sshd[32758]: Connection closed by 183.192.189.131 [preauth]
Jan  3 12:22:26 LabSZ sshd[32760]: Failed password for invalid user zxin10 from 119.7.221.129 port 39965 ssh2
Jan  3 12:22:26 LabSZ sshd[32760]: Received disconnect from 119.7.221.129: 11: Bye Bye [preauth]
Jan  3 12:22:27 LabSZ sshd[32756]: Failed password for invalid user 1111 from 45.77.126.151 port 39456 ssh2
Jan  3 12:22:27 LabSZ sshd[32756]: Received disconnect from 45.77.126.151: 11: Bye Bye [preauth]
Jan  3 12:22:27 LabSZ sshd[32766]: Invalid user hmspasswd from 119.7.221.129
Jan  3 12:22:27 LabSZ sshd[32766]: input_userauth_request: invalid user hmspasswd [preauth]
Jan  3 12:22:27 LabSZ sshd[32766]: pam_unix(sshd:auth): check pass; user unknown
Jan  3 12:22:27 LabSZ sshd[32766]: pam_unix(sshd:auth): authentication failure; logname= uid=0 euid=0 tty=ssh ruser= rhost=119.7.221.129 
Jan  3 12:22:27 LabSZ sshd[32762]: Failed password for root from 59.63.188.30 port 30503 ssh2
Jan  3 12:22:29 LabSZ sshd[32748]: Failed password for invalid user pi from 86.172.149.142 port 47520 ssh2
Jan  3 12:22:29 LabSZ sshd[32750]: Failed password for invalid user pi from 86.172.149.142 port 47524 ssh2
Jan  3 12:22:29 LabSZ sshd[32748]: Connection closed by 86.172.149.142 [preauth]
Jan  3 12:22:29 LabSZ sshd[32766]: Failed password for invalid user hmspasswd from 119.7.221.129 port 41435 ssh2
Jan  3 12:22:29 LabSZ sshd[32750]: Connection closed by 86.172.149.142 [preauth]
Jan  3 12:22:29 LabSZ sshd[32766]: Received disconnect from 119.7.221.129: 11: Bye Bye [preauth]
Jan  3 12:22:30 LabSZ sshd[300]: Invalid user uoa from 119.7.221.129
Jan  3 12:22:30 LabSZ sshd[300]: input_userauth_request: invalid user uoa [preauth]
Jan  3 12:22:30 LabSZ sshd[300]: pam_unix(sshd:auth): check pass; user unknown
Jan  3 12:22:30 LabSZ sshd[300]: pam_unix(sshd:auth): authentication failure; logname= uid=0 euid=0 tty=ssh ruser= rhost=119.7.221.129 
Jan  3 12:22:31 LabSZ sshd[300]: Failed password for invalid user uoa from 119.7.221.129 port 43241 ssh2
Jan  3 12:22:31 LabSZ sshd[300]: Received disconnect from 119.7.221.129: 11: Bye Bye [preauth]
Jan  3 12:22:31 LabSZ sshd[304]: Invalid user bmuuser from 119.7.221.129
Jan  3 12:22:31 LabSZ sshd[304]: input_userauth_request: invalid user bmuuser [preauth]
Jan  3 12:22:31 LabSZ sshd[304]: pam_unix(sshd:auth): check pass; user unknown
