Jan  4 16:54:36 LabSZ sshd[3273]: Failed password for ftp from 5.188.10.156 port 43629 ssh2
Jan  4 16:54:36 LabSZ sshd[3273]: Connection closed by 5.188.10.156 [preauth]
Jan  4 16:54:37 LabSZ sshd[3275]: Failed password for invalid user adam from 218.4.104.194 port 36061 ssh2
Jan  4 16:54:37 LabSZ sshd[3275]: Received disconnect from 218.4.104.194: 11: Bye Bye [preauth]
Jan  4 16:54:38 LabSZ sshd[3279]: Invalid user stephen from 218.4.104.194
Jan  4 16:54:38 LabSZ sshd[3279]: input_userauth_request: invalid user stephen [preauth]
Jan  4 16:54:38 LabSZ sshd[3279]: pam_unix(sshd:auth): check pass; user unknown
Jan  4 16:54:38 LabSZ sshd[3279]: pam_unix(sshd:auth): authentication failure; logname= uid=0 euid=0 tty=ssh ruser= rhost=218.4.104.194 
Jan  4 16:54:38 LabSZ sshd[3259]: message repeated 5 times: [ Failed password for root from 59.63.188.30 port 1832 ssh2]
Jan  4 16:54:38 LabSZ sshd[3259]: Disconnecting: Too many authentication failures for root [preauth]
Jan  4 16:54:38 LabSZ sshd[3259]: PAM 5 more authentication failures; logname= uid=0 euid=0 tty=ssh ruser= rhost=59.63.188.30  user=root
Jan  4 16:54:38 LabSZ sshd[3259]: PAM service(sshd) ignoring max retries; 6 > 3
Jan  4 16:54:39 LabSZ sshd[3277]: Invalid user guest from 5.188.10.156
Jan  4 16:54:39 LabSZ sshd[3277]: input_userauth_request: invalid user guest [preauth]
Jan  4 16:54:39 LabSZ sshd[3277]: pam_unix(sshd:auth): check pass; user unknown
Jan  4 16:54:39 LabSZ sshd[3277]: pam_unix(sshd:auth): authentication failure; logname= uid=0 euid=0 tty=ssh ruser= rhost=5.188.10.156 
Jan  4 16:54:39 LabSZ sshd[3281]: pam_unix(sshd:auth): authentication failure; logname= uid=0 euid=0 tty=ssh ruser= rhost=59.63.188.30  user=root
Jan  4 16:54:40 LabSZ sshd[3279]: Failed password for invalid user stephen from 218.4.104.194 port 36353 ssh2
Jan  4 16:54:40 LabSZ sshd[3279]: Received disconnect from 218.4.104.194: 11: Bye Bye [preauth]
Jan  4 16:54:40 LabSZ sshd[3283]: Invalid user richard from 218.4.104.194
Jan  4 16:54:40 LabSZ sshd[3283]: input_userauth_request: invalid user richard [preauth]
Jan  4 16:54:40 LabSZ sshd[3283]: pam_unix(sshd:auth): check pass; user unknown
Jan  4 16:54:40 LabSZ sshd[3283]: pam_unix(sshd:auth): authentication failure; logname= uid=0 euid=0 tty=ssh ruser= rhost=218.4.104.194 
Jan  4 16:54:40 LabSZ sshd[3277]: Failed password for invalid user guest from 5.188.10.156 port 38060 ssh2
Jan  4 16:54:41 LabSZ sshd[3277]: Connection closed by 5.188.10.156 [preauth]
Jan  4 16:54:41 LabSZ sshd[3281]: Failed password for root from 59.63.188.30 port 22076 ssh2
Jan  4 16:54:42 LabSZ sshd[3283]: Failed password for invalid user richard from 218.4.104.194 port 36651 ssh2
Jan  4 16:54:42 LabSZ sshd[3283]: Received disconnect from 218.4.104.194: 11: Bye Bye [preauth]
Jan  4 16:54:42 LabSZ sshd[3287]: Invalid user george from 218.4.104.194
Jan  4 16:54:42 LabSZ sshd[3287]: input_userauth_request: invalid user george [preauth]
Jan  4 16:54:42 LabSZ sshd[3287]: pam_unix(sshd:auth): check pass; user unknown
Jan  4 16:54:42 LabSZ sshd[3287]: pam_unix(sshd:auth): authentication failure; logname= uid=0 euid=0 tty=ssh ruser= rhost=218.4.104.194 
Jan  4 16:54:43 LabSZ sshd[3285]: Connection closed by 5.188.10.156 [preauth]
Jan  4 16:54:44 LabSZ sshd[3287]: Failed password for invalid user george from 218.4.104.194 port 36891 ssh2
Jan  4 16:54:44 LabSZ sshd[3287]: Received disconnect from 218.4.104.194: 11: Bye Bye [preauth]
Jan  4 16:54:45 LabSZ sshd[3291]: Invalid user john from 218.4.104.194
Jan  4 16:54:45 LabSZ sshd[3291]: input_userauth_request: invalid user john [preauth]
Jan  4 16:54:45 LabSZ sshd[3291]: pam_unix(sshd:auth): check pass; user unknown
Jan  4 16:54:45 LabSZ sshd[3291]: pam_unix(sshd:auth): authentication failure; logname= uid=0 euid=0 tty=ssh ruser= rhost=218.4.104.194 
Jan  4 16:54:45 LabSZ sshd[3269]: message repeated 5 times: [ Failed password for root from 59.63.188.30 port 11329 ssh2]
Jan  4 16:54:45 LabSZ sshd[3269]: Disconnecting: Too many authentication failures for root [preauth]
Jan  4 16:54:45 LabSZ sshd[3269]: PAM 5 more authentication failures; logname= uid=0 euid=0 tty=ssh ruser= rhost=59.63.188.30  user=root
Jan  4 16:54:45 LabSZ sshd[3269]: PAM service(sshd) ignoring max retries; 6 > 3
Jan  4 16:54:46 LabSZ sshd[3289]: Invalid user operator from 5.188.10.156
Jan  4 16:54:46 LabSZ sshd[3289]: input_userauth_request: invalid user operator [preauth]
Jan  4 16:54:46 LabSZ sshd[3289]: pam_unix(sshd:auth): check pass; user unknown
Jan  4 16:54:46 LabSZ sshd[3289]: pam_unix(sshd:auth): authentication failure; logname= uid=0 euid=0 tty=ssh ruser= rhost=5.188.10.156 
Jan  4 16:54:46 LabSZ sshd[3293]: pam_unix(sshd:auth): authentication failure; logname= uid=0 euid=0 tty=ssh ruser= rhost=59.63.188.30  user=root
Jan  4 16:54:46 LabSZ sshd[3291]: Failed password for invalid user john from 218.4.104.194 port 37099 ssh2
Jan  4 16:54:46 LabSZ sshd[3291]: Received disconnect from 218.4.104.194: 11: Bye Bye [preauth]
Jan  4 16:54:47 LabSZ sshd[3295]: pam_unix(sshd:auth): authentication failure; logname= uid=0 euid=0 tty=ssh ruser= rhost=218.4.104.194  user=news
Jan  4 16:54:48 LabSZ sshd[3289]: Failed password for invalid user operator from 5.188.10.156 port 48171 ssh2
Jan  4 16:54:48 LabSZ sshd[3289]: Connection closed by 5.188.10.156 [preauth]
Jan  4 16:54:48 LabSZ sshd[3293]: Failed password for root from 59.63.188.30 port 30099 ssh2
Jan  4 16:54:49 LabSZ sshd[3295]: Failed password for news from 218.4.104.194 port 37357 ssh2
Jan  4 16:54:49 LabSZ sshd[3295]: Received disconnect from 218.4.104.194: 11: Bye Bye [preauth]
Jan  4 16:54:50 LabSZ sshd[3299]: Invalid user angel from 218.4.104.194
Jan  4 16:54:50 LabSZ sshd[3299]: input_userauth_request: invalid user angel [preauth]
Jan  4 16:54:50 LabSZ sshd[3299]: pam_unix(sshd:auth): check pass; user unknown
Jan  4 16:54:50 LabSZ sshd[3299]: pam_unix(sshd:auth): authentication failure; logname= uid=0 euid=0 tty=ssh ruser= rhost=218.4.104.194 
Jan  4 16:54:50 LabSZ sshd[3297]: Invalid user osmc from 5.188.10.156
Jan  4 16:54:50 LabSZ sshd[3297]: input_userauth_request: invalid user osmc [preauth]
Jan  4 16:54:50 LabSZ sshd[3297]: pam_unix(sshd:auth): check pass; user unknown
Jan  4 16:54:50 LabSZ sshd[3297]: pam_unix(sshd:auth): authentication failure; logname= uid=0 euid=0 tty=ssh ruser= rhost=5.188.10.156 
Jan  4 16:54:52 LabSZ sshd[3299]: Failed password for invalid user angel from 218.4.104.194 port 37649 ssh2
Jan  4 16:54:52 LabSZ sshd[3299]: Received disconnect from 218.4.104.194: 11: Bye Bye [preauth]
Jan  4 16:54:52 LabSZ sshd[3301]: pam_unix(sshd:auth): authentication failure; logname= uid=0 euid=0 tty=ssh ruser= rhost=218.4.104.194  user=games
Jan  4 16:54:52 LabSZ sshd[3297]: Failed password for invalid user osmc from 5.188.10.156 port 33191 ssh2
Jan  4 16:54:52 LabSZ sshd[3297]: Connection closed by 5.188.10.156 [preauth]
Jan  4 16:54:54 LabSZ sshd[3301]: Failed password for games from 218.4.104.194 port 37915 ssh2
Jan  4 16:54:54 LabSZ sshd[3301]: Received disconnect from 218.4.104.194: 11: Bye Bye [preauth]
Jan  4 16:54:54 LabSZ sshd[3281]: message repeated 5 times: [ Failed password for root from 59.63.188.30 port 22076 ssh2]
Jan  4 16:54:54 LabSZ sshd[3281]: Disconnecting: Too many authentication failures for root [preauth]
Jan  4 16:54:54 LabSZ sshd[3281]: PAM 5 more authentication failures; logname= uid=0 euid=0 tty=ssh ruser= rhost=59.63.188.30  user=root
Jan  4 16:54:54 LabSZ sshd[3281]: PAM service(sshd) ignoring max retries; 6 > 3
Jan  4 16:54:54 LabSZ sshd[3305]: Invalid user pgsql from 218.4.104.194
Jan  4 16:54:54 LabSZ sshd[3305]: input_userauth_request: invalid user pgsql [preauth]
Jan  4 16:54:54 LabSZ sshd[3305]: pam_unix(sshd:auth): check pass; user unknown
Jan  4 16:54:54 LabSZ sshd[3305]: pam_unix(sshd:auth): authentication failure; logname= uid=0 euid=0 tty=ssh ruser= rhost=218.4.104.194 
Jan  4 16:54:55 LabSZ sshd[3307]: pam_unix(sshd:auth): authentication failure; logname= uid=0 euid=0 tty=ssh ruser= rhost=59.63.188.30  user=root
Jan  4 16:54:55 LabSZ sshd[3303]: pam_unix(sshd:auth): authentication failure; logname= uid=0 euid=0 tty=ssh ruser= rhost=5.188.10.156  user=root
Jan  4 16:54:55 LabSZ sshd[3305]: Failed password for invalid user pgsql from 218.4.104.194 port 38113 ssh2
Jan  4 16:54:55 LabSZ sshd[3305]: Received disconnect from 218.4.104.194: 11: Bye Bye [preauth]
Jan  4 16:54:56 LabSZ sshd[3309]: pam_unix(sshd:auth): authentication failure; logname= uid=0 euid=0 tty=ssh ruser= rhost=218.4.104.194  user=mail
Jan  4 16:54:58 LabSZ sshd[3307]: Failed password for root from 59.63.188.30 port 40586 ssh2
Jan  4 16:54:58 LabSZ sshd[3303]: Failed password for root from 5.188.10.156 port 53981 ssh2
Jan  4 16:54:58 LabSZ sshd[3309]: Failed password for mail from 218.4.104.194 port 38321 ssh2
Jan  4 16:54:58 LabSZ sshd[3309]: Received disconnect from 218.4.104.194: 11: Bye Bye [preauth]
Jan  4 16:54:59 LabSZ sshd[3311]: Invalid user adm from 218.4.104.194
Jan  4 16:54:59 LabSZ sshd[3311]: input_userauth_request: invalid user adm [preauth]
Jan  4 16:54:59 LabSZ sshd[3311]: pam_unix(sshd:auth): check pass; user unknown
Jan  4 16:54:59 LabSZ sshd[3311]: pam_unix(sshd:auth): authentication failure; logname= uid=0 euid=0 tty=ssh ruser= rhost=218.4.104.194 
Jan  4 16:55:01 LabSZ sshd[3303]: Failed password for root from 5.188.10.156 port 53981 ssh2
Jan  4 16:55:01 LabSZ sshd[3303]: Connection closed by 5.188.10.156 [preauth]
Jan  4 16:55:01 LabSZ sshd[3303]: PAM 1 more authentication failure; logname= uid=0 euid=0 tty=ssh ruser= rhost=5.188.10.156  user=root
Jan  4 16:55:01 LabSZ sshd[3311]: Failed password for invalid user adm from 218.4.104.194 port 38649 ssh2
Jan  4 16:55:01 LabSZ sshd[3311]: Received disconnect from 218.4.104.194: 11: Bye Bye [preauth]
Jan  4 16:55:01 LabSZ sshd[3293]: message repeated 5 times: [ Failed password for root from 59.63.188.30 port 30099 ssh2]
Jan  4 16:55:01 LabSZ sshd[3293]: Disconnecting: Too many authentication failures for root [preauth]
Jan  4 16:55:01 LabSZ sshd[3293]: PAM 5 more authentication failures; logname= uid=0 euid=0 tty=ssh ruser= rhost=59.63.188.30  user=root
