Jan  4 16:18:46 LabSZ sshd[2541]: pam_unix(sshd:auth): authentication failure; logname= uid=0 euid=0 tty=ssh ruser= rhost=60.172.229.172 
Jan  4 16:18:47 LabSZ sshd[2537]: message repeated 5 times: [ Failed password for root from 218.65.30.123 port 18678 ssh2]
Jan  4 16:18:47 LabSZ sshd[2537]: Disconnecting: Too many authentication failures for root [preauth]
Jan  4 16:18:47 LabSZ sshd[2537]: PAM 5 more authentication failures; logname= uid=0 euid=0 tty=ssh ruser= rhost=218.65.30.123  user=root
Jan  4 16:18:47 LabSZ sshd[2537]: PAM service(sshd) ignoring max retries; 6 > 3
Jan  4 16:18:48 LabSZ sshd[2543]: reverse mapping checking getaddrinfo for 123.30.65.218.broad.xy.jx.dynamic.163data.com.cn [218.65.30.123] failed - POSSIBLE BREAK-IN ATTEMPT!
Jan  4 16:18:48 LabSZ sshd[2543]: pam_unix(sshd:auth): authentication failure; logname= uid=0 euid=0 tty=ssh ruser= rhost=218.65.30.123  user=root
Jan  4 16:18:48 LabSZ sshd[2541]: Failed password for invalid user supervisor from 60.172.229.172 port 50789 ssh2
Jan  4 16:18:48 LabSZ sshd[2541]: pam_unix(sshd:auth): check pass; user unknown
Jan  4 16:18:49 LabSZ sshd[2543]: Failed password for root from 218.65.30.123 port 33732 ssh2
Jan  4 16:18:49 LabSZ sshd[2539]: message repeated 5 times: [ Failed password for root from 59.63.188.30 port 50069 ssh2]
Jan  4 16:18:49 LabSZ sshd[2539]: Disconnecting: Too many authentication failures for root [preauth]
Jan  4 16:18:49 LabSZ sshd[2539]: PAM 5 more authentication failures; logname= uid=0 euid=0 tty=ssh ruser= rhost=59.63.188.30  user=root
Jan  4 16:18:49 LabSZ sshd[2539]: PAM service(sshd) ignoring max retries; 6 > 3
Jan  4 16:18:50 LabSZ sshd[2541]: Failed password for invalid user supervisor from 60.172.229.172 port 50789 ssh2
Jan  4 16:18:50 LabSZ sshd[2541]: pam_unix(sshd:auth): check pass; user unknown
Jan  4 16:18:51 LabSZ sshd[2545]: pam_unix(sshd:auth): authentication failure; logname= uid=0 euid=0 tty=ssh ruser= rhost=59.63.188.30  user=root
Jan  4 16:18:51 LabSZ sshd[2541]: Failed password for invalid user supervisor from 60.172.229.172 port 50789 ssh2
Jan  4 16:18:51 LabSZ sshd[2541]: pam_unix(sshd:auth): check pass; user unknown
Jan  4 16:18:53 LabSZ sshd[2545]: Failed password for root from 59.63.188.30 port 3135 ssh2
Jan  4 16:18:54 LabSZ sshd[2541]: Failed password for invalid user supervisor from 60.172.229.172 port 50789 ssh2
Jan  4 16:18:54 LabSZ sshd[2541]: pam_unix(sshd:auth): check pass; user unknown
Jan  4 16:18:56 LabSZ sshd[2541]: Failed password for invalid user supervisor from 60.172.229.172 port 50789 ssh2
Jan  4 16:18:56 LabSZ sshd[2541]: pam_unix(sshd:auth): check pass; user unknown
Jan  4 16:18:58 LabSZ sshd[2541]: Failed password for invalid user supervisor from 60.172.229.172 port 50789 ssh2
Jan  4 16:18:58 LabSZ sshd[2541]: Disconnecting: Too many authentication failures for supervisor [preauth]
Jan  4 16:18:58 LabSZ sshd[2541]: PAM 5 more authentication failures; logname= uid=0 euid=0 tty=ssh ruser= rhost=60.172.229.172 
Jan  4 16:18:58 LabSZ sshd[2541]: PAM service(sshd) ignoring max retries; 6 > 3
Jan  4 16:19:01 LabSZ sshd[2543]: message repeated 5 times: [ Failed password for root from 218.65.30.123 port 33732 ssh2]
Jan  4 16:19:01 LabSZ sshd[2543]: Disconnecting: Too many authentication failures for root [preauth]
Jan  4 16:19:01 LabSZ sshd[2543]: PAM 5 more authentication failures; logname= uid=0 euid=0 tty=ssh ruser= rhost=218.65.30.123  user=root
Jan  4 16:19:01 LabSZ sshd[2543]: PAM service(sshd) ignoring max retries; 6 > 3
Jan  4 16:19:03 LabSZ sshd[2547]: reverse mapping checking getaddrinfo for 123.30.65.218.broad.xy.jx.dynamic.163data.com.cn [218.65.30.123] failed - POSSIBLE BREAK-IN ATTEMPT!
Jan  4 16:19:03 LabSZ sshd[2547]: pam_unix(sshd:auth): authentication failure; logname= uid=0 euid=0 tty=ssh ruser= rhost=218.65.30.123  user=root
Jan  4 16:19:05 LabSZ sshd[2547]: Failed password for root from 218.65.30.123 port 48110 ssh2
Jan  4 16:19:06 LabSZ sshd[2545]: message repeated 5 times: [ Failed password for root from 59.63.188.30 port 3135 ssh2]
Jan  4 16:19:06 LabSZ sshd[2545]: Disconnecting: Too many authentication failures for root [preauth]
Jan  4 16:19:06 LabSZ sshd[2545]: PAM 5 more authentication failures; logname= uid=0 euid=0 tty=ssh ruser= rhost=59.63.188.30  user=root
Jan  4 16:19:06 LabSZ sshd[2545]: PAM service(sshd) ignoring max retries; 6 > 3
Jan  4 16:19:07 LabSZ sshd[2549]: pam_unix(sshd:auth): authentication failure; logname= uid=0 euid=0 tty=ssh ruser= rhost=59.63.188.30  user=root
Jan  4 16:19:09 LabSZ sshd[2549]: Failed password for root from 59.63.188.30 port 22903 ssh2
Jan  4 16:19:17 LabSZ sshd[2547]: message repeated 5 times: [ Failed password for root from 218.65.30.123 port 48110 ssh2]
Jan  4 16:19:17 LabSZ sshd[2547]: Disconnecting: Too many authentication failures for root [preauth]
Jan  4 16:19:17 LabSZ sshd[2547]: PAM 5 more authentication failures; logname= uid=0 euid=0 tty=ssh ruser= rhost=218.65.30.123  user=root
Jan  4 16:19:17 LabSZ sshd[2547]: PAM service(sshd) ignoring max retries; 6 > 3
Jan  4 16:19:19 LabSZ sshd[2551]: reverse mapping checking getaddrinfo for 123.30.65.218.broad.xy.jx.dynamic.163data.com.cn [218.65.30.123] failed - POSSIBLE BREAK-IN ATTEMPT!
Jan  4 16:19:19 LabSZ sshd[2551]: pam_unix(sshd:auth): authentication failure; logname= uid=0 euid=0 tty=ssh ruser= rhost=218.65.30.123  user=root
Jan  4 16:19:20 LabSZ sshd[2551]: Failed password for root from 218.65.30.123 port 63114 ssh2
Jan  4 16:19:21 LabSZ sshd[2549]: message repeated 5 times: [ Failed password for root from 59.63.188.30 port 22903 ssh2]
Jan  4 16:19:21 LabSZ sshd[2549]: Disconnecting: Too many authentication failures for root [preauth]
Jan  4 16:19:21 LabSZ sshd[2549]: PAM 5 more authentication failures; logname= uid=0 euid=0 tty=ssh ruser= rhost=59.63.188.30  user=root
Jan  4 16:19:21 LabSZ sshd[2549]: PAM service(sshd) ignoring max retries; 6 > 3
Jan  4 16:19:22 LabSZ sshd[2553]: pam_unix(sshd:auth): authentication failure; logname= uid=0 euid=0 tty=ssh ruser= rhost=59.63.188.30  user=root
Jan  4 16:19:25 LabSZ sshd[2553]: Failed password for root from 59.63.188.30 port 42422 ssh2
Jan  4 16:19:33 LabSZ sshd[2551]: message repeated 5 times: [ Failed password for root from 218.65.30.123 port 63114 ssh2]
Jan  4 16:19:33 LabSZ sshd[2551]: Disconnecting: Too many authentication failures for root [preauth]
Jan  4 16:19:33 LabSZ sshd[2551]: PAM 5 more authentication failures; logname= uid=0 euid=0 tty=ssh ruser= rhost=218.65.30.123  user=root
Jan  4 16:19:33 LabSZ sshd[2551]: PAM service(sshd) ignoring max retries; 6 > 3
Jan  4 16:19:36 LabSZ sshd[2553]: message repeated 5 times: [ Failed password for root from 59.63.188.30 port 42422 ssh2]
Jan  4 16:19:36 LabSZ sshd[2553]: Disconnecting: Too many authentication failures for root [preauth]
Jan  4 16:19:36 LabSZ sshd[2553]: PAM 5 more authentication failures; logname= uid=0 euid=0 tty=ssh ruser= rhost=59.63.188.30  user=root
Jan  4 16:19:36 LabSZ sshd[2553]: PAM service(sshd) ignoring max retries; 6 > 3
Jan  4 16:19:38 LabSZ sshd[2555]: pam_unix(sshd:auth): authentication failure; logname= uid=0 euid=0 tty=ssh ruser= rhost=59.63.188.30  user=root
Jan  4 16:19:40 LabSZ sshd[2555]: Failed password for root from 59.63.188.30 port 60071 ssh2
Jan  4 16:19:44 LabSZ sshd[2557]: reverse mapping checking getaddrinfo for 123.30.65.218.broad.xy.jx.dynamic.163data.com.cn [218.65.30.123] failed - POSSIBLE BREAK-IN ATTEMPT!
Jan  4 16:19:44 LabSZ sshd[2557]: pam_unix(sshd:auth): authentication failure; logname= uid=0 euid=0 tty=ssh ruser= rhost=218.65.30.123  user=root
Jan  4 16:19:46 LabSZ sshd[2557]: Failed password for root from 218.65.30.123 port 21660 ssh2
Jan  4 16:19:52 LabSZ sshd[2555]: message repeated 5 times: [ Failed password for root from 59.63.188.30 port 60071 ssh2]
Jan  4 16:19:52 LabSZ sshd[2555]: Disconnecting: Too many authentication failures for root [preauth]
Jan  4 16:19:52 LabSZ sshd[2555]: PAM 5 more authentication failures; logname= uid=0 euid=0 tty=ssh ruser= rhost=59.63.188.30  user=root
Jan  4 16:19:52 LabSZ sshd[2555]: PAM service(sshd) ignoring max retries; 6 > 3
Jan  4 16:19:53 LabSZ sshd[2559]: pam_unix(sshd:auth): authentication failure; logname= uid=0 euid=0 tty=ssh ruser= rhost=59.63.188.30  user=root
Jan  4 16:19:56 LabSZ sshd[2559]: Failed password for root from 59.63.188.30 port 14744 ssh2
Jan  4 16:19:57 LabSZ sshd[2557]: message repeated 5 times: [ Failed password for root from 218.65.30.123 port 21660 ssh2]
Jan  4 16:19:57 LabSZ sshd[2557]: Disconnecting: Too many authentication failures for root [preauth]
Jan  4 16:19:57 LabSZ sshd[2557]: PAM 5 more authentication failures; logname= uid=0 euid=0 tty=ssh ruser= rhost=218.65.30.123  user=root
Jan  4 16:19:57 LabSZ sshd[2557]: PAM service(sshd) ignoring max retries; 6 > 3
Jan  4 16:20:07 LabSZ sshd[2559]: message repeated 5 times: [ Failed password for root from 59.63.188.30 port 14744 ssh2]
Jan  4 16:20:07 LabSZ sshd[2559]: Disconnecting: Too many authentication failures for root [preauth]
Jan  4 16:20:07 LabSZ sshd[2559]: PAM 5 more authentication failures; logname= uid=0 euid=0 tty=ssh ruser= rhost=59.63.188.30  user=root
Jan  4 16:20:07 LabSZ sshd[2559]: PAM service(sshd) ignoring max retries; 6 > 3
Jan  4 16:20:09 LabSZ sshd[2561]: reverse mapping checking getaddrinfo for 123.30.65.218.broad.xy.jx.dynamic.163data.com.cn [218.65.30.123] failed - POSSIBLE BREAK-IN ATTEMPT!
Jan  4 16:20:09 LabSZ sshd[2561]: pam_unix(sshd:auth): authentication failure; logname= uid=0 euid=0 tty=ssh ruser= rhost=218.65.30.123  user=root
Jan  4 16:20:09 LabSZ sshd[2563]: pam_unix(sshd:auth): authentication failure; logname= uid=0 euid=0 tty=ssh ruser= rhost=59.63.188.30  user=root
Jan  4 16:20:11 LabSZ sshd[2561]: Failed password for root from 218.65.30.123 port 43248 ssh2
Jan  4 16:20:11 LabSZ sshd[2563]: Failed password for root from 59.63.188.30 port 33184 ssh2
Jan  4 16:20:24 LabSZ sshd[2563]: message repeated 5 times: [ Failed password for root from 59.63.188.30 port 33184 ssh2]
Jan  4 16:20:24 LabSZ sshd[2563]: Disconnecting: Too many authentication failures for root [preauth]
Jan  4 16:20:24 LabSZ sshd[2563]: PAM 5 more authentication failures; logname= uid=0 euid=0 tty=ssh ruser= rhost=59.63.188.30  user=root
Jan  4 16:20:24 LabSZ sshd[2563]: PAM service(sshd) ignoring max retries; 6 > 3
Jan  4 16:20:24 LabSZ sshd[2561]: message repeated 5 times: [ Failed password for root from 218.65.30.123 port 43248 ssh2]
Jan  4 16:20:24 LabSZ sshd[2561]: Disconnecting: Too many authentication failures for root [preauth]
Jan  4 16:20:24 LabSZ sshd[2561]: PAM 5 more authentication failures; logname= uid=0 euid=0 tty=ssh ruser= rhost=218.65.30.123  user=root
Jan  4 16:20:24 LabSZ sshd[2561]: PAM service(sshd) ignoring max retries; 6 > 3
Jan  4 16:20:25 LabSZ sshd[2565]: pam_unix(sshd:auth): authentication failure; logname= uid=0 euid=0 tty=ssh ruser= rhost=59.63.188.30  user=root
Jan  4 16:20:27 LabSZ sshd[2565]: Failed password for root from 59.63.188.30 port 52627 ssh2
Jan  4 16:20:36 LabSZ sshd[2567]: reverse mapping checking getaddrinfo for 123.30.65.218.broad.xy.jx.dynamic.163data.com.cn [218.65.30.123] failed - POSSIBLE BREAK-IN ATTEMPT!
Jan  4 16:20:36 LabSZ sshd[2567]: pam_unix(sshd:auth): authentication failure; logname= uid=0 euid=0 tty=ssh ruser= rhost=218.65.30.123  user=root
Jan  4 16:20:37 LabSZ sshd[2567]: Failed password for root from 218.65.30.123 port 1192 ssh2
Jan  4 16:20:40 LabSZ sshd[2565]: message repeated 5 times: [ Failed password for root from 59.63.188.30 port 52627 ssh2]
