Jan  4 04:05:02 LabSZ sshd[16334]: Received disconnect from 183.196.29.120: 11: Bye Bye [preauth]
Jan  4 04:05:03 LabSZ sshd[16338]: Invalid user volumio from 183.196.29.120
Jan  4 04:05:03 LabSZ sshd[16338]: input_userauth_request: invalid user volumio [preauth]
Jan  4 04:05:03 LabSZ sshd[16338]: pam_unix(sshd:auth): check pass; user unknown
Jan  4 04:05:03 LabSZ sshd[16338]: pam_unix(sshd:auth): authentication failure; logname= uid=0 euid=0 tty=ssh ruser= rhost=183.196.29.120 
Jan  4 04:05:03 LabSZ sshd[16340]: pam_unix(sshd:auth): authentication failure; logname= uid=0 euid=0 tty=ssh ruser= rhost=218.87.109.156  user=root
Jan  4 04:05:05 LabSZ sshd[16338]: Failed password for invalid user volumio from 183.196.29.120 port 42455 ssh2
Jan  4 04:05:05 LabSZ sshd[16338]: Received disconnect from 183.196.29.120: 11: Bye Bye [preauth]
Jan  4 04:05:05 LabSZ sshd[16340]: Failed password for root from 218.87.109.156 port 65390 ssh2
Jan  4 04:05:06 LabSZ sshd[16342]: Invalid user oracle from 183.196.29.120
Jan  4 04:05:06 LabSZ sshd[16342]: input_userauth_request: invalid user oracle [preauth]
Jan  4 04:05:06 LabSZ sshd[16342]: pam_unix(sshd:auth): check pass; user unknown
Jan  4 04:05:06 LabSZ sshd[16342]: pam_unix(sshd:auth): authentication failure; logname= uid=0 euid=0 tty=ssh ruser= rhost=183.196.29.120 
Jan  4 04:05:06 LabSZ sshd[16326]: message repeated 5 times: [ Failed password for root from 59.63.188.30 port 65212 ssh2]
Jan  4 04:05:06 LabSZ sshd[16326]: Disconnecting: Too many authentication failures for root [preauth]
Jan  4 04:05:06 LabSZ sshd[16326]: PAM 5 more authentication failures; logname= uid=0 euid=0 tty=ssh ruser= rhost=59.63.188.30  user=root
Jan  4 04:05:06 LabSZ sshd[16326]: PAM service(sshd) ignoring max retries; 6 > 3
Jan  4 04:05:06 LabSZ sshd[16328]: message repeated 5 times: [ Failed password for root from 59.63.188.30 port 65266 ssh2]
Jan  4 04:05:06 LabSZ sshd[16328]: Disconnecting: Too many authentication failures for root [preauth]
Jan  4 04:05:06 LabSZ sshd[16328]: PAM 5 more authentication failures; logname= uid=0 euid=0 tty=ssh ruser= rhost=59.63.188.30  user=root
Jan  4 04:05:06 LabSZ sshd[16328]: PAM service(sshd) ignoring max retries; 6 > 3
Jan  4 04:05:08 LabSZ sshd[16344]: pam_unix(sshd:auth): authentication failure; logname= uid=0 euid=0 tty=ssh ruser= rhost=59.63.188.30  user=root
Jan  4 04:05:08 LabSZ sshd[16345]: pam_unix(sshd:auth): authentication failure; logname= uid=0 euid=0 tty=ssh ruser= rhost=59.63.188.30  user=root
Jan  4 04:05:08 LabSZ sshd[16342]: Failed password for invalid user oracle from 183.196.29.120 port 42565 ssh2
Jan  4 04:05:08 LabSZ sshd[16342]: Received disconnect from 183.196.29.120: 11: Bye Bye [preauth]
Jan  4 04:05:09 LabSZ sshd[16344]: Failed password for root from 59.63.188.30 port 21564 ssh2
Jan  4 04:05:09 LabSZ sshd[16345]: Failed password for root from 59.63.188.30 port 21570 ssh2
Jan  4 04:05:09 LabSZ sshd[16348]: Invalid user nagios from 183.196.29.120
Jan  4 04:05:09 LabSZ sshd[16348]: input_userauth_request: invalid user nagios [preauth]
Jan  4 04:05:09 LabSZ sshd[16348]: pam_unix(sshd:auth): check pass; user unknown
Jan  4 04:05:09 LabSZ sshd[16348]: pam_unix(sshd:auth): authentication failure; logname= uid=0 euid=0 tty=ssh ruser= rhost=183.196.29.120 
Jan  4 04:05:12 LabSZ sshd[16348]: Failed password for invalid user nagios from 183.196.29.120 port 42683 ssh2
Jan  4 04:05:12 LabSZ sshd[16348]: Received disconnect from 183.196.29.120: 11: Bye Bye [preauth]
Jan  4 04:05:13 LabSZ sshd[16350]: Invalid user postgres from 183.196.29.120
Jan  4 04:05:13 LabSZ sshd[16350]: input_userauth_request: invalid user postgres [preauth]
Jan  4 04:05:13 LabSZ sshd[16350]: pam_unix(sshd:auth): check pass; user unknown
Jan  4 04:05:13 LabSZ sshd[16350]: pam_unix(sshd:auth): authentication failure; logname= uid=0 euid=0 tty=ssh ruser= rhost=183.196.29.120 
Jan  4 04:05:14 LabSZ sshd[16336]: message repeated 5 times: [ Failed password for root from 182.100.67.52 port 58182 ssh2]
Jan  4 04:05:14 LabSZ sshd[16336]: Disconnecting: Too many authentication failures for root [preauth]
Jan  4 04:05:14 LabSZ sshd[16336]: PAM 5 more authentication failures; logname= uid=0 euid=0 tty=ssh ruser= rhost=182.100.67.52  user=root
Jan  4 04:05:14 LabSZ sshd[16336]: PAM service(sshd) ignoring max retries; 6 > 3
Jan  4 04:05:15 LabSZ sshd[16350]: Failed password for invalid user postgres from 183.196.29.120 port 42785 ssh2
Jan  4 04:05:15 LabSZ sshd[16350]: Received disconnect from 183.196.29.120: 11: Bye Bye [preauth]
Jan  4 04:05:16 LabSZ sshd[16352]: Invalid user vagrant from 183.196.29.120
Jan  4 04:05:16 LabSZ sshd[16352]: input_userauth_request: invalid user vagrant [preauth]
Jan  4 04:05:16 LabSZ sshd[16352]: pam_unix(sshd:auth): check pass; user unknown
Jan  4 04:05:16 LabSZ sshd[16352]: pam_unix(sshd:auth): authentication failure; logname= uid=0 euid=0 tty=ssh ruser= rhost=183.196.29.120 
Jan  4 04:05:16 LabSZ sshd[16353]: pam_unix(sshd:auth): authentication failure; logname= uid=0 euid=0 tty=ssh ruser= rhost=182.100.67.52  user=root
Jan  4 04:05:18 LabSZ sshd[16352]: Failed password for invalid user vagrant from 183.196.29.120 port 42889 ssh2
Jan  4 04:05:18 LabSZ sshd[16352]: Received disconnect from 183.196.29.120: 11: Bye Bye [preauth]
Jan  4 04:05:19 LabSZ sshd[16340]: message repeated 5 times: [ Failed password for root from 218.87.109.156 port 65390 ssh2]
Jan  4 04:05:19 LabSZ sshd[16340]: Disconnecting: Too many authentication failures for root [preauth]
Jan  4 04:05:19 LabSZ sshd[16340]: PAM 5 more authentication failures; logname= uid=0 euid=0 tty=ssh ruser= rhost=218.87.109.156  user=root
Jan  4 04:05:19 LabSZ sshd[16340]: PAM service(sshd) ignoring max retries; 6 > 3
Jan  4 04:05:19 LabSZ sshd[16353]: Failed password for root from 182.100.67.52 port 27846 ssh2
Jan  4 04:05:19 LabSZ sshd[16356]: Invalid user support from 183.196.29.120
Jan  4 04:05:19 LabSZ sshd[16356]: input_userauth_request: invalid user support [preauth]
Jan  4 04:05:19 LabSZ sshd[16356]: pam_unix(sshd:auth): check pass; user unknown
Jan  4 04:05:19 LabSZ sshd[16356]: pam_unix(sshd:auth): authentication failure; logname= uid=0 euid=0 tty=ssh ruser= rhost=183.196.29.120 
Jan  4 04:05:21 LabSZ sshd[16356]: Failed password for invalid user support from 183.196.29.120 port 42995 ssh2
Jan  4 04:05:21 LabSZ sshd[16356]: Received disconnect from 183.196.29.120: 11: Bye Bye [preauth]
Jan  4 04:05:21 LabSZ sshd[16344]: message repeated 5 times: [ Failed password for root from 59.63.188.30 port 21564 ssh2]
Jan  4 04:05:21 LabSZ sshd[16344]: Disconnecting: Too many authentication failures for root [preauth]
Jan  4 04:05:21 LabSZ sshd[16344]: PAM 5 more authentication failures; logname= uid=0 euid=0 tty=ssh ruser= rhost=59.63.188.30  user=root
Jan  4 04:05:21 LabSZ sshd[16344]: PAM service(sshd) ignoring max retries; 6 > 3
Jan  4 04:05:21 LabSZ sshd[16345]: message repeated 5 times: [ Failed password for root from 59.63.188.30 port 21570 ssh2]
Jan  4 04:05:21 LabSZ sshd[16345]: Disconnecting: Too many authentication failures for root [preauth]
Jan  4 04:05:21 LabSZ sshd[16345]: PAM 5 more authentication failures; logname= uid=0 euid=0 tty=ssh ruser= rhost=59.63.188.30  user=root
Jan  4 04:05:21 LabSZ sshd[16345]: PAM service(sshd) ignoring max retries; 6 > 3
Jan  4 04:05:22 LabSZ sshd[16360]: Invalid user debian from 183.196.29.120
Jan  4 04:05:22 LabSZ sshd[16360]: input_userauth_request: invalid user debian [preauth]
Jan  4 04:05:22 LabSZ sshd[16360]: pam_unix(sshd:auth): check pass; user unknown
Jan  4 04:05:22 LabSZ sshd[16360]: pam_unix(sshd:auth): authentication failure; logname= uid=0 euid=0 tty=ssh ruser= rhost=183.196.29.120 
Jan  4 04:05:22 LabSZ sshd[16362]: pam_unix(sshd:auth): authentication failure; logname= uid=0 euid=0 tty=ssh ruser= rhost=59.63.188.30  user=root
Jan  4 04:05:22 LabSZ sshd[16364]: pam_unix(sshd:auth): authentication failure; logname= uid=0 euid=0 tty=ssh ruser= rhost=59.63.188.30  user=root
Jan  4 04:05:24 LabSZ sshd[16360]: Failed password for invalid user debian from 183.196.29.120 port 43073 ssh2
Jan  4 04:05:24 LabSZ sshd[16360]: Received disconnect from 183.196.29.120: 11: Bye Bye [preauth]
Jan  4 04:05:24 LabSZ sshd[16362]: Failed password for root from 59.63.188.30 port 41795 ssh2
Jan  4 04:05:24 LabSZ sshd[16364]: Failed password for root from 59.63.188.30 port 41869 ssh2
Jan  4 04:05:25 LabSZ sshd[16358]: pam_unix(sshd:auth): authentication failure; logname= uid=0 euid=0 tty=ssh ruser= rhost=218.87.109.156  user=root
Jan  4 04:05:25 LabSZ sshd[16366]: Invalid user ubuntu from 183.196.29.120
Jan  4 04:05:25 LabSZ sshd[16366]: input_userauth_request: invalid user ubuntu [preauth]
Jan  4 04:05:25 LabSZ sshd[16366]: pam_unix(sshd:auth): check pass; user unknown
Jan  4 04:05:25 LabSZ sshd[16366]: pam_unix(sshd:auth): authentication failure; logname= uid=0 euid=0 tty=ssh ruser= rhost=183.196.29.120 
Jan  4 04:05:27 LabSZ sshd[16358]: Failed password for root from 218.87.109.156 port 39554 ssh2
Jan  4 04:05:27 LabSZ sshd[16366]: Failed password for invalid user ubuntu from 183.196.29.120 port 43164 ssh2
Jan  4 04:05:27 LabSZ sshd[16366]: Received disconnect from 183.196.29.120: 11: Bye Bye [preauth]
Jan  4 04:05:28 LabSZ sshd[16368]: Invalid user debian from 183.196.29.120
Jan  4 04:05:28 LabSZ sshd[16368]: input_userauth_request: invalid user debian [preauth]
Jan  4 04:05:28 LabSZ sshd[16368]: pam_unix(sshd:auth): check pass; user unknown
Jan  4 04:05:28 LabSZ sshd[16368]: pam_unix(sshd:auth): authentication failure; logname= uid=0 euid=0 tty=ssh ruser= rhost=183.196.29.120 
Jan  4 04:05:30 LabSZ sshd[16368]: Failed password for invalid user debian from 183.196.29.120 port 43273 ssh2
Jan  4 04:05:30 LabSZ sshd[16368]: Received disconnect from 183.196.29.120: 11: Bye Bye [preauth]
Jan  4 04:05:31 LabSZ sshd[16370]: Invalid user ubuntu from 183.196.29.120
Jan  4 04:05:31 LabSZ sshd[16370]: input_userauth_request: invalid user ubuntu [preauth]
Jan  4 04:05:31 LabSZ sshd[16370]: pam_unix(sshd:auth): check pass; user unknown
Jan  4 04:05:31 LabSZ sshd[16370]: pam_unix(sshd:auth): authentication failure; logname= uid=0 euid=0 tty=ssh ruser= rhost=183.196.29.120 
Jan  4 04:05:32 LabSZ sshd[16353]: message repeated 5 times: [ Failed password for root from 182.100.67.52 port 27846 ssh2]
Jan  4 04:05:32 LabSZ sshd[16353]: Disconnecting: Too many authentication failures for root [preauth]
Jan  4 04:05:32 LabSZ sshd[16353]: PAM 5 more authentication failures; logname= uid=0 euid=0 tty=ssh ruser= rhost=182.100.67.52  user=root
