Jan  4 06:43:45 LabSZ sshd[21316]: pam_unix(sshd:auth): authentication failure; logname= uid=0 euid=0 tty=ssh ruser= rhost=218.87.109.156  user=root
Jan  4 06:43:47 LabSZ sshd[21316]: Failed password for root from 218.87.109.156 port 39350 ssh2
Jan  4 06:43:47 LabSZ sshd[21310]: message repeated 5 times: [ Failed password for root from 182.100.67.52 port 41674 ssh2]
Jan  4 06:43:47 LabSZ sshd[21310]: Disconnecting: Too many authentication failures for root [preauth]
Jan  4 06:43:47 LabSZ sshd[21310]: PAM 5 more authentication failures; logname= uid=0 euid=0 tty=ssh ruser= rhost=182.100.67.52  user=root
Jan  4 06:43:47 LabSZ sshd[21310]: PAM service(sshd) ignoring max retries; 6 > 3
Jan  4 06:43:48 LabSZ sshd[21318]: pam_unix(sshd:auth): authentication failure; logname= uid=0 euid=0 tty=ssh ruser= rhost=182.100.67.52  user=root
Jan  4 06:43:51 LabSZ sshd[21318]: Failed password for root from 182.100.67.52 port 10360 ssh2
Jan  4 06:43:55 LabSZ sshd[21313]: message repeated 5 times: [ Failed password for root from 59.63.188.30 port 29810 ssh2]
Jan  4 06:43:55 LabSZ sshd[21313]: Disconnecting: Too many authentication failures for root [preauth]
Jan  4 06:43:55 LabSZ sshd[21313]: PAM 5 more authentication failures; logname= uid=0 euid=0 tty=ssh ruser= rhost=59.63.188.30  user=root
Jan  4 06:43:55 LabSZ sshd[21313]: PAM service(sshd) ignoring max retries; 6 > 3
Jan  4 06:43:56 LabSZ sshd[21312]: message repeated 5 times: [ Failed password for root from 59.63.188.30 port 29729 ssh2]
Jan  4 06:43:56 LabSZ sshd[21312]: Disconnecting: Too many authentication failures for root [preauth]
Jan  4 06:43:56 LabSZ sshd[21312]: PAM 5 more authentication failures; logname= uid=0 euid=0 tty=ssh ruser= rhost=59.63.188.30  user=root
Jan  4 06:43:56 LabSZ sshd[21312]: PAM service(sshd) ignoring max retries; 6 > 3
Jan  4 06:43:56 LabSZ sshd[21320]: pam_unix(sshd:auth): authentication failure; logname= uid=0 euid=0 tty=ssh ruser= rhost=59.63.188.30  user=root
Jan  4 06:43:58 LabSZ sshd[21320]: Failed password for root from 59.63.188.30 port 53265 ssh2
Jan  4 06:44:00 LabSZ sshd[21316]: message repeated 5 times: [ Failed password for root from 218.87.109.156 port 39350 ssh2]
Jan  4 06:44:00 LabSZ sshd[21316]: Disconnecting: Too many authentication failures for root [preauth]
Jan  4 06:44:00 LabSZ sshd[21316]: PAM 5 more authentication failures; logname= uid=0 euid=0 tty=ssh ruser= rhost=218.87.109.156  user=root
Jan  4 06:44:00 LabSZ sshd[21316]: PAM service(sshd) ignoring max retries; 6 > 3
Jan  4 06:44:02 LabSZ sshd[21324]: pam_unix(sshd:auth): authentication failure; logname= uid=0 euid=0 tty=ssh ruser= rhost=218.87.109.156  user=root
Jan  4 06:44:03 LabSZ sshd[21322]: pam_unix(sshd:auth): authentication failure; logname= uid=0 euid=0 tty=ssh ruser= rhost=59.63.188.30  user=root
Jan  4 06:44:04 LabSZ sshd[21318]: message repeated 5 times: [ Failed password for root from 182.100.67.52 port 10360 ssh2]
Jan  4 06:44:04 LabSZ sshd[21318]: Disconnecting: Too many authentication failures for root [preauth]
Jan  4 06:44:04 LabSZ sshd[21318]: PAM 5 more authentication failures; logname= uid=0 euid=0 tty=ssh ruser= rhost=182.100.67.52  user=root
Jan  4 06:44:04 LabSZ sshd[21318]: PAM service(sshd) ignoring max retries; 6 > 3
Jan  4 06:44:04 LabSZ sshd[21324]: Failed password for root from 218.87.109.156 port 7702 ssh2
Jan  4 06:44:05 LabSZ sshd[21326]: pam_unix(sshd:auth): authentication failure; logname= uid=0 euid=0 tty=ssh ruser= rhost=182.100.67.52  user=root
Jan  4 06:44:06 LabSZ sshd[21322]: Failed password for root from 59.63.188.30 port 55761 ssh2
Jan  4 06:44:07 LabSZ sshd[21326]: Failed password for root from 182.100.67.52 port 45862 ssh2
Jan  4 06:44:16 LabSZ sshd[21320]: message repeated 5 times: [ Failed password for root from 59.63.188.30 port 53265 ssh2]
Jan  4 06:44:16 LabSZ sshd[21320]: Disconnecting: Too many authentication failures for root [preauth]
Jan  4 06:44:16 LabSZ sshd[21320]: PAM 5 more authentication failures; logname= uid=0 euid=0 tty=ssh ruser= rhost=59.63.188.30  user=root
Jan  4 06:44:16 LabSZ sshd[21320]: PAM service(sshd) ignoring max retries; 6 > 3
Jan  4 06:44:17 LabSZ sshd[21324]: message repeated 5 times: [ Failed password for root from 218.87.109.156 port 7702 ssh2]
Jan  4 06:44:17 LabSZ sshd[21324]: Disconnecting: Too many authentication failures for root [preauth]
Jan  4 06:44:17 LabSZ sshd[21324]: PAM 5 more authentication failures; logname= uid=0 euid=0 tty=ssh ruser= rhost=218.87.109.156  user=root
Jan  4 06:44:17 LabSZ sshd[21324]: PAM service(sshd) ignoring max retries; 6 > 3
Jan  4 06:44:17 LabSZ sshd[21328]: pam_unix(sshd:auth): authentication failure; logname= uid=0 euid=0 tty=ssh ruser= rhost=59.63.188.30  user=root
Jan  4 06:44:18 LabSZ sshd[21322]: message repeated 5 times: [ Failed password for root from 59.63.188.30 port 55761 ssh2]
Jan  4 06:44:18 LabSZ sshd[21322]: Disconnecting: Too many authentication failures for root [preauth]
Jan  4 06:44:18 LabSZ sshd[21322]: PAM 5 more authentication failures; logname= uid=0 euid=0 tty=ssh ruser= rhost=59.63.188.30  user=root
Jan  4 06:44:18 LabSZ sshd[21322]: PAM service(sshd) ignoring max retries; 6 > 3
Jan  4 06:44:19 LabSZ sshd[21328]: Failed password for root from 59.63.188.30 port 11380 ssh2
Jan  4 06:44:19 LabSZ sshd[21326]: message repeated 5 times: [ Failed password for root from 182.100.67.52 port 45862 ssh2]
Jan  4 06:44:19 LabSZ sshd[21326]: Disconnecting: Too many authentication failures for root [preauth]
Jan  4 06:44:19 LabSZ sshd[21326]: PAM 5 more authentication failures; logname= uid=0 euid=0 tty=ssh ruser= rhost=182.100.67.52  user=root
Jan  4 06:44:19 LabSZ sshd[21326]: PAM service(sshd) ignoring max retries; 6 > 3
Jan  4 06:44:22 LabSZ sshd[21331]: pam_unix(sshd:auth): authentication failure; logname= uid=0 euid=0 tty=ssh ruser= rhost=218.87.109.156  user=root
Jan  4 06:44:22 LabSZ sshd[21335]: pam_unix(sshd:auth): authentication failure; logname= uid=0 euid=0 tty=ssh ruser= rhost=182.100.67.52  user=root
Jan  4 06:44:24 LabSZ sshd[21331]: Failed password for root from 218.87.109.156 port 43244 ssh2
Jan  4 06:44:25 LabSZ sshd[21335]: Failed password for root from 182.100.67.52 port 13494 ssh2
Jan  4 06:44:25 LabSZ sshd[21333]: pam_unix(sshd:auth): authentication failure; logname= uid=0 euid=0 tty=ssh ruser= rhost=59.63.188.30  user=root
Jan  4 06:44:27 LabSZ sshd[21333]: Failed password for root from 59.63.188.30 port 15800 ssh2
Jan  4 06:44:31 LabSZ sshd[21330]: Invalid user 0 from 185.222.209.151
Jan  4 06:44:31 LabSZ sshd[21330]: input_userauth_request: invalid user 0 [preauth]
Jan  4 06:44:31 LabSZ sshd[21330]: Failed none for invalid user 0 from 185.222.209.151 port 39770 ssh2
Jan  4 06:44:32 LabSZ sshd[21330]: Connection closed by 185.222.209.151 [preauth]
Jan  4 06:44:32 LabSZ sshd[21328]: message repeated 5 times: [ Failed password for root from 59.63.188.30 port 11380 ssh2]
Jan  4 06:44:32 LabSZ sshd[21328]: Disconnecting: Too many authentication failures for root [preauth]
Jan  4 06:44:32 LabSZ sshd[21328]: PAM 5 more authentication failures; logname= uid=0 euid=0 tty=ssh ruser= rhost=59.63.188.30  user=root
Jan  4 06:44:32 LabSZ sshd[21328]: PAM service(sshd) ignoring max retries; 6 > 3
Jan  4 06:44:33 LabSZ sshd[21339]: pam_unix(sshd:auth): authentication failure; logname= uid=0 euid=0 tty=ssh ruser= rhost=59.63.188.30  user=root
Jan  4 06:44:35 LabSZ sshd[21339]: Failed password for root from 59.63.188.30 port 32475 ssh2
Jan  4 06:44:37 LabSZ sshd[21331]: message repeated 5 times: [ Failed password for root from 218.87.109.156 port 43244 ssh2]
Jan  4 06:44:37 LabSZ sshd[21331]: Disconnecting: Too many authentication failures for root [preauth]
Jan  4 06:44:37 LabSZ sshd[21331]: PAM 5 more authentication failures; logname= uid=0 euid=0 tty=ssh ruser= rhost=218.87.109.156  user=root
Jan  4 06:44:37 LabSZ sshd[21331]: PAM service(sshd) ignoring max retries; 6 > 3
Jan  4 06:44:37 LabSZ sshd[21335]: message repeated 5 times: [ Failed password for root from 182.100.67.52 port 13494 ssh2]
Jan  4 06:44:37 LabSZ sshd[21335]: Disconnecting: Too many authentication failures for root [preauth]
Jan  4 06:44:37 LabSZ sshd[21335]: PAM 5 more authentication failures; logname= uid=0 euid=0 tty=ssh ruser= rhost=182.100.67.52  user=root
Jan  4 06:44:37 LabSZ sshd[21335]: PAM service(sshd) ignoring max retries; 6 > 3
Jan  4 06:44:38 LabSZ sshd[21342]: pam_unix(sshd:auth): authentication failure; logname= uid=0 euid=0 tty=ssh ruser= rhost=182.100.67.52  user=root
Jan  4 06:44:39 LabSZ sshd[21341]: pam_unix(sshd:auth): authentication failure; logname= uid=0 euid=0 tty=ssh ruser= rhost=218.87.109.156  user=root
Jan  4 06:44:40 LabSZ sshd[21333]: message repeated 5 times: [ Failed password for root from 59.63.188.30 port 15800 ssh2]
Jan  4 06:44:40 LabSZ sshd[21333]: Disconnecting: Too many authentication failures for root [preauth]
Jan  4 06:44:40 LabSZ sshd[21333]: PAM 5 more authentication failures; logname= uid=0 euid=0 tty=ssh ruser= rhost=59.63.188.30  user=root
Jan  4 06:44:40 LabSZ sshd[21333]: PAM service(sshd) ignoring max retries; 6 > 3
Jan  4 06:44:40 LabSZ sshd[21342]: Failed password for root from 182.100.67.52 port 51926 ssh2
Jan  4 06:44:41 LabSZ sshd[21341]: Failed password for root from 218.87.109.156 port 18594 ssh2
Jan  4 06:44:48 LabSZ sshd[21345]: pam_unix(sshd:auth): authentication failure; logname= uid=0 euid=0 tty=ssh ruser= rhost=59.63.188.30  user=root
Jan  4 06:44:48 LabSZ sshd[21339]: message repeated 5 times: [ Failed password for root from 59.63.188.30 port 32475 ssh2]
Jan  4 06:44:48 LabSZ sshd[21339]: Disconnecting: Too many authentication failures for root [preauth]
Jan  4 06:44:48 LabSZ sshd[21339]: PAM 5 more authentication failures; logname= uid=0 euid=0 tty=ssh ruser= rhost=59.63.188.30  user=root
Jan  4 06:44:48 LabSZ sshd[21339]: PAM service(sshd) ignoring max retries; 6 > 3
Jan  4 06:44:49 LabSZ sshd[21348]: pam_unix(sshd:auth): authentication failure; logname= uid=0 euid=0 tty=ssh ruser= rhost=59.63.188.30  user=root
Jan  4 06:44:50 LabSZ sshd[21345]: Failed password for root from 59.63.188.30 port 38205 ssh2
Jan  4 06:44:51 LabSZ sshd[21348]: Failed password for root from 59.63.188.30 port 53827 ssh2
Jan  4 06:44:52 LabSZ sshd[21338]: Invalid user 123 from 185.222.209.151
Jan  4 06:44:52 LabSZ sshd[21338]: input_userauth_request: invalid user 123 [preauth]
Jan  4 06:44:52 LabSZ sshd[21338]: pam_unix(sshd:auth): check pass; user unknown
Jan  4 06:44:52 LabSZ sshd[21338]: pam_unix(sshd:auth): authentication failure; logname= uid=0 euid=0 tty=ssh ruser= rhost=185.222.209.151 
Jan  4 06:44:53 LabSZ sshd[21342]: message repeated 5 times: [ Failed password for root from 182.100.67.52 port 51926 ssh2]
Jan  4 06:44:53 LabSZ sshd[21342]: Disconnecting: Too many authentication failures for root [preauth]
Jan  4 06:44:53 LabSZ sshd[21342]: PAM 5 more authentication failures; logname= uid=0 euid=0 tty=ssh ruser= rhost=182.100.67.52  user=root
Jan  4 06:44:53 LabSZ sshd[21342]: PAM service(sshd) ignoring max retries; 6 > 3
Jan  4 06:44:54 LabSZ sshd[21338]: Failed password for invalid user 123 from 185.222.209.151 port 50684 ssh2
Jan  4 06:44:54 LabSZ sshd[21350]: pam_unix(sshd:auth): authentication failure; logname= uid=0 euid=0 tty=ssh ruser= rhost=182.100.67.52  user=root
