Jan  4 11:29:15 LabSZ sshd[29454]: pam_unix(sshd:auth): check pass; user unknown
Jan  4 11:29:15 LabSZ sshd[29454]: pam_unix(sshd:auth): authentication failure; logname= uid=0 euid=0 tty=ssh ruser= rhost=94.167.233.38 
Jan  4 11:29:17 LabSZ sshd[29454]: Failed password for invalid user volumio from 94.167.233.38 port 51601 ssh2
Jan  4 11:29:17 LabSZ sshd[29454]: Received disconnect from 94.167.233.38: 11: Bye Bye [preauth]
Jan  4 11:29:18 LabSZ sshd[29456]: pam_unix(sshd:auth): authentication failure; logname= uid=0 euid=0 tty=ssh ruser= rhost=182.100.67.52  user=root
Jan  4 11:29:19 LabSZ sshd[29448]: message repeated 5 times: [ Failed password for root from 59.63.188.30 port 60747 ssh2]
Jan  4 11:29:19 LabSZ sshd[29448]: Disconnecting: Too many authentication failures for root [preauth]
Jan  4 11:29:19 LabSZ sshd[29448]: PAM 5 more authentication failures; logname= uid=0 euid=0 tty=ssh ruser= rhost=59.63.188.30  user=root
Jan  4 11:29:19 LabSZ sshd[29448]: PAM service(sshd) ignoring max retries; 6 > 3
Jan  4 11:29:20 LabSZ sshd[29460]: pam_unix(sshd:auth): authentication failure; logname= uid=0 euid=0 tty=ssh ruser= rhost=59.63.188.30  user=root
Jan  4 11:29:20 LabSZ sshd[29456]: Failed password for root from 182.100.67.52 port 14808 ssh2
Jan  4 11:29:20 LabSZ sshd[29458]: Invalid user oracle from 94.167.233.38
Jan  4 11:29:20 LabSZ sshd[29458]: input_userauth_request: invalid user oracle [preauth]
Jan  4 11:29:20 LabSZ sshd[29458]: pam_unix(sshd:auth): check pass; user unknown
Jan  4 11:29:20 LabSZ sshd[29458]: pam_unix(sshd:auth): authentication failure; logname= uid=0 euid=0 tty=ssh ruser= rhost=94.167.233.38 
Jan  4 11:29:21 LabSZ sshd[29452]: message repeated 5 times: [ Failed password for root from 59.63.188.30 port 65256 ssh2]
Jan  4 11:29:21 LabSZ sshd[29452]: Disconnecting: Too many authentication failures for root [preauth]
Jan  4 11:29:21 LabSZ sshd[29452]: PAM 5 more authentication failures; logname= uid=0 euid=0 tty=ssh ruser= rhost=59.63.188.30  user=root
Jan  4 11:29:21 LabSZ sshd[29452]: PAM service(sshd) ignoring max retries; 6 > 3
Jan  4 11:29:21 LabSZ sshd[29446]: message repeated 5 times: [ Failed password for root from 218.87.109.156 port 34474 ssh2]
Jan  4 11:29:21 LabSZ sshd[29446]: Disconnecting: Too many authentication failures for root [preauth]
Jan  4 11:29:21 LabSZ sshd[29446]: PAM 5 more authentication failures; logname= uid=0 euid=0 tty=ssh ruser= rhost=218.87.109.156  user=root
Jan  4 11:29:21 LabSZ sshd[29446]: PAM service(sshd) ignoring max retries; 6 > 3
Jan  4 11:29:22 LabSZ sshd[29460]: Failed password for root from 59.63.188.30 port 15423 ssh2
Jan  4 11:29:22 LabSZ sshd[29462]: pam_unix(sshd:auth): authentication failure; logname= uid=0 euid=0 tty=ssh ruser= rhost=59.63.188.30  user=root
Jan  4 11:29:23 LabSZ sshd[29458]: Failed password for invalid user oracle from 94.167.233.38 port 51787 ssh2
Jan  4 11:29:23 LabSZ sshd[29458]: Received disconnect from 94.167.233.38: 11: Bye Bye [preauth]
Jan  4 11:29:25 LabSZ sshd[29462]: Failed password for root from 59.63.188.30 port 17855 ssh2
Jan  4 11:29:26 LabSZ sshd[29466]: Invalid user nagios from 94.167.233.38
Jan  4 11:29:26 LabSZ sshd[29466]: input_userauth_request: invalid user nagios [preauth]
Jan  4 11:29:26 LabSZ sshd[29466]: pam_unix(sshd:auth): check pass; user unknown
Jan  4 11:29:26 LabSZ sshd[29466]: pam_unix(sshd:auth): authentication failure; logname= uid=0 euid=0 tty=ssh ruser= rhost=94.167.233.38 
Jan  4 11:29:28 LabSZ sshd[29466]: Failed password for invalid user nagios from 94.167.233.38 port 51950 ssh2
Jan  4 11:29:28 LabSZ sshd[29466]: Received disconnect from 94.167.233.38: 11: Bye Bye [preauth]
Jan  4 11:29:31 LabSZ sshd[29468]: Invalid user vagrant from 94.167.233.38
Jan  4 11:29:31 LabSZ sshd[29468]: input_userauth_request: invalid user vagrant [preauth]
Jan  4 11:29:31 LabSZ sshd[29468]: pam_unix(sshd:auth): check pass; user unknown
Jan  4 11:29:31 LabSZ sshd[29468]: pam_unix(sshd:auth): authentication failure; logname= uid=0 euid=0 tty=ssh ruser= rhost=94.167.233.38 
Jan  4 11:29:32 LabSZ sshd[29464]: pam_unix(sshd:auth): authentication failure; logname= uid=0 euid=0 tty=ssh ruser= rhost=218.87.109.156  user=root
Jan  4 11:29:33 LabSZ sshd[29456]: message repeated 5 times: [ Failed password for root from 182.100.67.52 port 14808 ssh2]
Jan  4 11:29:33 LabSZ sshd[29456]: Disconnecting: Too many authentication failures for root [preauth]
Jan  4 11:29:33 LabSZ sshd[29456]: PAM 5 more authentication failures; logname= uid=0 euid=0 tty=ssh ruser= rhost=182.100.67.52  user=root
Jan  4 11:29:33 LabSZ sshd[29456]: PAM service(sshd) ignoring max retries; 6 > 3
Jan  4 11:29:33 LabSZ sshd[29468]: Failed password for invalid user vagrant from 94.167.233.38 port 52094 ssh2
Jan  4 11:29:33 LabSZ sshd[29468]: Received disconnect from 94.167.233.38: 11: Bye Bye [preauth]
Jan  4 11:29:34 LabSZ sshd[29464]: Failed password for root from 218.87.109.156 port 14536 ssh2
Jan  4 11:29:34 LabSZ sshd[29471]: pam_unix(sshd:auth): authentication failure; logname= uid=0 euid=0 tty=ssh ruser= rhost=182.100.67.52  user=root
Jan  4 11:29:35 LabSZ sshd[29460]: message repeated 5 times: [ Failed password for root from 59.63.188.30 port 15423 ssh2]
Jan  4 11:29:35 LabSZ sshd[29460]: Disconnecting: Too many authentication failures for root [preauth]
Jan  4 11:29:35 LabSZ sshd[29460]: PAM 5 more authentication failures; logname= uid=0 euid=0 tty=ssh ruser= rhost=59.63.188.30  user=root
Jan  4 11:29:35 LabSZ sshd[29460]: PAM service(sshd) ignoring max retries; 6 > 3
Jan  4 11:29:36 LabSZ sshd[29470]: Invalid user support from 94.167.233.38
Jan  4 11:29:36 LabSZ sshd[29470]: input_userauth_request: invalid user support [preauth]
Jan  4 11:29:37 LabSZ sshd[29470]: pam_unix(sshd:auth): check pass; user unknown
Jan  4 11:29:37 LabSZ sshd[29470]: pam_unix(sshd:auth): authentication failure; logname= uid=0 euid=0 tty=ssh ruser= rhost=94.167.233.38 
Jan  4 11:29:37 LabSZ sshd[29471]: Failed password for root from 182.100.67.52 port 49588 ssh2
Jan  4 11:29:38 LabSZ sshd[29462]: message repeated 5 times: [ Failed password for root from 59.63.188.30 port 17855 ssh2]
Jan  4 11:29:38 LabSZ sshd[29462]: Disconnecting: Too many authentication failures for root [preauth]
Jan  4 11:29:38 LabSZ sshd[29462]: PAM 5 more authentication failures; logname= uid=0 euid=0 tty=ssh ruser= rhost=59.63.188.30  user=root
Jan  4 11:29:38 LabSZ sshd[29462]: PAM service(sshd) ignoring max retries; 6 > 3
Jan  4 11:29:38 LabSZ sshd[29470]: Failed password for invalid user support from 94.167.233.38 port 52250 ssh2
Jan  4 11:29:39 LabSZ sshd[29470]: Received disconnect from 94.167.233.38: 11: Bye Bye [preauth]
Jan  4 11:29:39 LabSZ sshd[29477]: pam_unix(sshd:auth): authentication failure; logname= uid=0 euid=0 tty=ssh ruser= rhost=59.63.188.30  user=root
Jan  4 11:29:41 LabSZ sshd[29474]: pam_unix(sshd:auth): authentication failure; logname= uid=0 euid=0 tty=ssh ruser= rhost=59.63.188.30  user=root
Jan  4 11:29:41 LabSZ sshd[29476]: Invalid user debian from 94.167.233.38
Jan  4 11:29:41 LabSZ sshd[29476]: input_userauth_request: invalid user debian [preauth]
Jan  4 11:29:42 LabSZ sshd[29476]: pam_unix(sshd:auth): check pass; user unknown
Jan  4 11:29:42 LabSZ sshd[29476]: pam_unix(sshd:auth): authentication failure; logname= uid=0 euid=0 tty=ssh ruser= rhost=94.167.233.38 
Jan  4 11:29:42 LabSZ sshd[29477]: Failed password for root from 59.63.188.30 port 36793 ssh2
Jan  4 11:29:43 LabSZ sshd[29474]: Failed password for root from 59.63.188.30 port 33199 ssh2
Jan  4 11:29:44 LabSZ sshd[29476]: Failed password for invalid user debian from 94.167.233.38 port 52397 ssh2
Jan  4 11:29:44 LabSZ sshd[29476]: Received disconnect from 94.167.233.38: 11: Bye Bye [preauth]
Jan  4 11:29:47 LabSZ sshd[29480]: Invalid user ubuntu from 94.167.233.38
Jan  4 11:29:47 LabSZ sshd[29480]: input_userauth_request: invalid user ubuntu [preauth]
Jan  4 11:29:47 LabSZ sshd[29464]: message repeated 5 times: [ Failed password for root from 218.87.109.156 port 14536 ssh2]
Jan  4 11:29:47 LabSZ sshd[29464]: Disconnecting: Too many authentication failures for root [preauth]
Jan  4 11:29:47 LabSZ sshd[29464]: PAM 5 more authentication failures; logname= uid=0 euid=0 tty=ssh ruser= rhost=218.87.109.156  user=root
Jan  4 11:29:47 LabSZ sshd[29464]: PAM service(sshd) ignoring max retries; 6 > 3
Jan  4 11:29:47 LabSZ sshd[29480]: pam_unix(sshd:auth): check pass; user unknown
Jan  4 11:29:47 LabSZ sshd[29480]: pam_unix(sshd:auth): authentication failure; logname= uid=0 euid=0 tty=ssh ruser= rhost=94.167.233.38 
Jan  4 11:29:49 LabSZ sshd[29480]: Failed password for invalid user ubuntu from 94.167.233.38 port 52553 ssh2
Jan  4 11:29:49 LabSZ sshd[29480]: Received disconnect from 94.167.233.38: 11: Bye Bye [preauth]
Jan  4 11:29:50 LabSZ sshd[29471]: message repeated 5 times: [ Failed password for root from 182.100.67.52 port 49588 ssh2]
Jan  4 11:29:50 LabSZ sshd[29471]: Disconnecting: Too many authentication failures for root [preauth]
Jan  4 11:29:50 LabSZ sshd[29471]: PAM 5 more authentication failures; logname= uid=0 euid=0 tty=ssh ruser= rhost=182.100.67.52  user=root
Jan  4 11:29:50 LabSZ sshd[29471]: PAM service(sshd) ignoring max retries; 6 > 3
Jan  4 11:29:52 LabSZ sshd[29486]: pam_unix(sshd:auth): authentication failure; logname= uid=0 euid=0 tty=ssh ruser= rhost=182.100.67.52  user=root
Jan  4 11:29:52 LabSZ sshd[29484]: Invalid user debian from 94.167.233.38
Jan  4 11:29:52 LabSZ sshd[29484]: input_userauth_request: invalid user debian [preauth]
Jan  4 11:29:52 LabSZ sshd[29484]: pam_unix(sshd:auth): check pass; user unknown
Jan  4 11:29:52 LabSZ sshd[29484]: pam_unix(sshd:auth): authentication failure; logname= uid=0 euid=0 tty=ssh ruser= rhost=94.167.233.38 
Jan  4 11:29:54 LabSZ sshd[29482]: pam_unix(sshd:auth): authentication failure; logname= uid=0 euid=0 tty=ssh ruser= rhost=218.87.109.156  user=root
Jan  4 11:29:54 LabSZ sshd[29486]: Failed password for root from 182.100.67.52 port 21466 ssh2
Jan  4 11:29:55 LabSZ sshd[29484]: Failed password for invalid user debian from 94.167.233.38 port 52695 ssh2
Jan  4 11:29:55 LabSZ sshd[29477]: message repeated 5 times: [ Failed password for root from 59.63.188.30 port 36793 ssh2]
Jan  4 11:29:55 LabSZ sshd[29477]: Disconnecting: Too many authentication failures for root [preauth]
Jan  4 11:29:55 LabSZ sshd[29477]: PAM 5 more authentication failures; logname= uid=0 euid=0 tty=ssh ruser= rhost=59.63.188.30  user=root
Jan  4 11:29:55 LabSZ sshd[29477]: PAM service(sshd) ignoring max retries; 6 > 3
Jan  4 11:29:55 LabSZ sshd[29484]: Received disconnect from 94.167.233.38: 11: Bye Bye [preauth]
Jan  4 11:29:56 LabSZ sshd[29482]: Failed password for root from 218.87.109.156 port 4540 ssh2
