Jan  2 05:01:31 LabSZ sshd[24332]: message repeated 5 times: [ Failed password for root from 218.65.30.30 port 48008 ssh2]
Jan  2 05:01:31 LabSZ sshd[24332]: Disconnecting: Too many authentication failures for root [preauth]
Jan  2 05:01:31 LabSZ sshd[24332]: PAM 5 more authentication failures; logname= uid=0 euid=0 tty=ssh ruser= rhost=218.65.30.30  user=root
Jan  2 05:01:31 LabSZ sshd[24332]: PAM service(sshd) ignoring max retries; 6 > 3
Jan  2 05:01:33 LabSZ sshd[24338]: reverse mapping checking getaddrinfo for 30.30.65.218.broad.xy.jx.dynamic.163data.com.cn [218.65.30.30] failed - POSSIBLE BREAK-IN ATTEMPT!
Jan  2 05:01:33 LabSZ sshd[24338]: pam_unix(sshd:auth): authentication failure; logname= uid=0 euid=0 tty=ssh ruser= rhost=218.65.30.30  user=root
Jan  2 05:01:35 LabSZ sshd[24338]: Failed password for root from 218.65.30.30 port 21170 ssh2
Jan  2 05:01:37 LabSZ sshd[24334]: message repeated 5 times: [ Failed password for root from 182.100.67.120 port 5090 ssh2]
Jan  2 05:01:37 LabSZ sshd[24334]: Disconnecting: Too many authentication failures for root [preauth]
Jan  2 05:01:37 LabSZ sshd[24334]: PAM 5 more authentication failures; logname= uid=0 euid=0 tty=ssh ruser= rhost=182.100.67.120  user=root
Jan  2 05:01:37 LabSZ sshd[24334]: PAM service(sshd) ignoring max retries; 6 > 3
Jan  2 05:01:39 LabSZ sshd[24340]: pam_unix(sshd:auth): authentication failure; logname= uid=0 euid=0 tty=ssh ruser= rhost=182.100.67.120  user=root
Jan  2 05:01:41 LabSZ sshd[24340]: Failed password for root from 182.100.67.120 port 39816 ssh2
Jan  2 05:01:43 LabSZ sshd[24336]: message repeated 5 times: [ Failed password for root from 58.242.83.25 port 50960 ssh2]
Jan  2 05:01:43 LabSZ sshd[24336]: Disconnecting: Too many authentication failures for root [preauth]
Jan  2 05:01:43 LabSZ sshd[24336]: PAM 5 more authentication failures; logname= uid=0 euid=0 tty=ssh ruser= rhost=58.242.83.25  user=root
Jan  2 05:01:43 LabSZ sshd[24336]: PAM service(sshd) ignoring max retries; 6 > 3
Jan  2 05:01:45 LabSZ sshd[24342]: pam_unix(sshd:auth): authentication failure; logname= uid=0 euid=0 tty=ssh ruser= rhost=58.242.83.25  user=root
Jan  2 05:01:47 LabSZ sshd[24338]: message repeated 5 times: [ Failed password for root from 218.65.30.30 port 21170 ssh2]
Jan  2 05:01:47 LabSZ sshd[24338]: Disconnecting: Too many authentication failures for root [preauth]
Jan  2 05:01:47 LabSZ sshd[24338]: PAM 5 more authentication failures; logname= uid=0 euid=0 tty=ssh ruser= rhost=218.65.30.30  user=root
Jan  2 05:01:47 LabSZ sshd[24338]: PAM service(sshd) ignoring max retries; 6 > 3
Jan  2 05:01:47 LabSZ sshd[24342]: Failed password for root from 58.242.83.25 port 7403 ssh2
Jan  2 05:01:49 LabSZ sshd[24344]: reverse mapping checking getaddrinfo for 30.30.65.218.broad.xy.jx.dynamic.163data.com.cn [218.65.30.30] failed - POSSIBLE BREAK-IN ATTEMPT!
Jan  2 05:01:49 LabSZ sshd[24344]: pam_unix(sshd:auth): authentication failure; logname= uid=0 euid=0 tty=ssh ruser= rhost=218.65.30.30  user=root
Jan  2 05:01:51 LabSZ sshd[24344]: Failed password for root from 218.65.30.30 port 57918 ssh2
Jan  2 05:01:54 LabSZ sshd[24340]: message repeated 5 times: [ Failed password for root from 182.100.67.120 port 39816 ssh2]
Jan  2 05:01:54 LabSZ sshd[24340]: Disconnecting: Too many authentication failures for root [preauth]
Jan  2 05:01:54 LabSZ sshd[24340]: PAM 5 more authentication failures; logname= uid=0 euid=0 tty=ssh ruser= rhost=182.100.67.120  user=root
Jan  2 05:01:54 LabSZ sshd[24340]: PAM service(sshd) ignoring max retries; 6 > 3
Jan  2 05:01:55 LabSZ sshd[24346]: pam_unix(sshd:auth): authentication failure; logname= uid=0 euid=0 tty=ssh ruser= rhost=182.100.67.120  user=root
Jan  2 05:01:56 LabSZ sshd[24346]: Failed password for root from 182.100.67.120 port 13030 ssh2
Jan  2 05:01:58 LabSZ sshd[24342]: message repeated 5 times: [ Failed password for root from 58.242.83.25 port 7403 ssh2]
Jan  2 05:01:58 LabSZ sshd[24342]: Disconnecting: Too many authentication failures for root [preauth]
Jan  2 05:01:58 LabSZ sshd[24342]: PAM 5 more authentication failures; logname= uid=0 euid=0 tty=ssh ruser= rhost=58.242.83.25  user=root
Jan  2 05:01:58 LabSZ sshd[24342]: PAM service(sshd) ignoring max retries; 6 > 3
Jan  2 05:02:00 LabSZ sshd[24348]: pam_unix(sshd:auth): authentication failure; logname= uid=0 euid=0 tty=ssh ruser= rhost=58.242.83.25  user=root
Jan  2 05:02:02 LabSZ sshd[24348]: Failed password for root from 58.242.83.25 port 28471 ssh2
Jan  2 05:02:08 LabSZ sshd[24346]: message repeated 5 times: [ Failed password for root from 182.100.67.120 port 13030 ssh2]
Jan  2 05:02:08 LabSZ sshd[24346]: Disconnecting: Too many authentication failures for root [preauth]
Jan  2 05:02:08 LabSZ sshd[24346]: PAM 5 more authentication failures; logname= uid=0 euid=0 tty=ssh ruser= rhost=182.100.67.120  user=root
Jan  2 05:02:08 LabSZ sshd[24346]: PAM service(sshd) ignoring max retries; 6 > 3
Jan  2 05:02:09 LabSZ sshd[24350]: pam_unix(sshd:auth): authentication failure; logname= uid=0 euid=0 tty=ssh ruser= rhost=182.100.67.120  user=root
Jan  2 05:02:10 LabSZ sshd[24344]: message repeated 5 times: [ Failed password for root from 218.65.30.30 port 57918 ssh2]
Jan  2 05:02:10 LabSZ sshd[24344]: Disconnecting: Too many authentication failures for root [preauth]
Jan  2 05:02:10 LabSZ sshd[24344]: PAM 5 more authentication failures; logname= uid=0 euid=0 tty=ssh ruser= rhost=218.65.30.30  user=root
Jan  2 05:02:10 LabSZ sshd[24344]: PAM service(sshd) ignoring max retries; 6 > 3
Jan  2 05:02:11 LabSZ sshd[24350]: Failed password for root from 182.100.67.120 port 45750 ssh2
Jan  2 05:02:12 LabSZ sshd[24352]: reverse mapping checking getaddrinfo for 30.30.65.218.broad.xy.jx.dynamic.163data.com.cn [218.65.30.30] failed - POSSIBLE BREAK-IN ATTEMPT!
Jan  2 05:02:12 LabSZ sshd[24352]: pam_unix(sshd:auth): authentication failure; logname= uid=0 euid=0 tty=ssh ruser= rhost=218.65.30.30  user=root
Jan  2 05:02:14 LabSZ sshd[24352]: Failed password for root from 218.65.30.30 port 49076 ssh2
Jan  2 05:02:14 LabSZ sshd[24348]: message repeated 5 times: [ Failed password for root from 58.242.83.25 port 28471 ssh2]
Jan  2 05:02:14 LabSZ sshd[24348]: Disconnecting: Too many authentication failures for root [preauth]
Jan  2 05:02:14 LabSZ sshd[24348]: PAM 5 more authentication failures; logname= uid=0 euid=0 tty=ssh ruser= rhost=58.242.83.25  user=root
Jan  2 05:02:14 LabSZ sshd[24348]: PAM service(sshd) ignoring max retries; 6 > 3
Jan  2 05:02:16 LabSZ sshd[24354]: pam_unix(sshd:auth): authentication failure; logname= uid=0 euid=0 tty=ssh ruser= rhost=58.242.83.25  user=root
Jan  2 05:02:18 LabSZ sshd[24354]: Failed password for root from 58.242.83.25 port 49963 ssh2
Jan  2 05:02:23 LabSZ sshd[24350]: message repeated 5 times: [ Failed password for root from 182.100.67.120 port 45750 ssh2]
Jan  2 05:02:23 LabSZ sshd[24350]: Disconnecting: Too many authentication failures for root [preauth]
Jan  2 05:02:23 LabSZ sshd[24350]: PAM 5 more authentication failures; logname= uid=0 euid=0 tty=ssh ruser= rhost=182.100.67.120  user=root
Jan  2 05:02:23 LabSZ sshd[24350]: PAM service(sshd) ignoring max retries; 6 > 3
Jan  2 05:02:25 LabSZ sshd[24356]: pam_unix(sshd:auth): authentication failure; logname= uid=0 euid=0 tty=ssh ruser= rhost=182.100.67.120  user=root
Jan  2 05:02:26 LabSZ sshd[24352]: message repeated 5 times: [ Failed password for root from 218.65.30.30 port 49076 ssh2]
Jan  2 05:02:26 LabSZ sshd[24352]: Disconnecting: Too many authentication failures for root [preauth]
Jan  2 05:02:26 LabSZ sshd[24352]: PAM 5 more authentication failures; logname= uid=0 euid=0 tty=ssh ruser= rhost=218.65.30.30  user=root
Jan  2 05:02:26 LabSZ sshd[24352]: PAM service(sshd) ignoring max retries; 6 > 3
Jan  2 05:02:27 LabSZ sshd[24356]: Failed password for root from 182.100.67.120 port 17276 ssh2
Jan  2 05:02:28 LabSZ sshd[24358]: reverse mapping checking getaddrinfo for 30.30.65.218.broad.xy.jx.dynamic.163data.com.cn [218.65.30.30] failed - POSSIBLE BREAK-IN ATTEMPT!
Jan  2 05:02:28 LabSZ sshd[24358]: pam_unix(sshd:auth): authentication failure; logname= uid=0 euid=0 tty=ssh ruser= rhost=218.65.30.30  user=root
Jan  2 05:02:30 LabSZ sshd[24354]: message repeated 5 times: [ Failed password for root from 58.242.83.25 port 49963 ssh2]
Jan  2 05:02:30 LabSZ sshd[24354]: Disconnecting: Too many authentication failures for root [preauth]
Jan  2 05:02:30 LabSZ sshd[24354]: PAM 5 more authentication failures; logname= uid=0 euid=0 tty=ssh ruser= rhost=58.242.83.25  user=root
Jan  2 05:02:30 LabSZ sshd[24354]: PAM service(sshd) ignoring max retries; 6 > 3
Jan  2 05:02:30 LabSZ sshd[24358]: Failed password for root from 218.65.30.30 port 21664 ssh2
Jan  2 05:02:30 LabSZ sshd[24360]: reverse mapping checking getaddrinfo for 14.142.122.26.static-kolkata.vsnl.net.in [14.142.122.26] failed - POSSIBLE BREAK-IN ATTEMPT!
Jan  2 05:02:30 LabSZ sshd[24360]: Invalid user oracle from 14.142.122.26
Jan  2 05:02:30 LabSZ sshd[24360]: input_userauth_request: invalid user oracle [preauth]
Jan  2 05:02:30 LabSZ sshd[24360]: pam_unix(sshd:auth): check pass; user unknown
Jan  2 05:02:30 LabSZ sshd[24360]: pam_unix(sshd:auth): authentication failure; logname= uid=0 euid=0 tty=ssh ruser= rhost=14.142.122.26 
Jan  2 05:02:32 LabSZ sshd[24360]: Failed password for invalid user oracle from 14.142.122.26 port 46823 ssh2
Jan  2 05:02:32 LabSZ sshd[24362]: pam_unix(sshd:auth): authentication failure; logname= uid=0 euid=0 tty=ssh ruser= rhost=58.242.83.25  user=root
Jan  2 05:02:32 LabSZ sshd[24360]: Received disconnect from 14.142.122.26: 11: Bye Bye [preauth]
Jan  2 05:02:34 LabSZ sshd[24362]: Failed password for root from 58.242.83.25 port 7042 ssh2
Jan  2 05:02:38 LabSZ sshd[24356]: message repeated 5 times: [ Failed password for root from 182.100.67.120 port 17276 ssh2]
Jan  2 05:02:38 LabSZ sshd[24356]: Disconnecting: Too many authentication failures for root [preauth]
Jan  2 05:02:38 LabSZ sshd[24356]: PAM 5 more authentication failures; logname= uid=0 euid=0 tty=ssh ruser= rhost=182.100.67.120  user=root
Jan  2 05:02:38 LabSZ sshd[24356]: PAM service(sshd) ignoring max retries; 6 > 3
Jan  2 05:02:40 LabSZ sshd[24364]: pam_unix(sshd:auth): authentication failure; logname= uid=0 euid=0 tty=ssh ruser= rhost=182.100.67.120  user=root
Jan  2 05:02:42 LabSZ sshd[24364]: Failed password for root from 182.100.67.120 port 50906 ssh2
Jan  2 05:02:44 LabSZ sshd[24358]: message repeated 5 times: [ Failed password for root from 218.65.30.30 port 21664 ssh2]
Jan  2 05:02:44 LabSZ sshd[24358]: Disconnecting: Too many authentication failures for root [preauth]
Jan  2 05:02:44 LabSZ sshd[24358]: PAM 5 more authentication failures; logname= uid=0 euid=0 tty=ssh ruser= rhost=218.65.30.30  user=root
Jan  2 05:02:44 LabSZ sshd[24358]: PAM service(sshd) ignoring max retries; 6 > 3
Jan  2 05:02:45 LabSZ sshd[24366]: reverse mapping checking getaddrinfo for 30.30.65.218.broad.xy.jx.dynamic.163data.com.cn [218.65.30.30] failed - POSSIBLE BREAK-IN ATTEMPT!
Jan  2 05:02:45 LabSZ sshd[24366]: pam_unix(sshd:auth): authentication failure; logname= uid=0 euid=0 tty=ssh ruser= rhost=218.65.30.30  user=root
Jan  2 05:02:45 LabSZ sshd[24362]: message repeated 5 times: [ Failed password for root from 58.242.83.25 port 7042 ssh2]
Jan  2 05:02:45 LabSZ sshd[24362]: Disconnecting: Too many authentication failures for root [preauth]
Jan  2 05:02:45 LabSZ sshd[24362]: PAM 5 more authentication failures; logname= uid=0 euid=0 tty=ssh ruser= rhost=58.242.83.25  user=root
Jan  2 05:02:45 LabSZ sshd[24362]: PAM service(sshd) ignoring max retries; 6 > 3
Jan  2 05:02:47 LabSZ sshd[24368]: pam_unix(sshd:auth): authentication failure; logname= uid=0 euid=0 tty=ssh ruser= rhost=58.242.83.25  user=root
