Dec 12 04:26:52 LabSZ sshd[13555]: Invalid user postgres from 203.158.215.184
Dec 12 04:26:52 LabSZ sshd[13555]: input_userauth_request: invalid user postgres [preauth]
Dec 12 04:26:52 LabSZ sshd[13555]: pam_unix(sshd:auth): check pass; user unknown
Dec 12 04:26:52 LabSZ sshd[13555]: pam_unix(sshd:auth): authentication failure; logname= uid=0 euid=0 tty=ssh ruser= rhost=203.158.215.184 
Dec 12 04:26:54 LabSZ sshd[13557]: Failed password for root from 183.238.178.195 port 38869 ssh2
Dec 12 04:26:54 LabSZ sshd[13557]: Connection closed by 183.238.178.195 [preauth]
Dec 12 04:26:54 LabSZ sshd[13561]: pam_unix(sshd:auth): authentication failure; logname= uid=0 euid=0 tty=ssh ruser= rhost=183.238.178.195  user=root
Dec 12 04:26:54 LabSZ sshd[13559]: Failed password for invalid user user from 42.159.145.29 port 49144 ssh2
Dec 12 04:26:54 LabSZ sshd[13559]: Received disconnect from 42.159.145.29: 11: Bye Bye [preauth]
Dec 12 04:26:54 LabSZ sshd[13555]: Failed password for invalid user postgres from 203.158.215.184 port 41148 ssh2
Dec 12 04:26:54 LabSZ sshd[13555]: Received disconnect from 203.158.215.184: 11: Bye Bye [preauth]
Dec 12 04:26:55 LabSZ sshd[13563]: pam_unix(sshd:auth): authentication failure; logname= uid=0 euid=0 tty=ssh ruser= rhost=42.159.145.29  user=root
Dec 12 04:26:55 LabSZ sshd[13561]: Failed password for root from 183.238.178.195 port 39096 ssh2
Dec 12 04:26:55 LabSZ sshd[13561]: Connection closed by 183.238.178.195 [preauth]
Dec 12 04:26:55 LabSZ sshd[13567]: pam_unix(sshd:auth): authentication failure; logname= uid=0 euid=0 tty=ssh ruser= rhost=183.238.178.195  user=root
Dec 12 04:26:56 LabSZ sshd[13565]: pam_unix(sshd:auth): authentication failure; logname= uid=0 euid=0 tty=ssh ruser= rhost=203.158.215.184  user=mysql
Dec 12 04:26:57 LabSZ sshd[13563]: Failed password for root from 42.159.145.29 port 49553 ssh2
Dec 12 04:26:57 LabSZ sshd[13563]: Received disconnect from 42.159.145.29: 11: Bye Bye [preauth]
Dec 12 04:26:57 LabSZ sshd[13569]: pam_unix(sshd:auth): authentication failure; logname= uid=0 euid=0 tty=ssh ruser= rhost=42.159.145.29  user=root
Dec 12 04:26:57 LabSZ sshd[13567]: Failed password for root from 183.238.178.195 port 39305 ssh2
Dec 12 04:26:57 LabSZ sshd[13567]: Connection closed by 183.238.178.195 [preauth]
Dec 12 04:26:58 LabSZ sshd[13571]: pam_unix(sshd:auth): authentication failure; logname= uid=0 euid=0 tty=ssh ruser= rhost=183.238.178.195  user=root
Dec 12 04:26:58 LabSZ sshd[13565]: Failed password for mysql from 203.158.215.184 port 41476 ssh2
Dec 12 04:26:58 LabSZ sshd[13565]: Received disconnect from 203.158.215.184: 11: Bye Bye [preauth]
Dec 12 04:26:58 LabSZ sshd[13569]: Failed password for root from 42.159.145.29 port 49978 ssh2
Dec 12 04:26:58 LabSZ sshd[13569]: Received disconnect from 42.159.145.29: 11: Bye Bye [preauth]
Dec 12 04:26:59 LabSZ sshd[13575]: pam_unix(sshd:auth): authentication failure; logname= uid=0 euid=0 tty=ssh ruser= rhost=42.159.145.29  user=root
Dec 12 04:27:00 LabSZ sshd[13573]: pam_unix(sshd:auth): authentication failure; logname= uid=0 euid=0 tty=ssh ruser= rhost=203.158.215.184  user=mysql
Dec 12 04:27:00 LabSZ sshd[13571]: Failed password for root from 183.238.178.195 port 39585 ssh2
Dec 12 04:27:00 LabSZ sshd[13571]: Connection closed by 183.238.178.195 [preauth]
Dec 12 04:27:00 LabSZ sshd[13577]: pam_unix(sshd:auth): authentication failure; logname= uid=0 euid=0 tty=ssh ruser= rhost=183.238.178.195  user=root
Dec 12 04:27:01 LabSZ sshd[13575]: Failed password for root from 42.159.145.29 port 50216 ssh2
Dec 12 04:27:01 LabSZ sshd[13575]: Received disconnect from 42.159.145.29: 11: Bye Bye [preauth]
Dec 12 04:27:02 LabSZ sshd[13579]: pam_unix(sshd:auth): authentication failure; logname= uid=0 euid=0 tty=ssh ruser= rhost=42.159.145.29  user=root
Dec 12 04:27:02 LabSZ sshd[13573]: Failed password for mysql from 203.158.215.184 port 41758 ssh2
Dec 12 04:27:02 LabSZ sshd[13573]: Received disconnect from 203.158.215.184: 11: Bye Bye [preauth]
Dec 12 04:27:03 LabSZ sshd[13577]: Failed password for root from 183.238.178.195 port 39858 ssh2
Dec 12 04:27:03 LabSZ sshd[13577]: Connection closed by 183.238.178.195 [preauth]
Dec 12 04:27:03 LabSZ sshd[13582]: pam_unix(sshd:auth): authentication failure; logname= uid=0 euid=0 tty=ssh ruser= rhost=183.238.178.195  user=root
Dec 12 04:27:03 LabSZ sshd[13579]: Failed password for root from 42.159.145.29 port 50779 ssh2
Dec 12 04:27:03 LabSZ sshd[13579]: Received disconnect from 42.159.145.29: 11: Bye Bye [preauth]
Dec 12 04:27:04 LabSZ sshd[13585]: pam_unix(sshd:auth): authentication failure; logname= uid=0 euid=0 tty=ssh ruser= rhost=42.159.145.29  user=root
Dec 12 04:27:04 LabSZ sshd[13581]: pam_unix(sshd:auth): authentication failure; logname= uid=0 euid=0 tty=ssh ruser= rhost=203.158.215.184  user=mysql
Dec 12 04:27:05 LabSZ sshd[13582]: Failed password for root from 183.238.178.195 port 40160 ssh2
Dec 12 04:27:05 LabSZ sshd[13582]: Connection closed by 183.238.178.195 [preauth]
Dec 12 04:27:05 LabSZ sshd[13587]: pam_unix(sshd:auth): authentication failure; logname= uid=0 euid=0 tty=ssh ruser= rhost=183.238.178.195  user=root
Dec 12 04:27:05 LabSZ sshd[13585]: Failed password for root from 42.159.145.29 port 51080 ssh2
Dec 12 04:27:05 LabSZ sshd[13585]: Received disconnect from 42.159.145.29: 11: Bye Bye [preauth]
Dec 12 04:27:06 LabSZ sshd[13581]: Failed password for mysql from 203.158.215.184 port 42150 ssh2
Dec 12 04:27:06 LabSZ sshd[13589]: pam_unix(sshd:auth): authentication failure; logname= uid=0 euid=0 tty=ssh ruser= rhost=42.159.145.29  user=root
Dec 12 04:27:06 LabSZ sshd[13581]: Received disconnect from 203.158.215.184: 11: Bye Bye [preauth]
Dec 12 04:27:07 LabSZ sshd[13587]: Failed password for root from 183.238.178.195 port 40477 ssh2
Dec 12 04:27:07 LabSZ sshd[13587]: Connection closed by 183.238.178.195 [preauth]
Dec 12 04:27:07 LabSZ sshd[13593]: pam_unix(sshd:auth): authentication failure; logname= uid=0 euid=0 tty=ssh ruser= rhost=183.238.178.195  user=root
Dec 12 04:27:07 LabSZ sshd[13589]: Failed password for root from 42.159.145.29 port 51419 ssh2
Dec 12 04:27:07 LabSZ sshd[13589]: Received disconnect from 42.159.145.29: 11: Bye Bye [preauth]
Dec 12 04:27:08 LabSZ sshd[13591]: Invalid user nagios from 203.158.215.184
Dec 12 04:27:08 LabSZ sshd[13591]: input_userauth_request: invalid user nagios [preauth]
Dec 12 04:27:08 LabSZ sshd[13591]: pam_unix(sshd:auth): check pass; user unknown
Dec 12 04:27:08 LabSZ sshd[13591]: pam_unix(sshd:auth): authentication failure; logname= uid=0 euid=0 tty=ssh ruser= rhost=203.158.215.184 
Dec 12 04:27:08 LabSZ sshd[13595]: pam_unix(sshd:auth): authentication failure; logname= uid=0 euid=0 tty=ssh ruser= rhost=42.159.145.29  user=root
Dec 12 04:27:09 LabSZ sshd[13591]: Failed password for invalid user nagios from 203.158.215.184 port 42456 ssh2
Dec 12 04:27:09 LabSZ sshd[13595]: Failed password for root from 42.159.145.29 port 51767 ssh2
Dec 12 04:27:09 LabSZ sshd[13595]: Received disconnect from 42.159.145.29: 11: Bye Bye [preauth]
Dec 12 04:27:09 LabSZ sshd[13591]: Received disconnect from 203.158.215.184: 11: Bye Bye [preauth]
Dec 12 04:27:09 LabSZ sshd[13597]: pam_unix(sshd:auth): authentication failure; logname= uid=0 euid=0 tty=ssh ruser= rhost=42.159.145.29  user=root
Dec 12 04:27:09 LabSZ sshd[13593]: Failed password for root from 183.238.178.195 port 40706 ssh2
Dec 12 04:27:09 LabSZ sshd[13593]: Connection closed by 183.238.178.195 [preauth]
Dec 12 04:27:09 LabSZ sshd[13601]: pam_unix(sshd:auth): authentication failure; logname= uid=0 euid=0 tty=ssh ruser= rhost=183.238.178.195  user=root
Dec 12 04:27:11 LabSZ sshd[13597]: Failed password for root from 42.159.145.29 port 52052 ssh2
Dec 12 04:27:11 LabSZ sshd[13597]: Received disconnect from 42.159.145.29: 11: Bye Bye [preauth]
Dec 12 04:27:11 LabSZ sshd[13601]: Failed password for root from 183.238.178.195 port 40973 ssh2
Dec 12 04:27:11 LabSZ sshd[13601]: Connection closed by 183.238.178.195 [preauth]
Dec 12 04:27:12 LabSZ sshd[13605]: pam_unix(sshd:auth): authentication failure; logname= uid=0 euid=0 tty=ssh ruser= rhost=183.238.178.195  user=root
Dec 12 04:27:12 LabSZ sshd[13603]: pam_unix(sshd:auth): authentication failure; logname= uid=0 euid=0 tty=ssh ruser= rhost=42.159.145.29  user=root
Dec 12 04:27:12 LabSZ sshd[13599]: Invalid user oracle from 203.158.215.184
Dec 12 04:27:12 LabSZ sshd[13599]: input_userauth_request: invalid user oracle [preauth]
Dec 12 04:27:12 LabSZ sshd[13599]: pam_unix(sshd:auth): check pass; user unknown
Dec 12 04:27:12 LabSZ sshd[13599]: pam_unix(sshd:auth): authentication failure; logname= uid=0 euid=0 tty=ssh ruser= rhost=203.158.215.184 
Dec 12 04:27:14 LabSZ sshd[13605]: Failed password for root from 183.238.178.195 port 41208 ssh2
Dec 12 04:27:14 LabSZ sshd[13605]: Connection closed by 183.238.178.195 [preauth]
Dec 12 04:27:14 LabSZ sshd[13603]: Failed password for root from 42.159.145.29 port 52469 ssh2
Dec 12 04:27:14 LabSZ sshd[13603]: Received disconnect from 42.159.145.29: 11: Bye Bye [preauth]
Dec 12 04:27:14 LabSZ sshd[13607]: pam_unix(sshd:auth): authentication failure; logname= uid=0 euid=0 tty=ssh ruser= rhost=183.238.178.195  user=root
Dec 12 04:27:14 LabSZ sshd[13609]: pam_unix(sshd:auth): authentication failure; logname= uid=0 euid=0 tty=ssh ruser= rhost=42.159.145.29  user=mail
Dec 12 04:27:15 LabSZ sshd[13599]: Failed password for invalid user oracle from 203.158.215.184 port 42722 ssh2
Dec 12 04:27:15 LabSZ sshd[13599]: Received disconnect from 203.158.215.184: 11: Bye Bye [preauth]
Dec 12 04:27:16 LabSZ sshd[13607]: Failed password for root from 183.238.178.195 port 41495 ssh2
Dec 12 04:27:16 LabSZ sshd[13607]: Connection closed by 183.238.178.195 [preauth]
Dec 12 04:27:16 LabSZ sshd[13613]: pam_unix(sshd:auth): authentication failure; logname= uid=0 euid=0 tty=ssh ruser= rhost=183.238.178.195  user=root
Dec 12 04:27:16 LabSZ sshd[13609]: Failed password for mail from 42.159.145.29 port 52934 ssh2
Dec 12 04:27:16 LabSZ sshd[13609]: Received disconnect from 42.159.145.29: 11: Bye Bye [preauth]
Dec 12 04:27:16 LabSZ sshd[13611]: pam_unix(sshd:auth): authentication failure; logname= uid=0 euid=0 tty=ssh ruser= rhost=203.158.215.184  user=root
Dec 12 04:27:17 LabSZ sshd[13615]: pam_unix(sshd:auth): authentication failure; logname= uid=0 euid=0 tty=ssh ruser= rhost=42.159.145.29  user=root
Dec 12 04:27:18 LabSZ sshd[13613]: Failed password for root from 183.238.178.195 port 41758 ssh2
Dec 12 04:27:18 LabSZ sshd[13613]: Connection closed by 183.238.178.195 [preauth]
Dec 12 04:27:18 LabSZ sshd[13617]: pam_unix(sshd:auth): authentication failure; logname= uid=0 euid=0 tty=ssh ruser= rhost=183.238.178.195  user=root
Dec 12 04:27:18 LabSZ sshd[13611]: Failed password for root from 203.158.215.184 port 43026 ssh2
Dec 12 04:27:18 LabSZ sshd[13611]: Received disconnect from 203.158.215.184: 11: Bye Bye [preauth]
Dec 12 04:27:19 LabSZ sshd[13615]: Failed password for root from 42.159.145.29 port 53346 ssh2
