Dec 18 21:04:48 LabSZ sshd[8825]: Received disconnect from 60.2.12.12: 11: Bye Bye [preauth]
Dec 18 21:04:49 LabSZ sshd[8829]: pam_unix(sshd:auth): authentication failure; logname= uid=0 euid=0 tty=ssh ruser= rhost=60.2.12.12  user=root
Dec 18 21:04:50 LabSZ sshd[8827]: Failed password for root from 103.99.0.122 port 52254 ssh2
Dec 18 21:04:51 LabSZ sshd[8827]: error: Received disconnect from 103.99.0.122: 14: No more user authentication methods available. [preauth]
Dec 18 21:04:51 LabSZ sshd[8829]: Failed password for root from 60.2.12.12 port 37598 ssh2
Dec 18 21:04:51 LabSZ sshd[8829]: Received disconnect from 60.2.12.12: 11: Bye Bye [preauth]
Dec 18 21:04:52 LabSZ sshd[8833]: pam_unix(sshd:auth): authentication failure; logname= uid=0 euid=0 tty=ssh ruser= rhost=60.2.12.12  user=root
Dec 18 21:04:52 LabSZ sshd[8831]: Invalid user admin from 103.99.0.122
Dec 18 21:04:52 LabSZ sshd[8831]: input_userauth_request: invalid user admin [preauth]
Dec 18 21:04:52 LabSZ sshd[8831]: pam_unix(sshd:auth): check pass; user unknown
Dec 18 21:04:52 LabSZ sshd[8831]: pam_unix(sshd:auth): authentication failure; logname= uid=0 euid=0 tty=ssh ruser= rhost=103.99.0.122 
Dec 18 21:04:53 LabSZ sshd[8833]: Failed password for root from 60.2.12.12 port 39606 ssh2
Dec 18 21:04:53 LabSZ sshd[8833]: Received disconnect from 60.2.12.12: 11: Bye Bye [preauth]
Dec 18 21:04:54 LabSZ sshd[8831]: Failed password for invalid user admin from 103.99.0.122 port 53842 ssh2
Dec 18 21:04:54 LabSZ sshd[8835]: pam_unix(sshd:auth): authentication failure; logname= uid=0 euid=0 tty=ssh ruser= rhost=60.2.12.12  user=root
Dec 18 21:04:54 LabSZ sshd[8831]: error: Received disconnect from 103.99.0.122: 14: No more user authentication methods available. [preauth]
Dec 18 21:04:56 LabSZ sshd[8837]: Invalid user admin from 103.99.0.122
Dec 18 21:04:56 LabSZ sshd[8837]: input_userauth_request: invalid user admin [preauth]
Dec 18 21:04:56 LabSZ sshd[8837]: pam_unix(sshd:auth): check pass; user unknown
Dec 18 21:04:56 LabSZ sshd[8837]: pam_unix(sshd:auth): authentication failure; logname= uid=0 euid=0 tty=ssh ruser= rhost=103.99.0.122 
Dec 18 21:04:56 LabSZ sshd[8835]: Failed password for root from 60.2.12.12 port 41159 ssh2
Dec 18 21:04:56 LabSZ sshd[8835]: Received disconnect from 60.2.12.12: 11: Bye Bye [preauth]
Dec 18 21:04:57 LabSZ sshd[8839]: pam_unix(sshd:auth): authentication failure; logname= uid=0 euid=0 tty=ssh ruser= rhost=60.2.12.12  user=root
Dec 18 21:04:58 LabSZ sshd[8839]: Failed password for root from 60.2.12.12 port 43191 ssh2
Dec 18 21:04:58 LabSZ sshd[8839]: Received disconnect from 60.2.12.12: 11: Bye Bye [preauth]
Dec 18 21:04:59 LabSZ sshd[8837]: Failed password for invalid user admin from 103.99.0.122 port 55277 ssh2
Dec 18 21:04:59 LabSZ sshd[8837]: error: Received disconnect from 103.99.0.122: 14: No more user authentication methods available. [preauth]
Dec 18 21:04:59 LabSZ sshd[8841]: pam_unix(sshd:auth): authentication failure; logname= uid=0 euid=0 tty=ssh ruser= rhost=60.2.12.12  user=root
Dec 18 21:05:00 LabSZ sshd[8843]: Invalid user admin from 103.99.0.122
Dec 18 21:05:00 LabSZ sshd[8843]: input_userauth_request: invalid user admin [preauth]
Dec 18 21:05:00 LabSZ sshd[8843]: pam_unix(sshd:auth): check pass; user unknown
Dec 18 21:05:00 LabSZ sshd[8843]: pam_unix(sshd:auth): authentication failure; logname= uid=0 euid=0 tty=ssh ruser= rhost=103.99.0.122 
Dec 18 21:05:01 LabSZ sshd[8841]: Failed password for root from 60.2.12.12 port 44697 ssh2
Dec 18 21:05:01 LabSZ sshd[8841]: Received disconnect from 60.2.12.12: 11: Bye Bye [preauth]
Dec 18 21:05:02 LabSZ sshd[8843]: Failed password for invalid user admin from 103.99.0.122 port 57017 ssh2
Dec 18 21:05:02 LabSZ sshd[8843]: error: Received disconnect from 103.99.0.122: 14: No more user authentication methods available. [preauth]
Dec 18 21:05:05 LabSZ sshd[8847]: pam_unix(sshd:auth): authentication failure; logname= uid=0 euid=0 tty=ssh ruser= rhost=103.99.0.122  user=ftp
Dec 18 21:05:06 LabSZ sshd[8845]: pam_unix(sshd:auth): authentication failure; logname= uid=0 euid=0 tty=ssh ruser= rhost=60.2.12.12  user=root
Dec 18 21:05:08 LabSZ sshd[8847]: Failed password for ftp from 103.99.0.122 port 58780 ssh2
Dec 18 21:05:08 LabSZ sshd[8847]: error: Received disconnect from 103.99.0.122: 14: No more user authentication methods available. [preauth]
Dec 18 21:05:09 LabSZ sshd[8845]: Failed password for root from 60.2.12.12 port 46730 ssh2
Dec 18 21:05:09 LabSZ sshd[8845]: Received disconnect from 60.2.12.12: 11: Bye Bye [preauth]
Dec 18 21:05:10 LabSZ sshd[8849]: Invalid user monitor from 103.99.0.122
Dec 18 21:05:10 LabSZ sshd[8849]: input_userauth_request: invalid user monitor [preauth]
Dec 18 21:05:10 LabSZ sshd[8849]: pam_unix(sshd:auth): check pass; user unknown
Dec 18 21:05:10 LabSZ sshd[8849]: pam_unix(sshd:auth): authentication failure; logname= uid=0 euid=0 tty=ssh ruser= rhost=103.99.0.122 
Dec 18 21:05:12 LabSZ sshd[8849]: Failed password for invalid user monitor from 103.99.0.122 port 61294 ssh2
Dec 18 21:05:12 LabSZ sshd[8849]: error: Received disconnect from 103.99.0.122: 14: No more user authentication methods available. [preauth]
Dec 18 21:05:14 LabSZ sshd[8853]: Invalid user ftpuser from 103.99.0.122
Dec 18 21:05:14 LabSZ sshd[8853]: input_userauth_request: invalid user ftpuser [preauth]
Dec 18 21:05:14 LabSZ sshd[8853]: pam_unix(sshd:auth): check pass; user unknown
Dec 18 21:05:14 LabSZ sshd[8853]: pam_unix(sshd:auth): authentication failure; logname= uid=0 euid=0 tty=ssh ruser= rhost=103.99.0.122 
Dec 18 21:05:14 LabSZ sshd[8851]: pam_unix(sshd:auth): authentication failure; logname= uid=0 euid=0 tty=ssh ruser= rhost=60.2.12.12  user=root
Dec 18 21:05:16 LabSZ sshd[8853]: Failed password for invalid user ftpuser from 103.99.0.122 port 63190 ssh2
Dec 18 21:05:17 LabSZ sshd[8853]: error: Received disconnect from 103.99.0.122: 14: No more user authentication methods available. [preauth]
Dec 18 21:05:17 LabSZ sshd[8851]: Failed password for root from 60.2.12.12 port 52561 ssh2
Dec 18 21:05:17 LabSZ sshd[8851]: Received disconnect from 60.2.12.12: 11: Bye Bye [preauth]
Dec 18 21:05:17 LabSZ sshd[8857]: pam_unix(sshd:auth): authentication failure; logname= uid=0 euid=0 tty=ssh ruser= rhost=60.2.12.12  user=root
Dec 18 21:05:19 LabSZ sshd[8855]: Invalid user pi from 103.99.0.122
Dec 18 21:05:19 LabSZ sshd[8855]: input_userauth_request: invalid user pi [preauth]
Dec 18 21:05:19 LabSZ sshd[8855]: pam_unix(sshd:auth): check pass; user unknown
Dec 18 21:05:19 LabSZ sshd[8855]: pam_unix(sshd:auth): authentication failure; logname= uid=0 euid=0 tty=ssh ruser= rhost=103.99.0.122 
Dec 18 21:05:20 LabSZ sshd[8857]: Failed password for root from 60.2.12.12 port 58829 ssh2
Dec 18 21:05:20 LabSZ sshd[8857]: Received disconnect from 60.2.12.12: 11: Bye Bye [preauth]
Dec 18 21:05:20 LabSZ sshd[8859]: pam_unix(sshd:auth): authentication failure; logname= uid=0 euid=0 tty=ssh ruser= rhost=60.2.12.12  user=root
Dec 18 21:05:22 LabSZ sshd[8855]: Failed password for invalid user pi from 103.99.0.122 port 49414 ssh2
Dec 18 21:05:22 LabSZ sshd[8855]: error: Received disconnect from 103.99.0.122: 14: No more user authentication methods available. [preauth]
Dec 18 21:05:23 LabSZ sshd[8859]: Failed password for root from 60.2.12.12 port 61114 ssh2
Dec 18 21:05:23 LabSZ sshd[8859]: Received disconnect from 60.2.12.12: 11: Bye Bye [preauth]
Dec 18 21:05:23 LabSZ sshd[8863]: pam_unix(sshd:auth): authentication failure; logname= uid=0 euid=0 tty=ssh ruser= rhost=60.2.12.12  user=root
Dec 18 21:05:24 LabSZ sshd[8861]: Invalid user PlcmSpIp from 103.99.0.122
Dec 18 21:05:24 LabSZ sshd[8861]: input_userauth_request: invalid user PlcmSpIp [preauth]
Dec 18 21:05:24 LabSZ sshd[8861]: pam_unix(sshd:auth): check pass; user unknown
Dec 18 21:05:24 LabSZ sshd[8861]: pam_unix(sshd:auth): authentication failure; logname= uid=0 euid=0 tty=ssh ruser= rhost=103.99.0.122 
Dec 18 21:05:25 LabSZ sshd[8863]: Failed password for root from 60.2.12.12 port 63687 ssh2
Dec 18 21:05:25 LabSZ sshd[8863]: Received disconnect from 60.2.12.12: 11: Bye Bye [preauth]
Dec 18 21:05:25 LabSZ sshd[8865]: pam_unix(sshd:auth): authentication failure; logname= uid=0 euid=0 tty=ssh ruser= rhost=60.2.12.12  user=root
Dec 18 21:05:27 LabSZ sshd[8861]: Failed password for invalid user PlcmSpIp from 103.99.0.122 port 52755 ssh2
Dec 18 21:05:27 LabSZ sshd[8861]: error: Received disconnect from 103.99.0.122: 14: No more user authentication methods available. [preauth]
Dec 18 21:05:28 LabSZ sshd[8865]: Failed password for root from 60.2.12.12 port 65442 ssh2
Dec 18 21:05:28 LabSZ sshd[8865]: Received disconnect from 60.2.12.12: 11: Bye Bye [preauth]
Dec 18 21:05:28 LabSZ sshd[8869]: pam_unix(sshd:auth): authentication failure; logname= uid=0 euid=0 tty=ssh ruser= rhost=60.2.12.12  user=root
Dec 18 21:05:30 LabSZ sshd[8869]: Failed password for root from 60.2.12.12 port 11574 ssh2
Dec 18 21:05:30 LabSZ sshd[8869]: Received disconnect from 60.2.12.12: 11: Bye Bye [preauth]
Dec 18 21:05:31 LabSZ sshd[8871]: pam_unix(sshd:auth): authentication failure; logname= uid=0 euid=0 tty=ssh ruser= rhost=60.2.12.12  user=root
Dec 18 21:05:31 LabSZ sshd[8867]: Invalid user Management from 103.99.0.122
Dec 18 21:05:31 LabSZ sshd[8867]: input_userauth_request: invalid user Management [preauth]
Dec 18 21:05:31 LabSZ sshd[8867]: pam_unix(sshd:auth): check pass; user unknown
Dec 18 21:05:31 LabSZ sshd[8867]: pam_unix(sshd:auth): authentication failure; logname= uid=0 euid=0 tty=ssh ruser= rhost=103.99.0.122 
Dec 18 21:05:33 LabSZ sshd[8871]: Failed password for root from 60.2.12.12 port 13514 ssh2
Dec 18 21:05:33 LabSZ sshd[8867]: Failed password for invalid user Management from 103.99.0.122 port 55762 ssh2
Dec 18 21:05:33 LabSZ sshd[8871]: Received disconnect from 60.2.12.12: 11: Bye Bye [preauth]
Dec 18 21:05:33 LabSZ sshd[8873]: pam_unix(sshd:auth): authentication failure; logname= uid=0 euid=0 tty=ssh ruser= rhost=60.2.12.12  user=root
Dec 18 21:05:33 LabSZ sshd[8867]: error: Received disconnect from 103.99.0.122: 14: No more user authentication methods available. [preauth]
Dec 18 21:05:35 LabSZ sshd[8875]: pam_unix(sshd:auth): authentication failure; logname= uid=0 euid=0 tty=ssh ruser= rhost=103.99.0.122  user=root
Dec 18 21:05:35 LabSZ sshd[8873]: Failed password for root from 60.2.12.12 port 15618 ssh2
Dec 18 21:05:35 LabSZ sshd[8873]: Received disconnect from 60.2.12.12: 11: Bye Bye [preauth]
Dec 18 21:05:35 LabSZ sshd[8877]: pam_unix(sshd:auth): authentication failure; logname= uid=0 euid=0 tty=ssh ruser= rhost=60.2.12.12  user=root
Dec 18 21:05:37 LabSZ sshd[8875]: Failed password for root from 103.99.0.122 port 58883 ssh2
Dec 18 21:05:37 LabSZ sshd[8875]: error: Received disconnect from 103.99.0.122: 14: No more user authentication methods available. [preauth]
