Jan  4 04:37:43 LabSZ sshd[17489]: Received disconnect from 218.87.109.156: 11:  [preauth]
Jan  4 04:37:43 LabSZ sshd[17489]: PAM 3 more authentication failures; logname= uid=0 euid=0 tty=ssh ruser= rhost=218.87.109.156  user=root
Jan  4 04:37:43 LabSZ sshd[17489]: PAM service(sshd) ignoring max retries; 4 > 3
Jan  4 04:37:44 LabSZ sshd[17499]: Failed password for invalid user admin from 193.201.224.232 port 28752 ssh2
Jan  4 04:37:44 LabSZ sshd[17499]: pam_unix(sshd:auth): check pass; user unknown
Jan  4 04:37:44 LabSZ sshd[17504]: pam_unix(sshd:auth): authentication failure; logname= uid=0 euid=0 tty=ssh ruser= rhost=59.63.188.30  user=root
Jan  4 04:37:45 LabSZ sshd[17503]: pam_unix(sshd:auth): authentication failure; logname= uid=0 euid=0 tty=ssh ruser= rhost=182.100.67.52  user=root
Jan  4 04:37:45 LabSZ sshd[17501]: Failed password for root from 218.87.109.156 port 32074 ssh2
Jan  4 04:37:46 LabSZ sshd[17499]: Failed password for invalid user admin from 193.201.224.232 port 28752 ssh2
Jan  4 04:37:46 LabSZ sshd[17503]: Failed password for root from 182.100.67.52 port 20674 ssh2
Jan  4 04:37:46 LabSZ sshd[17499]: pam_unix(sshd:auth): check pass; user unknown
Jan  4 04:37:46 LabSZ sshd[17504]: Failed password for root from 59.63.188.30 port 20457 ssh2
Jan  4 04:37:48 LabSZ sshd[17499]: Failed password for invalid user admin from 193.201.224.232 port 28752 ssh2
Jan  4 04:37:48 LabSZ sshd[17499]: pam_unix(sshd:auth): check pass; user unknown
Jan  4 04:37:50 LabSZ sshd[17497]: message repeated 5 times: [ Failed password for root from 59.63.188.30 port 8271 ssh2]
Jan  4 04:37:50 LabSZ sshd[17497]: Disconnecting: Too many authentication failures for root [preauth]
Jan  4 04:37:50 LabSZ sshd[17497]: PAM 5 more authentication failures; logname= uid=0 euid=0 tty=ssh ruser= rhost=59.63.188.30  user=root
Jan  4 04:37:50 LabSZ sshd[17497]: PAM service(sshd) ignoring max retries; 6 > 3
Jan  4 04:37:51 LabSZ sshd[17499]: Failed password for invalid user admin from 193.201.224.232 port 28752 ssh2
Jan  4 04:37:51 LabSZ sshd[17499]: pam_unix(sshd:auth): check pass; user unknown
Jan  4 04:37:51 LabSZ sshd[17507]: pam_unix(sshd:auth): authentication failure; logname= uid=0 euid=0 tty=ssh ruser= rhost=59.63.188.30  user=root
Jan  4 04:37:53 LabSZ sshd[17499]: Failed password for invalid user admin from 193.201.224.232 port 28752 ssh2
Jan  4 04:37:53 LabSZ sshd[17507]: Failed password for root from 59.63.188.30 port 29801 ssh2
Jan  4 04:37:53 LabSZ sshd[17499]: pam_unix(sshd:auth): check pass; user unknown
Jan  4 04:37:55 LabSZ sshd[17499]: Failed password for invalid user admin from 193.201.224.232 port 28752 ssh2
Jan  4 04:37:55 LabSZ sshd[17499]: Disconnecting: Too many authentication failures for admin [preauth]
Jan  4 04:37:55 LabSZ sshd[17499]: PAM 5 more authentication failures; logname= uid=0 euid=0 tty=ssh ruser= rhost=193.201.224.232 
Jan  4 04:37:55 LabSZ sshd[17499]: PAM service(sshd) ignoring max retries; 6 > 3
Jan  4 04:37:57 LabSZ sshd[17509]: Invalid user admin from 193.201.224.232
Jan  4 04:37:57 LabSZ sshd[17509]: input_userauth_request: invalid user admin [preauth]
Jan  4 04:37:57 LabSZ sshd[17509]: pam_unix(sshd:auth): check pass; user unknown
Jan  4 04:37:57 LabSZ sshd[17509]: pam_unix(sshd:auth): authentication failure; logname= uid=0 euid=0 tty=ssh ruser= rhost=193.201.224.232 
Jan  4 04:37:57 LabSZ sshd[17501]: message repeated 5 times: [ Failed password for root from 218.87.109.156 port 32074 ssh2]
Jan  4 04:37:57 LabSZ sshd[17501]: Disconnecting: Too many authentication failures for root [preauth]
Jan  4 04:37:57 LabSZ sshd[17501]: PAM 5 more authentication failures; logname= uid=0 euid=0 tty=ssh ruser= rhost=218.87.109.156  user=root
Jan  4 04:37:57 LabSZ sshd[17501]: PAM service(sshd) ignoring max retries; 6 > 3
Jan  4 04:37:58 LabSZ sshd[17509]: Failed password for invalid user admin from 193.201.224.232 port 57237 ssh2
Jan  4 04:37:58 LabSZ sshd[17504]: message repeated 5 times: [ Failed password for root from 59.63.188.30 port 20457 ssh2]
Jan  4 04:37:58 LabSZ sshd[17504]: Disconnecting: Too many authentication failures for root [preauth]
Jan  4 04:37:58 LabSZ sshd[17504]: PAM 5 more authentication failures; logname= uid=0 euid=0 tty=ssh ruser= rhost=59.63.188.30  user=root
Jan  4 04:37:58 LabSZ sshd[17504]: PAM service(sshd) ignoring max retries; 6 > 3
Jan  4 04:37:58 LabSZ sshd[17509]: pam_unix(sshd:auth): check pass; user unknown
Jan  4 04:38:00 LabSZ sshd[17511]: pam_unix(sshd:auth): authentication failure; logname= uid=0 euid=0 tty=ssh ruser= rhost=59.63.188.30  user=root
Jan  4 04:38:00 LabSZ sshd[17509]: Failed password for invalid user admin from 193.201.224.232 port 57237 ssh2
Jan  4 04:38:00 LabSZ sshd[17509]: pam_unix(sshd:auth): check pass; user unknown
Jan  4 04:38:01 LabSZ sshd[17513]: pam_unix(sshd:auth): authentication failure; logname= uid=0 euid=0 tty=ssh ruser= rhost=218.87.109.156  user=root
Jan  4 04:38:01 LabSZ sshd[17503]: message repeated 5 times: [ Failed password for root from 182.100.67.52 port 20674 ssh2]
Jan  4 04:38:01 LabSZ sshd[17503]: Disconnecting: Too many authentication failures for root [preauth]
Jan  4 04:38:01 LabSZ sshd[17503]: PAM 5 more authentication failures; logname= uid=0 euid=0 tty=ssh ruser= rhost=182.100.67.52  user=root
Jan  4 04:38:01 LabSZ sshd[17503]: PAM service(sshd) ignoring max retries; 6 > 3
Jan  4 04:38:02 LabSZ sshd[17511]: Failed password for root from 59.63.188.30 port 41679 ssh2
Jan  4 04:38:02 LabSZ sshd[17513]: Failed password for root from 218.87.109.156 port 2888 ssh2
Jan  4 04:38:02 LabSZ sshd[17509]: Failed password for invalid user admin from 193.201.224.232 port 57237 ssh2
Jan  4 04:38:03 LabSZ sshd[17509]: pam_unix(sshd:auth): check pass; user unknown
Jan  4 04:38:03 LabSZ sshd[17515]: pam_unix(sshd:auth): authentication failure; logname= uid=0 euid=0 tty=ssh ruser= rhost=182.100.67.52  user=root
Jan  4 04:38:04 LabSZ sshd[17509]: Failed password for invalid user admin from 193.201.224.232 port 57237 ssh2
Jan  4 04:38:04 LabSZ sshd[17507]: message repeated 5 times: [ Failed password for root from 59.63.188.30 port 29801 ssh2]
Jan  4 04:38:04 LabSZ sshd[17507]: Disconnecting: Too many authentication failures for root [preauth]
Jan  4 04:38:04 LabSZ sshd[17507]: PAM 5 more authentication failures; logname= uid=0 euid=0 tty=ssh ruser= rhost=59.63.188.30  user=root
Jan  4 04:38:04 LabSZ sshd[17507]: PAM service(sshd) ignoring max retries; 6 > 3
Jan  4 04:38:05 LabSZ sshd[17509]: pam_unix(sshd:auth): check pass; user unknown
Jan  4 04:38:05 LabSZ sshd[17515]: Failed password for root from 182.100.67.52 port 64498 ssh2
Jan  4 04:38:06 LabSZ sshd[17517]: pam_unix(sshd:auth): authentication failure; logname= uid=0 euid=0 tty=ssh ruser= rhost=59.63.188.30  user=root
Jan  4 04:38:07 LabSZ sshd[17509]: Failed password for invalid user admin from 193.201.224.232 port 57237 ssh2
Jan  4 04:38:07 LabSZ sshd[17509]: pam_unix(sshd:auth): check pass; user unknown
Jan  4 04:38:07 LabSZ sshd[17517]: Failed password for root from 59.63.188.30 port 49801 ssh2
Jan  4 04:38:09 LabSZ sshd[17509]: Failed password for invalid user admin from 193.201.224.232 port 57237 ssh2
Jan  4 04:38:09 LabSZ sshd[17509]: Disconnecting: Too many authentication failures for admin [preauth]
Jan  4 04:38:09 LabSZ sshd[17509]: PAM 5 more authentication failures; logname= uid=0 euid=0 tty=ssh ruser= rhost=193.201.224.232 
Jan  4 04:38:09 LabSZ sshd[17509]: PAM service(sshd) ignoring max retries; 6 > 3
Jan  4 04:38:11 LabSZ sshd[17519]: Invalid user admin from 193.201.224.232
Jan  4 04:38:11 LabSZ sshd[17519]: input_userauth_request: invalid user admin [preauth]
Jan  4 04:38:11 LabSZ sshd[17519]: pam_unix(sshd:auth): check pass; user unknown
Jan  4 04:38:11 LabSZ sshd[17519]: pam_unix(sshd:auth): authentication failure; logname= uid=0 euid=0 tty=ssh ruser= rhost=193.201.224.232 
Jan  4 04:38:13 LabSZ sshd[17519]: Failed password for invalid user admin from 193.201.224.232 port 19212 ssh2
Jan  4 04:38:13 LabSZ sshd[17519]: pam_unix(sshd:auth): check pass; user unknown
Jan  4 04:38:14 LabSZ sshd[17511]: message repeated 5 times: [ Failed password for root from 59.63.188.30 port 41679 ssh2]
Jan  4 04:38:14 LabSZ sshd[17511]: Disconnecting: Too many authentication failures for root [preauth]
Jan  4 04:38:14 LabSZ sshd[17511]: PAM 5 more authentication failures; logname= uid=0 euid=0 tty=ssh ruser= rhost=59.63.188.30  user=root
Jan  4 04:38:14 LabSZ sshd[17511]: PAM service(sshd) ignoring max retries; 6 > 3
Jan  4 04:38:15 LabSZ sshd[17519]: Failed password for invalid user admin from 193.201.224.232 port 19212 ssh2
Jan  4 04:38:15 LabSZ sshd[17519]: pam_unix(sshd:auth): check pass; user unknown
Jan  4 04:38:15 LabSZ sshd[17521]: pam_unix(sshd:auth): authentication failure; logname= uid=0 euid=0 tty=ssh ruser= rhost=59.63.188.30  user=root
Jan  4 04:38:16 LabSZ sshd[17515]: message repeated 5 times: [ Failed password for root from 182.100.67.52 port 64498 ssh2]
Jan  4 04:38:16 LabSZ sshd[17515]: Disconnecting: Too many authentication failures for root [preauth]
Jan  4 04:38:16 LabSZ sshd[17515]: PAM 5 more authentication failures; logname= uid=0 euid=0 tty=ssh ruser= rhost=182.100.67.52  user=root
Jan  4 04:38:16 LabSZ sshd[17515]: PAM service(sshd) ignoring max retries; 6 > 3
Jan  4 04:38:17 LabSZ sshd[17519]: Failed password for invalid user admin from 193.201.224.232 port 19212 ssh2
Jan  4 04:38:17 LabSZ sshd[17521]: Failed password for root from 59.63.188.30 port 62517 ssh2
Jan  4 04:38:17 LabSZ sshd[17513]: message repeated 5 times: [ Failed password for root from 218.87.109.156 port 2888 ssh2]
Jan  4 04:38:17 LabSZ sshd[17513]: Disconnecting: Too many authentication failures for root [preauth]
Jan  4 04:38:17 LabSZ sshd[17513]: PAM 5 more authentication failures; logname= uid=0 euid=0 tty=ssh ruser= rhost=218.87.109.156  user=root
Jan  4 04:38:17 LabSZ sshd[17513]: PAM service(sshd) ignoring max retries; 6 > 3
Jan  4 04:38:17 LabSZ sshd[17519]: pam_unix(sshd:auth): check pass; user unknown
Jan  4 04:38:19 LabSZ sshd[17517]: message repeated 5 times: [ Failed password for root from 59.63.188.30 port 49801 ssh2]
Jan  4 04:38:19 LabSZ sshd[17517]: Disconnecting: Too many authentication failures for root [preauth]
Jan  4 04:38:19 LabSZ sshd[17517]: PAM 5 more authentication failures; logname= uid=0 euid=0 tty=ssh ruser= rhost=59.63.188.30  user=root
Jan  4 04:38:19 LabSZ sshd[17517]: PAM service(sshd) ignoring max retries; 6 > 3
Jan  4 04:38:19 LabSZ sshd[17519]: Failed password for invalid user admin from 193.201.224.232 port 19212 ssh2
Jan  4 04:38:19 LabSZ sshd[17519]: pam_unix(sshd:auth): check pass; user unknown
