Jan  3 00:59:56 LabSZ sshd[21922]: Connection closed by 5.188.10.180 [preauth]
Jan  3 00:59:56 LabSZ sshd[21934]: Failed password for root from 183.192.189.131 port 5720 ssh2
Jan  3 00:59:56 LabSZ sshd[21934]: Connection closed by 183.192.189.131 [preauth]
Jan  3 00:59:58 LabSZ sshd[21937]: Failed password for root from 183.63.110.206 port 34006 ssh2
Jan  3 00:59:58 LabSZ sshd[21936]: Failed password for root from 183.63.110.206 port 34005 ssh2
Jan  3 00:59:58 LabSZ sshd[21936]: Connection closed by 183.63.110.206 [preauth]
Jan  3 00:59:58 LabSZ sshd[21937]: Connection closed by 183.63.110.206 [preauth]
Jan  3 01:00:00 LabSZ sshd[21943]: pam_unix(sshd:auth): authentication failure; logname= uid=0 euid=0 tty=ssh ruser= rhost=183.63.110.206  user=root
Jan  3 01:00:00 LabSZ sshd[21944]: pam_unix(sshd:auth): authentication failure; logname= uid=0 euid=0 tty=ssh ruser= rhost=183.63.110.206  user=root
Jan  3 01:00:02 LabSZ sshd[21943]: Failed password for root from 183.63.110.206 port 34121 ssh2
Jan  3 01:00:02 LabSZ sshd[21944]: Failed password for root from 183.63.110.206 port 34130 ssh2
Jan  3 01:00:02 LabSZ sshd[21944]: Connection closed by 183.63.110.206 [preauth]
Jan  3 01:00:02 LabSZ sshd[21943]: Connection closed by 183.63.110.206 [preauth]
Jan  3 01:00:04 LabSZ sshd[21948]: pam_unix(sshd:auth): authentication failure; logname= uid=0 euid=0 tty=ssh ruser= rhost=183.63.110.206  user=root
Jan  3 01:00:04 LabSZ sshd[21949]: pam_unix(sshd:auth): authentication failure; logname= uid=0 euid=0 tty=ssh ruser= rhost=183.63.110.206  user=root
Jan  3 01:00:06 LabSZ sshd[21948]: Failed password for root from 183.63.110.206 port 34229 ssh2
Jan  3 01:00:06 LabSZ sshd[21949]: Failed password for root from 183.63.110.206 port 34230 ssh2
Jan  3 01:00:06 LabSZ sshd[21948]: Connection closed by 183.63.110.206 [preauth]
Jan  3 01:00:07 LabSZ sshd[21949]: Connection closed by 183.63.110.206 [preauth]
Jan  3 01:00:07 LabSZ sshd[21941]: reverse mapping checking getaddrinfo for . [183.192.189.131] failed - POSSIBLE BREAK-IN ATTEMPT!
Jan  3 01:00:07 LabSZ sshd[21941]: pam_unix(sshd:auth): authentication failure; logname= uid=0 euid=0 tty=ssh ruser= rhost=183.192.189.131  user=root
Jan  3 01:00:07 LabSZ sshd[21940]: Invalid user default from 5.188.10.180
Jan  3 01:00:07 LabSZ sshd[21940]: input_userauth_request: invalid user default [preauth]
Jan  3 01:00:07 LabSZ sshd[21940]: pam_unix(sshd:auth): check pass; user unknown
Jan  3 01:00:07 LabSZ sshd[21940]: pam_unix(sshd:auth): authentication failure; logname= uid=0 euid=0 tty=ssh ruser= rhost=5.188.10.180 
Jan  3 01:00:08 LabSZ sshd[21952]: pam_unix(sshd:auth): authentication failure; logname= uid=0 euid=0 tty=ssh ruser= rhost=183.63.110.206  user=root
Jan  3 01:00:08 LabSZ sshd[21954]: pam_unix(sshd:auth): authentication failure; logname= uid=0 euid=0 tty=ssh ruser= rhost=183.63.110.206  user=root
Jan  3 01:00:09 LabSZ sshd[21941]: Failed password for root from 183.192.189.131 port 5721 ssh2
Jan  3 01:00:09 LabSZ sshd[21941]: Connection closed by 183.192.189.131 [preauth]
Jan  3 01:00:09 LabSZ sshd[21952]: Failed password for root from 183.63.110.206 port 34336 ssh2
Jan  3 01:00:10 LabSZ sshd[21954]: Failed password for root from 183.63.110.206 port 34358 ssh2
Jan  3 01:00:10 LabSZ sshd[21940]: Failed password for invalid user default from 5.188.10.180 port 33909 ssh2
Jan  3 01:00:10 LabSZ sshd[21952]: Connection closed by 183.63.110.206 [preauth]
Jan  3 01:00:10 LabSZ sshd[21954]: Connection closed by 183.63.110.206 [preauth]
Jan  3 01:00:11 LabSZ sshd[21958]: pam_unix(sshd:auth): authentication failure; logname= uid=0 euid=0 tty=ssh ruser= rhost=183.63.110.206  user=root
Jan  3 01:00:12 LabSZ sshd[21959]: pam_unix(sshd:auth): authentication failure; logname= uid=0 euid=0 tty=ssh ruser= rhost=183.63.110.206  user=root
Jan  3 01:00:12 LabSZ sshd[21940]: pam_unix(sshd:auth): check pass; user unknown
Jan  3 01:00:13 LabSZ sshd[21958]: Failed password for root from 183.63.110.206 port 34456 ssh2
Jan  3 01:00:13 LabSZ sshd[21958]: Connection closed by 183.63.110.206 [preauth]
Jan  3 01:00:14 LabSZ sshd[21959]: Failed password for root from 183.63.110.206 port 34465 ssh2
Jan  3 01:00:14 LabSZ sshd[21959]: Connection closed by 183.63.110.206 [preauth]
Jan  3 01:00:15 LabSZ sshd[21940]: Failed password for invalid user default from 5.188.10.180 port 33909 ssh2
Jan  3 01:00:15 LabSZ sshd[21962]: pam_unix(sshd:auth): authentication failure; logname= uid=0 euid=0 tty=ssh ruser= rhost=183.63.110.206  user=root
Jan  3 01:00:16 LabSZ sshd[21940]: Connection closed by 5.188.10.180 [preauth]
Jan  3 01:00:16 LabSZ sshd[21940]: PAM 1 more authentication failure; logname= uid=0 euid=0 tty=ssh ruser= rhost=5.188.10.180 
Jan  3 01:00:16 LabSZ sshd[21964]: pam_unix(sshd:auth): authentication failure; logname= uid=0 euid=0 tty=ssh ruser= rhost=183.63.110.206  user=root
Jan  3 01:00:17 LabSZ sshd[21962]: Failed password for root from 183.63.110.206 port 34545 ssh2
Jan  3 01:00:18 LabSZ sshd[21962]: Connection closed by 183.63.110.206 [preauth]
Jan  3 01:00:18 LabSZ sshd[21964]: Failed password for root from 183.63.110.206 port 34571 ssh2
Jan  3 01:00:18 LabSZ sshd[21964]: Connection closed by 183.63.110.206 [preauth]
Jan  3 01:00:19 LabSZ sshd[21967]: pam_unix(sshd:auth): authentication failure; logname= uid=0 euid=0 tty=ssh ruser= rhost=183.63.110.206  user=root
Jan  3 01:00:19 LabSZ sshd[21956]: reverse mapping checking getaddrinfo for . [183.192.189.131] failed - POSSIBLE BREAK-IN ATTEMPT!
Jan  3 01:00:19 LabSZ sshd[21956]: pam_unix(sshd:auth): authentication failure; logname= uid=0 euid=0 tty=ssh ruser= rhost=183.192.189.131  user=root
Jan  3 01:00:20 LabSZ sshd[21969]: pam_unix(sshd:auth): authentication failure; logname= uid=0 euid=0 tty=ssh ruser= rhost=183.63.110.206  user=root
Jan  3 01:00:21 LabSZ sshd[21967]: Failed password for root from 183.63.110.206 port 34674 ssh2
Jan  3 01:00:21 LabSZ sshd[21967]: Connection closed by 183.63.110.206 [preauth]
Jan  3 01:00:21 LabSZ sshd[21969]: Failed password for root from 183.63.110.206 port 34689 ssh2
Jan  3 01:00:22 LabSZ sshd[21969]: Connection closed by 183.63.110.206 [preauth]
Jan  3 01:00:22 LabSZ sshd[21956]: Failed password for root from 183.192.189.131 port 5722 ssh2
Jan  3 01:00:22 LabSZ sshd[21956]: Connection closed by 183.192.189.131 [preauth]
Jan  3 01:00:22 LabSZ sshd[21971]: pam_unix(sshd:auth): authentication failure; logname= uid=0 euid=0 tty=ssh ruser= rhost=183.63.110.206  user=root
Jan  3 01:00:23 LabSZ sshd[21973]: pam_unix(sshd:auth): authentication failure; logname= uid=0 euid=0 tty=ssh ruser= rhost=183.63.110.206  user=root
Jan  3 01:00:24 LabSZ sshd[21966]: Did not receive identification string from 5.188.10.180
Jan  3 01:00:24 LabSZ sshd[21971]: Failed password for root from 183.63.110.206 port 34758 ssh2
Jan  3 01:00:25 LabSZ sshd[21971]: Connection closed by 183.63.110.206 [preauth]
Jan  3 01:00:25 LabSZ sshd[21973]: Failed password for root from 183.63.110.206 port 34773 ssh2
Jan  3 01:00:26 LabSZ sshd[21973]: Connection closed by 183.63.110.206 [preauth]
Jan  3 01:00:26 LabSZ sshd[21977]: pam_unix(sshd:auth): authentication failure; logname= uid=0 euid=0 tty=ssh ruser= rhost=183.63.110.206  user=root
Jan  3 01:00:27 LabSZ sshd[21979]: pam_unix(sshd:auth): authentication failure; logname= uid=0 euid=0 tty=ssh ruser= rhost=183.63.110.206  user=root
Jan  3 01:00:28 LabSZ sshd[21977]: Failed password for root from 183.63.110.206 port 34866 ssh2
Jan  3 01:00:28 LabSZ sshd[21977]: Connection closed by 183.63.110.206 [preauth]
Jan  3 01:00:29 LabSZ sshd[21979]: Failed password for root from 183.63.110.206 port 34886 ssh2
Jan  3 01:00:29 LabSZ sshd[21979]: Connection closed by 183.63.110.206 [preauth]
Jan  3 01:00:29 LabSZ sshd[21981]: pam_unix(sshd:auth): authentication failure; logname= uid=0 euid=0 tty=ssh ruser= rhost=183.63.110.206  user=root
Jan  3 01:00:30 LabSZ sshd[21983]: pam_unix(sshd:auth): authentication failure; logname= uid=0 euid=0 tty=ssh ruser= rhost=183.63.110.206  user=root
Jan  3 01:00:32 LabSZ sshd[21981]: Failed password for root from 183.63.110.206 port 34968 ssh2
Jan  3 01:00:32 LabSZ sshd[21981]: Connection closed by 183.63.110.206 [preauth]
Jan  3 01:00:32 LabSZ sshd[21975]: reverse mapping checking getaddrinfo for . [183.192.189.131] failed - POSSIBLE BREAK-IN ATTEMPT!
Jan  3 01:00:32 LabSZ sshd[21975]: pam_unix(sshd:auth): authentication failure; logname= uid=0 euid=0 tty=ssh ruser= rhost=183.192.189.131  user=root
Jan  3 01:00:32 LabSZ sshd[21983]: Failed password for root from 183.63.110.206 port 34990 ssh2
Jan  3 01:00:32 LabSZ sshd[21983]: Connection closed by 183.63.110.206 [preauth]
Jan  3 01:00:34 LabSZ sshd[21975]: Failed password for root from 183.192.189.131 port 5723 ssh2
Jan  3 01:00:34 LabSZ sshd[21975]: Connection closed by 183.192.189.131 [preauth]
Jan  3 01:00:34 LabSZ sshd[21987]: pam_unix(sshd:auth): authentication failure; logname= uid=0 euid=0 tty=ssh ruser= rhost=183.63.110.206  user=root
Jan  3 01:00:34 LabSZ sshd[21985]: pam_unix(sshd:auth): authentication failure; logname= uid=0 euid=0 tty=ssh ruser= rhost=183.63.110.206  user=root
Jan  3 01:00:34 LabSZ sshd[21989]: reverse mapping checking getaddrinfo for . [183.192.189.131] failed - POSSIBLE BREAK-IN ATTEMPT!
Jan  3 01:00:34 LabSZ sshd[21989]: pam_unix(sshd:auth): authentication failure; logname= uid=0 euid=0 tty=ssh ruser= rhost=183.192.189.131  user=root
Jan  3 01:00:35 LabSZ sshd[21987]: Failed password for root from 183.63.110.206 port 35087 ssh2
Jan  3 01:00:35 LabSZ sshd[21985]: Failed password for root from 183.63.110.206 port 35074 ssh2
Jan  3 01:00:36 LabSZ sshd[21989]: Failed password for root from 183.192.189.131 port 5724 ssh2
Jan  3 01:00:36 LabSZ sshd[21987]: Connection closed by 183.63.110.206 [preauth]
Jan  3 01:00:36 LabSZ sshd[21989]: Connection closed by 183.192.189.131 [preauth]
Jan  3 01:00:36 LabSZ sshd[21985]: Connection closed by 183.63.110.206 [preauth]
Jan  3 01:00:37 LabSZ sshd[21991]: pam_unix(sshd:auth): authentication failure; logname= uid=0 euid=0 tty=ssh ruser= rhost=183.63.110.206  user=root
Jan  3 01:00:37 LabSZ sshd[21993]: pam_unix(sshd:auth): authentication failure; logname= uid=0 euid=0 tty=ssh ruser= rhost=183.63.110.206  user=root
Jan  3 01:00:39 LabSZ sshd[21991]: Failed password for root from 183.63.110.206 port 35160 ssh2
Jan  3 01:00:39 LabSZ sshd[21993]: Failed password for root from 183.63.110.206 port 35171 ssh2
Jan  3 01:00:39 LabSZ sshd[21991]: Connection closed by 183.63.110.206 [preauth]
Jan  3 01:00:40 LabSZ sshd[21993]: Connection closed by 183.63.110.206 [preauth]
Jan  3 01:00:40 LabSZ sshd[21997]: pam_unix(sshd:auth): authentication failure; logname= uid=0 euid=0 tty=ssh ruser= rhost=183.63.110.206  user=root
