Jan  1 21:49:42 LabSZ sshd[15189]: Failed password for root from 103.99.0.122 port 60570 ssh2
Jan  1 21:49:42 LabSZ sshd[15189]: error: Received disconnect from 103.99.0.122: 14: No more user authentication methods available. [preauth]
Jan  1 21:49:43 LabSZ sshd[15179]: message repeated 5 times: [ Failed password for root from 58.242.83.25 port 55190 ssh2]
Jan  1 21:49:43 LabSZ sshd[15179]: Disconnecting: Too many authentication failures for root [preauth]
Jan  1 21:49:43 LabSZ sshd[15179]: PAM 5 more authentication failures; logname= uid=0 euid=0 tty=ssh ruser= rhost=58.242.83.25  user=root
Jan  1 21:49:43 LabSZ sshd[15179]: PAM service(sshd) ignoring max retries; 6 > 3
Jan  1 21:49:43 LabSZ sshd[15191]: Invalid user 1234 from 103.99.0.122
Jan  1 21:49:43 LabSZ sshd[15191]: input_userauth_request: invalid user 1234 [preauth]
Jan  1 21:49:43 LabSZ sshd[15191]: pam_unix(sshd:auth): check pass; user unknown
Jan  1 21:49:43 LabSZ sshd[15191]: pam_unix(sshd:auth): authentication failure; logname= uid=0 euid=0 tty=ssh ruser= rhost=103.99.0.122 
Jan  1 21:49:45 LabSZ sshd[15193]: pam_unix(sshd:auth): authentication failure; logname= uid=0 euid=0 tty=ssh ruser= rhost=58.242.83.25  user=root
Jan  1 21:49:46 LabSZ sshd[15191]: Failed password for invalid user 1234 from 103.99.0.122 port 61469 ssh2
Jan  1 21:49:46 LabSZ sshd[15191]: error: Received disconnect from 103.99.0.122: 14: No more user authentication methods available. [preauth]
Jan  1 21:49:46 LabSZ sshd[15183]: message repeated 5 times: [ Failed password for root from 218.65.30.30 port 3010 ssh2]
Jan  1 21:49:46 LabSZ sshd[15183]: Disconnecting: Too many authentication failures for root [preauth]
Jan  1 21:49:46 LabSZ sshd[15183]: PAM 5 more authentication failures; logname= uid=0 euid=0 tty=ssh ruser= rhost=218.65.30.30  user=root
Jan  1 21:49:46 LabSZ sshd[15183]: PAM service(sshd) ignoring max retries; 6 > 3
Jan  1 21:49:46 LabSZ sshd[15193]: Failed password for root from 58.242.83.25 port 11313 ssh2
Jan  1 21:49:47 LabSZ sshd[15197]: reverse mapping checking getaddrinfo for 30.30.65.218.broad.xy.jx.dynamic.163data.com.cn [218.65.30.30] failed - POSSIBLE BREAK-IN ATTEMPT!
Jan  1 21:49:47 LabSZ sshd[15197]: pam_unix(sshd:auth): authentication failure; logname= uid=0 euid=0 tty=ssh ruser= rhost=218.65.30.30  user=root
Jan  1 21:49:47 LabSZ sshd[15195]: pam_unix(sshd:auth): authentication failure; logname= uid=0 euid=0 tty=ssh ruser= rhost=103.99.0.122  user=root
Jan  1 21:49:48 LabSZ sshd[15187]: message repeated 5 times: [ Failed password for root from 182.100.67.120 port 52918 ssh2]
Jan  1 21:49:48 LabSZ sshd[15187]: Disconnecting: Too many authentication failures for root [preauth]
Jan  1 21:49:48 LabSZ sshd[15187]: PAM 5 more authentication failures; logname= uid=0 euid=0 tty=ssh ruser= rhost=182.100.67.120  user=root
Jan  1 21:49:48 LabSZ sshd[15187]: PAM service(sshd) ignoring max retries; 6 > 3
Jan  1 21:49:49 LabSZ sshd[15197]: Failed password for root from 218.65.30.30 port 38596 ssh2
Jan  1 21:49:49 LabSZ sshd[15195]: Failed password for root from 103.99.0.122 port 62270 ssh2
Jan  1 21:49:49 LabSZ sshd[15195]: error: Received disconnect from 103.99.0.122: 14: No more user authentication methods available. [preauth]
Jan  1 21:49:50 LabSZ sshd[15201]: pam_unix(sshd:auth): authentication failure; logname= uid=0 euid=0 tty=ssh ruser= rhost=182.100.67.120  user=root
Jan  1 21:49:50 LabSZ sshd[15199]: Invalid user anonymous from 103.99.0.122
Jan  1 21:49:50 LabSZ sshd[15199]: input_userauth_request: invalid user anonymous [preauth]
Jan  1 21:49:50 LabSZ sshd[15199]: pam_unix(sshd:auth): check pass; user unknown
Jan  1 21:49:50 LabSZ sshd[15199]: pam_unix(sshd:auth): authentication failure; logname= uid=0 euid=0 tty=ssh ruser= rhost=103.99.0.122 
Jan  1 21:49:52 LabSZ sshd[15201]: Failed password for root from 182.100.67.120 port 24196 ssh2
Jan  1 21:49:53 LabSZ sshd[15199]: Failed password for invalid user anonymous from 103.99.0.122 port 63179 ssh2
Jan  1 21:49:54 LabSZ sshd[15199]: error: Received disconnect from 103.99.0.122: 14: No more user authentication methods available. [preauth]
Jan  1 21:49:56 LabSZ sshd[15203]: Invalid user admin from 103.99.0.122
Jan  1 21:49:56 LabSZ sshd[15203]: input_userauth_request: invalid user admin [preauth]
Jan  1 21:49:56 LabSZ sshd[15203]: pam_unix(sshd:auth): check pass; user unknown
Jan  1 21:49:56 LabSZ sshd[15203]: pam_unix(sshd:auth): authentication failure; logname= uid=0 euid=0 tty=ssh ruser= rhost=103.99.0.122 
Jan  1 21:49:58 LabSZ sshd[15203]: Failed password for invalid user admin from 103.99.0.122 port 64326 ssh2
Jan  1 21:49:59 LabSZ sshd[15203]: error: Received disconnect from 103.99.0.122: 14: No more user authentication methods available. [preauth]
Jan  1 21:49:59 LabSZ sshd[15193]: message repeated 5 times: [ Failed password for root from 58.242.83.25 port 11313 ssh2]
Jan  1 21:49:59 LabSZ sshd[15193]: Disconnecting: Too many authentication failures for root [preauth]
Jan  1 21:49:59 LabSZ sshd[15193]: PAM 5 more authentication failures; logname= uid=0 euid=0 tty=ssh ruser= rhost=58.242.83.25  user=root
Jan  1 21:49:59 LabSZ sshd[15193]: PAM service(sshd) ignoring max retries; 6 > 3
Jan  1 21:50:00 LabSZ sshd[15205]: Invalid user ubnt from 103.99.0.122
Jan  1 21:50:00 LabSZ sshd[15205]: input_userauth_request: invalid user ubnt [preauth]
Jan  1 21:50:00 LabSZ sshd[15205]: pam_unix(sshd:auth): check pass; user unknown
Jan  1 21:50:00 LabSZ sshd[15205]: pam_unix(sshd:auth): authentication failure; logname= uid=0 euid=0 tty=ssh ruser= rhost=103.99.0.122 
Jan  1 21:50:00 LabSZ sshd[15207]: pam_unix(sshd:auth): authentication failure; logname= uid=0 euid=0 tty=ssh ruser= rhost=58.242.83.25  user=root
Jan  1 21:50:02 LabSZ sshd[15205]: Failed password for invalid user ubnt from 103.99.0.122 port 65488 ssh2
Jan  1 21:50:02 LabSZ sshd[15197]: message repeated 5 times: [ Failed password for root from 218.65.30.30 port 38596 ssh2]
Jan  1 21:50:02 LabSZ sshd[15197]: Disconnecting: Too many authentication failures for root [preauth]
Jan  1 21:50:02 LabSZ sshd[15197]: PAM 5 more authentication failures; logname= uid=0 euid=0 tty=ssh ruser= rhost=218.65.30.30  user=root
Jan  1 21:50:02 LabSZ sshd[15197]: PAM service(sshd) ignoring max retries; 6 > 3
Jan  1 21:50:02 LabSZ sshd[15205]: error: Received disconnect from 103.99.0.122: 14: No more user authentication methods available. [preauth]
Jan  1 21:50:02 LabSZ sshd[15207]: Failed password for root from 58.242.83.25 port 31656 ssh2
Jan  1 21:50:03 LabSZ sshd[15211]: reverse mapping checking getaddrinfo for 30.30.65.218.broad.xy.jx.dynamic.163data.com.cn [218.65.30.30] failed - POSSIBLE BREAK-IN ATTEMPT!
Jan  1 21:50:03 LabSZ sshd[15211]: pam_unix(sshd:auth): authentication failure; logname= uid=0 euid=0 tty=ssh ruser= rhost=218.65.30.30  user=root
Jan  1 21:50:03 LabSZ sshd[15209]: pam_unix(sshd:auth): authentication failure; logname= uid=0 euid=0 tty=ssh ruser= rhost=103.99.0.122  user=uucp
Jan  1 21:50:05 LabSZ sshd[15201]: message repeated 5 times: [ Failed password for root from 182.100.67.120 port 24196 ssh2]
Jan  1 21:50:05 LabSZ sshd[15201]: Disconnecting: Too many authentication failures for root [preauth]
Jan  1 21:50:05 LabSZ sshd[15201]: PAM 5 more authentication failures; logname= uid=0 euid=0 tty=ssh ruser= rhost=182.100.67.120  user=root
Jan  1 21:50:05 LabSZ sshd[15201]: PAM service(sshd) ignoring max retries; 6 > 3
Jan  1 21:50:05 LabSZ sshd[15211]: Failed password for root from 218.65.30.30 port 10238 ssh2
Jan  1 21:50:05 LabSZ sshd[15209]: Failed password for uucp from 103.99.0.122 port 49985 ssh2
Jan  1 21:50:06 LabSZ sshd[15209]: error: Received disconnect from 103.99.0.122: 14: No more user authentication methods available. [preauth]
Jan  1 21:50:06 LabSZ sshd[15215]: pam_unix(sshd:auth): authentication failure; logname= uid=0 euid=0 tty=ssh ruser= rhost=182.100.67.120  user=root
Jan  1 21:50:07 LabSZ sshd[15213]: pam_unix(sshd:auth): authentication failure; logname= uid=0 euid=0 tty=ssh ruser= rhost=103.99.0.122  user=sshd
Jan  1 21:50:08 LabSZ sshd[15215]: Failed password for root from 182.100.67.120 port 60894 ssh2
Jan  1 21:50:09 LabSZ sshd[15213]: Failed password for sshd from 103.99.0.122 port 50773 ssh2
Jan  1 21:50:10 LabSZ sshd[15213]: error: Received disconnect from 103.99.0.122: 14: No more user authentication methods available. [preauth]
Jan  1 21:50:11 LabSZ sshd[15217]: Invalid user admin from 103.99.0.122
Jan  1 21:50:11 LabSZ sshd[15217]: input_userauth_request: invalid user admin [preauth]
Jan  1 21:50:11 LabSZ sshd[15217]: pam_unix(sshd:auth): check pass; user unknown
Jan  1 21:50:11 LabSZ sshd[15217]: pam_unix(sshd:auth): authentication failure; logname= uid=0 euid=0 tty=ssh ruser= rhost=103.99.0.122 
Jan  1 21:50:14 LabSZ sshd[15217]: Failed password for invalid user admin from 103.99.0.122 port 51864 ssh2
Jan  1 21:50:14 LabSZ sshd[15217]: error: Received disconnect from 103.99.0.122: 14: No more user authentication methods available. [preauth]
Jan  1 21:50:15 LabSZ sshd[15207]: message repeated 5 times: [ Failed password for root from 58.242.83.25 port 31656 ssh2]
Jan  1 21:50:15 LabSZ sshd[15207]: Disconnecting: Too many authentication failures for root [preauth]
Jan  1 21:50:15 LabSZ sshd[15207]: PAM 5 more authentication failures; logname= uid=0 euid=0 tty=ssh ruser= rhost=58.242.83.25  user=root
Jan  1 21:50:15 LabSZ sshd[15207]: PAM service(sshd) ignoring max retries; 6 > 3
Jan  1 21:50:16 LabSZ sshd[15219]: Invalid user cisco from 103.99.0.122
Jan  1 21:50:16 LabSZ sshd[15219]: input_userauth_request: invalid user cisco [preauth]
Jan  1 21:50:16 LabSZ sshd[15219]: pam_unix(sshd:auth): check pass; user unknown
Jan  1 21:50:16 LabSZ sshd[15219]: pam_unix(sshd:auth): authentication failure; logname= uid=0 euid=0 tty=ssh ruser= rhost=103.99.0.122 
Jan  1 21:50:16 LabSZ sshd[15221]: pam_unix(sshd:auth): authentication failure; logname= uid=0 euid=0 tty=ssh ruser= rhost=58.242.83.25  user=root
Jan  1 21:50:18 LabSZ sshd[15219]: Failed password for invalid user cisco from 103.99.0.122 port 52932 ssh2
Jan  1 21:50:18 LabSZ sshd[15219]: error: Received disconnect from 103.99.0.122: 14: No more user authentication methods available. [preauth]
Jan  1 21:50:18 LabSZ sshd[15221]: Failed password for root from 58.242.83.25 port 51654 ssh2
Jan  1 21:50:18 LabSZ sshd[15211]: message repeated 5 times: [ Failed password for root from 218.65.30.30 port 10238 ssh2]
Jan  1 21:50:18 LabSZ sshd[15211]: Disconnecting: Too many authentication failures for root [preauth]
Jan  1 21:50:18 LabSZ sshd[15211]: PAM 5 more authentication failures; logname= uid=0 euid=0 tty=ssh ruser= rhost=218.65.30.30  user=root
Jan  1 21:50:18 LabSZ sshd[15211]: PAM service(sshd) ignoring max retries; 6 > 3
Jan  1 21:50:19 LabSZ sshd[15223]: Invalid user test from 103.99.0.122
Jan  1 21:50:19 LabSZ sshd[15223]: input_userauth_request: invalid user test [preauth]
Jan  1 21:50:19 LabSZ sshd[15223]: pam_unix(sshd:auth): check pass; user unknown
Jan  1 21:50:19 LabSZ sshd[15223]: pam_unix(sshd:auth): authentication failure; logname= uid=0 euid=0 tty=ssh ruser= rhost=103.99.0.122 
Jan  1 21:50:20 LabSZ sshd[15225]: reverse mapping checking getaddrinfo for 30.30.65.218.broad.xy.jx.dynamic.163data.com.cn [218.65.30.30] failed - POSSIBLE BREAK-IN ATTEMPT!
