Dec 13 03:28:59 LabSZ sshd[453]: pam_unix(sshd:auth): authentication failure; logname= uid=0 euid=0 tty=ssh ruser= rhost=14.116.171.251  user=root
Dec 13 03:29:01 LabSZ sshd[453]: Failed password for root from 14.116.171.251 port 58195 ssh2
Dec 13 03:29:01 LabSZ sshd[453]: Received disconnect from 14.116.171.251: 11: Bye Bye [preauth]
Dec 13 03:29:01 LabSZ sshd[455]: pam_unix(sshd:auth): authentication failure; logname= uid=0 euid=0 tty=ssh ruser= rhost=14.116.171.251  user=root
Dec 13 03:29:03 LabSZ sshd[455]: Failed password for root from 14.116.171.251 port 60396 ssh2
Dec 13 03:29:03 LabSZ sshd[455]: Received disconnect from 14.116.171.251: 11: Bye Bye [preauth]
Dec 13 03:29:03 LabSZ sshd[457]: pam_unix(sshd:auth): authentication failure; logname= uid=0 euid=0 tty=ssh ruser= rhost=14.116.171.251  user=root
Dec 13 03:29:05 LabSZ sshd[459]: Invalid user linda from 115.71.16.143
Dec 13 03:29:05 LabSZ sshd[459]: input_userauth_request: invalid user linda [preauth]
Dec 13 03:29:05 LabSZ sshd[459]: pam_unix(sshd:auth): check pass; user unknown
Dec 13 03:29:05 LabSZ sshd[459]: pam_unix(sshd:auth): authentication failure; logname= uid=0 euid=0 tty=ssh ruser= rhost=115.71.16.143 
Dec 13 03:29:05 LabSZ sshd[457]: Failed password for root from 14.116.171.251 port 34728 ssh2
Dec 13 03:29:05 LabSZ sshd[457]: Received disconnect from 14.116.171.251: 11: Bye Bye [preauth]
Dec 13 03:29:05 LabSZ sshd[461]: pam_unix(sshd:auth): authentication failure; logname= uid=0 euid=0 tty=ssh ruser= rhost=14.116.171.251  user=root
Dec 13 03:29:07 LabSZ sshd[459]: Failed password for invalid user linda from 115.71.16.143 port 35027 ssh2
Dec 13 03:29:07 LabSZ sshd[459]: Received disconnect from 115.71.16.143: 11: Bye Bye [preauth]
Dec 13 03:29:07 LabSZ sshd[461]: Failed password for root from 14.116.171.251 port 36858 ssh2
Dec 13 03:29:07 LabSZ sshd[461]: Received disconnect from 14.116.171.251: 11: Bye Bye [preauth]
Dec 13 03:29:07 LabSZ sshd[463]: pam_unix(sshd:auth): authentication failure; logname= uid=0 euid=0 tty=ssh ruser= rhost=14.116.171.251  user=root
Dec 13 03:29:09 LabSZ sshd[463]: Failed password for root from 14.116.171.251 port 39691 ssh2
Dec 13 03:29:09 LabSZ sshd[463]: Received disconnect from 14.116.171.251: 11: Bye Bye [preauth]
Dec 13 03:29:09 LabSZ sshd[465]: pam_unix(sshd:auth): authentication failure; logname= uid=0 euid=0 tty=ssh ruser= rhost=14.116.171.251  user=root
Dec 13 03:29:11 LabSZ sshd[465]: Failed password for root from 14.116.171.251 port 42100 ssh2
Dec 13 03:29:11 LabSZ sshd[465]: Received disconnect from 14.116.171.251: 11: Bye Bye [preauth]
Dec 13 03:29:11 LabSZ sshd[467]: pam_unix(sshd:auth): authentication failure; logname= uid=0 euid=0 tty=ssh ruser= rhost=14.116.171.251  user=root
Dec 13 03:29:14 LabSZ sshd[467]: Failed password for root from 14.116.171.251 port 44441 ssh2
Dec 13 03:29:14 LabSZ sshd[467]: Received disconnect from 14.116.171.251: 11: Bye Bye [preauth]
Dec 13 03:29:14 LabSZ sshd[469]: pam_unix(sshd:auth): authentication failure; logname= uid=0 euid=0 tty=ssh ruser= rhost=14.116.171.251  user=root
Dec 13 03:29:16 LabSZ sshd[469]: Failed password for root from 14.116.171.251 port 47788 ssh2
Dec 13 03:29:16 LabSZ sshd[469]: Received disconnect from 14.116.171.251: 11: Bye Bye [preauth]
Dec 13 03:29:16 LabSZ sshd[471]: pam_unix(sshd:auth): authentication failure; logname= uid=0 euid=0 tty=ssh ruser= rhost=14.116.171.251  user=root
Dec 13 03:29:19 LabSZ sshd[471]: Failed password for root from 14.116.171.251 port 50686 ssh2
Dec 13 03:29:19 LabSZ sshd[471]: Received disconnect from 14.116.171.251: 11: Bye Bye [preauth]
Dec 13 03:29:19 LabSZ sshd[473]: pam_unix(sshd:auth): authentication failure; logname= uid=0 euid=0 tty=ssh ruser= rhost=14.116.171.251  user=root
Dec 13 03:29:21 LabSZ sshd[473]: Failed password for root from 14.116.171.251 port 53335 ssh2
Dec 13 03:29:21 LabSZ sshd[473]: Received disconnect from 14.116.171.251: 11: Bye Bye [preauth]
Dec 13 03:29:21 LabSZ sshd[475]: pam_unix(sshd:auth): authentication failure; logname= uid=0 euid=0 tty=ssh ruser= rhost=14.116.171.251  user=root
Dec 13 03:29:22 LabSZ sshd[475]: Failed password for root from 14.116.171.251 port 55924 ssh2
Dec 13 03:29:22 LabSZ sshd[475]: Received disconnect from 14.116.171.251: 11: Bye Bye [preauth]
Dec 13 03:29:23 LabSZ sshd[477]: pam_unix(sshd:auth): authentication failure; logname= uid=0 euid=0 tty=ssh ruser= rhost=14.116.171.251  user=root
Dec 13 03:29:25 LabSZ sshd[477]: Failed password for root from 14.116.171.251 port 58155 ssh2
Dec 13 03:29:25 LabSZ sshd[477]: Received disconnect from 14.116.171.251: 11: Bye Bye [preauth]
Dec 13 03:29:25 LabSZ sshd[479]: pam_unix(sshd:auth): authentication failure; logname= uid=0 euid=0 tty=ssh ruser= rhost=14.116.171.251  user=root
Dec 13 03:29:27 LabSZ sshd[479]: Failed password for root from 14.116.171.251 port 33680 ssh2
Dec 13 03:29:27 LabSZ sshd[479]: Received disconnect from 14.116.171.251: 11: Bye Bye [preauth]
Dec 13 03:29:27 LabSZ sshd[481]: pam_unix(sshd:auth): authentication failure; logname= uid=0 euid=0 tty=ssh ruser= rhost=14.116.171.251  user=root
Dec 13 03:29:29 LabSZ sshd[481]: Failed password for root from 14.116.171.251 port 35965 ssh2
Dec 13 03:29:29 LabSZ sshd[481]: Received disconnect from 14.116.171.251: 11: Bye Bye [preauth]
Dec 13 03:29:29 LabSZ sshd[485]: pam_unix(sshd:auth): authentication failure; logname= uid=0 euid=0 tty=ssh ruser= rhost=14.116.171.251  user=root
Dec 13 03:29:30 LabSZ sshd[483]: reverse mapping checking getaddrinfo for awecsakira.planetahost.ru [62.173.139.198] failed - POSSIBLE BREAK-IN ATTEMPT!
Dec 13 03:29:30 LabSZ sshd[483]: Invalid user admin from 62.173.139.198
Dec 13 03:29:30 LabSZ sshd[483]: input_userauth_request: invalid user admin [preauth]
Dec 13 03:29:30 LabSZ sshd[483]: pam_unix(sshd:auth): check pass; user unknown
Dec 13 03:29:30 LabSZ sshd[483]: pam_unix(sshd:auth): authentication failure; logname= uid=0 euid=0 tty=ssh ruser= rhost=62.173.139.198 
Dec 13 03:29:31 LabSZ sshd[485]: Failed password for root from 14.116.171.251 port 38507 ssh2
Dec 13 03:29:31 LabSZ sshd[485]: Received disconnect from 14.116.171.251: 11: Bye Bye [preauth]
Dec 13 03:29:31 LabSZ sshd[487]: pam_unix(sshd:auth): authentication failure; logname= uid=0 euid=0 tty=ssh ruser= rhost=14.116.171.251  user=root
Dec 13 03:29:32 LabSZ sshd[483]: Failed password for invalid user admin from 62.173.139.198 port 47732 ssh2
Dec 13 03:29:32 LabSZ sshd[483]: pam_unix(sshd:auth): check pass; user unknown
Dec 13 03:29:33 LabSZ sshd[487]: Failed password for root from 14.116.171.251 port 41032 ssh2
Dec 13 03:29:33 LabSZ sshd[487]: Received disconnect from 14.116.171.251: 11: Bye Bye [preauth]
Dec 13 03:29:33 LabSZ sshd[489]: pam_unix(sshd:auth): authentication failure; logname= uid=0 euid=0 tty=ssh ruser= rhost=14.116.171.251  user=root
Dec 13 03:29:34 LabSZ sshd[483]: Failed password for invalid user admin from 62.173.139.198 port 47732 ssh2
Dec 13 03:29:34 LabSZ sshd[483]: pam_unix(sshd:auth): check pass; user unknown
Dec 13 03:29:35 LabSZ sshd[489]: Failed password for root from 14.116.171.251 port 43600 ssh2
Dec 13 03:29:35 LabSZ sshd[489]: Received disconnect from 14.116.171.251: 11: Bye Bye [preauth]
Dec 13 03:29:36 LabSZ sshd[491]: pam_unix(sshd:auth): authentication failure; logname= uid=0 euid=0 tty=ssh ruser= rhost=14.116.171.251  user=root
Dec 13 03:29:36 LabSZ sshd[483]: Failed password for invalid user admin from 62.173.139.198 port 47732 ssh2
Dec 13 03:29:36 LabSZ sshd[483]: pam_unix(sshd:auth): check pass; user unknown
Dec 13 03:29:37 LabSZ sshd[491]: Failed password for root from 14.116.171.251 port 46437 ssh2
Dec 13 03:29:37 LabSZ sshd[491]: Received disconnect from 14.116.171.251: 11: Bye Bye [preauth]
Dec 13 03:29:37 LabSZ sshd[493]: pam_unix(sshd:auth): authentication failure; logname= uid=0 euid=0 tty=ssh ruser= rhost=14.116.171.251  user=root
Dec 13 03:29:37 LabSZ sshd[483]: Failed password for invalid user admin from 62.173.139.198 port 47732 ssh2
Dec 13 03:29:38 LabSZ sshd[483]: pam_unix(sshd:auth): check pass; user unknown
Dec 13 03:29:39 LabSZ sshd[493]: Failed password for root from 14.116.171.251 port 48610 ssh2
Dec 13 03:29:39 LabSZ sshd[493]: Received disconnect from 14.116.171.251: 11: Bye Bye [preauth]
Dec 13 03:29:39 LabSZ sshd[495]: pam_unix(sshd:auth): authentication failure; logname= uid=0 euid=0 tty=ssh ruser= rhost=14.116.171.251  user=root
Dec 13 03:29:40 LabSZ sshd[483]: Failed password for invalid user admin from 62.173.139.198 port 47732 ssh2
Dec 13 03:29:40 LabSZ sshd[483]: pam_unix(sshd:auth): check pass; user unknown
Dec 13 03:29:41 LabSZ sshd[495]: Failed password for root from 14.116.171.251 port 50665 ssh2
Dec 13 03:29:41 LabSZ sshd[495]: Received disconnect from 14.116.171.251: 11: Bye Bye [preauth]
Dec 13 03:29:41 LabSZ sshd[497]: pam_unix(sshd:auth): authentication failure; logname= uid=0 euid=0 tty=ssh ruser= rhost=14.116.171.251  user=root
Dec 13 03:29:42 LabSZ sshd[483]: Failed password for invalid user admin from 62.173.139.198 port 47732 ssh2
Dec 13 03:29:42 LabSZ sshd[483]: Disconnecting: Too many authentication failures for admin [preauth]
Dec 13 03:29:42 LabSZ sshd[483]: PAM 5 more authentication failures; logname= uid=0 euid=0 tty=ssh ruser= rhost=62.173.139.198 
Dec 13 03:29:42 LabSZ sshd[483]: PAM service(sshd) ignoring max retries; 6 > 3
Dec 13 03:29:43 LabSZ sshd[497]: Failed password for root from 14.116.171.251 port 53211 ssh2
Dec 13 03:29:43 LabSZ sshd[497]: Received disconnect from 14.116.171.251: 11: Bye Bye [preauth]
Dec 13 03:29:43 LabSZ sshd[499]: pam_unix(sshd:auth): authentication failure; logname= uid=0 euid=0 tty=ssh ruser= rhost=14.116.171.251  user=root
Dec 13 03:29:44 LabSZ sshd[499]: Failed password for root from 14.116.171.251 port 55690 ssh2
Dec 13 03:29:44 LabSZ sshd[499]: Received disconnect from 14.116.171.251: 11: Bye Bye [preauth]
Dec 13 03:29:45 LabSZ sshd[501]: pam_unix(sshd:auth): authentication failure; logname= uid=0 euid=0 tty=ssh ruser= rhost=14.116.171.251  user=root
Dec 13 03:29:47 LabSZ sshd[501]: Failed password for root from 14.116.171.251 port 57650 ssh2
Dec 13 03:29:47 LabSZ sshd[501]: Received disconnect from 14.116.171.251: 11: Bye Bye [preauth]
Dec 13 03:29:47 LabSZ sshd[503]: pam_unix(sshd:auth): authentication failure; logname= uid=0 euid=0 tty=ssh ruser= rhost=14.116.171.251  user=root
Dec 13 03:29:49 LabSZ sshd[503]: Failed password for root from 14.116.171.251 port 60433 ssh2
Dec 13 03:29:49 LabSZ sshd[503]: Received disconnect from 14.116.171.251: 11: Bye Bye [preauth]
Dec 13 03:29:49 LabSZ sshd[505]: pam_unix(sshd:auth): authentication failure; logname= uid=0 euid=0 tty=ssh ruser= rhost=14.116.171.251  user=root
Dec 13 03:29:51 LabSZ sshd[505]: Failed password for root from 14.116.171.251 port 35281 ssh2
Dec 13 03:29:51 LabSZ sshd[505]: Received disconnect from 14.116.171.251: 11: Bye Bye [preauth]
