Dec 30 10:21:28 LabSZ sshd[24369]: pam_unix(sshd:auth): authentication failure; logname= uid=0 euid=0 tty=ssh ruser= rhost=139.219.191.138  user=root
Dec 30 10:21:30 LabSZ sshd[24367]: Connection closed by 5.188.10.182 [preauth]
Dec 30 10:21:30 LabSZ sshd[24369]: Failed password for root from 139.219.191.138 port 42034 ssh2
Dec 30 10:21:31 LabSZ sshd[24369]: Received disconnect from 139.219.191.138: 11: Bye Bye [preauth]
Dec 30 10:21:31 LabSZ sshd[24372]: pam_unix(sshd:auth): authentication failure; logname= uid=0 euid=0 tty=ssh ruser= rhost=139.219.191.138  user=root
Dec 30 10:21:33 LabSZ sshd[24371]: Invalid user support from 5.188.10.182
Dec 30 10:21:33 LabSZ sshd[24371]: input_userauth_request: invalid user support [preauth]
Dec 30 10:21:33 LabSZ sshd[24371]: pam_unix(sshd:auth): check pass; user unknown
Dec 30 10:21:33 LabSZ sshd[24371]: pam_unix(sshd:auth): authentication failure; logname= uid=0 euid=0 tty=ssh ruser= rhost=5.188.10.182 
Dec 30 10:21:33 LabSZ sshd[24372]: Failed password for root from 139.219.191.138 port 44274 ssh2
Dec 30 10:21:33 LabSZ sshd[24372]: Received disconnect from 139.219.191.138: 11: Bye Bye [preauth]
Dec 30 10:21:34 LabSZ sshd[24375]: pam_unix(sshd:auth): authentication failure; logname= uid=0 euid=0 tty=ssh ruser= rhost=139.219.191.138  user=root
Dec 30 10:21:34 LabSZ sshd[24371]: Failed password for invalid user support from 5.188.10.182 port 55517 ssh2
Dec 30 10:21:35 LabSZ sshd[24371]: Connection closed by 5.188.10.182 [preauth]
Dec 30 10:21:36 LabSZ sshd[24375]: Failed password for root from 139.219.191.138 port 46932 ssh2
Dec 30 10:21:36 LabSZ sshd[24375]: Received disconnect from 139.219.191.138: 11: Bye Bye [preauth]
Dec 30 10:21:36 LabSZ sshd[24379]: pam_unix(sshd:auth): authentication failure; logname= uid=0 euid=0 tty=ssh ruser= rhost=139.219.191.138  user=root
Dec 30 10:21:37 LabSZ sshd[24377]: Invalid user telecomadmin from 5.188.10.182
Dec 30 10:21:37 LabSZ sshd[24377]: input_userauth_request: invalid user telecomadmin [preauth]
Dec 30 10:21:37 LabSZ sshd[24377]: pam_unix(sshd:auth): check pass; user unknown
Dec 30 10:21:37 LabSZ sshd[24377]: pam_unix(sshd:auth): authentication failure; logname= uid=0 euid=0 tty=ssh ruser= rhost=5.188.10.182 
Dec 30 10:21:38 LabSZ sshd[24379]: Failed password for root from 139.219.191.138 port 49194 ssh2
Dec 30 10:21:38 LabSZ sshd[24379]: Received disconnect from 139.219.191.138: 11: Bye Bye [preauth]
Dec 30 10:21:39 LabSZ sshd[24377]: Failed password for invalid user telecomadmin from 5.188.10.182 port 57267 ssh2
Dec 30 10:21:39 LabSZ sshd[24381]: pam_unix(sshd:auth): authentication failure; logname= uid=0 euid=0 tty=ssh ruser= rhost=139.219.191.138  user=root
Dec 30 10:21:39 LabSZ sshd[24377]: Connection closed by 5.188.10.182 [preauth]
Dec 30 10:21:41 LabSZ sshd[24381]: Failed password for root from 139.219.191.138 port 51544 ssh2
Dec 30 10:21:41 LabSZ sshd[24381]: Received disconnect from 139.219.191.138: 11: Bye Bye [preauth]
Dec 30 10:21:41 LabSZ sshd[24385]: pam_unix(sshd:auth): authentication failure; logname= uid=0 euid=0 tty=ssh ruser= rhost=139.219.191.138  user=root
Dec 30 10:21:41 LabSZ sshd[24383]: Invalid user test from 5.188.10.182
Dec 30 10:21:41 LabSZ sshd[24383]: input_userauth_request: invalid user test [preauth]
Dec 30 10:21:41 LabSZ sshd[24383]: pam_unix(sshd:auth): check pass; user unknown
Dec 30 10:21:41 LabSZ sshd[24383]: pam_unix(sshd:auth): authentication failure; logname= uid=0 euid=0 tty=ssh ruser= rhost=5.188.10.182 
Dec 30 10:21:44 LabSZ sshd[24385]: Failed password for root from 139.219.191.138 port 53896 ssh2
Dec 30 10:21:44 LabSZ sshd[24383]: Failed password for invalid user test from 5.188.10.182 port 50814 ssh2
Dec 30 10:21:44 LabSZ sshd[24385]: Received disconnect from 139.219.191.138: 11: Bye Bye [preauth]
Dec 30 10:21:44 LabSZ sshd[24383]: Connection closed by 5.188.10.182 [preauth]
Dec 30 10:21:44 LabSZ sshd[24387]: pam_unix(sshd:auth): authentication failure; logname= uid=0 euid=0 tty=ssh ruser= rhost=139.219.191.138  user=root
Dec 30 10:21:46 LabSZ sshd[24387]: Failed password for root from 139.219.191.138 port 56482 ssh2
Dec 30 10:21:46 LabSZ sshd[24387]: Received disconnect from 139.219.191.138: 11: Bye Bye [preauth]
Dec 30 10:21:46 LabSZ sshd[24389]: Invalid user ubnt from 5.188.10.182
Dec 30 10:21:46 LabSZ sshd[24389]: input_userauth_request: invalid user ubnt [preauth]
Dec 30 10:21:46 LabSZ sshd[24389]: pam_unix(sshd:auth): check pass; user unknown
Dec 30 10:21:46 LabSZ sshd[24389]: pam_unix(sshd:auth): authentication failure; logname= uid=0 euid=0 tty=ssh ruser= rhost=5.188.10.182 
Dec 30 10:21:47 LabSZ sshd[24391]: pam_unix(sshd:auth): authentication failure; logname= uid=0 euid=0 tty=ssh ruser= rhost=139.219.191.138  user=root
Dec 30 10:21:49 LabSZ sshd[24389]: Failed password for invalid user ubnt from 5.188.10.182 port 55463 ssh2
Dec 30 10:21:49 LabSZ sshd[24391]: Failed password for root from 139.219.191.138 port 58838 ssh2
Dec 30 10:21:49 LabSZ sshd[24391]: Received disconnect from 139.219.191.138: 11: Bye Bye [preauth]
Dec 30 10:21:49 LabSZ sshd[24389]: Connection closed by 5.188.10.182 [preauth]
Dec 30 10:21:49 LabSZ sshd[24393]: pam_unix(sshd:auth): authentication failure; logname= uid=0 euid=0 tty=ssh ruser= rhost=139.219.191.138  user=root
Dec 30 10:21:51 LabSZ sshd[24395]: Invalid user user from 5.188.10.182
Dec 30 10:21:51 LabSZ sshd[24395]: input_userauth_request: invalid user user [preauth]
Dec 30 10:21:51 LabSZ sshd[24395]: pam_unix(sshd:auth): check pass; user unknown
Dec 30 10:21:51 LabSZ sshd[24395]: pam_unix(sshd:auth): authentication failure; logname= uid=0 euid=0 tty=ssh ruser= rhost=5.188.10.182 
Dec 30 10:21:51 LabSZ sshd[24393]: Failed password for root from 139.219.191.138 port 32822 ssh2
Dec 30 10:21:51 LabSZ sshd[24393]: Received disconnect from 139.219.191.138: 11: Bye Bye [preauth]
Dec 30 10:21:52 LabSZ sshd[24397]: pam_unix(sshd:auth): authentication failure; logname= uid=0 euid=0 tty=ssh ruser= rhost=139.219.191.138  user=root
Dec 30 10:21:54 LabSZ sshd[24395]: Failed password for invalid user user from 5.188.10.182 port 55898 ssh2
Dec 30 10:21:54 LabSZ sshd[24397]: Failed password for root from 139.219.191.138 port 35112 ssh2
Dec 30 10:21:54 LabSZ sshd[24397]: Received disconnect from 139.219.191.138: 11: Bye Bye [preauth]
Dec 30 10:21:54 LabSZ sshd[24395]: Connection closed by 5.188.10.182 [preauth]
Dec 30 10:21:54 LabSZ sshd[24399]: pam_unix(sshd:auth): authentication failure; logname= uid=0 euid=0 tty=ssh ruser= rhost=139.219.191.138  user=root
Dec 30 10:21:56 LabSZ sshd[24399]: Failed password for root from 139.219.191.138 port 37356 ssh2
Dec 30 10:21:56 LabSZ sshd[24399]: Received disconnect from 139.219.191.138: 11: Bye Bye [preauth]
Dec 30 10:21:57 LabSZ sshd[24403]: pam_unix(sshd:auth): authentication failure; logname= uid=0 euid=0 tty=ssh ruser= rhost=139.219.191.138  user=root
Dec 30 10:21:57 LabSZ sshd[24401]: Invalid user user from 5.188.10.182
Dec 30 10:21:57 LabSZ sshd[24401]: input_userauth_request: invalid user user [preauth]
Dec 30 10:21:57 LabSZ sshd[24401]: pam_unix(sshd:auth): check pass; user unknown
Dec 30 10:21:57 LabSZ sshd[24401]: pam_unix(sshd:auth): authentication failure; logname= uid=0 euid=0 tty=ssh ruser= rhost=5.188.10.182 
Dec 30 10:21:59 LabSZ sshd[24403]: Failed password for root from 139.219.191.138 port 39716 ssh2
Dec 30 10:21:59 LabSZ sshd[24403]: Received disconnect from 139.219.191.138: 11: Bye Bye [preauth]
Dec 30 10:21:59 LabSZ sshd[24401]: Failed password for invalid user user from 5.188.10.182 port 52395 ssh2
Dec 30 10:21:59 LabSZ sshd[24405]: pam_unix(sshd:auth): authentication failure; logname= uid=0 euid=0 tty=ssh ruser= rhost=139.219.191.138  user=root
Dec 30 10:21:59 LabSZ sshd[24401]: Connection closed by 5.188.10.182 [preauth]
Dec 30 10:22:01 LabSZ sshd[24405]: Failed password for root from 139.219.191.138 port 41934 ssh2
Dec 30 10:22:01 LabSZ sshd[24405]: Received disconnect from 139.219.191.138: 11: Bye Bye [preauth]
Dec 30 10:22:01 LabSZ sshd[24409]: pam_unix(sshd:auth): authentication failure; logname= uid=0 euid=0 tty=ssh ruser= rhost=139.219.191.138  user=root
Dec 30 10:22:02 LabSZ sshd[24407]: Invalid user user1 from 5.188.10.182
Dec 30 10:22:02 LabSZ sshd[24407]: input_userauth_request: invalid user user1 [preauth]
Dec 30 10:22:02 LabSZ sshd[24407]: Failed none for invalid user user1 from 5.188.10.182 port 36351 ssh2
Dec 30 10:22:02 LabSZ sshd[24407]: pam_unix(sshd:auth): check pass; user unknown
Dec 30 10:22:02 LabSZ sshd[24407]: pam_unix(sshd:auth): authentication failure; logname= uid=0 euid=0 tty=ssh ruser= rhost=5.188.10.182 
Dec 30 10:22:03 LabSZ sshd[24409]: Failed password for root from 139.219.191.138 port 43824 ssh2
Dec 30 10:22:03 LabSZ sshd[24409]: Received disconnect from 139.219.191.138: 11: Bye Bye [preauth]
Dec 30 10:22:04 LabSZ sshd[24411]: pam_unix(sshd:auth): authentication failure; logname= uid=0 euid=0 tty=ssh ruser= rhost=139.219.191.138  user=root
Dec 30 10:22:05 LabSZ sshd[24407]: Failed password for invalid user user1 from 5.188.10.182 port 36351 ssh2
Dec 30 10:22:05 LabSZ sshd[24407]: Connection closed by 5.188.10.182 [preauth]
Dec 30 10:22:06 LabSZ sshd[24411]: Failed password for root from 139.219.191.138 port 46146 ssh2
Dec 30 10:22:06 LabSZ sshd[24411]: Received disconnect from 139.219.191.138: 11: Bye Bye [preauth]
Dec 30 10:22:06 LabSZ sshd[24413]: pam_unix(sshd:auth): authentication failure; logname= uid=0 euid=0 tty=ssh ruser= rhost=139.219.191.138  user=root
Dec 30 10:22:08 LabSZ sshd[24413]: Failed password for root from 139.219.191.138 port 48394 ssh2
Dec 30 10:22:08 LabSZ sshd[24413]: Received disconnect from 139.219.191.138: 11: Bye Bye [preauth]
Dec 30 10:22:09 LabSZ sshd[24415]: pam_unix(sshd:auth): authentication failure; logname= uid=0 euid=0 tty=ssh ruser= rhost=139.219.191.138  user=root
Dec 30 10:22:11 LabSZ sshd[24415]: Failed password for root from 139.219.191.138 port 50776 ssh2
Dec 30 10:22:11 LabSZ sshd[24415]: Received disconnect from 139.219.191.138: 11: Bye Bye [preauth]
Dec 30 10:22:11 LabSZ sshd[24417]: pam_unix(sshd:auth): authentication failure; logname= uid=0 euid=0 tty=ssh ruser= rhost=139.219.191.138  user=root
Dec 30 10:22:13 LabSZ sshd[24417]: Failed password for root from 139.219.191.138 port 52890 ssh2
Dec 30 10:22:13 LabSZ sshd[24417]: Received disconnect from 139.219.191.138: 11: Bye Bye [preauth]
Dec 30 10:22:13 LabSZ sshd[24419]: pam_unix(sshd:auth): authentication failure; logname= uid=0 euid=0 tty=ssh ruser= rhost=139.219.191.138  user=root
Dec 30 10:22:16 LabSZ sshd[24419]: Failed password for root from 139.219.191.138 port 54716 ssh2
