Jan  3 09:56:00 LabSZ sshd[26514]: Connection closed by 5.188.10.180 [preauth]
Jan  3 09:56:01 LabSZ sshd[26518]: Failed password for root from 183.63.110.206 port 49502 ssh2
Jan  3 09:56:01 LabSZ sshd[26518]: Connection closed by 183.63.110.206 [preauth]
Jan  3 09:56:04 LabSZ sshd[26521]: pam_unix(sshd:auth): authentication failure; logname= uid=0 euid=0 tty=ssh ruser= rhost=183.63.110.206  user=root
Jan  3 09:56:04 LabSZ sshd[26516]: reverse mapping checking getaddrinfo for . [183.192.189.131] failed - POSSIBLE BREAK-IN ATTEMPT!
Jan  3 09:56:04 LabSZ sshd[26516]: pam_unix(sshd:auth): authentication failure; logname= uid=0 euid=0 tty=ssh ruser= rhost=183.192.189.131  user=root
Jan  3 09:56:05 LabSZ sshd[26520]: Invalid user guest from 5.188.10.180
Jan  3 09:56:05 LabSZ sshd[26520]: input_userauth_request: invalid user guest [preauth]
Jan  3 09:56:05 LabSZ sshd[26520]: pam_unix(sshd:auth): check pass; user unknown
Jan  3 09:56:05 LabSZ sshd[26520]: pam_unix(sshd:auth): authentication failure; logname= uid=0 euid=0 tty=ssh ruser= rhost=5.188.10.180 
Jan  3 09:56:06 LabSZ sshd[26521]: Failed password for root from 183.63.110.206 port 49636 ssh2
Jan  3 09:56:06 LabSZ sshd[26521]: Connection closed by 183.63.110.206 [preauth]
Jan  3 09:56:06 LabSZ sshd[26516]: Failed password for root from 183.192.189.131 port 18533 ssh2
Jan  3 09:56:06 LabSZ sshd[26516]: Connection closed by 183.192.189.131 [preauth]
Jan  3 09:56:08 LabSZ sshd[26520]: Failed password for invalid user guest from 5.188.10.180 port 42452 ssh2
Jan  3 09:56:08 LabSZ sshd[26524]: pam_unix(sshd:auth): authentication failure; logname= uid=0 euid=0 tty=ssh ruser= rhost=183.63.110.206  user=root
Jan  3 09:56:09 LabSZ sshd[26520]: Connection closed by 5.188.10.180 [preauth]
Jan  3 09:56:11 LabSZ sshd[26524]: Failed password for root from 183.63.110.206 port 49776 ssh2
Jan  3 09:56:11 LabSZ sshd[26524]: Connection closed by 183.63.110.206 [preauth]
Jan  3 09:56:12 LabSZ sshd[26529]: pam_unix(sshd:auth): authentication failure; logname= uid=0 euid=0 tty=ssh ruser= rhost=183.63.110.206  user=root
Jan  3 09:56:13 LabSZ sshd[26528]: Connection closed by 5.188.10.180 [preauth]
Jan  3 09:56:14 LabSZ sshd[26529]: Failed password for root from 183.63.110.206 port 49930 ssh2
Jan  3 09:56:14 LabSZ sshd[26529]: Connection closed by 183.63.110.206 [preauth]
Jan  3 09:56:16 LabSZ sshd[26533]: pam_unix(sshd:auth): authentication failure; logname= uid=0 euid=0 tty=ssh ruser= rhost=183.63.110.206  user=root
Jan  3 09:56:17 LabSZ sshd[26526]: reverse mapping checking getaddrinfo for . [183.192.189.131] failed - POSSIBLE BREAK-IN ATTEMPT!
Jan  3 09:56:17 LabSZ sshd[26526]: pam_unix(sshd:auth): authentication failure; logname= uid=0 euid=0 tty=ssh ruser= rhost=183.192.189.131  user=root
Jan  3 09:56:18 LabSZ sshd[26533]: Failed password for root from 183.63.110.206 port 50055 ssh2
Jan  3 09:56:18 LabSZ sshd[26533]: Connection closed by 183.63.110.206 [preauth]
Jan  3 09:56:19 LabSZ sshd[26535]: pam_unix(sshd:auth): authentication failure; logname= uid=0 euid=0 tty=ssh ruser= rhost=183.63.110.206  user=root
Jan  3 09:56:19 LabSZ sshd[26526]: Failed password for root from 183.192.189.131 port 18534 ssh2
Jan  3 09:56:19 LabSZ sshd[26526]: Connection closed by 183.192.189.131 [preauth]
Jan  3 09:56:20 LabSZ sshd[26538]: reverse mapping checking getaddrinfo for . [183.192.189.131] failed - POSSIBLE BREAK-IN ATTEMPT!
Jan  3 09:56:20 LabSZ sshd[26538]: pam_unix(sshd:auth): authentication failure; logname= uid=0 euid=0 tty=ssh ruser= rhost=183.192.189.131  user=root
Jan  3 09:56:20 LabSZ sshd[26532]: Invalid user operator from 5.188.10.180
Jan  3 09:56:20 LabSZ sshd[26532]: input_userauth_request: invalid user operator [preauth]
Jan  3 09:56:20 LabSZ sshd[26532]: pam_unix(sshd:auth): check pass; user unknown
Jan  3 09:56:20 LabSZ sshd[26532]: pam_unix(sshd:auth): authentication failure; logname= uid=0 euid=0 tty=ssh ruser= rhost=5.188.10.180 
Jan  3 09:56:21 LabSZ sshd[26535]: Failed password for root from 183.63.110.206 port 50167 ssh2
Jan  3 09:56:21 LabSZ sshd[26535]: Connection closed by 183.63.110.206 [preauth]
Jan  3 09:56:22 LabSZ sshd[26538]: Failed password for root from 183.192.189.131 port 18535 ssh2
Jan  3 09:56:22 LabSZ sshd[26538]: Connection closed by 183.192.189.131 [preauth]
Jan  3 09:56:22 LabSZ sshd[26532]: Failed password for invalid user operator from 5.188.10.180 port 39168 ssh2
Jan  3 09:56:23 LabSZ sshd[26540]: pam_unix(sshd:auth): authentication failure; logname= uid=0 euid=0 tty=ssh ruser= rhost=183.63.110.206  user=root
Jan  3 09:56:24 LabSZ sshd[26532]: Connection closed by 5.188.10.180 [preauth]
Jan  3 09:56:25 LabSZ sshd[26540]: Failed password for root from 183.63.110.206 port 50269 ssh2
Jan  3 09:56:26 LabSZ sshd[26540]: Connection closed by 183.63.110.206 [preauth]
Jan  3 09:56:27 LabSZ sshd[26545]: pam_unix(sshd:auth): authentication failure; logname= uid=0 euid=0 tty=ssh ruser= rhost=183.63.110.206  user=root
Jan  3 09:56:29 LabSZ sshd[26545]: Failed password for root from 183.63.110.206 port 50407 ssh2
Jan  3 09:56:29 LabSZ sshd[26545]: Connection closed by 183.63.110.206 [preauth]
Jan  3 09:56:30 LabSZ sshd[26548]: pam_unix(sshd:auth): authentication failure; logname= uid=0 euid=0 tty=ssh ruser= rhost=183.63.110.206  user=root
Jan  3 09:56:32 LabSZ sshd[26542]: reverse mapping checking getaddrinfo for . [183.192.189.131] failed - POSSIBLE BREAK-IN ATTEMPT!
Jan  3 09:56:32 LabSZ sshd[26542]: pam_unix(sshd:auth): authentication failure; logname= uid=0 euid=0 tty=ssh ruser= rhost=183.192.189.131  user=root
Jan  3 09:56:32 LabSZ sshd[26548]: Failed password for root from 183.63.110.206 port 50503 ssh2
Jan  3 09:56:33 LabSZ sshd[26544]: Invalid user osmc from 5.188.10.180
Jan  3 09:56:33 LabSZ sshd[26544]: input_userauth_request: invalid user osmc [preauth]
Jan  3 09:56:33 LabSZ sshd[26544]: pam_unix(sshd:auth): check pass; user unknown
Jan  3 09:56:33 LabSZ sshd[26544]: pam_unix(sshd:auth): authentication failure; logname= uid=0 euid=0 tty=ssh ruser= rhost=5.188.10.180 
Jan  3 09:56:33 LabSZ sshd[26548]: Connection closed by 183.63.110.206 [preauth]
Jan  3 09:56:34 LabSZ sshd[26542]: Failed password for root from 183.192.189.131 port 18536 ssh2
Jan  3 09:56:34 LabSZ sshd[26542]: Connection closed by 183.192.189.131 [preauth]
Jan  3 09:56:34 LabSZ sshd[26552]: reverse mapping checking getaddrinfo for . [183.192.189.131] failed - POSSIBLE BREAK-IN ATTEMPT!
Jan  3 09:56:34 LabSZ sshd[26552]: pam_unix(sshd:auth): authentication failure; logname= uid=0 euid=0 tty=ssh ruser= rhost=183.192.189.131  user=root
Jan  3 09:56:35 LabSZ sshd[26544]: Failed password for invalid user osmc from 5.188.10.180 port 53388 ssh2
Jan  3 09:56:35 LabSZ sshd[26550]: pam_unix(sshd:auth): authentication failure; logname= uid=0 euid=0 tty=ssh ruser= rhost=183.63.110.206  user=root
Jan  3 09:56:37 LabSZ sshd[26550]: Failed password for root from 183.63.110.206 port 50623 ssh2
Jan  3 09:56:37 LabSZ sshd[26552]: Failed password for root from 183.192.189.131 port 18537 ssh2
Jan  3 09:56:37 LabSZ sshd[26552]: Connection closed by 183.192.189.131 [preauth]
Jan  3 09:56:37 LabSZ sshd[26550]: Connection closed by 183.63.110.206 [preauth]
Jan  3 09:56:38 LabSZ sshd[26544]: Connection closed by 5.188.10.180 [preauth]
Jan  3 09:56:38 LabSZ sshd[26556]: pam_unix(sshd:auth): authentication failure; logname= uid=0 euid=0 tty=ssh ruser= rhost=183.63.110.206  user=root
Jan  3 09:56:40 LabSZ sshd[26556]: Failed password for root from 183.63.110.206 port 50732 ssh2
Jan  3 09:56:40 LabSZ sshd[26556]: Connection closed by 183.63.110.206 [preauth]
Jan  3 09:56:41 LabSZ sshd[26559]: pam_unix(sshd:auth): authentication failure; logname= uid=0 euid=0 tty=ssh ruser= rhost=183.63.110.206  user=root
Jan  3 09:56:44 LabSZ sshd[26559]: Failed password for root from 183.63.110.206 port 50855 ssh2
Jan  3 09:56:44 LabSZ sshd[26558]: pam_unix(sshd:auth): authentication failure; logname= uid=0 euid=0 tty=ssh ruser= rhost=5.188.10.180  user=root
Jan  3 09:56:44 LabSZ sshd[26559]: Connection closed by 183.63.110.206 [preauth]
Jan  3 09:56:46 LabSZ sshd[26562]: pam_unix(sshd:auth): authentication failure; logname= uid=0 euid=0 tty=ssh ruser= rhost=183.63.110.206  user=root
Jan  3 09:56:46 LabSZ sshd[26558]: Failed password for root from 5.188.10.180 port 52419 ssh2
Jan  3 09:56:47 LabSZ sshd[26554]: reverse mapping checking getaddrinfo for . [183.192.189.131] failed - POSSIBLE BREAK-IN ATTEMPT!
Jan  3 09:56:47 LabSZ sshd[26554]: pam_unix(sshd:auth): authentication failure; logname= uid=0 euid=0 tty=ssh ruser= rhost=183.192.189.131  user=root
Jan  3 09:56:48 LabSZ sshd[26562]: Failed password for root from 183.63.110.206 port 50982 ssh2
Jan  3 09:56:48 LabSZ sshd[26562]: Connection closed by 183.63.110.206 [preauth]
Jan  3 09:56:49 LabSZ sshd[26554]: Failed password for root from 183.192.189.131 port 18538 ssh2
Jan  3 09:56:49 LabSZ sshd[26554]: Connection closed by 183.192.189.131 [preauth]
Jan  3 09:56:52 LabSZ sshd[26564]: pam_unix(sshd:auth): authentication failure; logname= uid=0 euid=0 tty=ssh ruser= rhost=183.63.110.206  user=root
Jan  3 09:56:51 LabSZ sshd[26558]: Failed password for root from 5.188.10.180 port 52419 ssh2
Jan  3 09:56:53 LabSZ sshd[26558]: Connection closed by 5.188.10.180 [preauth]
Jan  3 09:56:53 LabSZ sshd[26558]: PAM 1 more authentication failure; logname= uid=0 euid=0 tty=ssh ruser= rhost=5.188.10.180  user=root
Jan  3 09:56:54 LabSZ sshd[26564]: Failed password for root from 183.63.110.206 port 51106 ssh2
Jan  3 09:56:54 LabSZ sshd[26564]: Connection closed by 183.63.110.206 [preauth]
Jan  3 09:56:58 LabSZ sshd[26569]: pam_unix(sshd:auth): authentication failure; logname= uid=0 euid=0 tty=ssh ruser= rhost=183.63.110.206  user=root
Jan  3 09:56:59 LabSZ sshd[26568]: Connection closed by 5.188.10.180 [preauth]
Jan  3 09:56:59 LabSZ sshd[26566]: reverse mapping checking getaddrinfo for . [183.192.189.131] failed - POSSIBLE BREAK-IN ATTEMPT!
Jan  3 09:56:59 LabSZ sshd[26566]: pam_unix(sshd:auth): authentication failure; logname= uid=0 euid=0 tty=ssh ruser= rhost=183.192.189.131  user=root
Jan  3 09:57:01 LabSZ sshd[26569]: Failed password for root from 183.63.110.206 port 51291 ssh2
Jan  3 09:57:01 LabSZ sshd[26569]: Connection closed by 183.63.110.206 [preauth]
Jan  3 09:57:01 LabSZ sshd[26566]: Failed password for root from 183.192.189.131 port 18539 ssh2
Jan  3 09:57:01 LabSZ sshd[26566]: Connection closed by 183.192.189.131 [preauth]
Jan  3 09:57:01 LabSZ sshd[26575]: reverse mapping checking getaddrinfo for . [183.192.189.131] failed - POSSIBLE BREAK-IN ATTEMPT!
Jan  3 09:57:01 LabSZ sshd[26575]: pam_unix(sshd:auth): authentication failure; logname= uid=0 euid=0 tty=ssh ruser= rhost=183.192.189.131  user=root
