Jan  2 06:03:50 LabSZ sshd[26069]: message repeated 5 times: [ Failed password for root from 182.100.67.120 port 11198 ssh2]
Jan  2 06:03:50 LabSZ sshd[26069]: Disconnecting: Too many authentication failures for root [preauth]
Jan  2 06:03:50 LabSZ sshd[26069]: PAM 5 more authentication failures; logname= uid=0 euid=0 tty=ssh ruser= rhost=182.100.67.120  user=root
Jan  2 06:03:50 LabSZ sshd[26069]: PAM service(sshd) ignoring max retries; 6 > 3
Jan  2 06:03:51 LabSZ sshd[26077]: Failed password for invalid user admin from 119.1.109.20 port 2135 ssh2
Jan  2 06:03:51 LabSZ sshd[26077]: pam_unix(sshd:auth): check pass; user unknown
Jan  2 06:03:52 LabSZ sshd[26077]: Failed password for invalid user admin from 119.1.109.20 port 2135 ssh2
Jan  2 06:03:52 LabSZ sshd[26077]: pam_unix(sshd:auth): check pass; user unknown
Jan  2 06:03:53 LabSZ sshd[26079]: pam_unix(sshd:auth): authentication failure; logname= uid=0 euid=0 tty=ssh ruser= rhost=182.100.67.120  user=root
Jan  2 06:03:53 LabSZ sshd[26073]: message repeated 5 times: [ Failed password for root from 58.242.83.25 port 31636 ssh2]
Jan  2 06:03:53 LabSZ sshd[26073]: Disconnecting: Too many authentication failures for root [preauth]
Jan  2 06:03:53 LabSZ sshd[26073]: PAM 5 more authentication failures; logname= uid=0 euid=0 tty=ssh ruser= rhost=58.242.83.25  user=root
Jan  2 06:03:53 LabSZ sshd[26073]: PAM service(sshd) ignoring max retries; 6 > 3
Jan  2 06:03:54 LabSZ sshd[26077]: Failed password for invalid user admin from 119.1.109.20 port 2135 ssh2
Jan  2 06:03:54 LabSZ sshd[26077]: pam_unix(sshd:auth): check pass; user unknown
Jan  2 06:03:55 LabSZ sshd[26081]: pam_unix(sshd:auth): authentication failure; logname= uid=0 euid=0 tty=ssh ruser= rhost=58.242.83.25  user=root
Jan  2 06:03:56 LabSZ sshd[26079]: Failed password for root from 182.100.67.120 port 48322 ssh2
Jan  2 06:03:56 LabSZ sshd[26077]: Failed password for invalid user admin from 119.1.109.20 port 2135 ssh2
Jan  2 06:03:56 LabSZ sshd[26077]: fatal: Read from socket failed: Connection reset by peer [preauth]
Jan  2 06:03:56 LabSZ sshd[26077]: PAM 4 more authentication failures; logname= uid=0 euid=0 tty=ssh ruser= rhost=119.1.109.20 
Jan  2 06:03:56 LabSZ sshd[26077]: PAM service(sshd) ignoring max retries; 5 > 3
Jan  2 06:03:57 LabSZ sshd[26083]: Invalid user admin from 119.1.109.20
Jan  2 06:03:57 LabSZ sshd[26083]: input_userauth_request: invalid user admin [preauth]
Jan  2 06:03:57 LabSZ sshd[26083]: pam_unix(sshd:auth): check pass; user unknown
Jan  2 06:03:57 LabSZ sshd[26083]: pam_unix(sshd:auth): authentication failure; logname= uid=0 euid=0 tty=ssh ruser= rhost=119.1.109.20 
Jan  2 06:03:57 LabSZ sshd[26081]: Failed password for root from 58.242.83.25 port 51297 ssh2
Jan  2 06:03:57 LabSZ sshd[26075]: message repeated 5 times: [ Failed password for root from 218.65.30.30 port 56792 ssh2]
Jan  2 06:03:57 LabSZ sshd[26075]: Disconnecting: Too many authentication failures for root [preauth]
Jan  2 06:03:57 LabSZ sshd[26075]: PAM 5 more authentication failures; logname= uid=0 euid=0 tty=ssh ruser= rhost=218.65.30.30  user=root
Jan  2 06:03:57 LabSZ sshd[26075]: PAM service(sshd) ignoring max retries; 6 > 3
Jan  2 06:03:58 LabSZ sshd[26083]: Failed password for invalid user admin from 119.1.109.20 port 3029 ssh2
Jan  2 06:03:59 LabSZ sshd[26083]: pam_unix(sshd:auth): check pass; user unknown
Jan  2 06:03:59 LabSZ sshd[26085]: reverse mapping checking getaddrinfo for 30.30.65.218.broad.xy.jx.dynamic.163data.com.cn [218.65.30.30] failed - POSSIBLE BREAK-IN ATTEMPT!
Jan  2 06:03:59 LabSZ sshd[26085]: pam_unix(sshd:auth): authentication failure; logname= uid=0 euid=0 tty=ssh ruser= rhost=218.65.30.30  user=root
Jan  2 06:04:00 LabSZ sshd[26083]: Failed password for invalid user admin from 119.1.109.20 port 3029 ssh2
Jan  2 06:04:01 LabSZ sshd[26083]: pam_unix(sshd:auth): check pass; user unknown
Jan  2 06:04:01 LabSZ sshd[26085]: Failed password for root from 218.65.30.30 port 30396 ssh2
Jan  2 06:04:02 LabSZ sshd[26083]: Failed password for invalid user admin from 119.1.109.20 port 3029 ssh2
Jan  2 06:04:02 LabSZ sshd[26083]: pam_unix(sshd:auth): check pass; user unknown
Jan  2 06:04:04 LabSZ sshd[26083]: Failed password for invalid user admin from 119.1.109.20 port 3029 ssh2
Jan  2 06:04:04 LabSZ sshd[26083]: pam_unix(sshd:auth): check pass; user unknown
Jan  2 06:04:06 LabSZ sshd[26087]: reverse mapping checking getaddrinfo for 14.142.122.26.static-kolkata.vsnl.net.in [14.142.122.26] failed - POSSIBLE BREAK-IN ATTEMPT!
Jan  2 06:04:06 LabSZ sshd[26087]: Invalid user guest from 14.142.122.26
Jan  2 06:04:06 LabSZ sshd[26087]: input_userauth_request: invalid user guest [preauth]
Jan  2 06:04:06 LabSZ sshd[26087]: pam_unix(sshd:auth): check pass; user unknown
Jan  2 06:04:06 LabSZ sshd[26087]: pam_unix(sshd:auth): authentication failure; logname= uid=0 euid=0 tty=ssh ruser= rhost=14.142.122.26 
Jan  2 06:04:06 LabSZ sshd[26083]: Failed password for invalid user admin from 119.1.109.20 port 3029 ssh2
Jan  2 06:04:06 LabSZ sshd[26083]: fatal: Read from socket failed: Connection reset by peer [preauth]
Jan  2 06:04:06 LabSZ sshd[26083]: PAM 4 more authentication failures; logname= uid=0 euid=0 tty=ssh ruser= rhost=119.1.109.20 
Jan  2 06:04:06 LabSZ sshd[26083]: PAM service(sshd) ignoring max retries; 5 > 3
Jan  2 06:04:06 LabSZ sshd[26089]: Invalid user admin from 119.1.109.20
Jan  2 06:04:06 LabSZ sshd[26089]: input_userauth_request: invalid user admin [preauth]
Jan  2 06:04:06 LabSZ sshd[26089]: pam_unix(sshd:auth): check pass; user unknown
Jan  2 06:04:06 LabSZ sshd[26089]: pam_unix(sshd:auth): authentication failure; logname= uid=0 euid=0 tty=ssh ruser= rhost=119.1.109.20 
Jan  2 06:04:08 LabSZ sshd[26087]: Failed password for invalid user guest from 14.142.122.26 port 38175 ssh2
Jan  2 06:04:08 LabSZ sshd[26087]: Received disconnect from 14.142.122.26: 11: Bye Bye [preauth]
Jan  2 06:04:08 LabSZ sshd[26089]: Failed password for invalid user admin from 119.1.109.20 port 4565 ssh2
Jan  2 06:04:08 LabSZ sshd[26089]: pam_unix(sshd:auth): check pass; user unknown
Jan  2 06:04:09 LabSZ sshd[26081]: message repeated 5 times: [ Failed password for root from 58.242.83.25 port 51297 ssh2]
Jan  2 06:04:09 LabSZ sshd[26081]: Disconnecting: Too many authentication failures for root [preauth]
Jan  2 06:04:09 LabSZ sshd[26081]: PAM 5 more authentication failures; logname= uid=0 euid=0 tty=ssh ruser= rhost=58.242.83.25  user=root
Jan  2 06:04:09 LabSZ sshd[26081]: PAM service(sshd) ignoring max retries; 6 > 3
Jan  2 06:04:10 LabSZ sshd[26089]: Failed password for invalid user admin from 119.1.109.20 port 4565 ssh2
Jan  2 06:04:10 LabSZ sshd[26089]: pam_unix(sshd:auth): check pass; user unknown
Jan  2 06:04:10 LabSZ sshd[26091]: pam_unix(sshd:auth): authentication failure; logname= uid=0 euid=0 tty=ssh ruser= rhost=58.242.83.25  user=root
Jan  2 06:04:11 LabSZ sshd[26089]: Failed password for invalid user admin from 119.1.109.20 port 4565 ssh2
Jan  2 06:04:11 LabSZ sshd[26089]: pam_unix(sshd:auth): check pass; user unknown
Jan  2 06:04:12 LabSZ sshd[26079]: message repeated 5 times: [ Failed password for root from 182.100.67.120 port 48322 ssh2]
Jan  2 06:04:12 LabSZ sshd[26079]: Disconnecting: Too many authentication failures for root [preauth]
Jan  2 06:04:12 LabSZ sshd[26079]: PAM 5 more authentication failures; logname= uid=0 euid=0 tty=ssh ruser= rhost=182.100.67.120  user=root
Jan  2 06:04:12 LabSZ sshd[26079]: PAM service(sshd) ignoring max retries; 6 > 3
Jan  2 06:04:12 LabSZ sshd[26085]: message repeated 5 times: [ Failed password for root from 218.65.30.30 port 30396 ssh2]
Jan  2 06:04:12 LabSZ sshd[26085]: Disconnecting: Too many authentication failures for root [preauth]
Jan  2 06:04:12 LabSZ sshd[26085]: PAM 5 more authentication failures; logname= uid=0 euid=0 tty=ssh ruser= rhost=218.65.30.30  user=root
Jan  2 06:04:12 LabSZ sshd[26085]: PAM service(sshd) ignoring max retries; 6 > 3
Jan  2 06:04:12 LabSZ sshd[26091]: Failed password for root from 58.242.83.25 port 7522 ssh2
Jan  2 06:04:13 LabSZ sshd[26093]: pam_unix(sshd:auth): authentication failure; logname= uid=0 euid=0 tty=ssh ruser= rhost=182.100.67.120  user=root
Jan  2 06:04:13 LabSZ sshd[26089]: Failed password for invalid user admin from 119.1.109.20 port 4565 ssh2
Jan  2 06:04:13 LabSZ sshd[26089]: pam_unix(sshd:auth): check pass; user unknown
Jan  2 06:04:13 LabSZ sshd[26095]: reverse mapping checking getaddrinfo for 30.30.65.218.broad.xy.jx.dynamic.163data.com.cn [218.65.30.30] failed - POSSIBLE BREAK-IN ATTEMPT!
Jan  2 06:04:13 LabSZ sshd[26095]: pam_unix(sshd:auth): authentication failure; logname= uid=0 euid=0 tty=ssh ruser= rhost=218.65.30.30  user=root
Jan  2 06:04:15 LabSZ sshd[26093]: Failed password for root from 182.100.67.120 port 32770 ssh2
Jan  2 06:04:15 LabSZ sshd[26089]: Failed password for invalid user admin from 119.1.109.20 port 4565 ssh2
Jan  2 06:04:15 LabSZ sshd[26089]: fatal: Read from socket failed: Connection reset by peer [preauth]
Jan  2 06:04:15 LabSZ sshd[26089]: PAM 4 more authentication failures; logname= uid=0 euid=0 tty=ssh ruser= rhost=119.1.109.20 
Jan  2 06:04:15 LabSZ sshd[26089]: PAM service(sshd) ignoring max retries; 5 > 3
Jan  2 06:04:15 LabSZ sshd[26095]: Failed password for root from 218.65.30.30 port 65368 ssh2
Jan  2 06:04:16 LabSZ sshd[26097]: Invalid user admin from 119.1.109.20
Jan  2 06:04:16 LabSZ sshd[26097]: input_userauth_request: invalid user admin [preauth]
Jan  2 06:04:16 LabSZ sshd[26097]: pam_unix(sshd:auth): check pass; user unknown
Jan  2 06:04:16 LabSZ sshd[26097]: pam_unix(sshd:auth): authentication failure; logname= uid=0 euid=0 tty=ssh ruser= rhost=119.1.109.20 
Jan  2 06:04:18 LabSZ sshd[26097]: Failed password for invalid user admin from 119.1.109.20 port 1583 ssh2
Jan  2 06:04:18 LabSZ sshd[26097]: pam_unix(sshd:auth): check pass; user unknown
Jan  2 06:04:20 LabSZ sshd[26097]: Failed password for invalid user admin from 119.1.109.20 port 1583 ssh2
Jan  2 06:04:20 LabSZ sshd[26097]: pam_unix(sshd:auth): check pass; user unknown
Jan  2 06:04:22 LabSZ sshd[26097]: Failed password for invalid user admin from 119.1.109.20 port 1583 ssh2
Jan  2 06:04:22 LabSZ sshd[26097]: pam_unix(sshd:auth): check pass; user unknown
Jan  2 06:04:23 LabSZ sshd[26097]: Failed password for invalid user admin from 119.1.109.20 port 1583 ssh2
Jan  2 06:04:23 LabSZ sshd[26091]: message repeated 5 times: [ Failed password for root from 58.242.83.25 port 7522 ssh2]
Jan  2 06:04:23 LabSZ sshd[26091]: Disconnecting: Too many authentication failures for root [preauth]
