Jan  4 06:38:48 LabSZ sshd[21129]: message repeated 5 times: [ Failed password for root from 182.100.67.52 port 47882 ssh2]
Jan  4 06:38:48 LabSZ sshd[21129]: Disconnecting: Too many authentication failures for root [preauth]
Jan  4 06:38:48 LabSZ sshd[21129]: PAM 5 more authentication failures; logname= uid=0 euid=0 tty=ssh ruser= rhost=182.100.67.52  user=root
Jan  4 06:38:48 LabSZ sshd[21129]: PAM service(sshd) ignoring max retries; 6 > 3
Jan  4 06:38:49 LabSZ sshd[21139]: pam_unix(sshd:auth): authentication failure; logname= uid=0 euid=0 tty=ssh ruser= rhost=182.100.67.52  user=root
Jan  4 06:38:49 LabSZ sshd[21131]: message repeated 5 times: [ Failed password for root from 59.63.188.30 port 34103 ssh2]
Jan  4 06:38:49 LabSZ sshd[21131]: Disconnecting: Too many authentication failures for root [preauth]
Jan  4 06:38:49 LabSZ sshd[21131]: PAM 5 more authentication failures; logname= uid=0 euid=0 tty=ssh ruser= rhost=59.63.188.30  user=root
Jan  4 06:38:49 LabSZ sshd[21131]: PAM service(sshd) ignoring max retries; 6 > 3
Jan  4 06:38:50 LabSZ sshd[21137]: Invalid user  0101 from 5.188.10.182
Jan  4 06:38:50 LabSZ sshd[21137]: input_userauth_request: invalid user  0101 [preauth]
Jan  4 06:38:50 LabSZ sshd[21137]: pam_unix(sshd:auth): check pass; user unknown
Jan  4 06:38:50 LabSZ sshd[21137]: pam_unix(sshd:auth): authentication failure; logname= uid=0 euid=0 tty=ssh ruser= rhost=5.188.10.182 
Jan  4 06:38:50 LabSZ sshd[21141]: pam_unix(sshd:auth): authentication failure; logname= uid=0 euid=0 tty=ssh ruser= rhost=59.63.188.30  user=root
Jan  4 06:38:51 LabSZ sshd[21139]: Failed password for root from 182.100.67.52 port 18416 ssh2
Jan  4 06:38:52 LabSZ sshd[21137]: Failed password for invalid user  0101 from 5.188.10.182 port 33307 ssh2
Jan  4 06:38:52 LabSZ sshd[21141]: Failed password for root from 59.63.188.30 port 55205 ssh2
Jan  4 06:38:53 LabSZ sshd[21137]: Connection closed by 5.188.10.182 [preauth]
Jan  4 06:38:55 LabSZ sshd[21133]: message repeated 5 times: [ Failed password for root from 59.63.188.30 port 34352 ssh2]
Jan  4 06:38:55 LabSZ sshd[21133]: Disconnecting: Too many authentication failures for root [preauth]
Jan  4 06:38:55 LabSZ sshd[21133]: PAM 5 more authentication failures; logname= uid=0 euid=0 tty=ssh ruser= rhost=59.63.188.30  user=root
Jan  4 06:38:55 LabSZ sshd[21133]: PAM service(sshd) ignoring max retries; 6 > 3
Jan  4 06:38:55 LabSZ sshd[21135]: message repeated 5 times: [ Failed password for root from 218.87.109.156 port 65166 ssh2]
Jan  4 06:38:55 LabSZ sshd[21135]: Disconnecting: Too many authentication failures for root [preauth]
Jan  4 06:38:55 LabSZ sshd[21135]: PAM 5 more authentication failures; logname= uid=0 euid=0 tty=ssh ruser= rhost=218.87.109.156  user=root
Jan  4 06:38:55 LabSZ sshd[21135]: PAM service(sshd) ignoring max retries; 6 > 3
Jan  4 06:38:56 LabSZ sshd[21145]: pam_unix(sshd:auth): authentication failure; logname= uid=0 euid=0 tty=ssh ruser= rhost=59.63.188.30  user=root
Jan  4 06:38:57 LabSZ sshd[21147]: pam_unix(sshd:auth): authentication failure; logname= uid=0 euid=0 tty=ssh ruser= rhost=218.87.109.156  user=root
Jan  4 06:38:58 LabSZ sshd[21143]: Invalid user 0 from 5.188.10.182
Jan  4 06:38:58 LabSZ sshd[21143]: input_userauth_request: invalid user 0 [preauth]
Jan  4 06:38:58 LabSZ sshd[21143]: Failed none for invalid user 0 from 5.188.10.182 port 52108 ssh2
Jan  4 06:38:58 LabSZ sshd[21147]: Failed password for root from 218.87.109.156 port 36192 ssh2
Jan  4 06:38:59 LabSZ sshd[21145]: Failed password for root from 59.63.188.30 port 57375 ssh2
Jan  4 06:39:00 LabSZ sshd[21143]: pam_unix(sshd:auth): check pass; user unknown
Jan  4 06:39:00 LabSZ sshd[21143]: pam_unix(sshd:auth): authentication failure; logname= uid=0 euid=0 tty=ssh ruser= rhost=5.188.10.182 
Jan  4 06:39:02 LabSZ sshd[21143]: Failed password for invalid user 0 from 5.188.10.182 port 52108 ssh2
Jan  4 06:39:03 LabSZ sshd[21139]: message repeated 5 times: [ Failed password for root from 182.100.67.52 port 18416 ssh2]
Jan  4 06:39:03 LabSZ sshd[21139]: Disconnecting: Too many authentication failures for root [preauth]
Jan  4 06:39:03 LabSZ sshd[21139]: PAM 5 more authentication failures; logname= uid=0 euid=0 tty=ssh ruser= rhost=182.100.67.52  user=root
Jan  4 06:39:03 LabSZ sshd[21139]: PAM service(sshd) ignoring max retries; 6 > 3
Jan  4 06:39:04 LabSZ sshd[21143]: Connection closed by 5.188.10.182 [preauth]
Jan  4 06:39:04 LabSZ sshd[21141]: message repeated 5 times: [ Failed password for root from 59.63.188.30 port 55205 ssh2]
Jan  4 06:39:04 LabSZ sshd[21141]: Disconnecting: Too many authentication failures for root [preauth]
Jan  4 06:39:04 LabSZ sshd[21141]: PAM 5 more authentication failures; logname= uid=0 euid=0 tty=ssh ruser= rhost=59.63.188.30  user=root
Jan  4 06:39:04 LabSZ sshd[21141]: PAM service(sshd) ignoring max retries; 6 > 3
Jan  4 06:39:06 LabSZ sshd[21163]: pam_unix(sshd:auth): authentication failure; logname= uid=0 euid=0 tty=ssh ruser= rhost=182.100.67.52  user=root
Jan  4 06:39:06 LabSZ sshd[21166]: pam_unix(sshd:auth): authentication failure; logname= uid=0 euid=0 tty=ssh ruser= rhost=59.63.188.30  user=root
Jan  4 06:39:08 LabSZ sshd[21163]: Failed password for root from 182.100.67.52 port 54240 ssh2
Jan  4 06:39:08 LabSZ sshd[21166]: Failed password for root from 59.63.188.30 port 12023 ssh2
Jan  4 06:39:08 LabSZ sshd[21165]: Invalid user 1234 from 5.188.10.182
Jan  4 06:39:08 LabSZ sshd[21165]: input_userauth_request: invalid user 1234 [preauth]
Jan  4 06:39:08 LabSZ sshd[21165]: pam_unix(sshd:auth): check pass; user unknown
Jan  4 06:39:08 LabSZ sshd[21165]: pam_unix(sshd:auth): authentication failure; logname= uid=0 euid=0 tty=ssh ruser= rhost=5.188.10.182 
Jan  4 06:39:10 LabSZ sshd[21147]: message repeated 5 times: [ Failed password for root from 218.87.109.156 port 36192 ssh2]
Jan  4 06:39:10 LabSZ sshd[21147]: Disconnecting: Too many authentication failures for root [preauth]
Jan  4 06:39:10 LabSZ sshd[21147]: PAM 5 more authentication failures; logname= uid=0 euid=0 tty=ssh ruser= rhost=218.87.109.156  user=root
Jan  4 06:39:10 LabSZ sshd[21147]: PAM service(sshd) ignoring max retries; 6 > 3
Jan  4 06:39:11 LabSZ sshd[21165]: Failed password for invalid user 1234 from 5.188.10.182 port 33184 ssh2
Jan  4 06:39:11 LabSZ sshd[21145]: message repeated 5 times: [ Failed password for root from 59.63.188.30 port 57375 ssh2]
Jan  4 06:39:11 LabSZ sshd[21145]: Disconnecting: Too many authentication failures for root [preauth]
Jan  4 06:39:11 LabSZ sshd[21145]: PAM 5 more authentication failures; logname= uid=0 euid=0 tty=ssh ruser= rhost=59.63.188.30  user=root
Jan  4 06:39:11 LabSZ sshd[21145]: PAM service(sshd) ignoring max retries; 6 > 3
Jan  4 06:39:12 LabSZ sshd[21171]: pam_unix(sshd:auth): authentication failure; logname= uid=0 euid=0 tty=ssh ruser= rhost=59.63.188.30  user=root
Jan  4 06:39:12 LabSZ sshd[21169]: pam_unix(sshd:auth): authentication failure; logname= uid=0 euid=0 tty=ssh ruser= rhost=218.87.109.156  user=root
Jan  4 06:39:13 LabSZ sshd[21165]: Connection closed by 5.188.10.182 [preauth]
Jan  4 06:39:14 LabSZ sshd[21171]: Failed password for root from 59.63.188.30 port 14228 ssh2
Jan  4 06:39:14 LabSZ sshd[21169]: Failed password for root from 218.87.109.156 port 3076 ssh2
Jan  4 06:39:18 LabSZ sshd[21173]: Invalid user admin from 5.188.10.182
Jan  4 06:39:18 LabSZ sshd[21173]: input_userauth_request: invalid user admin [preauth]
Jan  4 06:39:18 LabSZ sshd[21173]: Failed none for invalid user admin from 5.188.10.182 port 32991 ssh2
Jan  4 06:39:18 LabSZ sshd[21173]: Connection closed by 5.188.10.182 [preauth]
Jan  4 06:39:20 LabSZ sshd[21166]: message repeated 5 times: [ Failed password for root from 59.63.188.30 port 12023 ssh2]
Jan  4 06:39:20 LabSZ sshd[21166]: Disconnecting: Too many authentication failures for root [preauth]
Jan  4 06:39:20 LabSZ sshd[21166]: PAM 5 more authentication failures; logname= uid=0 euid=0 tty=ssh ruser= rhost=59.63.188.30  user=root
Jan  4 06:39:20 LabSZ sshd[21166]: PAM service(sshd) ignoring max retries; 6 > 3
Jan  4 06:39:21 LabSZ sshd[21176]: pam_unix(sshd:auth): authentication failure; logname= uid=0 euid=0 tty=ssh ruser= rhost=59.63.188.30  user=root
Jan  4 06:39:23 LabSZ sshd[21163]: message repeated 5 times: [ Failed password for root from 182.100.67.52 port 54240 ssh2]
Jan  4 06:39:23 LabSZ sshd[21163]: Disconnecting: Too many authentication failures for root [preauth]
Jan  4 06:39:23 LabSZ sshd[21163]: PAM 5 more authentication failures; logname= uid=0 euid=0 tty=ssh ruser= rhost=182.100.67.52  user=root
Jan  4 06:39:23 LabSZ sshd[21163]: PAM service(sshd) ignoring max retries; 6 > 3
Jan  4 06:39:23 LabSZ sshd[21176]: Failed password for root from 59.63.188.30 port 17845 ssh2
Jan  4 06:39:24 LabSZ sshd[21175]: Invalid user admin from 5.188.10.182
Jan  4 06:39:24 LabSZ sshd[21175]: input_userauth_request: invalid user admin [preauth]
Jan  4 06:39:24 LabSZ sshd[21175]: pam_unix(sshd:auth): check pass; user unknown
Jan  4 06:39:24 LabSZ sshd[21175]: pam_unix(sshd:auth): authentication failure; logname= uid=0 euid=0 tty=ssh ruser= rhost=5.188.10.182 
Jan  4 06:39:24 LabSZ sshd[21179]: pam_unix(sshd:auth): authentication failure; logname= uid=0 euid=0 tty=ssh ruser= rhost=182.100.67.52  user=root
Jan  4 06:39:25 LabSZ sshd[21175]: Failed password for invalid user admin from 5.188.10.182 port 56250 ssh2
Jan  4 06:39:25 LabSZ sshd[21171]: message repeated 5 times: [ Failed password for root from 59.63.188.30 port 14228 ssh2]
Jan  4 06:39:25 LabSZ sshd[21171]: Disconnecting: Too many authentication failures for root [preauth]
Jan  4 06:39:25 LabSZ sshd[21171]: PAM 5 more authentication failures; logname= uid=0 euid=0 tty=ssh ruser= rhost=59.63.188.30  user=root
Jan  4 06:39:25 LabSZ sshd[21171]: PAM service(sshd) ignoring max retries; 6 > 3
Jan  4 06:39:25 LabSZ sshd[21169]: message repeated 5 times: [ Failed password for root from 218.87.109.156 port 3076 ssh2]
Jan  4 06:39:25 LabSZ sshd[21169]: Disconnecting: Too many authentication failures for root [preauth]
Jan  4 06:39:25 LabSZ sshd[21169]: PAM 5 more authentication failures; logname= uid=0 euid=0 tty=ssh ruser= rhost=218.87.109.156  user=root
Jan  4 06:39:25 LabSZ sshd[21169]: PAM service(sshd) ignoring max retries; 6 > 3
Jan  4 06:39:26 LabSZ sshd[21179]: Failed password for root from 182.100.67.52 port 33796 ssh2
Jan  4 06:39:26 LabSZ sshd[21175]: pam_unix(sshd:auth): check pass; user unknown
Jan  4 06:39:28 LabSZ sshd[21183]: pam_unix(sshd:auth): authentication failure; logname= uid=0 euid=0 tty=ssh ruser= rhost=218.87.109.156  user=root
Jan  4 06:39:28 LabSZ sshd[21175]: Failed password for invalid user admin from 5.188.10.182 port 56250 ssh2
Jan  4 06:39:29 LabSZ sshd[21175]: pam_unix(sshd:auth): check pass; user unknown
