Jan  4 16:39:40 LabSZ sshd[2861]: Failed password for root from 218.65.30.123 port 28956 ssh2
Jan  4 16:39:43 LabSZ sshd[2859]: message repeated 5 times: [ Failed password for root from 59.63.188.30 port 49110 ssh2]
Jan  4 16:39:43 LabSZ sshd[2859]: Disconnecting: Too many authentication failures for root [preauth]
Jan  4 16:39:43 LabSZ sshd[2859]: PAM 5 more authentication failures; logname= uid=0 euid=0 tty=ssh ruser= rhost=59.63.188.30  user=root
Jan  4 16:39:43 LabSZ sshd[2859]: PAM service(sshd) ignoring max retries; 6 > 3
Jan  4 16:39:44 LabSZ sshd[2863]: pam_unix(sshd:auth): authentication failure; logname= uid=0 euid=0 tty=ssh ruser= rhost=59.63.188.30  user=root
Jan  4 16:39:46 LabSZ sshd[2863]: Failed password for root from 59.63.188.30 port 4905 ssh2
Jan  4 16:39:54 LabSZ sshd[2861]: message repeated 5 times: [ Failed password for root from 218.65.30.123 port 28956 ssh2]
Jan  4 16:39:54 LabSZ sshd[2861]: Disconnecting: Too many authentication failures for root [preauth]
Jan  4 16:39:54 LabSZ sshd[2861]: PAM 5 more authentication failures; logname= uid=0 euid=0 tty=ssh ruser= rhost=218.65.30.123  user=root
Jan  4 16:39:54 LabSZ sshd[2861]: PAM service(sshd) ignoring max retries; 6 > 3
Jan  4 16:39:56 LabSZ sshd[2865]: reverse mapping checking getaddrinfo for 123.30.65.218.broad.xy.jx.dynamic.163data.com.cn [218.65.30.123] failed - POSSIBLE BREAK-IN ATTEMPT!
Jan  4 16:39:56 LabSZ sshd[2865]: pam_unix(sshd:auth): authentication failure; logname= uid=0 euid=0 tty=ssh ruser= rhost=218.65.30.123  user=root
Jan  4 16:39:57 LabSZ sshd[2865]: Failed password for root from 218.65.30.123 port 39884 ssh2
Jan  4 16:40:01 LabSZ sshd[2863]: message repeated 5 times: [ Failed password for root from 59.63.188.30 port 4905 ssh2]
Jan  4 16:40:01 LabSZ sshd[2863]: Disconnecting: Too many authentication failures for root [preauth]
Jan  4 16:40:01 LabSZ sshd[2863]: PAM 5 more authentication failures; logname= uid=0 euid=0 tty=ssh ruser= rhost=59.63.188.30  user=root
Jan  4 16:40:01 LabSZ sshd[2863]: PAM service(sshd) ignoring max retries; 6 > 3
Jan  4 16:40:02 LabSZ sshd[2867]: pam_unix(sshd:auth): authentication failure; logname= uid=0 euid=0 tty=ssh ruser= rhost=59.63.188.30  user=root
Jan  4 16:40:04 LabSZ sshd[2867]: Failed password for root from 59.63.188.30 port 25747 ssh2
Jan  4 16:40:11 LabSZ sshd[2865]: message repeated 5 times: [ Failed password for root from 218.65.30.123 port 39884 ssh2]
Jan  4 16:40:11 LabSZ sshd[2865]: Disconnecting: Too many authentication failures for root [preauth]
Jan  4 16:40:11 LabSZ sshd[2865]: PAM 5 more authentication failures; logname= uid=0 euid=0 tty=ssh ruser= rhost=218.65.30.123  user=root
Jan  4 16:40:11 LabSZ sshd[2865]: PAM service(sshd) ignoring max retries; 6 > 3
Jan  4 16:40:20 LabSZ sshd[2867]: message repeated 5 times: [ Failed password for root from 59.63.188.30 port 25747 ssh2]
Jan  4 16:40:20 LabSZ sshd[2867]: Disconnecting: Too many authentication failures for root [preauth]
Jan  4 16:40:20 LabSZ sshd[2867]: PAM 5 more authentication failures; logname= uid=0 euid=0 tty=ssh ruser= rhost=59.63.188.30  user=root
Jan  4 16:40:20 LabSZ sshd[2867]: PAM service(sshd) ignoring max retries; 6 > 3
Jan  4 16:40:21 LabSZ sshd[2869]: pam_unix(sshd:auth): authentication failure; logname= uid=0 euid=0 tty=ssh ruser= rhost=59.63.188.30  user=root
Jan  4 16:40:22 LabSZ sshd[2871]: reverse mapping checking getaddrinfo for 123.30.65.218.broad.xy.jx.dynamic.163data.com.cn [218.65.30.123] failed - POSSIBLE BREAK-IN ATTEMPT!
Jan  4 16:40:22 LabSZ sshd[2871]: pam_unix(sshd:auth): authentication failure; logname= uid=0 euid=0 tty=ssh ruser= rhost=218.65.30.123  user=root
Jan  4 16:40:23 LabSZ sshd[2869]: Failed password for root from 59.63.188.30 port 47318 ssh2
Jan  4 16:40:24 LabSZ sshd[2871]: Failed password for root from 218.65.30.123 port 56436 ssh2
Jan  4 16:40:37 LabSZ sshd[2869]: message repeated 5 times: [ Failed password for root from 59.63.188.30 port 47318 ssh2]
Jan  4 16:40:37 LabSZ sshd[2869]: Disconnecting: Too many authentication failures for root [preauth]
Jan  4 16:40:37 LabSZ sshd[2869]: PAM 5 more authentication failures; logname= uid=0 euid=0 tty=ssh ruser= rhost=59.63.188.30  user=root
Jan  4 16:40:37 LabSZ sshd[2869]: PAM service(sshd) ignoring max retries; 6 > 3
Jan  4 16:40:37 LabSZ sshd[2871]: message repeated 5 times: [ Failed password for root from 218.65.30.123 port 56436 ssh2]
Jan  4 16:40:37 LabSZ sshd[2871]: Disconnecting: Too many authentication failures for root [preauth]
Jan  4 16:40:37 LabSZ sshd[2871]: PAM 5 more authentication failures; logname= uid=0 euid=0 tty=ssh ruser= rhost=218.65.30.123  user=root
Jan  4 16:40:37 LabSZ sshd[2871]: PAM service(sshd) ignoring max retries; 6 > 3
Jan  4 16:40:38 LabSZ sshd[2873]: pam_unix(sshd:auth): authentication failure; logname= uid=0 euid=0 tty=ssh ruser= rhost=59.63.188.30  user=root
Jan  4 16:40:40 LabSZ sshd[2873]: Failed password for root from 59.63.188.30 port 2117 ssh2
Jan  4 16:40:53 LabSZ sshd[2873]: message repeated 5 times: [ Failed password for root from 59.63.188.30 port 2117 ssh2]
Jan  4 16:40:53 LabSZ sshd[2873]: Disconnecting: Too many authentication failures for root [preauth]
Jan  4 16:40:53 LabSZ sshd[2873]: PAM 5 more authentication failures; logname= uid=0 euid=0 tty=ssh ruser= rhost=59.63.188.30  user=root
Jan  4 16:40:53 LabSZ sshd[2873]: PAM service(sshd) ignoring max retries; 6 > 3
Jan  4 16:40:54 LabSZ sshd[2875]: reverse mapping checking getaddrinfo for 123.30.65.218.broad.xy.jx.dynamic.163data.com.cn [218.65.30.123] failed - POSSIBLE BREAK-IN ATTEMPT!
Jan  4 16:40:54 LabSZ sshd[2875]: pam_unix(sshd:auth): authentication failure; logname= uid=0 euid=0 tty=ssh ruser= rhost=218.65.30.123  user=root
Jan  4 16:40:54 LabSZ sshd[2877]: pam_unix(sshd:auth): authentication failure; logname= uid=0 euid=0 tty=ssh ruser= rhost=59.63.188.30  user=root
Jan  4 16:40:56 LabSZ sshd[2875]: Failed password for root from 218.65.30.123 port 8162 ssh2
Jan  4 16:40:57 LabSZ sshd[2877]: Failed password for root from 59.63.188.30 port 21294 ssh2
Jan  4 16:41:10 LabSZ sshd[2875]: message repeated 5 times: [ Failed password for root from 218.65.30.123 port 8162 ssh2]
Jan  4 16:41:10 LabSZ sshd[2875]: Disconnecting: Too many authentication failures for root [preauth]
Jan  4 16:41:10 LabSZ sshd[2875]: PAM 5 more authentication failures; logname= uid=0 euid=0 tty=ssh ruser= rhost=218.65.30.123  user=root
Jan  4 16:41:10 LabSZ sshd[2875]: PAM service(sshd) ignoring max retries; 6 > 3
Jan  4 16:41:11 LabSZ sshd[2877]: message repeated 5 times: [ Failed password for root from 59.63.188.30 port 21294 ssh2]
Jan  4 16:41:11 LabSZ sshd[2877]: Disconnecting: Too many authentication failures for root [preauth]
Jan  4 16:41:11 LabSZ sshd[2877]: PAM 5 more authentication failures; logname= uid=0 euid=0 tty=ssh ruser= rhost=59.63.188.30  user=root
Jan  4 16:41:11 LabSZ sshd[2877]: PAM service(sshd) ignoring max retries; 6 > 3
Jan  4 16:41:11 LabSZ sshd[2879]: reverse mapping checking getaddrinfo for 123.30.65.218.broad.xy.jx.dynamic.163data.com.cn [218.65.30.123] failed - POSSIBLE BREAK-IN ATTEMPT!
Jan  4 16:41:11 LabSZ sshd[2879]: pam_unix(sshd:auth): authentication failure; logname= uid=0 euid=0 tty=ssh ruser= rhost=218.65.30.123  user=root
Jan  4 16:41:12 LabSZ sshd[2881]: pam_unix(sshd:auth): authentication failure; logname= uid=0 euid=0 tty=ssh ruser= rhost=59.63.188.30  user=root
Jan  4 16:41:13 LabSZ sshd[2879]: Failed password for root from 218.65.30.123 port 21082 ssh2
Jan  4 16:41:15 LabSZ sshd[2881]: Failed password for root from 59.63.188.30 port 41169 ssh2
Jan  4 16:41:27 LabSZ sshd[2879]: message repeated 5 times: [ Failed password for root from 218.65.30.123 port 21082 ssh2]
Jan  4 16:41:27 LabSZ sshd[2879]: Disconnecting: Too many authentication failures for root [preauth]
Jan  4 16:41:27 LabSZ sshd[2879]: PAM 5 more authentication failures; logname= uid=0 euid=0 tty=ssh ruser= rhost=218.65.30.123  user=root
Jan  4 16:41:27 LabSZ sshd[2879]: PAM service(sshd) ignoring max retries; 6 > 3
Jan  4 16:41:27 LabSZ sshd[2881]: message repeated 5 times: [ Failed password for root from 59.63.188.30 port 41169 ssh2]
Jan  4 16:41:27 LabSZ sshd[2881]: Disconnecting: Too many authentication failures for root [preauth]
Jan  4 16:41:27 LabSZ sshd[2881]: PAM 5 more authentication failures; logname= uid=0 euid=0 tty=ssh ruser= rhost=59.63.188.30  user=root
Jan  4 16:41:27 LabSZ sshd[2881]: PAM service(sshd) ignoring max retries; 6 > 3
Jan  4 16:41:28 LabSZ sshd[2883]: reverse mapping checking getaddrinfo for 123.30.65.218.broad.xy.jx.dynamic.163data.com.cn [218.65.30.123] failed - POSSIBLE BREAK-IN ATTEMPT!
Jan  4 16:41:28 LabSZ sshd[2883]: pam_unix(sshd:auth): authentication failure; logname= uid=0 euid=0 tty=ssh ruser= rhost=218.65.30.123  user=root
Jan  4 16:41:28 LabSZ sshd[2885]: pam_unix(sshd:auth): authentication failure; logname= uid=0 euid=0 tty=ssh ruser= rhost=59.63.188.30  user=root
Jan  4 16:41:31 LabSZ sshd[2883]: Failed password for root from 218.65.30.123 port 31140 ssh2
Jan  4 16:41:31 LabSZ sshd[2885]: Failed password for root from 59.63.188.30 port 61139 ssh2
Jan  4 16:41:43 LabSZ sshd[2883]: message repeated 5 times: [ Failed password for root from 218.65.30.123 port 31140 ssh2]
Jan  4 16:41:43 LabSZ sshd[2883]: Disconnecting: Too many authentication failures for root [preauth]
Jan  4 16:41:43 LabSZ sshd[2883]: PAM 5 more authentication failures; logname= uid=0 euid=0 tty=ssh ruser= rhost=218.65.30.123  user=root
Jan  4 16:41:43 LabSZ sshd[2883]: PAM service(sshd) ignoring max retries; 6 > 3
Jan  4 16:41:44 LabSZ sshd[2885]: message repeated 5 times: [ Failed password for root from 59.63.188.30 port 61139 ssh2]
Jan  4 16:41:44 LabSZ sshd[2885]: Disconnecting: Too many authentication failures for root [preauth]
Jan  4 16:41:44 LabSZ sshd[2885]: PAM 5 more authentication failures; logname= uid=0 euid=0 tty=ssh ruser= rhost=59.63.188.30  user=root
Jan  4 16:41:44 LabSZ sshd[2885]: PAM service(sshd) ignoring max retries; 6 > 3
Jan  4 16:41:45 LabSZ sshd[2889]: pam_unix(sshd:auth): authentication failure; logname= uid=0 euid=0 tty=ssh ruser= rhost=59.63.188.30  user=root
Jan  4 16:41:45 LabSZ sshd[2887]: Invalid user testa from 192.99.1.171
Jan  4 16:41:45 LabSZ sshd[2887]: input_userauth_request: invalid user testa [preauth]
Jan  4 16:41:45 LabSZ sshd[2887]: pam_unix(sshd:auth): check pass; user unknown
Jan  4 16:41:45 LabSZ sshd[2887]: pam_unix(sshd:auth): authentication failure; logname= uid=0 euid=0 tty=ssh ruser= rhost=ns502983.ip-192-99-1.net 
Jan  4 16:41:47 LabSZ sshd[2889]: Failed password for root from 59.63.188.30 port 15407 ssh2
Jan  4 16:41:53 LabSZ sshd[2887]: Failed password for invalid user testa from 192.99.1.171 port 52165 ssh2
Jan  4 16:41:54 LabSZ sshd[2887]: Received disconnect from 192.99.1.171: 11: Session closed [preauth]
Jan  4 16:41:55 LabSZ sshd[2891]: reverse mapping checking getaddrinfo for 123.30.65.218.broad.xy.jx.dynamic.163data.com.cn [218.65.30.123] failed - POSSIBLE BREAK-IN ATTEMPT!
Jan  4 16:41:55 LabSZ sshd[2891]: pam_unix(sshd:auth): authentication failure; logname= uid=0 euid=0 tty=ssh ruser= rhost=218.65.30.123  user=root
Jan  4 16:41:57 LabSZ sshd[2891]: Failed password for root from 218.65.30.123 port 45756 ssh2
Jan  4 16:41:59 LabSZ sshd[2889]: message repeated 5 times: [ Failed password for root from 59.63.188.30 port 15407 ssh2]
Jan  4 16:41:59 LabSZ sshd[2889]: Disconnecting: Too many authentication failures for root [preauth]
Jan  4 16:41:59 LabSZ sshd[2889]: PAM 5 more authentication failures; logname= uid=0 euid=0 tty=ssh ruser= rhost=59.63.188.30  user=root
