Jan  2 06:38:58 LabSZ sshd[26978]: PAM service(sshd) ignoring max retries; 6 > 3
Jan  2 06:39:00 LabSZ sshd[26982]: pam_unix(sshd:auth): authentication failure; logname= uid=0 euid=0 tty=ssh ruser= rhost=182.100.67.120  user=root
Jan  2 06:39:02 LabSZ sshd[26982]: Failed password for root from 182.100.67.120 port 57680 ssh2
Jan  2 06:39:12 LabSZ sshd[26980]: message repeated 5 times: [ Failed password for root from 58.242.83.25 port 54531 ssh2]
Jan  2 06:39:12 LabSZ sshd[26980]: Disconnecting: Too many authentication failures for root [preauth]
Jan  2 06:39:12 LabSZ sshd[26980]: PAM 5 more authentication failures; logname= uid=0 euid=0 tty=ssh ruser= rhost=58.242.83.25  user=root
Jan  2 06:39:12 LabSZ sshd[26980]: PAM service(sshd) ignoring max retries; 6 > 3
Jan  2 06:39:13 LabSZ sshd[26998]: pam_unix(sshd:auth): authentication failure; logname= uid=0 euid=0 tty=ssh ruser= rhost=58.242.83.25  user=root
Jan  2 06:39:15 LabSZ sshd[26982]: message repeated 5 times: [ Failed password for root from 182.100.67.120 port 57680 ssh2]
Jan  2 06:39:15 LabSZ sshd[26982]: Disconnecting: Too many authentication failures for root [preauth]
Jan  2 06:39:15 LabSZ sshd[26982]: PAM 5 more authentication failures; logname= uid=0 euid=0 tty=ssh ruser= rhost=182.100.67.120  user=root
Jan  2 06:39:15 LabSZ sshd[26982]: PAM service(sshd) ignoring max retries; 6 > 3
Jan  2 06:39:15 LabSZ sshd[26998]: Failed password for root from 58.242.83.25 port 12597 ssh2
Jan  2 06:39:17 LabSZ sshd[27000]: pam_unix(sshd:auth): authentication failure; logname= uid=0 euid=0 tty=ssh ruser= rhost=182.100.67.120  user=root
Jan  2 06:39:19 LabSZ sshd[27000]: Failed password for root from 182.100.67.120 port 31570 ssh2
Jan  2 06:39:30 LabSZ sshd[26998]: message repeated 5 times: [ Failed password for root from 58.242.83.25 port 12597 ssh2]
Jan  2 06:39:30 LabSZ sshd[26998]: Disconnecting: Too many authentication failures for root [preauth]
Jan  2 06:39:30 LabSZ sshd[26998]: PAM 5 more authentication failures; logname= uid=0 euid=0 tty=ssh ruser= rhost=58.242.83.25  user=root
Jan  2 06:39:30 LabSZ sshd[26998]: PAM service(sshd) ignoring max retries; 6 > 3
Jan  2 06:39:31 LabSZ sshd[27002]: pam_unix(sshd:auth): authentication failure; logname= uid=0 euid=0 tty=ssh ruser= rhost=58.242.83.25  user=root
Jan  2 06:39:33 LabSZ sshd[27000]: message repeated 5 times: [ Failed password for root from 182.100.67.120 port 31570 ssh2]
Jan  2 06:39:33 LabSZ sshd[27000]: Disconnecting: Too many authentication failures for root [preauth]
Jan  2 06:39:33 LabSZ sshd[27000]: PAM 5 more authentication failures; logname= uid=0 euid=0 tty=ssh ruser= rhost=182.100.67.120  user=root
Jan  2 06:39:33 LabSZ sshd[27000]: PAM service(sshd) ignoring max retries; 6 > 3
Jan  2 06:39:34 LabSZ sshd[27002]: Failed password for root from 58.242.83.25 port 35437 ssh2
Jan  2 06:39:35 LabSZ sshd[27004]: pam_unix(sshd:auth): authentication failure; logname= uid=0 euid=0 tty=ssh ruser= rhost=182.100.67.120  user=root
Jan  2 06:39:37 LabSZ sshd[27004]: Failed password for root from 182.100.67.120 port 6098 ssh2
Jan  2 06:39:48 LabSZ sshd[27002]: message repeated 5 times: [ Failed password for root from 58.242.83.25 port 35437 ssh2]
Jan  2 06:39:48 LabSZ sshd[27002]: Disconnecting: Too many authentication failures for root [preauth]
Jan  2 06:39:48 LabSZ sshd[27002]: PAM 5 more authentication failures; logname= uid=0 euid=0 tty=ssh ruser= rhost=58.242.83.25  user=root
Jan  2 06:39:48 LabSZ sshd[27002]: PAM service(sshd) ignoring max retries; 6 > 3
Jan  2 06:39:50 LabSZ sshd[27006]: pam_unix(sshd:auth): authentication failure; logname= uid=0 euid=0 tty=ssh ruser= rhost=58.242.83.25  user=root
Jan  2 06:39:51 LabSZ sshd[27004]: message repeated 5 times: [ Failed password for root from 182.100.67.120 port 6098 ssh2]
Jan  2 06:39:51 LabSZ sshd[27004]: Disconnecting: Too many authentication failures for root [preauth]
Jan  2 06:39:51 LabSZ sshd[27004]: PAM 5 more authentication failures; logname= uid=0 euid=0 tty=ssh ruser= rhost=182.100.67.120  user=root
Jan  2 06:39:51 LabSZ sshd[27004]: PAM service(sshd) ignoring max retries; 6 > 3
Jan  2 06:39:52 LabSZ sshd[27006]: Failed password for root from 58.242.83.25 port 60091 ssh2
Jan  2 06:39:53 LabSZ sshd[27008]: pam_unix(sshd:auth): authentication failure; logname= uid=0 euid=0 tty=ssh ruser= rhost=182.100.67.120  user=root
Jan  2 06:39:55 LabSZ sshd[27008]: Failed password for root from 182.100.67.120 port 46188 ssh2
Jan  2 06:40:06 LabSZ sshd[27006]: message repeated 5 times: [ Failed password for root from 58.242.83.25 port 60091 ssh2]
Jan  2 06:40:06 LabSZ sshd[27006]: Disconnecting: Too many authentication failures for root [preauth]
Jan  2 06:40:06 LabSZ sshd[27006]: PAM 5 more authentication failures; logname= uid=0 euid=0 tty=ssh ruser= rhost=58.242.83.25  user=root
Jan  2 06:40:06 LabSZ sshd[27006]: PAM service(sshd) ignoring max retries; 6 > 3
Jan  2 06:40:07 LabSZ sshd[27010]: pam_unix(sshd:auth): authentication failure; logname= uid=0 euid=0 tty=ssh ruser= rhost=58.242.83.25  user=root
Jan  2 06:40:08 LabSZ sshd[27008]: message repeated 5 times: [ Failed password for root from 182.100.67.120 port 46188 ssh2]
Jan  2 06:40:08 LabSZ sshd[27008]: Disconnecting: Too many authentication failures for root [preauth]
Jan  2 06:40:08 LabSZ sshd[27008]: PAM 5 more authentication failures; logname= uid=0 euid=0 tty=ssh ruser= rhost=182.100.67.120  user=root
Jan  2 06:40:08 LabSZ sshd[27008]: PAM service(sshd) ignoring max retries; 6 > 3
Jan  2 06:40:09 LabSZ sshd[27010]: Failed password for root from 58.242.83.25 port 17604 ssh2
Jan  2 06:40:09 LabSZ sshd[27012]: pam_unix(sshd:auth): authentication failure; logname= uid=0 euid=0 tty=ssh ruser= rhost=182.100.67.120  user=root
Jan  2 06:40:12 LabSZ sshd[27012]: Failed password for root from 182.100.67.120 port 19440 ssh2
Jan  2 06:40:17 LabSZ sshd[27014]: Invalid user  0101 from 181.214.87.4
Jan  2 06:40:17 LabSZ sshd[27014]: input_userauth_request: invalid user  0101 [preauth]
Jan  2 06:40:17 LabSZ sshd[27014]: pam_unix(sshd:auth): check pass; user unknown
Jan  2 06:40:17 LabSZ sshd[27014]: pam_unix(sshd:auth): authentication failure; logname= uid=0 euid=0 tty=ssh ruser= rhost=181.214.87.4 
Jan  2 06:40:20 LabSZ sshd[27014]: Failed password for invalid user  0101 from 181.214.87.4 port 32789 ssh2
Jan  2 06:40:22 LabSZ sshd[27014]: Connection closed by 181.214.87.4 [preauth]
Jan  2 06:40:22 LabSZ sshd[27010]: message repeated 5 times: [ Failed password for root from 58.242.83.25 port 17604 ssh2]
Jan  2 06:40:22 LabSZ sshd[27010]: Disconnecting: Too many authentication failures for root [preauth]
Jan  2 06:40:22 LabSZ sshd[27010]: PAM 5 more authentication failures; logname= uid=0 euid=0 tty=ssh ruser= rhost=58.242.83.25  user=root
Jan  2 06:40:22 LabSZ sshd[27010]: PAM service(sshd) ignoring max retries; 6 > 3
Jan  2 06:40:23 LabSZ sshd[27017]: pam_unix(sshd:auth): authentication failure; logname= uid=0 euid=0 tty=ssh ruser= rhost=58.242.83.25  user=root
Jan  2 06:40:24 LabSZ sshd[27012]: message repeated 5 times: [ Failed password for root from 182.100.67.120 port 19440 ssh2]
Jan  2 06:40:24 LabSZ sshd[27012]: Disconnecting: Too many authentication failures for root [preauth]
Jan  2 06:40:24 LabSZ sshd[27012]: PAM 5 more authentication failures; logname= uid=0 euid=0 tty=ssh ruser= rhost=182.100.67.120  user=root
Jan  2 06:40:24 LabSZ sshd[27012]: PAM service(sshd) ignoring max retries; 6 > 3
Jan  2 06:40:25 LabSZ sshd[27016]: Invalid user 0 from 181.214.87.4
Jan  2 06:40:25 LabSZ sshd[27016]: input_userauth_request: invalid user 0 [preauth]
Jan  2 06:40:25 LabSZ sshd[27016]: Failed none for invalid user 0 from 181.214.87.4 port 34143 ssh2
Jan  2 06:40:25 LabSZ sshd[27017]: Failed password for root from 58.242.83.25 port 38442 ssh2
Jan  2 06:40:26 LabSZ sshd[27020]: pam_unix(sshd:auth): authentication failure; logname= uid=0 euid=0 tty=ssh ruser= rhost=182.100.67.120  user=root
Jan  2 06:40:26 LabSZ sshd[27016]: pam_unix(sshd:auth): check pass; user unknown
Jan  2 06:40:26 LabSZ sshd[27016]: pam_unix(sshd:auth): authentication failure; logname= uid=0 euid=0 tty=ssh ruser= rhost=181.214.87.4 
Jan  2 06:40:27 LabSZ sshd[27020]: Failed password for root from 182.100.67.120 port 56556 ssh2
Jan  2 06:40:28 LabSZ sshd[27016]: Failed password for invalid user 0 from 181.214.87.4 port 34143 ssh2
Jan  2 06:40:31 LabSZ sshd[27016]: Connection closed by 181.214.87.4 [preauth]
Jan  2 06:40:36 LabSZ sshd[27022]: Invalid user 1234 from 181.214.87.4
Jan  2 06:40:36 LabSZ sshd[27022]: input_userauth_request: invalid user 1234 [preauth]
Jan  2 06:40:36 LabSZ sshd[27022]: pam_unix(sshd:auth): check pass; user unknown
Jan  2 06:40:36 LabSZ sshd[27022]: pam_unix(sshd:auth): authentication failure; logname= uid=0 euid=0 tty=ssh ruser= rhost=181.214.87.4 
Jan  2 06:40:38 LabSZ sshd[27022]: Failed password for invalid user 1234 from 181.214.87.4 port 40963 ssh2
Jan  2 06:40:38 LabSZ sshd[27017]: message repeated 5 times: [ Failed password for root from 58.242.83.25 port 38442 ssh2]
Jan  2 06:40:38 LabSZ sshd[27017]: Disconnecting: Too many authentication failures for root [preauth]
Jan  2 06:40:38 LabSZ sshd[27017]: PAM 5 more authentication failures; logname= uid=0 euid=0 tty=ssh ruser= rhost=58.242.83.25  user=root
Jan  2 06:40:38 LabSZ sshd[27017]: PAM service(sshd) ignoring max retries; 6 > 3
Jan  2 06:40:39 LabSZ sshd[27022]: Connection closed by 181.214.87.4 [preauth]
Jan  2 06:40:40 LabSZ sshd[27025]: pam_unix(sshd:auth): authentication failure; logname= uid=0 euid=0 tty=ssh ruser= rhost=58.242.83.25  user=root
Jan  2 06:40:40 LabSZ sshd[27020]: message repeated 5 times: [ Failed password for root from 182.100.67.120 port 56556 ssh2]
Jan  2 06:40:40 LabSZ sshd[27020]: Disconnecting: Too many authentication failures for root [preauth]
Jan  2 06:40:40 LabSZ sshd[27020]: PAM 5 more authentication failures; logname= uid=0 euid=0 tty=ssh ruser= rhost=182.100.67.120  user=root
Jan  2 06:40:40 LabSZ sshd[27020]: PAM service(sshd) ignoring max retries; 6 > 3
Jan  2 06:40:41 LabSZ sshd[27024]: Invalid user admin from 181.214.87.4
Jan  2 06:40:41 LabSZ sshd[27024]: input_userauth_request: invalid user admin [preauth]
Jan  2 06:40:41 LabSZ sshd[27024]: Failed none for invalid user admin from 181.214.87.4 port 50351 ssh2
Jan  2 06:40:41 LabSZ sshd[27028]: pam_unix(sshd:auth): authentication failure; logname= uid=0 euid=0 tty=ssh ruser= rhost=182.100.67.120  user=root
Jan  2 06:40:42 LabSZ sshd[27025]: Failed password for root from 58.242.83.25 port 59819 ssh2
Jan  2 06:40:42 LabSZ sshd[27024]: Connection closed by 181.214.87.4 [preauth]
Jan  2 06:40:43 LabSZ sshd[27028]: Failed password for root from 182.100.67.120 port 26656 ssh2
Jan  2 06:40:48 LabSZ sshd[27030]: Invalid user admin from 181.214.87.4
Jan  2 06:40:48 LabSZ sshd[27030]: input_userauth_request: invalid user admin [preauth]
